Archive member included because of file (symbol)

/usr/lib/gcc/avr/4.7.0/avr6/libgcc.a(_muluhisi3.o)
                              stk500boot.o (__muluhisi3)
/usr/lib/gcc/avr/4.7.0/avr6/libgcc.a(_udivmodsi4.o)
                              stk500boot.o (__udivmodsi4)
/usr/lib/gcc/avr/4.7.0/avr6/libgcc.a(_exit.o)
                              /usr/lib/gcc/avr/4.7.0/../../../avr/lib/avr6/crtm2560.o (exit)
/usr/lib/gcc/avr/4.7.0/avr6/libgcc.a(_copy_data.o)
                              stk500boot.o (__do_copy_data)
/usr/lib/gcc/avr/4.7.0/avr6/libgcc.a(_umulhisi3.o)
                              /usr/lib/gcc/avr/4.7.0/avr6/libgcc.a(_muluhisi3.o) (__umulhisi3)

Memory Configuration

Name             Origin             Length             Attributes
text             0x0000000000000000 0x0000000000100000 xr
data             0x0000000000800200 0x000000000000fe00 rw !x
eeprom           0x0000000000810000 0x0000000000010000 rw !x
fuse             0x0000000000820000 0x0000000000000400 rw !x
lock             0x0000000000830000 0x0000000000000400 rw !x
signature        0x0000000000840000 0x0000000000000400 rw !x
*default*        0x0000000000000000 0xffffffffffffffff

Linker script and memory map

Address of section .data set to 0x800200
LOAD /usr/lib/gcc/avr/4.7.0/../../../avr/lib/avr6/crtm2560.o
LOAD stk500boot.o
LOAD /usr/lib/gcc/avr/4.7.0/../../../avr/lib/avr6/libm.a
Address of section .text set to 0x3e000
LOAD /usr/lib/gcc/avr/4.7.0/avr6/libgcc.a
LOAD /usr/lib/gcc/avr/4.7.0/../../../avr/lib/avr6/libc.a
LOAD /usr/lib/gcc/avr/4.7.0/avr6/libgcc.a

.hash
 *(.hash)

.dynsym
 *(.dynsym)

.dynstr
 *(.dynstr)

.gnu.version
 *(.gnu.version)

.gnu.version_d
 *(.gnu.version_d)

.gnu.version_r
 *(.gnu.version_r)

.rel.init
 *(.rel.init)

.rela.init
 *(.rela.init)

.rel.text
 *(.rel.text)
 *(.rel.text.*)
 *(.rel.gnu.linkonce.t*)

.rela.text
 *(.rela.text)
 *(.rela.text.*)
 *(.rela.gnu.linkonce.t*)

.rel.fini
 *(.rel.fini)

.rela.fini
 *(.rela.fini)

.rel.rodata
 *(.rel.rodata)
 *(.rel.rodata.*)
 *(.rel.gnu.linkonce.r*)

.rela.rodata
 *(.rela.rodata)
 *(.rela.rodata.*)
 *(.rela.gnu.linkonce.r*)

.rel.data
 *(.rel.data)
 *(.rel.data.*)
 *(.rel.gnu.linkonce.d*)

.rela.data
 *(.rela.data)
 *(.rela.data.*)
 *(.rela.gnu.linkonce.d*)

.rel.ctors
 *(.rel.ctors)

.rela.ctors
 *(.rela.ctors)

.rel.dtors
 *(.rel.dtors)

.rela.dtors
 *(.rela.dtors)

.rel.got
 *(.rel.got)

.rela.got
 *(.rela.got)

.rel.bss
 *(.rel.bss)

.rela.bss
 *(.rela.bss)

.rel.plt
 *(.rel.plt)

.rela.plt
 *(.rela.plt)

.text           0x000000000003e000      0xe6c
 *(.vectors)
 .vectors       0x000000000003e000       0xe4 /usr/lib/gcc/avr/4.7.0/../../../avr/lib/avr6/crtm2560.o
                0x000000000003e000                __vectors
                0x000000000003e000                __vector_default
 *(.vectors)
 *(.progmem.gcc*)
 *(.progmem*)
                0x000000000003e0e4                . = ALIGN (0x2)
                0x000000000003e0e4                __trampolines_start = .
 *(.trampolines)
 .trampolines   0x000000000003e0e4        0x0 linker stubs
 *(.trampolines*)
                0x000000000003e0e4                __trampolines_end = .
 *(.jumptables)
 *(.jumptables*)
 *(.lowtext)
 *(.lowtext*)
                0x000000000003e0e4                __ctors_start = .
 *(.ctors)
                0x000000000003e0e4                __ctors_end = .
                0x000000000003e0e4                __dtors_start = .
 *(.dtors)
                0x000000000003e0e4                __dtors_end = .
 SORT(*)(.ctors)
 SORT(*)(.dtors)
 *(.init0)
 .init0         0x000000000003e0e4        0x0 /usr/lib/gcc/avr/4.7.0/../../../avr/lib/avr6/crtm2560.o
                0x000000000003e0e4                __init
 *(.init0)
 *(.init1)
 *(.init1)
 *(.init2)
 .init2         0x000000000003e0e4       0x10 /usr/lib/gcc/avr/4.7.0/../../../avr/lib/avr6/crtm2560.o
 *(.init2)
 *(.init3)
 *(.init3)
 *(.init4)
 .init4         0x000000000003e0f4       0x1a /usr/lib/gcc/avr/4.7.0/avr6/libgcc.a(_copy_data.o)
                0x000000000003e0f4                __do_copy_data
 *(.init4)
 *(.init5)
 *(.init5)
 *(.init6)
 *(.init6)
 *(.init7)
 *(.init7)
 *(.init8)
 *(.init8)
 *(.init9)
 .init9         0x000000000003e10e        0x8 /usr/lib/gcc/avr/4.7.0/../../../avr/lib/avr6/crtm2560.o
 .init9         0x000000000003e116       0x10 stk500boot.o
                0x000000000003e116                __jumpMain
 *(.init9)
 *(.text)
 .text          0x000000000003e126        0x4 /usr/lib/gcc/avr/4.7.0/../../../avr/lib/avr6/crtm2560.o
                0x000000000003e126                __vector_38
                0x000000000003e126                __vector_22
                0x000000000003e126                __vector_28
                0x000000000003e126                __vector_1
                0x000000000003e126                __vector_32
                0x000000000003e126                __vector_34
                0x000000000003e126                __vector_24
                0x000000000003e126                __vector_12
                0x000000000003e126                __vector_55
                0x000000000003e126                __vector_46
                0x000000000003e126                __bad_interrupt
                0x000000000003e126                __vector_6
                0x000000000003e126                __vector_31
                0x000000000003e126                __vector_35
                0x000000000003e126                __vector_39
                0x000000000003e126                __vector_3
                0x000000000003e126                __vector_23
                0x000000000003e126                __vector_30
                0x000000000003e126                __vector_45
                0x000000000003e126                __vector_25
                0x000000000003e126                __vector_11
                0x000000000003e126                __vector_54
                0x000000000003e126                __vector_13
                0x000000000003e126                __vector_17
                0x000000000003e126                __vector_19
                0x000000000003e126                __vector_56
                0x000000000003e126                __vector_7
                0x000000000003e126                __vector_49
                0x000000000003e126                __vector_41
                0x000000000003e126                __vector_43
                0x000000000003e126                __vector_27
                0x000000000003e126                __vector_5
                0x000000000003e126                __vector_33
                0x000000000003e126                __vector_47
                0x000000000003e126                __vector_52
                0x000000000003e126                __vector_37
                0x000000000003e126                __vector_4
                0x000000000003e126                __vector_44
                0x000000000003e126                __vector_51
                0x000000000003e126                __vector_9
                0x000000000003e126                __vector_2
                0x000000000003e126                __vector_21
                0x000000000003e126                __vector_15
                0x000000000003e126                __vector_36
                0x000000000003e126                __vector_29
                0x000000000003e126                __vector_40
                0x000000000003e126                __vector_8
                0x000000000003e126                __vector_26
                0x000000000003e126                __vector_48
                0x000000000003e126                __vector_14
                0x000000000003e126                __vector_53
                0x000000000003e126                __vector_10
                0x000000000003e126                __vector_50
                0x000000000003e126                __vector_16
                0x000000000003e126                __vector_18
                0x000000000003e126                __vector_20
                0x000000000003e126                __vector_42
 .text          0x000000000003e12a       0x68 stk500boot.o
                0x000000000003e174                delay_ms
 .text          0x000000000003e192        0x0 /usr/lib/gcc/avr/4.7.0/avr6/libgcc.a(_muluhisi3.o)
 .text          0x000000000003e192        0x0 /usr/lib/gcc/avr/4.7.0/avr6/libgcc.a(_udivmodsi4.o)
 .text          0x000000000003e192        0x0 /usr/lib/gcc/avr/4.7.0/avr6/libgcc.a(_exit.o)
 .text          0x000000000003e192        0x0 /usr/lib/gcc/avr/4.7.0/avr6/libgcc.a(_copy_data.o)
 .text          0x000000000003e192        0x0 /usr/lib/gcc/avr/4.7.0/avr6/libgcc.a(_umulhisi3.o)
                0x000000000003e192                . = ALIGN (0x2)
 *(.text.*)
 .text.unlikely
                0x000000000003e192       0x3e stk500boot.o
 .text.startup  0x000000000003e1d0      0xc26 stk500boot.o
                0x000000000003e1d0                main
 .text.libgcc.mul
                0x000000000003edf6       0x16 /usr/lib/gcc/avr/4.7.0/avr6/libgcc.a(_muluhisi3.o)
                0x000000000003edf6                __muluhisi3
 .text.libgcc.div
                0x000000000003ee0c        0x0 /usr/lib/gcc/avr/4.7.0/avr6/libgcc.a(_muluhisi3.o)
 .text.libgcc   0x000000000003ee0c        0x0 /usr/lib/gcc/avr/4.7.0/avr6/libgcc.a(_muluhisi3.o)
 .text.libgcc.prologue
                0x000000000003ee0c        0x0 /usr/lib/gcc/avr/4.7.0/avr6/libgcc.a(_muluhisi3.o)
 .text.libgcc.builtins
                0x000000000003ee0c        0x0 /usr/lib/gcc/avr/4.7.0/avr6/libgcc.a(_muluhisi3.o)
 .text.libgcc.fmul
                0x000000000003ee0c        0x0 /usr/lib/gcc/avr/4.7.0/avr6/libgcc.a(_muluhisi3.o)
 .text.libgcc.mul
                0x000000000003ee0c        0x0 /usr/lib/gcc/avr/4.7.0/avr6/libgcc.a(_udivmodsi4.o)
 .text.libgcc.div
                0x000000000003ee0c       0x44 /usr/lib/gcc/avr/4.7.0/avr6/libgcc.a(_udivmodsi4.o)
                0x000000000003ee0c                __udivmodsi4
 .text.libgcc   0x000000000003ee50        0x0 /usr/lib/gcc/avr/4.7.0/avr6/libgcc.a(_udivmodsi4.o)
 .text.libgcc.prologue
                0x000000000003ee50        0x0 /usr/lib/gcc/avr/4.7.0/avr6/libgcc.a(_udivmodsi4.o)
 .text.libgcc.builtins
                0x000000000003ee50        0x0 /usr/lib/gcc/avr/4.7.0/avr6/libgcc.a(_udivmodsi4.o)
 .text.libgcc.fmul
                0x000000000003ee50        0x0 /usr/lib/gcc/avr/4.7.0/avr6/libgcc.a(_udivmodsi4.o)
 .text.libgcc.mul
                0x000000000003ee50        0x0 /usr/lib/gcc/avr/4.7.0/avr6/libgcc.a(_exit.o)
 .text.libgcc.div
                0x000000000003ee50        0x0 /usr/lib/gcc/avr/4.7.0/avr6/libgcc.a(_exit.o)
 .text.libgcc   0x000000000003ee50        0x0 /usr/lib/gcc/avr/4.7.0/avr6/libgcc.a(_exit.o)
 .text.libgcc.prologue
                0x000000000003ee50        0x0 /usr/lib/gcc/avr/4.7.0/avr6/libgcc.a(_exit.o)
 .text.libgcc.builtins
                0x000000000003ee50        0x0 /usr/lib/gcc/avr/4.7.0/avr6/libgcc.a(_exit.o)
 .text.libgcc.fmul
                0x000000000003ee50        0x0 /usr/lib/gcc/avr/4.7.0/avr6/libgcc.a(_exit.o)
 .text.libgcc.mul
                0x000000000003ee50        0x0 /usr/lib/gcc/avr/4.7.0/avr6/libgcc.a(_copy_data.o)
 .text.libgcc.div
                0x000000000003ee50        0x0 /usr/lib/gcc/avr/4.7.0/avr6/libgcc.a(_copy_data.o)
 .text.libgcc   0x000000000003ee50        0x0 /usr/lib/gcc/avr/4.7.0/avr6/libgcc.a(_copy_data.o)
 .text.libgcc.prologue
                0x000000000003ee50        0x0 /usr/lib/gcc/avr/4.7.0/avr6/libgcc.a(_copy_data.o)
 .text.libgcc.builtins
                0x000000000003ee50        0x0 /usr/lib/gcc/avr/4.7.0/avr6/libgcc.a(_copy_data.o)
 .text.libgcc.fmul
                0x000000000003ee50        0x0 /usr/lib/gcc/avr/4.7.0/avr6/libgcc.a(_copy_data.o)
 .text.libgcc.mul
                0x000000000003ee50       0x18 /usr/lib/gcc/avr/4.7.0/avr6/libgcc.a(_umulhisi3.o)
                0x000000000003ee50                __umulhisi3
 .text.libgcc.div
                0x000000000003ee68        0x0 /usr/lib/gcc/avr/4.7.0/avr6/libgcc.a(_umulhisi3.o)
 .text.libgcc   0x000000000003ee68        0x0 /usr/lib/gcc/avr/4.7.0/avr6/libgcc.a(_umulhisi3.o)
 .text.libgcc.prologue
                0x000000000003ee68        0x0 /usr/lib/gcc/avr/4.7.0/avr6/libgcc.a(_umulhisi3.o)
 .text.libgcc.builtins
                0x000000000003ee68        0x0 /usr/lib/gcc/avr/4.7.0/avr6/libgcc.a(_umulhisi3.o)
 .text.libgcc.fmul
                0x000000000003ee68        0x0 /usr/lib/gcc/avr/4.7.0/avr6/libgcc.a(_umulhisi3.o)
                0x000000000003ee68                . = ALIGN (0x2)
 *(.fini9)
 .fini9         0x000000000003ee68        0x0 /usr/lib/gcc/avr/4.7.0/avr6/libgcc.a(_exit.o)
                0x000000000003ee68                exit
                0x000000000003ee68                _exit
 *(.fini9)
 *(.fini8)
 *(.fini8)
 *(.fini7)
 *(.fini7)
 *(.fini6)
 *(.fini6)
 *(.fini5)
 *(.fini5)
 *(.fini4)
 *(.fini4)
 *(.fini3)
 *(.fini3)
 *(.fini2)
 *(.fini2)
 *(.fini1)
 *(.fini1)
 *(.fini0)
 .fini0         0x000000000003ee68        0x4 /usr/lib/gcc/avr/4.7.0/avr6/libgcc.a(_exit.o)
 *(.fini0)
                0x000000000003ee6c                _etext = .

.data           0x0000000000800200       0x2e load address 0x000000000003ee6c
                0x0000000000800200                PROVIDE (__data_start, .)
 *(.data)
 .data          0x0000000000800200        0x0 /usr/lib/gcc/avr/4.7.0/../../../avr/lib/avr6/crtm2560.o
 .data          0x0000000000800200        0x0 stk500boot.o
 .data          0x0000000000800200        0x0 /usr/lib/gcc/avr/4.7.0/avr6/libgcc.a(_muluhisi3.o)
 .data          0x0000000000800200        0x0 /usr/lib/gcc/avr/4.7.0/avr6/libgcc.a(_udivmodsi4.o)
 .data          0x0000000000800200        0x0 /usr/lib/gcc/avr/4.7.0/avr6/libgcc.a(_exit.o)
 .data          0x0000000000800200        0x0 /usr/lib/gcc/avr/4.7.0/avr6/libgcc.a(_copy_data.o)
 .data          0x0000000000800200        0x0 /usr/lib/gcc/avr/4.7.0/avr6/libgcc.a(_umulhisi3.o)
 *(.data*)
 *(.rodata)
 .rodata        0x0000000000800200       0x2d stk500boot.o
 *(.rodata*)
 *(.gnu.linkonce.d*)
                0x000000000080022e                . = ALIGN (0x2)
 *fill*         0x000000000080022d        0x1 00
                0x000000000080022e                _edata = .
                0x000000000080022e                PROVIDE (__data_end, .)

.bss            0x000000000080022e        0x0
                0x000000000080022e                PROVIDE (__bss_start, .)
 *(.bss)
 .bss           0x000000000080022e        0x0 /usr/lib/gcc/avr/4.7.0/../../../avr/lib/avr6/crtm2560.o
 .bss           0x000000000080022e        0x0 stk500boot.o
 .bss           0x000000000080022e        0x0 /usr/lib/gcc/avr/4.7.0/avr6/libgcc.a(_muluhisi3.o)
 .bss           0x000000000080022e        0x0 /usr/lib/gcc/avr/4.7.0/avr6/libgcc.a(_udivmodsi4.o)
 .bss           0x000000000080022e        0x0 /usr/lib/gcc/avr/4.7.0/avr6/libgcc.a(_exit.o)
 .bss           0x000000000080022e        0x0 /usr/lib/gcc/avr/4.7.0/avr6/libgcc.a(_copy_data.o)
 .bss           0x000000000080022e        0x0 /usr/lib/gcc/avr/4.7.0/avr6/libgcc.a(_umulhisi3.o)
 *(.bss*)
 *(COMMON)
                0x000000000080022e                PROVIDE (__bss_end, .)
                0x000000000003ee6c                __data_load_start = LOADADDR (.data)
                0x000000000003ee9a                __data_load_end = (__data_load_start + SIZEOF (.data))

.noinit         0x000000000080022e        0x0
                0x000000000080022e                PROVIDE (__noinit_start, .)
 *(.noinit*)
                0x000000000080022e                PROVIDE (__noinit_end, .)
                0x000000000080022e                _end = .
                0x000000000080022e                PROVIDE (__heap_start, .)

.eeprom         0x0000000000810000        0x0
 *(.eeprom*)
                0x0000000000810000                __eeprom_end = .

.fuse
 *(.fuse)
 *(.lfuse)
 *(.hfuse)
 *(.efuse)

.lock
 *(.lock*)

.signature
 *(.signature*)

.stab           0x0000000000000000      0x6e4
 *(.stab)
 .stab          0x0000000000000000      0x6e4 /usr/lib/gcc/avr/4.7.0/../../../avr/lib/avr6/crtm2560.o

.stabstr        0x0000000000000000       0x54
 *(.stabstr)
 .stabstr       0x0000000000000000       0x54 /usr/lib/gcc/avr/4.7.0/../../../avr/lib/avr6/crtm2560.o

.stab.excl
 *(.stab.excl)

.stab.exclstr
 *(.stab.exclstr)

.stab.index
 *(.stab.index)

.stab.indexstr
 *(.stab.indexstr)

.comment        0x0000000000000000       0x11
 *(.comment)
 .comment       0x0000000000000000       0x11 stk500boot.o
                                         0x12 (size before relaxing)

.debug
 *(.debug)

.line
 *(.line)

.debug_srcinfo
 *(.debug_srcinfo)

.debug_sfnames
 *(.debug_sfnames)

.debug_aranges  0x0000000000000000       0x38
 *(.debug_aranges)
 .debug_aranges
                0x0000000000000000       0x38 stk500boot.o

.debug_pubnames
 *(.debug_pubnames)

.debug_info     0x0000000000000000     0x108d
 *(.debug_info)
 .debug_info    0x0000000000000000     0x108d stk500boot.o
 *(.gnu.linkonce.wi.*)

.debug_abbrev   0x0000000000000000      0x331
 *(.debug_abbrev)
 .debug_abbrev  0x0000000000000000      0x331 stk500boot.o

.debug_line     0x0000000000000000      0x410
 *(.debug_line)
 .debug_line    0x0000000000000000      0x410 stk500boot.o

.debug_frame    0x0000000000000000       0xb4
 *(.debug_frame)
 .debug_frame   0x0000000000000000       0xb4 stk500boot.o

.debug_str      0x0000000000000000      0x2aa
 *(.debug_str)
 .debug_str     0x0000000000000000      0x2aa stk500boot.o
                                        0x2f9 (size before relaxing)

.debug_loc      0x0000000000000000      0xd75
 *(.debug_loc)
 .debug_loc     0x0000000000000000      0xd75 stk500boot.o

.debug_macinfo
 *(.debug_macinfo)
OUTPUT(stk500boot.elf elf32-avr)
LOAD linker stubs

.debug_ranges   0x0000000000000000       0xe0
 .debug_ranges  0x0000000000000000       0xe0 stk500boot.o

Cross Reference Table

Symbol                                            File
__bad_interrupt                                   /usr/lib/gcc/avr/4.7.0/../../../avr/lib/avr6/crtm2560.o
__data_end                                        /usr/lib/gcc/avr/4.7.0/avr6/libgcc.a(_copy_data.o)
__data_load_start                                 /usr/lib/gcc/avr/4.7.0/avr6/libgcc.a(_copy_data.o)
__data_start                                      /usr/lib/gcc/avr/4.7.0/avr6/libgcc.a(_copy_data.o)
__do_copy_data                                    /usr/lib/gcc/avr/4.7.0/avr6/libgcc.a(_copy_data.o)
                                                  stk500boot.o
__heap_end                                        /usr/lib/gcc/avr/4.7.0/../../../avr/lib/avr6/crtm2560.o
__init                                            /usr/lib/gcc/avr/4.7.0/../../../avr/lib/avr6/crtm2560.o
__jumpMain                                        stk500boot.o
__muluhisi3                                       /usr/lib/gcc/avr/4.7.0/avr6/libgcc.a(_muluhisi3.o)
                                                  stk500boot.o
__stack                                           /usr/lib/gcc/avr/4.7.0/../../../avr/lib/avr6/crtm2560.o
__udivmodsi4                                      /usr/lib/gcc/avr/4.7.0/avr6/libgcc.a(_udivmodsi4.o)
                                                  stk500boot.o
__umulhisi3                                       /usr/lib/gcc/avr/4.7.0/avr6/libgcc.a(_umulhisi3.o)
                                                  /usr/lib/gcc/avr/4.7.0/avr6/libgcc.a(_muluhisi3.o)
__vector_1                                        /usr/lib/gcc/avr/4.7.0/../../../avr/lib/avr6/crtm2560.o
__vector_10                                       /usr/lib/gcc/avr/4.7.0/../../../avr/lib/avr6/crtm2560.o
__vector_11                                       /usr/lib/gcc/avr/4.7.0/../../../avr/lib/avr6/crtm2560.o
__vector_12                                       /usr/lib/gcc/avr/4.7.0/../../../avr/lib/avr6/crtm2560.o
__vector_13                                       /usr/lib/gcc/avr/4.7.0/../../../avr/lib/avr6/crtm2560.o
__vector_14                                       /usr/lib/gcc/avr/4.7.0/../../../avr/lib/avr6/crtm2560.o
__vector_15                                       /usr/lib/gcc/avr/4.7.0/../../../avr/lib/avr6/crtm2560.o
__vector_16                                       /usr/lib/gcc/avr/4.7.0/../../../avr/lib/avr6/crtm2560.o
__vector_17                                       /usr/lib/gcc/avr/4.7.0/../../../avr/lib/avr6/crtm2560.o
__vector_18                                       /usr/lib/gcc/avr/4.7.0/../../../avr/lib/avr6/crtm2560.o
__vector_19                                       /usr/lib/gcc/avr/4.7.0/../../../avr/lib/avr6/crtm2560.o
__vector_2                                        /usr/lib/gcc/avr/4.7.0/../../../avr/lib/avr6/crtm2560.o
__vector_20                                       /usr/lib/gcc/avr/4.7.0/../../../avr/lib/avr6/crtm2560.o
__vector_21                                       /usr/lib/gcc/avr/4.7.0/../../../avr/lib/avr6/crtm2560.o
__vector_22                                       /usr/lib/gcc/avr/4.7.0/../../../avr/lib/avr6/crtm2560.o
__vector_23                                       /usr/lib/gcc/avr/4.7.0/../../../avr/lib/avr6/crtm2560.o
__vector_24                                       /usr/lib/gcc/avr/4.7.0/../../../avr/lib/avr6/crtm2560.o
__vector_25                                       /usr/lib/gcc/avr/4.7.0/../../../avr/lib/avr6/crtm2560.o
__vector_26                                       /usr/lib/gcc/avr/4.7.0/../../../avr/lib/avr6/crtm2560.o
__vector_27                                       /usr/lib/gcc/avr/4.7.0/../../../avr/lib/avr6/crtm2560.o
__vector_28                                       /usr/lib/gcc/avr/4.7.0/../../../avr/lib/avr6/crtm2560.o
__vector_29                                       /usr/lib/gcc/avr/4.7.0/../../../avr/lib/avr6/crtm2560.o
__vector_3                                        /usr/lib/gcc/avr/4.7.0/../../../avr/lib/avr6/crtm2560.o
__vector_30                                       /usr/lib/gcc/avr/4.7.0/../../../avr/lib/avr6/crtm2560.o
__vector_31                                       /usr/lib/gcc/avr/4.7.0/../../../avr/lib/avr6/crtm2560.o
__vector_32                                       /usr/lib/gcc/avr/4.7.0/../../../avr/lib/avr6/crtm2560.o
__vector_33                                       /usr/lib/gcc/avr/4.7.0/../../../avr/lib/avr6/crtm2560.o
__vector_34                                       /usr/lib/gcc/avr/4.7.0/../../../avr/lib/avr6/crtm2560.o
__vector_35                                       /usr/lib/gcc/avr/4.7.0/../../../avr/lib/avr6/crtm2560.o
__vector_36                                       /usr/lib/gcc/avr/4.7.0/../../../avr/lib/avr6/crtm2560.o
__vector_37                                       /usr/lib/gcc/avr/4.7.0/../../../avr/lib/avr6/crtm2560.o
__vector_38                                       /usr/lib/gcc/avr/4.7.0/../../../avr/lib/avr6/crtm2560.o
__vector_39                                       /usr/lib/gcc/avr/4.7.0/../../../avr/lib/avr6/crtm2560.o
__vector_4                                        /usr/lib/gcc/avr/4.7.0/../../../avr/lib/avr6/crtm2560.o
__vector_40                                       /usr/lib/gcc/avr/4.7.0/../../../avr/lib/avr6/crtm2560.o
__vector_41                                       /usr/lib/gcc/avr/4.7.0/../../../avr/lib/avr6/crtm2560.o
__vector_42                                       /usr/lib/gcc/avr/4.7.0/../../../avr/lib/avr6/crtm2560.o
__vector_43                                       /usr/lib/gcc/avr/4.7.0/../../../avr/lib/avr6/crtm2560.o
__vector_44                                       /usr/lib/gcc/avr/4.7.0/../../../avr/lib/avr6/crtm2560.o
__vector_45                                       /usr/lib/gcc/avr/4.7.0/../../../avr/lib/avr6/crtm2560.o
__vector_46                                       /usr/lib/gcc/avr/4.7.0/../../../avr/lib/avr6/crtm2560.o
__vector_47                                       /usr/lib/gcc/avr/4.7.0/../../../avr/lib/avr6/crtm2560.o
__vector_48                                       /usr/lib/gcc/avr/4.7.0/../../../avr/lib/avr6/crtm2560.o
__vector_49                                       /usr/lib/gcc/avr/4.7.0/../../../avr/lib/avr6/crtm2560.o
__vector_5                                        /usr/lib/gcc/avr/4.7.0/../../../avr/lib/avr6/crtm2560.o
__vector_50                                       /usr/lib/gcc/avr/4.7.0/../../../avr/lib/avr6/crtm2560.o
__vector_51                                       /usr/lib/gcc/avr/4.7.0/../../../avr/lib/avr6/crtm2560.o
__vector_52                                       /usr/lib/gcc/avr/4.7.0/../../../avr/lib/avr6/crtm2560.o
__vector_53                                       /usr/lib/gcc/avr/4.7.0/../../../avr/lib/avr6/crtm2560.o
__vector_54                                       /usr/lib/gcc/avr/4.7.0/../../../avr/lib/avr6/crtm2560.o
__vector_55                                       /usr/lib/gcc/avr/4.7.0/../../../avr/lib/avr6/crtm2560.o
__vector_56                                       /usr/lib/gcc/avr/4.7.0/../../../avr/lib/avr6/crtm2560.o
__vector_6                                        /usr/lib/gcc/avr/4.7.0/../../../avr/lib/avr6/crtm2560.o
__vector_7                                        /usr/lib/gcc/avr/4.7.0/../../../avr/lib/avr6/crtm2560.o
__vector_8                                        /usr/lib/gcc/avr/4.7.0/../../../avr/lib/avr6/crtm2560.o
__vector_9                                        /usr/lib/gcc/avr/4.7.0/../../../avr/lib/avr6/crtm2560.o
__vector_default                                  /usr/lib/gcc/avr/4.7.0/../../../avr/lib/avr6/crtm2560.o
__vectors                                         /usr/lib/gcc/avr/4.7.0/../../../avr/lib/avr6/crtm2560.o
_exit                                             /usr/lib/gcc/avr/4.7.0/avr6/libgcc.a(_exit.o)
delay_ms                                          stk500boot.o
exit                                              /usr/lib/gcc/avr/4.7.0/avr6/libgcc.a(_exit.o)
                                                  /usr/lib/gcc/avr/4.7.0/../../../avr/lib/avr6/crtm2560.o
main                                              stk500boot.o
                                                  /usr/lib/gcc/avr/4.7.0/../../../avr/lib/avr6/crtm2560.o
