Archive member included because of file (symbol)

/home/jkw/Store/17 - Speedmaster/Firmware/inc/libArduinoCore2560.a(WInterrupts.c.o)
                              ./dz.o (attachInterrupt)
/home/jkw/Store/17 - Speedmaster/Firmware/inc/libArduinoCore2560.a(wiring.c.o)
                              ./blinker.o (millis)
/home/jkw/Store/17 - Speedmaster/Firmware/inc/libArduinoCore2560.a(wiring_analog.c.o)
                              ./temperature.o (analogRead)
/home/jkw/Store/17 - Speedmaster/Firmware/inc/libArduinoCore2560.a(wiring_digital.c.o)
                              ./blinker.o (pinMode)
/home/jkw/Store/17 - Speedmaster/Firmware/inc/libArduinoCore2560.a(HardwareSerial.cpp.o)
                              ./main.o (_ZN14HardwareSerial5beginEl)
/home/jkw/Store/17 - Speedmaster/Firmware/inc/libArduinoCore2560.a(Print.cpp.o)
                              /home/jkw/Store/17 - Speedmaster/Firmware/inc/libArduinoCore2560.a(HardwareSerial.cpp.o) (_ZN5Print5writeEPKc)
/home/jkw/Store/17 - Speedmaster/Firmware/inc/libArduinoCore2560.a(WString.cpp.o)
                              /home/jkw/Store/17 - Speedmaster/Firmware/inc/libArduinoCore2560.a(Print.cpp.o) (_ZNK6StringixEj)
/usr/lib/gcc/avr/4.5.3/../../../avr/lib/avr6/libc.a(malloc.o)
                              ./config.o (malloc)
/usr/lib/gcc/avr/4.5.3/../../../avr/lib/avr6/libc.a(exit.o)
                              /usr/lib/gcc/avr/4.5.3/../../../avr/lib/avr6/crtm2560.o (exit)
/usr/lib/gcc/avr/4.5.3/../../../avr/lib/avr6/libc.a(isalpha.o)
                              ./inc/istream.o (isupper)
/usr/lib/gcc/avr/4.5.3/../../../avr/lib/avr6/libc.a(isspace.o)
                              ./inc/istream.o (isspace)
/usr/lib/gcc/avr/4.5.3/../../../avr/lib/avr6/libc.a(tolower.o)
                              /home/jkw/Store/17 - Speedmaster/Firmware/inc/libArduinoCore2560.a(WString.cpp.o) (tolower)
/usr/lib/gcc/avr/4.5.3/../../../avr/lib/avr6/libc.a(toupper.o)
                              /home/jkw/Store/17 - Speedmaster/Firmware/inc/libArduinoCore2560.a(WString.cpp.o) (toupper)
/usr/lib/gcc/avr/4.5.3/../../../avr/lib/avr6/libc.a(strcmp_P.o)
                              ./config.o (strcmp_P)
/usr/lib/gcc/avr/4.5.3/../../../avr/lib/avr6/libc.a(strcpy_P.o)
                              ./config.o (strcpy_P)
/usr/lib/gcc/avr/4.5.3/../../../avr/lib/avr6/libc.a(strlen_P.o)
                              ./inc/ostream.o (strlen_P)
/usr/lib/gcc/avr/4.5.3/../../../avr/lib/avr6/libc.a(memcmp.o)
                              ./inc/SdFile.o (memcmp)
/usr/lib/gcc/avr/4.5.3/../../../avr/lib/avr6/libc.a(memcpy.o)
                              ./inc/SdFile.o (memcpy)
/usr/lib/gcc/avr/4.5.3/../../../avr/lib/avr6/libc.a(memset.o)
                              ./gps.o (memset)
/usr/lib/gcc/avr/4.5.3/../../../avr/lib/avr6/libc.a(strcat.o)
                              /home/jkw/Store/17 - Speedmaster/Firmware/inc/libArduinoCore2560.a(WString.cpp.o) (strcat)
/usr/lib/gcc/avr/4.5.3/../../../avr/lib/avr6/libc.a(strchr.o)
                              ./inc/SdFile.o (strchr)
/usr/lib/gcc/avr/4.5.3/../../../avr/lib/avr6/libc.a(strcmp.o)
                              ./config.o (strcmp)
/usr/lib/gcc/avr/4.5.3/../../../avr/lib/avr6/libc.a(strcpy.o)
                              ./config.o (strcpy)
/usr/lib/gcc/avr/4.5.3/../../../avr/lib/avr6/libc.a(strncmp.o)
                              ./config.o (strncmp)
/usr/lib/gcc/avr/4.5.3/../../../avr/lib/avr6/libc.a(strncpy.o)
                              /home/jkw/Store/17 - Speedmaster/Firmware/inc/libArduinoCore2560.a(WString.cpp.o) (strncpy)
/usr/lib/gcc/avr/4.5.3/../../../avr/lib/avr6/libc.a(strrchr.o)
                              /home/jkw/Store/17 - Speedmaster/Firmware/inc/libArduinoCore2560.a(WString.cpp.o) (strrchr)
/usr/lib/gcc/avr/4.5.3/../../../avr/lib/avr6/libc.a(strstr.o)
                              /home/jkw/Store/17 - Speedmaster/Firmware/inc/libArduinoCore2560.a(WString.cpp.o) (strstr)
/usr/lib/gcc/avr/4.5.3/../../../avr/lib/avr6/libc.a(itoa.o)
                              /home/jkw/Store/17 - Speedmaster/Firmware/inc/libArduinoCore2560.a(WString.cpp.o) (itoa)
/usr/lib/gcc/avr/4.5.3/../../../avr/lib/avr6/libc.a(ltoa.o)
                              /home/jkw/Store/17 - Speedmaster/Firmware/inc/libArduinoCore2560.a(WString.cpp.o) (ltoa)
/usr/lib/gcc/avr/4.5.3/../../../avr/lib/avr6/libc.a(ultoa.o)
                              /home/jkw/Store/17 - Speedmaster/Firmware/inc/libArduinoCore2560.a(WString.cpp.o) (ultoa)
/usr/lib/gcc/avr/4.5.3/../../../avr/lib/avr6/libc.a(sprintf.o)
                              ./clock_me.o (sprintf)
/usr/lib/gcc/avr/4.5.3/../../../avr/lib/avr6/libc.a(addsf3.o)
                              ./config.o (__subsf3)
/usr/lib/gcc/avr/4.5.3/../../../avr/lib/avr6/libc.a(addsf3x.o)
                              /usr/lib/gcc/avr/4.5.3/../../../avr/lib/avr6/libc.a(addsf3.o) (__addsf3x)
/usr/lib/gcc/avr/4.5.3/../../../avr/lib/avr6/libc.a(asin.o)
                              ./gps.o (asin)
[...]
Memory Configuration

Name             Origin             Length             Attributes
text             0x0000000000000000 0x0000000000100000 xr
data             0x0000000000800200 0x000000000000fe00 rw !x
eeprom           0x0000000000810000 0x0000000000010000 rw !x
fuse             0x0000000000820000 0x0000000000000400 rw !x
lock             0x0000000000830000 0x0000000000000400 rw !x
signature        0x0000000000840000 0x0000000000000400 rw !x
*default*        0x0000000000000000 0xffffffffffffffff

Linker script and memory map

Address of section .data set to 0x800200
LOAD /usr/lib/gcc/avr/4.5.3/../../../avr/lib/avr6/crtm2560.o
LOAD ./blinker.o
LOAD ./clock_me.o
LOAD ./config.o
LOAD ./debug.o
LOAD ./display.o
LOAD ./dz.o
LOAD ./file_manager.o
LOAD ./fuel.o
LOAD ./gear.o
LOAD ./gps.o
LOAD ./helper.o
LOAD ./main.o
LOAD ./menu.o
LOAD ./oiler.o
LOAD ./reset.o
LOAD ./sd.o
LOAD ./sensors.o
LOAD ./speed.o
LOAD ./speedo.o
LOAD ./sprint.o
LOAD ./temperature.o
LOAD ./timer.o
LOAD ./inc/EEPROM.o
LOAD ./inc/Sd2Card.o
LOAD ./inc/SdFat.o
LOAD ./inc/SdFatUtil.o
LOAD ./inc/SdFile.o
LOAD ./inc/SdStream.o
LOAD ./inc/SdVolume.o
LOAD ./inc/Wire.o
LOAD ./inc/istream.o
LOAD ./inc/ostream.o
LOAD ./inc/pins_arduino.o
LOAD ./inc/ssd0323.o
LOAD ./inc/twi.o
LOAD /home/jkw/Store/17 - Speedmaster/Firmware/inc/libArduinoCore2560.a
LOAD /usr/lib/gcc/avr/4.5.3/../../../avr/lib/avr6/libc.a
LOAD /usr/lib/gcc/avr/4.5.3/avr6/libgcc.a
LOAD /usr/lib/gcc/avr/4.5.3/../../../avr/lib/avr6/libm.a
LOAD /usr/lib/gcc/avr/4.5.3/../../../avr/lib/avr6/libc.a
LOAD /usr/lib/gcc/avr/4.5.3/avr6/libgcc.a
LOAD /usr/lib/gcc/avr/4.5.3/../../../avr/lib/avr6/libc.a
LOAD /usr/lib/gcc/avr/4.5.3/avr6/libgcc.a

.hash
 *(.hash)

.dynsym
 *(.dynsym)

.dynstr
 *(.dynstr)

.gnu.version
 *(.gnu.version)

.gnu.version_d
 *(.gnu.version_d)

.gnu.version_r
 *(.gnu.version_r)

.rel.init
 *(.rel.init)

.rela.init
 *(.rela.init)

.rel.text
 *(.rel.text)
 *(.rel.text.*)
 *(.rel.gnu.linkonce.t*)

.rela.text
 *(.rela.text)
 *(.rela.text.*)
 *(.rela.gnu.linkonce.t*)

.rel.fini
 *(.rel.fini)

.rela.fini
 *(.rela.fini)

.rel.rodata
 *(.rel.rodata)
 *(.rel.rodata.*)
 *(.rel.gnu.linkonce.r*)

.rela.rodata
 *(.rela.rodata)
 *(.rela.rodata.*)
 *(.rela.gnu.linkonce.r*)

.rel.data
 *(.rel.data)
 *(.rel.data.*)
 *(.rel.gnu.linkonce.d*)

.rela.data
 *(.rela.data)
 *(.rela.data.*)
 *(.rela.gnu.linkonce.d*)

.rel.ctors
 *(.rel.ctors)

.rela.ctors
 *(.rela.ctors)

.rel.dtors
 *(.rel.dtors)

.rela.dtors
 *(.rela.dtors)

.rel.got
 *(.rel.got)

.rela.got
 *(.rela.got)

.rel.bss
 *(.rel.bss)

.rela.bss
 *(.rela.bss)

.rel.plt
 *(.rel.plt)

.rela.plt
 *(.rela.plt)

.text           0x0000000000000000    0x1bd86
 *(.vectors)
 .vectors       0x0000000000000000       0xe4 /usr/lib/gcc/avr/4.5.3/../../../avr/lib/avr6/crtm2560.o
                0x0000000000000000                __vectors
                0x0000000000000000                __vector_default
 *(.vectors)
 *(.progmem.gcc*)
 .progmem.gcc_fplib
                0x00000000000000e4       0x14 /usr/lib/gcc/avr/4.5.3/../../../avr/lib/avr6/libc.a(asin.o)
 .progmem.gcc_fplib
                0x00000000000000f8       0x28 /usr/lib/gcc/avr/4.5.3/../../../avr/lib/avr6/libc.a(fp_arccos.o)
 .progmem.gcc_fplib
                0x0000000000000120       0x1e /usr/lib/gcc/avr/4.5.3/../../../avr/lib/avr6/libc.a(fp_sinus.o)
 .progmem.gcc_fplib
                0x000000000000013e       0x28 /usr/lib/gcc/avr/4.5.3/../../../avr/lib/avr6/libc.a(exp.o)
 .progmem.gcc_fplib
                0x0000000000000166       0x5a /usr/lib/gcc/avr/4.5.3/../../../avr/lib/avr6/libc.a(log.o)
 *(.progmem*)
 .progmem.data  0x00000000000001c0       0x12 ./blinker.o
 .progmem.data  0x00000000000001d2       0x10 ./clock_me.o
 .progmem.data  0x00000000000001e2      0x54e ./config.o
 .progmem.data  0x0000000000000730       0xaa ./display.o
 .progmem.data  0x00000000000007da      0x113 ./file_manager.o
 .progmem.data  0x00000000000008ed       0x51 ./gear.o
 .progmem.data  0x000000000000093e       0x45 ./gps.o
 .progmem.data  0x0000000000000983       0x29 ./main.o
 .progmem.data  0x00000000000009ac      0x4e3 ./menu.o
                0x00000000000009ac                titel_0
                0x00000000000009ba                titel_1
                0x00000000000009bb                titel_2
                0x00000000000009bc                titel_3
                0x00000000000009cc                titel_4
                0x00000000000009d7                titel_5
                0x00000000000009e5                titel_6
                0x00000000000009f3                titel_7
                0x00000000000009f4                titel_8
                0x00000000000009fe                titel_9
                0x0000000000000a0f                menu_titel
                0x0000000000000a23                main_m_0
                0x0000000000000a30                main_m_1
                0x0000000000000a3f                main_m_2
                0x0000000000000a4c                main_m_3
                0x0000000000000a5a                main_m_4
                0x0000000000000a67                main_m_5
                0x0000000000000a77                main_m_6
                0x0000000000000a86                main_m_7
                0x0000000000000a8f                main_m_8
                0x0000000000000a9f                s_titel_0
                0x0000000000000aa0                s_titel_1
                0x0000000000000aa1                s_titel_2
                0x0000000000000aa2                s_titel_3
                0x0000000000000ab2                s_titel_4
                0x0000000000000abf                s_titel_5
                0x0000000000000ac9                setup_titel
                0x0000000000000ad5                menu_main
                0x0000000000000ae7                setup_m_0
                0x0000000000000af6                setup_m_1
                0x0000000000000b05                setup_m_2
                0x0000000000000b13                setup_m_3
                0x0000000000000b23                setup_m_4
                0x0000000000000b2e                setup_m_5
                0x0000000000000b3b                setup_m_6
                0x0000000000000b49                setup_m_7
                0x0000000000000b5c                setup_m_8
                0x0000000000000b6e                menu_setup
                0x0000000000000b80                navi_m_0
                0x0000000000000b8b                navi_m_1
                0x0000000000000b97                navi_m_2
                0x0000000000000ba0                navi_m_3
                0x0000000000000bad                navi_m_4
                0x0000000000000baf                navi_m_5
                0x0000000000000bb1                navi_m_6
                0x0000000000000bc0                navi_m_7
                0x0000000000000bcb                navi_m_8
                0x0000000000000bd9                menu_navi
                0x0000000000000beb                trip_setup_m_0
                0x0000000000000bf1                trip_setup_m_1
                0x0000000000000bfe                trip_setup_m_2
                0x0000000000000c02                trip_setup_m_3
                0x0000000000000c07                trip_setup_m_4
                0x0000000000000c0d                trip_setup_m_5
                0x0000000000000c12                trip_setup_m_6
                0x0000000000000c18                trip_setup_m_7
                0x0000000000000c1f                trip_setup_m_8
                0x0000000000000c25                menu_trip_setup
                0x0000000000000c37                flasher_m_0
                0x0000000000000c3b                flasher_m_1
                0x0000000000000c44                flasher_m_2
                0x0000000000000c4c                menu_flasher
 .progmem.data  0x0000000000000e8f       0x10 ./oiler.o
 .progmem.data  0x0000000000000e9f       0x19 ./reset.o
 .progmem.data  0x0000000000000eb8       0x39 ./sd.o
 .progmem.data  0x0000000000000ef1       0x12 ./sensors.o
 .progmem.data  0x0000000000000f03       0x12 ./speed.o
 .progmem.data  0x0000000000000f15       0x64 ./speedo.o
 .progmem.data  0x0000000000000f79        0xe ./sprint.o
 .progmem.data  0x0000000000000f87       0xc0 ./inc/SdFat.o
 .progmem.data  0x0000000000001047       0x13 ./inc/SdFile.o
 .progmem.data  0x000000000000105a        0xb ./inc/istream.o
 .progmem.data  0x0000000000001065       0x13 ./inc/ostream.o
 .progmem.data  0x0000000000001078      0x120 ./inc/pins_arduino.o
                0x0000000000001078                port_to_mode_PGM
                0x0000000000001092                port_to_output_PGM
                0x00000000000010ac                port_to_input_PGM
                0x00000000000010c6                digital_pin_to_port_PGM
                0x000000000000110c                digital_pin_to_bit_mask_PGM
                0x0000000000001152                digital_pin_to_timer_PGM
 .progmem.data  0x0000000000001198      0xcc0 ./inc/ssd0323.o
                0x0000000000001e58                . = ALIGN (0x2)
                0x0000000000001e58                __trampolines_start = .
 *(.trampolines)
 .trampolines   0x0000000000001e58        0x0 linker stubs
 *(.trampolines*)
                0x0000000000001e58                __trampolines_end = .
 *(.jumptables)
 *(.jumptables*)
 *(.lowtext)
 *(.lowtext*)
                0x0000000000001e58                __ctors_start = .
 *(.ctors)
 .ctors         0x0000000000001e58        0x2 ./main.o
 .ctors         0x0000000000001e5a        0x2 ./inc/Wire.o
 .ctors         0x0000000000001e5c        0x2 /home/jkw/Store/17 - Speedmaster/Firmware/inc/libArduinoCore2560.a(HardwareSerial.cpp.o)
                0x0000000000001e5e                __ctors_end = .
                0x0000000000001e5e                __dtors_start = .
 *(.dtors)
                0x0000000000001e5e                __dtors_end = .
 SORT(*)(.ctors)
 SORT(*)(.dtors)
 *(.init0)
 .init0         0x0000000000001e5e        0x0 /usr/lib/gcc/avr/4.5.3/../../../avr/lib/avr6/crtm2560.o
                0x0000000000001e5e                __init
 *(.init0)
 *(.init1)
 *(.init1)
 *(.init2)
 .init2         0x0000000000001e5e       0x10 /usr/lib/gcc/avr/4.5.3/../../../avr/lib/avr6/crtm2560.o
 *(.init2)
 *(.init3)
 *(.init3)
 *(.init4)
 .init4         0x0000000000001e6e       0x1a /usr/lib/gcc/avr/4.5.3/avr6/libgcc.a(_copy_data.o)
                0x0000000000001e6e                __do_copy_data
 .init4         0x0000000000001e88       0x10 /usr/lib/gcc/avr/4.5.3/avr6/libgcc.a(_clear_bss.o)
                0x0000000000001e88                __do_clear_bss
 *(.init4)
 *(.init5)
 *(.init5)
 *(.init6)
 .init6         0x0000000000001e98       0x20 /usr/lib/gcc/avr/4.5.3/avr6/libgcc.a(_ctors.o)
                0x0000000000001e98                __do_global_ctors
 *(.init6)
 *(.init7)
 *(.init7)
 *(.init8)
 *(.init8)
 *(.init9)
 .init9         0x0000000000001eb8        0x8 /usr/lib/gcc/avr/4.5.3/../../../avr/lib/avr6/crtm2560.o
 *(.init9)
 *(.text)
 .text          0x0000000000001ec0        0x4 /usr/lib/gcc/avr/4.5.3/../../../avr/lib/avr6/crtm2560.o
                0x0000000000001ec0                __vector_38
                0x0000000000001ec0                __vector_22
                0x0000000000001ec0                __vector_28
                0x0000000000001ec0                __vector_32
                0x0000000000001ec0                __vector_34
                0x0000000000001ec0                __vector_24
                0x0000000000001ec0                __vector_12
                0x0000000000001ec0                __vector_55
                0x0000000000001ec0                __vector_46
                0x0000000000001ec0                __bad_interrupt
                0x0000000000001ec0                __vector_31
                0x0000000000001ec0                __vector_35
                0x0000000000001ec0                __vector_30
                0x0000000000001ec0                __vector_45
                0x0000000000001ec0                __vector_11
                0x0000000000001ec0                __vector_13
                0x0000000000001ec0                __vector_17
                0x0000000000001ec0                __vector_19
                0x0000000000001ec0                __vector_56
                0x0000000000001ec0                __vector_49
                0x0000000000001ec0                __vector_41
                0x0000000000001ec0                __vector_43
                0x0000000000001ec0                __vector_27
                0x0000000000001ec0                __vector_33
                0x0000000000001ec0                __vector_47
                0x0000000000001ec0                __vector_52
                0x0000000000001ec0                __vector_37
                0x0000000000001ec0                __vector_44
                0x0000000000001ec0                __vector_9
                0x0000000000001ec0                __vector_21
                0x0000000000001ec0                __vector_15
                0x0000000000001ec0                __vector_29
                0x0000000000001ec0                __vector_40
                0x0000000000001ec0                __vector_26
                0x0000000000001ec0                __vector_48
                0x0000000000001ec0                __vector_14
                0x0000000000001ec0                __vector_53
                0x0000000000001ec0                __vector_10
                0x0000000000001ec0                __vector_50
                0x0000000000001ec0                __vector_16
                0x0000000000001ec0                __vector_18
                0x0000000000001ec0                __vector_20
                0x0000000000001ec0                __vector_42
 .text          0x0000000000001ec4      0x158 ./blinker.o
                0x0000000000001ec4                _ZN13moped_blinkerC1Ev
                0x0000000000001ec4                _ZN13moped_blinkerC2Ev
                0x0000000000001ec6                _ZN13moped_blinkerD2Ev
                0x0000000000001ec6                _ZN13moped_blinkerD1Ev
                0x0000000000001ec8                _ZN13moped_blinker5checkEv
                0x0000000000001f72                _ZN13moped_blinker9set_startEmi
                0x0000000000001fa0                _ZN13moped_blinker4warnEm
                0x0000000000001fe4                _ZN13moped_blinker4initEv
 .text          0x000000000000201c      0x326 ./clock_me.o
                0x000000000000201c                _ZN12speedo_clockC2Ev
                0x000000000000201c                _ZN12speedo_clockC1Ev
                0x000000000000201e                _ZN12speedo_clockD1Ev
                0x000000000000201e                _ZN12speedo_clockD2Ev
                0x0000000000002020                _ZN12speedo_clock7changedEPi
                0x0000000000002046                _ZN12speedo_clock8decToBcdEc
                0x0000000000002056                _ZN12speedo_clock8bcdToDecEc
                0x000000000000206e                _ZN12speedo_clock13set_date_timeEiiiiiiii
                0x000000000000217c                _ZN12speedo_clock4initEv
                0x00000000000021ac                _ZN12speedo_clock7getdateEv
                0x00000000000021d0                _ZN12speedo_clock13get_long_dateEv
                0x000000000000225c                _ZN12speedo_clock9get_daylsEv
                0x0000000000002264                _ZN12speedo_clock6get_ssEv
                0x000000000000226e                _ZN12speedo_clock3incEv
                0x00000000000022ba                _ZN12speedo_clock4copyEPc
 .text          0x0000000000002342     0x27b6 ./config.o
                0x0000000000002342                _ZN6SdFileD1Ev
                0x0000000000002358                _ZN13configurationC2Ev
                0x0000000000002358                _ZN13configurationC1Ev
                0x000000000000235a                _ZN13configuration8ram_infoEv
                0x0000000000002396                _ZN13configurationD1Ev
                0x0000000000002396                _ZN13configurationD2Ev
                0x0000000000002398                _ZN13configuration5writeEPKc
                0x00000000000030ac                _ZN13configuration5checkEv
                0x00000000000031ac                _ZN13configuration4initEv
                0x0000000000003526                _ZN13configuration11parse_floatEPciPf
                0x00000000000037a8                _ZN13configuration10parse_boolEPciPb
                0x00000000000037e4                _ZN13configuration9parse_intEPciPi
                0x000000000000383c                _ZN13configuration11parse_shortEPciPs
                0x0000000000003888                _ZN13configuration7parse_aEPciS0_i
                0x00000000000038f6                _ZN13configuration8parse_ulEPciPm
                0x00000000000039a0                _ZN13configuration5parseEPc
                0x00000000000043ae                _ZN13configuration4readEPKc
                0x0000000000004604                _ZN13configuration9read_skinEv
                0x000000000000469a                _ZN13configuration7km_saveEv
                0x0000000000004872                _ZN13configuration11EEPROM_initEv
 .text          0x0000000000004af8       0x6e ./debug.o
                0x0000000000004af8                _ZN9debuggingC1Ev
                0x0000000000004af8                _ZN9debuggingC2Ev
                0x0000000000004afa                _ZN9debuggingD1Ev
                0x0000000000004afa                _ZN9debuggingD2Ev
                0x0000000000004afc                _ZN9debugging7sprintpEPKc
                0x0000000000004b26                _ZN9debugging9sprintlnpEPKc
                0x0000000000004b58                _ZN9debugging11parse_floatEiPciii
                0x0000000000004b5a                _ZN9debugging9parse_intEv
                0x0000000000004b5c                _ZN9debugging5parseEiPc
                0x0000000000004b5e                _ZN9debugging7parse_aEiPc
                0x0000000000004b60                _ZN9debugging8parse_ulEim
                0x0000000000004b62                _ZN9debugging11speedo_loopEiimPc
                0x0000000000004b64                _ZN9debugging4loopEv
 .text          0x0000000000004b66     0x17b6 ./display.o
                0x0000000000004b7c                _ZN11speedo_dispC1Ev
                0x0000000000004b7c                _ZN11speedo_dispC2Ev
                0x0000000000004b82                _ZN11speedo_dispD2Ev
                0x0000000000004b82                _ZN11speedo_dispD1Ev
                0x0000000000004b84                _ZN11speedo_disp8draw_oilEhh
                0x0000000000004e4e                _ZN11speedo_disp8draw_airEhh
                0x0000000000004f58                _ZN11speedo_disp9draw_fuelEhh
                0x0000000000005082                _ZN11speedo_disp10draw_clockEhh
                0x00000000000051ac                _ZN11speedo_disp12draw_blitzerEhh
                0x0000000000005426                _ZN11speedo_disp10draw_arrowEiii
                0x00000000000059de                _ZN11speedo_disp6sd2ssdEPc
                0x0000000000005b5e                _ZN11speedo_disp11show_storryEPcjS0_j
                0x0000000000005de2                _ZN11speedo_disp14show_animationEPc
                0x0000000000006120                _ZN11speedo_disp12disp_waitingEihh
                0x000000000000619e                _ZN11speedo_disp9animationEi
                0x0000000000006210                _ZN11speedo_disp11init_speedoEv
 .text          0x000000000000631c      0x458 ./dz.o
                0x000000000000631c                _Z6helperv
                0x0000000000006336                _ZN9speedo_dzC2Ev
                0x0000000000006336                _ZN9speedo_dzC1Ev
                0x0000000000006338                _ZN9speedo_dz7counterEv
                0x0000000000006348                _ZN9speedo_dz4initEv
                0x00000000000063fc                _ZN9speedo_dz8at8_gotoEii
                0x0000000000006484                _ZN9speedo_dz4calcEv
 .text          0x0000000000006774      0xa5a ./file_manager.o
                0x000000000000678a                _ZN6SdFile7makeDirEPS_PKc
                0x0000000000006792                _ZN18speedo_filemanagerC2Ev
                0x0000000000006792                _ZN18speedo_filemanagerC1Ev
                0x00000000000067ae                _ZN18speedo_filemanagerD1Ev
                0x00000000000067ae                _ZN18speedo_filemanagerD2Ev
                0x00000000000067c6                _ZN18speedo_filemanager2cdEPc
                0x00000000000068ce                _ZN18speedo_filemanager9recv_fileEPc
                0x0000000000006b66                _ZN18speedo_filemanager9send_fileEPc
                0x0000000000006c48                _ZN18speedo_filemanager2lsEv
                0x0000000000006c52                _ZN18speedo_filemanager5mkdirEPc
                0x0000000000006c8c                _ZN18speedo_filemanager2rmEPc
                0x0000000000006cfc                _ZN18speedo_filemanager5rmdirEv
                0x0000000000006d1c                _ZN18speedo_filemanager12get_filenameEPc
                0x0000000000006d8a                _ZN18speedo_filemanager3runEv
 .text          0x00000000000071ce      0x24c ./fuel.o
                0x00000000000071ce                _ZN11speedo_fuelC1Ev
                0x00000000000071ce                _ZN11speedo_fuelC2Ev
                0x00000000000071d0                _ZN11speedo_fuelD2Ev
                0x00000000000071d0                _ZN11speedo_fuelD1Ev
                0x00000000000071d2                _ZN11speedo_fuel8get_fuelEPc
                0x00000000000073fe                _ZN11speedo_fuel4initEv
 .text          0x000000000000741a      0x68a ./gear.o
                0x000000000000741a                _ZN11speedo_gearC2Ev
                0x000000000000741a                _ZN11speedo_gearC1Ev
                0x000000000000741c                _ZN11speedo_gearD1Ev
                0x000000000000741c                _ZN11speedo_gearD2Ev
                0x000000000000741e                _ZN11speedo_gear4initEv
                0x0000000000007446                _ZN11speedo_gear4calcEv
                0x00000000000076aa                _ZN11speedo_gear3getEv
                0x00000000000076c2                _ZN11speedo_gear9calibrateEv
 .text          0x0000000000007aa4     0x1fb8 ./gps.o
                0x0000000000007aba                _ZN10speedo_gpsC1Ev
                0x0000000000007aba                _ZN10speedo_gpsC2Ev
                0x0000000000007abc                _ZN10speedo_gpsD1Ev
                0x0000000000007abc                _ZN10speedo_gpsD2Ev
                0x0000000000007abe                _ZN10speedo_gps9recv_dataEv
                0x0000000000007c12                __vector_36
                0x0000000000007c6e                _ZN10speedo_gps8get_infoEi
                0x0000000000007dce                _ZN10speedo_gps11store_to_sdEv
                0x0000000000007e9c                _ZN10speedo_gps3modEmm
                0x0000000000007f22                _ZN10speedo_gps11nmea_to_decEm
                0x0000000000007fe0                _ZN10speedo_gps9calc_distEmm
                0x000000000000826c                _ZN10speedo_gps9get_orderEPc
                0x00000000000084ec                _ZN10speedo_gps18generate_new_orderEv
                0x00000000000088a6                _ZN10speedo_gps9calc_naviEv
                0x0000000000008d38                _ZN10speedo_gps5parseEPci
                0x000000000000947e                _ZN10speedo_gps10check_flagEv
                0x00000000000094d6                _ZN10speedo_gps4loopEv
                0x00000000000097ac                _ZN10speedo_gps17get_logged_pointsEPci
                0x0000000000009928                _ZN10speedo_gps8SendByteEh
                0x0000000000009936                _ZN10speedo_gps10SendStringEPKc
                0x0000000000009968                _ZN10speedo_gps4initEv
 .text          0x0000000000009a5c       0x3e ./helper.o
                0x0000000000009a5c                __cxa_pure_virtual
                0x0000000000009a60                _Znwj
                0x0000000000009a66                _ZdlPv
                0x0000000000009a6c                _Znaj
                0x0000000000009a72                _ZdaPv
                0x0000000000009a7c                _Z19__cxa_guard_acquirePx
                0x0000000000009a90                _Z19__cxa_guard_releasePx
                0x0000000000009a98                _Z17__cxa_guard_abortPx
 .text          0x0000000000009a9a      0x3d4 ./main.o
                0x0000000000009a9a                main
 .text          0x0000000000009e6e     0x3998 ./menu.o
                0x0000000000009e84                _ZN11speedo_menuC2Ev
                0x0000000000009e84                _ZN11speedo_menuC1Ev
                0x0000000000009e86                _ZN11speedo_menuD2Ev
                0x0000000000009e86                _ZN11speedo_menuD1Ev
                0x0000000000009e88                _ZN11speedo_menu4backEv
                0x0000000000009f88                _ZN11speedo_menu5yesnoEPcS0_S0_
                0x000000000000a030                _ZN11speedo_menu4drawEPPKci
                0x000000000000a2e6                _ZN11speedo_menu7displayEv
                0x000000000000d17c                _ZN11speedo_menu8del_confEPcS0_
                0x000000000000d200                _ZN11speedo_menu11button_testEb
                0x000000000000d786                _ZN11speedo_menu4initEv
 .text          0x000000000000d806       0xd4 ./oiler.o
                0x000000000000d806                _ZN12speedo_oilerC2Ev
                0x000000000000d806                _ZN12speedo_oilerC1Ev
                0x000000000000d808                _ZN12speedo_oilerD2Ev
                0x000000000000d808                _ZN12speedo_oilerD1Ev
                0x000000000000d80a                _ZN12speedo_oiler4initEv
                0x000000000000d82c                _ZN12speedo_oiler12send_impulseEv
                0x000000000000d87c                _ZN12speedo_oiler11check_valueEv
 .text          0x000000000000d8da      0x2a6 ./reset.o
                0x000000000000d8da                _ZN12speedo_resetC1Ev
                0x000000000000d8da                _ZN12speedo_resetC2Ev
                0x000000000000d8dc                _ZN12speedo_resetD2Ev
                0x000000000000d8dc                _ZN12speedo_resetD1Ev
                0x000000000000d8de                _ZN12speedo_reset10set_activeEbb
                0x000000000000d928                _ZN12speedo_reset12set_deactiveEbb
                0x000000000000d970                _ZN12speedo_reset7restoreEv
                0x000000000000d98c                _ZN12speedo_reset6toggleEv
                0x000000000000d9ea                _ZN12speedo_reset9ask_resetEv
                0x000000000000daf0                _ZN12speedo_reset4initEv
 .text          0x000000000000db80      0x182 ./sd.o
                0x000000000000db80                _ZN8SdVolume4initEP7Sd2Card
                0x000000000000dbae                _ZN9speedo_sdC1Ev
                0x000000000000dbae                _ZN9speedo_sdC2Ev
                0x000000000000dbca                _ZN9speedo_sdD1Ev
                0x000000000000dbca                _ZN9speedo_sdD2Ev
                0x000000000000dbcc                _ZN9speedo_sd7error_PEPKc
                0x000000000000dc22                _ZN9speedo_sd9writeCRLFER6SdFile
                0x000000000000dc32                _ZN9speedo_sd11writeStringER6SdFilePc
                0x000000000000dc52                _ZN9speedo_sd4initEv
 .text          0x000000000000dd02      0x23e ./sensors.o
                0x000000000000dd02                _ZN14Speedo_sensorsC1Ev
                0x000000000000dd02                _ZN14Speedo_sensorsC2Ev
                0x000000000000ddca                _ZN14Speedo_sensorsD2Ev
                0x000000000000ddca                _ZN14Speedo_sensorsD1Ev
                0x000000000000ddcc                _ZN14Speedo_sensors4initEv
                0x000000000000de38                _ZN14Speedo_sensors6flatItEiPsif
 .text          0x000000000000df40      0x73a ./speed.o
                0x000000000000df40                _ZN12speedo_speedC2Ev
                0x000000000000df40                _ZN12speedo_speedC1Ev
                0x000000000000df42                _ZN12speedo_speedD2Ev
                0x000000000000df42                _ZN12speedo_speedD1Ev
                0x000000000000df44                _ZN12speedo_speed4calcEv
                0x000000000000e0fa                _Z12helper_speedv
                0x000000000000e10c                _ZN12speedo_speed4initEv
                0x000000000000e152                _ZN12speedo_speed8getSpeedEv
                0x000000000000e176                _ZN12speedo_speed13get_sat_speedEv
                0x000000000000e17c                _ZN12speedo_speed13get_mag_speedEv
                0x000000000000e182                _ZN12speedo_speed12check_umfangEv
 .text          0x000000000000e67a     0x1664 ./speedo.o
                0x000000000000e67a                _ZN13speedo_speedo9reset_bakEv
                0x000000000000e690                _ZN13speedo_speedo4loopEm
 .text          0x000000000000fcde      0x4b0 ./sprint.o
                0x000000000000fcde                _ZN13speedo_sprintC2Ev
                0x000000000000fcde                _ZN13speedo_sprintC1Ev
                0x000000000000fce8                _ZN13speedo_sprintD2Ev
                0x000000000000fce8                _ZN13speedo_sprintD1Ev
                0x000000000000fcea                _ZN13speedo_sprint4initEv
                0x000000000000fcf4                _ZN13speedo_sprint4loopEm
 .text          0x000000000001018e      0x3e6 ./temperature.o
                0x000000000001018e                _ZN18speedo_temperatureC1Ev
                0x000000000001018e                _ZN18speedo_temperatureC2Ev
                0x0000000000010190                _ZN18speedo_temperatureD1Ev
                0x0000000000010190                _ZN18speedo_temperatureD2Ev
                0x0000000000010192                _ZN18speedo_temperature4initEv
                0x00000000000101d6                _ZN18speedo_temperature13read_oil_tempEv
                0x0000000000010342                _ZN18speedo_temperature13read_air_tempEv
                0x0000000000010420                _ZN18speedo_temperature12get_air_tempEv
                0x00000000000104ca                _ZN18speedo_temperature12get_oil_tempEv
 .text          0x0000000000010574      0x268 ./timer.o
                0x0000000000010574                _ZN12speedo_timerC2Ev
                0x0000000000010574                _ZN12speedo_timerC1Ev
                0x00000000000105a6                _ZN12speedo_timerD2Ev
                0x00000000000105a6                _ZN12speedo_timerD1Ev
                0x00000000000105a8                _Z8ram_infov
                0x00000000000105d4                _ZN12speedo_timer9every_secEP13configuration
                0x000000000001067a                _ZN12speedo_timer10every_qsecEv
                0x00000000000106c0                _ZN12speedo_timer12every_customEv
 .text          0x00000000000107dc       0x12 ./inc/EEPROM.o
                0x00000000000107dc                _ZN11EEPROMClass4readEi
                0x00000000000107e4                _ZN11EEPROMClass5writeEih
 .text          0x00000000000107ee      0x8ec ./inc/Sd2Card.o
                0x0000000000010824                _ZN7Sd2Card14chipSelectHighEv
                0x0000000000010830                _ZN7Sd2Card13chipSelectLowEv
                0x000000000001084a                _ZN7Sd2Card8readDataEPhj
                0x00000000000108a2                _ZN7Sd2Card10setSckRateEh
                0x00000000000108b6                _ZN7Sd2Card11waitNotBusyEj
                0x00000000000108ee                _ZN7Sd2Card11cardCommandEhm
                0x0000000000010988                _ZN7Sd2Card8cardAcmdEhm
                0x00000000000109c6                _ZN7Sd2Card4initEhh
                0x0000000000010b3a                _ZN7Sd2Card14waitStartBlockEv
                0x0000000000010b88                _ZN7Sd2Card12readRegisterEhPv
                0x0000000000010bd4                _ZN7Sd2Card7readCSDEP5csd_t
                0x0000000000010bde                _ZN7Sd2Card22eraseSingleBlockEnableEv
                0x0000000000010c1a                _ZN7Sd2Card5eraseEmm
                0x0000000000010d4e                _ZN7Sd2Card8cardSizeEv
                0x0000000000010e56                _ZN7Sd2Card9readBlockEmPh
                0x0000000000010ecc                _ZN7Sd2Card9writeDataEhPKh
                0x0000000000010f30                _ZN7Sd2Card9writeDataEPKh
                0x0000000000010f7c                _ZN7Sd2Card10writeBlockEmPKh
                0x000000000001101e                _ZN7Sd2Card10writeStartEmm
                0x0000000000011092                _ZN7Sd2Card9writeStopEv
 .text          0x00000000000110da      0x466 ./inc/SdFat.o
                0x000000000001111e                _ZN5SdFat5chdirEv
                0x0000000000011150                _ZN5SdFat5chdirEPKc
                0x0000000000011234                _ZN5SdFat10errorPrintEv
                0x0000000000011264                _ZN5SdFat9errorHaltEv
                0x000000000001126a                _ZN5SdFat10errorPrintEPKc
                0x0000000000011298                _ZN5SdFat9errorHaltEPKc
                0x000000000001129e                _ZN5SdFat12errorPrint_PEPKc
                0x00000000000112c8                _ZN5SdFat11errorHalt_PEPKc
                0x00000000000112ce                _ZN5SdFat6existsEPKc
                0x00000000000112d6                _ZN5SdFat4initEhh
                0x000000000001130e                _ZN5SdFat14initErrorPrintEv
                0x000000000001135e                _ZN5SdFat13initErrorHaltEv
                0x0000000000011364                _ZN5SdFat2lsEh
                0x0000000000011374                _ZN5SdFat2lsEP5Printh
                0x000000000001137e                _ZN5SdFat5mkdirEPKcb
                0x00000000000113de                _ZN5SdFat6removeEPKc
                0x00000000000113e6                _ZN5SdFat6renameEPKcS1_
                0x0000000000011464                _ZN5SdFat5rmdirEPKc
                0x00000000000114c6                _ZN5SdFat8truncateEPKcm
 .text          0x0000000000011540       0x94 ./inc/SdFatUtil.o
                0x0000000000011540                _ZN9SdFatUtil7FreeRamEv
                0x000000000001157a                _ZN9SdFatUtil7print_PEP5PrintPKc
                0x00000000000115a6                _ZN9SdFatUtil9println_PEP5PrintPKc
                0x00000000000115bc                _ZN9SdFatUtil13SerialPrint_PEPKc
                0x00000000000115c8                _ZN9SdFatUtil15SerialPrintln_PEPKc
 .text          0x00000000000115d4     0x2772 ./inc/SdFile.o
                0x0000000000011600                _ZN8SdVolume9fatPutEOCEm
                0x0000000000011616                _ZN6SdFile10addClusterEv
                0x000000000001166a                _ZN6SdFile13addDirClusterEv
                0x0000000000011788                _ZN6SdFile13cacheDirEntryEh
                0x00000000000117c4                _ZN6SdFile15contiguousRangeEPmS0_
                0x0000000000011928                _ZN6SdFile7dirNameERK14directoryEntryPc
                0x0000000000011964                _ZN6SdFile11getFilenameEPc
                0x000000000001199c                _ZN6SdFile6getposEP6fpos_t
                0x00000000000119ca                _ZN6SdFile10make83NameEPKcPhPS1_
                0x0000000000011a4c                _ZN6SdFile8openRootEP8SdVolume
                0x0000000000011af2                _ZN6SdFile12printDirNameEP5PrintRK14directoryEntryhb
                0x0000000000011b82                _ZN6SdFile12printDirNameERK14directoryEntryhb
                0x0000000000011b96                _ZN6SdFile12printFatDateEP5Printj
                0x0000000000011bf4                _ZN6SdFile12printFatDateEj
                0x0000000000011c00                _ZN6SdFile12printFatTimeEP5Printj
                0x0000000000011c5a                _ZN6SdFile12printFatTimeEj
                0x0000000000011c66                _ZN6SdFile9printNameEv
                0x0000000000011cb4                _ZN6SdFile4readEPvj
                0x0000000000011f18                _ZN6SdFile4readEv
                0x0000000000011f4a                _ZN6SdFile4peekEv
                0x0000000000011fa2                _ZN6SdFile11lsPrintNextEP5Printhh
                0x0000000000012128                _ZN6SdFile5fgetsEPciS0_
                0x00000000000121fe                _ZN6SdFile7readDirEP14directoryEntry
                0x000000000001226a                _ZN6SdFile12readDirCacheEv
                0x00000000000122e2                _ZN6SdFile7seekSetEm
                0x000000000001241a                _ZN6SdFile7seekEndEl
                0x000000000001243a                _ZN6SdFile6rewindEv
                0x0000000000012446                _ZN6SdFile6setposEP6fpos_t
                0x0000000000012472                _ZN6SdFile4syncEv
                0x0000000000012508                _ZN6SdFile8dirEntryEP14directoryEntry
                0x000000000001254e                _ZN6SdFile5closeEv
                0x0000000000012580                _ZN6SdFile9timestampEhjhhhhh
                0x00000000000126b4                _ZN6SdFile8truncateEm
                0x0000000000012822                _ZN6SdFile6removeEv
                0x0000000000012858                _ZN6SdFile5rmdirEv
                0x00000000000128e8                _ZN6SdFile15openCachedEntryEhh
                0x00000000000129f8                _ZN6SdFile8openNextEPS_h
                0x0000000000012a92                _ZN6SdFile4openEPS_jh
                0x0000000000012b18                _ZN6SdFile8rmRfStarEv
                0x0000000000012c60                _ZN6SdFile2lsEP5Printhh
                0x0000000000012d66                _ZN6SdFile2lsEh
                0x0000000000012d74                _ZN6SdFile10openParentEPS_
                0x0000000000012f78                _ZN6SdFile4openEPS_PKhh
                0x000000000001310c                _ZN6SdFile4openEPS_PKch
                0x00000000000132aa                _ZN6SdFile6removeEPS_PKc
                0x0000000000013312                _ZN6SdFile4openEPKch
                0x0000000000013326                _ZN6SdFileC1EPKch
                0x0000000000013326                _ZN6SdFileC2EPKch
                0x000000000001333a                _ZN6SdFile6existsEPKc
                0x0000000000013396                _ZN6SdFile16createContiguousEPS_PKcm
                0x0000000000013428                _ZN6SdFile5mkdirEPS_PKh
                0x00000000000135b2                _ZN6SdFile5mkdirEPS_PKcb
                0x0000000000013768                _ZN6SdFile6renameEPS_PKc
                0x000000000001396a                _ZN6SdFile5writeEPKvj
                0x0000000000013cc0                _ZN6SdFile5writeEPKc
                0x0000000000013cd8                _ZN6SdFile5writeEh
                0x0000000000013cfa                _ZN6SdFile7write_PEPKc
                0x0000000000013d2c                _ZN6SdFile9writeln_PEPKc
 .text          0x0000000000013d46      0x2d0 ./inc/SdStream.o
                0x0000000000013d46                _ZN6SdFile7seekCurEl
                0x0000000000013d66                _ZN6SdBase5getchEv
                0x0000000000013e22                _ZN6SdBase4openEPKch
                0x0000000000013ee4                _ZN6SdBase5putchEc
                0x0000000000013f44                _ZN6SdBase6putstrEPKc
                0x0000000000013fc6                _ZN6SdBase7seekoffElN8ios_base7seekdirE
                0x0000000000014010                _ZN6SdBase7seekposEm
 .text          0x0000000000014016      0xaa8 ./inc/SdVolume.o
                0x0000000000014016                _ZN8SdVolume10cacheFlushEv
                0x0000000000014090                _ZN8SdVolume13cacheRawBlockEmh
                0x0000000000014116                _ZNK8SdVolume6fatGetEmPm
                0x0000000000014218                _ZNK8SdVolume9chainSizeEmPm
                0x0000000000014300                _ZN8SdVolume6fatPutEmm
                0x0000000000014440                _ZN8SdVolume15allocContiguousEmPm
                0x0000000000014664                _ZN8SdVolume9freeChainEm
                0x000000000001471e                _ZN8SdVolume16freeClusterCountEv
                0x0000000000014854                _ZN8SdVolume4initEP7Sd2Cardh
 .text          0x0000000000014abe      0x20e ./inc/Wire.o
                0x0000000000014abe                _ZN7TwoWire16onReceiveServiceEPhi
                0x0000000000014b0e                _ZN7TwoWire16onRequestServiceEv
                0x0000000000014b26                _ZN7TwoWireC2Ev
                0x0000000000014b26                _ZN7TwoWireC1Ev
                0x0000000000014b28                _ZN7TwoWire5beginEv
                0x0000000000014b3e                _ZN7TwoWire5beginEh
                0x0000000000014b66                _ZN7TwoWire5beginEi
                0x0000000000014b6c                _ZN7TwoWire11requestFromEhh
                0x0000000000014b86                _ZN7TwoWire11requestFromEii
                0x0000000000014b8c                _ZN7TwoWire17beginTransmissionEh
                0x0000000000014ba0                _ZN7TwoWire17beginTransmissionEi
                0x0000000000014ba6                _ZN7TwoWire15endTransmissionEv
                0x0000000000014bc6                _ZN7TwoWire4sendEh
                0x0000000000014c0e                _ZN7TwoWire4sendEPhh
                0x0000000000014c6a                _ZN7TwoWire4sendEPc
                0x0000000000014c82                _ZN7TwoWire4sendEi
                0x0000000000014c88                _ZN7TwoWire9availableEv
                0x0000000000014c94                _ZN7TwoWire7receiveEv
                0x0000000000014cb6                _ZN7TwoWire9onReceiveEPFviE
                0x0000000000014cc0                _ZN7TwoWire9onRequestEPFvvE
 .text          0x0000000000014ccc      0xd82 ./inc/istream.o
                0x0000000000014ccc                _ZN7istream5getchEP6fpos_t
                0x0000000000014cf2                _ZN7istream3getEv
                0x0000000000014d36                _ZN7istream3getERc
                0x0000000000014d56                _ZN7istream3getEPcmc
                0x0000000000014e70                _ZN7istream7getlineEPcmc
                0x0000000000014faa                _ZN7istream6ignoreEmi
                0x0000000000015012                _ZN7istream4peekEv
                0x00000000000150c6                _ZN7istream8readSkipEv
                0x000000000001510c                _ZN7istream6getStrEPc
                0x0000000000015262                _ZN7istream9getNumberEmmPm
                0x00000000000154f0                _ZN7istream8getFloatEPf
                0x000000000001584a                _ZN7istream7getCharEPc
                0x0000000000015884                _ZN7istream9skipWhiteEv
                0x00000000000158f6                _ZN7istream9getNumberIbEEvPT_
                0x0000000000015962                _ZN7istream7getBoolEPb
 .text          0x0000000000015a4e      0x670 ./inc/ostream.o
                0x0000000000015a4e                _ZN7ostream7do_fillEj
                0x0000000000015a9e                _ZN7ostream13fill_not_leftEj
                0x0000000000015ac6                _ZN7ostream6fmtNumEmPch
                0x0000000000015b62                _ZN7ostream7putCharEc
                0x0000000000015b96                _ZN7ostream6putNumEmb
                0x0000000000015d00                _ZN7ostream6putNumEl
                0x0000000000015d3e                _ZN7ostream6putPgmERK3pgm
                0x0000000000015d94                _ZN7ostream9putDoubleEd
                0x0000000000016012                _ZN7ostream7putBoolEb
                0x0000000000016072                _ZN7ostream6putStrEPKc
 .text          0x00000000000160be        0x0 ./inc/pins_arduino.o
 .text          0x00000000000160be     0x1c00 ./inc/ssd0323.o
                0x00000000000160be                _ZN7ssd032310senden_spiEh
                0x00000000000160e2                _ZN7ssd032312send_commandEh
                0x00000000000160ec                _ZN7ssd03239send_charEh
                0x00000000000160f4                _ZN7ssd032312clear_screenEv
                0x0000000000016148                _ZN7ssd032310set2pixelsEhhhh
                0x00000000000161c4                _ZN7ssd03234lineEhhhhh
                0x00000000000166a4                _ZN7ssd032314zeichen_big_1xEPhhiiiih
                0x0000000000016944                _ZN7ssd032316zeichen_small_1xEPhhiiiih
                0x0000000000016af0                _ZN7ssd032316zeichen_small_2xEPhhiiiih
                0x0000000000016d02                _ZN7ssd032316zeichen_small_3xEPhhiiiih
                0x0000000000016fa8                _ZN7ssd032316zeichen_small_4xEPhhiiiih
                0x0000000000017212                _ZN7ssd03236stringEsPchhhhh
                0x0000000000017834                _ZN7ssd03236stringEsPchh
                0x0000000000017852                _ZN7ssd03238string_PEsPKchhhhh
                0x00000000000178f0                _ZN7ssd03238string_PEsPKchh
                0x000000000001790e                _ZN7ssd032311filled_rectEhhhhh
                0x00000000000179e4                _ZN7ssd032313highlight_barEhhhh
                0x0000000000017ada                _ZN7ssd03234initEhh
                0x0000000000017cbc                _ZN7ssd0323C1Ev
                0x0000000000017cbc                _ZN7ssd0323C2Ev
 .text          0x0000000000017cbe      0x446 ./inc/twi.o
                0x0000000000017cbe                twi_init
                0x0000000000017ce4                twi_setAddress
                0x0000000000017cec                twi_readFrom
                0x0000000000017d58                twi_writeTo
                0x0000000000017dd8                twi_transmit
                0x0000000000017e0c                twi_attachSlaveRxEvent
                0x0000000000017e16                twi_attachSlaveTxEvent
                0x0000000000017e20                twi_reply
                0x0000000000017e30                twi_stop
                0x0000000000017e44                twi_releaseBus
                0x0000000000017e50                __vector_39
 .text          0x0000000000018104        0x0 /home/jkw/Store/17 - Speedmaster/Firmware/inc/libArduinoCore2560.a(WInterrupts.c.o)
 .text          0x0000000000018104        0x0 /home/jkw/Store/17 - Speedmaster/Firmware/inc/libArduinoCore2560.a(wiring.c.o)
 .text          0x0000000000018104        0x0 /home/jkw/Store/17 - Speedmaster/Firmware/inc/libArduinoCore2560.a(wiring_analog.c.o)
 .text          0x0000000000018104        0x0 /home/jkw/Store/17 - Speedmaster/Firmware/inc/libArduinoCore2560.a(wiring_digital.c.o)
 .text          0x0000000000018104        0x0 /home/jkw/Store/17 - Speedmaster/Firmware/inc/libArduinoCore2560.a(HardwareSerial.cpp.o)
 .text          0x0000000000018104        0x0 /home/jkw/Store/17 - Speedmaster/Firmware/inc/libArduinoCore2560.a(Print.cpp.o)
 .text          0x0000000000018104        0x0 /home/jkw/Store/17 - Speedmaster/Firmware/inc/libArduinoCore2560.a(WString.cpp.o)
 .text          0x0000000000018104        0x0 /usr/lib/gcc/avr/4.5.3/../../../avr/lib/avr6/libc.a(malloc.o)
 .text          0x0000000000018104        0x0 /usr/lib/gcc/avr/4.5.3/../../../avr/lib/avr6/libc.a(exit.o)
 .text          0x0000000000018104        0x0 /usr/lib/gcc/avr/4.5.3/../../../avr/lib/avr6/libc.a(isalpha.o)
 .text          0x0000000000018104        0x0 /usr/lib/gcc/avr/4.5.3/../../../avr/lib/avr6/libc.a(isspace.o)
 .text          0x0000000000018104        0x0 /usr/lib/gcc/avr/4.5.3/../../../avr/lib/avr6/libc.a(tolower.o)
 .text          0x0000000000018104        0x0 /usr/lib/gcc/avr/4.5.3/../../../avr/lib/avr6/libc.a(toupper.o)
 .text          0x0000000000018104        0x0 /usr/lib/gcc/avr/4.5.3/../../../avr/lib/avr6/libc.a(strcmp_P.o)
 .text          0x0000000000018104        0x0 /usr/lib/gcc/avr/4.5.3/../../../avr/lib/avr6/libc.a(strcpy_P.o)
 .text          0x0000000000018104        0x0 /usr/lib/gcc/avr/4.5.3/../../../avr/lib/avr6/libc.a(strlen_P.o)
 .text          0x0000000000018104        0x0 /usr/lib/gcc/avr/4.5.3/../../../avr/lib/avr6/libc.a(memcmp.o)
 .text          0x0000000000018104        0x0 /usr/lib/gcc/avr/4.5.3/../../../avr/lib/avr6/libc.a(memcpy.o)
 .text          0x0000000000018104        0x0 /usr/lib/gcc/avr/4.5.3/../../../avr/lib/avr6/libc.a(memset.o)
 .text          0x0000000000018104        0x0 /usr/lib/gcc/avr/4.5.3/../../../avr/lib/avr6/libc.a(strcat.o)
 .text          0x0000000000018104        0x0 /usr/lib/gcc/avr/4.5.3/../../../avr/lib/avr6/libc.a(strchr.o)
 .text          0x0000000000018104        0x0 /usr/lib/gcc/avr/4.5.3/../../../avr/lib/avr6/libc.a(strcmp.o)
 .text          0x0000000000018104        0x0 /usr/lib/gcc/avr/4.5.3/../../../avr/lib/avr6/libc.a(strcpy.o)
 .text          0x0000000000018104        0x0 /usr/lib/gcc/avr/4.5.3/../../../avr/lib/avr6/libc.a(strncmp.o)
 .text          0x0000000000018104        0x0 /usr/lib/gcc/avr/4.5.3/../../../avr/lib/avr6/libc.a(strncpy.o)
 .text          0x0000000000018104        0x0 /usr/lib/gcc/avr/4.5.3/../../../avr/lib/avr6/libc.a(strrchr.o)
 .text          0x0000000000018104        0x0 /usr/lib/gcc/avr/4.5.3/../../../avr/lib/avr6/libc.a(strstr.o)
 .text          0x0000000000018104        0x0 /usr/lib/gcc/avr/4.5.3/../../../avr/lib/avr6/libc.a(itoa.o)
 .text          0x0000000000018104        0x0 /usr/lib/gcc/avr/4.5.3/../../../avr/lib/avr6/libc.a(ltoa.o)
 .text          0x0000000000018104        0x0 /usr/lib/gcc/avr/4.5.3/../../../avr/lib/avr6/libc.a(ultoa.o)
 .text          0x0000000000018104        0x0 /usr/lib/gcc/avr/4.5.3/../../../avr/lib/avr6/libc.a(sprintf.o)
 .text          0x0000000000018104        0x0 /usr/lib/gcc/avr/4.5.3/../../../avr/lib/avr6/libc.a(addsf3.o)
 .text          0x0000000000018104        0x0 /usr/lib/gcc/avr/4.5.3/../../../avr/lib/avr6/libc.a(addsf3x.o)
 .text          0x0000000000018104        0x0 /usr/lib/gcc/avr/4.5.3/../../../avr/lib/avr6/libc.a(asin.o)
 .text          0x0000000000018104        0x0 /usr/lib/gcc/avr/4.5.3/../../../avr/lib/avr6/libc.a(cmpsf2.o)
 .text          0x0000000000018104        0x0 /usr/lib/gcc/avr/4.5.3/../../../avr/lib/avr6/libc.a(cos.o)
 .text          0x0000000000018104        0x0 /usr/lib/gcc/avr/4.5.3/../../../avr/lib/avr6/libc.a(divsf3.o)
 .text          0x0000000000018104        0x0 /usr/lib/gcc/avr/4.5.3/../../../avr/lib/avr6/libc.a(divsf3x.o)
 .text          0x0000000000018104        0x0 /usr/lib/gcc/avr/4.5.3/../../../avr/lib/avr6/libc.a(fixsfsi.o)
 .text          0x0000000000018104        0x0 /usr/lib/gcc/avr/4.5.3/../../../avr/lib/avr6/libc.a(fixunssfsi.o)
 .text          0x0000000000018104        0x0 /usr/lib/gcc/avr/4.5.3/../../../avr/lib/avr6/libc.a(floatsisf.o)
 .text          0x0000000000018104        0x0 /usr/lib/gcc/avr/4.5.3/../../../avr/lib/avr6/libc.a(floor.o)
 .text          0x0000000000018104        0x0 /usr/lib/gcc/avr/4.5.3/../../../avr/lib/avr6/libc.a(fp_arccos.o)
 .text          0x0000000000018104        0x0 /usr/lib/gcc/avr/4.5.3/../../../avr/lib/avr6/libc.a(fp_cmp.o)
 .text          0x0000000000018104        0x0 /usr/lib/gcc/avr/4.5.3/../../../avr/lib/avr6/libc.a(fp_inf.o)
 .text          0x0000000000018104        0x0 /usr/lib/gcc/avr/4.5.3/../../../avr/lib/avr6/libc.a(fp_mintl.o)
 .text          0x0000000000018104        0x0 /usr/lib/gcc/avr/4.5.3/../../../avr/lib/avr6/libc.a(fp_mpack.o)
 .text          0x0000000000018104        0x0 /usr/lib/gcc/avr/4.5.3/../../../avr/lib/avr6/libc.a(fp_nan.o)
 .text          0x0000000000018104        0x0 /usr/lib/gcc/avr/4.5.3/../../../avr/lib/avr6/libc.a(fp_powser.o)
 .text          0x0000000000018104        0x0 /usr/lib/gcc/avr/4.5.3/../../../avr/lib/avr6/libc.a(fp_powsodd.o)
 .text          0x0000000000018104        0x0 /usr/lib/gcc/avr/4.5.3/../../../avr/lib/avr6/libc.a(fp_pscA.o)
 .text          0x0000000000018104        0x0 /usr/lib/gcc/avr/4.5.3/../../../avr/lib/avr6/libc.a(fp_pscB.o)
 .text          0x0000000000018104        0x0 /usr/lib/gcc/avr/4.5.3/../../../avr/lib/avr6/libc.a(fp_rempio2.o)
 .text          0x0000000000018104        0x0 /usr/lib/gcc/avr/4.5.3/../../../avr/lib/avr6/libc.a(fp_round.o)
 .text          0x0000000000018104        0x0 /usr/lib/gcc/avr/4.5.3/../../../avr/lib/avr6/libc.a(fp_sinus.o)
 .text          0x0000000000018104        0x0 /usr/lib/gcc/avr/4.5.3/../../../avr/lib/avr6/libc.a(fp_split3.o)
 .text          0x0000000000018104        0x0 /usr/lib/gcc/avr/4.5.3/../../../avr/lib/avr6/libc.a(fp_trunc.o)
 .text          0x0000000000018104        0x0 /usr/lib/gcc/avr/4.5.3/../../../avr/lib/avr6/libc.a(fp_zero.o)
 .text          0x0000000000018104        0x0 /usr/lib/gcc/avr/4.5.3/../../../avr/lib/avr6/libc.a(gesf2.o)
 .text          0x0000000000018104        0x0 /usr/lib/gcc/avr/4.5.3/../../../avr/lib/avr6/libc.a(mulsf3.o)
 .text          0x0000000000018104        0x0 /usr/lib/gcc/avr/4.5.3/../../../avr/lib/avr6/libc.a(mulsf3x.o)
 .text          0x0000000000018104        0x0 /usr/lib/gcc/avr/4.5.3/../../../avr/lib/avr6/libc.a(pow.o)
 .text          0x0000000000018104        0x0 /usr/lib/gcc/avr/4.5.3/../../../avr/lib/avr6/libc.a(sin.o)
 .text          0x0000000000018104        0x0 /usr/lib/gcc/avr/4.5.3/../../../avr/lib/avr6/libc.a(sqrt.o)
 .text          0x0000000000018104        0x0 /usr/lib/gcc/avr/4.5.3/../../../avr/lib/avr6/libc.a(vfprintf_std.o)
 .text          0x0000000000018104        0x0 /usr/lib/gcc/avr/4.5.3/../../../avr/lib/avr6/libc.a(eerd_byte_atmega2560.o)
 .text          0x0000000000018104        0x0 /usr/lib/gcc/avr/4.5.3/../../../avr/lib/avr6/libc.a(eewr_byte_atmega2560.o)
 .text          0x0000000000018104        0x0 /usr/lib/gcc/avr/4.5.3/../../../avr/lib/avr6/libc.a(cty_isfalse.o)
 .text          0x0000000000018104        0x0 /usr/lib/gcc/avr/4.5.3/../../../avr/lib/avr6/libc.a(strnlen_P.o)
 .text          0x0000000000018104        0x0 /usr/lib/gcc/avr/4.5.3/../../../avr/lib/avr6/libc.a(strnlen.o)
 .text          0x0000000000018104        0x0 /usr/lib/gcc/avr/4.5.3/../../../avr/lib/avr6/libc.a(strrev.o)
 .text          0x0000000000018104        0x0 /usr/lib/gcc/avr/4.5.3/../../../avr/lib/avr6/libc.a(fputc.o)
 .text          0x0000000000018104        0x0 /usr/lib/gcc/avr/4.5.3/../../../avr/lib/avr6/libc.a(ultoa_invert.o)
 .text          0x0000000000018104        0x0 /usr/lib/gcc/avr/4.5.3/../../../avr/lib/avr6/libc.a(exp.o)
 .text          0x0000000000018104        0x0 /usr/lib/gcc/avr/4.5.3/../../../avr/lib/avr6/libc.a(fp_norm2.o)
 .text          0x0000000000018104        0x0 /usr/lib/gcc/avr/4.5.3/../../../avr/lib/avr6/libc.a(inverse.o)
 .text          0x0000000000018104        0x0 /usr/lib/gcc/avr/4.5.3/../../../avr/lib/avr6/libc.a(ldexp.o)
 .text          0x0000000000018104        0x0 /usr/lib/gcc/avr/4.5.3/../../../avr/lib/avr6/libc.a(log.o)
 .text          0x0000000000018104        0x0 /usr/lib/gcc/avr/4.5.3/../../../avr/lib/avr6/libc.a(modf.o)
 .text          0x0000000000018104        0x0 /usr/lib/gcc/avr/4.5.3/avr6/libgcc.a(_mulsi3.o)
 .text          0x0000000000018104        0x0 /usr/lib/gcc/avr/4.5.3/avr6/libgcc.a(_udivmodqi4.o)
 .text          0x0000000000018104        0x0 /usr/lib/gcc/avr/4.5.3/avr6/libgcc.a(_udivmodhi4.o)
 .text          0x0000000000018104        0x0 /usr/lib/gcc/avr/4.5.3/avr6/libgcc.a(_divmodhi4.o)
 .text          0x0000000000018104        0x0 /usr/lib/gcc/avr/4.5.3/avr6/libgcc.a(_udivmodsi4.o)
 .text          0x0000000000018104        0x0 /usr/lib/gcc/avr/4.5.3/avr6/libgcc.a(_divmodsi4.o)
 .text          0x0000000000018104        0x0 /usr/lib/gcc/avr/4.5.3/avr6/libgcc.a(_exit.o)
 .text          0x0000000000018104        0x0 /usr/lib/gcc/avr/4.5.3/avr6/libgcc.a(_copy_data.o)
 .text          0x0000000000018104        0x0 /usr/lib/gcc/avr/4.5.3/avr6/libgcc.a(_clear_bss.o)
 .text          0x0000000000018104        0x0 /usr/lib/gcc/avr/4.5.3/avr6/libgcc.a(_ctors.o)
 .text          0x0000000000018104        0x0 /usr/lib/gcc/avr/4.5.3/avr6/libgcc.a(_tablejump_elpm.o)
                0x0000000000018104                . = ALIGN (0x2)
 *(.text.*)
 .text.attachInterrupt
                0x0000000000018104       0xf8 /home/jkw/Store/17 - Speedmaster/Firmware/inc/libArduinoCore2560.a(WInterrupts.c.o)
                0x0000000000018104                attachInterrupt
 .text.detachInterrupt
                0x00000000000181fc       0x58 /home/jkw/Store/17 - Speedmaster/Firmware/inc/libArduinoCore2560.a(WInterrupts.c.o)
                0x00000000000181fc                detachInterrupt
 .text.__vector_1
                0x0000000000018254       0x62 /home/jkw/Store/17 - Speedmaster/Firmware/inc/libArduinoCore2560.a(WInterrupts.c.o)
                0x0000000000018254                __vector_1
 .text.__vector_2
                0x00000000000182b6       0x62 /home/jkw/Store/17 - Speedmaster/Firmware/inc/libArduinoCore2560.a(WInterrupts.c.o)
                0x00000000000182b6                __vector_2
 .text.__vector_3
                0x0000000000018318       0x62 /home/jkw/Store/17 - Speedmaster/Firmware/inc/libArduinoCore2560.a(WInterrupts.c.o)
                0x0000000000018318                __vector_3
 .text.__vector_4
                0x000000000001837a       0x62 /home/jkw/Store/17 - Speedmaster/Firmware/inc/libArduinoCore2560.a(WInterrupts.c.o)
                0x000000000001837a                __vector_4
 .text.__vector_5
                0x00000000000183dc       0x62 /home/jkw/Store/17 - Speedmaster/Firmware/inc/libArduinoCore2560.a(WInterrupts.c.o)
                0x00000000000183dc                __vector_5
 .text.__vector_6
                0x000000000001843e       0x62 /home/jkw/Store/17 - Speedmaster/Firmware/inc/libArduinoCore2560.a(WInterrupts.c.o)
                0x000000000001843e                __vector_6
 .text.__vector_7
                0x00000000000184a0       0x62 /home/jkw/Store/17 - Speedmaster/Firmware/inc/libArduinoCore2560.a(WInterrupts.c.o)
                0x00000000000184a0                __vector_7
 .text.__vector_8
                0x0000000000018502       0x62 /home/jkw/Store/17 - Speedmaster/Firmware/inc/libArduinoCore2560.a(WInterrupts.c.o)
                0x0000000000018502                __vector_8
 .text.__vector_23
                0x0000000000018564       0x90 /home/jkw/Store/17 - Speedmaster/Firmware/inc/libArduinoCore2560.a(wiring.c.o)
                0x0000000000018564                __vector_23
 .text.millis   0x00000000000185f4       0x1c /home/jkw/Store/17 - Speedmaster/Firmware/inc/libArduinoCore2560.a(wiring.c.o)
                0x00000000000185f4                millis
 .text.micros   0x0000000000018610       0x4c /home/jkw/Store/17 - Speedmaster/Firmware/inc/libArduinoCore2560.a(wiring.c.o)
                0x0000000000018610                micros
 .text.delay    0x000000000001865c       0x4c /home/jkw/Store/17 - Speedmaster/Firmware/inc/libArduinoCore2560.a(wiring.c.o)
                0x000000000001865c                delay
 .text.delayMicroseconds
                0x00000000000186a8       0x14 /home/jkw/Store/17 - Speedmaster/Firmware/inc/libArduinoCore2560.a(wiring.c.o)
                0x00000000000186a8                delayMicroseconds
 .text.init     0x00000000000186bc       0xc4 /home/jkw/Store/17 - Speedmaster/Firmware/inc/libArduinoCore2560.a(wiring.c.o)
                0x00000000000186bc                init
 .text.analogReference
                0x0000000000018780        0x6 /home/jkw/Store/17 - Speedmaster/Firmware/inc/libArduinoCore2560.a(wiring_analog.c.o)
                0x0000000000018780                analogReference
 .text.analogRead
                0x0000000000018786       0x68 /home/jkw/Store/17 - Speedmaster/Firmware/inc/libArduinoCore2560.a(wiring_analog.c.o)
                0x0000000000018786                analogRead
 .text.analogWrite
                0x00000000000187ee      0x178 /home/jkw/Store/17 - Speedmaster/Firmware/inc/libArduinoCore2560.a(wiring_analog.c.o)
                0x00000000000187ee                analogWrite
 .text.pinMode  0x0000000000018966       0x4c /home/jkw/Store/17 - Speedmaster/Firmware/inc/libArduinoCore2560.a(wiring_digital.c.o)
                0x0000000000018966                pinMode
 .text.digitalWrite
                0x00000000000189b2      0x122 /home/jkw/Store/17 - Speedmaster/Firmware/inc/libArduinoCore2560.a(wiring_digital.c.o)
                0x00000000000189b2                digitalWrite
 .text.digitalRead
                0x0000000000018ad4      0x118 /home/jkw/Store/17 - Speedmaster/Firmware/inc/libArduinoCore2560.a(wiring_digital.c.o)
                0x0000000000018ad4                digitalRead
 .text._Z10store_charhP11ring_buffer
                0x0000000000018bec       0x4e /home/jkw/Store/17 - Speedmaster/Firmware/inc/libArduinoCore2560.a(HardwareSerial.cpp.o)
                0x0000000000018bec                _Z10store_charhP11ring_buffer
 .text.__vector_25
                0x0000000000018c3a       0x58 /home/jkw/Store/17 - Speedmaster/Firmware/inc/libArduinoCore2560.a(HardwareSerial.cpp.o)
                0x0000000000018c3a                __vector_25
 .text.__vector_51
                0x0000000000018c92       0x58 /home/jkw/Store/17 - Speedmaster/Firmware/inc/libArduinoCore2560.a(HardwareSerial.cpp.o)
                0x0000000000018c92                __vector_51
 .text.__vector_54
                0x0000000000018cea       0x58 /home/jkw/Store/17 - Speedmaster/Firmware/inc/libArduinoCore2560.a(HardwareSerial.cpp.o)
                0x0000000000018cea                __vector_54
 .text._ZN14HardwareSerialC2EP11ring_bufferPVhS3_S3_S3_S3_hhhhh
                0x0000000000018d42       0x60 /home/jkw/Store/17 - Speedmaster/Firmware/inc/libArduinoCore2560.a(HardwareSerial.cpp.o)
                0x0000000000018d42                _ZN14HardwareSerialC2EP11ring_bufferPVhS3_S3_S3_S3_hhhhh
 .text._ZN14HardwareSerialC1EP11ring_bufferPVhS3_S3_S3_S3_hhhhh
                0x0000000000018da2       0x60 /home/jkw/Store/17 - Speedmaster/Firmware/inc/libArduinoCore2560.a(HardwareSerial.cpp.o)
                0x0000000000018da2                _ZN14HardwareSerialC1EP11ring_bufferPVhS3_S3_S3_S3_hhhhh
 .text._ZN14HardwareSerial5beginEl
                0x0000000000018e02      0x1f2 /home/jkw/Store/17 - Speedmaster/Firmware/inc/libArduinoCore2560.a(HardwareSerial.cpp.o)
                0x0000000000018e02                _ZN14HardwareSerial5beginEl
 .text._ZN14HardwareSerial3endEv
                0x0000000000018ff4       0x54 /home/jkw/Store/17 - Speedmaster/Firmware/inc/libArduinoCore2560.a(HardwareSerial.cpp.o)
                0x0000000000018ff4                _ZN14HardwareSerial3endEv
 .text._ZN14HardwareSerial9availableEv
                0x0000000000019048       0x28 /home/jkw/Store/17 - Speedmaster/Firmware/inc/libArduinoCore2560.a(HardwareSerial.cpp.o)
                0x0000000000019048                _ZN14HardwareSerial9availableEv
 .text._ZN14HardwareSerial4peekEv
                0x0000000000019070       0x34 /home/jkw/Store/17 - Speedmaster/Firmware/inc/libArduinoCore2560.a(HardwareSerial.cpp.o)
                0x0000000000019070                _ZN14HardwareSerial4peekEv
 .text._ZN14HardwareSerial4readEv
                0x00000000000190a4       0x50 /home/jkw/Store/17 - Speedmaster/Firmware/inc/libArduinoCore2560.a(HardwareSerial.cpp.o)
                0x00000000000190a4                _ZN14HardwareSerial4readEv
 .text._ZN14HardwareSerial5flushEv
                0x00000000000190f4       0x18 /home/jkw/Store/17 - Speedmaster/Firmware/inc/libArduinoCore2560.a(HardwareSerial.cpp.o)
                0x00000000000190f4                _ZN14HardwareSerial5flushEv
 .text._ZN14HardwareSerial5writeEh
                0x000000000001910c       0x26 /home/jkw/Store/17 - Speedmaster/Firmware/inc/libArduinoCore2560.a(HardwareSerial.cpp.o)
                0x000000000001910c                _ZN14HardwareSerial5writeEh
 .text._GLOBAL__I_rx_buffer
                0x0000000000019132      0x13c /home/jkw/Store/17 - Speedmaster/Firmware/inc/libArduinoCore2560.a(HardwareSerial.cpp.o)
 .text._ZN5Print5writeEPKc
                0x000000000001926e       0x30 /home/jkw/Store/17 - Speedmaster/Firmware/inc/libArduinoCore2560.a(Print.cpp.o)
                0x000000000001926e                _ZN5Print5writeEPKc
 .text._ZN5Print5writeEPKhj
                0x000000000001929e       0x3e /home/jkw/Store/17 - Speedmaster/Firmware/inc/libArduinoCore2560.a(Print.cpp.o)
                0x000000000001929e                _ZN5Print5writeEPKhj
 .text._ZN5Print5printEPKc
                0x00000000000192dc       0x10 /home/jkw/Store/17 - Speedmaster/Firmware/inc/libArduinoCore2560.a(Print.cpp.o)
                0x00000000000192dc                _ZN5Print5printEPKc
 .text._ZN5Print5printERK6String
                0x00000000000192ec       0x54 /home/jkw/Store/17 - Speedmaster/Firmware/inc/libArduinoCore2560.a(Print.cpp.o)
                0x00000000000192ec                _ZN5Print5printERK6String
 .text._ZN5Print11printNumberEmh
                0x0000000000019340      0x134 /home/jkw/Store/17 - Speedmaster/Firmware/inc/libArduinoCore2560.a(Print.cpp.o)
                0x0000000000019340                _ZN5Print11printNumberEmh
 .text._ZN5Print5printEmi
                0x0000000000019474       0x1e /home/jkw/Store/17 - Speedmaster/Firmware/inc/libArduinoCore2560.a(Print.cpp.o)
                0x0000000000019474                _ZN5Print5printEmi
 .text._ZN5Print5printEji
                0x0000000000019492       0x22 /home/jkw/Store/17 - Speedmaster/Firmware/inc/libArduinoCore2560.a(Print.cpp.o)
                0x0000000000019492                _ZN5Print5printEji
 .text._ZN5Print5printEhi
                0x00000000000194b4       0x24 /home/jkw/Store/17 - Speedmaster/Firmware/inc/libArduinoCore2560.a(Print.cpp.o)
                0x00000000000194b4                _ZN5Print5printEhi
 .text._ZN5Print5printEli
                0x00000000000194d8       0x6c /home/jkw/Store/17 - Speedmaster/Firmware/inc/libArduinoCore2560.a(Print.cpp.o)
                0x00000000000194d8                _ZN5Print5printEli
 .text._ZN5Print5printEii
                0x0000000000019544       0x26 /home/jkw/Store/17 - Speedmaster/Firmware/inc/libArduinoCore2560.a(Print.cpp.o)
                0x0000000000019544                _ZN5Print5printEii
 .text._ZN5Print5printEci
                0x000000000001956a       0x28 /home/jkw/Store/17 - Speedmaster/Firmware/inc/libArduinoCore2560.a(Print.cpp.o)
                0x000000000001956a                _ZN5Print5printEci
 .text._ZN5Print7printlnEv
                0x0000000000019592       0x2e /home/jkw/Store/17 - Speedmaster/Firmware/inc/libArduinoCore2560.a(Print.cpp.o)
                0x0000000000019592                _ZN5Print7printlnEv
 .text._ZN5Print7printlnEmi
                0x00000000000195c0       0x16 /home/jkw/Store/17 - Speedmaster/Firmware/inc/libArduinoCore2560.a(Print.cpp.o)
                0x00000000000195c0                _ZN5Print7printlnEmi
 .text._ZN5Print7printlnEji
                0x00000000000195d6       0x32 /home/jkw/Store/17 - Speedmaster/Firmware/inc/libArduinoCore2560.a(Print.cpp.o)
                0x00000000000195d6                _ZN5Print7printlnEji
 .text._ZN5Print7printlnEhi
                0x0000000000019608       0x34 /home/jkw/Store/17 - Speedmaster/Firmware/inc/libArduinoCore2560.a(Print.cpp.o)
                0x0000000000019608                _ZN5Print7printlnEhi
 .text._ZN5Print7printlnEPKc
                0x000000000001963c       0x16 /home/jkw/Store/17 - Speedmaster/Firmware/inc/libArduinoCore2560.a(Print.cpp.o)
                0x000000000001963c                _ZN5Print7printlnEPKc
 .text._ZN5Print7printlnERK6String
                0x0000000000019652       0x16 /home/jkw/Store/17 - Speedmaster/Firmware/inc/libArduinoCore2560.a(Print.cpp.o)
                0x0000000000019652                _ZN5Print7printlnERK6String
 .text._ZN5Print7printlnEli
                0x0000000000019668       0x16 /home/jkw/Store/17 - Speedmaster/Firmware/inc/libArduinoCore2560.a(Print.cpp.o)
                0x0000000000019668                _ZN5Print7printlnEli
 .text._ZN5Print7printlnEii
                0x000000000001967e       0x36 /home/jkw/Store/17 - Speedmaster/Firmware/inc/libArduinoCore2560.a(Print.cpp.o)
                0x000000000001967e                _ZN5Print7printlnEii
 .text._ZN5Print7printlnEci
                0x00000000000196b4       0x38 /home/jkw/Store/17 - Speedmaster/Firmware/inc/libArduinoCore2560.a(Print.cpp.o)
                0x00000000000196b4                _ZN5Print7printlnEci
 .text._ZN5Print10printFloatEdh
                0x00000000000196ec      0x118 /home/jkw/Store/17 - Speedmaster/Firmware/inc/libArduinoCore2560.a(Print.cpp.o)
                0x00000000000196ec                _ZN5Print10printFloatEdh
 .text._ZN5Print5printEdi
                0x0000000000019804        0x6 /home/jkw/Store/17 - Speedmaster/Firmware/inc/libArduinoCore2560.a(Print.cpp.o)
                0x0000000000019804                _ZN5Print5printEdi
 .text._ZN5Print7printlnEdi
                0x000000000001980a       0x16 /home/jkw/Store/17 - Speedmaster/Firmware/inc/libArduinoCore2560.a(Print.cpp.o)
                0x000000000001980a                _ZN5Print7printlnEdi
 .text._ZNK6String6charAtEj
                0x0000000000019820       0x10 /home/jkw/Store/17 - Speedmaster/Firmware/inc/libArduinoCore2560.a(WString.cpp.o)
                0x0000000000019820                _ZNK6String6charAtEj
 .text._ZN6String9setCharAtEjc
                0x0000000000019830       0x22 /home/jkw/Store/17 - Speedmaster/Firmware/inc/libArduinoCore2560.a(WString.cpp.o)
                0x0000000000019830                _ZN6String9setCharAtEjc
 .text._ZN6StringixEj
                0x0000000000019852       0x2a /home/jkw/Store/17 - Speedmaster/Firmware/inc/libArduinoCore2560.a(WString.cpp.o)
                0x0000000000019852                _ZN6StringixEj
 .text._ZNK6StringixEj
                0x000000000001987c       0x10 /home/jkw/Store/17 - Speedmaster/Firmware/inc/libArduinoCore2560.a(WString.cpp.o)
                0x000000000001987c                _ZNK6StringixEj
 .text._ZN6String11toCharArrayEPcj
                0x000000000001988c       0x44 /home/jkw/Store/17 - Speedmaster/Firmware/inc/libArduinoCore2560.a(WString.cpp.o)
                0x000000000001988c                _ZN6String11toCharArrayEPcj
 .text._ZN6String8getBytesEPhj
                0x00000000000198d0       0x44 /home/jkw/Store/17 - Speedmaster/Firmware/inc/libArduinoCore2560.a(WString.cpp.o)
                0x00000000000198d0                _ZN6String8getBytesEPhj
 .text._ZN6StringD1Ev
                0x0000000000019914       0x20 /home/jkw/Store/17 - Speedmaster/Firmware/inc/libArduinoCore2560.a(WString.cpp.o)
                0x0000000000019914                _ZN6StringD1Ev
 .text._ZNK6String10startsWithERKS_j
                0x0000000000019934       0x3c /home/jkw/Store/17 - Speedmaster/Firmware/inc/libArduinoCore2560.a(WString.cpp.o)
                0x0000000000019934                _ZNK6String10startsWithERKS_j
 .text._ZNK6String10startsWithERKS_
                0x0000000000019970       0x26 /home/jkw/Store/17 - Speedmaster/Firmware/inc/libArduinoCore2560.a(WString.cpp.o)
                0x0000000000019970                _ZNK6String10startsWithERKS_
 .text._ZNK6String11lastIndexOfEcj
                0x0000000000019996       0x6e /home/jkw/Store/17 - Speedmaster/Firmware/inc/libArduinoCore2560.a(WString.cpp.o)
                0x0000000000019996                _ZNK6String11lastIndexOfEcj
 .text._ZNK6String11lastIndexOfEc
                0x0000000000019a04       0x10 /home/jkw/Store/17 - Speedmaster/Firmware/inc/libArduinoCore2560.a(WString.cpp.o)
                0x0000000000019a04                _ZNK6String11lastIndexOfEc
 .text._ZNK6String7indexOfERKS_j
                0x0000000000019a14       0x3c /home/jkw/Store/17 - Speedmaster/Firmware/inc/libArduinoCore2560.a(WString.cpp.o)
                0x0000000000019a14                _ZNK6String7indexOfERKS_j
 .text._ZNK6String7indexOfERKS_
                0x0000000000019a50        0xa /home/jkw/Store/17 - Speedmaster/Firmware/inc/libArduinoCore2560.a(WString.cpp.o)
                0x0000000000019a50                _ZNK6String7indexOfERKS_
 .text._ZNK6String7indexOfEcj
                0x0000000000019a5a       0x3c /home/jkw/Store/17 - Speedmaster/Firmware/inc/libArduinoCore2560.a(WString.cpp.o)
                0x0000000000019a5a                _ZNK6String7indexOfEcj
 .text._ZNK6String7indexOfEc
                0x0000000000019a96        0xa /home/jkw/Store/17 - Speedmaster/Firmware/inc/libArduinoCore2560.a(WString.cpp.o)
                0x0000000000019a96                _ZNK6String7indexOfEc
 .text._ZNK6String6equalsERKS_
                0x0000000000019aa0       0x32 /home/jkw/Store/17 - Speedmaster/Firmware/inc/libArduinoCore2560.a(WString.cpp.o)
                0x0000000000019aa0                _ZNK6String6equalsERKS_
 .text._ZNK6String8endsWithERKS_
                0x0000000000019ad2       0x3a /home/jkw/Store/17 - Speedmaster/Firmware/inc/libArduinoCore2560.a(WString.cpp.o)
                0x0000000000019ad2                _ZNK6String8endsWithERKS_
 .text._ZNK6StringgeERKS_
                0x0000000000019b0c       0x28 /home/jkw/Store/17 - Speedmaster/Firmware/inc/libArduinoCore2560.a(WString.cpp.o)
                0x0000000000019b0c                _ZNK6StringgeERKS_
 .text._ZNK6StringleERKS_
                0x0000000000019b34       0x22 /home/jkw/Store/17 - Speedmaster/Firmware/inc/libArduinoCore2560.a(WString.cpp.o)
                0x0000000000019b34                _ZNK6StringleERKS_
 .text._ZNK6StringgtERKS_
                0x0000000000019b56       0x22 /home/jkw/Store/17 - Speedmaster/Firmware/inc/libArduinoCore2560.a(WString.cpp.o)
                0x0000000000019b56                _ZNK6StringgtERKS_
 .text._ZNK6StringltERKS_
                0x0000000000019b78       0x24 /home/jkw/Store/17 - Speedmaster/Firmware/inc/libArduinoCore2560.a(WString.cpp.o)
                0x0000000000019b78                _ZNK6StringltERKS_
 .text._ZNK6StringneERKS_
                0x0000000000019b9c       0x30 /home/jkw/Store/17 - Speedmaster/Firmware/inc/libArduinoCore2560.a(WString.cpp.o)
                0x0000000000019b9c                _ZNK6StringneERKS_
 .text._ZNK6StringeqERKS_
                0x0000000000019bcc       0x34 /home/jkw/Store/17 - Speedmaster/Firmware/inc/libArduinoCore2560.a(WString.cpp.o)
                0x0000000000019bcc                _ZNK6StringeqERKS_
 .text._ZNK6String9compareToERKS_
                0x0000000000019c00       0x12 /home/jkw/Store/17 - Speedmaster/Firmware/inc/libArduinoCore2560.a(WString.cpp.o)
                0x0000000000019c00                _ZNK6String9compareToERKS_
 .text._ZN6String9getBufferEj
                0x0000000000019c12       0x28 /home/jkw/Store/17 - Speedmaster/Firmware/inc/libArduinoCore2560.a(WString.cpp.o)
                0x0000000000019c12                _ZN6String9getBufferEj
 .text._ZN6StringpLERKS_
                0x0000000000019c3a       0x6c /home/jkw/Store/17 - Speedmaster/Firmware/inc/libArduinoCore2560.a(WString.cpp.o)
                0x0000000000019c3a                _ZN6StringpLERKS_
 .text._ZN6String6concatERKS_
                0x0000000000019ca6        0x6 /home/jkw/Store/17 - Speedmaster/Firmware/inc/libArduinoCore2560.a(WString.cpp.o)
                0x0000000000019ca6                _ZN6String6concatERKS_
 .text._ZN6StringaSERKS_
                0x0000000000019cac       0x60 /home/jkw/Store/17 - Speedmaster/Firmware/inc/libArduinoCore2560.a(WString.cpp.o)
                0x0000000000019cac                _ZN6StringaSERKS_
 .text._ZN6StringC1Eh
                0x0000000000019d0c       0x34 /home/jkw/Store/17 - Speedmaster/Firmware/inc/libArduinoCore2560.a(WString.cpp.o)
                0x0000000000019d0c                _ZN6StringC1Eh
 .text._ZN6StringC2Eh
                0x0000000000019d40       0x34 /home/jkw/Store/17 - Speedmaster/Firmware/inc/libArduinoCore2560.a(WString.cpp.o)
                0x0000000000019d40                _ZN6StringC2Eh
 .text._ZN6StringC1Ec
                0x0000000000019d74       0x34 /home/jkw/Store/17 - Speedmaster/Firmware/inc/libArduinoCore2560.a(WString.cpp.o)
                0x0000000000019d74                _ZN6StringC1Ec
 .text._ZN6StringC2Ec
                0x0000000000019da8       0x34 /home/jkw/Store/17 - Speedmaster/Firmware/inc/libArduinoCore2560.a(WString.cpp.o)
                0x0000000000019da8                _ZN6StringC2Ec
 .text._ZN6StringC1ERKS_
                0x0000000000019ddc       0x36 /home/jkw/Store/17 - Speedmaster/Firmware/inc/libArduinoCore2560.a(WString.cpp.o)
                0x0000000000019ddc                _ZN6StringC1ERKS_
 .text._ZN6StringC2ERKS_
                0x0000000000019e12       0x36 /home/jkw/Store/17 - Speedmaster/Firmware/inc/libArduinoCore2560.a(WString.cpp.o)
                0x0000000000019e12                _ZN6StringC2ERKS_
 .text._ZN6StringC1Emi
                0x0000000000019e48       0x7e /home/jkw/Store/17 - Speedmaster/Firmware/inc/libArduinoCore2560.a(WString.cpp.o)
                0x0000000000019e48                _ZN6StringC1Emi
 .text._ZN6StringC2Emi
                0x0000000000019ec6       0x7e /home/jkw/Store/17 - Speedmaster/Firmware/inc/libArduinoCore2560.a(WString.cpp.o)
                0x0000000000019ec6                _ZN6StringC2Emi
 .text._ZN6StringC1Eji
                0x0000000000019f44       0x7c /home/jkw/Store/17 - Speedmaster/Firmware/inc/libArduinoCore2560.a(WString.cpp.o)
                0x0000000000019f44                _ZN6StringC1Eji
 .text._ZN6StringC2Eji
                0x0000000000019fc0       0x7c /home/jkw/Store/17 - Speedmaster/Firmware/inc/libArduinoCore2560.a(WString.cpp.o)
                0x0000000000019fc0                _ZN6StringC2Eji
 .text._ZN6StringC1EPKc
                0x000000000001a03c       0x50 /home/jkw/Store/17 - Speedmaster/Firmware/inc/libArduinoCore2560.a(WString.cpp.o)
                0x000000000001a03c                _ZN6StringC1EPKc
 .text._ZNK6String11toUpperCaseEv
                0x000000000001a08c       0x76 /home/jkw/Store/17 - Speedmaster/Firmware/inc/libArduinoCore2560.a(WString.cpp.o)
                0x000000000001a08c                _ZNK6String11toUpperCaseEv
 .text._ZNK6String11toLowerCaseEv
                0x000000000001a102       0x76 /home/jkw/Store/17 - Speedmaster/Firmware/inc/libArduinoCore2560.a(WString.cpp.o)
                0x000000000001a102                _ZNK6String11toLowerCaseEv
 .text._ZNK6String16equalsIgnoreCaseERKS_
                0x000000000001a178       0x98 /home/jkw/Store/17 - Speedmaster/Firmware/inc/libArduinoCore2560.a(WString.cpp.o)
                0x000000000001a178                _ZNK6String16equalsIgnoreCaseERKS_
 .text._ZNK6String9substringEjj
                0x000000000001a210       0x6e /home/jkw/Store/17 - Speedmaster/Firmware/inc/libArduinoCore2560.a(WString.cpp.o)
                0x000000000001a210                _ZNK6String9substringEjj
 .text._ZNK6String9substringEj
                0x000000000001a27e       0x18 /home/jkw/Store/17 - Speedmaster/Firmware/inc/libArduinoCore2560.a(WString.cpp.o)
                0x000000000001a27e                _ZNK6String9substringEj
 .text._ZNK6String11lastIndexOfERKS_j
                0x000000000001a296       0xc8 /home/jkw/Store/17 - Speedmaster/Firmware/inc/libArduinoCore2560.a(WString.cpp.o)
                0x000000000001a296                _ZNK6String11lastIndexOfERKS_j
 .text._ZNK6String11lastIndexOfERKS_
                0x000000000001a35e       0x1c /home/jkw/Store/17 - Speedmaster/Firmware/inc/libArduinoCore2560.a(WString.cpp.o)
                0x000000000001a35e                _ZNK6String11lastIndexOfERKS_
 .text._ZNK6String4trimEv
                0x000000000001a37a       0xdc /home/jkw/Store/17 - Speedmaster/Firmware/inc/libArduinoCore2560.a(WString.cpp.o)
                0x000000000001a37a                _ZNK6String4trimEv
 .text._ZN6String7replaceERKS_S1_
                0x000000000001a456      0x136 /home/jkw/Store/17 - Speedmaster/Firmware/inc/libArduinoCore2560.a(WString.cpp.o)
                0x000000000001a456                _ZN6String7replaceERKS_S1_
 .text._ZN6String7replaceEcc
                0x000000000001a58c       0x86 /home/jkw/Store/17 - Speedmaster/Firmware/inc/libArduinoCore2560.a(WString.cpp.o)
                0x000000000001a58c                _ZN6String7replaceEcc
 .text._ZN6StringC2EPKc
                0x000000000001a612       0x50 /home/jkw/Store/17 - Speedmaster/Firmware/inc/libArduinoCore2560.a(WString.cpp.o)
                0x000000000001a612                _ZN6StringC2EPKc
 .text._ZN6StringC1Eli
                0x000000000001a662       0x7a /home/jkw/Store/17 - Speedmaster/Firmware/inc/libArduinoCore2560.a(WString.cpp.o)
                0x000000000001a662                _ZN6StringC1Eli
 .text._ZN6StringC2Eli
                0x000000000001a6dc       0x7a /home/jkw/Store/17 - Speedmaster/Firmware/inc/libArduinoCore2560.a(WString.cpp.o)
                0x000000000001a6dc                _ZN6StringC2Eli
 .text._ZN6StringC1Eii
                0x000000000001a756       0x78 /home/jkw/Store/17 - Speedmaster/Firmware/inc/libArduinoCore2560.a(WString.cpp.o)
                0x000000000001a756                _ZN6StringC1Eii
 .text._ZN6StringC2Eii
                0x000000000001a7ce       0x78 /home/jkw/Store/17 - Speedmaster/Firmware/inc/libArduinoCore2560.a(WString.cpp.o)
                0x000000000001a7ce                _ZN6StringC2Eii
 .text.avr-libc
                0x000000000001a846      0x266 /usr/lib/gcc/avr/4.5.3/../../../avr/lib/avr6/libc.a(malloc.o)
                0x000000000001a846                malloc
                0x000000000001a97a                free
 .text.avr-libc
                0x000000000001aaac        0x6 /usr/lib/gcc/avr/4.5.3/../../../avr/lib/avr6/libc.a(exit.o)
                0x000000000001aaac                exit
 .text.avr-libc
                0x000000000001aab2       0x12 /usr/lib/gcc/avr/4.5.3/../../../avr/lib/avr6/libc.a(isalpha.o)
                0x000000000001aab2                isupper
                0x000000000001aab6                isalpha
                0x000000000001aab8                islower
 .text.avr-libc
                0x000000000001aac4       0x10 /usr/lib/gcc/avr/4.5.3/../../../avr/lib/avr6/libc.a(isspace.o)
                0x000000000001aac4                isspace
 .text.avr-libc
                0x000000000001aad4       0x10 /usr/lib/gcc/avr/4.5.3/../../../avr/lib/avr6/libc.a(tolower.o)
                0x000000000001aad4                tolower
 .text.avr-libc
                0x000000000001aae4       0x10 /usr/lib/gcc/avr/4.5.3/../../../avr/lib/avr6/libc.a(toupper.o)
                0x000000000001aae4                toupper
 .text.avr-libc
                0x000000000001aaf4       0x12 /usr/lib/gcc/avr/4.5.3/../../../avr/lib/avr6/libc.a(strcmp_P.o)
                0x000000000001aaf4                strcmp_P
 .text.avr-libc
                0x000000000001ab06        0xe /usr/lib/gcc/avr/4.5.3/../../../avr/lib/avr6/libc.a(strcpy_P.o)
                0x000000000001ab06                strcpy_P
 .text.avr-libc
                0x000000000001ab14       0x12 /usr/lib/gcc/avr/4.5.3/../../../avr/lib/avr6/libc.a(strlen_P.o)
                0x000000000001ab14                strlen_P
 .text.avr-libc
                0x000000000001ab26       0x1a /usr/lib/gcc/avr/4.5.3/../../../avr/lib/avr6/libc.a(memcmp.o)
                0x000000000001ab26                memcmp
 .text.avr-libc
                0x000000000001ab40       0x12 /usr/lib/gcc/avr/4.5.3/../../../avr/lib/avr6/libc.a(memcpy.o)
                0x000000000001ab40                memcpy
 .text.avr-libc
                0x000000000001ab52        0xe /usr/lib/gcc/avr/4.5.3/../../../avr/lib/avr6/libc.a(memset.o)
                0x000000000001ab52                memset
 .text.avr-libc
                0x000000000001ab60       0x16 /usr/lib/gcc/avr/4.5.3/../../../avr/lib/avr6/libc.a(strcat.o)
                0x000000000001ab60                strcat
 .text.avr-libc
                0x000000000001ab76       0x16 /usr/lib/gcc/avr/4.5.3/../../../avr/lib/avr6/libc.a(strchr.o)
                0x000000000001ab76                strchr
 .text.avr-libc
                0x000000000001ab8c       0x12 /usr/lib/gcc/avr/4.5.3/../../../avr/lib/avr6/libc.a(strcmp.o)
                0x000000000001ab8c                strcmp
 .text.avr-libc
                0x000000000001ab9e        0xe /usr/lib/gcc/avr/4.5.3/../../../avr/lib/avr6/libc.a(strcpy.o)
                0x000000000001ab9e                strcpy
 .text.avr-libc
                0x000000000001abac       0x1c /usr/lib/gcc/avr/4.5.3/../../../avr/lib/avr6/libc.a(strncmp.o)
                0x000000000001abac                strncmp
 .text.avr-libc
                0x000000000001abc8       0x1e /usr/lib/gcc/avr/4.5.3/../../../avr/lib/avr6/libc.a(strncpy.o)
                0x000000000001abc8                strncpy
 .text.avr-libc
                0x000000000001abe6       0x16 /usr/lib/gcc/avr/4.5.3/../../../avr/lib/avr6/libc.a(strrchr.o)
                0x000000000001abe6                strrchr
 .text.avr-libc
                0x000000000001abfc       0x34 /usr/lib/gcc/avr/4.5.3/../../../avr/lib/avr6/libc.a(strstr.o)
                0x000000000001abfc                strstr
 .text.avr-libc
                0x000000000001ac30       0x42 /usr/lib/gcc/avr/4.5.3/../../../avr/lib/avr6/libc.a(itoa.o)
                0x000000000001ac30                itoa
 .text.avr-libc
                0x000000000001ac72       0x68 /usr/lib/gcc/avr/4.5.3/../../../avr/lib/avr6/libc.a(ltoa.o)
                0x000000000001ac72                ltoa
 .text.avr-libc
                0x000000000001acda       0x4a /usr/lib/gcc/avr/4.5.3/../../../avr/lib/avr6/libc.a(ultoa.o)
                0x000000000001acda                ultoa
 .text.avr-libc
                0x000000000001ad24       0x60 /usr/lib/gcc/avr/4.5.3/../../../avr/lib/avr6/libc.a(sprintf.o)
                0x000000000001ad24                sprintf
 .text.avr-libc.fplib
                0x000000000001ad84        0xa /usr/lib/gcc/avr/4.5.3/../../../avr/lib/avr6/libc.a(addsf3.o)
                0x000000000001ad84                __subsf3
                0x000000000001ad86                __addsf3
 .text.avr-libc.fplib
                0x000000000001ad8e       0xc0 /usr/lib/gcc/avr/4.5.3/../../../avr/lib/avr6/libc.a(addsf3x.o)
                0x000000000001ada8                __addsf3x
 .text.avr-libc.fplib
                0x000000000001ae4e       0x2e /usr/lib/gcc/avr/4.5.3/../../../avr/lib/avr6/libc.a(asin.o)
                0x000000000001ae4e                asin
 .text.avr-libc.fplib
                0x000000000001ae7c        0x8 /usr/lib/gcc/avr/4.5.3/../../../avr/lib/avr6/libc.a(cmpsf2.o)
                0x000000000001ae7c                __lesf2
                0x000000000001ae7c                __nesf2
                0x000000000001ae7c                __eqsf2
                0x000000000001ae7c                __cmpsf2
                0x000000000001ae7c                __ltsf2
 .text.avr-libc.fplib
                0x000000000001ae84        0x6 /usr/lib/gcc/avr/4.5.3/../../../avr/lib/avr6/libc.a(cos.o)
                0x000000000001ae84                cos
 .text.avr-libc.fplib
                0x000000000001ae8a        0x4 /usr/lib/gcc/avr/4.5.3/../../../avr/lib/avr6/libc.a(divsf3.o)
                0x000000000001ae8a                __divsf3
 .text.avr-libc.fplib
                0x000000000001ae8e       0xcc /usr/lib/gcc/avr/4.5.3/../../../avr/lib/avr6/libc.a(divsf3x.o)
                0x000000000001aea4                __divsf3x
                0x000000000001aea8                __divsf3_pse
 .text.avr-libc.fplib
                0x000000000001af5a        0xa /usr/lib/gcc/avr/4.5.3/../../../avr/lib/avr6/libc.a(fixsfsi.o)
                0x000000000001af5a                __fixsfsi
 .text.avr-libc.fplib
                0x000000000001af64       0x58 /usr/lib/gcc/avr/4.5.3/../../../avr/lib/avr6/libc.a(fixunssfsi.o)
                0x000000000001af64                __fixunssfsi
 .text.avr-libc.fplib
                0x000000000001afbc       0x7a /usr/lib/gcc/avr/4.5.3/../../../avr/lib/avr6/libc.a(floatsisf.o)
                0x000000000001afbc                __floatunsisf
                0x000000000001afc0                __floatsisf
 .text.avr-libc.fplib
                0x000000000001b036       0x26 /usr/lib/gcc/avr/4.5.3/../../../avr/lib/avr6/libc.a(floor.o)
                0x000000000001b036                floor
 .text.avr-libc.fplib
                0x000000000001b05c       0x36 /usr/lib/gcc/avr/4.5.3/../../../avr/lib/avr6/libc.a(fp_arccos.o)
                0x000000000001b05c                __fp_arccos
 .text.avr-libc.fplib
                0x000000000001b092       0x48 /usr/lib/gcc/avr/4.5.3/../../../avr/lib/avr6/libc.a(fp_cmp.o)
                0x000000000001b092                __fp_cmp
 .text.avr-libc.fplib
                0x000000000001b0da        0xc /usr/lib/gcc/avr/4.5.3/../../../avr/lib/avr6/libc.a(fp_inf.o)
                0x000000000001b0da                __fp_inf
 .text.avr-libc.fplib
                0x000000000001b0e6       0x36 /usr/lib/gcc/avr/4.5.3/../../../avr/lib/avr6/libc.a(fp_mintl.o)
                0x000000000001b0e6                __fp_mintl
 .text.avr-libc.fplib
                0x000000000001b11c       0x1c /usr/lib/gcc/avr/4.5.3/../../../avr/lib/avr6/libc.a(fp_mpack.o)
                0x000000000001b11c                __fp_mpack
                0x000000000001b120                __fp_mpack_finite
 .text.avr-libc.fplib
                0x000000000001b138        0x6 /usr/lib/gcc/avr/4.5.3/../../../avr/lib/avr6/libc.a(fp_nan.o)
                0x000000000001b138                __fp_nan
 .text.avr-libc.fplib
                0x000000000001b13e       0x4a /usr/lib/gcc/avr/4.5.3/../../../avr/lib/avr6/libc.a(fp_powser.o)
                0x000000000001b13e                __fp_powser
 .text.avr-libc.fplib
                0x000000000001b188       0x22 /usr/lib/gcc/avr/4.5.3/../../../avr/lib/avr6/libc.a(fp_powsodd.o)
                0x000000000001b188                __fp_powsodd
 .text.avr-libc.fplib
                0x000000000001b1aa        0xe /usr/lib/gcc/avr/4.5.3/../../../avr/lib/avr6/libc.a(fp_pscA.o)
                0x000000000001b1aa                __fp_pscA
 .text.avr-libc.fplib
                0x000000000001b1b8        0xe /usr/lib/gcc/avr/4.5.3/../../../avr/lib/avr6/libc.a(fp_pscB.o)
                0x000000000001b1b8                __fp_pscB
 .text.avr-libc.fplib
                0x000000000001b1c6       0x50 /usr/lib/gcc/avr/4.5.3/../../../avr/lib/avr6/libc.a(fp_rempio2.o)
                0x000000000001b1c8                __fp_rempio2
 .text.avr-libc.fplib
                0x000000000001b216       0x22 /usr/lib/gcc/avr/4.5.3/../../../avr/lib/avr6/libc.a(fp_round.o)
                0x000000000001b216                __fp_round
 .text.avr-libc.fplib
                0x000000000001b238       0x22 /usr/lib/gcc/avr/4.5.3/../../../avr/lib/avr6/libc.a(fp_sinus.o)
                0x000000000001b238                __fp_sinus
 .text.avr-libc.fplib
                0x000000000001b25a       0x44 /usr/lib/gcc/avr/4.5.3/../../../avr/lib/avr6/libc.a(fp_split3.o)
                0x000000000001b25a                __fp_split3
                0x000000000001b26a                __fp_splitA
 .text.avr-libc.fplib
                0x000000000001b29e       0x2e /usr/lib/gcc/avr/4.5.3/../../../avr/lib/avr6/libc.a(fp_trunc.o)
                0x000000000001b29e                __fp_trunc
 .text.avr-libc.fplib
                0x000000000001b2cc        0xe /usr/lib/gcc/avr/4.5.3/../../../avr/lib/avr6/libc.a(fp_zero.o)
                0x000000000001b2cc                __fp_zero
                0x000000000001b2ce                __fp_szero
 .text.avr-libc.fplib
                0x000000000001b2da        0x8 /usr/lib/gcc/avr/4.5.3/../../../avr/lib/avr6/libc.a(gesf2.o)
                0x000000000001b2da                __gtsf2
                0x000000000001b2da                __gesf2
 .text.avr-libc.fplib
                0x000000000001b2e2        0x4 /usr/lib/gcc/avr/4.5.3/../../../avr/lib/avr6/libc.a(mulsf3.o)
                0x000000000001b2e2                __mulsf3
 .text.avr-libc.fplib
                0x000000000001b2e6       0xc2 /usr/lib/gcc/avr/4.5.3/../../../avr/lib/avr6/libc.a(mulsf3x.o)
                0x000000000001b2fa                __mulsf3x
                0x000000000001b2fe                __mulsf3_pse
 .text.avr-libc.fplib
                0x000000000001b3a8       0x98 /usr/lib/gcc/avr/4.5.3/../../../avr/lib/avr6/libc.a(pow.o)
                0x000000000001b3a8                pow
 .text.avr-libc.fplib
                0x000000000001b440        0xc /usr/lib/gcc/avr/4.5.3/../../../avr/lib/avr6/libc.a(sin.o)
                0x000000000001b440                sin
 .text.avr-libc.fplib
                0x000000000001b44c       0x84 /usr/lib/gcc/avr/4.5.3/../../../avr/lib/avr6/libc.a(sqrt.o)
                0x000000000001b454                sqrt
 .text.avr-libc
                0x000000000001b4d0      0x420 /usr/lib/gcc/avr/4.5.3/../../../avr/lib/avr6/libc.a(vfprintf_std.o)
                0x000000000001b4d0                vfprintf
 .text.avr-libc
                0x000000000001b8f0       0x10 /usr/lib/gcc/avr/4.5.3/../../../avr/lib/avr6/libc.a(eerd_byte_atmega2560.o)
                0x000000000001b8f0                __eerd_byte_m2560
 .text.avr-libc
                0x000000000001b900       0x1c /usr/lib/gcc/avr/4.5.3/../../../avr/lib/avr6/libc.a(eewr_byte_atmega2560.o)
                0x000000000001b900                __eewr_byte_m2560
                0x000000000001b902                __eewr_r18_m2560
 .text.avr-libc
                0x000000000001b91c        0x6 /usr/lib/gcc/avr/4.5.3/../../../avr/lib/avr6/libc.a(cty_isfalse.o)
                0x000000000001b91c                __ctype_isfalse
                0x000000000001b920                __ctype_istrue
 .text.avr-libc
                0x000000000001b922       0x16 /usr/lib/gcc/avr/4.5.3/../../../avr/lib/avr6/libc.a(strnlen_P.o)