Archive member included because of file (symbol)

/home/jkw/Store/17 - Speedmaster/Firmware/inc/libArduinoCore2560.a(WInterrupts.c.o)
                              ./dz.o (attachInterrupt)
/home/jkw/Store/17 - Speedmaster/Firmware/inc/libArduinoCore2560.a(wiring.c.o)
                              ./blinker.o (millis)
/home/jkw/Store/17 - Speedmaster/Firmware/inc/libArduinoCore2560.a(wiring_analog.c.o)
                              ./temperature.o (analogRead)
/home/jkw/Store/17 - Speedmaster/Firmware/inc/libArduinoCore2560.a(wiring_digital.c.o)
                              ./aktors.o (pinMode)
/home/jkw/Store/17 - Speedmaster/Firmware/inc/libArduinoCore2560.a(HardwareSerial.cpp.o)
                              ./main.o (_ZN14HardwareSerial5beginEl)
/home/jkw/Store/17 - Speedmaster/Firmware/inc/libArduinoCore2560.a(Print.cpp.o)
                              /home/jkw/Store/17 - Speedmaster/Firmware/inc/libArduinoCore2560.a(HardwareSerial.cpp.o) (_ZN5Print5writeEPKc)
/home/jkw/Store/17 - Speedmaster/Firmware/inc/libArduinoCore2560.a(WString.cpp.o)
                              /home/jkw/Store/17 - Speedmaster/Firmware/inc/libArduinoCore2560.a(Print.cpp.o) (_ZNK6StringixEj)
/usr/lib/gcc/avr/4.5.3/../../../avr/lib/avr6/libc.a(malloc.o)
                              ./config.o (malloc)
/usr/lib/gcc/avr/4.5.3/../../../avr/lib/avr6/libc.a(exit.o)
                              /usr/lib/gcc/avr/4.5.3/../../../avr/lib/avr6/crtm2560.o (exit)
/usr/lib/gcc/avr/4.5.3/../../../avr/lib/avr6/libc.a(isalpha.o)
                              ./inc/istream.o (isupper)
/usr/lib/gcc/avr/4.5.3/../../../avr/lib/avr6/libc.a(isspace.o)
                              ./inc/istream.o (isspace)
/usr/lib/gcc/avr/4.5.3/../../../avr/lib/avr6/libc.a(tolower.o)
                              /home/jkw/Store/17 - Speedmaster/Firmware/inc/libArduinoCore2560.a(WString.cpp.o) (tolower)
/usr/lib/gcc/avr/4.5.3/../../../avr/lib/avr6/libc.a(toupper.o)
                              /home/jkw/Store/17 - Speedmaster/Firmware/inc/libArduinoCore2560.a(WString.cpp.o) (toupper)
/usr/lib/gcc/avr/4.5.3/../../../avr/lib/avr6/libc.a(strcmp_P.o)
                              ./config.o (strcmp_P)
/usr/lib/gcc/avr/4.5.3/../../../avr/lib/avr6/libc.a(strcpy_P.o)
                              ./config.o (strcpy_P)
/usr/lib/gcc/avr/4.5.3/../../../avr/lib/avr6/libc.a(strlen_P.o)
                              ./inc/ostream.o (strlen_P)
/usr/lib/gcc/avr/4.5.3/../../../avr/lib/avr6/libc.a(memcmp.o)
                              ./inc/SdFile.o (memcmp)
/usr/lib/gcc/avr/4.5.3/../../../avr/lib/avr6/libc.a(memcpy.o)
                              ./inc/SdFile.o (memcpy)
/usr/lib/gcc/avr/4.5.3/../../../avr/lib/avr6/libc.a(memset.o)
                              ./gps.o (memset)
/usr/lib/gcc/avr/4.5.3/../../../avr/lib/avr6/libc.a(strcat.o)
                              /home/jkw/Store/17 - Speedmaster/Firmware/inc/libArduinoCore2560.a(WString.cpp.o) (strcat)
/usr/lib/gcc/avr/4.5.3/../../../avr/lib/avr6/libc.a(strchr.o)
                              ./inc/SdFile.o (strchr)
/usr/lib/gcc/avr/4.5.3/../../../avr/lib/avr6/libc.a(strcmp.o)
                              ./config.o (strcmp)
/usr/lib/gcc/avr/4.5.3/../../../avr/lib/avr6/libc.a(strcpy.o)
                              ./config.o (strcpy)
/usr/lib/gcc/avr/4.5.3/../../../avr/lib/avr6/libc.a(strncmp.o)
                              ./config.o (strncmp)
/usr/lib/gcc/avr/4.5.3/../../../avr/lib/avr6/libc.a(strncpy.o)
                              /home/jkw/Store/17 - Speedmaster/Firmware/inc/libArduinoCore2560.a(WString.cpp.o) (strncpy)
/usr/lib/gcc/avr/4.5.3/../../../avr/lib/avr6/libc.a(strrchr.o)
                              /home/jkw/Store/17 - Speedmaster/Firmware/inc/libArduinoCore2560.a(WString.cpp.o) (strrchr)
/usr/lib/gcc/avr/4.5.3/../../../avr/lib/avr6/libc.a(strstr.o)
                              /home/jkw/Store/17 - Speedmaster/Firmware/inc/libArduinoCore2560.a(WString.cpp.o) (strstr)
/usr/lib/gcc/avr/4.5.3/../../../avr/lib/avr6/libc.a(itoa.o)
                              /home/jkw/Store/17 - Speedmaster/Firmware/inc/libArduinoCore2560.a(WString.cpp.o) (itoa)
/usr/lib/gcc/avr/4.5.3/../../../avr/lib/avr6/libc.a(ltoa.o)
                              /home/jkw/Store/17 - Speedmaster/Firmware/inc/libArduinoCore2560.a(WString.cpp.o) (ltoa)
/usr/lib/gcc/avr/4.5.3/../../../avr/lib/avr6/libc.a(ultoa.o)
                              /home/jkw/Store/17 - Speedmaster/Firmware/inc/libArduinoCore2560.a(WString.cpp.o) (ultoa)
/usr/lib/gcc/avr/4.5.3/../../../avr/lib/avr6/libc.a(sprintf.o)
                              ./clock_me.o (sprintf)
/usr/lib/gcc/avr/4.5.3/../../../avr/lib/avr6/libc.a(addsf3.o)
                              ./aktors.o (__subsf3)
/usr/lib/gcc/avr/4.5.3/../../../avr/lib/avr6/libc.a(addsf3x.o)
                              /usr/lib/gcc/avr/4.5.3/../../../avr/lib/avr6/libc.a(addsf3.o) (__addsf3x)
/usr/lib/gcc/avr/4.5.3/../../../avr/lib/avr6/libc.a(asin.o)
                              ./gps.o (asin)
[...]
Memory Configuration

Name             Origin             Length             Attributes
text             0x0000000000000000 0x0000000000100000 xr
data             0x0000000000800200 0x000000000000fe00 rw !x
eeprom           0x0000000000810000 0x0000000000010000 rw !x
fuse             0x0000000000820000 0x0000000000000400 rw !x
lock             0x0000000000830000 0x0000000000000400 rw !x
signature        0x0000000000840000 0x0000000000000400 rw !x
*default*        0x0000000000000000 0xffffffffffffffff

Linker script and memory map

Address of section .data set to 0x800200
LOAD /usr/lib/gcc/avr/4.5.3/../../../avr/lib/avr6/crtm2560.o
LOAD ./aktors.o
LOAD ./blinker.o
LOAD ./clock_me.o
LOAD ./config.o
LOAD ./debug.o
LOAD ./display.o
LOAD ./dz.o
LOAD ./file_manager.o
LOAD ./fuel.o
LOAD ./gear.o
LOAD ./gps.o
LOAD ./helper.o
LOAD ./main.o
LOAD ./menu.o
LOAD ./oiler.o
LOAD ./reset.o
LOAD ./sd.o
LOAD ./sensors.o
LOAD ./speed.o
LOAD ./speedo.o
LOAD ./sprint.o
LOAD ./stepper.o
LOAD ./temperature.o
LOAD ./tetris.o
LOAD ./timer.o
LOAD ./voltage.o
LOAD ./inc/EEPROM.o
LOAD ./inc/Sd2Card.o
LOAD ./inc/SdFat.o
LOAD ./inc/SdFatUtil.o
LOAD ./inc/SdFile.o
LOAD ./inc/SdStream.o
LOAD ./inc/SdVolume.o
LOAD ./inc/Wire.o
LOAD ./inc/istream.o
LOAD ./inc/ostream.o
LOAD ./inc/pins_arduino.o
LOAD ./inc/ssd0323.o
LOAD ./inc/twi.o
LOAD /home/jkw/Store/17 - Speedmaster/Firmware/inc/libArduinoCore2560.a
LOAD /usr/lib/gcc/avr/4.5.3/../../../avr/lib/avr6/libc.a
LOAD /usr/lib/gcc/avr/4.5.3/avr6/libgcc.a
LOAD /usr/lib/gcc/avr/4.5.3/../../../avr/lib/avr6/libm.a
LOAD /usr/lib/gcc/avr/4.5.3/../../../avr/lib/avr6/libc.a
LOAD /usr/lib/gcc/avr/4.5.3/avr6/libgcc.a
LOAD /usr/lib/gcc/avr/4.5.3/../../../avr/lib/avr6/libc.a
LOAD /usr/lib/gcc/avr/4.5.3/avr6/libgcc.a

.hash
 *(.hash)

.dynsym
 *(.dynsym)

.dynstr
 *(.dynstr)

.gnu.version
 *(.gnu.version)

.gnu.version_d
 *(.gnu.version_d)

.gnu.version_r
 *(.gnu.version_r)

.rel.init
 *(.rel.init)

.rela.init
 *(.rela.init)

.rel.text
 *(.rel.text)
 *(.rel.text.*)
 *(.rel.gnu.linkonce.t*)

.rela.text
 *(.rela.text)
 *(.rela.text.*)
 *(.rela.gnu.linkonce.t*)

.rel.fini
 *(.rel.fini)

.rela.fini
 *(.rela.fini)

.rel.rodata
 *(.rel.rodata)
 *(.rel.rodata.*)
 *(.rel.gnu.linkonce.r*)

.rela.rodata
 *(.rela.rodata)
 *(.rela.rodata.*)
 *(.rela.gnu.linkonce.r*)

.rel.data
 *(.rel.data)
 *(.rel.data.*)
 *(.rel.gnu.linkonce.d*)

.rela.data
 *(.rela.data)
 *(.rela.data.*)
 *(.rela.gnu.linkonce.d*)

.rel.ctors
 *(.rel.ctors)

.rela.ctors
 *(.rela.ctors)

.rel.dtors
 *(.rel.dtors)

.rela.dtors
 *(.rela.dtors)

.rel.got
 *(.rel.got)

.rela.got
 *(.rela.got)

.rel.bss
 *(.rel.bss)

.rela.bss
 *(.rela.bss)

.rel.plt
 *(.rel.plt)

.rela.plt
 *(.rela.plt)

.text           0x0000000000000000    0x210ae
 *(.vectors)
 .vectors       0x0000000000000000       0xe4 /usr/lib/gcc/avr/4.5.3/../../../avr/lib/avr6/crtm2560.o
                0x0000000000000000                __vectors
                0x0000000000000000                __vector_default
 *(.vectors)
 *(.progmem.gcc*)
 .progmem.gcc_fplib
                0x00000000000000e4       0x14 /usr/lib/gcc/avr/4.5.3/../../../avr/lib/avr6/libc.a(asin.o)
 .progmem.gcc_fplib
                0x00000000000000f8       0x28 /usr/lib/gcc/avr/4.5.3/../../../avr/lib/avr6/libc.a(fp_arccos.o)
 .progmem.gcc_fplib
                0x0000000000000120       0x1e /usr/lib/gcc/avr/4.5.3/../../../avr/lib/avr6/libc.a(fp_sinus.o)
 .progmem.gcc_fplib
                0x000000000000013e       0x28 /usr/lib/gcc/avr/4.5.3/../../../avr/lib/avr6/libc.a(exp.o)
 .progmem.gcc_fplib
                0x0000000000000166       0x5a /usr/lib/gcc/avr/4.5.3/../../../avr/lib/avr6/libc.a(log.o)
 *(.progmem*)
 .progmem.data  0x00000000000001c0       0x12 ./blinker.o
 .progmem.data  0x00000000000001d2       0x10 ./clock_me.o
 .progmem.data  0x00000000000001e2      0x68e ./config.o
 .progmem.data  0x0000000000000870       0xaa ./display.o
 .progmem.data  0x000000000000091a      0x113 ./file_manager.o
 .progmem.data  0x0000000000000a2d       0x51 ./gear.o
 .progmem.data  0x0000000000000a7e       0x45 ./gps.o
 .progmem.data  0x0000000000000ac3       0x3c ./main.o
 .progmem.data  0x0000000000000aff      0x6a3 ./menu.o
                0x0000000000000aff                main_m_0
                0x0000000000000b0c                main_m_1
                0x0000000000000b1b                main_m_2
                0x0000000000000b29                main_m_3
                0x0000000000000b2e                main_m_4
                0x0000000000000b3f                main_m_5
                0x0000000000000b4c                main_m_6
                0x0000000000000b55                main_m_7
                0x0000000000000b64                main_m_8
                0x0000000000000b74                menu_main
                0x0000000000000b86                setup_m_0
                0x0000000000000b95                setup_m_1
                0x0000000000000ba5                setup_m_2
                0x0000000000000bb6                setup_m_3
                0x0000000000000bc6                setup_m_4
                0x0000000000000bd9                setup_m_5
                0x0000000000000beb                setup_m_6
                0x0000000000000bf0                setup_m_7
                0x0000000000000bf5                setup_m_8
                0x0000000000000bfe                menu_setup
                0x0000000000000c10                custom_m_0
                0x0000000000000c1d                custom_m_1
                0x0000000000000c2b                custom_m_2
                0x0000000000000c39                custom_m_3
                0x0000000000000c47                custom_m_4
                0x0000000000000c54                custom_m_5
                0x0000000000000c63                custom_m_6
                0x0000000000000c68                custom_m_7
                0x0000000000000c7a                custom_m_8
                0x0000000000000c89                menu_custom
                0x0000000000000c9b                einfo_m_0
                0x0000000000000cac                einfo_m_1
                0x0000000000000cbd                einfo_m_2
                0x0000000000000cc8                einfo_m_3
                0x0000000000000ccd                einfo_m_4
                0x0000000000000cd2                einfo_m_5
                0x0000000000000cd7                einfo_m_6
                0x0000000000000cdc                einfo_m_7
                0x0000000000000ce1                einfo_m_8
                0x0000000000000ceb                menu_einfo
                0x0000000000000cfd                navi_m_0
                0x0000000000000d0b                navi_m_1
                0x0000000000000d1a                navi_m_2
                0x0000000000000d26                navi_m_3
                0x0000000000000d36                navi_m_4
                0x0000000000000d3b                navi_m_5
                0x0000000000000d40                navi_m_6
                0x0000000000000d45                navi_m_7
                0x0000000000000d4a                navi_m_8
                0x0000000000000d4f                menu_navi
                0x0000000000000d61                titel_0
                0x0000000000000d6f                titel_1
                0x0000000000000d70                titel_2
                0x0000000000000d71                titel_3
                0x0000000000000d80                titel_4
                0x0000000000000d81                titel_5
                0x0000000000000d91                titel_6
                0x0000000000000d9f                titel_7
                0x0000000000000da9                titel_8
                0x0000000000000daa                titel_9
                0x0000000000000db7                menu_titel
                0x0000000000000dcb                trip_setup_m_0
                0x0000000000000dd1                trip_setup_m_1
                0x0000000000000dde                trip_setup_m_2
                0x0000000000000de2                trip_setup_m_3
                0x0000000000000de7                trip_setup_m_4
                0x0000000000000ded                trip_setup_m_5
                0x0000000000000df2                trip_setup_m_6
                0x0000000000000df8                trip_setup_m_7
                0x0000000000000dff                trip_setup_m_8
                0x0000000000000e05                menu_trip_setup
 .progmem.data  0x00000000000011a2       0x10 ./oiler.o
 .progmem.data  0x00000000000011b2       0x19 ./reset.o
 .progmem.data  0x00000000000011cb       0x39 ./sd.o
 .progmem.data  0x0000000000001204       0x12 ./sensors.o
 .progmem.data  0x0000000000001216       0x12 ./speed.o
 .progmem.data  0x0000000000001228       0x64 ./speedo.o
 .progmem.data  0x000000000000128c        0xe ./sprint.o
 .progmem.data  0x000000000000129a       0x45 ./tetris.o
 .progmem.data  0x00000000000012df        0x9 ./voltage.o
 .progmem.data  0x00000000000012e8       0xc0 ./inc/SdFat.o
 .progmem.data  0x00000000000013a8       0x13 ./inc/SdFile.o
 .progmem.data  0x00000000000013bb        0xb ./inc/istream.o
 .progmem.data  0x00000000000013c6       0x13 ./inc/ostream.o
 .progmem.data  0x00000000000013d9      0x120 ./inc/pins_arduino.o
                0x00000000000013d9                port_to_mode_PGM
                0x00000000000013f3                port_to_output_PGM
                0x000000000000140d                port_to_input_PGM
                0x0000000000001427                digital_pin_to_port_PGM
                0x000000000000146d                digital_pin_to_bit_mask_PGM
                0x00000000000014b3                digital_pin_to_timer_PGM
 .progmem.data  0x00000000000014f9      0xcc0 ./inc/ssd0323.o
                0x00000000000021ba                . = ALIGN (0x2)
 *fill*         0x00000000000021b9        0x1 00
                0x00000000000021ba                __trampolines_start = .
 *(.trampolines)
 .trampolines   0x00000000000021ba        0x0 linker stubs
 *(.trampolines*)
                0x00000000000021ba                __trampolines_end = .
 *(.jumptables)
 *(.jumptables*)
 *(.lowtext)
 *(.lowtext*)
                0x00000000000021ba                __ctors_start = .
 *(.ctors)
 .ctors         0x00000000000021ba        0x2 ./main.o
 .ctors         0x00000000000021bc        0x2 ./inc/Wire.o
 .ctors         0x00000000000021be        0x2 /home/jkw/Store/17 - Speedmaster/Firmware/inc/libArduinoCore2560.a(HardwareSerial.cpp.o)
                0x00000000000021c0                __ctors_end = .
                0x00000000000021c0                __dtors_start = .
 *(.dtors)
                0x00000000000021c0                __dtors_end = .
 SORT(*)(.ctors)
 SORT(*)(.dtors)
 *(.init0)
 .init0         0x00000000000021c0        0x0 /usr/lib/gcc/avr/4.5.3/../../../avr/lib/avr6/crtm2560.o
                0x00000000000021c0                __init
 *(.init0)
 *(.init1)
 *(.init1)
 *(.init2)
 .init2         0x00000000000021c0       0x10 /usr/lib/gcc/avr/4.5.3/../../../avr/lib/avr6/crtm2560.o
 *(.init2)
 *(.init3)
 *(.init3)
 *(.init4)
 .init4         0x00000000000021d0       0x1a /usr/lib/gcc/avr/4.5.3/avr6/libgcc.a(_copy_data.o)
                0x00000000000021d0                __do_copy_data
 .init4         0x00000000000021ea       0x10 /usr/lib/gcc/avr/4.5.3/avr6/libgcc.a(_clear_bss.o)
                0x00000000000021ea                __do_clear_bss
 *(.init4)
 *(.init5)
 *(.init5)
 *(.init6)
 .init6         0x00000000000021fa       0x20 /usr/lib/gcc/avr/4.5.3/avr6/libgcc.a(_ctors.o)
                0x00000000000021fa                __do_global_ctors
 *(.init6)
 *(.init7)
 *(.init7)
 *(.init8)
 *(.init8)
 *(.init9)
 .init9         0x000000000000221a        0x8 /usr/lib/gcc/avr/4.5.3/../../../avr/lib/avr6/crtm2560.o
 *(.init9)
 *(.text)
 .text          0x0000000000002222        0x4 /usr/lib/gcc/avr/4.5.3/../../../avr/lib/avr6/crtm2560.o
                0x0000000000002222                __vector_38
                0x0000000000002222                __vector_22
                0x0000000000002222                __vector_28
                0x0000000000002222                __vector_32
                0x0000000000002222                __vector_34
                0x0000000000002222                __vector_24
                0x0000000000002222                __vector_12
                0x0000000000002222                __vector_55
                0x0000000000002222                __vector_46
                0x0000000000002222                __bad_interrupt
                0x0000000000002222                __vector_31
                0x0000000000002222                __vector_30
                0x0000000000002222                __vector_45
                0x0000000000002222                __vector_11
                0x0000000000002222                __vector_13
                0x0000000000002222                __vector_17
                0x0000000000002222                __vector_19
                0x0000000000002222                __vector_56
                0x0000000000002222                __vector_49
                0x0000000000002222                __vector_41
                0x0000000000002222                __vector_43
                0x0000000000002222                __vector_27
                0x0000000000002222                __vector_33
                0x0000000000002222                __vector_47
                0x0000000000002222                __vector_52
                0x0000000000002222                __vector_37
                0x0000000000002222                __vector_44
                0x0000000000002222                __vector_9
                0x0000000000002222                __vector_21
                0x0000000000002222                __vector_15
                0x0000000000002222                __vector_29
                0x0000000000002222                __vector_40
                0x0000000000002222                __vector_26
                0x0000000000002222                __vector_48
                0x0000000000002222                __vector_14
                0x0000000000002222                __vector_53
                0x0000000000002222                __vector_10
                0x0000000000002222                __vector_50
                0x0000000000002222                __vector_16
                0x0000000000002222                __vector_18
                0x0000000000002222                __vector_20
                0x0000000000002222                __vector_42
 .text          0x0000000000002226      0x776 ./aktors.o
                0x0000000000002226                _ZN13Speedo_aktorsC2Ev
                0x0000000000002226                _ZN13Speedo_aktorsC1Ev
                0x000000000000224c                _ZN13Speedo_aktorsD2Ev
                0x000000000000224c                _ZN13Speedo_aktorsD1Ev
                0x000000000000224e                _ZN13Speedo_aktors10set_rgb_inEiiii
                0x000000000000230e                _ZN13Speedo_aktors10set_rgb_inEiii
                0x0000000000002320                _ZN13Speedo_aktors11set_rgb_outEiiii
                0x00000000000023ce                _ZN13Speedo_aktors11set_rgb_outEiii
                0x00000000000023e0                _ZN13Speedo_aktors11dimm_rgb_toEiiiii
                0x000000000000245e                _ZN13Speedo_aktors4initEv
                0x00000000000024e6                _ZN13Speedo_aktors14timer_overflowEv
                0x000000000000292e                _ZN13Speedo_aktors14dimm_availableEv
                0x0000000000002944                __vector_35
 .text          0x000000000000299c      0x150 ./blinker.o
                0x000000000000299c                _ZN13moped_blinkerC1Ev
                0x000000000000299c                _ZN13moped_blinkerC2Ev
                0x000000000000299e                _ZN13moped_blinkerD2Ev
                0x000000000000299e                _ZN13moped_blinkerD1Ev
                0x00000000000029a0                _ZN13moped_blinker5checkEv
                0x0000000000002a4a                _ZN13moped_blinker9set_startEmi
                0x0000000000002a78                _ZN13moped_blinker4warnEm
                0x0000000000002abc                _ZN13moped_blinker4initEv
 .text          0x0000000000002aec      0x326 ./clock_me.o
                0x0000000000002aec                _ZN12speedo_clockC2Ev
                0x0000000000002aec                _ZN12speedo_clockC1Ev
                0x0000000000002aee                _ZN12speedo_clockD1Ev
                0x0000000000002aee                _ZN12speedo_clockD2Ev
                0x0000000000002af0                _ZN12speedo_clock7changedEPi
                0x0000000000002b16                _ZN12speedo_clock8decToBcdEc
                0x0000000000002b26                _ZN12speedo_clock8bcdToDecEc
                0x0000000000002b3e                _ZN12speedo_clock13set_date_timeEiiiiiiii
                0x0000000000002c4c                _ZN12speedo_clock4initEv
                0x0000000000002c7c                _ZN12speedo_clock7getdateEv
                0x0000000000002ca0                _ZN12speedo_clock13get_long_dateEv
                0x0000000000002d2c                _ZN12speedo_clock9get_daylsEv
                0x0000000000002d34                _ZN12speedo_clock6get_ssEv
                0x0000000000002d3e                _ZN12speedo_clock3incEv
                0x0000000000002d8a                _ZN12speedo_clock4copyEPc
 .text          0x0000000000002e12     0x304c ./config.o
                0x0000000000002e12                _ZN6SdFileD1Ev
                0x0000000000002e28                _ZN13configurationC2Ev
                0x0000000000002e28                _ZN13configurationC1Ev
                0x0000000000002e2a                _ZN13configuration8ram_infoEv
                0x0000000000002e66                _ZN13configurationD1Ev
                0x0000000000002e66                _ZN13configurationD2Ev
                0x0000000000002e68                _ZN13configuration5writeEPKc
                0x0000000000003ff4                _ZN13configuration5checkEv
                0x0000000000004124                _ZN13configuration4initEv
                0x00000000000044ec                _ZN13configuration11parse_floatEPciPf
                0x000000000000476e                _ZN13configuration10parse_boolEPciPb
                0x00000000000047aa                _ZN13configuration9parse_intEPciPi
                0x0000000000004802                _ZN13configuration11parse_shortEPciPs
                0x000000000000484e                _ZN13configuration7parse_aEPciS0_i
                0x00000000000048bc                _ZN13configuration8parse_ulEPciPm
                0x0000000000004966                _ZN13configuration5parseEPc
                0x000000000000573e                _ZN13configuration4readEPKc
                0x0000000000005994                _ZN13configuration9read_skinEv
                0x0000000000005a2a                _ZN13configuration7km_saveEv
                0x0000000000005c02                _ZN13configuration11EEPROM_initEv
 .text          0x0000000000005e5e       0x6e ./debug.o
                0x0000000000005e5e                _ZN9debuggingC1Ev
                0x0000000000005e5e                _ZN9debuggingC2Ev
                0x0000000000005e60                _ZN9debuggingD1Ev
                0x0000000000005e60                _ZN9debuggingD2Ev
                0x0000000000005e62                _ZN9debugging7sprintpEPKc
                0x0000000000005e8c                _ZN9debugging9sprintlnpEPKc
                0x0000000000005ebe                _ZN9debugging11parse_floatEiPciii
                0x0000000000005ec0                _ZN9debugging9parse_intEv
                0x0000000000005ec2                _ZN9debugging5parseEiPc
                0x0000000000005ec4                _ZN9debugging7parse_aEiPc
                0x0000000000005ec6                _ZN9debugging8parse_ulEim
                0x0000000000005ec8                _ZN9debugging11speedo_loopEiimPKc
                0x0000000000005eca                _ZN9debugging4loopEv
 .text          0x0000000000005ecc     0x187c ./display.o
                0x0000000000005ee2                _ZN11speedo_dispC1Ev
                0x0000000000005ee2                _ZN11speedo_dispC2Ev
                0x0000000000005ee8                _ZN11speedo_dispD2Ev
                0x0000000000005ee8                _ZN11speedo_dispD1Ev
                0x0000000000005eea                _ZN11speedo_disp8draw_oilEhh
                0x00000000000061b4                _ZN11speedo_disp8draw_airEhh
                0x00000000000062be                _ZN11speedo_disp9draw_fuelEhh
                0x00000000000063e8                _ZN11speedo_disp10draw_clockEhh
                0x0000000000006512                _ZN11speedo_disp12draw_blitzerEhh
                0x000000000000678c                _ZN11speedo_disp10draw_arrowEiii
                0x0000000000006d68                _ZN11speedo_disp6sd2ssdEPc
                0x0000000000006ee8                _ZN11speedo_disp11show_storryEPcjS0_j
                0x0000000000007184                _ZN11speedo_disp14show_animationEPKc
                0x00000000000074da                _ZN11speedo_disp12disp_waitingEihh
                0x000000000000758e                _ZN11speedo_disp9animationEi
                0x0000000000007600                _ZN11speedo_disp11init_speedoEv
 .text          0x0000000000007748      0x292 ./dz.o
                0x0000000000007748                _Z6helperv
                0x0000000000007762                _ZN9speedo_dzC2Ev
                0x0000000000007762                _ZN9speedo_dzC1Ev
                0x0000000000007764                _ZN9speedo_dz7counterEv
                0x0000000000007774                _ZN9speedo_dz4calcEv
                0x0000000000007990                _ZN9speedo_dz4initEv
 .text          0x00000000000079da      0xa74 ./file_manager.o
                0x00000000000079f0                _ZN6SdFile7makeDirEPS_PKc
                0x00000000000079f8                _ZN18speedo_filemanagerC2Ev
                0x00000000000079f8                _ZN18speedo_filemanagerC1Ev
                0x0000000000007a14                _ZN18speedo_filemanagerD1Ev
                0x0000000000007a14                _ZN18speedo_filemanagerD2Ev
                0x0000000000007a2c                _ZN18speedo_filemanager2cdEPc
                0x0000000000007b34                _ZN18speedo_filemanager9recv_fileEPc
                0x0000000000007dda                _ZN18speedo_filemanager9send_fileEPc
                0x0000000000007ebc                _ZN18speedo_filemanager2lsEv
                0x0000000000007ec6                _ZN18speedo_filemanager5mkdirEPc
                0x0000000000007f00                _ZN18speedo_filemanager2rmEPc
                0x0000000000007f70                _ZN18speedo_filemanager5rmdirEv
                0x0000000000007f90                _ZN18speedo_filemanager12get_filenameEPc
                0x0000000000007ffe                _ZN18speedo_filemanager3runEv
 .text          0x000000000000844e      0x24c ./fuel.o
                0x000000000000844e                _ZN11speedo_fuelC1Ev
                0x000000000000844e                _ZN11speedo_fuelC2Ev
                0x0000000000008450                _ZN11speedo_fuelD2Ev
                0x0000000000008450                _ZN11speedo_fuelD1Ev
                0x0000000000008452                _ZN11speedo_fuel8get_fuelEPc
                0x000000000000867e                _ZN11speedo_fuel4initEv
 .text          0x000000000000869a      0x6fc ./gear.o
                0x000000000000869a                _ZN11speedo_gearC2Ev
                0x000000000000869a                _ZN11speedo_gearC1Ev
                0x000000000000869c                _ZN11speedo_gearD1Ev
                0x000000000000869c                _ZN11speedo_gearD2Ev
                0x000000000000869e                _ZN11speedo_gear4initEv
                0x00000000000086c6                _ZN11speedo_gear4calcEv
                0x000000000000892a                _ZN11speedo_gear3getEv
                0x0000000000008942                _ZN11speedo_gear9calibrateEv
 .text          0x0000000000008d96     0x1fc4 ./gps.o
                0x0000000000008dac                _ZN10speedo_gpsC1Ev
                0x0000000000008dac                _ZN10speedo_gpsC2Ev
                0x0000000000008dae                _ZN10speedo_gpsD1Ev
                0x0000000000008dae                _ZN10speedo_gpsD2Ev
                0x0000000000008db0                _ZN10speedo_gps9recv_dataEv
                0x0000000000008f04                __vector_36
                0x0000000000008f60                _ZN10speedo_gps8get_infoEi
                0x00000000000090c0                _ZN10speedo_gps11store_to_sdEv
                0x000000000000918e                _ZN10speedo_gps3modEmm
                0x0000000000009214                _ZN10speedo_gps11nmea_to_decEm
                0x00000000000092d2                _ZN10speedo_gps9calc_distEmm
                0x000000000000955e                _ZN10speedo_gps9get_orderEPc
                0x00000000000097de                _ZN10speedo_gps18generate_new_orderEv
                0x0000000000009b98                _ZN10speedo_gps9calc_naviEv
                0x000000000000a02a                _ZN10speedo_gps5parseEPci
                0x000000000000a770                _ZN10speedo_gps10check_flagEv
                0x000000000000a7c8                _ZN10speedo_gps4loopEv
                0x000000000000aaaa                _ZN10speedo_gps17get_logged_pointsEPci
                0x000000000000ac26                _ZN10speedo_gps8SendByteEh
                0x000000000000ac34                _ZN10speedo_gps10SendStringEPKc
                0x000000000000ac66                _ZN10speedo_gps4initEv
 .text          0x000000000000ad5a       0x3e ./helper.o
                0x000000000000ad5a                __cxa_pure_virtual
                0x000000000000ad5e                _Znwj
                0x000000000000ad64                _ZdlPv
                0x000000000000ad6a                _Znaj
                0x000000000000ad70                _ZdaPv
                0x000000000000ad7a                _Z19__cxa_guard_acquirePx
                0x000000000000ad8e                _Z19__cxa_guard_releasePx
                0x000000000000ad96                _Z17__cxa_guard_abortPx
 .text          0x000000000000ad98      0x3e6 ./main.o
                0x000000000000ad98                main
 .text          0x000000000000b17e     0x5dc4 ./menu.o
                0x000000000000b194                _ZN11speedo_menuC2Ev
                0x000000000000b194                _ZN11speedo_menuC1Ev
                0x000000000000b196                _ZN11speedo_menuD2Ev
                0x000000000000b196                _ZN11speedo_menuD1Ev
                0x000000000000b198                _ZN11speedo_menu4backEv
                0x000000000000b298                _ZN11speedo_menu5yesnoEPKcS1_S1_
                0x000000000000b3de                _ZN11speedo_menu4drawEPPKci
                0x000000000000b6b6                _ZN11speedo_menu11button_testEb
                0x000000000000bc5c                _ZN11speedo_menu4initEv
                0x000000000000bce4                _ZN11speedo_menu11set_buttonsEbbbb
                0x000000000000bcf4                _ZN11speedo_menu9center_meEPci
                0x000000000000be3a                _ZN11speedo_menu7displayEv
                0x0000000000010ea6                _ZN11speedo_menu8del_confEPcS0_
 .text          0x0000000000010f42       0xd4 ./oiler.o
                0x0000000000010f42                _ZN12speedo_oilerC2Ev
                0x0000000000010f42                _ZN12speedo_oilerC1Ev
                0x0000000000010f44                _ZN12speedo_oilerD2Ev
                0x0000000000010f44                _ZN12speedo_oilerD1Ev
                0x0000000000010f46                _ZN12speedo_oiler4initEv
                0x0000000000010f68                _ZN12speedo_oiler12send_impulseEv
                0x0000000000010fb8                _ZN12speedo_oiler11check_valueEv
 .text          0x0000000000011016      0x2a6 ./reset.o
                0x0000000000011016                _ZN12speedo_resetC1Ev
                0x0000000000011016                _ZN12speedo_resetC2Ev
                0x0000000000011018                _ZN12speedo_resetD2Ev
                0x0000000000011018                _ZN12speedo_resetD1Ev
                0x000000000001101a                _ZN12speedo_reset10set_activeEbb
                0x0000000000011064                _ZN12speedo_reset12set_deactiveEbb
                0x00000000000110ac                _ZN12speedo_reset7restoreEv
                0x00000000000110c8                _ZN12speedo_reset6toggleEv
                0x0000000000011126                _ZN12speedo_reset9ask_resetEv
                0x000000000001122c                _ZN12speedo_reset4initEv
 .text          0x00000000000112bc      0x182 ./sd.o
                0x00000000000112bc                _ZN8SdVolume4initEP7Sd2Card
                0x00000000000112ea                _ZN9speedo_sdC1Ev
                0x00000000000112ea                _ZN9speedo_sdC2Ev
                0x0000000000011306                _ZN9speedo_sdD1Ev
                0x0000000000011306                _ZN9speedo_sdD2Ev
                0x0000000000011308                _ZN9speedo_sd7error_PEPKc
                0x000000000001135e                _ZN9speedo_sd9writeCRLFER6SdFile
                0x000000000001136e                _ZN9speedo_sd11writeStringER6SdFilePc
                0x000000000001138e                _ZN9speedo_sd4initEv
 .text          0x000000000001143e      0x258 ./sensors.o
                0x000000000001143e                _ZN14Speedo_sensorsC1Ev
                0x000000000001143e                _ZN14Speedo_sensorsC2Ev
                0x0000000000011518                _ZN14Speedo_sensorsD2Ev
                0x0000000000011518                _ZN14Speedo_sensorsD1Ev
                0x000000000001151a                _ZN14Speedo_sensors4initEv
                0x000000000001158e                _ZN14Speedo_sensors6flatItEiPsif
 .text          0x0000000000011696      0x7f8 ./speed.o
                0x0000000000011696                _ZN12speedo_speedC2Ev
                0x0000000000011696                _ZN12speedo_speedC1Ev
                0x0000000000011698                _ZN12speedo_speedD2Ev
                0x0000000000011698                _ZN12speedo_speedD1Ev
                0x000000000001169a                _ZN12speedo_speed4calcEv
                0x0000000000011850                _Z12helper_speedv
                0x0000000000011862                _ZN12speedo_speed4initEv
                0x00000000000118a8                _ZN12speedo_speed8getSpeedEv
                0x0000000000011922                _ZN12speedo_speed13get_sat_speedEv
                0x000000000001195e                _ZN12speedo_speed13get_mag_speedEv
                0x0000000000011966                _ZN12speedo_speed12check_umfangEv
 .text          0x0000000000011e8e     0x17d4 ./speedo.o
                0x0000000000011e8e                _ZN13speedo_speedo9reset_bakEv
                0x0000000000011ea4                _ZN13speedo_speedo4loopEm
 .text          0x0000000000013662      0x4f6 ./sprint.o
                0x0000000000013662                _ZN13speedo_sprintC2Ev
                0x0000000000013662                _ZN13speedo_sprintC1Ev
                0x0000000000013680                _ZN13speedo_sprintD2Ev
                0x0000000000013680                _ZN13speedo_sprintD1Ev
                0x0000000000013682                _ZN13speedo_sprint4initEv
                0x00000000000136a0                _ZN13speedo_sprint4loopEv
 .text          0x0000000000013b58      0x118 ./stepper.o
                0x0000000000013b58                _ZN14speedo_stepperC2Ev
                0x0000000000013b58                _ZN14speedo_stepperC1Ev
                0x0000000000013b5a                _ZN14speedo_stepperD2Ev
                0x0000000000013b5a                _ZN14speedo_stepperD1Ev
                0x0000000000013b5c                _ZN14speedo_stepper5go_toEii
                0x0000000000013c2c                _ZN14speedo_stepper4initEv
 .text          0x0000000000013c70      0x572 ./temperature.o
                0x0000000000013c70                _ZN18speedo_temperatureC1Ev
                0x0000000000013c70                _ZN18speedo_temperatureC2Ev
                0x0000000000013c72                _ZN18speedo_temperatureD1Ev
                0x0000000000013c72                _ZN18speedo_temperatureD2Ev
                0x0000000000013c74                _ZN18speedo_temperature4initEv
                0x0000000000013cec                _ZN18speedo_temperature13read_oil_tempEv
                0x0000000000013e58                _ZN18speedo_temperature15read_water_tempEv
                0x0000000000013fc2                _ZN18speedo_temperature13read_air_tempEv
                0x00000000000140a0                _ZN18speedo_temperature12get_air_tempEv
                0x00000000000140ba                _ZN18speedo_temperature12get_oil_tempEv
                0x000000000001414e                _ZN18speedo_temperature14get_water_tempEv
 .text          0x00000000000141e2     0x143e ./tetris.o
                0x00000000000141e2                _ZN6tetrisC1Ev
                0x00000000000141e2                _ZN6tetrisC2Ev
                0x00000000000141e4                _ZN6tetrisD2Ev
                0x00000000000141e4                _ZN6tetrisD1Ev
                0x00000000000141e6                _ZN6tetris22copy_element_to_bufferEi
                0x0000000000014296                _ZN6tetris11new_elementEv
                0x0000000000014392                _ZN6tetris4initEv
                0x00000000000143de                _ZN6tetris13initDrawFieldEv
                0x000000000001470e                _ZN6tetris11updateFieldEv
                0x0000000000014840                _ZN6tetris11check_stackEv
                0x0000000000014c90                _ZN6tetris4loopEv
                0x000000000001553a                _ZN6tetris3runEv
                0x0000000000015572                _ZN6tetris19show_grid_on_serialEv
 .text          0x0000000000015620      0x280 ./timer.o
                0x0000000000015620                _ZN12speedo_timerC2Ev
                0x0000000000015620                _ZN12speedo_timerC1Ev
                0x000000000001565a                _ZN12speedo_timerD2Ev
                0x000000000001565a                _ZN12speedo_timerD1Ev
                0x000000000001565c                _Z8ram_infov
                0x0000000000015688                _ZN12speedo_timer9every_secEP13configuration
                0x000000000001573e                _ZN12speedo_timer10every_qsecEv
                0x0000000000015784                _ZN12speedo_timer12every_customEv
 .text          0x00000000000158a0      0x278 ./voltage.o
                0x00000000000158a0                _ZN14speedo_voltageC2Ev
                0x00000000000158a0                _ZN14speedo_voltageC1Ev
                0x00000000000158a2                _ZN14speedo_voltageD2Ev
                0x00000000000158a2                _ZN14speedo_voltageD1Ev
                0x00000000000158a4                _ZN14speedo_voltage4calcEv
                0x00000000000159ac                _ZN14speedo_voltage3getEv
                0x00000000000159c0                _ZN14speedo_voltage4initEv
                0x00000000000159dc                _ZN14speedo_voltage4loopEv
 .text          0x0000000000015b18       0x12 ./inc/EEPROM.o
                0x0000000000015b18                _ZN11EEPROMClass4readEi
                0x0000000000015b20                _ZN11EEPROMClass5writeEih
 .text          0x0000000000015b2a      0x8ec ./inc/Sd2Card.o
                0x0000000000015b60                _ZN7Sd2Card14chipSelectHighEv
                0x0000000000015b6c                _ZN7Sd2Card13chipSelectLowEv
                0x0000000000015b86                _ZN7Sd2Card8readDataEPhj
                0x0000000000015bde                _ZN7Sd2Card10setSckRateEh
                0x0000000000015bf2                _ZN7Sd2Card11waitNotBusyEj
                0x0000000000015c2a                _ZN7Sd2Card11cardCommandEhm
                0x0000000000015cc4                _ZN7Sd2Card8cardAcmdEhm
                0x0000000000015d02                _ZN7Sd2Card4initEhh
                0x0000000000015e76                _ZN7Sd2Card14waitStartBlockEv
                0x0000000000015ec4                _ZN7Sd2Card12readRegisterEhPv
                0x0000000000015f10                _ZN7Sd2Card7readCSDEP5csd_t
                0x0000000000015f1a                _ZN7Sd2Card22eraseSingleBlockEnableEv
                0x0000000000015f56                _ZN7Sd2Card5eraseEmm
                0x000000000001608a                _ZN7Sd2Card8cardSizeEv
                0x0000000000016192                _ZN7Sd2Card9readBlockEmPh
                0x0000000000016208                _ZN7Sd2Card9writeDataEhPKh
                0x000000000001626c                _ZN7Sd2Card9writeDataEPKh
                0x00000000000162b8                _ZN7Sd2Card10writeBlockEmPKh
                0x000000000001635a                _ZN7Sd2Card10writeStartEmm
                0x00000000000163ce                _ZN7Sd2Card9writeStopEv
 .text          0x0000000000016416      0x466 ./inc/SdFat.o
                0x000000000001645a                _ZN5SdFat5chdirEv
                0x000000000001648c                _ZN5SdFat5chdirEPKc
                0x0000000000016570                _ZN5SdFat10errorPrintEv
                0x00000000000165a0                _ZN5SdFat9errorHaltEv
                0x00000000000165a6                _ZN5SdFat10errorPrintEPKc
                0x00000000000165d4                _ZN5SdFat9errorHaltEPKc
                0x00000000000165da                _ZN5SdFat12errorPrint_PEPKc
                0x0000000000016604                _ZN5SdFat11errorHalt_PEPKc
                0x000000000001660a                _ZN5SdFat6existsEPKc
                0x0000000000016612                _ZN5SdFat4initEhh
                0x000000000001664a                _ZN5SdFat14initErrorPrintEv
                0x000000000001669a                _ZN5SdFat13initErrorHaltEv
                0x00000000000166a0                _ZN5SdFat2lsEh
                0x00000000000166b0                _ZN5SdFat2lsEP5Printh
                0x00000000000166ba                _ZN5SdFat5mkdirEPKcb
                0x000000000001671a                _ZN5SdFat6removeEPKc
                0x0000000000016722                _ZN5SdFat6renameEPKcS1_
                0x00000000000167a0                _ZN5SdFat5rmdirEPKc
                0x0000000000016802                _ZN5SdFat8truncateEPKcm
 .text          0x000000000001687c       0x94 ./inc/SdFatUtil.o
                0x000000000001687c                _ZN9SdFatUtil7FreeRamEv
                0x00000000000168b6                _ZN9SdFatUtil7print_PEP5PrintPKc
                0x00000000000168e2                _ZN9SdFatUtil9println_PEP5PrintPKc
                0x00000000000168f8                _ZN9SdFatUtil13SerialPrint_PEPKc
                0x0000000000016904                _ZN9SdFatUtil15SerialPrintln_PEPKc
 .text          0x0000000000016910     0x2772 ./inc/SdFile.o
                0x000000000001693c                _ZN8SdVolume9fatPutEOCEm
                0x0000000000016952                _ZN6SdFile10addClusterEv
                0x00000000000169a6                _ZN6SdFile13addDirClusterEv
                0x0000000000016ac4                _ZN6SdFile13cacheDirEntryEh
                0x0000000000016b00                _ZN6SdFile15contiguousRangeEPmS0_
                0x0000000000016c64                _ZN6SdFile7dirNameERK14directoryEntryPc
                0x0000000000016ca0                _ZN6SdFile11getFilenameEPc
                0x0000000000016cd8                _ZN6SdFile6getposEP6fpos_t
                0x0000000000016d06                _ZN6SdFile10make83NameEPKcPhPS1_
                0x0000000000016d88                _ZN6SdFile8openRootEP8SdVolume
                0x0000000000016e2e                _ZN6SdFile12printDirNameEP5PrintRK14directoryEntryhb
                0x0000000000016ebe                _ZN6SdFile12printDirNameERK14directoryEntryhb
                0x0000000000016ed2                _ZN6SdFile12printFatDateEP5Printj
                0x0000000000016f30                _ZN6SdFile12printFatDateEj
                0x0000000000016f3c                _ZN6SdFile12printFatTimeEP5Printj
                0x0000000000016f96                _ZN6SdFile12printFatTimeEj
                0x0000000000016fa2                _ZN6SdFile9printNameEv
                0x0000000000016ff0                _ZN6SdFile4readEPvj
                0x0000000000017254                _ZN6SdFile4readEv
                0x0000000000017286                _ZN6SdFile4peekEv
                0x00000000000172de                _ZN6SdFile11lsPrintNextEP5Printhh
                0x0000000000017464                _ZN6SdFile5fgetsEPciS0_
                0x000000000001753a                _ZN6SdFile7readDirEP14directoryEntry
                0x00000000000175a6                _ZN6SdFile12readDirCacheEv
                0x000000000001761e                _ZN6SdFile7seekSetEm
                0x0000000000017756                _ZN6SdFile7seekEndEl
                0x0000000000017776                _ZN6SdFile6rewindEv
                0x0000000000017782                _ZN6SdFile6setposEP6fpos_t
                0x00000000000177ae                _ZN6SdFile4syncEv
                0x0000000000017844                _ZN6SdFile8dirEntryEP14directoryEntry
                0x000000000001788a                _ZN6SdFile5closeEv
                0x00000000000178bc                _ZN6SdFile9timestampEhjhhhhh
                0x00000000000179f0                _ZN6SdFile8truncateEm
                0x0000000000017b5e                _ZN6SdFile6removeEv
                0x0000000000017b94                _ZN6SdFile5rmdirEv
                0x0000000000017c24                _ZN6SdFile15openCachedEntryEhh
                0x0000000000017d34                _ZN6SdFile8openNextEPS_h
                0x0000000000017dce                _ZN6SdFile4openEPS_jh
                0x0000000000017e54                _ZN6SdFile8rmRfStarEv
                0x0000000000017f9c                _ZN6SdFile2lsEP5Printhh
                0x00000000000180a2                _ZN6SdFile2lsEh
                0x00000000000180b0                _ZN6SdFile10openParentEPS_
                0x00000000000182b4                _ZN6SdFile4openEPS_PKhh
                0x0000000000018448                _ZN6SdFile4openEPS_PKch
                0x00000000000185e6                _ZN6SdFile6removeEPS_PKc
                0x000000000001864e                _ZN6SdFile4openEPKch
                0x0000000000018662                _ZN6SdFileC1EPKch
                0x0000000000018662                _ZN6SdFileC2EPKch
                0x0000000000018676                _ZN6SdFile6existsEPKc
                0x00000000000186d2                _ZN6SdFile16createContiguousEPS_PKcm
                0x0000000000018764                _ZN6SdFile5mkdirEPS_PKh
                0x00000000000188ee                _ZN6SdFile5mkdirEPS_PKcb
                0x0000000000018aa4                _ZN6SdFile6renameEPS_PKc
                0x0000000000018ca6                _ZN6SdFile5writeEPKvj
                0x0000000000018ffc                _ZN6SdFile5writeEPKc
                0x0000000000019014                _ZN6SdFile5writeEh
                0x0000000000019036                _ZN6SdFile7write_PEPKc
                0x0000000000019068                _ZN6SdFile9writeln_PEPKc
 .text          0x0000000000019082      0x2d0 ./inc/SdStream.o
                0x0000000000019082                _ZN6SdFile7seekCurEl
                0x00000000000190a2                _ZN6SdBase5getchEv
                0x000000000001915e                _ZN6SdBase4openEPKch
                0x0000000000019220                _ZN6SdBase5putchEc
                0x0000000000019280                _ZN6SdBase6putstrEPKc
                0x0000000000019302                _ZN6SdBase7seekoffElN8ios_base7seekdirE
                0x000000000001934c                _ZN6SdBase7seekposEm
 .text          0x0000000000019352      0xaa8 ./inc/SdVolume.o
                0x0000000000019352                _ZN8SdVolume10cacheFlushEv
                0x00000000000193cc                _ZN8SdVolume13cacheRawBlockEmh
                0x0000000000019452                _ZNK8SdVolume6fatGetEmPm
                0x0000000000019554                _ZNK8SdVolume9chainSizeEmPm
                0x000000000001963c                _ZN8SdVolume6fatPutEmm
                0x000000000001977c                _ZN8SdVolume15allocContiguousEmPm
                0x00000000000199a0                _ZN8SdVolume9freeChainEm
                0x0000000000019a5a                _ZN8SdVolume16freeClusterCountEv
                0x0000000000019b90                _ZN8SdVolume4initEP7Sd2Cardh
 .text          0x0000000000019dfa      0x20e ./inc/Wire.o
                0x0000000000019dfa                _ZN7TwoWire16onReceiveServiceEPhi
                0x0000000000019e4a                _ZN7TwoWire16onRequestServiceEv
                0x0000000000019e62                _ZN7TwoWireC2Ev
                0x0000000000019e62                _ZN7TwoWireC1Ev
                0x0000000000019e64                _ZN7TwoWire5beginEv
                0x0000000000019e7a                _ZN7TwoWire5beginEh
                0x0000000000019ea2                _ZN7TwoWire5beginEi
                0x0000000000019ea8                _ZN7TwoWire11requestFromEhh
                0x0000000000019ec2                _ZN7TwoWire11requestFromEii
                0x0000000000019ec8                _ZN7TwoWire17beginTransmissionEh
                0x0000000000019edc                _ZN7TwoWire17beginTransmissionEi
                0x0000000000019ee2                _ZN7TwoWire15endTransmissionEv
                0x0000000000019f02                _ZN7TwoWire4sendEh
                0x0000000000019f4a                _ZN7TwoWire4sendEPhh
                0x0000000000019fa6                _ZN7TwoWire4sendEPc
                0x0000000000019fbe                _ZN7TwoWire4sendEi
                0x0000000000019fc4                _ZN7TwoWire9availableEv
                0x0000000000019fd0                _ZN7TwoWire7receiveEv
                0x0000000000019ff2                _ZN7TwoWire9onReceiveEPFviE
                0x0000000000019ffc                _ZN7TwoWire9onRequestEPFvvE
 .text          0x000000000001a008      0xd82 ./inc/istream.o
                0x000000000001a008                _ZN7istream5getchEP6fpos_t
                0x000000000001a02e                _ZN7istream3getEv
                0x000000000001a072                _ZN7istream3getERc
                0x000000000001a092                _ZN7istream3getEPcmc
                0x000000000001a1ac                _ZN7istream7getlineEPcmc
                0x000000000001a2e6                _ZN7istream6ignoreEmi
                0x000000000001a34e                _ZN7istream4peekEv
                0x000000000001a402                _ZN7istream8readSkipEv
                0x000000000001a448                _ZN7istream6getStrEPc
                0x000000000001a59e                _ZN7istream9getNumberEmmPm
                0x000000000001a82c                _ZN7istream8getFloatEPf
                0x000000000001ab86                _ZN7istream7getCharEPc
                0x000000000001abc0                _ZN7istream9skipWhiteEv
                0x000000000001ac32                _ZN7istream9getNumberIbEEvPT_
                0x000000000001ac9e                _ZN7istream7getBoolEPb
 .text          0x000000000001ad8a      0x670 ./inc/ostream.o
                0x000000000001ad8a                _ZN7ostream7do_fillEj
                0x000000000001adda                _ZN7ostream13fill_not_leftEj
                0x000000000001ae02                _ZN7ostream6fmtNumEmPch
                0x000000000001ae9e                _ZN7ostream7putCharEc
                0x000000000001aed2                _ZN7ostream6putNumEmb
                0x000000000001b03c                _ZN7ostream6putNumEl
                0x000000000001b07a                _ZN7ostream6putPgmERK3pgm
                0x000000000001b0d0                _ZN7ostream9putDoubleEd
                0x000000000001b34e                _ZN7ostream7putBoolEb
                0x000000000001b3ae                _ZN7ostream6putStrEPKc
 .text          0x000000000001b3fa        0x0 ./inc/pins_arduino.o
 .text          0x000000000001b3fa     0x1bec ./inc/ssd0323.o
                0x000000000001b3fa                _ZN7ssd032310senden_spiEh
                0x000000000001b41e                _ZN7ssd032312send_commandEh
                0x000000000001b428                _ZN7ssd03239send_charEh
                0x000000000001b430                _ZN7ssd032312clear_screenEv
                0x000000000001b484                _ZN7ssd032310set2pixelsEhhhh
                0x000000000001b500                _ZN7ssd03234lineEhhhhh
                0x000000000001b9e0                _ZN7ssd032314zeichen_big_1xEPhhiiiih
                0x000000000001bc80                _ZN7ssd032316zeichen_small_1xEPhhiiiih
                0x000000000001be2c                _ZN7ssd032316zeichen_small_2xEPhhiiiih
                0x000000000001c03e                _ZN7ssd032316zeichen_small_3xEPhhiiiih
                0x000000000001c2e4                _ZN7ssd032316zeichen_small_4xEPhhiiiih
                0x000000000001c54e                _ZN7ssd03236stringEsPKchhhhh
                0x000000000001cb70                _ZN7ssd03236stringEsPKchh
                0x000000000001cb8e                _ZN7ssd03238string_PEsPKchhhhh
                0x000000000001cc2c                _ZN7ssd03238string_PEsPKchh
                0x000000000001cc4a                _ZN7ssd032311filled_rectEhhhhh
                0x000000000001cd20                _ZN7ssd032313highlight_barEhhhh
                0x000000000001ce16                _ZN7ssd03234initEhh
                0x000000000001cfe4                _ZN7ssd0323C1Ev
                0x000000000001cfe4                _ZN7ssd0323C2Ev
 .text          0x000000000001cfe6      0x446 ./inc/twi.o
                0x000000000001cfe6                twi_init
                0x000000000001d00c                twi_setAddress
                0x000000000001d014                twi_readFrom
                0x000000000001d080                twi_writeTo
                0x000000000001d100                twi_transmit
                0x000000000001d134                twi_attachSlaveRxEvent
                0x000000000001d13e                twi_attachSlaveTxEvent
                0x000000000001d148                twi_reply
                0x000000000001d158                twi_stop
                0x000000000001d16c                twi_releaseBus
                0x000000000001d178                __vector_39
 .text          0x000000000001d42c        0x0 /home/jkw/Store/17 - Speedmaster/Firmware/inc/libArduinoCore2560.a(WInterrupts.c.o)
 .text          0x000000000001d42c        0x0 /home/jkw/Store/17 - Speedmaster/Firmware/inc/libArduinoCore2560.a(wiring.c.o)
 .text          0x000000000001d42c        0x0 /home/jkw/Store/17 - Speedmaster/Firmware/inc/libArduinoCore2560.a(wiring_analog.c.o)
 .text          0x000000000001d42c        0x0 /home/jkw/Store/17 - Speedmaster/Firmware/inc/libArduinoCore2560.a(wiring_digital.c.o)
 .text          0x000000000001d42c        0x0 /home/jkw/Store/17 - Speedmaster/Firmware/inc/libArduinoCore2560.a(HardwareSerial.cpp.o)
 .text          0x000000000001d42c        0x0 /home/jkw/Store/17 - Speedmaster/Firmware/inc/libArduinoCore2560.a(Print.cpp.o)
 .text          0x000000000001d42c        0x0 /home/jkw/Store/17 - Speedmaster/Firmware/inc/libArduinoCore2560.a(WString.cpp.o)
 .text          0x000000000001d42c        0x0 /usr/lib/gcc/avr/4.5.3/../../../avr/lib/avr6/libc.a(malloc.o)
 .text          0x000000000001d42c        0x0 /usr/lib/gcc/avr/4.5.3/../../../avr/lib/avr6/libc.a(exit.o)
 .text          0x000000000001d42c        0x0 /usr/lib/gcc/avr/4.5.3/../../../avr/lib/avr6/libc.a(isalpha.o)
 .text          0x000000000001d42c        0x0 /usr/lib/gcc/avr/4.5.3/../../../avr/lib/avr6/libc.a(isspace.o)
 .text          0x000000000001d42c        0x0 /usr/lib/gcc/avr/4.5.3/../../../avr/lib/avr6/libc.a(tolower.o)
 .text          0x000000000001d42c        0x0 /usr/lib/gcc/avr/4.5.3/../../../avr/lib/avr6/libc.a(toupper.o)
 .text          0x000000000001d42c        0x0 /usr/lib/gcc/avr/4.5.3/../../../avr/lib/avr6/libc.a(strcmp_P.o)
 .text          0x000000000001d42c        0x0 /usr/lib/gcc/avr/4.5.3/../../../avr/lib/avr6/libc.a(strcpy_P.o)
 .text          0x000000000001d42c        0x0 /usr/lib/gcc/avr/4.5.3/../../../avr/lib/avr6/libc.a(strlen_P.o)
 .text          0x000000000001d42c        0x0 /usr/lib/gcc/avr/4.5.3/../../../avr/lib/avr6/libc.a(memcmp.o)
 .text          0x000000000001d42c        0x0 /usr/lib/gcc/avr/4.5.3/../../../avr/lib/avr6/libc.a(memcpy.o)
 .text          0x000000000001d42c        0x0 /usr/lib/gcc/avr/4.5.3/../../../avr/lib/avr6/libc.a(memset.o)
 .text          0x000000000001d42c        0x0 /usr/lib/gcc/avr/4.5.3/../../../avr/lib/avr6/libc.a(strcat.o)
 .text          0x000000000001d42c        0x0 /usr/lib/gcc/avr/4.5.3/../../../avr/lib/avr6/libc.a(strchr.o)
 .text          0x000000000001d42c        0x0 /usr/lib/gcc/avr/4.5.3/../../../avr/lib/avr6/libc.a(strcmp.o)
 .text          0x000000000001d42c        0x0 /usr/lib/gcc/avr/4.5.3/../../../avr/lib/avr6/libc.a(strcpy.o)
 .text          0x000000000001d42c        0x0 /usr/lib/gcc/avr/4.5.3/../../../avr/lib/avr6/libc.a(strncmp.o)
 .text          0x000000000001d42c        0x0 /usr/lib/gcc/avr/4.5.3/../../../avr/lib/avr6/libc.a(strncpy.o)
 .text          0x000000000001d42c        0x0 /usr/lib/gcc/avr/4.5.3/../../../avr/lib/avr6/libc.a(strrchr.o)
 .text          0x000000000001d42c        0x0 /usr/lib/gcc/avr/4.5.3/../../../avr/lib/avr6/libc.a(strstr.o)
 .text          0x000000000001d42c        0x0 /usr/lib/gcc/avr/4.5.3/../../../avr/lib/avr6/libc.a(itoa.o)
 .text          0x000000000001d42c        0x0 /usr/lib/gcc/avr/4.5.3/../../../avr/lib/avr6/libc.a(ltoa.o)
 .text          0x000000000001d42c        0x0 /usr/lib/gcc/avr/4.5.3/../../../avr/lib/avr6/libc.a(ultoa.o)
 .text          0x000000000001d42c        0x0 /usr/lib/gcc/avr/4.5.3/../../../avr/lib/avr6/libc.a(sprintf.o)
 .text          0x000000000001d42c        0x0 /usr/lib/gcc/avr/4.5.3/../../../avr/lib/avr6/libc.a(addsf3.o)
 .text          0x000000000001d42c        0x0 /usr/lib/gcc/avr/4.5.3/../../../avr/lib/avr6/libc.a(addsf3x.o)
 .text          0x000000000001d42c        0x0 /usr/lib/gcc/avr/4.5.3/../../../avr/lib/avr6/libc.a(asin.o)
 .text          0x000000000001d42c        0x0 /usr/lib/gcc/avr/4.5.3/../../../avr/lib/avr6/libc.a(cmpsf2.o)
 .text          0x000000000001d42c        0x0 /usr/lib/gcc/avr/4.5.3/../../../avr/lib/avr6/libc.a(cos.o)
 .text          0x000000000001d42c        0x0 /usr/lib/gcc/avr/4.5.3/../../../avr/lib/avr6/libc.a(divsf3.o)
 .text          0x000000000001d42c        0x0 /usr/lib/gcc/avr/4.5.3/../../../avr/lib/avr6/libc.a(divsf3x.o)
 .text          0x000000000001d42c        0x0 /usr/lib/gcc/avr/4.5.3/../../../avr/lib/avr6/libc.a(fixsfsi.o)
 .text          0x000000000001d42c        0x0 /usr/lib/gcc/avr/4.5.3/../../../avr/lib/avr6/libc.a(fixunssfsi.o)
 .text          0x000000000001d42c        0x0 /usr/lib/gcc/avr/4.5.3/../../../avr/lib/avr6/libc.a(floatsisf.o)
 .text          0x000000000001d42c        0x0 /usr/lib/gcc/avr/4.5.3/../../../avr/lib/avr6/libc.a(floor.o)
 .text          0x000000000001d42c        0x0 /usr/lib/gcc/avr/4.5.3/../../../avr/lib/avr6/libc.a(fp_arccos.o)
 .text          0x000000000001d42c        0x0 /usr/lib/gcc/avr/4.5.3/../../../avr/lib/avr6/libc.a(fp_cmp.o)
 .text          0x000000000001d42c        0x0 /usr/lib/gcc/avr/4.5.3/../../../avr/lib/avr6/libc.a(fp_inf.o)
 .text          0x000000000001d42c        0x0 /usr/lib/gcc/avr/4.5.3/../../../avr/lib/avr6/libc.a(fp_mintl.o)
 .text          0x000000000001d42c        0x0 /usr/lib/gcc/avr/4.5.3/../../../avr/lib/avr6/libc.a(fp_mpack.o)
 .text          0x000000000001d42c        0x0 /usr/lib/gcc/avr/4.5.3/../../../avr/lib/avr6/libc.a(fp_nan.o)
 .text          0x000000000001d42c        0x0 /usr/lib/gcc/avr/4.5.3/../../../avr/lib/avr6/libc.a(fp_powser.o)
 .text          0x000000000001d42c        0x0 /usr/lib/gcc/avr/4.5.3/../../../avr/lib/avr6/libc.a(fp_powsodd.o)
 .text          0x000000000001d42c        0x0 /usr/lib/gcc/avr/4.5.3/../../../avr/lib/avr6/libc.a(fp_pscA.o)
 .text          0x000000000001d42c        0x0 /usr/lib/gcc/avr/4.5.3/../../../avr/lib/avr6/libc.a(fp_pscB.o)
 .text          0x000000000001d42c        0x0 /usr/lib/gcc/avr/4.5.3/../../../avr/lib/avr6/libc.a(fp_rempio2.o)
 .text          0x000000000001d42c        0x0 /usr/lib/gcc/avr/4.5.3/../../../avr/lib/avr6/libc.a(fp_round.o)
 .text          0x000000000001d42c        0x0 /usr/lib/gcc/avr/4.5.3/../../../avr/lib/avr6/libc.a(fp_sinus.o)
 .text          0x000000000001d42c        0x0 /usr/lib/gcc/avr/4.5.3/../../../avr/lib/avr6/libc.a(fp_split3.o)
 .text          0x000000000001d42c        0x0 /usr/lib/gcc/avr/4.5.3/../../../avr/lib/avr6/libc.a(fp_trunc.o)
 .text          0x000000000001d42c        0x0 /usr/lib/gcc/avr/4.5.3/../../../avr/lib/avr6/libc.a(fp_zero.o)
 .text          0x000000000001d42c        0x0 /usr/lib/gcc/avr/4.5.3/../../../avr/lib/avr6/libc.a(gesf2.o)
 .text          0x000000000001d42c        0x0 /usr/lib/gcc/avr/4.5.3/../../../avr/lib/avr6/libc.a(mulsf3.o)
 .text          0x000000000001d42c        0x0 /usr/lib/gcc/avr/4.5.3/../../../avr/lib/avr6/libc.a(mulsf3x.o)
 .text          0x000000000001d42c        0x0 /usr/lib/gcc/avr/4.5.3/../../../avr/lib/avr6/libc.a(pow.o)
 .text          0x000000000001d42c        0x0 /usr/lib/gcc/avr/4.5.3/../../../avr/lib/avr6/libc.a(sin.o)
 .text          0x000000000001d42c        0x0 /usr/lib/gcc/avr/4.5.3/../../../avr/lib/avr6/libc.a(sqrt.o)
 .text          0x000000000001d42c        0x0 /usr/lib/gcc/avr/4.5.3/../../../avr/lib/avr6/libc.a(vfprintf_std.o)
 .text          0x000000000001d42c        0x0 /usr/lib/gcc/avr/4.5.3/../../../avr/lib/avr6/libc.a(eerd_byte_atmega2560.o)
 .text          0x000000000001d42c        0x0 /usr/lib/gcc/avr/4.5.3/../../../avr/lib/avr6/libc.a(eewr_byte_atmega2560.o)
 .text          0x000000000001d42c        0x0 /usr/lib/gcc/avr/4.5.3/../../../avr/lib/avr6/libc.a(cty_isfalse.o)
 .text          0x000000000001d42c        0x0 /usr/lib/gcc/avr/4.5.3/../../../avr/lib/avr6/libc.a(strnlen_P.o)
 .text          0x000000000001d42c        0x0 /usr/lib/gcc/avr/4.5.3/../../../avr/lib/avr6/libc.a(strnlen.o)
 .text          0x000000000001d42c        0x0 /usr/lib/gcc/avr/4.5.3/../../../avr/lib/avr6/libc.a(strrev.o)
 .text          0x000000000001d42c        0x0 /usr/lib/gcc/avr/4.5.3/../../../avr/lib/avr6/libc.a(fputc.o)
 .text          0x000000000001d42c        0x0 /usr/lib/gcc/avr/4.5.3/../../../avr/lib/avr6/libc.a(ultoa_invert.o)
 .text          0x000000000001d42c        0x0 /usr/lib/gcc/avr/4.5.3/../../../avr/lib/avr6/libc.a(exp.o)
 .text          0x000000000001d42c        0x0 /usr/lib/gcc/avr/4.5.3/../../../avr/lib/avr6/libc.a(fp_norm2.o)
 .text          0x000000000001d42c        0x0 /usr/lib/gcc/avr/4.5.3/../../../avr/lib/avr6/libc.a(inverse.o)
 .text          0x000000000001d42c        0x0 /usr/lib/gcc/avr/4.5.3/../../../avr/lib/avr6/libc.a(ldexp.o)
 .text          0x000000000001d42c        0x0 /usr/lib/gcc/avr/4.5.3/../../../avr/lib/avr6/libc.a(log.o)
 .text          0x000000000001d42c        0x0 /usr/lib/gcc/avr/4.5.3/../../../avr/lib/avr6/libc.a(modf.o)
 .text          0x000000000001d42c        0x0 /usr/lib/gcc/avr/4.5.3/avr6/libgcc.a(_mulsi3.o)
 .text          0x000000000001d42c        0x0 /usr/lib/gcc/avr/4.5.3/avr6/libgcc.a(_udivmodqi4.o)
 .text          0x000000000001d42c        0x0 /usr/lib/gcc/avr/4.5.3/avr6/libgcc.a(_udivmodhi4.o)
 .text          0x000000000001d42c        0x0 /usr/lib/gcc/avr/4.5.3/avr6/libgcc.a(_divmodhi4.o)
 .text          0x000000000001d42c        0x0 /usr/lib/gcc/avr/4.5.3/avr6/libgcc.a(_udivmodsi4.o)
 .text          0x000000000001d42c        0x0 /usr/lib/gcc/avr/4.5.3/avr6/libgcc.a(_divmodsi4.o)
 .text          0x000000000001d42c        0x0 /usr/lib/gcc/avr/4.5.3/avr6/libgcc.a(_exit.o)
 .text          0x000000000001d42c        0x0 /usr/lib/gcc/avr/4.5.3/avr6/libgcc.a(_copy_data.o)
 .text          0x000000000001d42c        0x0 /usr/lib/gcc/avr/4.5.3/avr6/libgcc.a(_clear_bss.o)
 .text          0x000000000001d42c        0x0 /usr/lib/gcc/avr/4.5.3/avr6/libgcc.a(_ctors.o)
 .text          0x000000000001d42c        0x0 /usr/lib/gcc/avr/4.5.3/avr6/libgcc.a(_tablejump_elpm.o)
                0x000000000001d42c                . = ALIGN (0x2)
 *(.text.*)
 .text.attachInterrupt
                0x000000000001d42c       0xf8 /home/jkw/Store/17 - Speedmaster/Firmware/inc/libArduinoCore2560.a(WInterrupts.c.o)
                0x000000000001d42c                attachInterrupt
 .text.detachInterrupt
                0x000000000001d524       0x58 /home/jkw/Store/17 - Speedmaster/Firmware/inc/libArduinoCore2560.a(WInterrupts.c.o)
                0x000000000001d524                detachInterrupt
 .text.__vector_1
                0x000000000001d57c       0x62 /home/jkw/Store/17 - Speedmaster/Firmware/inc/libArduinoCore2560.a(WInterrupts.c.o)
                0x000000000001d57c                __vector_1
 .text.__vector_2
                0x000000000001d5de       0x62 /home/jkw/Store/17 - Speedmaster/Firmware/inc/libArduinoCore2560.a(WInterrupts.c.o)
                0x000000000001d5de                __vector_2
 .text.__vector_3
                0x000000000001d640       0x62 /home/jkw/Store/17 - Speedmaster/Firmware/inc/libArduinoCore2560.a(WInterrupts.c.o)
                0x000000000001d640                __vector_3
 .text.__vector_4
                0x000000000001d6a2       0x62 /home/jkw/Store/17 - Speedmaster/Firmware/inc/libArduinoCore2560.a(WInterrupts.c.o)
                0x000000000001d6a2                __vector_4
 .text.__vector_5
                0x000000000001d704       0x62 /home/jkw/Store/17 - Speedmaster/Firmware/inc/libArduinoCore2560.a(WInterrupts.c.o)
                0x000000000001d704                __vector_5
 .text.__vector_6
                0x000000000001d766       0x62 /home/jkw/Store/17 - Speedmaster/Firmware/inc/libArduinoCore2560.a(WInterrupts.c.o)
                0x000000000001d766                __vector_6
 .text.__vector_7
                0x000000000001d7c8       0x62 /home/jkw/Store/17 - Speedmaster/Firmware/inc/libArduinoCore2560.a(WInterrupts.c.o)
                0x000000000001d7c8                __vector_7
 .text.__vector_8
                0x000000000001d82a       0x62 /home/jkw/Store/17 - Speedmaster/Firmware/inc/libArduinoCore2560.a(WInterrupts.c.o)
                0x000000000001d82a                __vector_8
 .text.__vector_23
                0x000000000001d88c       0x90 /home/jkw/Store/17 - Speedmaster/Firmware/inc/libArduinoCore2560.a(wiring.c.o)
                0x000000000001d88c                __vector_23
 .text.millis   0x000000000001d91c       0x1c /home/jkw/Store/17 - Speedmaster/Firmware/inc/libArduinoCore2560.a(wiring.c.o)
                0x000000000001d91c                millis
 .text.micros   0x000000000001d938       0x4c /home/jkw/Store/17 - Speedmaster/Firmware/inc/libArduinoCore2560.a(wiring.c.o)
                0x000000000001d938                micros
 .text.delay    0x000000000001d984       0x4c /home/jkw/Store/17 - Speedmaster/Firmware/inc/libArduinoCore2560.a(wiring.c.o)
                0x000000000001d984                delay
 .text.delayMicroseconds
                0x000000000001d9d0       0x14 /home/jkw/Store/17 - Speedmaster/Firmware/inc/libArduinoCore2560.a(wiring.c.o)
                0x000000000001d9d0                delayMicroseconds
 .text.init     0x000000000001d9e4       0xc4 /home/jkw/Store/17 - Speedmaster/Firmware/inc/libArduinoCore2560.a(wiring.c.o)
                0x000000000001d9e4                init
 .text.analogReference
                0x000000000001daa8        0x6 /home/jkw/Store/17 - Speedmaster/Firmware/inc/libArduinoCore2560.a(wiring_analog.c.o)
                0x000000000001daa8                analogReference
 .text.analogRead
                0x000000000001daae       0x68 /home/jkw/Store/17 - Speedmaster/Firmware/inc/libArduinoCore2560.a(wiring_analog.c.o)
                0x000000000001daae                analogRead
 .text.analogWrite
                0x000000000001db16      0x178 /home/jkw/Store/17 - Speedmaster/Firmware/inc/libArduinoCore2560.a(wiring_analog.c.o)
                0x000000000001db16                analogWrite
 .text.pinMode  0x000000000001dc8e       0x4c /home/jkw/Store/17 - Speedmaster/Firmware/inc/libArduinoCore2560.a(wiring_digital.c.o)
                0x000000000001dc8e                pinMode
 .text.digitalWrite
                0x000000000001dcda      0x122 /home/jkw/Store/17 - Speedmaster/Firmware/inc/libArduinoCore2560.a(wiring_digital.c.o)
                0x000000000001dcda                digitalWrite
 .text.digitalRead
                0x000000000001ddfc      0x118 /home/jkw/Store/17 - Speedmaster/Firmware/inc/libArduinoCore2560.a(wiring_digital.c.o)
                0x000000000001ddfc                digitalRead
 .text._Z10store_charhP11ring_buffer
                0x000000000001df14       0x4e /home/jkw/Store/17 - Speedmaster/Firmware/inc/libArduinoCore2560.a(HardwareSerial.cpp.o)
                0x000000000001df14                _Z10store_charhP11ring_buffer
 .text.__vector_25
                0x000000000001df62       0x58 /home/jkw/Store/17 - Speedmaster/Firmware/inc/libArduinoCore2560.a(HardwareSerial.cpp.o)
                0x000000000001df62                __vector_25
 .text.__vector_51
                0x000000000001dfba       0x58 /home/jkw/Store/17 - Speedmaster/Firmware/inc/libArduinoCore2560.a(HardwareSerial.cpp.o)
                0x000000000001dfba                __vector_51
 .text.__vector_54
                0x000000000001e012       0x58 /home/jkw/Store/17 - Speedmaster/Firmware/inc/libArduinoCore2560.a(HardwareSerial.cpp.o)
                0x000000000001e012                __vector_54
 .text._ZN14HardwareSerialC2EP11ring_bufferPVhS3_S3_S3_S3_hhhhh
                0x000000000001e06a       0x60 /home/jkw/Store/17 - Speedmaster/Firmware/inc/libArduinoCore2560.a(HardwareSerial.cpp.o)
                0x000000000001e06a                _ZN14HardwareSerialC2EP11ring_bufferPVhS3_S3_S3_S3_hhhhh
 .text._ZN14HardwareSerialC1EP11ring_bufferPVhS3_S3_S3_S3_hhhhh
                0x000000000001e0ca       0x60 /home/jkw/Store/17 - Speedmaster/Firmware/inc/libArduinoCore2560.a(HardwareSerial.cpp.o)
                0x000000000001e0ca                _ZN14HardwareSerialC1EP11ring_bufferPVhS3_S3_S3_S3_hhhhh
 .text._ZN14HardwareSerial5beginEl
                0x000000000001e12a      0x1f2 /home/jkw/Store/17 - Speedmaster/Firmware/inc/libArduinoCore2560.a(HardwareSerial.cpp.o)
                0x000000000001e12a                _ZN14HardwareSerial5beginEl
 .text._ZN14HardwareSerial3endEv
                0x000000000001e31c       0x54 /home/jkw/Store/17 - Speedmaster/Firmware/inc/libArduinoCore2560.a(HardwareSerial.cpp.o)
                0x000000000001e31c                _ZN14HardwareSerial3endEv
 .text._ZN14HardwareSerial9availableEv
                0x000000000001e370       0x28 /home/jkw/Store/17 - Speedmaster/Firmware/inc/libArduinoCore2560.a(HardwareSerial.cpp.o)
                0x000000000001e370                _ZN14HardwareSerial9availableEv
 .text._ZN14HardwareSerial4peekEv
                0x000000000001e398       0x34 /home/jkw/Store/17 - Speedmaster/Firmware/inc/libArduinoCore2560.a(HardwareSerial.cpp.o)
                0x000000000001e398                _ZN14HardwareSerial4peekEv
 .text._ZN14HardwareSerial4readEv
                0x000000000001e3cc       0x50 /home/jkw/Store/17 - Speedmaster/Firmware/inc/libArduinoCore2560.a(HardwareSerial.cpp.o)
                0x000000000001e3cc                _ZN14HardwareSerial4readEv
 .text._ZN14HardwareSerial5flushEv
                0x000000000001e41c       0x18 /home/jkw/Store/17 - Speedmaster/Firmware/inc/libArduinoCore2560.a(HardwareSerial.cpp.o)
                0x000000000001e41c                _ZN14HardwareSerial5flushEv
 .text._ZN14HardwareSerial5writeEh
                0x000000000001e434       0x26 /home/jkw/Store/17 - Speedmaster/Firmware/inc/libArduinoCore2560.a(HardwareSerial.cpp.o)
                0x000000000001e434                _ZN14HardwareSerial5writeEh
 .text._GLOBAL__I_rx_buffer
                0x000000000001e45a      0x13c /home/jkw/Store/17 - Speedmaster/Firmware/inc/libArduinoCore2560.a(HardwareSerial.cpp.o)
 .text._ZN5Print5writeEPKc
                0x000000000001e596       0x30 /home/jkw/Store/17 - Speedmaster/Firmware/inc/libArduinoCore2560.a(Print.cpp.o)
                0x000000000001e596                _ZN5Print5writeEPKc
 .text._ZN5Print5writeEPKhj
                0x000000000001e5c6       0x3e /home/jkw/Store/17 - Speedmaster/Firmware/inc/libArduinoCore2560.a(Print.cpp.o)
                0x000000000001e5c6                _ZN5Print5writeEPKhj
 .text._ZN5Print5printEPKc
                0x000000000001e604       0x10 /home/jkw/Store/17 - Speedmaster/Firmware/inc/libArduinoCore2560.a(Print.cpp.o)
                0x000000000001e604                _ZN5Print5printEPKc
 .text._ZN5Print5printERK6String
                0x000000000001e614       0x54 /home/jkw/Store/17 - Speedmaster/Firmware/inc/libArduinoCore2560.a(Print.cpp.o)
                0x000000000001e614                _ZN5Print5printERK6String
 .text._ZN5Print11printNumberEmh
                0x000000000001e668      0x134 /home/jkw/Store/17 - Speedmaster/Firmware/inc/libArduinoCore2560.a(Print.cpp.o)
                0x000000000001e668                _ZN5Print11printNumberEmh
 .text._ZN5Print5printEmi
                0x000000000001e79c       0x1e /home/jkw/Store/17 - Speedmaster/Firmware/inc/libArduinoCore2560.a(Print.cpp.o)
                0x000000000001e79c                _ZN5Print5printEmi
 .text._ZN5Print5printEji
                0x000000000001e7ba       0x22 /home/jkw/Store/17 - Speedmaster/Firmware/inc/libArduinoCore2560.a(Print.cpp.o)
                0x000000000001e7ba                _ZN5Print5printEji
 .text._ZN5Print5printEhi
                0x000000000001e7dc       0x24 /home/jkw/Store/17 - Speedmaster/Firmware/inc/libArduinoCore2560.a(Print.cpp.o)
                0x000000000001e7dc                _ZN5Print5printEhi
 .text._ZN5Print5printEli
                0x000000000001e800       0x6c /home/jkw/Store/17 - Speedmaster/Firmware/inc/libArduinoCore2560.a(Print.cpp.o)
                0x000000000001e800                _ZN5Print5printEli
 .text._ZN5Print5printEii
                0x000000000001e86c       0x26 /home/jkw/Store/17 - Speedmaster/Firmware/inc/libArduinoCore2560.a(Print.cpp.o)
                0x000000000001e86c                _ZN5Print5printEii
 .text._ZN5Print5printEci
                0x000000000001e892       0x28 /home/jkw/Store/17 - Speedmaster/Firmware/inc/libArduinoCore2560.a(Print.cpp.o)
                0x000000000001e892                _ZN5Print5printEci
 .text._ZN5Print7printlnEv
                0x000000000001e8ba       0x2e /home/jkw/Store/17 - Speedmaster/Firmware/inc/libArduinoCore2560.a(Print.cpp.o)
                0x000000000001e8ba                _ZN5Print7printlnEv
 .text._ZN5Print7printlnEmi
                0x000000000001e8e8       0x16 /home/jkw/Store/17 - Speedmaster/Firmware/inc/libArduinoCore2560.a(Print.cpp.o)
                0x000000000001e8e8                _ZN5Print7printlnEmi
 .text._ZN5Print7printlnEji
                0x000000000001e8fe       0x32 /home/jkw/Store/17 - Speedmaster/Firmware/inc/libArduinoCore2560.a(Print.cpp.o)
                0x000000000001e8fe                _ZN5Print7printlnEji
 .text._ZN5Print7printlnEhi
                0x000000000001e930       0x34 /home/jkw/Store/17 - Speedmaster/Firmware/inc/libArduinoCore2560.a(Print.cpp.o)
                0x000000000001e930                _ZN5Print7printlnEhi
 .text._ZN5Print7printlnEPKc
                0x000000000001e964       0x16 /home/jkw/Store/17 - Speedmaster/Firmware/inc/libArduinoCore2560.a(Print.cpp.o)
                0x000000000001e964                _ZN5Print7printlnEPKc
 .text._ZN5Print7printlnERK6String
                0x000000000001e97a       0x16 /home/jkw/Store/17 - Speedmaster/Firmware/inc/libArduinoCore2560.a(Print.cpp.o)
                0x000000000001e97a                _ZN5Print7printlnERK6String
 .text._ZN5Print7printlnEli
                0x000000000001e990       0x16 /home/jkw/Store/17 - Speedmaster/Firmware/inc/libArduinoCore2560.a(Print.cpp.o)
                0x000000000001e990                _ZN5Print7printlnEli
 .text._ZN5Print7printlnEii
                0x000000000001e9a6       0x36 /home/jkw/Store/17 - Speedmaster/Firmware/inc/libArduinoCore2560.a(Print.cpp.o)
                0x000000000001e9a6                _ZN5Print7printlnEii
 .text._ZN5Print7printlnEci
                0x000000000001e9dc       0x38 /home/jkw/Store/17 - Speedmaster/Firmware/inc/libArduinoCore2560.a(Print.cpp.o)
                0x000000000001e9dc                _ZN5Print7printlnEci
 .text._ZN5Print10printFloatEdh
                0x000000000001ea14      0x118 /home/jkw/Store/17 - Speedmaster/Firmware/inc/libArduinoCore2560.a(Print.cpp.o)
                0x000000000001ea14                _ZN5Print10printFloatEdh
 .text._ZN5Print5printEdi
                0x000000000001eb2c        0x6 /home/jkw/Store/17 - Speedmaster/Firmware/inc/libArduinoCore2560.a(Print.cpp.o)
                0x000000000001eb2c                _ZN5Print5printEdi
 .text._ZN5Print7printlnEdi
                0x000000000001eb32       0x16 /home/jkw/Store/17 - Speedmaster/Firmware/inc/libArduinoCore2560.a(Print.cpp.o)
                0x000000000001eb32                _ZN5Print7printlnEdi
 .text._ZNK6String6charAtEj
                0x000000000001eb48       0x10 /home/jkw/Store/17 - Speedmaster/Firmware/inc/libArduinoCore2560.a(WString.cpp.o)
                0x000000000001eb48                _ZNK6String6charAtEj
 .text._ZN6String9setCharAtEjc
                0x000000000001eb58       0x22 /home/jkw/Store/17 - Speedmaster/Firmware/inc/libArduinoCore2560.a(WString.cpp.o)
                0x000000000001eb58                _ZN6String9setCharAtEjc
 .text._ZN6StringixEj
                0x000000000001eb7a       0x2a /home/jkw/Store/17 - Speedmaster/Firmware/inc/libArduinoCore2560.a(WString.cpp.o)
                0x000000000001eb7a                _ZN6StringixEj
 .text._ZNK6StringixEj
                0x000000000001eba4       0x10 /home/jkw/Store/17 - Speedmaster/Firmware/inc/libArduinoCore2560.a(WString.cpp.o)
                0x000000000001eba4                _ZNK6StringixEj
 .text._ZN6String11toCharArrayEPcj
                0x000000000001ebb4       0x44 /home/jkw/Store/17 - Speedmaster/Firmware/inc/libArduinoCore2560.a(WString.cpp.o)
                0x000000000001ebb4                _ZN6String11toCharArrayEPcj
 .text._ZN6String8getBytesEPhj
                0x000000000001ebf8       0x44 /home/jkw/Store/17 - Speedmaster/Firmware/inc/libArduinoCore2560.a(WString.cpp.o)
                0x000000000001ebf8                _ZN6String8getBytesEPhj
 .text._ZN6StringD1Ev
                0x000000000001ec3c       0x20 /home/jkw/Store/17 - Speedmaster/Firmware/inc/libArduinoCore2560.a(WString.cpp.o)
                0x000000000001ec3c                _ZN6StringD1Ev
 .text._ZNK6String10startsWithERKS_j
                0x000000000001ec5c       0x3c /home/jkw/Store/17 - Speedmaster/Firmware/inc/libArduinoCore2560.a(WString.cpp.o)
                0x000000000001ec5c                _ZNK6String10startsWithERKS_j
 .text._ZNK6String10startsWithERKS_
                0x000000000001ec98       0x26 /home/jkw/Store/17 - Speedmaster/Firmware/inc/libArduinoCore2560.a(WString.cpp.o)
                0x000000000001ec98                _ZNK6String10startsWithERKS_
 .text._ZNK6String11lastIndexOfEcj
                0x000000000001ecbe       0x6e /home/jkw/Store/17 - Speedmaster/Firmware/inc/libArduinoCore2560.a(WString.cpp.o)
                0x000000000001ecbe                _ZNK6String11lastIndexOfEcj
 .text._ZNK6String11lastIndexOfEc
                0x000000000001ed2c       0x10 /home/jkw/Store/17 - Speedmaster/Firmware/inc/libArduinoCore2560.a(WString.cpp.o)
                0x000000000001ed2c                _ZNK6String11lastIndexOfEc
 .text._ZNK6String7indexOfERKS_j
                0x000000000001ed3c       0x3c /home/jkw/Store/17 - Speedmaster/Firmware/inc/libArduinoCore2560.a(WString.cpp.o)
                0x000000000001ed3c                _ZNK6String7indexOfERKS_j
 .text._ZNK6String7indexOfERKS_
                0x000000000001ed78        0xa /home/jkw/Store/17 - Speedmaster/Firmware/inc/libArduinoCore2560.a(WString.cpp.o)
                0x000000000001ed78                _ZNK6String7indexOfERKS_
 .text._ZNK6String7indexOfEcj
                0x000000000001ed82       0x3c /home/jkw/Store/17 - Speedmaster/Firmware/inc/libArduinoCore2560.a(WString.cpp.o)
                0x000000000001ed82                _ZNK6String7indexOfEcj
 .text._ZNK6String7indexOfEc
                0x000000000001edbe        0xa /home/jkw/Store/17 - Speedmaster/Firmware/inc/libArduinoCore2560.a(WString.cpp.o)
                0x000000000001edbe                _ZNK6String7indexOfEc
 .text._ZNK6String6equalsERKS_
                0x000000000001edc8       0x32 /home/jkw/Store/17 - Speedmaster/Firmware/inc/libArduinoCore2560.a(WString.cpp.o)
                0x000000000001edc8                _ZNK6String6equalsERKS_
 .text._ZNK6String8endsWithERKS_
                0x000000000001edfa       0x3a /home/jkw/Store/17 - Speedmaster/Firmware/inc/libArduinoCore2560.a(WString.cpp.o)
                0x000000000001edfa                _ZNK6String8endsWithERKS_
 .text._ZNK6StringgeERKS_
                0x000000000001ee34       0x28 /home/jkw/Store/17 - Speedmaster/Firmware/inc/libArduinoCore2560.a(WString.cpp.o)
                0x000000000001ee34                _ZNK6StringgeERKS_
 .text._ZNK6StringleERKS_
                0x000000000001ee5c       0x22 /home/jkw/Store/17 - Speedmaster/Firmware/inc/libArduinoCore2560.a(WString.cpp.o)
                0x000000000001ee5c                _ZNK6StringleERKS_
 .text._ZNK6StringgtERKS_
                0x000000000001ee7e       0x22 /home/jkw/Store/17 - Speedmaster/Firmware/inc/libArduinoCore2560.a(WString.cpp.o)
                0x000000000001ee7e                _ZNK6StringgtERKS_
 .text._ZNK6StringltERKS_
                0x000000000001eea0       0x24 /home/jkw/Store/17 - Speedmaster/Firmware/inc/libArduinoCore2560.a(WString.cpp.o)
                0x000000000001eea0                _ZNK6StringltERKS_
 .text._ZNK6StringneERKS_
                0x000000000001eec4       0x30 /home/jkw/Store/17 - Speedmaster/Firmware/inc/libArduinoCore2560.a(WString.cpp.o)
                0x000000000001eec4                _ZNK6StringneERKS_
 .text._ZNK6StringeqERKS_
                0x000000000001eef4       0x34 /home/jkw/Store/17 - Speedmaster/Firmware/inc/libArduinoCore2560.a(WString.cpp.o)
                0x000000000001eef4                _ZNK6StringeqERKS_
 .text._ZNK6String9compareToERKS_
                0x000000000001ef28       0x12 /home/jkw/Store/17 - Speedmaster/Firmware/inc/libArduinoCore2560.a(WString.cpp.o)
                0x000000000001ef28                _ZNK6String9compareToERKS_
 .text._ZN6String9getBufferEj
                0x000000000001ef3a       0x28 /home/jkw/Store/17 - Speedmaster/Firmware/inc/libArduinoCore2560.a(WString.cpp.o)
                0x000000000001ef3a                _ZN6String9getBufferEj
 .text._ZN6StringpLERKS_
                0x000000000001ef62       0x6c /home/jkw/Store/17 - Speedmaster/Firmware/inc/libArduinoCore2560.a(WString.cpp.o)
                0x000000000001ef62                _ZN6StringpLERKS_
 .text._ZN6String6concatERKS_
                0x000000000001efce        0x6 /home/jkw/Store/17 - Speedmaster/Firmware/inc/libArduinoCore2560.a(WString.cpp.o)
                0x000000000001efce                _ZN6String6concatERKS_
 .text._ZN6StringaSERKS_
                0x000000000001efd4       0x60 /home/jkw/Store/17 - Speedmaster/Firmware/inc/libArduinoCore2560.a(WString.cpp.o)
                0x000000000001efd4                _ZN6StringaSERKS_
 .text._ZN6StringC1Eh
                0x000000000001f034       0x34 /home/jkw/Store/17 - Speedmaster/Firmware/inc/libArduinoCore2560.a(WString.cpp.o)
                0x000000000001f034                _ZN6StringC1Eh
 .text._ZN6StringC2Eh
                0x000000000001f068       0x34 /home/jkw/Store/17 - Speedmaster/Firmware/inc/libArduinoCore2560.a(WString.cpp.o)
                0x000000000001f068                _ZN6StringC2Eh
 .text._ZN6StringC1Ec
                0x000000000001f09c       0x34 /home/jkw/Store/17 - Speedmaster/Firmware/inc/libArduinoCore2560.a(WString.cpp.o)
                0x000000000001f09c                _ZN6StringC1Ec
 .text._ZN6StringC2Ec
                0x000000000001f0d0       0x34 /home/jkw/Store/17 - Speedmaster/Firmware/inc/libArduinoCore2560.a(WString.cpp.o)
                0x000000000001f0d0                _ZN6StringC2Ec
 .text._ZN6StringC1ERKS_
                0x000000000001f104       0x36 /home/jkw/Store/17 - Speedmaster/Firmware/inc/libArduinoCore2560.a(WString.cpp.o)
                0x000000000001f104                _ZN6StringC1ERKS_
 .text._ZN6StringC2ERKS_
                0x000000000001f13a       0x36 /home/jkw/Store/17 - Speedmaster/Firmware/inc/libArduinoCore2560.a(WString.cpp.o)
                0x000000000001f13a                _ZN6StringC2ERKS_
 .text._ZN6StringC1Emi
                0x000000000001f170       0x7e /home/jkw/Store/17 - Speedmaster/Firmware/inc/libArduinoCore2560.a(WString.cpp.o)
                0x000000000001f170                _ZN6StringC1Emi
 .text._ZN6StringC2Emi
                0x000000000001f1ee       0x7e /home/jkw/Store/17 - Speedmaster/Firmware/inc/libArduinoCore2560.a(WString.cpp.o)
                0x000000000001f1ee                _ZN6StringC2Emi
 .text._ZN6StringC1Eji
                0x000000000001f26c       0x7c /home/jkw/Store/17 - Speedmaster/Firmware/inc/libArduinoCore2560.a(WString.cpp.o)
                0x000000000001f26c                _ZN6StringC1Eji
 .text._ZN6StringC2Eji
                0x000000000001f2e8       0x7c /home/jkw/Store/17 - Speedmaster/Firmware/inc/libArduinoCore2560.a(WString.cpp.o)
                0x000000000001f2e8                _ZN6StringC2Eji
 .text._ZN6StringC1EPKc
                0x000000000001f364       0x50 /home/jkw/Store/17 - Speedmaster/Firmware/inc/libArduinoCore2560.a(WString.cpp.o)
                0x000000000001f364                _ZN6StringC1EPKc
 .text._ZNK6String11toUpperCaseEv
                0x000000000001f3b4       0x76 /home/jkw/Store/17 - Speedmaster/Firmware/inc/libArduinoCore2560.a(WString.cpp.o)
                0x000000000001f3b4                _ZNK6String11toUpperCaseEv
 .text._ZNK6String11toLowerCaseEv
                0x000000000001f42a       0x76 /home/jkw/Store/17 - Speedmaster/Firmware/inc/libArduinoCore2560.a(WString.cpp.o)
                0x000000000001f42a                _ZNK6String11toLowerCaseEv
 .text._ZNK6String16equalsIgnoreCaseERKS_
                0x000000000001f4a0       0x98 /home/jkw/Store/17 - Speedmaster/Firmware/inc/libArduinoCore2560.a(WString.cpp.o)
                0x000000000001f4a0                _ZNK6String16equalsIgnoreCaseERKS_
 .text._ZNK6String9substringEjj
                0x000000000001f538       0x6e /home/jkw/Store/17 - Speedmaster/Firmware/inc/libArduinoCore2560.a(WString.cpp.o)
                0x000000000001f538                _ZNK6String9substringEjj
 .text._ZNK6String9substringEj
                0x000000000001f5a6       0x18 /home/jkw/Store/17 - Speedmaster/Firmware/inc/libArduinoCore2560.a(WString.cpp.o)
                0x000000000001f5a6                _ZNK6String9substringEj
 .text._ZNK6String11lastIndexOfERKS_j
                0x000000000001f5be       0xc8 /home/jkw/Store/17 - Speedmaster/Firmware/inc/libArduinoCore2560.a(WString.cpp.o)
                0x000000000001f5be                _ZNK6String11lastIndexOfERKS_j
 .text._ZNK6String11lastIndexOfERKS_
                0x000000000001f686       0x1c /home/jkw/Store/17 - Speedmaster/Firmware/inc/libArduinoCore2560.a(WString.cpp.o)
                0x000000000001f686                _ZNK6String11lastIndexOfERKS_
 .text._ZNK6String4trimEv
                0x000000000001f6a2       0xdc /home/jkw/Store/17 - Speedmaster/Firmware/inc/libArduinoCore2560.a(WString.cpp.o)
                0x000000000001f6a2                _ZNK6String4trimEv
 .text._ZN6String7replaceERKS_S1_
                0x000000000001f77e      0x136 /home/jkw/Store/17 - Speedmaster/Firmware/inc/libArduinoCore2560.a(WString.cpp.o)
                0x000000000001f77e                _ZN6String7replaceERKS_S1_
 .text._ZN6String7replaceEcc
                0x000000000001f8b4       0x86 /home/jkw/Store/17 - Speedmaster/Firmware/inc/libArduinoCore2560.a(WString.cpp.o)
                0x000000000001f8b4                _ZN6String7replaceEcc
 .text._ZN6StringC2EPKc
                0x000000000001f93a       0x50 /home/jkw/Store/17 - Speedmaster/Firmware/inc/libArduinoCore2560.a(WString.cpp.o)
                0x000000000001f93a                _ZN6StringC2EPKc
 .text._ZN6StringC1Eli
                0x000000000001f98a       0x7a /home/jkw/Store/17 - Speedmaster/Firmware/inc/libArduinoCore2560.a(WString.cpp.o)
                0x000000000001f98a                _ZN6StringC1Eli
 .text._ZN6StringC2Eli
                0x000000000001fa04       0x7a /home/jkw/Store/17 - Speedmaster/Firmware/inc/libArduinoCore2560.a(WString.cpp.o)
                0x000000000001fa04                _ZN6StringC2Eli
 .text._ZN6StringC1Eii
                0x000000000001fa7e       0x78 /home/jkw/Store/17 - Speedmaster/Firmware/inc/libArduinoCore2560.a(WString.cpp.o)
                0x000000000001fa7e                _ZN6StringC1Eii
 .text._ZN6StringC2Eii
                0x000000000001faf6       0x78 /home/jkw/Store/17 - Speedmaster/Firmware/inc/libArduinoCore2560.a(WString.cpp.o)
                0x000000000001faf6                _ZN6StringC2Eii
 .text.avr-libc
                0x000000000001fb6e      0x266 /usr/lib/gcc/avr/4.5.3/../../../avr/lib/avr6/libc.a(malloc.o)
                0x000000000001fb6e                malloc
                0x000000000001fca2                free
 .text.avr-libc
                0x000000000001fdd4        0x6 /usr/lib/gcc/avr/4.5.3/../../../avr/lib/avr6/libc.a(exit.o)
                0x000000000001fdd4                exit
 .text.avr-libc
                0x000000000001fdda       0x12 /usr/lib/gcc/avr/4.5.3/../../../avr/lib/avr6/libc.a(isalpha.o)
                0x000000000001fdda                isupper
                0x000000000001fdde                isalpha
                0x000000000001fde0                islower
 .text.avr-libc
                0x000000000001fdec       0x10 /usr/lib/gcc/avr/4.5.3/../../../avr/lib/avr6/libc.a(isspace.o)
                0x000000000001fdec                isspace
 .text.avr-libc
                0x000000000001fdfc       0x10 /usr/lib/gcc/avr/4.5.3/../../../avr/lib/avr6/libc.a(tolower.o)
                0x000000000001fdfc                tolower
 .text.avr-libc
                0x000000000001fe0c       0x10 /usr/lib/gcc/avr/4.5.3/../../../avr/lib/avr6/libc.a(toupper.o)
                0x000000000001fe0c                toupper
 .text.avr-libc
                0x000000000001fe1c       0x12 /usr/lib/gcc/avr/4.5.3/../../../avr/lib/avr6/libc.a(strcmp_P.o)
                0x000000000001fe1c                strcmp_P
 .text.avr-libc
                0x000000000001fe2e        0xe /usr/lib/gcc/avr/4.5.3/../../../avr/lib/avr6/libc.a(strcpy_P.o)
                0x000000000001fe2e                strcpy_P
 .text.avr-libc
                0x000000000001fe3c       0x12 /usr/lib/gcc/avr/4.5.3/../../../avr/lib/avr6/libc.a(strlen_P.o)
                0x000000000001fe3c                strlen_P
 .text.avr-libc
                0x000000000001fe4e       0x1a /usr/lib/gcc/avr/4.5.3/../../../avr/lib/avr6/libc.a(memcmp.o)
                0x000000000001fe4e                memcmp
 .text.avr-libc
                0x000000000001fe68       0x12 /usr/lib/gcc/avr/4.5.3/../../../avr/lib/avr6/libc.a(memcpy.o)
                0x000000000001fe68                memcpy
 .text.avr-libc
                0x000000000001fe7a        0xe /usr/lib/gcc/avr/4.5.3/../../../avr/lib/avr6/libc.a(memset.o)
                0x000000000001fe7a                memset
 .text.avr-libc
                0x000000000001fe88       0x16 /usr/lib/gcc/avr/4.5.3/../../../avr/lib/avr6/libc.a(strcat.o)
                0x000000000001fe88                strcat
 .text.avr-libc
                0x000000000001fe9e       0x16 /usr/lib/gcc/avr/4.5.3/../../../avr/lib/avr6/libc.a(strchr.o)
                0x000000000001fe9e                strchr
 .text.avr-libc
                0x000000000001feb4       0x12 /usr/lib/gcc/avr/4.5.3/../../../avr/lib/avr6/libc.a(strcmp.o)
                0x000000000001feb4                strcmp
 .text.avr-libc
                0x000000000001fec6        0xe /usr/lib/gcc/avr/4.5.3/../../../avr/lib/avr6/libc.a(strcpy.o)
                0x000000000001fec6                strcpy
 .text.avr-libc
                0x000000000001fed4       0x1c /usr/lib/gcc/avr/4.5.3/../../../avr/lib/avr6/libc.a(strncmp.o)
                0x000000000001fed4                strncmp
 .text.avr-libc
                0x000000000001fef0       0x1e /usr/lib/gcc/avr/4.5.3/../../../avr/lib/avr6/libc.a(strncpy.o)
                0x000000000001fef0                strncpy
 .text.avr-libc
                0x000000000001ff0e       0x16 /usr/lib/gcc/avr/4.5.3/../../../avr/lib/avr6/libc.a(strrchr.o)
                0x000000000001ff0e                strrchr
 .text.avr-libc
                0x000000000001ff24       0x34 /usr/lib/gcc/avr/4.5.3/../../../avr/lib/avr6/libc.a(strstr.o)
                0x000000000001ff24                strstr
 .text.avr-libc
                0x000000000001ff58       0x42 /usr/lib/gcc/avr/4.5.3/../../../avr/lib/avr6/libc.a(itoa.o)
                0x000000000001ff58                itoa
 .text.avr-libc
                0x000000000001ff9a       0x68 /usr/lib/gcc/avr/4.5.3/../../../avr/lib/avr6/libc.a(ltoa.o)
                0x000000000001ff9a                ltoa
 .text.avr-libc
                0x0000000000020002       0x4a /usr/lib/gcc/avr/4.5.3/../../../avr/lib/avr6/libc.a(ultoa.o)
                0x0000000000020002                ultoa
 .text.avr-libc
                0x000000000002004c       0x60 /usr/lib/gcc/avr/4.5.3/../../../avr/lib/avr6/libc.a(sprintf.o)
                0x000000000002004c                sprintf
 .text.avr-libc.fplib
                0x00000000000200ac        0xa /usr/lib/gcc/avr/4.5.3/../../../avr/lib/avr6/libc.a(addsf3.o)
                0x00000000000200ac                __subsf3
                0x00000000000200ae                __addsf3
 .text.avr-libc.fplib
                0x00000000000200b6       0xc0 /usr/lib/gcc/avr/4.5.3/../../../avr/lib/avr6/libc.a(addsf3x.o)
                0x00000000000200d0                __addsf3x
 .text.avr-libc.fplib
                0x0000000000020176       0x2e /usr/lib/gcc/avr/4.5.3/../../../avr/lib/avr6/libc.a(asin.o)
                0x0000000000020176                asin
 .text.avr-libc.fplib
                0x00000000000201a4        0x8 /usr/lib/gcc/avr/4.5.3/../../../avr/lib/avr6/libc.a(cmpsf2.o)
                0x00000000000201a4                __lesf2
                0x00000000000201a4                __nesf2
                0x00000000000201a4                __eqsf2
                0x00000000000201a4                __cmpsf2
                0x00000000000201a4                __ltsf2
 .text.avr-libc.fplib
                0x00000000000201ac        0x6 /usr/lib/gcc/avr/4.5.3/../../../avr/lib/avr6/libc.a(cos.o)
                0x00000000000201ac                cos
 .text.avr-libc.fplib
                0x00000000000201b2        0x4 /usr/lib/gcc/avr/4.5.3/../../../avr/lib/avr6/libc.a(divsf3.o)
                0x00000000000201b2                __divsf3
 .text.avr-libc.fplib
                0x00000000000201b6       0xcc /usr/lib/gcc/avr/4.5.3/../../../avr/lib/avr6/libc.a(divsf3x.o)
                0x00000000000201cc                __divsf3x
                0x00000000000201d0                __divsf3_pse
 .text.avr-libc.fplib
                0x0000000000020282        0xa /usr/lib/gcc/avr/4.5.3/../../../avr/lib/avr6/libc.a(fixsfsi.o)
                0x0000000000020282                __fixsfsi
 .text.avr-libc.fplib
                0x000000000002028c       0x58 /usr/lib/gcc/avr/4.5.3/../../../avr/lib/avr6/libc.a(fixunssfsi.o)
                0x000000000002028c                __fixunssfsi
 .text.avr-libc.fplib
                0x00000000000202e4       0x7a /usr/lib/gcc/avr/4.5.3/../../../avr/lib/avr6/libc.a(floatsisf.o)
                0x00000000000202e4                __floatunsisf
                0x00000000000202e8                __floatsisf
 .text.avr-libc.fplib
                0x000000000002035e       0x26 /usr/lib/gcc/avr/4.5.3/../../../avr/lib/avr6/libc.a(floor.o)
                0x000000000002035e                floor
 .text.avr-libc.fplib
                0x0000000000020384       0x36 /usr/lib/gcc/avr/4.5.3/../../../avr/lib/avr6/libc.a(fp_arccos.o)
                0x0000000000020384                __fp_arccos
 .text.avr-libc.fplib
                0x00000000000203ba       0x48 /usr/lib/gcc/avr/4.5.3/../../../avr/lib/avr6/libc.a(fp_cmp.o)
                0x00000000000203ba                __fp_cmp
 .text.avr-libc.fplib
                0x0000000000020402        0xc /usr/lib/gcc/avr/4.5.3/../../../avr/lib/avr6/libc.a(fp_inf.o)
                0x0000000000020402                __fp_inf
 .text.avr-libc.fplib
                0x000000000002040e       0x36 /usr/lib/gcc/avr/4.5.3/../../../avr/lib/avr6/libc.a(fp_mintl.o)
                0x000000000002040e                __fp_mintl
 .text.avr-libc.fplib
                0x0000000000020444       0x1c /usr/lib/gcc/avr/4.5.3/../../../avr/lib/avr6/libc.a(fp_mpack.o)
                0x0000000000020444                __fp_mpack
                0x0000000000020448                __fp_mpack_finite
 .text.avr-libc.fplib
                0x0000000000020460        0x6 /usr/lib/gcc/avr/4.5.3/../../../avr/lib/avr6/libc.a(fp_nan.o)
                0x0000000000020460                __fp_nan
 .text.avr-libc.fplib