Archive member included because of file (symbol)

/home/jkw/Store/17 - Speedmaster/Firmware/inc/libArduinoCore2560.a(WInterrupts.c.o)
                              ./dz.o (attachInterrupt)
/home/jkw/Store/17 - Speedmaster/Firmware/inc/libArduinoCore2560.a(wiring.c.o)
                              ./inc/Sd2Card.o (millis)
/home/jkw/Store/17 - Speedmaster/Firmware/inc/libArduinoCore2560.a(wiring_analog.c.o)
                              ./temperature.o (analogRead)
/home/jkw/Store/17 - Speedmaster/Firmware/inc/libArduinoCore2560.a(wiring_digital.c.o)
                              ./inc/Sd2Card.o (pinMode)
/home/jkw/Store/17 - Speedmaster/Firmware/inc/libArduinoCore2560.a(HardwareSerial.cpp.o)
                              ./aktors.o (_ZN14HardwareSerial5beginEl)
/home/jkw/Store/17 - Speedmaster/Firmware/inc/libArduinoCore2560.a(Print.cpp.o)
                              /home/jkw/Store/17 - Speedmaster/Firmware/inc/libArduinoCore2560.a(HardwareSerial.cpp.o) (_ZN5Print5writeEPKc)
/home/jkw/Store/17 - Speedmaster/Firmware/inc/libArduinoCore2560.a(WString.cpp.o)
                              /home/jkw/Store/17 - Speedmaster/Firmware/inc/libArduinoCore2560.a(Print.cpp.o) (_ZNK6StringixEj)
/usr/lib/gcc/avr/4.5.3/../../../avr/lib/avr6/libc.a(malloc.o)
                              ./inc/ssd0323.o (malloc)
/usr/lib/gcc/avr/4.5.3/../../../avr/lib/avr6/libc.a(exit.o)
                              /usr/lib/gcc/avr/4.5.3/../../../avr/lib/avr6/crtm2560.o (exit)
/usr/lib/gcc/avr/4.5.3/../../../avr/lib/avr6/libc.a(isalpha.o)
                              ./inc/istream.o (isupper)
/usr/lib/gcc/avr/4.5.3/../../../avr/lib/avr6/libc.a(isspace.o)
                              ./inc/istream.o (isspace)
/usr/lib/gcc/avr/4.5.3/../../../avr/lib/avr6/libc.a(tolower.o)
                              /home/jkw/Store/17 - Speedmaster/Firmware/inc/libArduinoCore2560.a(WString.cpp.o) (tolower)
/usr/lib/gcc/avr/4.5.3/../../../avr/lib/avr6/libc.a(toupper.o)
                              /home/jkw/Store/17 - Speedmaster/Firmware/inc/libArduinoCore2560.a(WString.cpp.o) (toupper)
/usr/lib/gcc/avr/4.5.3/../../../avr/lib/avr6/libc.a(strcmp_P.o)
                              ./config.o (strcmp_P)
/usr/lib/gcc/avr/4.5.3/../../../avr/lib/avr6/libc.a(strcpy_P.o)
                              ./config.o (strcpy_P)
/usr/lib/gcc/avr/4.5.3/../../../avr/lib/avr6/libc.a(strlen_P.o)
                              ./inc/ostream.o (strlen_P)
/usr/lib/gcc/avr/4.5.3/../../../avr/lib/avr6/libc.a(memcmp.o)
                              ./inc/SdFile.o (memcmp)
/usr/lib/gcc/avr/4.5.3/../../../avr/lib/avr6/libc.a(memcpy.o)
                              ./inc/SdFile.o (memcpy)
/usr/lib/gcc/avr/4.5.3/../../../avr/lib/avr6/libc.a(memset.o)
                              ./gps.o (memset)
/usr/lib/gcc/avr/4.5.3/../../../avr/lib/avr6/libc.a(strcat.o)
                              /home/jkw/Store/17 - Speedmaster/Firmware/inc/libArduinoCore2560.a(WString.cpp.o) (strcat)
/usr/lib/gcc/avr/4.5.3/../../../avr/lib/avr6/libc.a(strchr.o)
                              ./inc/SdFile.o (strchr)
/usr/lib/gcc/avr/4.5.3/../../../avr/lib/avr6/libc.a(strcmp.o)
                              ./config.o (strcmp)
/usr/lib/gcc/avr/4.5.3/../../../avr/lib/avr6/libc.a(strcpy.o)
                              ./config.o (strcpy)
/usr/lib/gcc/avr/4.5.3/../../../avr/lib/avr6/libc.a(strncmp.o)
                              ./config.o (strncmp)
/usr/lib/gcc/avr/4.5.3/../../../avr/lib/avr6/libc.a(strncpy.o)
                              /home/jkw/Store/17 - Speedmaster/Firmware/inc/libArduinoCore2560.a(WString.cpp.o) (strncpy)
/usr/lib/gcc/avr/4.5.3/../../../avr/lib/avr6/libc.a(strrchr.o)
                              /home/jkw/Store/17 - Speedmaster/Firmware/inc/libArduinoCore2560.a(WString.cpp.o) (strrchr)
/usr/lib/gcc/avr/4.5.3/../../../avr/lib/avr6/libc.a(strstr.o)
                              /home/jkw/Store/17 - Speedmaster/Firmware/inc/libArduinoCore2560.a(WString.cpp.o) (strstr)
/usr/lib/gcc/avr/4.5.3/../../../avr/lib/avr6/libc.a(itoa.o)
                              /home/jkw/Store/17 - Speedmaster/Firmware/inc/libArduinoCore2560.a(WString.cpp.o) (itoa)
/usr/lib/gcc/avr/4.5.3/../../../avr/lib/avr6/libc.a(ltoa.o)
                              /home/jkw/Store/17 - Speedmaster/Firmware/inc/libArduinoCore2560.a(WString.cpp.o) (ltoa)
/usr/lib/gcc/avr/4.5.3/../../../avr/lib/avr6/libc.a(ultoa.o)
                              /home/jkw/Store/17 - Speedmaster/Firmware/inc/libArduinoCore2560.a(WString.cpp.o) (ultoa)
/usr/lib/gcc/avr/4.5.3/../../../avr/lib/avr6/libc.a(sprintf.o)
                              ./aktors.o (sprintf)
/usr/lib/gcc/avr/4.5.3/../../../avr/lib/avr6/libc.a(addsf3.o)
                              ./inc/ostream.o (__subsf3)
/usr/lib/gcc/avr/4.5.3/../../../avr/lib/avr6/libc.a(addsf3x.o)
                              /usr/lib/gcc/avr/4.5.3/../../../avr/lib/avr6/libc.a(addsf3.o) (__addsf3x)
/usr/lib/gcc/avr/4.5.3/../../../avr/lib/avr6/libc.a(asin.o)
[...]
Memory Configuration

Name             Origin             Length             Attributes
text             0x0000000000000000 0x0000000000100000 xr
data             0x0000000000800200 0x000000000000fe00 rw !x
eeprom           0x0000000000810000 0x0000000000010000 rw !x
fuse             0x0000000000820000 0x0000000000000400 rw !x
lock             0x0000000000830000 0x0000000000000400 rw !x
signature        0x0000000000840000 0x0000000000000400 rw !x
*default*        0x0000000000000000 0xffffffffffffffff

Linker script and memory map

Address of section .data set to 0x800200
LOAD /usr/lib/gcc/avr/4.5.3/../../../avr/lib/avr6/crtm2560.o
LOAD ./inc/EEPROM.o
LOAD ./inc/Sd2Card.o
LOAD ./inc/SdFat.o
LOAD ./inc/SdFatUtil.o
LOAD ./inc/SdFile.o
LOAD ./inc/SdStream.o
LOAD ./inc/SdVolume.o
LOAD ./inc/Wire.o
LOAD ./inc/istream.o
LOAD ./inc/ostream.o
LOAD ./inc/pins_arduino.o
LOAD ./inc/ssd0323.o
LOAD ./inc/twi.o
LOAD ./aktors.o
LOAD ./blinker.o
LOAD ./clock_me.o
LOAD ./config.o
LOAD ./debug.o
LOAD ./display.o
LOAD ./dz.o
LOAD ./file_manager_v2.o
LOAD ./fuel.o
LOAD ./gear.o
LOAD ./gps.o
LOAD ./helper.o
LOAD ./main.o
LOAD ./menu.o
LOAD ./oiler.o
LOAD ./reset.o
LOAD ./sd.o
LOAD ./sensors.o
LOAD ./speed.o
LOAD ./speedo.o
LOAD ./sprint.o
LOAD ./stepper.o
LOAD ./temperature.o
LOAD ./tetris.o
LOAD ./timer.o
LOAD ./voltage.o
LOAD /home/jkw/Store/17 - Speedmaster/Firmware/inc/libArduinoCore2560.a
LOAD /usr/lib/gcc/avr/4.5.3/../../../avr/lib/avr6/libc.a
LOAD /usr/lib/gcc/avr/4.5.3/avr6/libgcc.a
LOAD /usr/lib/gcc/avr/4.5.3/../../../avr/lib/avr6/libm.a
LOAD /usr/lib/gcc/avr/4.5.3/../../../avr/lib/avr6/libc.a
LOAD /usr/lib/gcc/avr/4.5.3/avr6/libgcc.a
LOAD /usr/lib/gcc/avr/4.5.3/../../../avr/lib/avr6/libc.a
LOAD /usr/lib/gcc/avr/4.5.3/avr6/libgcc.a

.hash
 *(.hash)

.dynsym
 *(.dynsym)

.dynstr
 *(.dynstr)

.gnu.version
 *(.gnu.version)

.gnu.version_d
 *(.gnu.version_d)

.gnu.version_r
 *(.gnu.version_r)

.rel.init
 *(.rel.init)

.rela.init
 *(.rela.init)

.rel.text
 *(.rel.text)
 *(.rel.text.*)
 *(.rel.gnu.linkonce.t*)

.rela.text
 *(.rela.text)
 *(.rela.text.*)
 *(.rela.gnu.linkonce.t*)

.rel.fini
 *(.rel.fini)

.rela.fini
 *(.rela.fini)

.rel.rodata
 *(.rel.rodata)
 *(.rel.rodata.*)
 *(.rel.gnu.linkonce.r*)

.rela.rodata
 *(.rela.rodata)
 *(.rela.rodata.*)
 *(.rela.gnu.linkonce.r*)

.rel.data
 *(.rel.data)
 *(.rel.data.*)
 *(.rel.gnu.linkonce.d*)

.rela.data
 *(.rela.data)
 *(.rela.data.*)
 *(.rela.gnu.linkonce.d*)

.rel.ctors
 *(.rel.ctors)

.rela.ctors
 *(.rela.ctors)

.rel.dtors
 *(.rel.dtors)

.rela.dtors
 *(.rela.dtors)

.rel.got
 *(.rel.got)

.rela.got
 *(.rela.got)

.rel.bss
 *(.rel.bss)

.rela.bss
 *(.rela.bss)

.rel.plt
 *(.rel.plt)

.rela.plt
 *(.rela.plt)

.text           0x0000000000000000    0x293b6
 *(.vectors)
 .vectors       0x0000000000000000       0xe4 /usr/lib/gcc/avr/4.5.3/../../../avr/lib/avr6/crtm2560.o
                0x0000000000000000                __vectors
                0x0000000000000000                __vector_default
 *(.vectors)
 *(.progmem.gcc*)
 .progmem.gcc_fplib
                0x00000000000000e4       0x14 /usr/lib/gcc/avr/4.5.3/../../../avr/lib/avr6/libc.a(asin.o)
 .progmem.gcc_fplib
                0x00000000000000f8       0x28 /usr/lib/gcc/avr/4.5.3/../../../avr/lib/avr6/libc.a(fp_arccos.o)
 .progmem.gcc_fplib
                0x0000000000000120       0x1e /usr/lib/gcc/avr/4.5.3/../../../avr/lib/avr6/libc.a(fp_sinus.o)
 .progmem.gcc_fplib
                0x000000000000013e       0x28 /usr/lib/gcc/avr/4.5.3/../../../avr/lib/avr6/libc.a(exp.o)
 .progmem.gcc_fplib
                0x0000000000000166       0x5a /usr/lib/gcc/avr/4.5.3/../../../avr/lib/avr6/libc.a(log.o)
 *(.progmem*)
 .progmem.data  0x00000000000001c0       0xc0 ./inc/SdFat.o
 .progmem.data  0x0000000000000280       0x13 ./inc/SdFile.o
 .progmem.data  0x0000000000000293        0xb ./inc/istream.o
 .progmem.data  0x000000000000029e       0x13 ./inc/ostream.o
 .progmem.data  0x00000000000002b1      0x120 ./inc/pins_arduino.o
                0x00000000000002b1                port_to_mode_PGM
                0x00000000000002cb                port_to_output_PGM
                0x00000000000002e5                port_to_input_PGM
                0x00000000000002ff                digital_pin_to_port_PGM
                0x0000000000000345                digital_pin_to_bit_mask_PGM
                0x000000000000038b                digital_pin_to_timer_PGM
 .progmem.data  0x00000000000003d1      0xcc0 ./inc/ssd0323.o
 .progmem.data  0x0000000000001091       0xbb ./aktors.o
 .progmem.data  0x000000000000114c       0x21 ./blinker.o
 .progmem.data  0x000000000000116d       0x10 ./clock_me.o
 .progmem.data  0x000000000000117d      0xaed ./config.o
 .progmem.data  0x0000000000001c6a       0xc7 ./display.o
 .progmem.data  0x0000000000001d31        0xa ./dz.o
 .progmem.data  0x0000000000001d3b        0xc ./fuel.o
 .progmem.data  0x0000000000001d47       0x5d ./gear.o
 .progmem.data  0x0000000000001da4       0x45 ./gps.o
 .progmem.data  0x0000000000001de9       0x41 ./main.o
 .progmem.data  0x0000000000001e2a      0x92e ./menu.o
                0x0000000000001e2a                main_m_0
                0x0000000000001e37                main_m_1
                0x0000000000001e46                main_m_2
                0x0000000000001e54                main_m_3
                0x0000000000001e59                main_m_4
                0x0000000000001e6a                main_m_5
                0x0000000000001e77                main_m_6
                0x0000000000001e80                main_m_7
                0x0000000000001e8f                main_m_8
                0x0000000000001e9f                menu_main
                0x0000000000001eb1                setup_m_0
                0x0000000000001ec0                setup_m_1
                0x0000000000001ed0                setup_m_2
                0x0000000000001ee1                setup_m_3
                0x0000000000001ef1                setup_m_4
                0x0000000000001f04                setup_m_5
                0x0000000000001f16                setup_m_6
                0x0000000000001f24                setup_m_7
                0x0000000000001f30                setup_m_8
                0x0000000000001f39                menu_setup
                0x0000000000001f4b                custom_m_0
                0x0000000000001f58                custom_m_1
                0x0000000000001f66                custom_m_2
                0x0000000000001f74                custom_m_3
                0x0000000000001f82                custom_m_4
                0x0000000000001f8f                custom_m_5
                0x0000000000001f9e                custom_m_6
                0x0000000000001fac                custom_m_7
                0x0000000000001fbe                custom_m_8
                0x0000000000001fc3                menu_custom
                0x0000000000001fd5                fade_m_0
                0x0000000000001fe5                fade_m_1
                0x0000000000001ff4                fade_m_2
                0x0000000000002001                fade_m_3
                0x0000000000002013                fade_m_4
                0x0000000000002027                fade_m_5
                0x000000000000202c                fade_m_6
                0x0000000000002031                fade_m_7
                0x0000000000002036                fade_m_8
                0x000000000000203b                menu_fade
                0x000000000000204d                einfo_m_0
                0x000000000000205e                einfo_m_1
                0x000000000000206f                einfo_m_2
                0x000000000000207a                einfo_m_3
                0x000000000000207f                einfo_m_4
                0x0000000000002084                einfo_m_5
                0x0000000000002089                einfo_m_6
                0x000000000000208e                einfo_m_7
                0x0000000000002093                einfo_m_8
                0x000000000000209d                menu_einfo
                0x00000000000020af                navi_m_0
                0x00000000000020bd                navi_m_1
                0x00000000000020cc                navi_m_2
                0x00000000000020d8                navi_m_3
                0x00000000000020e8                navi_m_4
                0x00000000000020ed                navi_m_5
                0x00000000000020f2                navi_m_6
                0x00000000000020f7                navi_m_7
                0x00000000000020fc                navi_m_8
                0x0000000000002101                menu_navi
                0x0000000000002113                titel_0
                0x0000000000002121                titel_1
                0x0000000000002122                titel_2
                0x0000000000002123                titel_3
                0x0000000000002132                titel_4
                0x0000000000002133                titel_5
                0x0000000000002143                titel_6
                0x0000000000002151                titel_7
                0x000000000000215b                titel_8
                0x000000000000215c                titel_9
                0x0000000000002169                menu_titel
                0x000000000000217d                trip_setup_m_0
                0x0000000000002183                trip_setup_m_1
                0x0000000000002190                trip_setup_m_2
                0x0000000000002194                trip_setup_m_3
                0x0000000000002199                trip_setup_m_4
                0x000000000000219f                trip_setup_m_5
                0x00000000000021a4                trip_setup_m_6
                0x00000000000021aa                trip_setup_m_7
                0x00000000000021b1                trip_setup_m_8
                0x00000000000021b7                menu_trip_setup
 .progmem.data  0x0000000000002758       0x1d ./oiler.o
 .progmem.data  0x0000000000002775       0x19 ./reset.o
 .progmem.data  0x000000000000278e       0x39 ./sd.o
 .progmem.data  0x00000000000027c7       0x51 ./sensors.o
 .progmem.data  0x0000000000002818       0x20 ./speed.o
 .progmem.data  0x0000000000002838       0xaa ./speedo.o
 .progmem.data  0x00000000000028e2        0xe ./sprint.o
 .progmem.data  0x00000000000028f0        0xc ./temperature.o
 .progmem.data  0x00000000000028fc       0x45 ./tetris.o
                0x0000000000002942                . = ALIGN (0x2)
 *fill*         0x0000000000002941        0x1 00
                0x0000000000002942                __trampolines_start = .
 *(.trampolines)
 .trampolines   0x0000000000002942       0x24 linker stubs
 *(.trampolines*)
                0x0000000000002966                __trampolines_end = .
 *(.jumptables)
 *(.jumptables*)
 *(.lowtext)
 *(.lowtext*)
                0x0000000000002966                __ctors_start = .
 *(.ctors)
 .ctors         0x0000000000002966        0x2 ./inc/Wire.o
 .ctors         0x0000000000002968        0x2 ./main.o
 .ctors         0x000000000000296a        0x2 /home/jkw/Store/17 - Speedmaster/Firmware/inc/libArduinoCore2560.a(HardwareSerial.cpp.o)
                0x000000000000296c                __ctors_end = .
                0x000000000000296c                __dtors_start = .
 *(.dtors)
                0x000000000000296c                __dtors_end = .
 SORT(*)(.ctors)
 SORT(*)(.dtors)
 *(.init0)
 .init0         0x000000000000296c        0x0 /usr/lib/gcc/avr/4.5.3/../../../avr/lib/avr6/crtm2560.o
                0x000000000000296c                __init
 *(.init0)
 *(.init1)
 *(.init1)
 *(.init2)
 .init2         0x000000000000296c       0x10 /usr/lib/gcc/avr/4.5.3/../../../avr/lib/avr6/crtm2560.o
 *(.init2)
 *(.init3)
 *(.init3)
 *(.init4)
 .init4         0x000000000000297c       0x1a /usr/lib/gcc/avr/4.5.3/avr6/libgcc.a(_copy_data.o)
                0x000000000000297c                __do_copy_data
 .init4         0x0000000000002996       0x10 /usr/lib/gcc/avr/4.5.3/avr6/libgcc.a(_clear_bss.o)
                0x0000000000002996                __do_clear_bss
 *(.init4)
 *(.init5)
 *(.init5)
 *(.init6)
 .init6         0x00000000000029a6       0x20 /usr/lib/gcc/avr/4.5.3/avr6/libgcc.a(_ctors.o)
                0x00000000000029a6                __do_global_ctors
 *(.init6)
 *(.init7)
 *(.init7)
 *(.init8)
 *(.init8)
 *(.init9)
 .init9         0x00000000000029c6        0x8 /usr/lib/gcc/avr/4.5.3/../../../avr/lib/avr6/crtm2560.o
 *(.init9)
 *(.text)
 .text          0x00000000000029ce        0x4 /usr/lib/gcc/avr/4.5.3/../../../avr/lib/avr6/crtm2560.o
                0x00000000000029ce                __vector_38
                0x00000000000029ce                __vector_22
                0x00000000000029ce                __vector_28
                0x00000000000029ce                __vector_32
                0x00000000000029ce                __vector_34
                0x00000000000029ce                __vector_24
                0x00000000000029ce                __vector_12
                0x00000000000029ce                __vector_55
                0x00000000000029ce                __vector_46
                0x00000000000029ce                __bad_interrupt
                0x00000000000029ce                __vector_31
                0x00000000000029ce                __vector_30
                0x00000000000029ce                __vector_45
                0x00000000000029ce                __vector_11
                0x00000000000029ce                __vector_13
                0x00000000000029ce                __vector_17
                0x00000000000029ce                __vector_19
                0x00000000000029ce                __vector_56
                0x00000000000029ce                __vector_49
                0x00000000000029ce                __vector_41
                0x00000000000029ce                __vector_43
                0x00000000000029ce                __vector_27
                0x00000000000029ce                __vector_33
                0x00000000000029ce                __vector_47
                0x00000000000029ce                __vector_52
                0x00000000000029ce                __vector_37
                0x00000000000029ce                __vector_44
                0x00000000000029ce                __vector_9
                0x00000000000029ce                __vector_21
                0x00000000000029ce                __vector_15
                0x00000000000029ce                __vector_29
                0x00000000000029ce                __vector_40
                0x00000000000029ce                __vector_26
                0x00000000000029ce                __vector_48
                0x00000000000029ce                __vector_14
                0x00000000000029ce                __vector_53
                0x00000000000029ce                __vector_50
                0x00000000000029ce                __vector_16
                0x00000000000029ce                __vector_18
                0x00000000000029ce                __vector_20
                0x00000000000029ce                __vector_42
 .text          0x00000000000029d2        0xe ./inc/EEPROM.o
                0x00000000000029d2                _ZN11EEPROMClass4readEi
                0x00000000000029d8                _ZN11EEPROMClass5writeEih
 .text          0x00000000000029e0      0x856 ./inc/Sd2Card.o
                0x0000000000002a16                _ZN7Sd2Card14chipSelectHighEv
                0x0000000000002a20                _ZN7Sd2Card13chipSelectLowEv
                0x0000000000002a38                _ZN7Sd2Card8readDataEPhj
                0x0000000000002a8a                _ZN7Sd2Card10setSckRateEh
                0x0000000000002a9e                _ZN7Sd2Card11waitNotBusyEj
                0x0000000000002ad4                _ZN7Sd2Card11cardCommandEhm
                0x0000000000002b62                _ZN7Sd2Card8cardAcmdEhm
                0x0000000000002b9c                _ZN7Sd2Card4initEhh
                0x0000000000002cf4                _ZN7Sd2Card14waitStartBlockEv
                0x0000000000002d3e                _ZN7Sd2Card12readRegisterEhPv
                0x0000000000002d82                _ZN7Sd2Card7readCSDEP5csd_t
                0x0000000000002d88                _ZN7Sd2Card22eraseSingleBlockEnableEv
                0x0000000000002dc2                _ZN7Sd2Card5eraseEmm
                0x0000000000002ee8                _ZN7Sd2Card8cardSizeEv
                0x0000000000002fee                _ZN7Sd2Card9readBlockEmPh
                0x000000000000305c                _ZN7Sd2Card9writeDataEhPKh
                0x00000000000030b8                _ZN7Sd2Card9writeDataEPKh
                0x00000000000030fa                _ZN7Sd2Card10writeBlockEmPKh
                0x000000000000318e                _ZN7Sd2Card10writeStartEmm
                0x00000000000031fa                _ZN7Sd2Card9writeStopEv
 .text          0x0000000000003236      0x42e ./inc/SdFat.o
                0x0000000000003236                _ZN8SdVolume4initEP7Sd2Card
                0x0000000000003264                _ZN6SdFileD1Ev
                0x000000000000327a                _ZN5SdFat5chdirEv
                0x00000000000032aa                _ZN5SdFat5chdirEPKc
                0x000000000000338a                _ZN5SdFat10errorPrintEv
                0x00000000000033b8                _ZN5SdFat9errorHaltEv
                0x00000000000033bc                _ZN5SdFat10errorPrintEPKc
                0x00000000000033e6                _ZN5SdFat9errorHaltEPKc
                0x00000000000033ea                _ZN5SdFat12errorPrint_PEPKc
                0x000000000000340e                _ZN5SdFat11errorHalt_PEPKc
                0x0000000000003412                _ZN5SdFat6existsEPKc
                0x0000000000003418                _ZN5SdFat4initEhh
                0x000000000000344a                _ZN5SdFat14initErrorPrintEv
                0x0000000000003492                _ZN5SdFat13initErrorHaltEv
                0x0000000000003496                _ZN5SdFat2lsEh
                0x00000000000034a4                _ZN5SdFat2lsEP5Printh
                0x00000000000034ac                _ZN5SdFat5mkdirEPKcb
                0x000000000000350a                _ZN5SdFat6removeEPKc
                0x0000000000003510                _ZN5SdFat6renameEPKcS1_
                0x000000000000358c                _ZN5SdFat5rmdirEPKc
                0x00000000000035ec                _ZN5SdFat8truncateEPKcm
 .text          0x0000000000003664       0x8a ./inc/SdFatUtil.o
                0x0000000000003664                _ZN9SdFatUtil7FreeRamEv
                0x000000000000369e                _ZN9SdFatUtil7print_PEP5PrintPKc
                0x00000000000036ca                _ZN9SdFatUtil9println_PEP5PrintPKc
                0x00000000000036de                _ZN9SdFatUtil13SerialPrint_PEPKc
                0x00000000000036e6                _ZN9SdFatUtil15SerialPrintln_PEPKc
 .text          0x00000000000036ee     0x27b2 ./inc/SdFile.o
                0x000000000000371a                _ZN8SdVolume9fatPutEOCEm
                0x0000000000003730                _ZN6SdFile10addClusterEv
                0x0000000000003784                _ZN6SdFile13addDirClusterEv
                0x000000000000389e                _ZN6SdFile13cacheDirEntryEh
                0x00000000000038da                _ZN6SdFile15contiguousRangeEPmS0_
                0x0000000000003a3e                _ZN6SdFile7dirNameERK14directoryEntryPc
                0x0000000000003a7a                _ZN6SdFile11getFilenameEPc
                0x0000000000003aae                _ZN6SdFile6getposEP6fpos_t
                0x0000000000003adc                _ZN6SdFile10make83NameEPKcPhPS1_
                0x0000000000003b5e                _ZN6SdFile8openRootEP8SdVolume
                0x0000000000003c04                _ZN6SdFile12printDirNameEP5PrintRK14directoryEntryhb
                0x0000000000003c94                _ZN6SdFile12printDirNameERK14directoryEntryhb
                0x0000000000003ca4                _ZN6SdFile12printFatDateEP5Printj
                0x0000000000003cfe                _ZN6SdFile12printFatDateEj
                0x0000000000003d06                _ZN6SdFile12printFatTimeEP5Printj
                0x0000000000003d5a                _ZN6SdFile12printFatTimeEj
                0x0000000000003d62                _ZN6SdFile9printNameEv
                0x0000000000003dae                _ZN6SdFile4readEPvj
                0x0000000000004010                _ZN6SdFile4readEv
                0x0000000000004040                _ZN6SdFile4peekEv
                0x0000000000004096                _ZN6SdFile11lsPrintNextEP5Printhh
                0x0000000000004216                _ZN6SdFile9lsJKWNextEPciPm
                0x000000000000432a                _ZN6SdFile5fgetsEPciS0_
                0x00000000000043fe                _ZN6SdFile7readDirEP14directoryEntry
                0x0000000000004468                _ZN6SdFile12readDirCacheEv
                0x00000000000044de                _ZN6SdFile7seekSetEm
                0x0000000000004616                _ZN6SdFile7seekEndEl
                0x0000000000004634                _ZN6SdFile6rewindEv
                0x000000000000463c                _ZN6SdFile6setposEP6fpos_t
                0x0000000000004668                _ZN6SdFile4syncEv
                0x00000000000046fc                _ZN6SdFile8dirEntryEP14directoryEntry
                0x000000000000473e                _ZN6SdFile5closeEv
                0x000000000000476c                _ZN6SdFile9timestampEhjhhhhh
                0x000000000000489c                _ZN6SdFile8truncateEm
                0x0000000000004a04                _ZN6SdFile6removeEv
                0x0000000000004a38                _ZN6SdFile5rmdirEv
                0x0000000000004ac2                _ZN6SdFile15openCachedEntryEhh
                0x0000000000004bce                _ZN6SdFile8openNextEPS_h
                0x0000000000004c64                _ZN6SdFile4openEPS_jh
                0x0000000000004ce4                _ZN6SdFile8rmRfStarEv
                0x0000000000004e1e                _ZN6SdFile2lsEP5Printhh
                0x0000000000004f1a                _ZN6SdFile2lsEh
                0x0000000000004f24                _ZN6SdFile10openParentEPS_
                0x0000000000005120                _ZN6SdFile4openEPS_PKhh
                0x00000000000052ac                _ZN6SdFile4openEPS_PKch
                0x0000000000005444                _ZN6SdFile6removeEPS_PKc
                0x00000000000054a8                _ZN6SdFile4openEPKch
                0x00000000000054b8                _ZN6SdFileC1EPKch
                0x00000000000054b8                _ZN6SdFileC2EPKch
                0x00000000000054c8                _ZN6SdFile6existsEPKc
                0x0000000000005522                _ZN6SdFile16createContiguousEPS_PKcm
                0x00000000000055ae                _ZN6SdFile5mkdirEPS_PKh
                0x0000000000005730                _ZN6SdFile5mkdirEPS_PKcb
                0x00000000000058e0                _ZN6SdFile6renameEPS_PKc
                0x0000000000005ad4                _ZN6SdFile5writeEPKvj
                0x0000000000005e24                _ZN6SdFile5writeEPKc
                0x0000000000005e38                _ZN6SdFile5writeEh
                0x0000000000005e58                _ZN6SdFile7write_PEPKc
                0x0000000000005e8a                _ZN6SdFile9writeln_PEPKc
 .text          0x0000000000005ea0      0x2c8 ./inc/SdStream.o
                0x0000000000005ea0                _ZN6SdFile7seekCurEl
                0x0000000000005ec0                _ZN6SdBase5getchEv
                0x0000000000005f7a                _ZN6SdBase4openEPKch
                0x000000000000603a                _ZN6SdBase5putchEc
                0x000000000000609a                _ZN6SdBase6putstrEPKc
                0x000000000000611a                _ZN6SdBase7seekoffElN8ios_base7seekdirE
                0x0000000000006164                _ZN6SdBase7seekposEm
 .text          0x0000000000006168      0xa8e ./inc/SdVolume.o
                0x0000000000006168                _ZN8SdVolume10cacheFlushEv
                0x00000000000061e2                _ZN8SdVolume13cacheRawBlockEmh
                0x0000000000006266                _ZNK8SdVolume6fatGetEmPm
                0x0000000000006366                _ZNK8SdVolume9chainSizeEmPm
                0x000000000000644c                _ZN8SdVolume6fatPutEmm
                0x0000000000006588                _ZN8SdVolume15allocContiguousEmPm
                0x00000000000067a6                _ZN8SdVolume9freeChainEm
                0x000000000000685c                _ZN8SdVolume16freeClusterCountEv
                0x0000000000006990                _ZN8SdVolume4initEP7Sd2Cardh
 .text          0x0000000000006bf6      0x1f4 ./inc/Wire.o
                0x0000000000006bf6                _ZN7TwoWire16onReceiveServiceEPhi
                0x0000000000006c46                _ZN7TwoWire16onRequestServiceEv
                0x0000000000006c5e                _ZN7TwoWireC2Ev
                0x0000000000006c5e                _ZN7TwoWireC1Ev
                0x0000000000006c60                _ZN7TwoWire5beginEv
                0x0000000000006c74                _ZN7TwoWire5beginEh
                0x0000000000006c9a                _ZN7TwoWire5beginEi
                0x0000000000006c9c                _ZN7TwoWire11requestFromEhh
                0x0000000000006cb6                _ZN7TwoWire11requestFromEii
                0x0000000000006cb8                _ZN7TwoWire17beginTransmissionEh
                0x0000000000006ccc                _ZN7TwoWire17beginTransmissionEi
                0x0000000000006cce                _ZN7TwoWire15endTransmissionEv
                0x0000000000006cee                _ZN7TwoWire4sendEh
                0x0000000000006d36                _ZN7TwoWire4sendEPhh
                0x0000000000006d90                _ZN7TwoWire4sendEPc
                0x0000000000006da4                _ZN7TwoWire4sendEi
                0x0000000000006da6                _ZN7TwoWire9availableEv
                0x0000000000006db2                _ZN7TwoWire7receiveEv
                0x0000000000006dd4                _ZN7TwoWire9onReceiveEPFviE
                0x0000000000006dde                _ZN7TwoWire9onRequestEPFvvE
 .text          0x0000000000006dea      0xd62 ./inc/istream.o
                0x0000000000006dea                _ZN7istream5getchEP6fpos_t
                0x0000000000006e10                _ZN7istream3getEv
                0x0000000000006e54                _ZN7istream3getERc
                0x0000000000006e72                _ZN7istream3getEPcmc
                0x0000000000006f8a                _ZN7istream7getlineEPcmc
                0x00000000000070c2                _ZN7istream6ignoreEmi
                0x000000000000712a                _ZN7istream4peekEv
                0x00000000000071de                _ZN7istream8readSkipEv
                0x0000000000007224                _ZN7istream6getStrEPc
                0x0000000000007376                _ZN7istream9getNumberEmmPm
                0x00000000000075fe                _ZN7istream8getFloatEPf
                0x0000000000007952                _ZN7istream7getCharEPc
                0x000000000000798a                _ZN7istream9skipWhiteEv
                0x00000000000079fa                _ZN7istream9getNumberIbEEvPT_
                0x0000000000007a64                _ZN7istream7getBoolEPb
 .text          0x0000000000007b4c      0x64a ./inc/ostream.o
                0x0000000000007b4c                _ZN7ostream7do_fillEj
                0x0000000000007b9c                _ZN7ostream13fill_not_leftEj
                0x0000000000007bc2                _ZN7ostream6fmtNumEmPch
                0x0000000000007c5e                _ZN7ostream7putCharEc
                0x0000000000007c8e                _ZN7ostream6putNumEmb
                0x0000000000007df2                _ZN7ostream6putNumEl
                0x0000000000007e2c                _ZN7ostream6putPgmERK3pgm
                0x0000000000007e7e                _ZN7ostream9putDoubleEd
                0x00000000000080f2                _ZN7ostream7putBoolEb
                0x000000000000814e                _ZN7ostream6putStrEPKc
 .text          0x0000000000008196        0x0 ./inc/pins_arduino.o
 .text          0x0000000000008196     0x1af6 ./inc/ssd0323.o
                0x0000000000008196                _ZN7ssd032310senden_spiEh
                0x00000000000081ba                _ZN7ssd032312send_commandEh
                0x00000000000081c2                _ZN7ssd03239send_charEh
                0x00000000000081c6                _ZN7ssd032312clear_screenEv
                0x000000000000820c                _ZN7ssd032310set2pixelsEhhhh
                0x000000000000827a                _ZN7ssd03234lineEhhhhh
                0x0000000000008734                _ZN7ssd032314zeichen_big_1xEPhhiiiih
                0x00000000000089b0                _ZN7ssd032316zeichen_small_1xEPhhiiiih
                0x0000000000008b4a                _ZN7ssd032316zeichen_small_2xEPhhiiiih
                0x0000000000008d44                _ZN7ssd032316zeichen_small_3xEPhhiiiih
                0x0000000000008fcc                _ZN7ssd032316zeichen_small_4xEPhhiiiih
                0x0000000000009214                _ZN7ssd03236stringEsPKchhhhh
                0x000000000000981c                _ZN7ssd03236stringEsPKchh
                0x0000000000009838                _ZN7ssd03238string_PEsPKchhhhh
                0x00000000000098d4                _ZN7ssd03238string_PEsPKchh
                0x00000000000098f0                _ZN7ssd032311filled_rectEhhhhh
                0x00000000000099c6                _ZN7ssd032313highlight_barEhhhh
                0x0000000000009abc                _ZN7ssd03234initEhh
                0x0000000000009c8a                _ZN7ssd0323C1Ev
                0x0000000000009c8a                _ZN7ssd0323C2Ev
 .text          0x0000000000009c8c      0x43c ./inc/twi.o
                0x0000000000009c8c                twi_init
                0x0000000000009cb2                twi_setAddress
                0x0000000000009cba                twi_readFrom
                0x0000000000009d26                twi_writeTo
                0x0000000000009da6                twi_transmit
                0x0000000000009dda                twi_attachSlaveRxEvent
                0x0000000000009de4                twi_attachSlaveTxEvent
                0x0000000000009dee                twi_reply
                0x0000000000009dfe                twi_stop
                0x0000000000009e12                twi_releaseBus
                0x0000000000009e1e                __vector_39
 .text          0x000000000000a0c8     0x1db2 ./aktors.o
                0x000000000000a0c8                _ZN13Speedo_aktorsC2Ev
                0x000000000000a0c8                _ZN13Speedo_aktorsC1Ev
                0x000000000000a0ee                _ZN13Speedo_aktorsD2Ev
                0x000000000000a0ee                _ZN13Speedo_aktorsD1Ev
                0x000000000000a0f0                _ZN13Speedo_aktors10clear_varsEv
                0x000000000000a136                _ZN13Speedo_aktors10check_varsEv
                0x000000000000a20e                _ZN13Speedo_aktors10set_rgb_inEiiii
                0x000000000000a2ce                _ZN13Speedo_aktors10set_rgb_inEiii
                0x000000000000a2de                _ZN13Speedo_aktors11set_rgb_outEiiii
                0x000000000000a38c                _ZN13Speedo_aktors11set_rgb_outEiii
                0x000000000000a39c                _ZN13Speedo_aktors11dimm_rgb_toEiiiii
                0x000000000000a454                _ZN13Speedo_aktors14timer_overflowEv
                0x000000000000a8fa                _ZN13Speedo_aktors14dimm_availableEv
                0x000000000000a91c                __vector_35
                0x000000000000a972                _ZN13Speedo_aktors17update_outer_ledsEb
                0x000000000000b6b0                _ZN13Speedo_aktors4initEv
                0x000000000000b752                _ZN13Speedo_aktors6ask_btEPc
                0x000000000000b850                _ZN13Speedo_aktors10set_bt_pinEv
 .text          0x000000000000be7a      0x182 ./blinker.o
                0x000000000000be7a                _ZN13moped_blinkerC1Ev
                0x000000000000be7a                _ZN13moped_blinkerC2Ev
                0x000000000000be7c                _ZN13moped_blinkerD2Ev
                0x000000000000be7c                _ZN13moped_blinkerD1Ev
                0x000000000000be7e                _ZN13moped_blinker5checkEv
                0x000000000000bf28                _ZN13moped_blinker9set_startEmi
                0x000000000000bf56                _ZN13moped_blinker4warnEm
                0x000000000000bf9a                _ZN13moped_blinker4initEv
                0x000000000000bfb2                _ZN13moped_blinker10clear_varsEv
                0x000000000000bfc6                _ZN13moped_blinker10check_varsEv
 .text          0x000000000000bffc      0x322 ./clock_me.o
                0x000000000000bffc                _ZN12speedo_clockC2Ev
                0x000000000000bffc                _ZN12speedo_clockC1Ev
                0x000000000000bffe                _ZN12speedo_clockD1Ev
                0x000000000000bffe                _ZN12speedo_clockD2Ev
                0x000000000000c000                _ZN12speedo_clock7changedEPi
                0x000000000000c026                _ZN12speedo_clock8decToBcdEc
                0x000000000000c036                _ZN12speedo_clock8bcdToDecEc
                0x000000000000c04e                _ZN12speedo_clock13set_date_timeEiiiiiiii
                0x000000000000c154                _ZN12speedo_clock4initEv
                0x000000000000c164                _ZN12speedo_clock10clear_varsEv
                0x000000000000c184                _ZN12speedo_clock10check_varsEv
                0x000000000000c188                _ZN12speedo_clock7getdateEv
                0x000000000000c1ac                _ZN12speedo_clock13get_long_dateEv
                0x000000000000c238                _ZN12speedo_clock9get_daylsEv
                0x000000000000c240                _ZN12speedo_clock6get_ssEv
                0x000000000000c24a                _ZN12speedo_clock3incEv
                0x000000000000c296                _ZN12speedo_clock4copyEPc
 .text          0x000000000000c31e     0x458e ./config.o
                0x000000000000c334                _ZN13configurationC2Ev
                0x000000000000c334                _ZN13configurationC1Ev
                0x000000000000c336                _ZN13configurationD1Ev
                0x000000000000c336                _ZN13configurationD2Ev
                0x000000000000c338                _ZN13configuration14get_hw_versionEv
                0x000000000000c390                _ZN13configuration8ram_infoEv
                0x000000000000c3cc                _ZN13configuration5writeEPKc
                0x000000000000e46e                _ZN13configuration10clear_varsEv
                0x000000000000e48c                _ZN13configuration11parse_floatEPciPf
                0x000000000000e70e                _ZN13configuration10parse_boolEPciPb
                0x000000000000e74a                _ZN13configuration9parse_intEPciPi
                0x000000000000e7a0                _ZN13configuration11parse_shortEPciPs
                0x000000000000e7ea                _ZN13configuration7parse_aEPciS0_i
                0x000000000000e858                _ZN13configuration8parse_ulEPciPm
                0x000000000000e902                _ZN13configuration5parseEPc
                0x0000000000010146                _ZN13configuration4readEPKc
                0x00000000000103ca                _ZN13configuration9read_skinEv
                0x000000000001045e                _ZN13configuration7km_saveEv
                0x0000000000010636                _ZN13configuration14day_trip_checkEv
                0x0000000000010756                _ZN13configuration11EEPROM_initEv
 .text          0x00000000000108ac       0x6e ./debug.o
                0x00000000000108ac                _ZN9debuggingC1Ev
                0x00000000000108ac                _ZN9debuggingC2Ev
                0x00000000000108ae                _ZN9debuggingD1Ev
                0x00000000000108ae                _ZN9debuggingD2Ev
                0x00000000000108b0                _ZN9debugging7sprintpEPKc
                0x00000000000108da                _ZN9debugging9sprintlnpEPKc
                0x000000000001090c                _ZN9debugging11parse_floatEiPciii
                0x000000000001090e                _ZN9debugging9parse_intEv
                0x0000000000010910                _ZN9debugging5parseEiPc
                0x0000000000010912                _ZN9debugging7parse_aEiPc
                0x0000000000010914                _ZN9debugging8parse_ulEim
                0x0000000000010916                _ZN9debugging11speedo_loopEiimPKc
                0x0000000000010918                _ZN9debugging4loopEv
 .text          0x000000000001091a     0x1c1c ./display.o
                0x0000000000010930                _ZN11speedo_dispC1Ev
                0x0000000000010930                _ZN11speedo_dispC2Ev
                0x0000000000010934                _ZN11speedo_dispD2Ev
                0x0000000000010934                _ZN11speedo_dispD1Ev
                0x0000000000010936                _ZN11speedo_disp8draw_oilEhh
                0x0000000000010c00                _ZN11speedo_disp10draw_waterEhh
                0x0000000000010eca                _ZN11speedo_disp8draw_airEhh
                0x0000000000010fd4                _ZN11speedo_disp9draw_fuelEhh
                0x00000000000110fe                _ZN11speedo_disp10draw_clockEhh
                0x0000000000011228                _ZN11speedo_disp12draw_blitzerEhh
                0x00000000000114a2                _ZN11speedo_disp10draw_arrowEiii
                0x0000000000011a7e                _ZN11speedo_disp6sd2ssdEPci
                0x0000000000011c4a                _ZN11speedo_disp11show_storryEPcjS0_j
                0x0000000000011ee6                _ZN11speedo_disp14show_animationEPKc
                0x0000000000012204                _ZN11speedo_disp12disp_waitingEihh
                0x00000000000122b8                _ZN11speedo_disp9animationEi
                0x0000000000012334                _ZN11speedo_disp11init_speedoEv
 .text          0x0000000000012536      0x300 ./dz.o
                0x0000000000012536                _Z6helperv
                0x0000000000012550                _ZN9speedo_dzC2Ev
                0x0000000000012550                _ZN9speedo_dzC1Ev
                0x0000000000012552                _ZN9speedo_dz7counterEv
                0x0000000000012562                _ZN9speedo_dz4calcEv
                0x00000000000127a4                _ZN9speedo_dz4initEv
                0x00000000000127d4                _ZN9speedo_dz10clear_varsEv
                0x0000000000012802                _ZN9speedo_dz10check_varsEv
 .text          0x0000000000012836      0xc96 ./file_manager_v2.o
                0x000000000001284c                _ZN21speedo_filemanager_v2C1Ev
                0x000000000001284c                _ZN21speedo_filemanager_v2C2Ev
                0x0000000000012864                _ZN21speedo_filemanager_v2D1Ev
                0x0000000000012864                _ZN21speedo_filemanager_v2D2Ev
                0x000000000001287c                _ZN21speedo_filemanager_v215get_file_handleEPhS0_P6SdFileS2_h
                0x0000000000012b0c                _ZN21speedo_filemanager_v213parse_commandEv
 .text          0x00000000000134cc      0x280 ./fuel.o
                0x00000000000134cc                _ZN11speedo_fuelC1Ev
                0x00000000000134cc                _ZN11speedo_fuelC2Ev
                0x00000000000134ce                _ZN11speedo_fuelD2Ev
                0x00000000000134ce                _ZN11speedo_fuelD1Ev
                0x00000000000134d0                _ZN11speedo_fuel8get_fuelEPc
                0x00000000000136fc                _ZN11speedo_fuel4initEv
                0x00000000000136fe                _ZN11speedo_fuel10clear_varsEv
                0x0000000000013712                _ZN11speedo_fuel10check_varsEv
 .text          0x000000000001374c      0x75e ./gear.o
                0x000000000001374c                _ZN11speedo_gearC2Ev
                0x000000000001374c                _ZN11speedo_gearC1Ev
                0x000000000001374e                _ZN11speedo_gearD1Ev
                0x000000000001374e                _ZN11speedo_gearD2Ev
                0x0000000000013750                _ZN11speedo_gear4initEv
                0x0000000000013760                _ZN11speedo_gear10check_varsEv
                0x00000000000137de                _ZN11speedo_gear10clear_varsEv
                0x0000000000013808                _ZN11speedo_gear4calcEv
                0x0000000000013a42                _ZN11speedo_gear3getEv
                0x0000000000013a5a                _ZN11speedo_gear9calibrateEv
 .text          0x0000000000013eaa     0x22a8 ./gps.o
                0x0000000000013ec0                _ZN10speedo_gpsC1Ev
                0x0000000000013ec0                _ZN10speedo_gpsC2Ev
                0x0000000000013ec2                _ZN10speedo_gpsD1Ev
                0x0000000000013ec2                _ZN10speedo_gpsD2Ev
                0x0000000000013ec4                _ZN10speedo_gps10clear_varsEv
                0x0000000000013faa                _ZN10speedo_gps10check_varsEv
                0x0000000000013fae                _ZN10speedo_gps9recv_dataEv
                0x0000000000014102                __vector_36
                0x000000000001415c                _ZN10speedo_gps8get_infoEi
                0x0000000000014288                _ZN10speedo_gps11store_to_sdEv
                0x0000000000014356                _ZN10speedo_gps3modEmm
                0x00000000000143dc                _ZN10speedo_gps11nmea_to_decEm
                0x0000000000014498                _ZN10speedo_gps9calc_distEmm
                0x0000000000014720                _ZN10speedo_gps9get_orderEPc
                0x00000000000149a0                _ZN10speedo_gps18generate_new_orderEv
                0x0000000000014d98                _ZN10speedo_gps9calc_naviEv
                0x0000000000015220                _ZN10speedo_gps5parseEPci
                0x0000000000015a36                _ZN10speedo_gps10check_flagEv
                0x0000000000015ad8                _ZN10speedo_gps4loopEv
                0x0000000000015dba                _ZN10speedo_gps17get_logged_pointsEPci
                0x00000000000160e8                _ZN10speedo_gps8SendByteEh
                0x00000000000160f6                _ZN10speedo_gps10SendStringEPKc
                0x0000000000016126                _ZN10speedo_gps4initEv
 .text          0x0000000000016152       0x38 ./helper.o
                0x0000000000016152                __cxa_pure_virtual
                0x0000000000016156                _Znwj
                0x000000000001615a                _ZdlPv
                0x000000000001615e                _Znaj
                0x0000000000016162                _ZdaPv
                0x000000000001616c                _Z19__cxa_guard_acquirePx
                0x0000000000016180                _Z19__cxa_guard_releasePx
                0x0000000000016188                _Z17__cxa_guard_abortPx
 .text          0x000000000001618a      0x440 ./main.o
                0x000000000001618a                main
 .text          0x00000000000165ca     0x9586 ./menu.o
                0x00000000000165e0                _ZN11speedo_menuC2Ev
                0x00000000000165e0                _ZN11speedo_menuC1Ev
                0x00000000000165e2                _ZN11speedo_menuD2Ev
                0x00000000000165e2                _ZN11speedo_menuD1Ev
                0x00000000000165e4                _ZN11speedo_menu4backEv
                0x00000000000166e4                _ZN11speedo_menu5yesnoEPKcS1_S1_
                0x000000000001682a                _ZN11speedo_menu4drawEPPKci
                0x0000000000016b02                _ZN11speedo_menu7go_leftEb
                0x0000000000016bd2                _ZN11speedo_menu8go_rightEb
                0x0000000000016c48                _ZN11speedo_menu5go_upEb
                0x0000000000016d5a                _ZN11speedo_menu7go_downEb
                0x0000000000016e56                _ZN11speedo_menu4initEv
                0x0000000000016ec8                _ZN11speedo_menu11set_buttonsEbbbb
                0x0000000000016ed8                _ZN11speedo_menu9center_meEPci
                0x000000000001701e                _ZN11speedo_menu7displayEv
                0x000000000001f7b8                _ZN11speedo_menu11button_testEbb
                0x000000000001fa54                __vector_10
                0x000000000001faae                _ZN11speedo_menu8del_confEPcS0_
 .text          0x000000000001fb50      0x108 ./oiler.o
                0x000000000001fb50                _ZN12speedo_oilerC2Ev
                0x000000000001fb50                _ZN12speedo_oilerC1Ev
                0x000000000001fb52                _ZN12speedo_oilerD2Ev
                0x000000000001fb52                _ZN12speedo_oilerD1Ev
                0x000000000001fb54                _ZN12speedo_oiler4initEv
                0x000000000001fb74                _ZN12speedo_oiler10check_varsEv
                0x000000000001fb9e                _ZN12speedo_oiler10clear_varsEv
                0x000000000001fba6                _ZN12speedo_oiler12send_impulseEv
                0x000000000001fbfc                _ZN12speedo_oiler11check_valueEv
 .text          0x000000000001fc58      0x2a8 ./reset.o
                0x000000000001fc58                _ZN12speedo_resetC1Ev
                0x000000000001fc58                _ZN12speedo_resetC2Ev
                0x000000000001fc5a                _ZN12speedo_resetD2Ev
                0x000000000001fc5a                _ZN12speedo_resetD1Ev
                0x000000000001fc5c                _ZN12speedo_reset10check_varsEv
                0x000000000001fc60                _ZN12speedo_reset10set_activeEbb
                0x000000000001fcaa                _ZN12speedo_reset12set_deactiveEbb
                0x000000000001fcf2                _ZN12speedo_reset4initEv
                0x000000000001fd60                _ZN12speedo_reset7restoreEv
                0x000000000001fd74                _ZN12speedo_reset6toggleEv
                0x000000000001fdd2                _ZN12speedo_reset9ask_resetEv
                0x000000000001fed8                _ZN12speedo_reset10clear_varsEv
 .text          0x000000000001ff00      0x17e ./sd.o
                0x000000000001ff2e                _ZN9speedo_sdC1Ev
                0x000000000001ff2e                _ZN9speedo_sdC2Ev
                0x000000000001ff4a                _ZN9speedo_sdD1Ev
                0x000000000001ff4a                _ZN9speedo_sdD2Ev
                0x000000000001ff4c                _ZN9speedo_sd7error_PEPKc
                0x000000000001ffa2                _ZN9speedo_sd9writeCRLFER6SdFile
                0x000000000001ffb0                _ZN9speedo_sd11writeStringER6SdFilePc
                0x000000000001ffce                _ZN9speedo_sd10power_downEv
                0x000000000001ffd0                _ZN9speedo_sd8power_upEv
                0x0000000000020060                _ZN9speedo_sd4initEv
 .text          0x000000000002007e      0x94c ./sensors.o
                0x000000000002007e                _ZN14Speedo_sensorsC1Ev
                0x000000000002007e                _ZN14Speedo_sensorsC2Ev
                0x0000000000020152                _ZN14Speedo_sensorsD2Ev
                0x0000000000020152                _ZN14Speedo_sensorsD1Ev
                0x0000000000020154                _ZN14Speedo_sensors10clear_varsEv
                0x00000000000201b2                _ZN14Speedo_sensors10check_varsEv
                0x00000000000202be                _ZN14Speedo_sensors11single_readEv
                0x0000000000020336                _ZN14Speedo_sensors4initEv
                0x00000000000203a4                _ZN14Speedo_sensors6flatItEiPhcf
                0x0000000000020480                _ZN14Speedo_sensors4loopEv
 .text          0x00000000000209ca      0x8b0 ./speed.o
                0x00000000000209ca                _ZN12speedo_speedC2Ev
                0x00000000000209ca                _ZN12speedo_speedC1Ev
                0x00000000000209cc                _ZN12speedo_speedD2Ev
                0x00000000000209cc                _ZN12speedo_speedD1Ev
                0x00000000000209ce                _ZN12speedo_speed4calcEv
                0x0000000000020b84                _Z12helper_speedv
                0x0000000000020b92                _ZN12speedo_speed4initEv
                0x0000000000020bb4                _ZN12speedo_speed10clear_varsEv
                0x0000000000020c20                _ZN12speedo_speed10check_varsEv
                0x0000000000020c9c                _ZN12speedo_speed8getSpeedEv
                0x0000000000020d16                _ZN12speedo_speed13get_sat_speedEv
                0x0000000000020d52                _ZN12speedo_speed13get_mag_speedEv
                0x0000000000020d5a                _ZN12speedo_speed12check_umfangEv
 .text          0x000000000002127a     0x1db8 ./speedo.o
                0x000000000002127a                _ZN13speedo_speedo9reset_bakEv
                0x0000000000021290                _ZN13speedo_speedo4loopEm
                0x0000000000022e1c                _ZN13speedo_speedo10clear_varsEv
                0x0000000000022e52                _ZN13speedo_speedo10check_varsEv
 .text          0x0000000000023032      0x4f6 ./sprint.o
                0x0000000000023032                _ZN13speedo_sprintC2Ev
                0x0000000000023032                _ZN13speedo_sprintC1Ev
                0x0000000000023050                _ZN13speedo_sprintD2Ev
                0x0000000000023050                _ZN13speedo_sprintD1Ev
                0x0000000000023052                _ZN13speedo_sprint4initEv
                0x0000000000023070                _ZN13speedo_sprint4loopEv
 .text          0x0000000000023528      0x14a ./stepper.o
                0x0000000000023528                _ZN14speedo_stepperC2Ev
                0x0000000000023528                _ZN14speedo_stepperC1Ev
                0x000000000002352a                _ZN14speedo_stepperD2Ev
                0x000000000002352a                _ZN14speedo_stepperD1Ev
                0x000000000002352c                _ZN14speedo_stepper5go_toEii
                0x0000000000023566                _ZN14speedo_stepper4initEv
                0x00000000000235a8                _ZN14speedo_stepper7get_posEv
 .text          0x0000000000023672      0x8dc ./temperature.o
                0x0000000000023672                _ZN18speedo_temperatureC1Ev
                0x0000000000023672                _ZN18speedo_temperatureC2Ev
                0x0000000000023674                _ZN18speedo_temperatureD1Ev
                0x0000000000023674                _ZN18speedo_temperatureD2Ev
                0x0000000000023676                _ZN18speedo_temperature10clear_varsEv
                0x0000000000023702                _ZN18speedo_temperature10check_varsEv
                0x0000000000023890                _ZN18speedo_temperature4initEv
                0x000000000002389c                _ZN18speedo_temperature13read_oil_tempEv
                0x0000000000023a4a                _ZN18speedo_temperature15read_water_tempEv
                0x0000000000023c76                _ZN18speedo_temperature13read_air_tempEv
                0x0000000000023d54                _ZN18speedo_temperature12get_air_tempEv
                0x0000000000023d6e                _ZN18speedo_temperature12get_oil_tempEv
                0x0000000000023e5e                _ZN18speedo_temperature14get_water_tempEv
 .text          0x0000000000023f4e     0x1536 ./tetris.o
                0x0000000000023f4e                _ZN6tetrisC1Ev
                0x0000000000023f4e                _ZN6tetrisC2Ev
                0x0000000000023f50                _ZN6tetrisD2Ev
                0x0000000000023f50                _ZN6tetrisD1Ev
                0x0000000000023f52                _ZN6tetris22copy_element_to_bufferEi
                0x0000000000024002                _ZN6tetris11new_elementEv
                0x00000000000240fa                _ZN6tetris4initEv
                0x0000000000024142                _ZN6tetris13initDrawFieldEv
                0x0000000000024472                _ZN6tetris11updateFieldEv
                0x00000000000245a4                _ZN6tetris11check_stackEv
                0x0000000000024a02                _ZN6tetris4loopEv
                0x00000000000253a2                _ZN6tetris3runEv
                0x00000000000253d6                _ZN6tetris19show_grid_on_serialEv
 .text          0x0000000000025484      0x28a ./timer.o
                0x0000000000025484                _ZN12speedo_timerC2Ev
                0x0000000000025484                _ZN12speedo_timerC1Ev
                0x00000000000254b6                _ZN12speedo_timerD2Ev
                0x00000000000254b6                _ZN12speedo_timerD1Ev
                0x00000000000254b8                _Z8ram_infov
                0x00000000000254e4                _ZN12speedo_timer9every_secEP13configuration
                0x00000000000255a6                _ZN12speedo_timer10every_qsecEv
                0x00000000000255f6                _ZN12speedo_timer12every_customEv
 .text          0x000000000002570e      0x174 ./voltage.o
                0x000000000002570e                _ZN14speedo_voltageC2Ev
                0x000000000002570e                _ZN14speedo_voltageC1Ev
                0x0000000000025710                _ZN14speedo_voltageD2Ev
                0x0000000000025710                _ZN14speedo_voltageD1Ev
                0x0000000000025712                _ZN14speedo_voltage4calcEv
                0x0000000000025812                _ZN14speedo_voltage3getEv
                0x0000000000025826                _ZN14speedo_voltage10check_varsEv
                0x000000000002582a                _ZN14speedo_voltage10clear_varsEv
                0x0000000000025834                _ZN14speedo_voltage4initEv
 .text          0x0000000000025882        0x0 /home/jkw/Store/17 - Speedmaster/Firmware/inc/libArduinoCore2560.a(WInterrupts.c.o)
 .text          0x0000000000025882        0x0 /home/jkw/Store/17 - Speedmaster/Firmware/inc/libArduinoCore2560.a(wiring.c.o)
 .text          0x0000000000025882        0x0 /home/jkw/Store/17 - Speedmaster/Firmware/inc/libArduinoCore2560.a(wiring_analog.c.o)
 .text          0x0000000000025882        0x0 /home/jkw/Store/17 - Speedmaster/Firmware/inc/libArduinoCore2560.a(wiring_digital.c.o)
 .text          0x0000000000025882        0x0 /home/jkw/Store/17 - Speedmaster/Firmware/inc/libArduinoCore2560.a(HardwareSerial.cpp.o)
 .text          0x0000000000025882        0x0 /home/jkw/Store/17 - Speedmaster/Firmware/inc/libArduinoCore2560.a(Print.cpp.o)
 .text          0x0000000000025882        0x0 /home/jkw/Store/17 - Speedmaster/Firmware/inc/libArduinoCore2560.a(WString.cpp.o)
 .text          0x0000000000025882        0x0 /usr/lib/gcc/avr/4.5.3/../../../avr/lib/avr6/libc.a(malloc.o)
 .text          0x0000000000025882        0x0 /usr/lib/gcc/avr/4.5.3/../../../avr/lib/avr6/libc.a(exit.o)
 .text          0x0000000000025882        0x0 /usr/lib/gcc/avr/4.5.3/../../../avr/lib/avr6/libc.a(isalpha.o)
 .text          0x0000000000025882        0x0 /usr/lib/gcc/avr/4.5.3/../../../avr/lib/avr6/libc.a(isspace.o)
 .text          0x0000000000025882        0x0 /usr/lib/gcc/avr/4.5.3/../../../avr/lib/avr6/libc.a(tolower.o)
 .text          0x0000000000025882        0x0 /usr/lib/gcc/avr/4.5.3/../../../avr/lib/avr6/libc.a(toupper.o)
 .text          0x0000000000025882        0x0 /usr/lib/gcc/avr/4.5.3/../../../avr/lib/avr6/libc.a(strcmp_P.o)
 .text          0x0000000000025882        0x0 /usr/lib/gcc/avr/4.5.3/../../../avr/lib/avr6/libc.a(strcpy_P.o)
 .text          0x0000000000025882        0x0 /usr/lib/gcc/avr/4.5.3/../../../avr/lib/avr6/libc.a(strlen_P.o)
 .text          0x0000000000025882        0x0 /usr/lib/gcc/avr/4.5.3/../../../avr/lib/avr6/libc.a(memcmp.o)
 .text          0x0000000000025882        0x0 /usr/lib/gcc/avr/4.5.3/../../../avr/lib/avr6/libc.a(memcpy.o)
 .text          0x0000000000025882        0x0 /usr/lib/gcc/avr/4.5.3/../../../avr/lib/avr6/libc.a(memset.o)
 .text          0x0000000000025882        0x0 /usr/lib/gcc/avr/4.5.3/../../../avr/lib/avr6/libc.a(strcat.o)
 .text          0x0000000000025882        0x0 /usr/lib/gcc/avr/4.5.3/../../../avr/lib/avr6/libc.a(strchr.o)
 .text          0x0000000000025882        0x0 /usr/lib/gcc/avr/4.5.3/../../../avr/lib/avr6/libc.a(strcmp.o)
 .text          0x0000000000025882        0x0 /usr/lib/gcc/avr/4.5.3/../../../avr/lib/avr6/libc.a(strcpy.o)
 .text          0x0000000000025882        0x0 /usr/lib/gcc/avr/4.5.3/../../../avr/lib/avr6/libc.a(strncmp.o)
 .text          0x0000000000025882        0x0 /usr/lib/gcc/avr/4.5.3/../../../avr/lib/avr6/libc.a(strncpy.o)
 .text          0x0000000000025882        0x0 /usr/lib/gcc/avr/4.5.3/../../../avr/lib/avr6/libc.a(strrchr.o)
 .text          0x0000000000025882        0x0 /usr/lib/gcc/avr/4.5.3/../../../avr/lib/avr6/libc.a(strstr.o)
 .text          0x0000000000025882        0x0 /usr/lib/gcc/avr/4.5.3/../../../avr/lib/avr6/libc.a(itoa.o)
 .text          0x0000000000025882        0x0 /usr/lib/gcc/avr/4.5.3/../../../avr/lib/avr6/libc.a(ltoa.o)
 .text          0x0000000000025882        0x0 /usr/lib/gcc/avr/4.5.3/../../../avr/lib/avr6/libc.a(ultoa.o)
 .text          0x0000000000025882        0x0 /usr/lib/gcc/avr/4.5.3/../../../avr/lib/avr6/libc.a(sprintf.o)
 .text          0x0000000000025882        0x0 /usr/lib/gcc/avr/4.5.3/../../../avr/lib/avr6/libc.a(addsf3.o)
 .text          0x0000000000025882        0x0 /usr/lib/gcc/avr/4.5.3/../../../avr/lib/avr6/libc.a(addsf3x.o)
 .text          0x0000000000025882        0x0 /usr/lib/gcc/avr/4.5.3/../../../avr/lib/avr6/libc.a(asin.o)
 .text          0x0000000000025882        0x0 /usr/lib/gcc/avr/4.5.3/../../../avr/lib/avr6/libc.a(cmpsf2.o)
 .text          0x0000000000025882        0x0 /usr/lib/gcc/avr/4.5.3/../../../avr/lib/avr6/libc.a(cos.o)
 .text          0x0000000000025882        0x0 /usr/lib/gcc/avr/4.5.3/../../../avr/lib/avr6/libc.a(divsf3.o)
 .text          0x0000000000025882        0x0 /usr/lib/gcc/avr/4.5.3/../../../avr/lib/avr6/libc.a(divsf3x.o)
 .text          0x0000000000025882        0x0 /usr/lib/gcc/avr/4.5.3/../../../avr/lib/avr6/libc.a(fixsfsi.o)
 .text          0x0000000000025882        0x0 /usr/lib/gcc/avr/4.5.3/../../../avr/lib/avr6/libc.a(fixunssfsi.o)
 .text          0x0000000000025882        0x0 /usr/lib/gcc/avr/4.5.3/../../../avr/lib/avr6/libc.a(floatsisf.o)
 .text          0x0000000000025882        0x0 /usr/lib/gcc/avr/4.5.3/../../../avr/lib/avr6/libc.a(floor.o)
 .text          0x0000000000025882        0x0 /usr/lib/gcc/avr/4.5.3/../../../avr/lib/avr6/libc.a(fp_arccos.o)
 .text          0x0000000000025882        0x0 /usr/lib/gcc/avr/4.5.3/../../../avr/lib/avr6/libc.a(fp_cmp.o)
 .text          0x0000000000025882        0x0 /usr/lib/gcc/avr/4.5.3/../../../avr/lib/avr6/libc.a(fp_inf.o)
 .text          0x0000000000025882        0x0 /usr/lib/gcc/avr/4.5.3/../../../avr/lib/avr6/libc.a(fp_mintl.o)
 .text          0x0000000000025882        0x0 /usr/lib/gcc/avr/4.5.3/../../../avr/lib/avr6/libc.a(fp_mpack.o)
 .text          0x0000000000025882        0x0 /usr/lib/gcc/avr/4.5.3/../../../avr/lib/avr6/libc.a(fp_nan.o)
 .text          0x0000000000025882        0x0 /usr/lib/gcc/avr/4.5.3/../../../avr/lib/avr6/libc.a(fp_powser.o)
 .text          0x0000000000025882        0x0 /usr/lib/gcc/avr/4.5.3/../../../avr/lib/avr6/libc.a(fp_powsodd.o)
 .text          0x0000000000025882        0x0 /usr/lib/gcc/avr/4.5.3/../../../avr/lib/avr6/libc.a(fp_pscA.o)
 .text          0x0000000000025882        0x0 /usr/lib/gcc/avr/4.5.3/../../../avr/lib/avr6/libc.a(fp_pscB.o)
 .text          0x0000000000025882        0x0 /usr/lib/gcc/avr/4.5.3/../../../avr/lib/avr6/libc.a(fp_rempio2.o)
 .text          0x0000000000025882        0x0 /usr/lib/gcc/avr/4.5.3/../../../avr/lib/avr6/libc.a(fp_round.o)
 .text          0x0000000000025882        0x0 /usr/lib/gcc/avr/4.5.3/../../../avr/lib/avr6/libc.a(fp_sinus.o)
 .text          0x0000000000025882        0x0 /usr/lib/gcc/avr/4.5.3/../../../avr/lib/avr6/libc.a(fp_split3.o)
 .text          0x0000000000025882        0x0 /usr/lib/gcc/avr/4.5.3/../../../avr/lib/avr6/libc.a(fp_trunc.o)
 .text          0x0000000000025882        0x0 /usr/lib/gcc/avr/4.5.3/../../../avr/lib/avr6/libc.a(fp_zero.o)
 .text          0x0000000000025882        0x0 /usr/lib/gcc/avr/4.5.3/../../../avr/lib/avr6/libc.a(gesf2.o)
 .text          0x0000000000025882        0x0 /usr/lib/gcc/avr/4.5.3/../../../avr/lib/avr6/libc.a(mulsf3.o)
 .text          0x0000000000025882        0x0 /usr/lib/gcc/avr/4.5.3/../../../avr/lib/avr6/libc.a(mulsf3x.o)
 .text          0x0000000000025882        0x0 /usr/lib/gcc/avr/4.5.3/../../../avr/lib/avr6/libc.a(pow.o)
 .text          0x0000000000025882        0x0 /usr/lib/gcc/avr/4.5.3/../../../avr/lib/avr6/libc.a(sin.o)
 .text          0x0000000000025882        0x0 /usr/lib/gcc/avr/4.5.3/../../../avr/lib/avr6/libc.a(sqrt.o)
 .text          0x0000000000025882        0x0 /usr/lib/gcc/avr/4.5.3/../../../avr/lib/avr6/libc.a(vfprintf_std.o)
 .text          0x0000000000025882        0x0 /usr/lib/gcc/avr/4.5.3/../../../avr/lib/avr6/libc.a(eerd_byte_atmega2560.o)
 .text          0x0000000000025882        0x0 /usr/lib/gcc/avr/4.5.3/../../../avr/lib/avr6/libc.a(eewr_byte_atmega2560.o)
 .text          0x0000000000025882        0x0 /usr/lib/gcc/avr/4.5.3/../../../avr/lib/avr6/libc.a(cty_isfalse.o)
 .text          0x0000000000025882        0x0 /usr/lib/gcc/avr/4.5.3/../../../avr/lib/avr6/libc.a(strnlen_P.o)
 .text          0x0000000000025882        0x0 /usr/lib/gcc/avr/4.5.3/../../../avr/lib/avr6/libc.a(strnlen.o)
 .text          0x0000000000025882        0x0 /usr/lib/gcc/avr/4.5.3/../../../avr/lib/avr6/libc.a(strrev.o)
 .text          0x0000000000025882        0x0 /usr/lib/gcc/avr/4.5.3/../../../avr/lib/avr6/libc.a(fputc.o)
 .text          0x0000000000025882        0x0 /usr/lib/gcc/avr/4.5.3/../../../avr/lib/avr6/libc.a(ultoa_invert.o)
 .text          0x0000000000025882        0x0 /usr/lib/gcc/avr/4.5.3/../../../avr/lib/avr6/libc.a(exp.o)
 .text          0x0000000000025882        0x0 /usr/lib/gcc/avr/4.5.3/../../../avr/lib/avr6/libc.a(fp_norm2.o)
 .text          0x0000000000025882        0x0 /usr/lib/gcc/avr/4.5.3/../../../avr/lib/avr6/libc.a(inverse.o)
 .text          0x0000000000025882        0x0 /usr/lib/gcc/avr/4.5.3/../../../avr/lib/avr6/libc.a(ldexp.o)
 .text          0x0000000000025882        0x0 /usr/lib/gcc/avr/4.5.3/../../../avr/lib/avr6/libc.a(log.o)
 .text          0x0000000000025882        0x0 /usr/lib/gcc/avr/4.5.3/../../../avr/lib/avr6/libc.a(modf.o)
 .text          0x0000000000025882        0x0 /usr/lib/gcc/avr/4.5.3/avr6/libgcc.a(_mulsi3.o)
 .text          0x0000000000025882        0x0 /usr/lib/gcc/avr/4.5.3/avr6/libgcc.a(_udivmodqi4.o)
 .text          0x0000000000025882        0x0 /usr/lib/gcc/avr/4.5.3/avr6/libgcc.a(_udivmodhi4.o)
 .text          0x0000000000025882        0x0 /usr/lib/gcc/avr/4.5.3/avr6/libgcc.a(_divmodhi4.o)
 .text          0x0000000000025882        0x0 /usr/lib/gcc/avr/4.5.3/avr6/libgcc.a(_udivmodsi4.o)
 .text          0x0000000000025882        0x0 /usr/lib/gcc/avr/4.5.3/avr6/libgcc.a(_divmodsi4.o)
 .text          0x0000000000025882        0x0 /usr/lib/gcc/avr/4.5.3/avr6/libgcc.a(_exit.o)
 .text          0x0000000000025882        0x0 /usr/lib/gcc/avr/4.5.3/avr6/libgcc.a(_copy_data.o)
 .text          0x0000000000025882        0x0 /usr/lib/gcc/avr/4.5.3/avr6/libgcc.a(_clear_bss.o)
 .text          0x0000000000025882        0x0 /usr/lib/gcc/avr/4.5.3/avr6/libgcc.a(_ctors.o)
 .text          0x0000000000025882        0x0 /usr/lib/gcc/avr/4.5.3/avr6/libgcc.a(_tablejump_elpm.o)
                0x0000000000025882                . = ALIGN (0x2)
 *(.text.*)
 .text.attachInterrupt
                0x0000000000025882       0xf8 /home/jkw/Store/17 - Speedmaster/Firmware/inc/libArduinoCore2560.a(WInterrupts.c.o)
                0x0000000000025882                attachInterrupt
 .text.detachInterrupt
                0x000000000002597a       0x58 /home/jkw/Store/17 - Speedmaster/Firmware/inc/libArduinoCore2560.a(WInterrupts.c.o)
                0x000000000002597a                detachInterrupt
 .text.__vector_1
                0x00000000000259d2       0x62 /home/jkw/Store/17 - Speedmaster/Firmware/inc/libArduinoCore2560.a(WInterrupts.c.o)
                0x00000000000259d2                __vector_1
 .text.__vector_2
                0x0000000000025a34       0x62 /home/jkw/Store/17 - Speedmaster/Firmware/inc/libArduinoCore2560.a(WInterrupts.c.o)
                0x0000000000025a34                __vector_2
 .text.__vector_3
                0x0000000000025a96       0x62 /home/jkw/Store/17 - Speedmaster/Firmware/inc/libArduinoCore2560.a(WInterrupts.c.o)
                0x0000000000025a96                __vector_3
 .text.__vector_4
                0x0000000000025af8       0x62 /home/jkw/Store/17 - Speedmaster/Firmware/inc/libArduinoCore2560.a(WInterrupts.c.o)
                0x0000000000025af8                __vector_4
 .text.__vector_5
                0x0000000000025b5a       0x62 /home/jkw/Store/17 - Speedmaster/Firmware/inc/libArduinoCore2560.a(WInterrupts.c.o)
                0x0000000000025b5a                __vector_5
 .text.__vector_6
                0x0000000000025bbc       0x62 /home/jkw/Store/17 - Speedmaster/Firmware/inc/libArduinoCore2560.a(WInterrupts.c.o)
                0x0000000000025bbc                __vector_6
 .text.__vector_7
                0x0000000000025c1e       0x62 /home/jkw/Store/17 - Speedmaster/Firmware/inc/libArduinoCore2560.a(WInterrupts.c.o)
                0x0000000000025c1e                __vector_7
 .text.__vector_8
                0x0000000000025c80       0x62 /home/jkw/Store/17 - Speedmaster/Firmware/inc/libArduinoCore2560.a(WInterrupts.c.o)
                0x0000000000025c80                __vector_8
 .text.__vector_23
                0x0000000000025ce2       0x90 /home/jkw/Store/17 - Speedmaster/Firmware/inc/libArduinoCore2560.a(wiring.c.o)
                0x0000000000025ce2                __vector_23
 .text.millis   0x0000000000025d72       0x1c /home/jkw/Store/17 - Speedmaster/Firmware/inc/libArduinoCore2560.a(wiring.c.o)
                0x0000000000025d72                millis
 .text.micros   0x0000000000025d8e       0x4c /home/jkw/Store/17 - Speedmaster/Firmware/inc/libArduinoCore2560.a(wiring.c.o)
                0x0000000000025d8e                micros
 .text.delay    0x0000000000025dda       0x48 /home/jkw/Store/17 - Speedmaster/Firmware/inc/libArduinoCore2560.a(wiring.c.o)
                0x0000000000025dda                delay
 .text.delayMicroseconds
                0x0000000000025e22       0x14 /home/jkw/Store/17 - Speedmaster/Firmware/inc/libArduinoCore2560.a(wiring.c.o)
                0x0000000000025e22                delayMicroseconds
 .text.init     0x0000000000025e36       0xc4 /home/jkw/Store/17 - Speedmaster/Firmware/inc/libArduinoCore2560.a(wiring.c.o)
                0x0000000000025e36                init
 .text.analogReference
                0x0000000000025efa        0x6 /home/jkw/Store/17 - Speedmaster/Firmware/inc/libArduinoCore2560.a(wiring_analog.c.o)
                0x0000000000025efa                analogReference
 .text.analogRead
                0x0000000000025f00       0x68 /home/jkw/Store/17 - Speedmaster/Firmware/inc/libArduinoCore2560.a(wiring_analog.c.o)
                0x0000000000025f00                analogRead
 .text.analogWrite
                0x0000000000025f68      0x174 /home/jkw/Store/17 - Speedmaster/Firmware/inc/libArduinoCore2560.a(wiring_analog.c.o)
                0x0000000000025f68                analogWrite
 .text.pinMode  0x00000000000260dc       0x4c /home/jkw/Store/17 - Speedmaster/Firmware/inc/libArduinoCore2560.a(wiring_digital.c.o)
                0x00000000000260dc                pinMode
 .text.digitalWrite
                0x0000000000026128      0x122 /home/jkw/Store/17 - Speedmaster/Firmware/inc/libArduinoCore2560.a(wiring_digital.c.o)
                0x0000000000026128                digitalWrite
 .text.digitalRead
                0x000000000002624a      0x118 /home/jkw/Store/17 - Speedmaster/Firmware/inc/libArduinoCore2560.a(wiring_digital.c.o)
                0x000000000002624a                digitalRead
 .text._Z10store_charhP11ring_buffer
                0x0000000000026362       0x4e /home/jkw/Store/17 - Speedmaster/Firmware/inc/libArduinoCore2560.a(HardwareSerial.cpp.o)
                0x0000000000026362                _Z10store_charhP11ring_buffer
 .text.__vector_25
                0x00000000000263b0       0x56 /home/jkw/Store/17 - Speedmaster/Firmware/inc/libArduinoCore2560.a(HardwareSerial.cpp.o)
                0x00000000000263b0                __vector_25
 .text.__vector_51
                0x0000000000026406       0x56 /home/jkw/Store/17 - Speedmaster/Firmware/inc/libArduinoCore2560.a(HardwareSerial.cpp.o)
                0x0000000000026406                __vector_51
 .text.__vector_54
                0x000000000002645c       0x56 /home/jkw/Store/17 - Speedmaster/Firmware/inc/libArduinoCore2560.a(HardwareSerial.cpp.o)
                0x000000000002645c                __vector_54
 .text._ZN14HardwareSerialC2EP11ring_bufferPVhS3_S3_S3_S3_hhhhh
                0x00000000000264b2       0x60 /home/jkw/Store/17 - Speedmaster/Firmware/inc/libArduinoCore2560.a(HardwareSerial.cpp.o)
                0x00000000000264b2                _ZN14HardwareSerialC2EP11ring_bufferPVhS3_S3_S3_S3_hhhhh
 .text._ZN14HardwareSerialC1EP11ring_bufferPVhS3_S3_S3_S3_hhhhh
                0x0000000000026512       0x60 /home/jkw/Store/17 - Speedmaster/Firmware/inc/libArduinoCore2560.a(HardwareSerial.cpp.o)
                0x0000000000026512                _ZN14HardwareSerialC1EP11ring_bufferPVhS3_S3_S3_S3_hhhhh
 .text._ZN14HardwareSerial5beginEl
                0x0000000000026572      0x1f2 /home/jkw/Store/17 - Speedmaster/Firmware/inc/libArduinoCore2560.a(HardwareSerial.cpp.o)
                0x0000000000026572                _ZN14HardwareSerial5beginEl
 .text._ZN14HardwareSerial3endEv
                0x0000000000026764       0x54 /home/jkw/Store/17 - Speedmaster/Firmware/inc/libArduinoCore2560.a(HardwareSerial.cpp.o)
                0x0000000000026764                _ZN14HardwareSerial3endEv
 .text._ZN14HardwareSerial9availableEv
                0x00000000000267b8       0x26 /home/jkw/Store/17 - Speedmaster/Firmware/inc/libArduinoCore2560.a(HardwareSerial.cpp.o)
                0x00000000000267b8                _ZN14HardwareSerial9availableEv
 .text._ZN14HardwareSerial4peekEv
                0x00000000000267de       0x34 /home/jkw/Store/17 - Speedmaster/Firmware/inc/libArduinoCore2560.a(HardwareSerial.cpp.o)
                0x00000000000267de                _ZN14HardwareSerial4peekEv
 .text._ZN14HardwareSerial4readEv
                0x0000000000026812       0x50 /home/jkw/Store/17 - Speedmaster/Firmware/inc/libArduinoCore2560.a(HardwareSerial.cpp.o)
                0x0000000000026812                _ZN14HardwareSerial4readEv
 .text._ZN14HardwareSerial5flushEv
                0x0000000000026862       0x18 /home/jkw/Store/17 - Speedmaster/Firmware/inc/libArduinoCore2560.a(HardwareSerial.cpp.o)
                0x0000000000026862                _ZN14HardwareSerial5flushEv
 .text._ZN14HardwareSerial5writeEh
                0x000000000002687a       0x26 /home/jkw/Store/17 - Speedmaster/Firmware/inc/libArduinoCore2560.a(HardwareSerial.cpp.o)
                0x000000000002687a                _ZN14HardwareSerial5writeEh
 .text._GLOBAL__I_rx_buffer
                0x00000000000268a0      0x13c /home/jkw/Store/17 - Speedmaster/Firmware/inc/libArduinoCore2560.a(HardwareSerial.cpp.o)
 .text._ZN5Print5writeEPKc
                0x00000000000269dc       0x30 /home/jkw/Store/17 - Speedmaster/Firmware/inc/libArduinoCore2560.a(Print.cpp.o)
                0x00000000000269dc                _ZN5Print5writeEPKc
 .text._ZN5Print5writeEPKhj
                0x0000000000026a0c       0x3e /home/jkw/Store/17 - Speedmaster/Firmware/inc/libArduinoCore2560.a(Print.cpp.o)
                0x0000000000026a0c                _ZN5Print5writeEPKhj
 .text._ZN5Print5printEPKc
                0x0000000000026a4a       0x10 /home/jkw/Store/17 - Speedmaster/Firmware/inc/libArduinoCore2560.a(Print.cpp.o)
                0x0000000000026a4a                _ZN5Print5printEPKc
 .text._ZN5Print5printERK6String
                0x0000000000026a5a       0x52 /home/jkw/Store/17 - Speedmaster/Firmware/inc/libArduinoCore2560.a(Print.cpp.o)
                0x0000000000026a5a                _ZN5Print5printERK6String
 .text._ZN5Print11printNumberEmh
                0x0000000000026aac      0x130 /home/jkw/Store/17 - Speedmaster/Firmware/inc/libArduinoCore2560.a(Print.cpp.o)
                0x0000000000026aac                _ZN5Print11printNumberEmh
 .text._ZN5Print5printEmi
                0x0000000000026bdc       0x1a /home/jkw/Store/17 - Speedmaster/Firmware/inc/libArduinoCore2560.a(Print.cpp.o)
                0x0000000000026bdc                _ZN5Print5printEmi
 .text._ZN5Print5printEji
                0x0000000000026bf6       0x20 /home/jkw/Store/17 - Speedmaster/Firmware/inc/libArduinoCore2560.a(Print.cpp.o)
                0x0000000000026bf6                _ZN5Print5printEji
 .text._ZN5Print5printEhi
                0x0000000000026c16       0x22 /home/jkw/Store/17 - Speedmaster/Firmware/inc/libArduinoCore2560.a(Print.cpp.o)
                0x0000000000026c16                _ZN5Print5printEhi
 .text._ZN5Print5printEli
                0x0000000000026c38       0x68 /home/jkw/Store/17 - Speedmaster/Firmware/inc/libArduinoCore2560.a(Print.cpp.o)
                0x0000000000026c38                _ZN5Print5printEli
 .text._ZN5Print5printEii
                0x0000000000026ca0       0x24 /home/jkw/Store/17 - Speedmaster/Firmware/inc/libArduinoCore2560.a(Print.cpp.o)
                0x0000000000026ca0                _ZN5Print5printEii
 .text._ZN5Print5printEci
                0x0000000000026cc4       0x26 /home/jkw/Store/17 - Speedmaster/Firmware/inc/libArduinoCore2560.a(Print.cpp.o)
                0x0000000000026cc4                _ZN5Print5printEci
 .text._ZN5Print7printlnEv
                0x0000000000026cea       0x2a /home/jkw/Store/17 - Speedmaster/Firmware/inc/libArduinoCore2560.a(Print.cpp.o)
                0x0000000000026cea                _ZN5Print7printlnEv
 .text._ZN5Print7printlnEmi
                0x0000000000026d14       0x12 /home/jkw/Store/17 - Speedmaster/Firmware/inc/libArduinoCore2560.a(Print.cpp.o)
                0x0000000000026d14                _ZN5Print7printlnEmi
 .text._ZN5Print7printlnEji
                0x0000000000026d26       0x2e /home/jkw/Store/17 - Speedmaster/Firmware/inc/libArduinoCore2560.a(Print.cpp.o)
                0x0000000000026d26                _ZN5Print7printlnEji
 .text._ZN5Print7printlnEhi
                0x0000000000026d54       0x30 /home/jkw/Store/17 - Speedmaster/Firmware/inc/libArduinoCore2560.a(Print.cpp.o)
                0x0000000000026d54                _ZN5Print7printlnEhi
 .text._ZN5Print7printlnEPKc
                0x0000000000026d84       0x12 /home/jkw/Store/17 - Speedmaster/Firmware/inc/libArduinoCore2560.a(Print.cpp.o)
                0x0000000000026d84                _ZN5Print7printlnEPKc
 .text._ZN5Print7printlnERK6String
                0x0000000000026d96       0x12 /home/jkw/Store/17 - Speedmaster/Firmware/inc/libArduinoCore2560.a(Print.cpp.o)
                0x0000000000026d96                _ZN5Print7printlnERK6String
 .text._ZN5Print7printlnEli
                0x0000000000026da8       0x12 /home/jkw/Store/17 - Speedmaster/Firmware/inc/libArduinoCore2560.a(Print.cpp.o)
                0x0000000000026da8                _ZN5Print7printlnEli
 .text._ZN5Print7printlnEii
                0x0000000000026dba       0x32 /home/jkw/Store/17 - Speedmaster/Firmware/inc/libArduinoCore2560.a(Print.cpp.o)
                0x0000000000026dba                _ZN5Print7printlnEii
 .text._ZN5Print7printlnEci
                0x0000000000026dec       0x34 /home/jkw/Store/17 - Speedmaster/Firmware/inc/libArduinoCore2560.a(Print.cpp.o)
                0x0000000000026dec                _ZN5Print7printlnEci
 .text._ZN5Print10printFloatEdh
                0x0000000000026e20      0x110 /home/jkw/Store/17 - Speedmaster/Firmware/inc/libArduinoCore2560.a(Print.cpp.o)
                0x0000000000026e20                _ZN5Print10printFloatEdh
 .text._ZN5Print5printEdi
                0x0000000000026f30        0x4 /home/jkw/Store/17 - Speedmaster/Firmware/inc/libArduinoCore2560.a(Print.cpp.o)
                0x0000000000026f30                _ZN5Print5printEdi
 .text._ZN5Print7printlnEdi
                0x0000000000026f34       0x12 /home/jkw/Store/17 - Speedmaster/Firmware/inc/libArduinoCore2560.a(Print.cpp.o)
                0x0000000000026f34                _ZN5Print7printlnEdi
 .text._ZNK6String6charAtEj
                0x0000000000026f46       0x10 /home/jkw/Store/17 - Speedmaster/Firmware/inc/libArduinoCore2560.a(WString.cpp.o)
                0x0000000000026f46                _ZNK6String6charAtEj
 .text._ZN6String9setCharAtEjc
                0x0000000000026f56       0x22 /home/jkw/Store/17 - Speedmaster/Firmware/inc/libArduinoCore2560.a(WString.cpp.o)
                0x0000000000026f56                _ZN6String9setCharAtEjc
 .text._ZN6StringixEj
                0x0000000000026f78       0x2a /home/jkw/Store/17 - Speedmaster/Firmware/inc/libArduinoCore2560.a(WString.cpp.o)
                0x0000000000026f78                _ZN6StringixEj
 .text._ZNK6StringixEj
                0x0000000000026fa2       0x10 /home/jkw/Store/17 - Speedmaster/Firmware/inc/libArduinoCore2560.a(WString.cpp.o)
                0x0000000000026fa2                _ZNK6StringixEj
 .text._ZN6String11toCharArrayEPcj
                0x0000000000026fb2       0x44 /home/jkw/Store/17 - Speedmaster/Firmware/inc/libArduinoCore2560.a(WString.cpp.o)
                0x0000000000026fb2                _ZN6String11toCharArrayEPcj
 .text._ZN6String8getBytesEPhj
                0x0000000000026ff6       0x44 /home/jkw/Store/17 - Speedmaster/Firmware/inc/libArduinoCore2560.a(WString.cpp.o)
                0x0000000000026ff6                _ZN6String8getBytesEPhj
 .text._ZN6StringD1Ev
                0x000000000002703a       0x1e /home/jkw/Store/17 - Speedmaster/Firmware/inc/libArduinoCore2560.a(WString.cpp.o)
                0x000000000002703a                _ZN6StringD1Ev
 .text._ZNK6String10startsWithERKS_j
                0x0000000000027058       0x3c /home/jkw/Store/17 - Speedmaster/Firmware/inc/libArduinoCore2560.a(WString.cpp.o)
                0x0000000000027058                _ZNK6String10startsWithERKS_j
 .text._ZNK6String10startsWithERKS_
                0x0000000000027094       0x22 /home/jkw/Store/17 - Speedmaster/Firmware/inc/libArduinoCore2560.a(WString.cpp.o)
                0x0000000000027094                _ZNK6String10startsWithERKS_
 .text._ZNK6String11lastIndexOfEcj
                0x00000000000270b6       0x6e /home/jkw/Store/17 - Speedmaster/Firmware/inc/libArduinoCore2560.a(WString.cpp.o)
                0x00000000000270b6                _ZNK6String11lastIndexOfEcj
 .text._ZNK6String11lastIndexOfEc
                0x0000000000027124        0xc /home/jkw/Store/17 - Speedmaster/Firmware/inc/libArduinoCore2560.a(WString.cpp.o)
                0x0000000000027124                _ZNK6String11lastIndexOfEc
 .text._ZNK6String7indexOfERKS_j
                0x0000000000027130       0x3c /home/jkw/Store/17 - Speedmaster/Firmware/inc/libArduinoCore2560.a(WString.cpp.o)
                0x0000000000027130                _ZNK6String7indexOfERKS_j
 .text._ZNK6String7indexOfERKS_
                0x000000000002716c        0x6 /home/jkw/Store/17 - Speedmaster/Firmware/inc/libArduinoCore2560.a(WString.cpp.o)
                0x000000000002716c                _ZNK6String7indexOfERKS_
 .text._ZNK6String7indexOfEcj
                0x0000000000027172       0x3c /home/jkw/Store/17 - Speedmaster/Firmware/inc/libArduinoCore2560.a(WString.cpp.o)
                0x0000000000027172                _ZNK6String7indexOfEcj
 .text._ZNK6String7indexOfEc
                0x00000000000271ae        0x6 /home/jkw/Store/17 - Speedmaster/Firmware/inc/libArduinoCore2560.a(WString.cpp.o)
                0x00000000000271ae                _ZNK6String7indexOfEc
 .text._ZNK6String6equalsERKS_
                0x00000000000271b4       0x32 /home/jkw/Store/17 - Speedmaster/Firmware/inc/libArduinoCore2560.a(WString.cpp.o)
                0x00000000000271b4                _ZNK6String6equalsERKS_
 .text._ZNK6String8endsWithERKS_
                0x00000000000271e6       0x38 /home/jkw/Store/17 - Speedmaster/Firmware/inc/libArduinoCore2560.a(WString.cpp.o)
                0x00000000000271e6                _ZNK6String8endsWithERKS_
 .text._ZNK6StringgeERKS_
                0x000000000002721e       0x26 /home/jkw/Store/17 - Speedmaster/Firmware/inc/libArduinoCore2560.a(WString.cpp.o)
                0x000000000002721e                _ZNK6StringgeERKS_
 .text._ZNK6StringleERKS_
                0x0000000000027244       0x20 /home/jkw/Store/17 - Speedmaster/Firmware/inc/libArduinoCore2560.a(WString.cpp.o)
                0x0000000000027244                _ZNK6StringleERKS_
 .text._ZNK6StringgtERKS_
                0x0000000000027264       0x20 /home/jkw/Store/17 - Speedmaster/Firmware/inc/libArduinoCore2560.a(WString.cpp.o)
                0x0000000000027264                _ZNK6StringgtERKS_
 .text._ZNK6StringltERKS_
                0x0000000000027284       0x22 /home/jkw/Store/17 - Speedmaster/Firmware/inc/libArduinoCore2560.a(WString.cpp.o)
                0x0000000000027284                _ZNK6StringltERKS_
 .text._ZNK6StringneERKS_
                0x00000000000272a6       0x2e /home/jkw/Store/17 - Speedmaster/Firmware/inc/libArduinoCore2560.a(WString.cpp.o)
                0x00000000000272a6                _ZNK6StringneERKS_
 .text._ZNK6StringeqERKS_
                0x00000000000272d4       0x32 /home/jkw/Store/17 - Speedmaster/Firmware/inc/libArduinoCore2560.a(WString.cpp.o)
                0x00000000000272d4                _ZNK6StringeqERKS_
 .text._ZNK6String9compareToERKS_
                0x0000000000027306        0xe /home/jkw/Store/17 - Speedmaster/Firmware/inc/libArduinoCore2560.a(WString.cpp.o)
                0x0000000000027306                _ZNK6String9compareToERKS_
 .text._ZN6String9getBufferEj
                0x0000000000027314       0x26 /home/jkw/Store/17 - Speedmaster/Firmware/inc/libArduinoCore2560.a(WString.cpp.o)
                0x0000000000027314                _ZN6String9getBufferEj
 .text._ZN6StringpLERKS_
                0x000000000002733a       0x64 /home/jkw/Store/17 - Speedmaster/Firmware/inc/libArduinoCore2560.a(WString.cpp.o)
                0x000000000002733a                _ZN6StringpLERKS_
 .text._ZN6String6concatERKS_
                0x000000000002739e        0x4 /home/jkw/Store/17 - Speedmaster/Firmware/inc/libArduinoCore2560.a(WString.cpp.o)
                0x000000000002739e                _ZN6String6concatERKS_
 .text._ZN6StringaSERKS_
                0x00000000000273a2       0x5a /home/jkw/Store/17 - Speedmaster/Firmware/inc/libArduinoCore2560.a(WString.cpp.o)
                0x00000000000273a2                _ZN6StringaSERKS_
 .text._ZN6StringC1Eh
                0x00000000000273fc       0x32 /home/jkw/Store/17 - Speedmaster/Firmware/inc/libArduinoCore2560.a(WString.cpp.o)
                0x00000000000273fc                _ZN6StringC1Eh
 .text._ZN6StringC2Eh
                0x000000000002742e       0x32 /home/jkw/Store/17 - Speedmaster/Firmware/inc/libArduinoCore2560.a(WString.cpp.o)
                0x000000000002742e                _ZN6StringC2Eh
 .text._ZN6StringC1Ec
                0x0000000000027460       0x32 /home/jkw/Store/17 - Speedmaster/Firmware/inc/libArduinoCore2560.a(WString.cpp.o)
                0x0000000000027460                _ZN6StringC1Ec
 .text._ZN6StringC2Ec
                0x0000000000027492       0x32 /home/jkw/Store/17 - Speedmaster/Firmware/inc/libArduinoCore2560.a(WString.cpp.o)
                0x0000000000027492                _ZN6StringC2Ec
 .text._ZN6StringC1ERKS_
                0x00000000000274c4       0x32 /home/jkw/Store/17 - Speedmaster/Firmware/inc/libArduinoCore2560.a(WString.cpp.o)
                0x00000000000274c4                _ZN6StringC1ERKS_
 .text._ZN6StringC2ERKS_
                0x00000000000274f6       0x32 /home/jkw/Store/17 - Speedmaster/Firmware/inc/libArduinoCore2560.a(WString.cpp.o)
                0x00000000000274f6                _ZN6StringC2ERKS_
 .text._ZN6StringC1Emi
                0x0000000000027528       0x78 /home/jkw/Store/17 - Speedmaster/Firmware/inc/libArduinoCore2560.a(WString.cpp.o)
                0x0000000000027528                _ZN6StringC1Emi
 .text._ZN6StringC2Emi
                0x00000000000275a0       0x78 /home/jkw/Store/17 - Speedmaster/Firmware/inc/libArduinoCore2560.a(WString.cpp.o)
                0x00000000000275a0                _ZN6StringC2Emi
 .text._ZN6StringC1Eji
                0x0000000000027618       0x76 /home/jkw/Store/17 - Speedmaster/Firmware/inc/libArduinoCore2560.a(WString.cpp.o)
                0x0000000000027618                _ZN6StringC1Eji
 .text._ZN6StringC2Eji
                0x000000000002768e       0x76 /home/jkw/Store/17 - Speedmaster/Firmware/inc/libArduinoCore2560.a(WString.cpp.o)
                0x000000000002768e                _ZN6StringC2Eji
 .text._ZN6StringC1EPKc
                0x0000000000027704       0x4c /home/jkw/Store/17 - Speedmaster/Firmware/inc/libArduinoCore2560.a(WString.cpp.o)
                0x0000000000027704                _ZN6StringC1EPKc
 .text._ZNK6String11toUpperCaseEv
                0x0000000000027750       0x72 /home/jkw/Store/17 - Speedmaster/Firmware/inc/libArduinoCore2560.a(WString.cpp.o)
                0x0000000000027750                _ZNK6String11toUpperCaseEv
 .text._ZNK6String11toLowerCaseEv
                0x00000000000277c2       0x72 /home/jkw/Store/17 - Speedmaster/Firmware/inc/libArduinoCore2560.a(WString.cpp.o)
                0x00000000000277c2                _ZNK6String11toLowerCaseEv
 .text._ZNK6String16equalsIgnoreCaseERKS_
                0x0000000000027834       0x8e /home/jkw/Store/17 - Speedmaster/Firmware/inc/libArduinoCore2560.a(WString.cpp.o)
                0x0000000000027834                _ZNK6String16equalsIgnoreCaseERKS_
 .text._ZNK6String9substringEjj
                0x00000000000278c2       0x6c /home/jkw/Store/17 - Speedmaster/Firmware/inc/libArduinoCore2560.a(WString.cpp.o)
                0x00000000000278c2                _ZNK6String9substringEjj
 .text._ZNK6String9substringEj
                0x000000000002792e       0x16 /home/jkw/Store/17 - Speedmaster/Firmware/inc/libArduinoCore2560.a(WString.cpp.o)
                0x000000000002792e                _ZNK6String9substringEj
 .text._ZNK6String11lastIndexOfERKS_j
                0x0000000000027944       0xc2 /home/jkw/Store/17 - Speedmaster/Firmware/inc/libArduinoCore2560.a(WString.cpp.o)
                0x0000000000027944                _ZNK6String11lastIndexOfERKS_j
 .text._ZNK6String11lastIndexOfERKS_
                0x0000000000027a06       0x18 /home/jkw/Store/17 - Speedmaster/Firmware/inc/libArduinoCore2560.a(WString.cpp.o)
                0x0000000000027a06                _ZNK6String11lastIndexOfERKS_
 .text._ZNK6String4trimEv
                0x0000000000027a1e       0xd0 /home/jkw/Store/17 - Speedmaster/Firmware/inc/libArduinoCore2560.a(WString.cpp.o)
                0x0000000000027a1e                _ZNK6String4trimEv
 .text._ZN6String7replaceERKS_S1_
                0x0000000000027aee      0x118 /home/jkw/Store/17 - Speedmaster/Firmware/inc/libArduinoCore2560.a(WString.cpp.o)
                0x0000000000027aee                _ZN6String7replaceERKS_S1_
 .text._ZN6String7replaceEcc
                0x0000000000027c06       0x7c /home/jkw/Store/17 - Speedmaster/Firmware/inc/libArduinoCore2560.a(WString.cpp.o)
                0x0000000000027c06                _ZN6String7replaceEcc
 .text._ZN6StringC2EPKc
                0x0000000000027c82       0x4c /home/jkw/Store/17 - Speedmaster/Firmware/inc/libArduinoCore2560.a(WString.cpp.o)
                0x0000000000027c82                _ZN6StringC2EPKc
 .text._ZN6StringC1Eli
                0x0000000000027cce       0x74 /home/jkw/Store/17 - Speedmaster/Firmware/inc/libArduinoCore2560.a(WString.cpp.o)
                0x0000000000027cce                _ZN6StringC1Eli
 .text._ZN6StringC2Eli
                0x0000000000027d42       0x74 /home/jkw/Store/17 - Speedmaster/Firmware/inc/libArduinoCore2560.a(WString.cpp.o)
                0x0000000000027d42                _ZN6StringC2Eli
 .text._ZN6StringC1Eii
                0x0000000000027db6       0x72 /home/jkw/Store/17 - Speedmaster/Firmware/inc/libArduinoCore2560.a(WString.cpp.o)
                0x0000000000027db6                _ZN6StringC1Eii
 .text._ZN6StringC2Eii
                0x0000000000027e28       0x72 /home/jkw/Store/17 - Speedmaster/Firmware/inc/libArduinoCore2560.a(WString.cpp.o)
                0x0000000000027e28                _ZN6StringC2Eii
 .text.avr-libc
                0x0000000000027e9a      0x266 /usr/lib/gcc/avr/4.5.3/../../../avr/lib/avr6/libc.a(malloc.o)
                0x0000000000027e9a                malloc
                0x0000000000027fce                free
 .text.avr-libc
                0x0000000000028100        0x6 /usr/lib/gcc/avr/4.5.3/../../../avr/lib/avr6/libc.a(exit.o)
                0x0000000000028100                exit
 .text.avr-libc
                0x0000000000028106       0x12 /usr/lib/gcc/avr/4.5.3/../../../avr/lib/avr6/libc.a(isalpha.o)
                0x0000000000028106                isupper
                0x000000000002810a                isalpha
                0x000000000002810c                islower
 .text.avr-libc
                0x0000000000028118       0x10 /usr/lib/gcc/avr/4.5.3/../../../avr/lib/avr6/libc.a(isspace.o)
                0x0000000000028118                isspace
 .text.avr-libc
                0x0000000000028128       0x10 /usr/lib/gcc/avr/4.5.3/../../../avr/lib/avr6/libc.a(tolower.o)
                0x0000000000028128                tolower
 .text.avr-libc
                0x0000000000028138       0x10 /usr/lib/gcc/avr/4.5.3/../../../avr/lib/avr6/libc.a(toupper.o)
                0x0000000000028138                toupper
 .text.avr-libc
                0x0000000000028148       0x12 /usr/lib/gcc/avr/4.5.3/../../../avr/lib/avr6/libc.a(strcmp_P.o)
                0x0000000000028148                strcmp_P
 .text.avr-libc
                0x000000000002815a        0xe /usr/lib/gcc/avr/4.5.3/../../../avr/lib/avr6/libc.a(strcpy_P.o)
                0x000000000002815a                strcpy_P
 .text.avr-libc
                0x0000000000028168       0x12 /usr/lib/gcc/avr/4.5.3/../../../avr/lib/avr6/libc.a(strlen_P.o)
                0x0000000000028168                strlen_P
 .text.avr-libc
                0x000000000002817a       0x1a /usr/lib/gcc/avr/4.5.3/../../../avr/lib/avr6/libc.a(memcmp.o)
                0x000000000002817a                memcmp
 .text.avr-libc
                0x0000000000028194       0x12 /usr/lib/gcc/avr/4.5.3/../../../avr/lib/avr6/libc.a(memcpy.o)
                0x0000000000028194                memcpy
 .text.avr-libc
                0x00000000000281a6        0xe /usr/lib/gcc/avr/4.5.3/../../../avr/lib/avr6/libc.a(memset.o)
                0x00000000000281a6                memset
 .text.avr-libc
                0x00000000000281b4       0x16 /usr/lib/gcc/avr/4.5.3/../../../avr/lib/avr6/libc.a(strcat.o)
                0x00000000000281b4                strcat
 .text.avr-libc
                0x00000000000281ca       0x16 /usr/lib/gcc/avr/4.5.3/../../../avr/lib/avr6/libc.a(strchr.o)
                0x00000000000281ca                strchr
 .text.avr-libc
                0x00000000000281e0       0x12 /usr/lib/gcc/avr/4.5.3/../../../avr/lib/avr6/libc.a(strcmp.o)
                0x00000000000281e0                strcmp
 .text.avr-libc
                0x00000000000281f2        0xe /usr/lib/gcc/avr/4.5.3/../../../avr/lib/avr6/libc.a(strcpy.o)
                0x00000000000281f2                strcpy
 .text.avr-libc
                0x0000000000028200       0x1c /usr/lib/gcc/avr/4.5.3/../../../avr/lib/avr6/libc.a(strncmp.o)
                0x0000000000028200                strncmp
 .text.avr-libc
                0x000000000002821c       0x1e /usr/lib/gcc/avr/4.5.3/../../../avr/lib/avr6/libc.a(strncpy.o)
                0x000000000002821c                strncpy
 .text.avr-libc
                0x000000000002823a       0x16 /usr/lib/gcc/avr/4.5.3/../../../avr/lib/avr6/libc.a(strrchr.o)
                0x000000000002823a                strrchr
 .text.avr-libc
                0x0000000000028250       0x34 /usr/lib/gcc/avr/4.5.3/../../../avr/lib/avr6/libc.a(strstr.o)
                0x0000000000028250                strstr
 .text.avr-libc
                0x0000000000028284       0x40 /usr/lib/gcc/avr/4.5.3/../../../avr/lib/avr6/libc.a(itoa.o)
                0x0000000000028284                itoa
 .text.avr-libc
                0x00000000000282c4       0x66 /usr/lib/gcc/avr/4.5.3/../../../avr/lib/avr6/libc.a(ltoa.o)
                0x00000000000282c4                ltoa
 .text.avr-libc
                0x000000000002832a       0x46 /usr/lib/gcc/avr/4.5.3/../../../avr/lib/avr6/libc.a(ultoa.o)
                0x000000000002832a                ultoa
 .text.avr-libc
                0x0000000000028370       0x5e /usr/lib/gcc/avr/4.5.3/../../../avr/lib/avr6/libc.a(sprintf.o)
                0x0000000000028370                sprintf
 .text.avr-libc.fplib
                0x00000000000283ce        0xa /usr/lib/gcc/avr/4.5.3/../../../avr/lib/avr6/libc.a(addsf3.o)
                0x00000000000283ce                __subsf3
                0x00000000000283d0                __addsf3
 .text.avr-libc.fplib