Archive member included because of file (symbol)

/home/jkw/Store/17 - Speedmaster/Firmware/inc/libArduinoCore2560.a(WInterrupts.c.o)
                              ./dz.o (attachInterrupt)
/home/jkw/Store/17 - Speedmaster/Firmware/inc/libArduinoCore2560.a(wiring.c.o)
                              ./blinker.o (millis)
/home/jkw/Store/17 - Speedmaster/Firmware/inc/libArduinoCore2560.a(wiring_analog.c.o)
                              ./temperature.o (analogRead)
/home/jkw/Store/17 - Speedmaster/Firmware/inc/libArduinoCore2560.a(wiring_digital.c.o)
                              ./blinker.o (pinMode)
/home/jkw/Store/17 - Speedmaster/Firmware/inc/libArduinoCore2560.a(HardwareSerial.cpp.o)
                              ./main.o (_ZN14HardwareSerial5beginEl)
/home/jkw/Store/17 - Speedmaster/Firmware/inc/libArduinoCore2560.a(Print.cpp.o)
                              /home/jkw/Store/17 - Speedmaster/Firmware/inc/libArduinoCore2560.a(HardwareSerial.cpp.o) (_ZN5Print5writeEPKc)
/home/jkw/Store/17 - Speedmaster/Firmware/inc/libArduinoCore2560.a(WString.cpp.o)
                              /home/jkw/Store/17 - Speedmaster/Firmware/inc/libArduinoCore2560.a(Print.cpp.o) (_ZNK6StringixEj)
/usr/lib/gcc/avr/4.5.3/../../../avr/lib/avr6/libc.a(malloc.o)
                              ./config.o (malloc)
/usr/lib/gcc/avr/4.5.3/../../../avr/lib/avr6/libc.a(exit.o)
                              /usr/lib/gcc/avr/4.5.3/../../../avr/lib/avr6/crtm2560.o (exit)
/usr/lib/gcc/avr/4.5.3/../../../avr/lib/avr6/libc.a(isalpha.o)
                              ./inc/istream.o (isupper)
/usr/lib/gcc/avr/4.5.3/../../../avr/lib/avr6/libc.a(isspace.o)
                              ./inc/istream.o (isspace)
/usr/lib/gcc/avr/4.5.3/../../../avr/lib/avr6/libc.a(tolower.o)
                              /home/jkw/Store/17 - Speedmaster/Firmware/inc/libArduinoCore2560.a(WString.cpp.o) (tolower)
/usr/lib/gcc/avr/4.5.3/../../../avr/lib/avr6/libc.a(toupper.o)
                              /home/jkw/Store/17 - Speedmaster/Firmware/inc/libArduinoCore2560.a(WString.cpp.o) (toupper)
/usr/lib/gcc/avr/4.5.3/../../../avr/lib/avr6/libc.a(strcmp_P.o)
                              ./config.o (strcmp_P)
/usr/lib/gcc/avr/4.5.3/../../../avr/lib/avr6/libc.a(strcpy_P.o)
                              ./config.o (strcpy_P)
/usr/lib/gcc/avr/4.5.3/../../../avr/lib/avr6/libc.a(strlen_P.o)
                              ./inc/ostream.o (strlen_P)
/usr/lib/gcc/avr/4.5.3/../../../avr/lib/avr6/libc.a(memcmp.o)
                              ./inc/SdFile.o (memcmp)
/usr/lib/gcc/avr/4.5.3/../../../avr/lib/avr6/libc.a(memcpy.o)
                              ./inc/SdFile.o (memcpy)
/usr/lib/gcc/avr/4.5.3/../../../avr/lib/avr6/libc.a(memset.o)
                              ./gps.o (memset)
/usr/lib/gcc/avr/4.5.3/../../../avr/lib/avr6/libc.a(strcat.o)
                              /home/jkw/Store/17 - Speedmaster/Firmware/inc/libArduinoCore2560.a(WString.cpp.o) (strcat)
/usr/lib/gcc/avr/4.5.3/../../../avr/lib/avr6/libc.a(strchr.o)
                              ./inc/SdFile.o (strchr)
/usr/lib/gcc/avr/4.5.3/../../../avr/lib/avr6/libc.a(strcmp.o)
                              ./config.o (strcmp)
/usr/lib/gcc/avr/4.5.3/../../../avr/lib/avr6/libc.a(strcpy.o)
                              ./config.o (strcpy)
/usr/lib/gcc/avr/4.5.3/../../../avr/lib/avr6/libc.a(strncmp.o)
                              ./config.o (strncmp)
/usr/lib/gcc/avr/4.5.3/../../../avr/lib/avr6/libc.a(strncpy.o)
                              /home/jkw/Store/17 - Speedmaster/Firmware/inc/libArduinoCore2560.a(WString.cpp.o) (strncpy)
/usr/lib/gcc/avr/4.5.3/../../../avr/lib/avr6/libc.a(strrchr.o)
                              /home/jkw/Store/17 - Speedmaster/Firmware/inc/libArduinoCore2560.a(WString.cpp.o) (strrchr)
/usr/lib/gcc/avr/4.5.3/../../../avr/lib/avr6/libc.a(strstr.o)
                              /home/jkw/Store/17 - Speedmaster/Firmware/inc/libArduinoCore2560.a(WString.cpp.o) (strstr)
/usr/lib/gcc/avr/4.5.3/../../../avr/lib/avr6/libc.a(itoa.o)
                              /home/jkw/Store/17 - Speedmaster/Firmware/inc/libArduinoCore2560.a(WString.cpp.o) (itoa)
/usr/lib/gcc/avr/4.5.3/../../../avr/lib/avr6/libc.a(ltoa.o)
                              /home/jkw/Store/17 - Speedmaster/Firmware/inc/libArduinoCore2560.a(WString.cpp.o) (ltoa)
/usr/lib/gcc/avr/4.5.3/../../../avr/lib/avr6/libc.a(ultoa.o)
                              /home/jkw/Store/17 - Speedmaster/Firmware/inc/libArduinoCore2560.a(WString.cpp.o) (ultoa)
/usr/lib/gcc/avr/4.5.3/../../../avr/lib/avr6/libc.a(sprintf.o)
                              ./clock_me.o (sprintf)
/usr/lib/gcc/avr/4.5.3/../../../avr/lib/avr6/libc.a(addsf3.o)
                              ./config.o (__subsf3)
/usr/lib/gcc/avr/4.5.3/../../../avr/lib/avr6/libc.a(addsf3x.o)
                              /usr/lib/gcc/avr/4.5.3/../../../avr/lib/avr6/libc.a(addsf3.o) (__addsf3x)
/usr/lib/gcc/avr/4.5.3/../../../avr/lib/avr6/libc.a(asin.o)
                              ./gps.o (asin)
[...]
Memory Configuration

Name             Origin             Length             Attributes
text             0x0000000000000000 0x0000000000100000 xr
data             0x0000000000800200 0x000000000000fe00 rw !x
eeprom           0x0000000000810000 0x0000000000010000 rw !x
fuse             0x0000000000820000 0x0000000000000400 rw !x
lock             0x0000000000830000 0x0000000000000400 rw !x
signature        0x0000000000840000 0x0000000000000400 rw !x
*default*        0x0000000000000000 0xffffffffffffffff

Linker script and memory map

Address of section .data set to 0x800200
LOAD /usr/lib/gcc/avr/4.5.3/../../../avr/lib/avr6/crtm2560.o
LOAD ./blinker.o
LOAD ./clock_me.o
LOAD ./config.o
LOAD ./debug.o
LOAD ./display.o
LOAD ./dz.o
LOAD ./file_manager.o
LOAD ./fuel.o
LOAD ./gear.o
LOAD ./gps.o
LOAD ./helper.o
LOAD ./main.o
LOAD ./menu.o
LOAD ./oiler.o
LOAD ./reset.o
LOAD ./sd.o
LOAD ./sensors.o
LOAD ./speed.o
LOAD ./speedo.o
LOAD ./sprint.o
LOAD ./temperature.o
LOAD ./timer.o
LOAD ./inc/EEPROM.o
LOAD ./inc/Sd2Card.o
LOAD ./inc/SdFat.o
LOAD ./inc/SdFatUtil.o
LOAD ./inc/SdFile.o
LOAD ./inc/SdStream.o
LOAD ./inc/SdVolume.o
LOAD ./inc/Wire.o
LOAD ./inc/istream.o
LOAD ./inc/ostream.o
LOAD ./inc/pins_arduino.o
LOAD ./inc/ssd0323.o
LOAD ./inc/twi.o
LOAD /home/jkw/Store/17 - Speedmaster/Firmware/inc/libArduinoCore2560.a
LOAD /usr/lib/gcc/avr/4.5.3/../../../avr/lib/avr6/libc.a
LOAD /usr/lib/gcc/avr/4.5.3/avr6/libgcc.a
LOAD /usr/lib/gcc/avr/4.5.3/../../../avr/lib/avr6/libm.a
LOAD /usr/lib/gcc/avr/4.5.3/../../../avr/lib/avr6/libc.a
LOAD /usr/lib/gcc/avr/4.5.3/avr6/libgcc.a
LOAD /usr/lib/gcc/avr/4.5.3/../../../avr/lib/avr6/libc.a
LOAD /usr/lib/gcc/avr/4.5.3/avr6/libgcc.a

.hash
 *(.hash)

.dynsym
 *(.dynsym)

.dynstr
 *(.dynstr)

.gnu.version
 *(.gnu.version)

.gnu.version_d
 *(.gnu.version_d)

.gnu.version_r
 *(.gnu.version_r)

.rel.init
 *(.rel.init)

.rela.init
 *(.rela.init)

.rel.text
 *(.rel.text)
 *(.rel.text.*)
 *(.rel.gnu.linkonce.t*)

.rela.text
 *(.rela.text)
 *(.rela.text.*)
 *(.rela.gnu.linkonce.t*)

.rel.fini
 *(.rel.fini)

.rela.fini
 *(.rela.fini)

.rel.rodata
 *(.rel.rodata)
 *(.rel.rodata.*)
 *(.rel.gnu.linkonce.r*)

.rela.rodata
 *(.rela.rodata)
 *(.rela.rodata.*)
 *(.rela.gnu.linkonce.r*)

.rel.data
 *(.rel.data)
 *(.rel.data.*)
 *(.rel.gnu.linkonce.d*)

.rela.data
 *(.rela.data)
 *(.rela.data.*)
 *(.rela.gnu.linkonce.d*)

.rel.ctors
 *(.rel.ctors)

.rela.ctors
 *(.rela.ctors)

.rel.dtors
 *(.rel.dtors)

.rela.dtors
 *(.rela.dtors)

.rel.got
 *(.rel.got)

.rela.got
 *(.rela.got)

.rel.bss
 *(.rel.bss)

.rela.bss
 *(.rela.bss)

.rel.plt
 *(.rel.plt)

.rela.plt
 *(.rela.plt)

.text           0x0000000000000000    0x1c26c
 *(.vectors)
 .vectors       0x0000000000000000       0xe4 /usr/lib/gcc/avr/4.5.3/../../../avr/lib/avr6/crtm2560.o
                0x0000000000000000                __vectors
                0x0000000000000000                __vector_default
 *(.vectors)
 *(.progmem.gcc*)
 .progmem.gcc_fplib
                0x00000000000000e4       0x14 /usr/lib/gcc/avr/4.5.3/../../../avr/lib/avr6/libc.a(asin.o)
 .progmem.gcc_fplib
                0x00000000000000f8       0x28 /usr/lib/gcc/avr/4.5.3/../../../avr/lib/avr6/libc.a(fp_arccos.o)
 .progmem.gcc_fplib
                0x0000000000000120       0x1e /usr/lib/gcc/avr/4.5.3/../../../avr/lib/avr6/libc.a(fp_sinus.o)
 .progmem.gcc_fplib
                0x000000000000013e       0x28 /usr/lib/gcc/avr/4.5.3/../../../avr/lib/avr6/libc.a(exp.o)
 .progmem.gcc_fplib
                0x0000000000000166       0x5a /usr/lib/gcc/avr/4.5.3/../../../avr/lib/avr6/libc.a(log.o)
 *(.progmem*)
 .progmem.data  0x00000000000001c0       0x12 ./blinker.o
 .progmem.data  0x00000000000001d2       0x10 ./clock_me.o
 .progmem.data  0x00000000000001e2      0x54e ./config.o
 .progmem.data  0x0000000000000730       0xaa ./display.o
 .progmem.data  0x00000000000007da      0x113 ./file_manager.o
 .progmem.data  0x00000000000008ed       0x51 ./gear.o
 .progmem.data  0x000000000000093e       0x45 ./gps.o
 .progmem.data  0x0000000000000983       0x29 ./main.o
 .progmem.data  0x00000000000009ac      0x4fd ./menu.o
                0x00000000000009ac                titel_0
                0x00000000000009ba                titel_1
                0x00000000000009bb                titel_2
                0x00000000000009bc                titel_3
                0x00000000000009cc                titel_4
                0x00000000000009d7                titel_5
                0x00000000000009e5                titel_6
                0x00000000000009f3                titel_7
                0x00000000000009f4                titel_8
                0x00000000000009fe                titel_9
                0x0000000000000a0f                menu_titel
                0x0000000000000a23                main_m_0
                0x0000000000000a30                main_m_1
                0x0000000000000a3f                main_m_2
                0x0000000000000a4c                main_m_3
                0x0000000000000a5a                main_m_4
                0x0000000000000a67                main_m_5
                0x0000000000000a77                main_m_6
                0x0000000000000a86                main_m_7
                0x0000000000000a8f                main_m_8
                0x0000000000000a9f                s_titel_0
                0x0000000000000aa0                s_titel_1
                0x0000000000000aa1                s_titel_2
                0x0000000000000aa2                s_titel_3
                0x0000000000000ab2                s_titel_4
                0x0000000000000abf                s_titel_5
                0x0000000000000ac9                setup_titel
                0x0000000000000ad5                menu_main
                0x0000000000000ae7                setup_m_0
                0x0000000000000af6                setup_m_1
                0x0000000000000b05                setup_m_2
                0x0000000000000b13                setup_m_3
                0x0000000000000b23                setup_m_4
                0x0000000000000b2e                setup_m_5
                0x0000000000000b3b                setup_m_6
                0x0000000000000b49                setup_m_7
                0x0000000000000b5c                setup_m_8
                0x0000000000000b6e                menu_setup
                0x0000000000000b80                navi_m_0
                0x0000000000000b8b                navi_m_1
                0x0000000000000b97                navi_m_2
                0x0000000000000ba0                navi_m_3
                0x0000000000000bad                navi_m_4
                0x0000000000000baf                navi_m_5
                0x0000000000000bbd                navi_m_6
                0x0000000000000bcc                navi_m_7
                0x0000000000000bd7                navi_m_8
                0x0000000000000be5                menu_navi
                0x0000000000000bf7                trip_setup_m_0
                0x0000000000000bfd                trip_setup_m_1
                0x0000000000000c0a                trip_setup_m_2
                0x0000000000000c0e                trip_setup_m_3
                0x0000000000000c13                trip_setup_m_4
                0x0000000000000c19                trip_setup_m_5
                0x0000000000000c1e                trip_setup_m_6
                0x0000000000000c24                trip_setup_m_7
                0x0000000000000c2b                trip_setup_m_8
                0x0000000000000c31                menu_trip_setup
                0x0000000000000c43                flasher_m_0
                0x0000000000000c47                flasher_m_1
                0x0000000000000c50                flasher_m_2
                0x0000000000000c58                menu_flasher
 .progmem.data  0x0000000000000ea9       0x10 ./oiler.o
 .progmem.data  0x0000000000000eb9       0x19 ./reset.o
 .progmem.data  0x0000000000000ed2       0x39 ./sd.o
 .progmem.data  0x0000000000000f0b       0x12 ./sensors.o
 .progmem.data  0x0000000000000f1d       0x12 ./speed.o
 .progmem.data  0x0000000000000f2f       0x64 ./speedo.o
 .progmem.data  0x0000000000000f93        0xe ./sprint.o
 .progmem.data  0x0000000000000fa1       0xc0 ./inc/SdFat.o
 .progmem.data  0x0000000000001061       0x13 ./inc/SdFile.o
 .progmem.data  0x0000000000001074        0xb ./inc/istream.o
 .progmem.data  0x000000000000107f       0x13 ./inc/ostream.o
 .progmem.data  0x0000000000001092      0x120 ./inc/pins_arduino.o
                0x0000000000001092                port_to_mode_PGM
                0x00000000000010ac                port_to_output_PGM
                0x00000000000010c6                port_to_input_PGM
                0x00000000000010e0                digital_pin_to_port_PGM
                0x0000000000001126                digital_pin_to_bit_mask_PGM
                0x000000000000116c                digital_pin_to_timer_PGM
 .progmem.data  0x00000000000011b2      0xcc0 ./inc/ssd0323.o
                0x0000000000001e72                . = ALIGN (0x2)
                0x0000000000001e72                __trampolines_start = .
 *(.trampolines)
 .trampolines   0x0000000000001e72        0x0 linker stubs
 *(.trampolines*)
                0x0000000000001e72                __trampolines_end = .
 *(.jumptables)
 *(.jumptables*)
 *(.lowtext)
 *(.lowtext*)
                0x0000000000001e72                __ctors_start = .
 *(.ctors)
 .ctors         0x0000000000001e72        0x2 ./main.o
 .ctors         0x0000000000001e74        0x2 ./inc/Wire.o
 .ctors         0x0000000000001e76        0x2 /home/jkw/Store/17 - Speedmaster/Firmware/inc/libArduinoCore2560.a(HardwareSerial.cpp.o)
                0x0000000000001e78                __ctors_end = .
                0x0000000000001e78                __dtors_start = .
 *(.dtors)
                0x0000000000001e78                __dtors_end = .
 SORT(*)(.ctors)
 SORT(*)(.dtors)
 *(.init0)
 .init0         0x0000000000001e78        0x0 /usr/lib/gcc/avr/4.5.3/../../../avr/lib/avr6/crtm2560.o
                0x0000000000001e78                __init
 *(.init0)
 *(.init1)
 *(.init1)
 *(.init2)
 .init2         0x0000000000001e78       0x10 /usr/lib/gcc/avr/4.5.3/../../../avr/lib/avr6/crtm2560.o
 *(.init2)
 *(.init3)
 *(.init3)
 *(.init4)
 .init4         0x0000000000001e88       0x1a /usr/lib/gcc/avr/4.5.3/avr6/libgcc.a(_copy_data.o)
                0x0000000000001e88                __do_copy_data
 .init4         0x0000000000001ea2       0x10 /usr/lib/gcc/avr/4.5.3/avr6/libgcc.a(_clear_bss.o)
                0x0000000000001ea2                __do_clear_bss
 *(.init4)
 *(.init5)
 *(.init5)
 *(.init6)
 .init6         0x0000000000001eb2       0x20 /usr/lib/gcc/avr/4.5.3/avr6/libgcc.a(_ctors.o)
                0x0000000000001eb2                __do_global_ctors
 *(.init6)
 *(.init7)
 *(.init7)
 *(.init8)
 *(.init8)
 *(.init9)
 .init9         0x0000000000001ed2        0x8 /usr/lib/gcc/avr/4.5.3/../../../avr/lib/avr6/crtm2560.o
 *(.init9)
 *(.text)
 .text          0x0000000000001eda        0x4 /usr/lib/gcc/avr/4.5.3/../../../avr/lib/avr6/crtm2560.o
                0x0000000000001eda                __vector_38
                0x0000000000001eda                __vector_22
                0x0000000000001eda                __vector_28
                0x0000000000001eda                __vector_32
                0x0000000000001eda                __vector_34
                0x0000000000001eda                __vector_24
                0x0000000000001eda                __vector_12
                0x0000000000001eda                __vector_55
                0x0000000000001eda                __vector_46
                0x0000000000001eda                __bad_interrupt
                0x0000000000001eda                __vector_31
                0x0000000000001eda                __vector_35
                0x0000000000001eda                __vector_30
                0x0000000000001eda                __vector_45
                0x0000000000001eda                __vector_11
                0x0000000000001eda                __vector_13
                0x0000000000001eda                __vector_17
                0x0000000000001eda                __vector_19
                0x0000000000001eda                __vector_56
                0x0000000000001eda                __vector_49
                0x0000000000001eda                __vector_41
                0x0000000000001eda                __vector_43
                0x0000000000001eda                __vector_27
                0x0000000000001eda                __vector_33
                0x0000000000001eda                __vector_47
                0x0000000000001eda                __vector_52
                0x0000000000001eda                __vector_37
                0x0000000000001eda                __vector_44
                0x0000000000001eda                __vector_9
                0x0000000000001eda                __vector_21
                0x0000000000001eda                __vector_15
                0x0000000000001eda                __vector_29
                0x0000000000001eda                __vector_40
                0x0000000000001eda                __vector_26
                0x0000000000001eda                __vector_48
                0x0000000000001eda                __vector_14
                0x0000000000001eda                __vector_53
                0x0000000000001eda                __vector_10
                0x0000000000001eda                __vector_50
                0x0000000000001eda                __vector_16
                0x0000000000001eda                __vector_18
                0x0000000000001eda                __vector_20
                0x0000000000001eda                __vector_42
 .text          0x0000000000001ede      0x158 ./blinker.o
                0x0000000000001ede                _ZN13moped_blinkerC1Ev
                0x0000000000001ede                _ZN13moped_blinkerC2Ev
                0x0000000000001ee0                _ZN13moped_blinkerD2Ev
                0x0000000000001ee0                _ZN13moped_blinkerD1Ev
                0x0000000000001ee2                _ZN13moped_blinker5checkEv
                0x0000000000001f8c                _ZN13moped_blinker9set_startEmi
                0x0000000000001fba                _ZN13moped_blinker4warnEm
                0x0000000000001ffe                _ZN13moped_blinker4initEv
 .text          0x0000000000002036      0x664 ./clock_me.o
                0x0000000000002036                _ZN12speedo_clockC2Ev
                0x0000000000002036                _ZN12speedo_clockC1Ev
                0x0000000000002038                _ZN12speedo_clockD1Ev
                0x0000000000002038                _ZN12speedo_clockD2Ev
                0x000000000000203a                _ZN12speedo_clock7changedEPi
                0x0000000000002060                _ZN12speedo_clock8decToBcdEc
                0x0000000000002070                _ZN12speedo_clock8bcdToDecEc
                0x0000000000002088                _ZN12speedo_clock4initEv
                0x00000000000022ba                _ZN12speedo_clock5storeEv
                0x00000000000023ba                _ZN12speedo_clock13set_date_timeEiiiiiiii
                0x0000000000002504                _ZN12speedo_clock7getdateEv
                0x0000000000002528                _ZN12speedo_clock13get_long_dateEv
                0x00000000000025b4                _ZN12speedo_clock9get_daylsEv
                0x00000000000025bc                _ZN12speedo_clock6get_ssEv
                0x00000000000025c6                _ZN12speedo_clock3incEv
                0x0000000000002612                _ZN12speedo_clock4copyEPc
 .text          0x000000000000269a     0x27b6 ./config.o
                0x000000000000269a                _ZN6SdFileD1Ev
                0x00000000000026b0                _ZN13configurationC2Ev
                0x00000000000026b0                _ZN13configurationC1Ev
                0x00000000000026b2                _ZN13configuration8ram_infoEv
                0x00000000000026ee                _ZN13configurationD1Ev
                0x00000000000026ee                _ZN13configurationD2Ev
                0x00000000000026f0                _ZN13configuration5writeEPKc
                0x0000000000003404                _ZN13configuration5checkEv
                0x0000000000003504                _ZN13configuration4initEv
                0x000000000000387e                _ZN13configuration11parse_floatEPciPf
                0x0000000000003b00                _ZN13configuration10parse_boolEPciPb
                0x0000000000003b3c                _ZN13configuration9parse_intEPciPi
                0x0000000000003b94                _ZN13configuration11parse_shortEPciPs
                0x0000000000003be0                _ZN13configuration7parse_aEPciS0_i
                0x0000000000003c4e                _ZN13configuration8parse_ulEPciPm
                0x0000000000003cf8                _ZN13configuration5parseEPc
                0x0000000000004706                _ZN13configuration4readEPKc
                0x000000000000495c                _ZN13configuration9read_skinEv
                0x00000000000049f2                _ZN13configuration7km_saveEv
                0x0000000000004bca                _ZN13configuration11EEPROM_initEv
 .text          0x0000000000004e50       0x6e ./debug.o
                0x0000000000004e50                _ZN9debuggingC1Ev
                0x0000000000004e50                _ZN9debuggingC2Ev
                0x0000000000004e52                _ZN9debuggingD1Ev
                0x0000000000004e52                _ZN9debuggingD2Ev
                0x0000000000004e54                _ZN9debugging7sprintpEPKc
                0x0000000000004e7e                _ZN9debugging9sprintlnpEPKc
                0x0000000000004eb0                _ZN9debugging11parse_floatEiPciii
                0x0000000000004eb2                _ZN9debugging9parse_intEv
                0x0000000000004eb4                _ZN9debugging5parseEiPc
                0x0000000000004eb6                _ZN9debugging7parse_aEiPc
                0x0000000000004eb8                _ZN9debugging8parse_ulEim
                0x0000000000004eba                _ZN9debugging11speedo_loopEiimPc
                0x0000000000004ebc                _ZN9debugging4loopEv
 .text          0x0000000000004ebe     0x17b6 ./display.o
                0x0000000000004ed4                _ZN11speedo_dispC1Ev
                0x0000000000004ed4                _ZN11speedo_dispC2Ev
                0x0000000000004eda                _ZN11speedo_dispD2Ev
                0x0000000000004eda                _ZN11speedo_dispD1Ev
                0x0000000000004edc                _ZN11speedo_disp8draw_oilEhh
                0x00000000000051a6                _ZN11speedo_disp8draw_airEhh
                0x00000000000052b0                _ZN11speedo_disp9draw_fuelEhh
                0x00000000000053da                _ZN11speedo_disp10draw_clockEhh
                0x0000000000005504                _ZN11speedo_disp12draw_blitzerEhh
                0x000000000000577e                _ZN11speedo_disp10draw_arrowEiii
                0x0000000000005d36                _ZN11speedo_disp6sd2ssdEPc
                0x0000000000005eb6                _ZN11speedo_disp11show_storryEPcjS0_j
                0x000000000000613a                _ZN11speedo_disp14show_animationEPc
                0x0000000000006478                _ZN11speedo_disp12disp_waitingEihh
                0x00000000000064f6                _ZN11speedo_disp9animationEi
                0x0000000000006568                _ZN11speedo_disp11init_speedoEv
 .text          0x0000000000006674      0x2c2 ./dz.o
                0x0000000000006674                _Z6helperv
                0x000000000000668e                _ZN9speedo_dzC2Ev
                0x000000000000668e                _ZN9speedo_dzC1Ev
                0x0000000000006690                _ZN9speedo_dz7counterEv
                0x00000000000066a0                _ZN9speedo_dz4calcEv
                0x00000000000068f6                _ZN9speedo_dz4initEv
 .text          0x0000000000006936      0xa5a ./file_manager.o
                0x000000000000694c                _ZN6SdFile7makeDirEPS_PKc
                0x0000000000006954                _ZN18speedo_filemanagerC2Ev
                0x0000000000006954                _ZN18speedo_filemanagerC1Ev
                0x0000000000006970                _ZN18speedo_filemanagerD1Ev
                0x0000000000006970                _ZN18speedo_filemanagerD2Ev
                0x0000000000006988                _ZN18speedo_filemanager2cdEPc
                0x0000000000006a90                _ZN18speedo_filemanager9recv_fileEPc
                0x0000000000006d28                _ZN18speedo_filemanager9send_fileEPc
                0x0000000000006e0a                _ZN18speedo_filemanager2lsEv
                0x0000000000006e14                _ZN18speedo_filemanager5mkdirEPc
                0x0000000000006e4e                _ZN18speedo_filemanager2rmEPc
                0x0000000000006ebe                _ZN18speedo_filemanager5rmdirEv
                0x0000000000006ede                _ZN18speedo_filemanager12get_filenameEPc
                0x0000000000006f4c                _ZN18speedo_filemanager3runEv
 .text          0x0000000000007390      0x24c ./fuel.o
                0x0000000000007390                _ZN11speedo_fuelC1Ev
                0x0000000000007390                _ZN11speedo_fuelC2Ev
                0x0000000000007392                _ZN11speedo_fuelD2Ev
                0x0000000000007392                _ZN11speedo_fuelD1Ev
                0x0000000000007394                _ZN11speedo_fuel8get_fuelEPc
                0x00000000000075c0                _ZN11speedo_fuel4initEv
 .text          0x00000000000075dc      0x68a ./gear.o
                0x00000000000075dc                _ZN11speedo_gearC2Ev
                0x00000000000075dc                _ZN11speedo_gearC1Ev
                0x00000000000075de                _ZN11speedo_gearD1Ev
                0x00000000000075de                _ZN11speedo_gearD2Ev
                0x00000000000075e0                _ZN11speedo_gear4initEv
                0x0000000000007608                _ZN11speedo_gear4calcEv
                0x000000000000786c                _ZN11speedo_gear3getEv
                0x0000000000007884                _ZN11speedo_gear9calibrateEv
 .text          0x0000000000007c66     0x1fe6 ./gps.o
                0x0000000000007c7c                _ZN10speedo_gpsC1Ev
                0x0000000000007c7c                _ZN10speedo_gpsC2Ev
                0x0000000000007c7e                _ZN10speedo_gpsD1Ev
                0x0000000000007c7e                _ZN10speedo_gpsD2Ev
                0x0000000000007c80                _ZN10speedo_gps4initEv
                0x0000000000007d68                _ZN10speedo_gps9recv_dataEv
                0x0000000000007ebc                __vector_36
                0x0000000000007f18                _ZN10speedo_gps8get_infoEi
                0x0000000000008078                _ZN10speedo_gps11store_to_sdEv
                0x0000000000008160                _ZN10speedo_gps3modEmm
                0x00000000000081e6                _ZN10speedo_gps11nmea_to_decEm
                0x00000000000082a4                _ZN10speedo_gps9calc_distEmm
                0x0000000000008530                _ZN10speedo_gps9get_orderEPc
                0x00000000000087b0                _ZN10speedo_gps18generate_new_orderEv
                0x0000000000008b6a                _ZN10speedo_gps9calc_naviEv
                0x0000000000008ffc                _ZN10speedo_gps5parseEPci
                0x00000000000097a2                _ZN10speedo_gps10check_flagEv
                0x00000000000097fa                _ZN10speedo_gps4loopEv
                0x0000000000009ad0                _ZN10speedo_gps17get_logged_pointsEPci
 .text          0x0000000000009c4c       0x3e ./helper.o
                0x0000000000009c4c                __cxa_pure_virtual
                0x0000000000009c50                _Znwj
                0x0000000000009c56                _ZdlPv
                0x0000000000009c5c                _Znaj
                0x0000000000009c62                _ZdaPv
                0x0000000000009c6c                _Z19__cxa_guard_acquirePx
                0x0000000000009c80                _Z19__cxa_guard_releasePx
                0x0000000000009c88                _Z17__cxa_guard_abortPx
 .text          0x0000000000009c8a      0x30a ./main.o
                0x0000000000009c8a                main
 .text          0x0000000000009f94     0x3d70 ./menu.o
                0x0000000000009faa                _ZN11speedo_menuC2Ev
                0x0000000000009faa                _ZN11speedo_menuC1Ev
                0x0000000000009fac                _ZN11speedo_menuD2Ev
                0x0000000000009fac                _ZN11speedo_menuD1Ev
                0x0000000000009fae                _ZN11speedo_menu4backEv
                0x000000000000a0ae                _ZN11speedo_menu5yesnoEPcS0_S0_
                0x000000000000a156                _ZN11speedo_menu4drawEPPKci
                0x000000000000a40c                _ZN11speedo_menu7displayEv
                0x000000000000d67a                _ZN11speedo_menu8del_confEPcS0_
                0x000000000000d6fe                _ZN11speedo_menu11button_testEb
                0x000000000000dc84                _ZN11speedo_menu4initEv
 .text          0x000000000000dd04       0xd4 ./oiler.o
                0x000000000000dd04                _ZN12speedo_oilerC2Ev
                0x000000000000dd04                _ZN12speedo_oilerC1Ev
                0x000000000000dd06                _ZN12speedo_oilerD2Ev
                0x000000000000dd06                _ZN12speedo_oilerD1Ev
                0x000000000000dd08                _ZN12speedo_oiler4initEv
                0x000000000000dd2a                _ZN12speedo_oiler12send_impulseEv
                0x000000000000dd7a                _ZN12speedo_oiler11check_valueEv
 .text          0x000000000000ddd8      0x29e ./reset.o
                0x000000000000ddd8                _ZN12speedo_resetC1Ev
                0x000000000000ddd8                _ZN12speedo_resetC2Ev
                0x000000000000ddda                _ZN12speedo_resetD2Ev
                0x000000000000ddda                _ZN12speedo_resetD1Ev
                0x000000000000dddc                _ZN12speedo_reset10set_activeEbb
                0x000000000000de26                _ZN12speedo_reset12set_deactiveEbb
                0x000000000000de6e                _ZN12speedo_reset7restoreEv
                0x000000000000de8a                _ZN12speedo_reset6toggleEv
                0x000000000000dee8                _ZN12speedo_reset9ask_resetEv
                0x000000000000dfe6                _ZN12speedo_reset4initEv
 .text          0x000000000000e076      0x172 ./sd.o
                0x000000000000e076                _ZN8SdVolume4initEP7Sd2Card
                0x000000000000e0a4                _ZN9speedo_sdC1Ev
                0x000000000000e0a4                _ZN9speedo_sdC2Ev
                0x000000000000e0c0                _ZN9speedo_sdD1Ev
                0x000000000000e0c0                _ZN9speedo_sdD2Ev
                0x000000000000e0c2                _ZN9speedo_sd7error_PEPKc
                0x000000000000e118                _ZN9speedo_sd9writeCRLFER6SdFile
                0x000000000000e128                _ZN9speedo_sd11writeStringER6SdFilePc
                0x000000000000e148                _ZN9speedo_sd4initEv
 .text          0x000000000000e1e8      0x23e ./sensors.o
                0x000000000000e1e8                _ZN14Speedo_sensorsC1Ev
                0x000000000000e1e8                _ZN14Speedo_sensorsC2Ev
                0x000000000000e2b0                _ZN14Speedo_sensorsD2Ev
                0x000000000000e2b0                _ZN14Speedo_sensorsD1Ev
                0x000000000000e2b2                _ZN14Speedo_sensors4initEv
                0x000000000000e31e                _ZN14Speedo_sensors6flatItEiPsif
 .text          0x000000000000e426      0x73a ./speed.o
                0x000000000000e426                _ZN12speedo_speedC2Ev
                0x000000000000e426                _ZN12speedo_speedC1Ev
                0x000000000000e428                _ZN12speedo_speedD2Ev
                0x000000000000e428                _ZN12speedo_speedD1Ev
                0x000000000000e42a                _ZN12speedo_speed4calcEv
                0x000000000000e5e0                _Z12helper_speedv
                0x000000000000e5f2                _ZN12speedo_speed4initEv
                0x000000000000e638                _ZN12speedo_speed8getSpeedEv
                0x000000000000e65c                _ZN12speedo_speed13get_sat_speedEv
                0x000000000000e662                _ZN12speedo_speed13get_mag_speedEv
                0x000000000000e668                _ZN12speedo_speed12check_umfangEv
 .text          0x000000000000eb60     0x1664 ./speedo.o
                0x000000000000eb60                _ZN13speedo_speedo9reset_bakEv
                0x000000000000eb76                _ZN13speedo_speedo4loopEm
 .text          0x00000000000101c4      0x4b0 ./sprint.o
                0x00000000000101c4                _ZN13speedo_sprintC2Ev
                0x00000000000101c4                _ZN13speedo_sprintC1Ev
                0x00000000000101ce                _ZN13speedo_sprintD2Ev
                0x00000000000101ce                _ZN13speedo_sprintD1Ev
                0x00000000000101d0                _ZN13speedo_sprint4initEv
                0x00000000000101da                _ZN13speedo_sprint4loopEm
 .text          0x0000000000010674      0x3e6 ./temperature.o
                0x0000000000010674                _ZN18speedo_temperatureC1Ev
                0x0000000000010674                _ZN18speedo_temperatureC2Ev
                0x0000000000010676                _ZN18speedo_temperatureD1Ev
                0x0000000000010676                _ZN18speedo_temperatureD2Ev
                0x0000000000010678                _ZN18speedo_temperature4initEv
                0x00000000000106bc                _ZN18speedo_temperature13read_oil_tempEv
                0x0000000000010828                _ZN18speedo_temperature13read_air_tempEv
                0x0000000000010906                _ZN18speedo_temperature12get_air_tempEv
                0x00000000000109b0                _ZN18speedo_temperature12get_oil_tempEv
 .text          0x0000000000010a5a      0x268 ./timer.o
                0x0000000000010a5a                _ZN12speedo_timerC2Ev
                0x0000000000010a5a                _ZN12speedo_timerC1Ev
                0x0000000000010a8c                _ZN12speedo_timerD2Ev
                0x0000000000010a8c                _ZN12speedo_timerD1Ev
                0x0000000000010a8e                _Z8ram_infov
                0x0000000000010aba                _ZN12speedo_timer9every_secEP13configuration
                0x0000000000010b60                _ZN12speedo_timer10every_qsecEv
                0x0000000000010ba6                _ZN12speedo_timer12every_customEv
 .text          0x0000000000010cc2       0x12 ./inc/EEPROM.o
                0x0000000000010cc2                _ZN11EEPROMClass4readEi
                0x0000000000010cca                _ZN11EEPROMClass5writeEih
 .text          0x0000000000010cd4      0x8ec ./inc/Sd2Card.o
                0x0000000000010d0a                _ZN7Sd2Card14chipSelectHighEv
                0x0000000000010d16                _ZN7Sd2Card13chipSelectLowEv
                0x0000000000010d30                _ZN7Sd2Card8readDataEPhj
                0x0000000000010d88                _ZN7Sd2Card10setSckRateEh
                0x0000000000010d9c                _ZN7Sd2Card11waitNotBusyEj
                0x0000000000010dd4                _ZN7Sd2Card11cardCommandEhm
                0x0000000000010e6e                _ZN7Sd2Card8cardAcmdEhm
                0x0000000000010eac                _ZN7Sd2Card4initEhh
                0x0000000000011020                _ZN7Sd2Card14waitStartBlockEv
                0x000000000001106e                _ZN7Sd2Card12readRegisterEhPv
                0x00000000000110ba                _ZN7Sd2Card7readCSDEP5csd_t
                0x00000000000110c4                _ZN7Sd2Card22eraseSingleBlockEnableEv
                0x0000000000011100                _ZN7Sd2Card5eraseEmm
                0x0000000000011234                _ZN7Sd2Card8cardSizeEv
                0x000000000001133c                _ZN7Sd2Card9readBlockEmPh
                0x00000000000113b2                _ZN7Sd2Card9writeDataEhPKh
                0x0000000000011416                _ZN7Sd2Card9writeDataEPKh
                0x0000000000011462                _ZN7Sd2Card10writeBlockEmPKh
                0x0000000000011504                _ZN7Sd2Card10writeStartEmm
                0x0000000000011578                _ZN7Sd2Card9writeStopEv
 .text          0x00000000000115c0      0x466 ./inc/SdFat.o
                0x0000000000011604                _ZN5SdFat5chdirEv
                0x0000000000011636                _ZN5SdFat5chdirEPKc
                0x000000000001171a                _ZN5SdFat10errorPrintEv
                0x000000000001174a                _ZN5SdFat9errorHaltEv
                0x0000000000011750                _ZN5SdFat10errorPrintEPKc
                0x000000000001177e                _ZN5SdFat9errorHaltEPKc
                0x0000000000011784                _ZN5SdFat12errorPrint_PEPKc
                0x00000000000117ae                _ZN5SdFat11errorHalt_PEPKc
                0x00000000000117b4                _ZN5SdFat6existsEPKc
                0x00000000000117bc                _ZN5SdFat4initEhh
                0x00000000000117f4                _ZN5SdFat14initErrorPrintEv
                0x0000000000011844                _ZN5SdFat13initErrorHaltEv
                0x000000000001184a                _ZN5SdFat2lsEh
                0x000000000001185a                _ZN5SdFat2lsEP5Printh
                0x0000000000011864                _ZN5SdFat5mkdirEPKcb
                0x00000000000118c4                _ZN5SdFat6removeEPKc
                0x00000000000118cc                _ZN5SdFat6renameEPKcS1_
                0x000000000001194a                _ZN5SdFat5rmdirEPKc
                0x00000000000119ac                _ZN5SdFat8truncateEPKcm
 .text          0x0000000000011a26       0x94 ./inc/SdFatUtil.o
                0x0000000000011a26                _ZN9SdFatUtil7FreeRamEv
                0x0000000000011a60                _ZN9SdFatUtil7print_PEP5PrintPKc
                0x0000000000011a8c                _ZN9SdFatUtil9println_PEP5PrintPKc
                0x0000000000011aa2                _ZN9SdFatUtil13SerialPrint_PEPKc
                0x0000000000011aae                _ZN9SdFatUtil15SerialPrintln_PEPKc
 .text          0x0000000000011aba     0x2772 ./inc/SdFile.o
                0x0000000000011ae6                _ZN8SdVolume9fatPutEOCEm
                0x0000000000011afc                _ZN6SdFile10addClusterEv
                0x0000000000011b50                _ZN6SdFile13addDirClusterEv
                0x0000000000011c6e                _ZN6SdFile13cacheDirEntryEh
                0x0000000000011caa                _ZN6SdFile15contiguousRangeEPmS0_
                0x0000000000011e0e                _ZN6SdFile7dirNameERK14directoryEntryPc
                0x0000000000011e4a                _ZN6SdFile11getFilenameEPc
                0x0000000000011e82                _ZN6SdFile6getposEP6fpos_t
                0x0000000000011eb0                _ZN6SdFile10make83NameEPKcPhPS1_
                0x0000000000011f32                _ZN6SdFile8openRootEP8SdVolume
                0x0000000000011fd8                _ZN6SdFile12printDirNameEP5PrintRK14directoryEntryhb
                0x0000000000012068                _ZN6SdFile12printDirNameERK14directoryEntryhb
                0x000000000001207c                _ZN6SdFile12printFatDateEP5Printj
                0x00000000000120da                _ZN6SdFile12printFatDateEj
                0x00000000000120e6                _ZN6SdFile12printFatTimeEP5Printj
                0x0000000000012140                _ZN6SdFile12printFatTimeEj
                0x000000000001214c                _ZN6SdFile9printNameEv
                0x000000000001219a                _ZN6SdFile4readEPvj
                0x00000000000123fe                _ZN6SdFile4readEv
                0x0000000000012430                _ZN6SdFile4peekEv
                0x0000000000012488                _ZN6SdFile11lsPrintNextEP5Printhh
                0x000000000001260e                _ZN6SdFile5fgetsEPciS0_
                0x00000000000126e4                _ZN6SdFile7readDirEP14directoryEntry
                0x0000000000012750                _ZN6SdFile12readDirCacheEv
                0x00000000000127c8                _ZN6SdFile7seekSetEm
                0x0000000000012900                _ZN6SdFile7seekEndEl
                0x0000000000012920                _ZN6SdFile6rewindEv
                0x000000000001292c                _ZN6SdFile6setposEP6fpos_t
                0x0000000000012958                _ZN6SdFile4syncEv
                0x00000000000129ee                _ZN6SdFile8dirEntryEP14directoryEntry
                0x0000000000012a34                _ZN6SdFile5closeEv
                0x0000000000012a66                _ZN6SdFile9timestampEhjhhhhh
                0x0000000000012b9a                _ZN6SdFile8truncateEm
                0x0000000000012d08                _ZN6SdFile6removeEv
                0x0000000000012d3e                _ZN6SdFile5rmdirEv
                0x0000000000012dce                _ZN6SdFile15openCachedEntryEhh
                0x0000000000012ede                _ZN6SdFile8openNextEPS_h
                0x0000000000012f78                _ZN6SdFile4openEPS_jh
                0x0000000000012ffe                _ZN6SdFile8rmRfStarEv
                0x0000000000013146                _ZN6SdFile2lsEP5Printhh
                0x000000000001324c                _ZN6SdFile2lsEh
                0x000000000001325a                _ZN6SdFile10openParentEPS_
                0x000000000001345e                _ZN6SdFile4openEPS_PKhh
                0x00000000000135f2                _ZN6SdFile4openEPS_PKch
                0x0000000000013790                _ZN6SdFile6removeEPS_PKc
                0x00000000000137f8                _ZN6SdFile4openEPKch
                0x000000000001380c                _ZN6SdFileC1EPKch
                0x000000000001380c                _ZN6SdFileC2EPKch
                0x0000000000013820                _ZN6SdFile6existsEPKc
                0x000000000001387c                _ZN6SdFile16createContiguousEPS_PKcm
                0x000000000001390e                _ZN6SdFile5mkdirEPS_PKh
                0x0000000000013a98                _ZN6SdFile5mkdirEPS_PKcb
                0x0000000000013c4e                _ZN6SdFile6renameEPS_PKc
                0x0000000000013e50                _ZN6SdFile5writeEPKvj
                0x00000000000141a6                _ZN6SdFile5writeEPKc
                0x00000000000141be                _ZN6SdFile5writeEh
                0x00000000000141e0                _ZN6SdFile7write_PEPKc
                0x0000000000014212                _ZN6SdFile9writeln_PEPKc
 .text          0x000000000001422c      0x2d0 ./inc/SdStream.o
                0x000000000001422c                _ZN6SdFile7seekCurEl
                0x000000000001424c                _ZN6SdBase5getchEv
                0x0000000000014308                _ZN6SdBase4openEPKch
                0x00000000000143ca                _ZN6SdBase5putchEc
                0x000000000001442a                _ZN6SdBase6putstrEPKc
                0x00000000000144ac                _ZN6SdBase7seekoffElN8ios_base7seekdirE
                0x00000000000144f6                _ZN6SdBase7seekposEm
 .text          0x00000000000144fc      0xaa8 ./inc/SdVolume.o
                0x00000000000144fc                _ZN8SdVolume10cacheFlushEv
                0x0000000000014576                _ZN8SdVolume13cacheRawBlockEmh
                0x00000000000145fc                _ZNK8SdVolume6fatGetEmPm
                0x00000000000146fe                _ZNK8SdVolume9chainSizeEmPm
                0x00000000000147e6                _ZN8SdVolume6fatPutEmm
                0x0000000000014926                _ZN8SdVolume15allocContiguousEmPm
                0x0000000000014b4a                _ZN8SdVolume9freeChainEm
                0x0000000000014c04                _ZN8SdVolume16freeClusterCountEv
                0x0000000000014d3a                _ZN8SdVolume4initEP7Sd2Cardh
 .text          0x0000000000014fa4      0x20e ./inc/Wire.o
                0x0000000000014fa4                _ZN7TwoWire16onReceiveServiceEPhi
                0x0000000000014ff4                _ZN7TwoWire16onRequestServiceEv
                0x000000000001500c                _ZN7TwoWireC2Ev
                0x000000000001500c                _ZN7TwoWireC1Ev
                0x000000000001500e                _ZN7TwoWire5beginEv
                0x0000000000015024                _ZN7TwoWire5beginEh
                0x000000000001504c                _ZN7TwoWire5beginEi
                0x0000000000015052                _ZN7TwoWire11requestFromEhh
                0x000000000001506c                _ZN7TwoWire11requestFromEii
                0x0000000000015072                _ZN7TwoWire17beginTransmissionEh
                0x0000000000015086                _ZN7TwoWire17beginTransmissionEi
                0x000000000001508c                _ZN7TwoWire15endTransmissionEv
                0x00000000000150ac                _ZN7TwoWire4sendEh
                0x00000000000150f4                _ZN7TwoWire4sendEPhh
                0x0000000000015150                _ZN7TwoWire4sendEPc
                0x0000000000015168                _ZN7TwoWire4sendEi
                0x000000000001516e                _ZN7TwoWire9availableEv
                0x000000000001517a                _ZN7TwoWire7receiveEv
                0x000000000001519c                _ZN7TwoWire9onReceiveEPFviE
                0x00000000000151a6                _ZN7TwoWire9onRequestEPFvvE
 .text          0x00000000000151b2      0xd82 ./inc/istream.o
                0x00000000000151b2                _ZN7istream5getchEP6fpos_t
                0x00000000000151d8                _ZN7istream3getEv
                0x000000000001521c                _ZN7istream3getERc
                0x000000000001523c                _ZN7istream3getEPcmc
                0x0000000000015356                _ZN7istream7getlineEPcmc
                0x0000000000015490                _ZN7istream6ignoreEmi
                0x00000000000154f8                _ZN7istream4peekEv
                0x00000000000155ac                _ZN7istream8readSkipEv
                0x00000000000155f2                _ZN7istream6getStrEPc
                0x0000000000015748                _ZN7istream9getNumberEmmPm
                0x00000000000159d6                _ZN7istream8getFloatEPf
                0x0000000000015d30                _ZN7istream7getCharEPc
                0x0000000000015d6a                _ZN7istream9skipWhiteEv
                0x0000000000015ddc                _ZN7istream9getNumberIbEEvPT_
                0x0000000000015e48                _ZN7istream7getBoolEPb
 .text          0x0000000000015f34      0x670 ./inc/ostream.o
                0x0000000000015f34                _ZN7ostream7do_fillEj
                0x0000000000015f84                _ZN7ostream13fill_not_leftEj
                0x0000000000015fac                _ZN7ostream6fmtNumEmPch
                0x0000000000016048                _ZN7ostream7putCharEc
                0x000000000001607c                _ZN7ostream6putNumEmb
                0x00000000000161e6                _ZN7ostream6putNumEl
                0x0000000000016224                _ZN7ostream6putPgmERK3pgm
                0x000000000001627a                _ZN7ostream9putDoubleEd
                0x00000000000164f8                _ZN7ostream7putBoolEb
                0x0000000000016558                _ZN7ostream6putStrEPKc
 .text          0x00000000000165a4        0x0 ./inc/pins_arduino.o
 .text          0x00000000000165a4     0x1c00 ./inc/ssd0323.o
                0x00000000000165a4                _ZN7ssd032310senden_spiEh
                0x00000000000165c8                _ZN7ssd032312send_commandEh
                0x00000000000165d2                _ZN7ssd03239send_charEh
                0x00000000000165da                _ZN7ssd032312clear_screenEv
                0x000000000001662e                _ZN7ssd032310set2pixelsEhhhh
                0x00000000000166aa                _ZN7ssd03234lineEhhhhh
                0x0000000000016b8a                _ZN7ssd032314zeichen_big_1xEPhhiiiih
                0x0000000000016e2a                _ZN7ssd032316zeichen_small_1xEPhhiiiih
                0x0000000000016fd6                _ZN7ssd032316zeichen_small_2xEPhhiiiih
                0x00000000000171e8                _ZN7ssd032316zeichen_small_3xEPhhiiiih
                0x000000000001748e                _ZN7ssd032316zeichen_small_4xEPhhiiiih
                0x00000000000176f8                _ZN7ssd03236stringEsPchhhhh
                0x0000000000017d1a                _ZN7ssd03236stringEsPchh
                0x0000000000017d38                _ZN7ssd03238string_PEsPKchhhhh
                0x0000000000017dd6                _ZN7ssd03238string_PEsPKchh
                0x0000000000017df4                _ZN7ssd032311filled_rectEhhhhh
                0x0000000000017eca                _ZN7ssd032313highlight_barEhhhh
                0x0000000000017fc0                _ZN7ssd03234initEhh
                0x00000000000181a2                _ZN7ssd0323C1Ev
                0x00000000000181a2                _ZN7ssd0323C2Ev
 .text          0x00000000000181a4      0x446 ./inc/twi.o
                0x00000000000181a4                twi_init
                0x00000000000181ca                twi_setAddress
                0x00000000000181d2                twi_readFrom
                0x000000000001823e                twi_writeTo
                0x00000000000182be                twi_transmit
                0x00000000000182f2                twi_attachSlaveRxEvent
                0x00000000000182fc                twi_attachSlaveTxEvent
                0x0000000000018306                twi_reply
                0x0000000000018316                twi_stop
                0x000000000001832a                twi_releaseBus
                0x0000000000018336                __vector_39
 .text          0x00000000000185ea        0x0 /home/jkw/Store/17 - Speedmaster/Firmware/inc/libArduinoCore2560.a(WInterrupts.c.o)
 .text          0x00000000000185ea        0x0 /home/jkw/Store/17 - Speedmaster/Firmware/inc/libArduinoCore2560.a(wiring.c.o)
 .text          0x00000000000185ea        0x0 /home/jkw/Store/17 - Speedmaster/Firmware/inc/libArduinoCore2560.a(wiring_analog.c.o)
 .text          0x00000000000185ea        0x0 /home/jkw/Store/17 - Speedmaster/Firmware/inc/libArduinoCore2560.a(wiring_digital.c.o)
 .text          0x00000000000185ea        0x0 /home/jkw/Store/17 - Speedmaster/Firmware/inc/libArduinoCore2560.a(HardwareSerial.cpp.o)
 .text          0x00000000000185ea        0x0 /home/jkw/Store/17 - Speedmaster/Firmware/inc/libArduinoCore2560.a(Print.cpp.o)
 .text          0x00000000000185ea        0x0 /home/jkw/Store/17 - Speedmaster/Firmware/inc/libArduinoCore2560.a(WString.cpp.o)
 .text          0x00000000000185ea        0x0 /usr/lib/gcc/avr/4.5.3/../../../avr/lib/avr6/libc.a(malloc.o)
 .text          0x00000000000185ea        0x0 /usr/lib/gcc/avr/4.5.3/../../../avr/lib/avr6/libc.a(exit.o)
 .text          0x00000000000185ea        0x0 /usr/lib/gcc/avr/4.5.3/../../../avr/lib/avr6/libc.a(isalpha.o)
 .text          0x00000000000185ea        0x0 /usr/lib/gcc/avr/4.5.3/../../../avr/lib/avr6/libc.a(isspace.o)
 .text          0x00000000000185ea        0x0 /usr/lib/gcc/avr/4.5.3/../../../avr/lib/avr6/libc.a(tolower.o)
 .text          0x00000000000185ea        0x0 /usr/lib/gcc/avr/4.5.3/../../../avr/lib/avr6/libc.a(toupper.o)
 .text          0x00000000000185ea        0x0 /usr/lib/gcc/avr/4.5.3/../../../avr/lib/avr6/libc.a(strcmp_P.o)
 .text          0x00000000000185ea        0x0 /usr/lib/gcc/avr/4.5.3/../../../avr/lib/avr6/libc.a(strcpy_P.o)
 .text          0x00000000000185ea        0x0 /usr/lib/gcc/avr/4.5.3/../../../avr/lib/avr6/libc.a(strlen_P.o)
 .text          0x00000000000185ea        0x0 /usr/lib/gcc/avr/4.5.3/../../../avr/lib/avr6/libc.a(memcmp.o)
 .text          0x00000000000185ea        0x0 /usr/lib/gcc/avr/4.5.3/../../../avr/lib/avr6/libc.a(memcpy.o)
 .text          0x00000000000185ea        0x0 /usr/lib/gcc/avr/4.5.3/../../../avr/lib/avr6/libc.a(memset.o)
 .text          0x00000000000185ea        0x0 /usr/lib/gcc/avr/4.5.3/../../../avr/lib/avr6/libc.a(strcat.o)
 .text          0x00000000000185ea        0x0 /usr/lib/gcc/avr/4.5.3/../../../avr/lib/avr6/libc.a(strchr.o)
 .text          0x00000000000185ea        0x0 /usr/lib/gcc/avr/4.5.3/../../../avr/lib/avr6/libc.a(strcmp.o)
 .text          0x00000000000185ea        0x0 /usr/lib/gcc/avr/4.5.3/../../../avr/lib/avr6/libc.a(strcpy.o)
 .text          0x00000000000185ea        0x0 /usr/lib/gcc/avr/4.5.3/../../../avr/lib/avr6/libc.a(strncmp.o)
 .text          0x00000000000185ea        0x0 /usr/lib/gcc/avr/4.5.3/../../../avr/lib/avr6/libc.a(strncpy.o)
 .text          0x00000000000185ea        0x0 /usr/lib/gcc/avr/4.5.3/../../../avr/lib/avr6/libc.a(strrchr.o)
 .text          0x00000000000185ea        0x0 /usr/lib/gcc/avr/4.5.3/../../../avr/lib/avr6/libc.a(strstr.o)
 .text          0x00000000000185ea        0x0 /usr/lib/gcc/avr/4.5.3/../../../avr/lib/avr6/libc.a(itoa.o)
 .text          0x00000000000185ea        0x0 /usr/lib/gcc/avr/4.5.3/../../../avr/lib/avr6/libc.a(ltoa.o)
 .text          0x00000000000185ea        0x0 /usr/lib/gcc/avr/4.5.3/../../../avr/lib/avr6/libc.a(ultoa.o)
 .text          0x00000000000185ea        0x0 /usr/lib/gcc/avr/4.5.3/../../../avr/lib/avr6/libc.a(sprintf.o)
 .text          0x00000000000185ea        0x0 /usr/lib/gcc/avr/4.5.3/../../../avr/lib/avr6/libc.a(addsf3.o)
 .text          0x00000000000185ea        0x0 /usr/lib/gcc/avr/4.5.3/../../../avr/lib/avr6/libc.a(addsf3x.o)
 .text          0x00000000000185ea        0x0 /usr/lib/gcc/avr/4.5.3/../../../avr/lib/avr6/libc.a(asin.o)
 .text          0x00000000000185ea        0x0 /usr/lib/gcc/avr/4.5.3/../../../avr/lib/avr6/libc.a(cmpsf2.o)
 .text          0x00000000000185ea        0x0 /usr/lib/gcc/avr/4.5.3/../../../avr/lib/avr6/libc.a(cos.o)
 .text          0x00000000000185ea        0x0 /usr/lib/gcc/avr/4.5.3/../../../avr/lib/avr6/libc.a(divsf3.o)
 .text          0x00000000000185ea        0x0 /usr/lib/gcc/avr/4.5.3/../../../avr/lib/avr6/libc.a(divsf3x.o)
 .text          0x00000000000185ea        0x0 /usr/lib/gcc/avr/4.5.3/../../../avr/lib/avr6/libc.a(fixsfsi.o)
 .text          0x00000000000185ea        0x0 /usr/lib/gcc/avr/4.5.3/../../../avr/lib/avr6/libc.a(fixunssfsi.o)
 .text          0x00000000000185ea        0x0 /usr/lib/gcc/avr/4.5.3/../../../avr/lib/avr6/libc.a(floatsisf.o)
 .text          0x00000000000185ea        0x0 /usr/lib/gcc/avr/4.5.3/../../../avr/lib/avr6/libc.a(floor.o)
 .text          0x00000000000185ea        0x0 /usr/lib/gcc/avr/4.5.3/../../../avr/lib/avr6/libc.a(fp_arccos.o)
 .text          0x00000000000185ea        0x0 /usr/lib/gcc/avr/4.5.3/../../../avr/lib/avr6/libc.a(fp_cmp.o)
 .text          0x00000000000185ea        0x0 /usr/lib/gcc/avr/4.5.3/../../../avr/lib/avr6/libc.a(fp_inf.o)
 .text          0x00000000000185ea        0x0 /usr/lib/gcc/avr/4.5.3/../../../avr/lib/avr6/libc.a(fp_mintl.o)
 .text          0x00000000000185ea        0x0 /usr/lib/gcc/avr/4.5.3/../../../avr/lib/avr6/libc.a(fp_mpack.o)
 .text          0x00000000000185ea        0x0 /usr/lib/gcc/avr/4.5.3/../../../avr/lib/avr6/libc.a(fp_nan.o)
 .text          0x00000000000185ea        0x0 /usr/lib/gcc/avr/4.5.3/../../../avr/lib/avr6/libc.a(fp_powser.o)
 .text          0x00000000000185ea        0x0 /usr/lib/gcc/avr/4.5.3/../../../avr/lib/avr6/libc.a(fp_powsodd.o)
 .text          0x00000000000185ea        0x0 /usr/lib/gcc/avr/4.5.3/../../../avr/lib/avr6/libc.a(fp_pscA.o)
 .text          0x00000000000185ea        0x0 /usr/lib/gcc/avr/4.5.3/../../../avr/lib/avr6/libc.a(fp_pscB.o)
 .text          0x00000000000185ea        0x0 /usr/lib/gcc/avr/4.5.3/../../../avr/lib/avr6/libc.a(fp_rempio2.o)
 .text          0x00000000000185ea        0x0 /usr/lib/gcc/avr/4.5.3/../../../avr/lib/avr6/libc.a(fp_round.o)
 .text          0x00000000000185ea        0x0 /usr/lib/gcc/avr/4.5.3/../../../avr/lib/avr6/libc.a(fp_sinus.o)
 .text          0x00000000000185ea        0x0 /usr/lib/gcc/avr/4.5.3/../../../avr/lib/avr6/libc.a(fp_split3.o)
 .text          0x00000000000185ea        0x0 /usr/lib/gcc/avr/4.5.3/../../../avr/lib/avr6/libc.a(fp_trunc.o)
 .text          0x00000000000185ea        0x0 /usr/lib/gcc/avr/4.5.3/../../../avr/lib/avr6/libc.a(fp_zero.o)
 .text          0x00000000000185ea        0x0 /usr/lib/gcc/avr/4.5.3/../../../avr/lib/avr6/libc.a(gesf2.o)
 .text          0x00000000000185ea        0x0 /usr/lib/gcc/avr/4.5.3/../../../avr/lib/avr6/libc.a(mulsf3.o)
 .text          0x00000000000185ea        0x0 /usr/lib/gcc/avr/4.5.3/../../../avr/lib/avr6/libc.a(mulsf3x.o)
 .text          0x00000000000185ea        0x0 /usr/lib/gcc/avr/4.5.3/../../../avr/lib/avr6/libc.a(pow.o)
 .text          0x00000000000185ea        0x0 /usr/lib/gcc/avr/4.5.3/../../../avr/lib/avr6/libc.a(sin.o)
 .text          0x00000000000185ea        0x0 /usr/lib/gcc/avr/4.5.3/../../../avr/lib/avr6/libc.a(sqrt.o)
 .text          0x00000000000185ea        0x0 /usr/lib/gcc/avr/4.5.3/../../../avr/lib/avr6/libc.a(vfprintf_std.o)
 .text          0x00000000000185ea        0x0 /usr/lib/gcc/avr/4.5.3/../../../avr/lib/avr6/libc.a(eerd_byte_atmega2560.o)
 .text          0x00000000000185ea        0x0 /usr/lib/gcc/avr/4.5.3/../../../avr/lib/avr6/libc.a(eewr_byte_atmega2560.o)
 .text          0x00000000000185ea        0x0 /usr/lib/gcc/avr/4.5.3/../../../avr/lib/avr6/libc.a(cty_isfalse.o)
 .text          0x00000000000185ea        0x0 /usr/lib/gcc/avr/4.5.3/../../../avr/lib/avr6/libc.a(strnlen_P.o)
 .text          0x00000000000185ea        0x0 /usr/lib/gcc/avr/4.5.3/../../../avr/lib/avr6/libc.a(strnlen.o)
 .text          0x00000000000185ea        0x0 /usr/lib/gcc/avr/4.5.3/../../../avr/lib/avr6/libc.a(strrev.o)
 .text          0x00000000000185ea        0x0 /usr/lib/gcc/avr/4.5.3/../../../avr/lib/avr6/libc.a(fputc.o)
 .text          0x00000000000185ea        0x0 /usr/lib/gcc/avr/4.5.3/../../../avr/lib/avr6/libc.a(ultoa_invert.o)
 .text          0x00000000000185ea        0x0 /usr/lib/gcc/avr/4.5.3/../../../avr/lib/avr6/libc.a(exp.o)
 .text          0x00000000000185ea        0x0 /usr/lib/gcc/avr/4.5.3/../../../avr/lib/avr6/libc.a(fp_norm2.o)
 .text          0x00000000000185ea        0x0 /usr/lib/gcc/avr/4.5.3/../../../avr/lib/avr6/libc.a(inverse.o)
 .text          0x00000000000185ea        0x0 /usr/lib/gcc/avr/4.5.3/../../../avr/lib/avr6/libc.a(ldexp.o)
 .text          0x00000000000185ea        0x0 /usr/lib/gcc/avr/4.5.3/../../../avr/lib/avr6/libc.a(log.o)
 .text          0x00000000000185ea        0x0 /usr/lib/gcc/avr/4.5.3/../../../avr/lib/avr6/libc.a(modf.o)
 .text          0x00000000000185ea        0x0 /usr/lib/gcc/avr/4.5.3/avr6/libgcc.a(_mulsi3.o)
 .text          0x00000000000185ea        0x0 /usr/lib/gcc/avr/4.5.3/avr6/libgcc.a(_udivmodqi4.o)
 .text          0x00000000000185ea        0x0 /usr/lib/gcc/avr/4.5.3/avr6/libgcc.a(_udivmodhi4.o)
 .text          0x00000000000185ea        0x0 /usr/lib/gcc/avr/4.5.3/avr6/libgcc.a(_divmodhi4.o)
 .text          0x00000000000185ea        0x0 /usr/lib/gcc/avr/4.5.3/avr6/libgcc.a(_udivmodsi4.o)
 .text          0x00000000000185ea        0x0 /usr/lib/gcc/avr/4.5.3/avr6/libgcc.a(_divmodsi4.o)
 .text          0x00000000000185ea        0x0 /usr/lib/gcc/avr/4.5.3/avr6/libgcc.a(_exit.o)
 .text          0x00000000000185ea        0x0 /usr/lib/gcc/avr/4.5.3/avr6/libgcc.a(_copy_data.o)
 .text          0x00000000000185ea        0x0 /usr/lib/gcc/avr/4.5.3/avr6/libgcc.a(_clear_bss.o)
 .text          0x00000000000185ea        0x0 /usr/lib/gcc/avr/4.5.3/avr6/libgcc.a(_ctors.o)
 .text          0x00000000000185ea        0x0 /usr/lib/gcc/avr/4.5.3/avr6/libgcc.a(_tablejump_elpm.o)
                0x00000000000185ea                . = ALIGN (0x2)
 *(.text.*)
 .text.attachInterrupt
                0x00000000000185ea       0xf8 /home/jkw/Store/17 - Speedmaster/Firmware/inc/libArduinoCore2560.a(WInterrupts.c.o)
                0x00000000000185ea                attachInterrupt
 .text.detachInterrupt
                0x00000000000186e2       0x58 /home/jkw/Store/17 - Speedmaster/Firmware/inc/libArduinoCore2560.a(WInterrupts.c.o)
                0x00000000000186e2                detachInterrupt
 .text.__vector_1
                0x000000000001873a       0x62 /home/jkw/Store/17 - Speedmaster/Firmware/inc/libArduinoCore2560.a(WInterrupts.c.o)
                0x000000000001873a                __vector_1
 .text.__vector_2
                0x000000000001879c       0x62 /home/jkw/Store/17 - Speedmaster/Firmware/inc/libArduinoCore2560.a(WInterrupts.c.o)
                0x000000000001879c                __vector_2
 .text.__vector_3
                0x00000000000187fe       0x62 /home/jkw/Store/17 - Speedmaster/Firmware/inc/libArduinoCore2560.a(WInterrupts.c.o)
                0x00000000000187fe                __vector_3
 .text.__vector_4
                0x0000000000018860       0x62 /home/jkw/Store/17 - Speedmaster/Firmware/inc/libArduinoCore2560.a(WInterrupts.c.o)
                0x0000000000018860                __vector_4
 .text.__vector_5
                0x00000000000188c2       0x62 /home/jkw/Store/17 - Speedmaster/Firmware/inc/libArduinoCore2560.a(WInterrupts.c.o)
                0x00000000000188c2                __vector_5
 .text.__vector_6
                0x0000000000018924       0x62 /home/jkw/Store/17 - Speedmaster/Firmware/inc/libArduinoCore2560.a(WInterrupts.c.o)
                0x0000000000018924                __vector_6
 .text.__vector_7
                0x0000000000018986       0x62 /home/jkw/Store/17 - Speedmaster/Firmware/inc/libArduinoCore2560.a(WInterrupts.c.o)
                0x0000000000018986                __vector_7
 .text.__vector_8
                0x00000000000189e8       0x62 /home/jkw/Store/17 - Speedmaster/Firmware/inc/libArduinoCore2560.a(WInterrupts.c.o)
                0x00000000000189e8                __vector_8
 .text.__vector_23
                0x0000000000018a4a       0x90 /home/jkw/Store/17 - Speedmaster/Firmware/inc/libArduinoCore2560.a(wiring.c.o)
                0x0000000000018a4a                __vector_23
 .text.millis   0x0000000000018ada       0x1c /home/jkw/Store/17 - Speedmaster/Firmware/inc/libArduinoCore2560.a(wiring.c.o)
                0x0000000000018ada                millis
 .text.micros   0x0000000000018af6       0x4c /home/jkw/Store/17 - Speedmaster/Firmware/inc/libArduinoCore2560.a(wiring.c.o)
                0x0000000000018af6                micros
 .text.delay    0x0000000000018b42       0x4c /home/jkw/Store/17 - Speedmaster/Firmware/inc/libArduinoCore2560.a(wiring.c.o)
                0x0000000000018b42                delay
 .text.delayMicroseconds
                0x0000000000018b8e       0x14 /home/jkw/Store/17 - Speedmaster/Firmware/inc/libArduinoCore2560.a(wiring.c.o)
                0x0000000000018b8e                delayMicroseconds
 .text.init     0x0000000000018ba2       0xc4 /home/jkw/Store/17 - Speedmaster/Firmware/inc/libArduinoCore2560.a(wiring.c.o)
                0x0000000000018ba2                init
 .text.analogReference
                0x0000000000018c66        0x6 /home/jkw/Store/17 - Speedmaster/Firmware/inc/libArduinoCore2560.a(wiring_analog.c.o)
                0x0000000000018c66                analogReference
 .text.analogRead
                0x0000000000018c6c       0x68 /home/jkw/Store/17 - Speedmaster/Firmware/inc/libArduinoCore2560.a(wiring_analog.c.o)
                0x0000000000018c6c                analogRead
 .text.analogWrite
                0x0000000000018cd4      0x178 /home/jkw/Store/17 - Speedmaster/Firmware/inc/libArduinoCore2560.a(wiring_analog.c.o)
                0x0000000000018cd4                analogWrite
 .text.pinMode  0x0000000000018e4c       0x4c /home/jkw/Store/17 - Speedmaster/Firmware/inc/libArduinoCore2560.a(wiring_digital.c.o)
                0x0000000000018e4c                pinMode
 .text.digitalWrite
                0x0000000000018e98      0x122 /home/jkw/Store/17 - Speedmaster/Firmware/inc/libArduinoCore2560.a(wiring_digital.c.o)
                0x0000000000018e98                digitalWrite
 .text.digitalRead
                0x0000000000018fba      0x118 /home/jkw/Store/17 - Speedmaster/Firmware/inc/libArduinoCore2560.a(wiring_digital.c.o)
                0x0000000000018fba                digitalRead
 .text._Z10store_charhP11ring_buffer
                0x00000000000190d2       0x4e /home/jkw/Store/17 - Speedmaster/Firmware/inc/libArduinoCore2560.a(HardwareSerial.cpp.o)
                0x00000000000190d2                _Z10store_charhP11ring_buffer
 .text.__vector_25
                0x0000000000019120       0x58 /home/jkw/Store/17 - Speedmaster/Firmware/inc/libArduinoCore2560.a(HardwareSerial.cpp.o)
                0x0000000000019120                __vector_25
 .text.__vector_51
                0x0000000000019178       0x58 /home/jkw/Store/17 - Speedmaster/Firmware/inc/libArduinoCore2560.a(HardwareSerial.cpp.o)
                0x0000000000019178                __vector_51
 .text.__vector_54
                0x00000000000191d0       0x58 /home/jkw/Store/17 - Speedmaster/Firmware/inc/libArduinoCore2560.a(HardwareSerial.cpp.o)
                0x00000000000191d0                __vector_54
 .text._ZN14HardwareSerialC2EP11ring_bufferPVhS3_S3_S3_S3_hhhhh
                0x0000000000019228       0x60 /home/jkw/Store/17 - Speedmaster/Firmware/inc/libArduinoCore2560.a(HardwareSerial.cpp.o)
                0x0000000000019228                _ZN14HardwareSerialC2EP11ring_bufferPVhS3_S3_S3_S3_hhhhh
 .text._ZN14HardwareSerialC1EP11ring_bufferPVhS3_S3_S3_S3_hhhhh
                0x0000000000019288       0x60 /home/jkw/Store/17 - Speedmaster/Firmware/inc/libArduinoCore2560.a(HardwareSerial.cpp.o)
                0x0000000000019288                _ZN14HardwareSerialC1EP11ring_bufferPVhS3_S3_S3_S3_hhhhh
 .text._ZN14HardwareSerial5beginEl
                0x00000000000192e8      0x1f2 /home/jkw/Store/17 - Speedmaster/Firmware/inc/libArduinoCore2560.a(HardwareSerial.cpp.o)
                0x00000000000192e8                _ZN14HardwareSerial5beginEl
 .text._ZN14HardwareSerial3endEv
                0x00000000000194da       0x54 /home/jkw/Store/17 - Speedmaster/Firmware/inc/libArduinoCore2560.a(HardwareSerial.cpp.o)
                0x00000000000194da                _ZN14HardwareSerial3endEv
 .text._ZN14HardwareSerial9availableEv
                0x000000000001952e       0x28 /home/jkw/Store/17 - Speedmaster/Firmware/inc/libArduinoCore2560.a(HardwareSerial.cpp.o)
                0x000000000001952e                _ZN14HardwareSerial9availableEv
 .text._ZN14HardwareSerial4peekEv
                0x0000000000019556       0x34 /home/jkw/Store/17 - Speedmaster/Firmware/inc/libArduinoCore2560.a(HardwareSerial.cpp.o)
                0x0000000000019556                _ZN14HardwareSerial4peekEv
 .text._ZN14HardwareSerial4readEv
                0x000000000001958a       0x50 /home/jkw/Store/17 - Speedmaster/Firmware/inc/libArduinoCore2560.a(HardwareSerial.cpp.o)
                0x000000000001958a                _ZN14HardwareSerial4readEv
 .text._ZN14HardwareSerial5flushEv
                0x00000000000195da       0x18 /home/jkw/Store/17 - Speedmaster/Firmware/inc/libArduinoCore2560.a(HardwareSerial.cpp.o)
                0x00000000000195da                _ZN14HardwareSerial5flushEv
 .text._ZN14HardwareSerial5writeEh
                0x00000000000195f2       0x26 /home/jkw/Store/17 - Speedmaster/Firmware/inc/libArduinoCore2560.a(HardwareSerial.cpp.o)
                0x00000000000195f2                _ZN14HardwareSerial5writeEh
 .text._GLOBAL__I_rx_buffer
                0x0000000000019618      0x13c /home/jkw/Store/17 - Speedmaster/Firmware/inc/libArduinoCore2560.a(HardwareSerial.cpp.o)
 .text._ZN5Print5writeEPKc
                0x0000000000019754       0x30 /home/jkw/Store/17 - Speedmaster/Firmware/inc/libArduinoCore2560.a(Print.cpp.o)
                0x0000000000019754                _ZN5Print5writeEPKc
 .text._ZN5Print5writeEPKhj
                0x0000000000019784       0x3e /home/jkw/Store/17 - Speedmaster/Firmware/inc/libArduinoCore2560.a(Print.cpp.o)
                0x0000000000019784                _ZN5Print5writeEPKhj
 .text._ZN5Print5printEPKc
                0x00000000000197c2       0x10 /home/jkw/Store/17 - Speedmaster/Firmware/inc/libArduinoCore2560.a(Print.cpp.o)
                0x00000000000197c2                _ZN5Print5printEPKc
 .text._ZN5Print5printERK6String
                0x00000000000197d2       0x54 /home/jkw/Store/17 - Speedmaster/Firmware/inc/libArduinoCore2560.a(Print.cpp.o)
                0x00000000000197d2                _ZN5Print5printERK6String
 .text._ZN5Print11printNumberEmh
                0x0000000000019826      0x134 /home/jkw/Store/17 - Speedmaster/Firmware/inc/libArduinoCore2560.a(Print.cpp.o)
                0x0000000000019826                _ZN5Print11printNumberEmh
 .text._ZN5Print5printEmi
                0x000000000001995a       0x1e /home/jkw/Store/17 - Speedmaster/Firmware/inc/libArduinoCore2560.a(Print.cpp.o)
                0x000000000001995a                _ZN5Print5printEmi
 .text._ZN5Print5printEji
                0x0000000000019978       0x22 /home/jkw/Store/17 - Speedmaster/Firmware/inc/libArduinoCore2560.a(Print.cpp.o)
                0x0000000000019978                _ZN5Print5printEji
 .text._ZN5Print5printEhi
                0x000000000001999a       0x24 /home/jkw/Store/17 - Speedmaster/Firmware/inc/libArduinoCore2560.a(Print.cpp.o)
                0x000000000001999a                _ZN5Print5printEhi
 .text._ZN5Print5printEli
                0x00000000000199be       0x6c /home/jkw/Store/17 - Speedmaster/Firmware/inc/libArduinoCore2560.a(Print.cpp.o)
                0x00000000000199be                _ZN5Print5printEli
 .text._ZN5Print5printEii
                0x0000000000019a2a       0x26 /home/jkw/Store/17 - Speedmaster/Firmware/inc/libArduinoCore2560.a(Print.cpp.o)
                0x0000000000019a2a                _ZN5Print5printEii
 .text._ZN5Print5printEci
                0x0000000000019a50       0x28 /home/jkw/Store/17 - Speedmaster/Firmware/inc/libArduinoCore2560.a(Print.cpp.o)
                0x0000000000019a50                _ZN5Print5printEci
 .text._ZN5Print7printlnEv
                0x0000000000019a78       0x2e /home/jkw/Store/17 - Speedmaster/Firmware/inc/libArduinoCore2560.a(Print.cpp.o)
                0x0000000000019a78                _ZN5Print7printlnEv
 .text._ZN5Print7printlnEmi
                0x0000000000019aa6       0x16 /home/jkw/Store/17 - Speedmaster/Firmware/inc/libArduinoCore2560.a(Print.cpp.o)
                0x0000000000019aa6                _ZN5Print7printlnEmi
 .text._ZN5Print7printlnEji
                0x0000000000019abc       0x32 /home/jkw/Store/17 - Speedmaster/Firmware/inc/libArduinoCore2560.a(Print.cpp.o)
                0x0000000000019abc                _ZN5Print7printlnEji
 .text._ZN5Print7printlnEhi
                0x0000000000019aee       0x34 /home/jkw/Store/17 - Speedmaster/Firmware/inc/libArduinoCore2560.a(Print.cpp.o)
                0x0000000000019aee                _ZN5Print7printlnEhi
 .text._ZN5Print7printlnEPKc
                0x0000000000019b22       0x16 /home/jkw/Store/17 - Speedmaster/Firmware/inc/libArduinoCore2560.a(Print.cpp.o)
                0x0000000000019b22                _ZN5Print7printlnEPKc
 .text._ZN5Print7printlnERK6String
                0x0000000000019b38       0x16 /home/jkw/Store/17 - Speedmaster/Firmware/inc/libArduinoCore2560.a(Print.cpp.o)
                0x0000000000019b38                _ZN5Print7printlnERK6String
 .text._ZN5Print7printlnEli
                0x0000000000019b4e       0x16 /home/jkw/Store/17 - Speedmaster/Firmware/inc/libArduinoCore2560.a(Print.cpp.o)
                0x0000000000019b4e                _ZN5Print7printlnEli
 .text._ZN5Print7printlnEii
                0x0000000000019b64       0x36 /home/jkw/Store/17 - Speedmaster/Firmware/inc/libArduinoCore2560.a(Print.cpp.o)
                0x0000000000019b64                _ZN5Print7printlnEii
 .text._ZN5Print7printlnEci
                0x0000000000019b9a       0x38 /home/jkw/Store/17 - Speedmaster/Firmware/inc/libArduinoCore2560.a(Print.cpp.o)
                0x0000000000019b9a                _ZN5Print7printlnEci
 .text._ZN5Print10printFloatEdh
                0x0000000000019bd2      0x118 /home/jkw/Store/17 - Speedmaster/Firmware/inc/libArduinoCore2560.a(Print.cpp.o)
                0x0000000000019bd2                _ZN5Print10printFloatEdh
 .text._ZN5Print5printEdi
                0x0000000000019cea        0x6 /home/jkw/Store/17 - Speedmaster/Firmware/inc/libArduinoCore2560.a(Print.cpp.o)
                0x0000000000019cea                _ZN5Print5printEdi
 .text._ZN5Print7printlnEdi
                0x0000000000019cf0       0x16 /home/jkw/Store/17 - Speedmaster/Firmware/inc/libArduinoCore2560.a(Print.cpp.o)
                0x0000000000019cf0                _ZN5Print7printlnEdi
 .text._ZNK6String6charAtEj
                0x0000000000019d06       0x10 /home/jkw/Store/17 - Speedmaster/Firmware/inc/libArduinoCore2560.a(WString.cpp.o)
                0x0000000000019d06                _ZNK6String6charAtEj
 .text._ZN6String9setCharAtEjc
                0x0000000000019d16       0x22 /home/jkw/Store/17 - Speedmaster/Firmware/inc/libArduinoCore2560.a(WString.cpp.o)
                0x0000000000019d16                _ZN6String9setCharAtEjc
 .text._ZN6StringixEj
                0x0000000000019d38       0x2a /home/jkw/Store/17 - Speedmaster/Firmware/inc/libArduinoCore2560.a(WString.cpp.o)
                0x0000000000019d38                _ZN6StringixEj
 .text._ZNK6StringixEj
                0x0000000000019d62       0x10 /home/jkw/Store/17 - Speedmaster/Firmware/inc/libArduinoCore2560.a(WString.cpp.o)
                0x0000000000019d62                _ZNK6StringixEj
 .text._ZN6String11toCharArrayEPcj
                0x0000000000019d72       0x44 /home/jkw/Store/17 - Speedmaster/Firmware/inc/libArduinoCore2560.a(WString.cpp.o)
                0x0000000000019d72                _ZN6String11toCharArrayEPcj
 .text._ZN6String8getBytesEPhj
                0x0000000000019db6       0x44 /home/jkw/Store/17 - Speedmaster/Firmware/inc/libArduinoCore2560.a(WString.cpp.o)
                0x0000000000019db6                _ZN6String8getBytesEPhj
 .text._ZN6StringD1Ev
                0x0000000000019dfa       0x20 /home/jkw/Store/17 - Speedmaster/Firmware/inc/libArduinoCore2560.a(WString.cpp.o)
                0x0000000000019dfa                _ZN6StringD1Ev
 .text._ZNK6String10startsWithERKS_j
                0x0000000000019e1a       0x3c /home/jkw/Store/17 - Speedmaster/Firmware/inc/libArduinoCore2560.a(WString.cpp.o)
                0x0000000000019e1a                _ZNK6String10startsWithERKS_j
 .text._ZNK6String10startsWithERKS_
                0x0000000000019e56       0x26 /home/jkw/Store/17 - Speedmaster/Firmware/inc/libArduinoCore2560.a(WString.cpp.o)
                0x0000000000019e56                _ZNK6String10startsWithERKS_
 .text._ZNK6String11lastIndexOfEcj
                0x0000000000019e7c       0x6e /home/jkw/Store/17 - Speedmaster/Firmware/inc/libArduinoCore2560.a(WString.cpp.o)
                0x0000000000019e7c                _ZNK6String11lastIndexOfEcj
 .text._ZNK6String11lastIndexOfEc
                0x0000000000019eea       0x10 /home/jkw/Store/17 - Speedmaster/Firmware/inc/libArduinoCore2560.a(WString.cpp.o)
                0x0000000000019eea                _ZNK6String11lastIndexOfEc
 .text._ZNK6String7indexOfERKS_j
                0x0000000000019efa       0x3c /home/jkw/Store/17 - Speedmaster/Firmware/inc/libArduinoCore2560.a(WString.cpp.o)
                0x0000000000019efa                _ZNK6String7indexOfERKS_j
 .text._ZNK6String7indexOfERKS_
                0x0000000000019f36        0xa /home/jkw/Store/17 - Speedmaster/Firmware/inc/libArduinoCore2560.a(WString.cpp.o)
                0x0000000000019f36                _ZNK6String7indexOfERKS_
 .text._ZNK6String7indexOfEcj
                0x0000000000019f40       0x3c /home/jkw/Store/17 - Speedmaster/Firmware/inc/libArduinoCore2560.a(WString.cpp.o)
                0x0000000000019f40                _ZNK6String7indexOfEcj
 .text._ZNK6String7indexOfEc
                0x0000000000019f7c        0xa /home/jkw/Store/17 - Speedmaster/Firmware/inc/libArduinoCore2560.a(WString.cpp.o)
                0x0000000000019f7c                _ZNK6String7indexOfEc
 .text._ZNK6String6equalsERKS_
                0x0000000000019f86       0x32 /home/jkw/Store/17 - Speedmaster/Firmware/inc/libArduinoCore2560.a(WString.cpp.o)
                0x0000000000019f86                _ZNK6String6equalsERKS_
 .text._ZNK6String8endsWithERKS_
                0x0000000000019fb8       0x3a /home/jkw/Store/17 - Speedmaster/Firmware/inc/libArduinoCore2560.a(WString.cpp.o)
                0x0000000000019fb8                _ZNK6String8endsWithERKS_
 .text._ZNK6StringgeERKS_
                0x0000000000019ff2       0x28 /home/jkw/Store/17 - Speedmaster/Firmware/inc/libArduinoCore2560.a(WString.cpp.o)
                0x0000000000019ff2                _ZNK6StringgeERKS_
 .text._ZNK6StringleERKS_
                0x000000000001a01a       0x22 /home/jkw/Store/17 - Speedmaster/Firmware/inc/libArduinoCore2560.a(WString.cpp.o)
                0x000000000001a01a                _ZNK6StringleERKS_
 .text._ZNK6StringgtERKS_
                0x000000000001a03c       0x22 /home/jkw/Store/17 - Speedmaster/Firmware/inc/libArduinoCore2560.a(WString.cpp.o)
                0x000000000001a03c                _ZNK6StringgtERKS_
 .text._ZNK6StringltERKS_
                0x000000000001a05e       0x24 /home/jkw/Store/17 - Speedmaster/Firmware/inc/libArduinoCore2560.a(WString.cpp.o)
                0x000000000001a05e                _ZNK6StringltERKS_
 .text._ZNK6StringneERKS_
                0x000000000001a082       0x30 /home/jkw/Store/17 - Speedmaster/Firmware/inc/libArduinoCore2560.a(WString.cpp.o)
                0x000000000001a082                _ZNK6StringneERKS_
 .text._ZNK6StringeqERKS_
                0x000000000001a0b2       0x34 /home/jkw/Store/17 - Speedmaster/Firmware/inc/libArduinoCore2560.a(WString.cpp.o)
                0x000000000001a0b2                _ZNK6StringeqERKS_
 .text._ZNK6String9compareToERKS_
                0x000000000001a0e6       0x12 /home/jkw/Store/17 - Speedmaster/Firmware/inc/libArduinoCore2560.a(WString.cpp.o)
                0x000000000001a0e6                _ZNK6String9compareToERKS_
 .text._ZN6String9getBufferEj
                0x000000000001a0f8       0x28 /home/jkw/Store/17 - Speedmaster/Firmware/inc/libArduinoCore2560.a(WString.cpp.o)
                0x000000000001a0f8                _ZN6String9getBufferEj
 .text._ZN6StringpLERKS_
                0x000000000001a120       0x6c /home/jkw/Store/17 - Speedmaster/Firmware/inc/libArduinoCore2560.a(WString.cpp.o)
                0x000000000001a120                _ZN6StringpLERKS_
 .text._ZN6String6concatERKS_
                0x000000000001a18c        0x6 /home/jkw/Store/17 - Speedmaster/Firmware/inc/libArduinoCore2560.a(WString.cpp.o)
                0x000000000001a18c                _ZN6String6concatERKS_
 .text._ZN6StringaSERKS_
                0x000000000001a192       0x60 /home/jkw/Store/17 - Speedmaster/Firmware/inc/libArduinoCore2560.a(WString.cpp.o)
                0x000000000001a192                _ZN6StringaSERKS_
 .text._ZN6StringC1Eh
                0x000000000001a1f2       0x34 /home/jkw/Store/17 - Speedmaster/Firmware/inc/libArduinoCore2560.a(WString.cpp.o)
                0x000000000001a1f2                _ZN6StringC1Eh
 .text._ZN6StringC2Eh
                0x000000000001a226       0x34 /home/jkw/Store/17 - Speedmaster/Firmware/inc/libArduinoCore2560.a(WString.cpp.o)
                0x000000000001a226                _ZN6StringC2Eh
 .text._ZN6StringC1Ec
                0x000000000001a25a       0x34 /home/jkw/Store/17 - Speedmaster/Firmware/inc/libArduinoCore2560.a(WString.cpp.o)
                0x000000000001a25a                _ZN6StringC1Ec
 .text._ZN6StringC2Ec
                0x000000000001a28e       0x34 /home/jkw/Store/17 - Speedmaster/Firmware/inc/libArduinoCore2560.a(WString.cpp.o)
                0x000000000001a28e                _ZN6StringC2Ec
 .text._ZN6StringC1ERKS_
                0x000000000001a2c2       0x36 /home/jkw/Store/17 - Speedmaster/Firmware/inc/libArduinoCore2560.a(WString.cpp.o)
                0x000000000001a2c2                _ZN6StringC1ERKS_
 .text._ZN6StringC2ERKS_
                0x000000000001a2f8       0x36 /home/jkw/Store/17 - Speedmaster/Firmware/inc/libArduinoCore2560.a(WString.cpp.o)
                0x000000000001a2f8                _ZN6StringC2ERKS_
 .text._ZN6StringC1Emi
                0x000000000001a32e       0x7e /home/jkw/Store/17 - Speedmaster/Firmware/inc/libArduinoCore2560.a(WString.cpp.o)
                0x000000000001a32e                _ZN6StringC1Emi
 .text._ZN6StringC2Emi
                0x000000000001a3ac       0x7e /home/jkw/Store/17 - Speedmaster/Firmware/inc/libArduinoCore2560.a(WString.cpp.o)
                0x000000000001a3ac                _ZN6StringC2Emi
 .text._ZN6StringC1Eji
                0x000000000001a42a       0x7c /home/jkw/Store/17 - Speedmaster/Firmware/inc/libArduinoCore2560.a(WString.cpp.o)
                0x000000000001a42a                _ZN6StringC1Eji
 .text._ZN6StringC2Eji
                0x000000000001a4a6       0x7c /home/jkw/Store/17 - Speedmaster/Firmware/inc/libArduinoCore2560.a(WString.cpp.o)
                0x000000000001a4a6                _ZN6StringC2Eji
 .text._ZN6StringC1EPKc
                0x000000000001a522       0x50 /home/jkw/Store/17 - Speedmaster/Firmware/inc/libArduinoCore2560.a(WString.cpp.o)
                0x000000000001a522                _ZN6StringC1EPKc
 .text._ZNK6String11toUpperCaseEv
                0x000000000001a572       0x76 /home/jkw/Store/17 - Speedmaster/Firmware/inc/libArduinoCore2560.a(WString.cpp.o)
                0x000000000001a572                _ZNK6String11toUpperCaseEv
 .text._ZNK6String11toLowerCaseEv
                0x000000000001a5e8       0x76 /home/jkw/Store/17 - Speedmaster/Firmware/inc/libArduinoCore2560.a(WString.cpp.o)
                0x000000000001a5e8                _ZNK6String11toLowerCaseEv
 .text._ZNK6String16equalsIgnoreCaseERKS_
                0x000000000001a65e       0x98 /home/jkw/Store/17 - Speedmaster/Firmware/inc/libArduinoCore2560.a(WString.cpp.o)
                0x000000000001a65e                _ZNK6String16equalsIgnoreCaseERKS_
 .text._ZNK6String9substringEjj
                0x000000000001a6f6       0x6e /home/jkw/Store/17 - Speedmaster/Firmware/inc/libArduinoCore2560.a(WString.cpp.o)
                0x000000000001a6f6                _ZNK6String9substringEjj
 .text._ZNK6String9substringEj
                0x000000000001a764       0x18 /home/jkw/Store/17 - Speedmaster/Firmware/inc/libArduinoCore2560.a(WString.cpp.o)
                0x000000000001a764                _ZNK6String9substringEj
 .text._ZNK6String11lastIndexOfERKS_j
                0x000000000001a77c       0xc8 /home/jkw/Store/17 - Speedmaster/Firmware/inc/libArduinoCore2560.a(WString.cpp.o)
                0x000000000001a77c                _ZNK6String11lastIndexOfERKS_j
 .text._ZNK6String11lastIndexOfERKS_
                0x000000000001a844       0x1c /home/jkw/Store/17 - Speedmaster/Firmware/inc/libArduinoCore2560.a(WString.cpp.o)
                0x000000000001a844                _ZNK6String11lastIndexOfERKS_
 .text._ZNK6String4trimEv
                0x000000000001a860       0xdc /home/jkw/Store/17 - Speedmaster/Firmware/inc/libArduinoCore2560.a(WString.cpp.o)
                0x000000000001a860                _ZNK6String4trimEv
 .text._ZN6String7replaceERKS_S1_
                0x000000000001a93c      0x136 /home/jkw/Store/17 - Speedmaster/Firmware/inc/libArduinoCore2560.a(WString.cpp.o)
                0x000000000001a93c                _ZN6String7replaceERKS_S1_
 .text._ZN6String7replaceEcc
                0x000000000001aa72       0x86 /home/jkw/Store/17 - Speedmaster/Firmware/inc/libArduinoCore2560.a(WString.cpp.o)
                0x000000000001aa72                _ZN6String7replaceEcc
 .text._ZN6StringC2EPKc
                0x000000000001aaf8       0x50 /home/jkw/Store/17 - Speedmaster/Firmware/inc/libArduinoCore2560.a(WString.cpp.o)
                0x000000000001aaf8                _ZN6StringC2EPKc
 .text._ZN6StringC1Eli
                0x000000000001ab48       0x7a /home/jkw/Store/17 - Speedmaster/Firmware/inc/libArduinoCore2560.a(WString.cpp.o)
                0x000000000001ab48                _ZN6StringC1Eli
 .text._ZN6StringC2Eli
                0x000000000001abc2       0x7a /home/jkw/Store/17 - Speedmaster/Firmware/inc/libArduinoCore2560.a(WString.cpp.o)
                0x000000000001abc2                _ZN6StringC2Eli
 .text._ZN6StringC1Eii
                0x000000000001ac3c       0x78 /home/jkw/Store/17 - Speedmaster/Firmware/inc/libArduinoCore2560.a(WString.cpp.o)
                0x000000000001ac3c                _ZN6StringC1Eii
 .text._ZN6StringC2Eii
                0x000000000001acb4       0x78 /home/jkw/Store/17 - Speedmaster/Firmware/inc/libArduinoCore2560.a(WString.cpp.o)
                0x000000000001acb4                _ZN6StringC2Eii
 .text.avr-libc
                0x000000000001ad2c      0x266 /usr/lib/gcc/avr/4.5.3/../../../avr/lib/avr6/libc.a(malloc.o)
                0x000000000001ad2c                malloc
                0x000000000001ae60                free
 .text.avr-libc
                0x000000000001af92        0x6 /usr/lib/gcc/avr/4.5.3/../../../avr/lib/avr6/libc.a(exit.o)
                0x000000000001af92                exit
 .text.avr-libc
                0x000000000001af98       0x12 /usr/lib/gcc/avr/4.5.3/../../../avr/lib/avr6/libc.a(isalpha.o)
                0x000000000001af98                isupper
                0x000000000001af9c                isalpha
                0x000000000001af9e                islower
 .text.avr-libc
                0x000000000001afaa       0x10 /usr/lib/gcc/avr/4.5.3/../../../avr/lib/avr6/libc.a(isspace.o)
                0x000000000001afaa                isspace
 .text.avr-libc
                0x000000000001afba       0x10 /usr/lib/gcc/avr/4.5.3/../../../avr/lib/avr6/libc.a(tolower.o)
                0x000000000001afba                tolower
 .text.avr-libc
                0x000000000001afca       0x10 /usr/lib/gcc/avr/4.5.3/../../../avr/lib/avr6/libc.a(toupper.o)
                0x000000000001afca                toupper
 .text.avr-libc
                0x000000000001afda       0x12 /usr/lib/gcc/avr/4.5.3/../../../avr/lib/avr6/libc.a(strcmp_P.o)
                0x000000000001afda                strcmp_P
 .text.avr-libc
                0x000000000001afec        0xe /usr/lib/gcc/avr/4.5.3/../../../avr/lib/avr6/libc.a(strcpy_P.o)
                0x000000000001afec                strcpy_P
 .text.avr-libc
                0x000000000001affa       0x12 /usr/lib/gcc/avr/4.5.3/../../../avr/lib/avr6/libc.a(strlen_P.o)
                0x000000000001affa                strlen_P
 .text.avr-libc
                0x000000000001b00c       0x1a /usr/lib/gcc/avr/4.5.3/../../../avr/lib/avr6/libc.a(memcmp.o)
                0x000000000001b00c                memcmp
 .text.avr-libc
                0x000000000001b026       0x12 /usr/lib/gcc/avr/4.5.3/../../../avr/lib/avr6/libc.a(memcpy.o)
                0x000000000001b026                memcpy
 .text.avr-libc
                0x000000000001b038        0xe /usr/lib/gcc/avr/4.5.3/../../../avr/lib/avr6/libc.a(memset.o)
                0x000000000001b038                memset
 .text.avr-libc
                0x000000000001b046       0x16 /usr/lib/gcc/avr/4.5.3/../../../avr/lib/avr6/libc.a(strcat.o)
                0x000000000001b046                strcat
 .text.avr-libc
                0x000000000001b05c       0x16 /usr/lib/gcc/avr/4.5.3/../../../avr/lib/avr6/libc.a(strchr.o)
                0x000000000001b05c                strchr
 .text.avr-libc
                0x000000000001b072       0x12 /usr/lib/gcc/avr/4.5.3/../../../avr/lib/avr6/libc.a(strcmp.o)
                0x000000000001b072                strcmp
 .text.avr-libc
                0x000000000001b084        0xe /usr/lib/gcc/avr/4.5.3/../../../avr/lib/avr6/libc.a(strcpy.o)
                0x000000000001b084                strcpy
 .text.avr-libc
                0x000000000001b092       0x1c /usr/lib/gcc/avr/4.5.3/../../../avr/lib/avr6/libc.a(strncmp.o)
                0x000000000001b092                strncmp
 .text.avr-libc
                0x000000000001b0ae       0x1e /usr/lib/gcc/avr/4.5.3/../../../avr/lib/avr6/libc.a(strncpy.o)
                0x000000000001b0ae                strncpy
 .text.avr-libc
                0x000000000001b0cc       0x16 /usr/lib/gcc/avr/4.5.3/../../../avr/lib/avr6/libc.a(strrchr.o)
                0x000000000001b0cc                strrchr
 .text.avr-libc
                0x000000000001b0e2       0x34 /usr/lib/gcc/avr/4.5.3/../../../avr/lib/avr6/libc.a(strstr.o)
                0x000000000001b0e2                strstr
 .text.avr-libc
                0x000000000001b116       0x42 /usr/lib/gcc/avr/4.5.3/../../../avr/lib/avr6/libc.a(itoa.o)
                0x000000000001b116                itoa
 .text.avr-libc
                0x000000000001b158       0x68 /usr/lib/gcc/avr/4.5.3/../../../avr/lib/avr6/libc.a(ltoa.o)
                0x000000000001b158                ltoa
 .text.avr-libc
                0x000000000001b1c0       0x4a /usr/lib/gcc/avr/4.5.3/../../../avr/lib/avr6/libc.a(ultoa.o)
                0x000000000001b1c0                ultoa
 .text.avr-libc
                0x000000000001b20a       0x60 /usr/lib/gcc/avr/4.5.3/../../../avr/lib/avr6/libc.a(sprintf.o)
                0x000000000001b20a                sprintf
 .text.avr-libc.fplib
                0x000000000001b26a        0xa /usr/lib/gcc/avr/4.5.3/../../../avr/lib/avr6/libc.a(addsf3.o)
                0x000000000001b26a                __subsf3
                0x000000000001b26c                __addsf3
 .text.avr-libc.fplib
                0x000000000001b274       0xc0 /usr/lib/gcc/avr/4.5.3/../../../avr/lib/avr6/libc.a(addsf3x.o)
                0x000000000001b28e                __addsf3x
 .text.avr-libc.fplib
                0x000000000001b334       0x2e /usr/lib/gcc/avr/4.5.3/../../../avr/lib/avr6/libc.a(asin.o)
                0x000000000001b334                asin
 .text.avr-libc.fplib
                0x000000000001b362        0x8 /usr/lib/gcc/avr/4.5.3/../../../avr/lib/avr6/libc.a(cmpsf2.o)
                0x000000000001b362                __lesf2
                0x000000000001b362                __nesf2
                0x000000000001b362                __eqsf2
                0x000000000001b362                __cmpsf2
                0x000000000001b362                __ltsf2
 .text.avr-libc.fplib
                0x000000000001b36a        0x6 /usr/lib/gcc/avr/4.5.3/../../../avr/lib/avr6/libc.a(cos.o)
                0x000000000001b36a                cos
 .text.avr-libc.fplib
                0x000000000001b370        0x4 /usr/lib/gcc/avr/4.5.3/../../../avr/lib/avr6/libc.a(divsf3.o)
                0x000000000001b370                __divsf3
 .text.avr-libc.fplib
                0x000000000001b374       0xcc /usr/lib/gcc/avr/4.5.3/../../../avr/lib/avr6/libc.a(divsf3x.o)
                0x000000000001b38a                __divsf3x
                0x000000000001b38e                __divsf3_pse
 .text.avr-libc.fplib
                0x000000000001b440        0xa /usr/lib/gcc/avr/4.5.3/../../../avr/lib/avr6/libc.a(fixsfsi.o)
                0x000000000001b440                __fixsfsi
 .text.avr-libc.fplib
                0x000000000001b44a       0x58 /usr/lib/gcc/avr/4.5.3/../../../avr/lib/avr6/libc.a(fixunssfsi.o)
                0x000000000001b44a                __fixunssfsi
 .text.avr-libc.fplib
                0x000000000001b4a2       0x7a /usr/lib/gcc/avr/4.5.3/../../../avr/lib/avr6/libc.a(floatsisf.o)
                0x000000000001b4a2                __floatunsisf
                0x000000000001b4a6                __floatsisf
 .text.avr-libc.fplib
                0x000000000001b51c       0x26 /usr/lib/gcc/avr/4.5.3/../../../avr/lib/avr6/libc.a(floor.o)
                0x000000000001b51c                floor
 .text.avr-libc.fplib
                0x000000000001b542       0x36 /usr/lib/gcc/avr/4.5.3/../../../avr/lib/avr6/libc.a(fp_arccos.o)
                0x000000000001b542                __fp_arccos
 .text.avr-libc.fplib
                0x000000000001b578       0x48 /usr/lib/gcc/avr/4.5.3/../../../avr/lib/avr6/libc.a(fp_cmp.o)
                0x000000000001b578                __fp_cmp
 .text.avr-libc.fplib
                0x000000000001b5c0        0xc /usr/lib/gcc/avr/4.5.3/../../../avr/lib/avr6/libc.a(fp_inf.o)
                0x000000000001b5c0                __fp_inf
 .text.avr-libc.fplib
                0x000000000001b5cc       0x36 /usr/lib/gcc/avr/4.5.3/../../../avr/lib/avr6/libc.a(fp_mintl.o)
                0x000000000001b5cc                __fp_mintl
 .text.avr-libc.fplib
                0x000000000001b602       0x1c /usr/lib/gcc/avr/4.5.3/../../../avr/lib/avr6/libc.a(fp_mpack.o)
                0x000000000001b602                __fp_mpack
                0x000000000001b606                __fp_mpack_finite
 .text.avr-libc.fplib
                0x000000000001b61e        0x6 /usr/lib/gcc/avr/4.5.3/../../../avr/lib/avr6/libc.a(fp_nan.o)
                0x000000000001b61e                __fp_nan
 .text.avr-libc.fplib
                0x000000000001b624       0x4a /usr/lib/gcc/avr/4.5.3/../../../avr/lib/avr6/libc.a(fp_powser.o)
                0x000000000001b624                __fp_powser
 .text.avr-libc.fplib
                0x000000000001b66e       0x22 /usr/lib/gcc/avr/4.5.3/../../../avr/lib/avr6/libc.a(fp_powsodd.o)
                0x000000000001b66e                __fp_powsodd
 .text.avr-libc.fplib
                0x000000000001b690        0xe /usr/lib/gcc/avr/4.5.3/../../../avr/lib/avr6/libc.a(fp_pscA.o)
                0x000000000001b690                __fp_pscA
 .text.avr-libc.fplib
                0x000000000001b69e        0xe /usr/lib/gcc/avr/4.5.3/../../../avr/lib/avr6/libc.a(fp_pscB.o)
                0x000000000001b69e                __fp_pscB
 .text.avr-libc.fplib
                0x000000000001b6ac       0x50 /usr/lib/gcc/avr/4.5.3/../../../avr/lib/avr6/libc.a(fp_rempio2.o)
                0x000000000001b6ae                __fp_rempio2
 .text.avr-libc.fplib
                0x000000000001b6fc       0x22 /usr/lib/gcc/avr/4.5.3/../../../avr/lib/avr6/libc.a(fp_round.o)
                0x000000000001b6fc                __fp_round
 .text.avr-libc.fplib
                0x000000000001b71e       0x22 /usr/lib/gcc/avr/4.5.3/../../../avr/lib/avr6/libc.a(fp_sinus.o)
                0x000000000001b71e                __fp_sinus
 .text.avr-libc.fplib
                0x000000000001b740       0x44 /usr/lib/gcc/avr/4.5.3/../../../avr/lib/avr6/libc.a(fp_split3.o)
                0x000000000001b740                __fp_split3
                0x000000000001b750                __fp_splitA
 .text.avr-libc.fplib
                0x000000000001b784       0x2e /usr/lib/gcc/avr/4.5.3/../../../avr/lib/avr6/libc.a(fp_trunc.o)
                0x000000000001b784                __fp_trunc
 .text.avr-libc.fplib
                0x000000000001b7b2        0xe /usr/lib/gcc/avr/4.5.3/../../../avr/lib/avr6/libc.a(fp_zero.o)
                0x000000000001b7b2                __fp_zero
                0x000000000001b7b4                __fp_szero
 .text.avr-libc.fplib
                0x000000000001b7c0        0x8 /usr/lib/gcc/avr/4.5.3/../../../avr/lib/avr6/libc.a(gesf2.o)
                0x000000000001b7c0                __gtsf2
                0x000000000001b7c0                __gesf2
 .text.avr-libc.fplib
                0x000000000001b7c8        0x4 /usr/lib/gcc/avr/4.5.3/../../../avr/lib/avr6/libc.a(mulsf3.o)
                0x000000000001b7c8                __mulsf3
 .text.avr-libc.fplib
                0x000000000001b7cc       0xc2 /usr/lib/gcc/avr/4.5.3/../../../avr/lib/avr6/libc.a(mulsf3x.o)
                0x000000000001b7e0                __mulsf3x
                0x000000000001b7e4                __mulsf3_pse
 .text.avr-libc.fplib
                0x000000000001b88e       0x98 /usr/lib/gcc/avr/4.5.3/../../../avr/lib/avr6/libc.a(pow.o)
                0x000000000001b88e                pow
 .text.avr-libc.fplib
                0x000000000001b926        0xc /usr/lib/gcc/avr/4.5.3/../../../avr/lib/avr6/libc.a(sin.o)
                0x000000000001b926                sin
 .text.avr-libc.fplib
                0x000000000001b932       0x84 /usr/lib/gcc/avr/4.5.3/../../../avr/lib/avr6/libc.a(sqrt.o)
                0x000000000001b93a                sqrt
 .text.avr-libc
                0x000000000001b9b6      0x420 /usr/lib/gcc/avr/4.5.3/../../../avr/lib/avr6/libc.a(vfprintf_std.o)
                0x000000000001b9b6                vfprintf
 .text.avr-libc
                0x000000000001bdd6       0x10 /usr/lib/gcc/avr/4.5.3/../../../avr/lib/avr6/libc.a(eerd_byte_atmega2560.o)
                0x000000000001bdd6                __eerd_byte_m2560
 .text.avr-libc
                0x000000000001bde6       0x1c /usr/lib/gcc/avr/4.5.3/../../../avr/lib/avr6/libc.a(eewr_byte_atmega2560.o)
                0x000000000001bde6                __eewr_byte_m2560
                0x000000000001bde8                __eewr_r18_m2560
 .text.avr-libc
                0x000000000001be02        0x6 /usr/lib/gcc/avr/4.5.3/../../../avr/lib/avr6/libc.a(cty_isfalse.o)
                0x000000000001be02                __ctype_isfalse
                0x000000000001be06                __ctype_istrue
 .text.avr-libc
                0x000000000001be08       0x16 /usr/lib/gcc/avr/4.5.3/../../../avr/lib/avr6/libc.a(strnlen_P.o)
                0x000000000001be08                strnlen_P
 .text.avr-libc