Archive member included because of file (symbol)

/home/jkw/Store/17 - Speedmaster/Firmware/inc/libArduinoCore2560.a(WInterrupts.c.o)
                              ./dz.o (attachInterrupt)
/home/jkw/Store/17 - Speedmaster/Firmware/inc/libArduinoCore2560.a(wiring.c.o)
                              ./blinker.o (millis)
/home/jkw/Store/17 - Speedmaster/Firmware/inc/libArduinoCore2560.a(wiring_analog.c.o)
                              ./temperature.o (analogRead)
/home/jkw/Store/17 - Speedmaster/Firmware/inc/libArduinoCore2560.a(wiring_digital.c.o)
                              ./aktors.o (pinMode)
/home/jkw/Store/17 - Speedmaster/Firmware/inc/libArduinoCore2560.a(HardwareSerial.cpp.o)
                              ./main.o (_ZN14HardwareSerial5beginEl)
/home/jkw/Store/17 - Speedmaster/Firmware/inc/libArduinoCore2560.a(Print.cpp.o)
                              /home/jkw/Store/17 - Speedmaster/Firmware/inc/libArduinoCore2560.a(HardwareSerial.cpp.o) (_ZN5Print5writeEPKc)
/home/jkw/Store/17 - Speedmaster/Firmware/inc/libArduinoCore2560.a(WString.cpp.o)
                              /home/jkw/Store/17 - Speedmaster/Firmware/inc/libArduinoCore2560.a(Print.cpp.o) (_ZNK6StringixEj)
/usr/lib/gcc/avr/4.5.3/../../../avr/lib/avr6/libc.a(malloc.o)
                              ./config.o (malloc)
/usr/lib/gcc/avr/4.5.3/../../../avr/lib/avr6/libc.a(exit.o)
                              /usr/lib/gcc/avr/4.5.3/../../../avr/lib/avr6/crtm2560.o (exit)
/usr/lib/gcc/avr/4.5.3/../../../avr/lib/avr6/libc.a(isalpha.o)
                              ./inc/istream.o (isupper)
/usr/lib/gcc/avr/4.5.3/../../../avr/lib/avr6/libc.a(isspace.o)
                              ./inc/istream.o (isspace)
/usr/lib/gcc/avr/4.5.3/../../../avr/lib/avr6/libc.a(tolower.o)
                              /home/jkw/Store/17 - Speedmaster/Firmware/inc/libArduinoCore2560.a(WString.cpp.o) (tolower)
/usr/lib/gcc/avr/4.5.3/../../../avr/lib/avr6/libc.a(toupper.o)
                              /home/jkw/Store/17 - Speedmaster/Firmware/inc/libArduinoCore2560.a(WString.cpp.o) (toupper)
/usr/lib/gcc/avr/4.5.3/../../../avr/lib/avr6/libc.a(strcmp_P.o)
                              ./config.o (strcmp_P)
/usr/lib/gcc/avr/4.5.3/../../../avr/lib/avr6/libc.a(strcpy_P.o)
                              ./config.o (strcpy_P)
/usr/lib/gcc/avr/4.5.3/../../../avr/lib/avr6/libc.a(strlen_P.o)
                              ./inc/ostream.o (strlen_P)
/usr/lib/gcc/avr/4.5.3/../../../avr/lib/avr6/libc.a(memcmp.o)
                              ./inc/SdFile.o (memcmp)
/usr/lib/gcc/avr/4.5.3/../../../avr/lib/avr6/libc.a(memcpy.o)
                              ./inc/SdFile.o (memcpy)
/usr/lib/gcc/avr/4.5.3/../../../avr/lib/avr6/libc.a(memset.o)
                              ./gps.o (memset)
/usr/lib/gcc/avr/4.5.3/../../../avr/lib/avr6/libc.a(strcat.o)
                              /home/jkw/Store/17 - Speedmaster/Firmware/inc/libArduinoCore2560.a(WString.cpp.o) (strcat)
/usr/lib/gcc/avr/4.5.3/../../../avr/lib/avr6/libc.a(strchr.o)
                              ./inc/SdFile.o (strchr)
/usr/lib/gcc/avr/4.5.3/../../../avr/lib/avr6/libc.a(strcmp.o)
                              ./config.o (strcmp)
/usr/lib/gcc/avr/4.5.3/../../../avr/lib/avr6/libc.a(strcpy.o)
                              ./config.o (strcpy)
/usr/lib/gcc/avr/4.5.3/../../../avr/lib/avr6/libc.a(strncmp.o)
                              ./config.o (strncmp)
/usr/lib/gcc/avr/4.5.3/../../../avr/lib/avr6/libc.a(strncpy.o)
                              /home/jkw/Store/17 - Speedmaster/Firmware/inc/libArduinoCore2560.a(WString.cpp.o) (strncpy)
/usr/lib/gcc/avr/4.5.3/../../../avr/lib/avr6/libc.a(strrchr.o)
                              /home/jkw/Store/17 - Speedmaster/Firmware/inc/libArduinoCore2560.a(WString.cpp.o) (strrchr)
/usr/lib/gcc/avr/4.5.3/../../../avr/lib/avr6/libc.a(strstr.o)
                              /home/jkw/Store/17 - Speedmaster/Firmware/inc/libArduinoCore2560.a(WString.cpp.o) (strstr)
/usr/lib/gcc/avr/4.5.3/../../../avr/lib/avr6/libc.a(itoa.o)
                              /home/jkw/Store/17 - Speedmaster/Firmware/inc/libArduinoCore2560.a(WString.cpp.o) (itoa)
/usr/lib/gcc/avr/4.5.3/../../../avr/lib/avr6/libc.a(ltoa.o)
                              /home/jkw/Store/17 - Speedmaster/Firmware/inc/libArduinoCore2560.a(WString.cpp.o) (ltoa)
/usr/lib/gcc/avr/4.5.3/../../../avr/lib/avr6/libc.a(ultoa.o)
                              /home/jkw/Store/17 - Speedmaster/Firmware/inc/libArduinoCore2560.a(WString.cpp.o) (ultoa)
/usr/lib/gcc/avr/4.5.3/../../../avr/lib/avr6/libc.a(sprintf.o)
                              ./clock_me.o (sprintf)
/usr/lib/gcc/avr/4.5.3/../../../avr/lib/avr6/libc.a(addsf3.o)
                              ./aktors.o (__subsf3)
/usr/lib/gcc/avr/4.5.3/../../../avr/lib/avr6/libc.a(addsf3x.o)
                              /usr/lib/gcc/avr/4.5.3/../../../avr/lib/avr6/libc.a(addsf3.o) (__addsf3x)
/usr/lib/gcc/avr/4.5.3/../../../avr/lib/avr6/libc.a(asin.o)
                              ./gps.o (asin)
[...]
Memory Configuration

Name             Origin             Length             Attributes
text             0x0000000000000000 0x0000000000100000 xr
data             0x0000000000800200 0x000000000000fe00 rw !x
eeprom           0x0000000000810000 0x0000000000010000 rw !x
fuse             0x0000000000820000 0x0000000000000400 rw !x
lock             0x0000000000830000 0x0000000000000400 rw !x
signature        0x0000000000840000 0x0000000000000400 rw !x
*default*        0x0000000000000000 0xffffffffffffffff

Linker script and memory map

Address of section .data set to 0x800200
LOAD /usr/lib/gcc/avr/4.5.3/../../../avr/lib/avr6/crtm2560.o
LOAD ./aktors.o
LOAD ./blinker.o
LOAD ./clock_me.o
LOAD ./config.o
LOAD ./debug.o
LOAD ./display.o
LOAD ./dz.o
LOAD ./file_manager.o
LOAD ./fuel.o
LOAD ./gear.o
LOAD ./gps.o
LOAD ./helper.o
LOAD ./main.o
LOAD ./menu.o
LOAD ./oiler.o
LOAD ./reset.o
LOAD ./sd.o
LOAD ./sensors.o
LOAD ./speed.o
LOAD ./speedo.o
LOAD ./sprint.o
LOAD ./stepper.o
LOAD ./temperature.o
LOAD ./tetris.o
LOAD ./timer.o
LOAD ./voltage.o
LOAD ./inc/EEPROM.o
LOAD ./inc/Sd2Card.o
LOAD ./inc/SdFat.o
LOAD ./inc/SdFatUtil.o
LOAD ./inc/SdFile.o
LOAD ./inc/SdStream.o
LOAD ./inc/SdVolume.o
LOAD ./inc/Wire.o
LOAD ./inc/istream.o
LOAD ./inc/ostream.o
LOAD ./inc/pins_arduino.o
LOAD ./inc/ssd0323.o
LOAD ./inc/twi.o
LOAD /home/jkw/Store/17 - Speedmaster/Firmware/inc/libArduinoCore2560.a
LOAD /usr/lib/gcc/avr/4.5.3/../../../avr/lib/avr6/libc.a
LOAD /usr/lib/gcc/avr/4.5.3/avr6/libgcc.a
LOAD /usr/lib/gcc/avr/4.5.3/../../../avr/lib/avr6/libm.a
LOAD /usr/lib/gcc/avr/4.5.3/../../../avr/lib/avr6/libc.a
LOAD /usr/lib/gcc/avr/4.5.3/avr6/libgcc.a
LOAD /usr/lib/gcc/avr/4.5.3/../../../avr/lib/avr6/libc.a
LOAD /usr/lib/gcc/avr/4.5.3/avr6/libgcc.a

.hash
 *(.hash)

.dynsym
 *(.dynsym)

.dynstr
 *(.dynstr)

.gnu.version
 *(.gnu.version)

.gnu.version_d
 *(.gnu.version_d)

.gnu.version_r
 *(.gnu.version_r)

.rel.init
 *(.rel.init)

.rela.init
 *(.rela.init)

.rel.text
 *(.rel.text)
 *(.rel.text.*)
 *(.rel.gnu.linkonce.t*)

.rela.text
 *(.rela.text)
 *(.rela.text.*)
 *(.rela.gnu.linkonce.t*)

.rel.fini
 *(.rel.fini)

.rela.fini
 *(.rela.fini)

.rel.rodata
 *(.rel.rodata)
 *(.rel.rodata.*)
 *(.rel.gnu.linkonce.r*)

.rela.rodata
 *(.rela.rodata)
 *(.rela.rodata.*)
 *(.rela.gnu.linkonce.r*)

.rel.data
 *(.rel.data)
 *(.rel.data.*)
 *(.rel.gnu.linkonce.d*)

.rela.data
 *(.rela.data)
 *(.rela.data.*)
 *(.rela.gnu.linkonce.d*)

.rel.ctors
 *(.rel.ctors)

.rela.ctors
 *(.rela.ctors)

.rel.dtors
 *(.rel.dtors)

.rela.dtors
 *(.rela.dtors)

.rel.got
 *(.rel.got)

.rela.got
 *(.rela.got)

.rel.bss
 *(.rel.bss)

.rela.bss
 *(.rela.bss)

.rel.plt
 *(.rel.plt)

.rela.plt
 *(.rela.plt)

.text           0x0000000000000000    0x21ec2
 *(.vectors)
 .vectors       0x0000000000000000       0xe4 /usr/lib/gcc/avr/4.5.3/../../../avr/lib/avr6/crtm2560.o
                0x0000000000000000                __vectors
                0x0000000000000000                __vector_default
 *(.vectors)
 *(.progmem.gcc*)
 .progmem.gcc_fplib
                0x00000000000000e4       0x14 /usr/lib/gcc/avr/4.5.3/../../../avr/lib/avr6/libc.a(asin.o)
 .progmem.gcc_fplib
                0x00000000000000f8       0x28 /usr/lib/gcc/avr/4.5.3/../../../avr/lib/avr6/libc.a(fp_arccos.o)
 .progmem.gcc_fplib
                0x0000000000000120       0x1e /usr/lib/gcc/avr/4.5.3/../../../avr/lib/avr6/libc.a(fp_sinus.o)
 .progmem.gcc_fplib
                0x000000000000013e       0x28 /usr/lib/gcc/avr/4.5.3/../../../avr/lib/avr6/libc.a(exp.o)
 .progmem.gcc_fplib
                0x0000000000000166       0x5a /usr/lib/gcc/avr/4.5.3/../../../avr/lib/avr6/libc.a(log.o)
 *(.progmem*)
 .progmem.data  0x00000000000001c0       0x12 ./blinker.o
 .progmem.data  0x00000000000001d2       0x10 ./clock_me.o
 .progmem.data  0x00000000000001e2      0x64a ./config.o
 .progmem.data  0x000000000000082c       0xaa ./display.o
 .progmem.data  0x00000000000008d6      0x113 ./file_manager.o
 .progmem.data  0x00000000000009e9       0x51 ./gear.o
 .progmem.data  0x0000000000000a3a       0x45 ./gps.o
 .progmem.data  0x0000000000000a7f       0x3b ./main.o
 .progmem.data  0x0000000000000aba     0x1e12 ./menu.o
                0x0000000000000aba                asd_0
                0x000000000000222a                main_m_0
                0x0000000000002237                main_m_1
                0x0000000000002246                main_m_2
                0x0000000000002254                main_m_3
                0x0000000000002259                main_m_4
                0x000000000000226a                main_m_5
                0x0000000000002277                main_m_6
                0x0000000000002280                main_m_7
                0x000000000000228f                main_m_8
                0x000000000000229f                menu_main
                0x00000000000022b1                setup_m_0
                0x00000000000022c0                setup_m_1
                0x00000000000022d0                setup_m_2
                0x00000000000022e1                setup_m_3
                0x00000000000022f1                setup_m_4
                0x0000000000002304                setup_m_5
                0x0000000000002316                setup_m_6
                0x000000000000231b                setup_m_7
                0x0000000000002320                setup_m_8
                0x0000000000002329                menu_setup
                0x000000000000233b                custom_m_0
                0x0000000000002348                custom_m_1
                0x0000000000002356                custom_m_2
                0x0000000000002364                custom_m_3
                0x0000000000002372                custom_m_4
                0x000000000000237f                custom_m_5
                0x000000000000238e                custom_m_6
                0x0000000000002393                custom_m_7
                0x00000000000023a5                custom_m_8
                0x00000000000023b4                menu_custom
                0x00000000000023c6                einfo_m_0
                0x00000000000023d7                einfo_m_1
                0x00000000000023e8                einfo_m_2
                0x00000000000023f3                einfo_m_3
                0x00000000000023f8                einfo_m_4
                0x00000000000023fd                einfo_m_5
                0x0000000000002402                einfo_m_6
                0x0000000000002407                einfo_m_7
                0x000000000000240c                einfo_m_8
                0x0000000000002416                menu_einfo
                0x0000000000002428                navi_m_0
                0x0000000000002436                navi_m_1
                0x0000000000002445                navi_m_2
                0x0000000000002451                navi_m_3
                0x0000000000002461                navi_m_4
                0x0000000000002466                navi_m_5
                0x000000000000246b                navi_m_6
                0x0000000000002470                navi_m_7
                0x0000000000002475                navi_m_8
                0x000000000000247a                menu_navi
                0x000000000000248c                titel_0
                0x000000000000249a                titel_1
                0x000000000000249b                titel_2
                0x000000000000249c                titel_3
                0x00000000000024ab                titel_4
                0x00000000000024ac                titel_5
                0x00000000000024bc                titel_6
                0x00000000000024ca                titel_7
                0x00000000000024d4                titel_8
                0x00000000000024d5                titel_9
                0x00000000000024e2                menu_titel
                0x00000000000024f6                trip_setup_m_0
                0x00000000000024fc                trip_setup_m_1
                0x0000000000002509                trip_setup_m_2
                0x000000000000250d                trip_setup_m_3
                0x0000000000002512                trip_setup_m_4
                0x0000000000002518                trip_setup_m_5
                0x000000000000251d                trip_setup_m_6
                0x0000000000002523                trip_setup_m_7
                0x000000000000252a                trip_setup_m_8
                0x0000000000002530                menu_trip_setup
 .progmem.data  0x00000000000028cc       0x10 ./oiler.o
 .progmem.data  0x00000000000028dc       0x19 ./reset.o
 .progmem.data  0x00000000000028f5       0x39 ./sd.o
 .progmem.data  0x000000000000292e       0x12 ./sensors.o
 .progmem.data  0x0000000000002940       0x12 ./speed.o
 .progmem.data  0x0000000000002952       0x64 ./speedo.o
 .progmem.data  0x00000000000029b6        0xe ./sprint.o
 .progmem.data  0x00000000000029c4       0x3e ./tetris.o
 .progmem.data  0x0000000000002a02        0x9 ./voltage.o
 .progmem.data  0x0000000000002a0b       0xc0 ./inc/SdFat.o
 .progmem.data  0x0000000000002acb       0x13 ./inc/SdFile.o
 .progmem.data  0x0000000000002ade        0xb ./inc/istream.o
 .progmem.data  0x0000000000002ae9       0x13 ./inc/ostream.o
 .progmem.data  0x0000000000002afc      0x120 ./inc/pins_arduino.o
                0x0000000000002afc                port_to_mode_PGM
                0x0000000000002b16                port_to_output_PGM
                0x0000000000002b30                port_to_input_PGM
                0x0000000000002b4a                digital_pin_to_port_PGM
                0x0000000000002b90                digital_pin_to_bit_mask_PGM
                0x0000000000002bd6                digital_pin_to_timer_PGM
 .progmem.data  0x0000000000002c1c      0xcc0 ./inc/ssd0323.o
                0x00000000000038dc                . = ALIGN (0x2)
                0x00000000000038dc                __trampolines_start = .
 *(.trampolines)
 .trampolines   0x00000000000038dc        0x0 linker stubs
 *(.trampolines*)
                0x00000000000038dc                __trampolines_end = .
 *(.jumptables)
 *(.jumptables*)
 *(.lowtext)
 *(.lowtext*)
                0x00000000000038dc                __ctors_start = .
 *(.ctors)
 .ctors         0x00000000000038dc        0x2 ./main.o
 .ctors         0x00000000000038de        0x2 ./inc/Wire.o
 .ctors         0x00000000000038e0        0x2 /home/jkw/Store/17 - Speedmaster/Firmware/inc/libArduinoCore2560.a(HardwareSerial.cpp.o)
                0x00000000000038e2                __ctors_end = .
                0x00000000000038e2                __dtors_start = .
 *(.dtors)
                0x00000000000038e2                __dtors_end = .
 SORT(*)(.ctors)
 SORT(*)(.dtors)
 *(.init0)
 .init0         0x00000000000038e2        0x0 /usr/lib/gcc/avr/4.5.3/../../../avr/lib/avr6/crtm2560.o
                0x00000000000038e2                __init
 *(.init0)
 *(.init1)
 *(.init1)
 *(.init2)
 .init2         0x00000000000038e2       0x10 /usr/lib/gcc/avr/4.5.3/../../../avr/lib/avr6/crtm2560.o
 *(.init2)
 *(.init3)
 *(.init3)
 *(.init4)
 .init4         0x00000000000038f2       0x1a /usr/lib/gcc/avr/4.5.3/avr6/libgcc.a(_copy_data.o)
                0x00000000000038f2                __do_copy_data
 .init4         0x000000000000390c       0x10 /usr/lib/gcc/avr/4.5.3/avr6/libgcc.a(_clear_bss.o)
                0x000000000000390c                __do_clear_bss
 *(.init4)
 *(.init5)
 *(.init5)
 *(.init6)
 .init6         0x000000000000391c       0x20 /usr/lib/gcc/avr/4.5.3/avr6/libgcc.a(_ctors.o)
                0x000000000000391c                __do_global_ctors
 *(.init6)
 *(.init7)
 *(.init7)
 *(.init8)
 *(.init8)
 *(.init9)
 .init9         0x000000000000393c        0x8 /usr/lib/gcc/avr/4.5.3/../../../avr/lib/avr6/crtm2560.o
 *(.init9)
 *(.text)
 .text          0x0000000000003944        0x4 /usr/lib/gcc/avr/4.5.3/../../../avr/lib/avr6/crtm2560.o
                0x0000000000003944                __vector_38
                0x0000000000003944                __vector_22
                0x0000000000003944                __vector_28
                0x0000000000003944                __vector_32
                0x0000000000003944                __vector_34
                0x0000000000003944                __vector_24
                0x0000000000003944                __vector_12
                0x0000000000003944                __vector_55
                0x0000000000003944                __vector_46
                0x0000000000003944                __bad_interrupt
                0x0000000000003944                __vector_31
                0x0000000000003944                __vector_30
                0x0000000000003944                __vector_45
                0x0000000000003944                __vector_11
                0x0000000000003944                __vector_13
                0x0000000000003944                __vector_17
                0x0000000000003944                __vector_19
                0x0000000000003944                __vector_56
                0x0000000000003944                __vector_49
                0x0000000000003944                __vector_41
                0x0000000000003944                __vector_43
                0x0000000000003944                __vector_27
                0x0000000000003944                __vector_33
                0x0000000000003944                __vector_47
                0x0000000000003944                __vector_52
                0x0000000000003944                __vector_37
                0x0000000000003944                __vector_44
                0x0000000000003944                __vector_9
                0x0000000000003944                __vector_21
                0x0000000000003944                __vector_15
                0x0000000000003944                __vector_29
                0x0000000000003944                __vector_40
                0x0000000000003944                __vector_26
                0x0000000000003944                __vector_48
                0x0000000000003944                __vector_14
                0x0000000000003944                __vector_53
                0x0000000000003944                __vector_10
                0x0000000000003944                __vector_50
                0x0000000000003944                __vector_16
                0x0000000000003944                __vector_18
                0x0000000000003944                __vector_20
                0x0000000000003944                __vector_42
 .text          0x0000000000003948      0x76e ./aktors.o
                0x0000000000003948                _ZN13Speedo_aktorsC2Ev
                0x0000000000003948                _ZN13Speedo_aktorsC1Ev
                0x000000000000396e                _ZN13Speedo_aktorsD2Ev
                0x000000000000396e                _ZN13Speedo_aktorsD1Ev
                0x0000000000003970                _ZN13Speedo_aktors10set_rgb_inEiiii
                0x0000000000003a30                _ZN13Speedo_aktors10set_rgb_inEiii
                0x0000000000003a42                _ZN13Speedo_aktors11set_rgb_outEiiii
                0x0000000000003af0                _ZN13Speedo_aktors11set_rgb_outEiii
                0x0000000000003b02                _ZN13Speedo_aktors11dimm_rgb_toEiiiii
                0x0000000000003b80                _ZN13Speedo_aktors4initEv
                0x0000000000003c00                _ZN13Speedo_aktors14timer_overflowEv
                0x0000000000004048                _ZN13Speedo_aktors14dimm_availableEv
                0x000000000000405e                __vector_35
 .text          0x00000000000040b6      0x150 ./blinker.o
                0x00000000000040b6                _ZN13moped_blinkerC1Ev
                0x00000000000040b6                _ZN13moped_blinkerC2Ev
                0x00000000000040b8                _ZN13moped_blinkerD2Ev
                0x00000000000040b8                _ZN13moped_blinkerD1Ev
                0x00000000000040ba                _ZN13moped_blinker5checkEv
                0x0000000000004164                _ZN13moped_blinker9set_startEmi
                0x0000000000004192                _ZN13moped_blinker4warnEm
                0x00000000000041d6                _ZN13moped_blinker4initEv
 .text          0x0000000000004206      0x326 ./clock_me.o
                0x0000000000004206                _ZN12speedo_clockC2Ev
                0x0000000000004206                _ZN12speedo_clockC1Ev
                0x0000000000004208                _ZN12speedo_clockD1Ev
                0x0000000000004208                _ZN12speedo_clockD2Ev
                0x000000000000420a                _ZN12speedo_clock7changedEPi
                0x0000000000004230                _ZN12speedo_clock8decToBcdEc
                0x0000000000004240                _ZN12speedo_clock8bcdToDecEc
                0x0000000000004258                _ZN12speedo_clock13set_date_timeEiiiiiiii
                0x0000000000004366                _ZN12speedo_clock4initEv
                0x0000000000004396                _ZN12speedo_clock7getdateEv
                0x00000000000043ba                _ZN12speedo_clock13get_long_dateEv
                0x0000000000004446                _ZN12speedo_clock9get_daylsEv
                0x000000000000444e                _ZN12speedo_clock6get_ssEv
                0x0000000000004458                _ZN12speedo_clock3incEv
                0x00000000000044a4                _ZN12speedo_clock4copyEPc
 .text          0x000000000000452c     0x2eb2 ./config.o
                0x000000000000452c                _ZN6SdFileD1Ev
                0x0000000000004542                _ZN13configurationC2Ev
                0x0000000000004542                _ZN13configurationC1Ev
                0x0000000000004544                _ZN13configuration8ram_infoEv
                0x0000000000004580                _ZN13configurationD1Ev
                0x0000000000004580                _ZN13configurationD2Ev
                0x0000000000004582                _ZN13configuration5writeEPKc
                0x000000000000571e                _ZN13configuration5checkEv
                0x000000000000584e                _ZN13configuration4initEv
                0x0000000000005c16                _ZN13configuration11parse_floatEPciPf
                0x0000000000005e98                _ZN13configuration10parse_boolEPciPb
                0x0000000000005ed4                _ZN13configuration9parse_intEPciPi
                0x0000000000005f2c                _ZN13configuration11parse_shortEPciPs
                0x0000000000005f78                _ZN13configuration7parse_aEPciS0_i
                0x0000000000005fe6                _ZN13configuration8parse_ulEPciPm
                0x0000000000006090                _ZN13configuration5parseEPc
                0x0000000000006cbe                _ZN13configuration4readEPKc
                0x0000000000006f14                _ZN13configuration9read_skinEv
                0x0000000000006faa                _ZN13configuration7km_saveEv
                0x0000000000007182                _ZN13configuration11EEPROM_initEv
 .text          0x00000000000073de       0x6e ./debug.o
                0x00000000000073de                _ZN9debuggingC1Ev
                0x00000000000073de                _ZN9debuggingC2Ev
                0x00000000000073e0                _ZN9debuggingD1Ev
                0x00000000000073e0                _ZN9debuggingD2Ev
                0x00000000000073e2                _ZN9debugging7sprintpEPKc
                0x000000000000740c                _ZN9debugging9sprintlnpEPKc
                0x000000000000743e                _ZN9debugging11parse_floatEiPciii
                0x0000000000007440                _ZN9debugging9parse_intEv
                0x0000000000007442                _ZN9debugging5parseEiPc
                0x0000000000007444                _ZN9debugging7parse_aEiPc
                0x0000000000007446                _ZN9debugging8parse_ulEim
                0x0000000000007448                _ZN9debugging11speedo_loopEiimPKc
                0x000000000000744a                _ZN9debugging4loopEv
 .text          0x000000000000744c     0x187c ./display.o
                0x0000000000007462                _ZN11speedo_dispC1Ev
                0x0000000000007462                _ZN11speedo_dispC2Ev
                0x0000000000007468                _ZN11speedo_dispD2Ev
                0x0000000000007468                _ZN11speedo_dispD1Ev
                0x000000000000746a                _ZN11speedo_disp8draw_oilEhh
                0x0000000000007734                _ZN11speedo_disp8draw_airEhh
                0x000000000000783e                _ZN11speedo_disp9draw_fuelEhh
                0x0000000000007968                _ZN11speedo_disp10draw_clockEhh
                0x0000000000007a92                _ZN11speedo_disp12draw_blitzerEhh
                0x0000000000007d0c                _ZN11speedo_disp10draw_arrowEiii
                0x00000000000082e8                _ZN11speedo_disp6sd2ssdEPc
                0x0000000000008468                _ZN11speedo_disp11show_storryEPcjS0_j
                0x0000000000008704                _ZN11speedo_disp14show_animationEPKc
                0x0000000000008a5a                _ZN11speedo_disp12disp_waitingEihh
                0x0000000000008b0e                _ZN11speedo_disp9animationEi
                0x0000000000008b80                _ZN11speedo_disp11init_speedoEv
 .text          0x0000000000008cc8      0x292 ./dz.o
                0x0000000000008cc8                _Z6helperv
                0x0000000000008ce2                _ZN9speedo_dzC2Ev
                0x0000000000008ce2                _ZN9speedo_dzC1Ev
                0x0000000000008ce4                _ZN9speedo_dz7counterEv
                0x0000000000008cf4                _ZN9speedo_dz4calcEv
                0x0000000000008f10                _ZN9speedo_dz4initEv
 .text          0x0000000000008f5a      0xa74 ./file_manager.o
                0x0000000000008f70                _ZN6SdFile7makeDirEPS_PKc
                0x0000000000008f78                _ZN18speedo_filemanagerC2Ev
                0x0000000000008f78                _ZN18speedo_filemanagerC1Ev
                0x0000000000008f94                _ZN18speedo_filemanagerD1Ev
                0x0000000000008f94                _ZN18speedo_filemanagerD2Ev
                0x0000000000008fac                _ZN18speedo_filemanager2cdEPc
                0x00000000000090b4                _ZN18speedo_filemanager9recv_fileEPc
                0x000000000000935a                _ZN18speedo_filemanager9send_fileEPc
                0x000000000000943c                _ZN18speedo_filemanager2lsEv
                0x0000000000009446                _ZN18speedo_filemanager5mkdirEPc
                0x0000000000009480                _ZN18speedo_filemanager2rmEPc
                0x00000000000094f0                _ZN18speedo_filemanager5rmdirEv
                0x0000000000009510                _ZN18speedo_filemanager12get_filenameEPc
                0x000000000000957e                _ZN18speedo_filemanager3runEv
 .text          0x00000000000099ce      0x24c ./fuel.o
                0x00000000000099ce                _ZN11speedo_fuelC1Ev
                0x00000000000099ce                _ZN11speedo_fuelC2Ev
                0x00000000000099d0                _ZN11speedo_fuelD2Ev
                0x00000000000099d0                _ZN11speedo_fuelD1Ev
                0x00000000000099d2                _ZN11speedo_fuel8get_fuelEPc
                0x0000000000009bfe                _ZN11speedo_fuel4initEv
 .text          0x0000000000009c1a      0x6fc ./gear.o
                0x0000000000009c1a                _ZN11speedo_gearC2Ev
                0x0000000000009c1a                _ZN11speedo_gearC1Ev
                0x0000000000009c1c                _ZN11speedo_gearD1Ev
                0x0000000000009c1c                _ZN11speedo_gearD2Ev
                0x0000000000009c1e                _ZN11speedo_gear4initEv
                0x0000000000009c46                _ZN11speedo_gear4calcEv
                0x0000000000009eaa                _ZN11speedo_gear3getEv
                0x0000000000009ec2                _ZN11speedo_gear9calibrateEv
 .text          0x000000000000a316     0x1fc4 ./gps.o
                0x000000000000a32c                _ZN10speedo_gpsC1Ev
                0x000000000000a32c                _ZN10speedo_gpsC2Ev
                0x000000000000a32e                _ZN10speedo_gpsD1Ev
                0x000000000000a32e                _ZN10speedo_gpsD2Ev
                0x000000000000a330                _ZN10speedo_gps9recv_dataEv
                0x000000000000a484                __vector_36
                0x000000000000a4e0                _ZN10speedo_gps8get_infoEi
                0x000000000000a640                _ZN10speedo_gps11store_to_sdEv
                0x000000000000a70e                _ZN10speedo_gps3modEmm
                0x000000000000a794                _ZN10speedo_gps11nmea_to_decEm
                0x000000000000a852                _ZN10speedo_gps9calc_distEmm
                0x000000000000aade                _ZN10speedo_gps9get_orderEPc
                0x000000000000ad5e                _ZN10speedo_gps18generate_new_orderEv
                0x000000000000b118                _ZN10speedo_gps9calc_naviEv
                0x000000000000b5aa                _ZN10speedo_gps5parseEPci
                0x000000000000bcf0                _ZN10speedo_gps10check_flagEv
                0x000000000000bd48                _ZN10speedo_gps4loopEv
                0x000000000000c02a                _ZN10speedo_gps17get_logged_pointsEPci
                0x000000000000c1a6                _ZN10speedo_gps8SendByteEh
                0x000000000000c1b4                _ZN10speedo_gps10SendStringEPKc
                0x000000000000c1e6                _ZN10speedo_gps4initEv
 .text          0x000000000000c2da       0x3e ./helper.o
                0x000000000000c2da                __cxa_pure_virtual
                0x000000000000c2de                _Znwj
                0x000000000000c2e4                _ZdlPv
                0x000000000000c2ea                _Znaj
                0x000000000000c2f0                _ZdaPv
                0x000000000000c2fa                _Z19__cxa_guard_acquirePx
                0x000000000000c30e                _Z19__cxa_guard_releasePx
                0x000000000000c316                _Z17__cxa_guard_abortPx
 .text          0x000000000000c318      0x3f6 ./main.o
                0x000000000000c318                main
 .text          0x000000000000c70e     0x5d96 ./menu.o
                0x000000000000c724                _ZN11speedo_menuC2Ev
                0x000000000000c724                _ZN11speedo_menuC1Ev
                0x000000000000c726                _ZN11speedo_menuD2Ev
                0x000000000000c726                _ZN11speedo_menuD1Ev
                0x000000000000c728                _ZN11speedo_menu4backEv
                0x000000000000c828                _ZN11speedo_menu5yesnoEPKcS1_S1_
                0x000000000000c96e                _ZN11speedo_menu4drawEPPKci
                0x000000000000cc46                _ZN11speedo_menu11button_testEb
                0x000000000000d1ec                _ZN11speedo_menu4initEv
                0x000000000000d274                _ZN11speedo_menu11set_buttonsEbbbb
                0x000000000000d284                _ZN11speedo_menu9center_meEPci
                0x000000000000d3ca                _ZN11speedo_menu7displayEv
                0x0000000000012408                _ZN11speedo_menu8del_confEPcS0_
 .text          0x00000000000124a4       0xd4 ./oiler.o
                0x00000000000124a4                _ZN12speedo_oilerC2Ev
                0x00000000000124a4                _ZN12speedo_oilerC1Ev
                0x00000000000124a6                _ZN12speedo_oilerD2Ev
                0x00000000000124a6                _ZN12speedo_oilerD1Ev
                0x00000000000124a8                _ZN12speedo_oiler4initEv
                0x00000000000124ca                _ZN12speedo_oiler12send_impulseEv
                0x000000000001251a                _ZN12speedo_oiler11check_valueEv
 .text          0x0000000000012578      0x2a6 ./reset.o
                0x0000000000012578                _ZN12speedo_resetC1Ev
                0x0000000000012578                _ZN12speedo_resetC2Ev
                0x000000000001257a                _ZN12speedo_resetD2Ev
                0x000000000001257a                _ZN12speedo_resetD1Ev
                0x000000000001257c                _ZN12speedo_reset10set_activeEbb
                0x00000000000125c6                _ZN12speedo_reset12set_deactiveEbb
                0x000000000001260e                _ZN12speedo_reset7restoreEv
                0x000000000001262a                _ZN12speedo_reset6toggleEv
                0x0000000000012688                _ZN12speedo_reset9ask_resetEv
                0x000000000001278e                _ZN12speedo_reset4initEv
 .text          0x000000000001281e      0x182 ./sd.o
                0x000000000001281e                _ZN8SdVolume4initEP7Sd2Card
                0x000000000001284c                _ZN9speedo_sdC1Ev
                0x000000000001284c                _ZN9speedo_sdC2Ev
                0x0000000000012868                _ZN9speedo_sdD1Ev
                0x0000000000012868                _ZN9speedo_sdD2Ev
                0x000000000001286a                _ZN9speedo_sd7error_PEPKc
                0x00000000000128c0                _ZN9speedo_sd9writeCRLFER6SdFile
                0x00000000000128d0                _ZN9speedo_sd11writeStringER6SdFilePc
                0x00000000000128f0                _ZN9speedo_sd4initEv
 .text          0x00000000000129a0      0x258 ./sensors.o
                0x00000000000129a0                _ZN14Speedo_sensorsC1Ev
                0x00000000000129a0                _ZN14Speedo_sensorsC2Ev
                0x0000000000012a7a                _ZN14Speedo_sensorsD2Ev
                0x0000000000012a7a                _ZN14Speedo_sensorsD1Ev
                0x0000000000012a7c                _ZN14Speedo_sensors4initEv
                0x0000000000012af0                _ZN14Speedo_sensors6flatItEiPsif
 .text          0x0000000000012bf8      0x7f8 ./speed.o
                0x0000000000012bf8                _ZN12speedo_speedC2Ev
                0x0000000000012bf8                _ZN12speedo_speedC1Ev
                0x0000000000012bfa                _ZN12speedo_speedD2Ev
                0x0000000000012bfa                _ZN12speedo_speedD1Ev
                0x0000000000012bfc                _ZN12speedo_speed4calcEv
                0x0000000000012db2                _Z12helper_speedv
                0x0000000000012dc4                _ZN12speedo_speed4initEv
                0x0000000000012e0a                _ZN12speedo_speed8getSpeedEv
                0x0000000000012e84                _ZN12speedo_speed13get_sat_speedEv
                0x0000000000012ec0                _ZN12speedo_speed13get_mag_speedEv
                0x0000000000012ec8                _ZN12speedo_speed12check_umfangEv
 .text          0x00000000000133f0     0x1650 ./speedo.o
                0x00000000000133f0                _ZN13speedo_speedo9reset_bakEv
                0x0000000000013406                _ZN13speedo_speedo4loopEm
 .text          0x0000000000014a40      0x4f6 ./sprint.o
                0x0000000000014a40                _ZN13speedo_sprintC2Ev
                0x0000000000014a40                _ZN13speedo_sprintC1Ev
                0x0000000000014a5e                _ZN13speedo_sprintD2Ev
                0x0000000000014a5e                _ZN13speedo_sprintD1Ev
                0x0000000000014a60                _ZN13speedo_sprint4initEv
                0x0000000000014a7e                _ZN13speedo_sprint4loopEv
 .text          0x0000000000014f36      0x118 ./stepper.o
                0x0000000000014f36                _ZN14speedo_stepperC2Ev
                0x0000000000014f36                _ZN14speedo_stepperC1Ev
                0x0000000000014f38                _ZN14speedo_stepperD2Ev
                0x0000000000014f38                _ZN14speedo_stepperD1Ev
                0x0000000000014f3a                _ZN14speedo_stepper5go_toEii
                0x000000000001500a                _ZN14speedo_stepper4initEv
 .text          0x000000000001504e      0x340 ./temperature.o
                0x000000000001504e                _ZN18speedo_temperatureC1Ev
                0x000000000001504e                _ZN18speedo_temperatureC2Ev
                0x0000000000015050                _ZN18speedo_temperatureD1Ev
                0x0000000000015050                _ZN18speedo_temperatureD2Ev
                0x0000000000015052                _ZN18speedo_temperature4initEv
                0x0000000000015096                _ZN18speedo_temperature13read_oil_tempEv
                0x0000000000015202                _ZN18speedo_temperature13read_air_tempEv
                0x00000000000152e0                _ZN18speedo_temperature12get_air_tempEv
                0x00000000000152fa                _ZN18speedo_temperature12get_oil_tempEv
 .text          0x000000000001538e     0x10a6 ./tetris.o
                0x000000000001538e                _ZN6tetrisC1Ev
                0x000000000001538e                _ZN6tetrisC2Ev
                0x0000000000015390                _ZN6tetrisD2Ev
                0x0000000000015390                _ZN6tetrisD1Ev
                0x0000000000015392                _ZN6tetris22copy_element_to_bufferEi
                0x0000000000015442                _ZN6tetris11new_elementEv
                0x000000000001553e                _ZN6tetris4initEv
                0x000000000001558a                _ZN6tetris13initDrawFieldEv
                0x0000000000015718                _ZN6tetris11updateFieldEv
                0x000000000001584a                _ZN6tetris11check_stackEv
                0x0000000000015bf8                _ZN6tetris4loopEv
                0x000000000001634e                _ZN6tetris3runEv
                0x0000000000016386                _ZN6tetris19show_grid_on_serialEv
 .text          0x0000000000016434      0x280 ./timer.o
                0x0000000000016434                _ZN12speedo_timerC2Ev
                0x0000000000016434                _ZN12speedo_timerC1Ev
                0x000000000001646e                _ZN12speedo_timerD2Ev
                0x000000000001646e                _ZN12speedo_timerD1Ev
                0x0000000000016470                _Z8ram_infov
                0x000000000001649c                _ZN12speedo_timer9every_secEP13configuration
                0x0000000000016552                _ZN12speedo_timer10every_qsecEv
                0x0000000000016598                _ZN12speedo_timer12every_customEv
 .text          0x00000000000166b4      0x278 ./voltage.o
                0x00000000000166b4                _ZN14speedo_voltageC2Ev
                0x00000000000166b4                _ZN14speedo_voltageC1Ev
                0x00000000000166b6                _ZN14speedo_voltageD2Ev
                0x00000000000166b6                _ZN14speedo_voltageD1Ev
                0x00000000000166b8                _ZN14speedo_voltage4calcEv
                0x00000000000167c0                _ZN14speedo_voltage3getEv
                0x00000000000167d4                _ZN14speedo_voltage4initEv
                0x00000000000167f0                _ZN14speedo_voltage4loopEv
 .text          0x000000000001692c       0x12 ./inc/EEPROM.o
                0x000000000001692c                _ZN11EEPROMClass4readEi
                0x0000000000016934                _ZN11EEPROMClass5writeEih
 .text          0x000000000001693e      0x8ec ./inc/Sd2Card.o
                0x0000000000016974                _ZN7Sd2Card14chipSelectHighEv
                0x0000000000016980                _ZN7Sd2Card13chipSelectLowEv
                0x000000000001699a                _ZN7Sd2Card8readDataEPhj
                0x00000000000169f2                _ZN7Sd2Card10setSckRateEh
                0x0000000000016a06                _ZN7Sd2Card11waitNotBusyEj
                0x0000000000016a3e                _ZN7Sd2Card11cardCommandEhm
                0x0000000000016ad8                _ZN7Sd2Card8cardAcmdEhm
                0x0000000000016b16                _ZN7Sd2Card4initEhh
                0x0000000000016c8a                _ZN7Sd2Card14waitStartBlockEv
                0x0000000000016cd8                _ZN7Sd2Card12readRegisterEhPv
                0x0000000000016d24                _ZN7Sd2Card7readCSDEP5csd_t
                0x0000000000016d2e                _ZN7Sd2Card22eraseSingleBlockEnableEv
                0x0000000000016d6a                _ZN7Sd2Card5eraseEmm
                0x0000000000016e9e                _ZN7Sd2Card8cardSizeEv
                0x0000000000016fa6                _ZN7Sd2Card9readBlockEmPh
                0x000000000001701c                _ZN7Sd2Card9writeDataEhPKh
                0x0000000000017080                _ZN7Sd2Card9writeDataEPKh
                0x00000000000170cc                _ZN7Sd2Card10writeBlockEmPKh
                0x000000000001716e                _ZN7Sd2Card10writeStartEmm
                0x00000000000171e2                _ZN7Sd2Card9writeStopEv
 .text          0x000000000001722a      0x466 ./inc/SdFat.o
                0x000000000001726e                _ZN5SdFat5chdirEv
                0x00000000000172a0                _ZN5SdFat5chdirEPKc
                0x0000000000017384                _ZN5SdFat10errorPrintEv
                0x00000000000173b4                _ZN5SdFat9errorHaltEv
                0x00000000000173ba                _ZN5SdFat10errorPrintEPKc
                0x00000000000173e8                _ZN5SdFat9errorHaltEPKc
                0x00000000000173ee                _ZN5SdFat12errorPrint_PEPKc
                0x0000000000017418                _ZN5SdFat11errorHalt_PEPKc
                0x000000000001741e                _ZN5SdFat6existsEPKc
                0x0000000000017426                _ZN5SdFat4initEhh
                0x000000000001745e                _ZN5SdFat14initErrorPrintEv
                0x00000000000174ae                _ZN5SdFat13initErrorHaltEv
                0x00000000000174b4                _ZN5SdFat2lsEh
                0x00000000000174c4                _ZN5SdFat2lsEP5Printh
                0x00000000000174ce                _ZN5SdFat5mkdirEPKcb
                0x000000000001752e                _ZN5SdFat6removeEPKc
                0x0000000000017536                _ZN5SdFat6renameEPKcS1_
                0x00000000000175b4                _ZN5SdFat5rmdirEPKc
                0x0000000000017616                _ZN5SdFat8truncateEPKcm
 .text          0x0000000000017690       0x94 ./inc/SdFatUtil.o
                0x0000000000017690                _ZN9SdFatUtil7FreeRamEv
                0x00000000000176ca                _ZN9SdFatUtil7print_PEP5PrintPKc
                0x00000000000176f6                _ZN9SdFatUtil9println_PEP5PrintPKc
                0x000000000001770c                _ZN9SdFatUtil13SerialPrint_PEPKc
                0x0000000000017718                _ZN9SdFatUtil15SerialPrintln_PEPKc
 .text          0x0000000000017724     0x2772 ./inc/SdFile.o
                0x0000000000017750                _ZN8SdVolume9fatPutEOCEm
                0x0000000000017766                _ZN6SdFile10addClusterEv
                0x00000000000177ba                _ZN6SdFile13addDirClusterEv
                0x00000000000178d8                _ZN6SdFile13cacheDirEntryEh
                0x0000000000017914                _ZN6SdFile15contiguousRangeEPmS0_
                0x0000000000017a78                _ZN6SdFile7dirNameERK14directoryEntryPc
                0x0000000000017ab4                _ZN6SdFile11getFilenameEPc
                0x0000000000017aec                _ZN6SdFile6getposEP6fpos_t
                0x0000000000017b1a                _ZN6SdFile10make83NameEPKcPhPS1_
                0x0000000000017b9c                _ZN6SdFile8openRootEP8SdVolume
                0x0000000000017c42                _ZN6SdFile12printDirNameEP5PrintRK14directoryEntryhb
                0x0000000000017cd2                _ZN6SdFile12printDirNameERK14directoryEntryhb
                0x0000000000017ce6                _ZN6SdFile12printFatDateEP5Printj
                0x0000000000017d44                _ZN6SdFile12printFatDateEj
                0x0000000000017d50                _ZN6SdFile12printFatTimeEP5Printj
                0x0000000000017daa                _ZN6SdFile12printFatTimeEj
                0x0000000000017db6                _ZN6SdFile9printNameEv
                0x0000000000017e04                _ZN6SdFile4readEPvj
                0x0000000000018068                _ZN6SdFile4readEv
                0x000000000001809a                _ZN6SdFile4peekEv
                0x00000000000180f2                _ZN6SdFile11lsPrintNextEP5Printhh
                0x0000000000018278                _ZN6SdFile5fgetsEPciS0_
                0x000000000001834e                _ZN6SdFile7readDirEP14directoryEntry
                0x00000000000183ba                _ZN6SdFile12readDirCacheEv
                0x0000000000018432                _ZN6SdFile7seekSetEm
                0x000000000001856a                _ZN6SdFile7seekEndEl
                0x000000000001858a                _ZN6SdFile6rewindEv
                0x0000000000018596                _ZN6SdFile6setposEP6fpos_t
                0x00000000000185c2                _ZN6SdFile4syncEv
                0x0000000000018658                _ZN6SdFile8dirEntryEP14directoryEntry
                0x000000000001869e                _ZN6SdFile5closeEv
                0x00000000000186d0                _ZN6SdFile9timestampEhjhhhhh
                0x0000000000018804                _ZN6SdFile8truncateEm
                0x0000000000018972                _ZN6SdFile6removeEv
                0x00000000000189a8                _ZN6SdFile5rmdirEv
                0x0000000000018a38                _ZN6SdFile15openCachedEntryEhh
                0x0000000000018b48                _ZN6SdFile8openNextEPS_h
                0x0000000000018be2                _ZN6SdFile4openEPS_jh
                0x0000000000018c68                _ZN6SdFile8rmRfStarEv
                0x0000000000018db0                _ZN6SdFile2lsEP5Printhh
                0x0000000000018eb6                _ZN6SdFile2lsEh
                0x0000000000018ec4                _ZN6SdFile10openParentEPS_
                0x00000000000190c8                _ZN6SdFile4openEPS_PKhh
                0x000000000001925c                _ZN6SdFile4openEPS_PKch
                0x00000000000193fa                _ZN6SdFile6removeEPS_PKc
                0x0000000000019462                _ZN6SdFile4openEPKch
                0x0000000000019476                _ZN6SdFileC1EPKch
                0x0000000000019476                _ZN6SdFileC2EPKch
                0x000000000001948a                _ZN6SdFile6existsEPKc
                0x00000000000194e6                _ZN6SdFile16createContiguousEPS_PKcm
                0x0000000000019578                _ZN6SdFile5mkdirEPS_PKh
                0x0000000000019702                _ZN6SdFile5mkdirEPS_PKcb
                0x00000000000198b8                _ZN6SdFile6renameEPS_PKc
                0x0000000000019aba                _ZN6SdFile5writeEPKvj
                0x0000000000019e10                _ZN6SdFile5writeEPKc
                0x0000000000019e28                _ZN6SdFile5writeEh
                0x0000000000019e4a                _ZN6SdFile7write_PEPKc
                0x0000000000019e7c                _ZN6SdFile9writeln_PEPKc
 .text          0x0000000000019e96      0x2d0 ./inc/SdStream.o
                0x0000000000019e96                _ZN6SdFile7seekCurEl
                0x0000000000019eb6                _ZN6SdBase5getchEv
                0x0000000000019f72                _ZN6SdBase4openEPKch
                0x000000000001a034                _ZN6SdBase5putchEc
                0x000000000001a094                _ZN6SdBase6putstrEPKc
                0x000000000001a116                _ZN6SdBase7seekoffElN8ios_base7seekdirE
                0x000000000001a160                _ZN6SdBase7seekposEm
 .text          0x000000000001a166      0xaa8 ./inc/SdVolume.o
                0x000000000001a166                _ZN8SdVolume10cacheFlushEv
                0x000000000001a1e0                _ZN8SdVolume13cacheRawBlockEmh
                0x000000000001a266                _ZNK8SdVolume6fatGetEmPm
                0x000000000001a368                _ZNK8SdVolume9chainSizeEmPm
                0x000000000001a450                _ZN8SdVolume6fatPutEmm
                0x000000000001a590                _ZN8SdVolume15allocContiguousEmPm
                0x000000000001a7b4                _ZN8SdVolume9freeChainEm
                0x000000000001a86e                _ZN8SdVolume16freeClusterCountEv
                0x000000000001a9a4                _ZN8SdVolume4initEP7Sd2Cardh
 .text          0x000000000001ac0e      0x20e ./inc/Wire.o
                0x000000000001ac0e                _ZN7TwoWire16onReceiveServiceEPhi
                0x000000000001ac5e                _ZN7TwoWire16onRequestServiceEv
                0x000000000001ac76                _ZN7TwoWireC2Ev
                0x000000000001ac76                _ZN7TwoWireC1Ev
                0x000000000001ac78                _ZN7TwoWire5beginEv
                0x000000000001ac8e                _ZN7TwoWire5beginEh
                0x000000000001acb6                _ZN7TwoWire5beginEi
                0x000000000001acbc                _ZN7TwoWire11requestFromEhh
                0x000000000001acd6                _ZN7TwoWire11requestFromEii
                0x000000000001acdc                _ZN7TwoWire17beginTransmissionEh
                0x000000000001acf0                _ZN7TwoWire17beginTransmissionEi
                0x000000000001acf6                _ZN7TwoWire15endTransmissionEv
                0x000000000001ad16                _ZN7TwoWire4sendEh
                0x000000000001ad5e                _ZN7TwoWire4sendEPhh
                0x000000000001adba                _ZN7TwoWire4sendEPc
                0x000000000001add2                _ZN7TwoWire4sendEi
                0x000000000001add8                _ZN7TwoWire9availableEv
                0x000000000001ade4                _ZN7TwoWire7receiveEv
                0x000000000001ae06                _ZN7TwoWire9onReceiveEPFviE
                0x000000000001ae10                _ZN7TwoWire9onRequestEPFvvE
 .text          0x000000000001ae1c      0xd82 ./inc/istream.o
                0x000000000001ae1c                _ZN7istream5getchEP6fpos_t
                0x000000000001ae42                _ZN7istream3getEv
                0x000000000001ae86                _ZN7istream3getERc
                0x000000000001aea6                _ZN7istream3getEPcmc
                0x000000000001afc0                _ZN7istream7getlineEPcmc
                0x000000000001b0fa                _ZN7istream6ignoreEmi
                0x000000000001b162                _ZN7istream4peekEv
                0x000000000001b216                _ZN7istream8readSkipEv
                0x000000000001b25c                _ZN7istream6getStrEPc
                0x000000000001b3b2                _ZN7istream9getNumberEmmPm
                0x000000000001b640                _ZN7istream8getFloatEPf
                0x000000000001b99a                _ZN7istream7getCharEPc
                0x000000000001b9d4                _ZN7istream9skipWhiteEv
                0x000000000001ba46                _ZN7istream9getNumberIbEEvPT_
                0x000000000001bab2                _ZN7istream7getBoolEPb
 .text          0x000000000001bb9e      0x670 ./inc/ostream.o
                0x000000000001bb9e                _ZN7ostream7do_fillEj
                0x000000000001bbee                _ZN7ostream13fill_not_leftEj
                0x000000000001bc16                _ZN7ostream6fmtNumEmPch
                0x000000000001bcb2                _ZN7ostream7putCharEc
                0x000000000001bce6                _ZN7ostream6putNumEmb
                0x000000000001be50                _ZN7ostream6putNumEl
                0x000000000001be8e                _ZN7ostream6putPgmERK3pgm
                0x000000000001bee4                _ZN7ostream9putDoubleEd
                0x000000000001c162                _ZN7ostream7putBoolEb
                0x000000000001c1c2                _ZN7ostream6putStrEPKc
 .text          0x000000000001c20e        0x0 ./inc/pins_arduino.o
 .text          0x000000000001c20e     0x1bec ./inc/ssd0323.o
                0x000000000001c20e                _ZN7ssd032310senden_spiEh
                0x000000000001c232                _ZN7ssd032312send_commandEh
                0x000000000001c23c                _ZN7ssd03239send_charEh
                0x000000000001c244                _ZN7ssd032312clear_screenEv
                0x000000000001c298                _ZN7ssd032310set2pixelsEhhhh
                0x000000000001c314                _ZN7ssd03234lineEhhhhh
                0x000000000001c7f4                _ZN7ssd032314zeichen_big_1xEPhhiiiih
                0x000000000001ca94                _ZN7ssd032316zeichen_small_1xEPhhiiiih
                0x000000000001cc40                _ZN7ssd032316zeichen_small_2xEPhhiiiih
                0x000000000001ce52                _ZN7ssd032316zeichen_small_3xEPhhiiiih
                0x000000000001d0f8                _ZN7ssd032316zeichen_small_4xEPhhiiiih
                0x000000000001d362                _ZN7ssd03236stringEsPKchhhhh
                0x000000000001d984                _ZN7ssd03236stringEsPKchh
                0x000000000001d9a2                _ZN7ssd03238string_PEsPKchhhhh
                0x000000000001da40                _ZN7ssd03238string_PEsPKchh
                0x000000000001da5e                _ZN7ssd032311filled_rectEhhhhh
                0x000000000001db34                _ZN7ssd032313highlight_barEhhhh
                0x000000000001dc2a                _ZN7ssd03234initEhh
                0x000000000001ddf8                _ZN7ssd0323C1Ev
                0x000000000001ddf8                _ZN7ssd0323C2Ev
 .text          0x000000000001ddfa      0x446 ./inc/twi.o
                0x000000000001ddfa                twi_init
                0x000000000001de20                twi_setAddress
                0x000000000001de28                twi_readFrom
                0x000000000001de94                twi_writeTo
                0x000000000001df14                twi_transmit
                0x000000000001df48                twi_attachSlaveRxEvent
                0x000000000001df52                twi_attachSlaveTxEvent
                0x000000000001df5c                twi_reply
                0x000000000001df6c                twi_stop
                0x000000000001df80                twi_releaseBus
                0x000000000001df8c                __vector_39
 .text          0x000000000001e240        0x0 /home/jkw/Store/17 - Speedmaster/Firmware/inc/libArduinoCore2560.a(WInterrupts.c.o)
 .text          0x000000000001e240        0x0 /home/jkw/Store/17 - Speedmaster/Firmware/inc/libArduinoCore2560.a(wiring.c.o)
 .text          0x000000000001e240        0x0 /home/jkw/Store/17 - Speedmaster/Firmware/inc/libArduinoCore2560.a(wiring_analog.c.o)
 .text          0x000000000001e240        0x0 /home/jkw/Store/17 - Speedmaster/Firmware/inc/libArduinoCore2560.a(wiring_digital.c.o)
 .text          0x000000000001e240        0x0 /home/jkw/Store/17 - Speedmaster/Firmware/inc/libArduinoCore2560.a(HardwareSerial.cpp.o)
 .text          0x000000000001e240        0x0 /home/jkw/Store/17 - Speedmaster/Firmware/inc/libArduinoCore2560.a(Print.cpp.o)
 .text          0x000000000001e240        0x0 /home/jkw/Store/17 - Speedmaster/Firmware/inc/libArduinoCore2560.a(WString.cpp.o)
 .text          0x000000000001e240        0x0 /usr/lib/gcc/avr/4.5.3/../../../avr/lib/avr6/libc.a(malloc.o)
 .text          0x000000000001e240        0x0 /usr/lib/gcc/avr/4.5.3/../../../avr/lib/avr6/libc.a(exit.o)
 .text          0x000000000001e240        0x0 /usr/lib/gcc/avr/4.5.3/../../../avr/lib/avr6/libc.a(isalpha.o)
 .text          0x000000000001e240        0x0 /usr/lib/gcc/avr/4.5.3/../../../avr/lib/avr6/libc.a(isspace.o)
 .text          0x000000000001e240        0x0 /usr/lib/gcc/avr/4.5.3/../../../avr/lib/avr6/libc.a(tolower.o)
 .text          0x000000000001e240        0x0 /usr/lib/gcc/avr/4.5.3/../../../avr/lib/avr6/libc.a(toupper.o)
 .text          0x000000000001e240        0x0 /usr/lib/gcc/avr/4.5.3/../../../avr/lib/avr6/libc.a(strcmp_P.o)
 .text          0x000000000001e240        0x0 /usr/lib/gcc/avr/4.5.3/../../../avr/lib/avr6/libc.a(strcpy_P.o)
 .text          0x000000000001e240        0x0 /usr/lib/gcc/avr/4.5.3/../../../avr/lib/avr6/libc.a(strlen_P.o)
 .text          0x000000000001e240        0x0 /usr/lib/gcc/avr/4.5.3/../../../avr/lib/avr6/libc.a(memcmp.o)
 .text          0x000000000001e240        0x0 /usr/lib/gcc/avr/4.5.3/../../../avr/lib/avr6/libc.a(memcpy.o)
 .text          0x000000000001e240        0x0 /usr/lib/gcc/avr/4.5.3/../../../avr/lib/avr6/libc.a(memset.o)
 .text          0x000000000001e240        0x0 /usr/lib/gcc/avr/4.5.3/../../../avr/lib/avr6/libc.a(strcat.o)
 .text          0x000000000001e240        0x0 /usr/lib/gcc/avr/4.5.3/../../../avr/lib/avr6/libc.a(strchr.o)
 .text          0x000000000001e240        0x0 /usr/lib/gcc/avr/4.5.3/../../../avr/lib/avr6/libc.a(strcmp.o)
 .text          0x000000000001e240        0x0 /usr/lib/gcc/avr/4.5.3/../../../avr/lib/avr6/libc.a(strcpy.o)
 .text          0x000000000001e240        0x0 /usr/lib/gcc/avr/4.5.3/../../../avr/lib/avr6/libc.a(strncmp.o)
 .text          0x000000000001e240        0x0 /usr/lib/gcc/avr/4.5.3/../../../avr/lib/avr6/libc.a(strncpy.o)
 .text          0x000000000001e240        0x0 /usr/lib/gcc/avr/4.5.3/../../../avr/lib/avr6/libc.a(strrchr.o)
 .text          0x000000000001e240        0x0 /usr/lib/gcc/avr/4.5.3/../../../avr/lib/avr6/libc.a(strstr.o)
 .text          0x000000000001e240        0x0 /usr/lib/gcc/avr/4.5.3/../../../avr/lib/avr6/libc.a(itoa.o)
 .text          0x000000000001e240        0x0 /usr/lib/gcc/avr/4.5.3/../../../avr/lib/avr6/libc.a(ltoa.o)
 .text          0x000000000001e240        0x0 /usr/lib/gcc/avr/4.5.3/../../../avr/lib/avr6/libc.a(ultoa.o)
 .text          0x000000000001e240        0x0 /usr/lib/gcc/avr/4.5.3/../../../avr/lib/avr6/libc.a(sprintf.o)
 .text          0x000000000001e240        0x0 /usr/lib/gcc/avr/4.5.3/../../../avr/lib/avr6/libc.a(addsf3.o)
 .text          0x000000000001e240        0x0 /usr/lib/gcc/avr/4.5.3/../../../avr/lib/avr6/libc.a(addsf3x.o)
 .text          0x000000000001e240        0x0 /usr/lib/gcc/avr/4.5.3/../../../avr/lib/avr6/libc.a(asin.o)
 .text          0x000000000001e240        0x0 /usr/lib/gcc/avr/4.5.3/../../../avr/lib/avr6/libc.a(cmpsf2.o)
 .text          0x000000000001e240        0x0 /usr/lib/gcc/avr/4.5.3/../../../avr/lib/avr6/libc.a(cos.o)
 .text          0x000000000001e240        0x0 /usr/lib/gcc/avr/4.5.3/../../../avr/lib/avr6/libc.a(divsf3.o)
 .text          0x000000000001e240        0x0 /usr/lib/gcc/avr/4.5.3/../../../avr/lib/avr6/libc.a(divsf3x.o)
 .text          0x000000000001e240        0x0 /usr/lib/gcc/avr/4.5.3/../../../avr/lib/avr6/libc.a(fixsfsi.o)
 .text          0x000000000001e240        0x0 /usr/lib/gcc/avr/4.5.3/../../../avr/lib/avr6/libc.a(fixunssfsi.o)
 .text          0x000000000001e240        0x0 /usr/lib/gcc/avr/4.5.3/../../../avr/lib/avr6/libc.a(floatsisf.o)
 .text          0x000000000001e240        0x0 /usr/lib/gcc/avr/4.5.3/../../../avr/lib/avr6/libc.a(floor.o)
 .text          0x000000000001e240        0x0 /usr/lib/gcc/avr/4.5.3/../../../avr/lib/avr6/libc.a(fp_arccos.o)
 .text          0x000000000001e240        0x0 /usr/lib/gcc/avr/4.5.3/../../../avr/lib/avr6/libc.a(fp_cmp.o)
 .text          0x000000000001e240        0x0 /usr/lib/gcc/avr/4.5.3/../../../avr/lib/avr6/libc.a(fp_inf.o)
 .text          0x000000000001e240        0x0 /usr/lib/gcc/avr/4.5.3/../../../avr/lib/avr6/libc.a(fp_mintl.o)
 .text          0x000000000001e240        0x0 /usr/lib/gcc/avr/4.5.3/../../../avr/lib/avr6/libc.a(fp_mpack.o)
 .text          0x000000000001e240        0x0 /usr/lib/gcc/avr/4.5.3/../../../avr/lib/avr6/libc.a(fp_nan.o)
 .text          0x000000000001e240        0x0 /usr/lib/gcc/avr/4.5.3/../../../avr/lib/avr6/libc.a(fp_powser.o)
 .text          0x000000000001e240        0x0 /usr/lib/gcc/avr/4.5.3/../../../avr/lib/avr6/libc.a(fp_powsodd.o)
 .text          0x000000000001e240        0x0 /usr/lib/gcc/avr/4.5.3/../../../avr/lib/avr6/libc.a(fp_pscA.o)
 .text          0x000000000001e240        0x0 /usr/lib/gcc/avr/4.5.3/../../../avr/lib/avr6/libc.a(fp_pscB.o)
 .text          0x000000000001e240        0x0 /usr/lib/gcc/avr/4.5.3/../../../avr/lib/avr6/libc.a(fp_rempio2.o)
 .text          0x000000000001e240        0x0 /usr/lib/gcc/avr/4.5.3/../../../avr/lib/avr6/libc.a(fp_round.o)
 .text          0x000000000001e240        0x0 /usr/lib/gcc/avr/4.5.3/../../../avr/lib/avr6/libc.a(fp_sinus.o)
 .text          0x000000000001e240        0x0 /usr/lib/gcc/avr/4.5.3/../../../avr/lib/avr6/libc.a(fp_split3.o)
 .text          0x000000000001e240        0x0 /usr/lib/gcc/avr/4.5.3/../../../avr/lib/avr6/libc.a(fp_trunc.o)
 .text          0x000000000001e240        0x0 /usr/lib/gcc/avr/4.5.3/../../../avr/lib/avr6/libc.a(fp_zero.o)
 .text          0x000000000001e240        0x0 /usr/lib/gcc/avr/4.5.3/../../../avr/lib/avr6/libc.a(gesf2.o)
 .text          0x000000000001e240        0x0 /usr/lib/gcc/avr/4.5.3/../../../avr/lib/avr6/libc.a(mulsf3.o)
 .text          0x000000000001e240        0x0 /usr/lib/gcc/avr/4.5.3/../../../avr/lib/avr6/libc.a(mulsf3x.o)
 .text          0x000000000001e240        0x0 /usr/lib/gcc/avr/4.5.3/../../../avr/lib/avr6/libc.a(pow.o)
 .text          0x000000000001e240        0x0 /usr/lib/gcc/avr/4.5.3/../../../avr/lib/avr6/libc.a(sin.o)
 .text          0x000000000001e240        0x0 /usr/lib/gcc/avr/4.5.3/../../../avr/lib/avr6/libc.a(sqrt.o)
 .text          0x000000000001e240        0x0 /usr/lib/gcc/avr/4.5.3/../../../avr/lib/avr6/libc.a(vfprintf_std.o)
 .text          0x000000000001e240        0x0 /usr/lib/gcc/avr/4.5.3/../../../avr/lib/avr6/libc.a(eerd_byte_atmega2560.o)
 .text          0x000000000001e240        0x0 /usr/lib/gcc/avr/4.5.3/../../../avr/lib/avr6/libc.a(eewr_byte_atmega2560.o)
 .text          0x000000000001e240        0x0 /usr/lib/gcc/avr/4.5.3/../../../avr/lib/avr6/libc.a(cty_isfalse.o)
 .text          0x000000000001e240        0x0 /usr/lib/gcc/avr/4.5.3/../../../avr/lib/avr6/libc.a(strnlen_P.o)
 .text          0x000000000001e240        0x0 /usr/lib/gcc/avr/4.5.3/../../../avr/lib/avr6/libc.a(strnlen.o)
 .text          0x000000000001e240        0x0 /usr/lib/gcc/avr/4.5.3/../../../avr/lib/avr6/libc.a(strrev.o)
 .text          0x000000000001e240        0x0 /usr/lib/gcc/avr/4.5.3/../../../avr/lib/avr6/libc.a(fputc.o)
 .text          0x000000000001e240        0x0 /usr/lib/gcc/avr/4.5.3/../../../avr/lib/avr6/libc.a(ultoa_invert.o)
 .text          0x000000000001e240        0x0 /usr/lib/gcc/avr/4.5.3/../../../avr/lib/avr6/libc.a(exp.o)
 .text          0x000000000001e240        0x0 /usr/lib/gcc/avr/4.5.3/../../../avr/lib/avr6/libc.a(fp_norm2.o)
 .text          0x000000000001e240        0x0 /usr/lib/gcc/avr/4.5.3/../../../avr/lib/avr6/libc.a(inverse.o)
 .text          0x000000000001e240        0x0 /usr/lib/gcc/avr/4.5.3/../../../avr/lib/avr6/libc.a(ldexp.o)
 .text          0x000000000001e240        0x0 /usr/lib/gcc/avr/4.5.3/../../../avr/lib/avr6/libc.a(log.o)
 .text          0x000000000001e240        0x0 /usr/lib/gcc/avr/4.5.3/../../../avr/lib/avr6/libc.a(modf.o)
 .text          0x000000000001e240        0x0 /usr/lib/gcc/avr/4.5.3/avr6/libgcc.a(_mulsi3.o)
 .text          0x000000000001e240        0x0 /usr/lib/gcc/avr/4.5.3/avr6/libgcc.a(_udivmodqi4.o)
 .text          0x000000000001e240        0x0 /usr/lib/gcc/avr/4.5.3/avr6/libgcc.a(_udivmodhi4.o)
 .text          0x000000000001e240        0x0 /usr/lib/gcc/avr/4.5.3/avr6/libgcc.a(_divmodhi4.o)
 .text          0x000000000001e240        0x0 /usr/lib/gcc/avr/4.5.3/avr6/libgcc.a(_udivmodsi4.o)
 .text          0x000000000001e240        0x0 /usr/lib/gcc/avr/4.5.3/avr6/libgcc.a(_divmodsi4.o)
 .text          0x000000000001e240        0x0 /usr/lib/gcc/avr/4.5.3/avr6/libgcc.a(_exit.o)
 .text          0x000000000001e240        0x0 /usr/lib/gcc/avr/4.5.3/avr6/libgcc.a(_copy_data.o)
 .text          0x000000000001e240        0x0 /usr/lib/gcc/avr/4.5.3/avr6/libgcc.a(_clear_bss.o)
 .text          0x000000000001e240        0x0 /usr/lib/gcc/avr/4.5.3/avr6/libgcc.a(_ctors.o)
 .text          0x000000000001e240        0x0 /usr/lib/gcc/avr/4.5.3/avr6/libgcc.a(_tablejump_elpm.o)
                0x000000000001e240                . = ALIGN (0x2)
 *(.text.*)
 .text.attachInterrupt
                0x000000000001e240       0xf8 /home/jkw/Store/17 - Speedmaster/Firmware/inc/libArduinoCore2560.a(WInterrupts.c.o)
                0x000000000001e240                attachInterrupt
 .text.detachInterrupt
                0x000000000001e338       0x58 /home/jkw/Store/17 - Speedmaster/Firmware/inc/libArduinoCore2560.a(WInterrupts.c.o)
                0x000000000001e338                detachInterrupt
 .text.__vector_1
                0x000000000001e390       0x62 /home/jkw/Store/17 - Speedmaster/Firmware/inc/libArduinoCore2560.a(WInterrupts.c.o)
                0x000000000001e390                __vector_1
 .text.__vector_2
                0x000000000001e3f2       0x62 /home/jkw/Store/17 - Speedmaster/Firmware/inc/libArduinoCore2560.a(WInterrupts.c.o)
                0x000000000001e3f2                __vector_2
 .text.__vector_3
                0x000000000001e454       0x62 /home/jkw/Store/17 - Speedmaster/Firmware/inc/libArduinoCore2560.a(WInterrupts.c.o)
                0x000000000001e454                __vector_3
 .text.__vector_4
                0x000000000001e4b6       0x62 /home/jkw/Store/17 - Speedmaster/Firmware/inc/libArduinoCore2560.a(WInterrupts.c.o)
                0x000000000001e4b6                __vector_4
 .text.__vector_5
                0x000000000001e518       0x62 /home/jkw/Store/17 - Speedmaster/Firmware/inc/libArduinoCore2560.a(WInterrupts.c.o)
                0x000000000001e518                __vector_5
 .text.__vector_6
                0x000000000001e57a       0x62 /home/jkw/Store/17 - Speedmaster/Firmware/inc/libArduinoCore2560.a(WInterrupts.c.o)
                0x000000000001e57a                __vector_6
 .text.__vector_7
                0x000000000001e5dc       0x62 /home/jkw/Store/17 - Speedmaster/Firmware/inc/libArduinoCore2560.a(WInterrupts.c.o)
                0x000000000001e5dc                __vector_7
 .text.__vector_8
                0x000000000001e63e       0x62 /home/jkw/Store/17 - Speedmaster/Firmware/inc/libArduinoCore2560.a(WInterrupts.c.o)
                0x000000000001e63e                __vector_8
 .text.__vector_23
                0x000000000001e6a0       0x90 /home/jkw/Store/17 - Speedmaster/Firmware/inc/libArduinoCore2560.a(wiring.c.o)
                0x000000000001e6a0                __vector_23
 .text.millis   0x000000000001e730       0x1c /home/jkw/Store/17 - Speedmaster/Firmware/inc/libArduinoCore2560.a(wiring.c.o)
                0x000000000001e730                millis
 .text.micros   0x000000000001e74c       0x4c /home/jkw/Store/17 - Speedmaster/Firmware/inc/libArduinoCore2560.a(wiring.c.o)
                0x000000000001e74c                micros
 .text.delay    0x000000000001e798       0x4c /home/jkw/Store/17 - Speedmaster/Firmware/inc/libArduinoCore2560.a(wiring.c.o)
                0x000000000001e798                delay
 .text.delayMicroseconds
                0x000000000001e7e4       0x14 /home/jkw/Store/17 - Speedmaster/Firmware/inc/libArduinoCore2560.a(wiring.c.o)
                0x000000000001e7e4                delayMicroseconds
 .text.init     0x000000000001e7f8       0xc4 /home/jkw/Store/17 - Speedmaster/Firmware/inc/libArduinoCore2560.a(wiring.c.o)
                0x000000000001e7f8                init
 .text.analogReference
                0x000000000001e8bc        0x6 /home/jkw/Store/17 - Speedmaster/Firmware/inc/libArduinoCore2560.a(wiring_analog.c.o)
                0x000000000001e8bc                analogReference
 .text.analogRead
                0x000000000001e8c2       0x68 /home/jkw/Store/17 - Speedmaster/Firmware/inc/libArduinoCore2560.a(wiring_analog.c.o)
                0x000000000001e8c2                analogRead
 .text.analogWrite
                0x000000000001e92a      0x178 /home/jkw/Store/17 - Speedmaster/Firmware/inc/libArduinoCore2560.a(wiring_analog.c.o)
                0x000000000001e92a                analogWrite
 .text.pinMode  0x000000000001eaa2       0x4c /home/jkw/Store/17 - Speedmaster/Firmware/inc/libArduinoCore2560.a(wiring_digital.c.o)
                0x000000000001eaa2                pinMode
 .text.digitalWrite
                0x000000000001eaee      0x122 /home/jkw/Store/17 - Speedmaster/Firmware/inc/libArduinoCore2560.a(wiring_digital.c.o)
                0x000000000001eaee                digitalWrite
 .text.digitalRead
                0x000000000001ec10      0x118 /home/jkw/Store/17 - Speedmaster/Firmware/inc/libArduinoCore2560.a(wiring_digital.c.o)
                0x000000000001ec10                digitalRead
 .text._Z10store_charhP11ring_buffer
                0x000000000001ed28       0x4e /home/jkw/Store/17 - Speedmaster/Firmware/inc/libArduinoCore2560.a(HardwareSerial.cpp.o)
                0x000000000001ed28                _Z10store_charhP11ring_buffer
 .text.__vector_25
                0x000000000001ed76       0x58 /home/jkw/Store/17 - Speedmaster/Firmware/inc/libArduinoCore2560.a(HardwareSerial.cpp.o)
                0x000000000001ed76                __vector_25
 .text.__vector_51
                0x000000000001edce       0x58 /home/jkw/Store/17 - Speedmaster/Firmware/inc/libArduinoCore2560.a(HardwareSerial.cpp.o)
                0x000000000001edce                __vector_51
 .text.__vector_54
                0x000000000001ee26       0x58 /home/jkw/Store/17 - Speedmaster/Firmware/inc/libArduinoCore2560.a(HardwareSerial.cpp.o)
                0x000000000001ee26                __vector_54
 .text._ZN14HardwareSerialC2EP11ring_bufferPVhS3_S3_S3_S3_hhhhh
                0x000000000001ee7e       0x60 /home/jkw/Store/17 - Speedmaster/Firmware/inc/libArduinoCore2560.a(HardwareSerial.cpp.o)
                0x000000000001ee7e                _ZN14HardwareSerialC2EP11ring_bufferPVhS3_S3_S3_S3_hhhhh
 .text._ZN14HardwareSerialC1EP11ring_bufferPVhS3_S3_S3_S3_hhhhh
                0x000000000001eede       0x60 /home/jkw/Store/17 - Speedmaster/Firmware/inc/libArduinoCore2560.a(HardwareSerial.cpp.o)
                0x000000000001eede                _ZN14HardwareSerialC1EP11ring_bufferPVhS3_S3_S3_S3_hhhhh
 .text._ZN14HardwareSerial5beginEl
                0x000000000001ef3e      0x1f2 /home/jkw/Store/17 - Speedmaster/Firmware/inc/libArduinoCore2560.a(HardwareSerial.cpp.o)
                0x000000000001ef3e                _ZN14HardwareSerial5beginEl
 .text._ZN14HardwareSerial3endEv
                0x000000000001f130       0x54 /home/jkw/Store/17 - Speedmaster/Firmware/inc/libArduinoCore2560.a(HardwareSerial.cpp.o)
                0x000000000001f130                _ZN14HardwareSerial3endEv
 .text._ZN14HardwareSerial9availableEv
                0x000000000001f184       0x28 /home/jkw/Store/17 - Speedmaster/Firmware/inc/libArduinoCore2560.a(HardwareSerial.cpp.o)
                0x000000000001f184                _ZN14HardwareSerial9availableEv
 .text._ZN14HardwareSerial4peekEv
                0x000000000001f1ac       0x34 /home/jkw/Store/17 - Speedmaster/Firmware/inc/libArduinoCore2560.a(HardwareSerial.cpp.o)
                0x000000000001f1ac                _ZN14HardwareSerial4peekEv
 .text._ZN14HardwareSerial4readEv
                0x000000000001f1e0       0x50 /home/jkw/Store/17 - Speedmaster/Firmware/inc/libArduinoCore2560.a(HardwareSerial.cpp.o)
                0x000000000001f1e0                _ZN14HardwareSerial4readEv
 .text._ZN14HardwareSerial5flushEv
                0x000000000001f230       0x18 /home/jkw/Store/17 - Speedmaster/Firmware/inc/libArduinoCore2560.a(HardwareSerial.cpp.o)
                0x000000000001f230                _ZN14HardwareSerial5flushEv
 .text._ZN14HardwareSerial5writeEh
                0x000000000001f248       0x26 /home/jkw/Store/17 - Speedmaster/Firmware/inc/libArduinoCore2560.a(HardwareSerial.cpp.o)
                0x000000000001f248                _ZN14HardwareSerial5writeEh
 .text._GLOBAL__I_rx_buffer
                0x000000000001f26e      0x13c /home/jkw/Store/17 - Speedmaster/Firmware/inc/libArduinoCore2560.a(HardwareSerial.cpp.o)
 .text._ZN5Print5writeEPKc
                0x000000000001f3aa       0x30 /home/jkw/Store/17 - Speedmaster/Firmware/inc/libArduinoCore2560.a(Print.cpp.o)
                0x000000000001f3aa                _ZN5Print5writeEPKc
 .text._ZN5Print5writeEPKhj
                0x000000000001f3da       0x3e /home/jkw/Store/17 - Speedmaster/Firmware/inc/libArduinoCore2560.a(Print.cpp.o)
                0x000000000001f3da                _ZN5Print5writeEPKhj
 .text._ZN5Print5printEPKc
                0x000000000001f418       0x10 /home/jkw/Store/17 - Speedmaster/Firmware/inc/libArduinoCore2560.a(Print.cpp.o)
                0x000000000001f418                _ZN5Print5printEPKc
 .text._ZN5Print5printERK6String
                0x000000000001f428       0x54 /home/jkw/Store/17 - Speedmaster/Firmware/inc/libArduinoCore2560.a(Print.cpp.o)
                0x000000000001f428                _ZN5Print5printERK6String
 .text._ZN5Print11printNumberEmh
                0x000000000001f47c      0x134 /home/jkw/Store/17 - Speedmaster/Firmware/inc/libArduinoCore2560.a(Print.cpp.o)
                0x000000000001f47c                _ZN5Print11printNumberEmh
 .text._ZN5Print5printEmi
                0x000000000001f5b0       0x1e /home/jkw/Store/17 - Speedmaster/Firmware/inc/libArduinoCore2560.a(Print.cpp.o)
                0x000000000001f5b0                _ZN5Print5printEmi
 .text._ZN5Print5printEji
                0x000000000001f5ce       0x22 /home/jkw/Store/17 - Speedmaster/Firmware/inc/libArduinoCore2560.a(Print.cpp.o)
                0x000000000001f5ce                _ZN5Print5printEji
 .text._ZN5Print5printEhi
                0x000000000001f5f0       0x24 /home/jkw/Store/17 - Speedmaster/Firmware/inc/libArduinoCore2560.a(Print.cpp.o)
                0x000000000001f5f0                _ZN5Print5printEhi
 .text._ZN5Print5printEli
                0x000000000001f614       0x6c /home/jkw/Store/17 - Speedmaster/Firmware/inc/libArduinoCore2560.a(Print.cpp.o)
                0x000000000001f614                _ZN5Print5printEli
 .text._ZN5Print5printEii
                0x000000000001f680       0x26 /home/jkw/Store/17 - Speedmaster/Firmware/inc/libArduinoCore2560.a(Print.cpp.o)
                0x000000000001f680                _ZN5Print5printEii
 .text._ZN5Print5printEci
                0x000000000001f6a6       0x28 /home/jkw/Store/17 - Speedmaster/Firmware/inc/libArduinoCore2560.a(Print.cpp.o)
                0x000000000001f6a6                _ZN5Print5printEci
 .text._ZN5Print7printlnEv
                0x000000000001f6ce       0x2e /home/jkw/Store/17 - Speedmaster/Firmware/inc/libArduinoCore2560.a(Print.cpp.o)
                0x000000000001f6ce                _ZN5Print7printlnEv
 .text._ZN5Print7printlnEmi
                0x000000000001f6fc       0x16 /home/jkw/Store/17 - Speedmaster/Firmware/inc/libArduinoCore2560.a(Print.cpp.o)
                0x000000000001f6fc                _ZN5Print7printlnEmi
 .text._ZN5Print7printlnEji
                0x000000000001f712       0x32 /home/jkw/Store/17 - Speedmaster/Firmware/inc/libArduinoCore2560.a(Print.cpp.o)
                0x000000000001f712                _ZN5Print7printlnEji
 .text._ZN5Print7printlnEhi
                0x000000000001f744       0x34 /home/jkw/Store/17 - Speedmaster/Firmware/inc/libArduinoCore2560.a(Print.cpp.o)
                0x000000000001f744                _ZN5Print7printlnEhi
 .text._ZN5Print7printlnEPKc
                0x000000000001f778       0x16 /home/jkw/Store/17 - Speedmaster/Firmware/inc/libArduinoCore2560.a(Print.cpp.o)
                0x000000000001f778                _ZN5Print7printlnEPKc
 .text._ZN5Print7printlnERK6String
                0x000000000001f78e       0x16 /home/jkw/Store/17 - Speedmaster/Firmware/inc/libArduinoCore2560.a(Print.cpp.o)
                0x000000000001f78e                _ZN5Print7printlnERK6String
 .text._ZN5Print7printlnEli
                0x000000000001f7a4       0x16 /home/jkw/Store/17 - Speedmaster/Firmware/inc/libArduinoCore2560.a(Print.cpp.o)
                0x000000000001f7a4                _ZN5Print7printlnEli
 .text._ZN5Print7printlnEii
                0x000000000001f7ba       0x36 /home/jkw/Store/17 - Speedmaster/Firmware/inc/libArduinoCore2560.a(Print.cpp.o)
                0x000000000001f7ba                _ZN5Print7printlnEii
 .text._ZN5Print7printlnEci
                0x000000000001f7f0       0x38 /home/jkw/Store/17 - Speedmaster/Firmware/inc/libArduinoCore2560.a(Print.cpp.o)
                0x000000000001f7f0                _ZN5Print7printlnEci
 .text._ZN5Print10printFloatEdh
                0x000000000001f828      0x118 /home/jkw/Store/17 - Speedmaster/Firmware/inc/libArduinoCore2560.a(Print.cpp.o)
                0x000000000001f828                _ZN5Print10printFloatEdh
 .text._ZN5Print5printEdi
                0x000000000001f940        0x6 /home/jkw/Store/17 - Speedmaster/Firmware/inc/libArduinoCore2560.a(Print.cpp.o)
                0x000000000001f940                _ZN5Print5printEdi
 .text._ZN5Print7printlnEdi
                0x000000000001f946       0x16 /home/jkw/Store/17 - Speedmaster/Firmware/inc/libArduinoCore2560.a(Print.cpp.o)
                0x000000000001f946                _ZN5Print7printlnEdi
 .text._ZNK6String6charAtEj
                0x000000000001f95c       0x10 /home/jkw/Store/17 - Speedmaster/Firmware/inc/libArduinoCore2560.a(WString.cpp.o)
                0x000000000001f95c                _ZNK6String6charAtEj
 .text._ZN6String9setCharAtEjc
                0x000000000001f96c       0x22 /home/jkw/Store/17 - Speedmaster/Firmware/inc/libArduinoCore2560.a(WString.cpp.o)
                0x000000000001f96c                _ZN6String9setCharAtEjc
 .text._ZN6StringixEj
                0x000000000001f98e       0x2a /home/jkw/Store/17 - Speedmaster/Firmware/inc/libArduinoCore2560.a(WString.cpp.o)
                0x000000000001f98e                _ZN6StringixEj
 .text._ZNK6StringixEj
                0x000000000001f9b8       0x10 /home/jkw/Store/17 - Speedmaster/Firmware/inc/libArduinoCore2560.a(WString.cpp.o)
                0x000000000001f9b8                _ZNK6StringixEj
 .text._ZN6String11toCharArrayEPcj
                0x000000000001f9c8       0x44 /home/jkw/Store/17 - Speedmaster/Firmware/inc/libArduinoCore2560.a(WString.cpp.o)
                0x000000000001f9c8                _ZN6String11toCharArrayEPcj
 .text._ZN6String8getBytesEPhj
                0x000000000001fa0c       0x44 /home/jkw/Store/17 - Speedmaster/Firmware/inc/libArduinoCore2560.a(WString.cpp.o)
                0x000000000001fa0c                _ZN6String8getBytesEPhj
 .text._ZN6StringD1Ev
                0x000000000001fa50       0x20 /home/jkw/Store/17 - Speedmaster/Firmware/inc/libArduinoCore2560.a(WString.cpp.o)
                0x000000000001fa50                _ZN6StringD1Ev
 .text._ZNK6String10startsWithERKS_j
                0x000000000001fa70       0x3c /home/jkw/Store/17 - Speedmaster/Firmware/inc/libArduinoCore2560.a(WString.cpp.o)
                0x000000000001fa70                _ZNK6String10startsWithERKS_j
 .text._ZNK6String10startsWithERKS_
                0x000000000001faac       0x26 /home/jkw/Store/17 - Speedmaster/Firmware/inc/libArduinoCore2560.a(WString.cpp.o)
                0x000000000001faac                _ZNK6String10startsWithERKS_
 .text._ZNK6String11lastIndexOfEcj
                0x000000000001fad2       0x6e /home/jkw/Store/17 - Speedmaster/Firmware/inc/libArduinoCore2560.a(WString.cpp.o)
                0x000000000001fad2                _ZNK6String11lastIndexOfEcj
 .text._ZNK6String11lastIndexOfEc
                0x000000000001fb40       0x10 /home/jkw/Store/17 - Speedmaster/Firmware/inc/libArduinoCore2560.a(WString.cpp.o)
                0x000000000001fb40                _ZNK6String11lastIndexOfEc
 .text._ZNK6String7indexOfERKS_j
                0x000000000001fb50       0x3c /home/jkw/Store/17 - Speedmaster/Firmware/inc/libArduinoCore2560.a(WString.cpp.o)
                0x000000000001fb50                _ZNK6String7indexOfERKS_j
 .text._ZNK6String7indexOfERKS_
                0x000000000001fb8c        0xa /home/jkw/Store/17 - Speedmaster/Firmware/inc/libArduinoCore2560.a(WString.cpp.o)
                0x000000000001fb8c                _ZNK6String7indexOfERKS_
 .text._ZNK6String7indexOfEcj
                0x000000000001fb96       0x3c /home/jkw/Store/17 - Speedmaster/Firmware/inc/libArduinoCore2560.a(WString.cpp.o)
                0x000000000001fb96                _ZNK6String7indexOfEcj
 .text._ZNK6String7indexOfEc
                0x000000000001fbd2        0xa /home/jkw/Store/17 - Speedmaster/Firmware/inc/libArduinoCore2560.a(WString.cpp.o)
                0x000000000001fbd2                _ZNK6String7indexOfEc
 .text._ZNK6String6equalsERKS_
                0x000000000001fbdc       0x32 /home/jkw/Store/17 - Speedmaster/Firmware/inc/libArduinoCore2560.a(WString.cpp.o)
                0x000000000001fbdc                _ZNK6String6equalsERKS_
 .text._ZNK6String8endsWithERKS_
                0x000000000001fc0e       0x3a /home/jkw/Store/17 - Speedmaster/Firmware/inc/libArduinoCore2560.a(WString.cpp.o)
                0x000000000001fc0e                _ZNK6String8endsWithERKS_
 .text._ZNK6StringgeERKS_
                0x000000000001fc48       0x28 /home/jkw/Store/17 - Speedmaster/Firmware/inc/libArduinoCore2560.a(WString.cpp.o)
                0x000000000001fc48                _ZNK6StringgeERKS_
 .text._ZNK6StringleERKS_
                0x000000000001fc70       0x22 /home/jkw/Store/17 - Speedmaster/Firmware/inc/libArduinoCore2560.a(WString.cpp.o)
                0x000000000001fc70                _ZNK6StringleERKS_
 .text._ZNK6StringgtERKS_
                0x000000000001fc92       0x22 /home/jkw/Store/17 - Speedmaster/Firmware/inc/libArduinoCore2560.a(WString.cpp.o)
                0x000000000001fc92                _ZNK6StringgtERKS_
 .text._ZNK6StringltERKS_
                0x000000000001fcb4       0x24 /home/jkw/Store/17 - Speedmaster/Firmware/inc/libArduinoCore2560.a(WString.cpp.o)
                0x000000000001fcb4                _ZNK6StringltERKS_
 .text._ZNK6StringneERKS_
                0x000000000001fcd8       0x30 /home/jkw/Store/17 - Speedmaster/Firmware/inc/libArduinoCore2560.a(WString.cpp.o)
                0x000000000001fcd8                _ZNK6StringneERKS_
 .text._ZNK6StringeqERKS_
                0x000000000001fd08       0x34 /home/jkw/Store/17 - Speedmaster/Firmware/inc/libArduinoCore2560.a(WString.cpp.o)
                0x000000000001fd08                _ZNK6StringeqERKS_
 .text._ZNK6String9compareToERKS_
                0x000000000001fd3c       0x12 /home/jkw/Store/17 - Speedmaster/Firmware/inc/libArduinoCore2560.a(WString.cpp.o)
                0x000000000001fd3c                _ZNK6String9compareToERKS_
 .text._ZN6String9getBufferEj
                0x000000000001fd4e       0x28 /home/jkw/Store/17 - Speedmaster/Firmware/inc/libArduinoCore2560.a(WString.cpp.o)
                0x000000000001fd4e                _ZN6String9getBufferEj
 .text._ZN6StringpLERKS_
                0x000000000001fd76       0x6c /home/jkw/Store/17 - Speedmaster/Firmware/inc/libArduinoCore2560.a(WString.cpp.o)
                0x000000000001fd76                _ZN6StringpLERKS_
 .text._ZN6String6concatERKS_
                0x000000000001fde2        0x6 /home/jkw/Store/17 - Speedmaster/Firmware/inc/libArduinoCore2560.a(WString.cpp.o)
                0x000000000001fde2                _ZN6String6concatERKS_
 .text._ZN6StringaSERKS_
                0x000000000001fde8       0x60 /home/jkw/Store/17 - Speedmaster/Firmware/inc/libArduinoCore2560.a(WString.cpp.o)
                0x000000000001fde8                _ZN6StringaSERKS_
 .text._ZN6StringC1Eh
                0x000000000001fe48       0x34 /home/jkw/Store/17 - Speedmaster/Firmware/inc/libArduinoCore2560.a(WString.cpp.o)
                0x000000000001fe48                _ZN6StringC1Eh
 .text._ZN6StringC2Eh
                0x000000000001fe7c       0x34 /home/jkw/Store/17 - Speedmaster/Firmware/inc/libArduinoCore2560.a(WString.cpp.o)
                0x000000000001fe7c                _ZN6StringC2Eh
 .text._ZN6StringC1Ec
                0x000000000001feb0       0x34 /home/jkw/Store/17 - Speedmaster/Firmware/inc/libArduinoCore2560.a(WString.cpp.o)
                0x000000000001feb0                _ZN6StringC1Ec
 .text._ZN6StringC2Ec
                0x000000000001fee4       0x34 /home/jkw/Store/17 - Speedmaster/Firmware/inc/libArduinoCore2560.a(WString.cpp.o)
                0x000000000001fee4                _ZN6StringC2Ec
 .text._ZN6StringC1ERKS_
                0x000000000001ff18       0x36 /home/jkw/Store/17 - Speedmaster/Firmware/inc/libArduinoCore2560.a(WString.cpp.o)
                0x000000000001ff18                _ZN6StringC1ERKS_
 .text._ZN6StringC2ERKS_
                0x000000000001ff4e       0x36 /home/jkw/Store/17 - Speedmaster/Firmware/inc/libArduinoCore2560.a(WString.cpp.o)
                0x000000000001ff4e                _ZN6StringC2ERKS_
 .text._ZN6StringC1Emi
                0x000000000001ff84       0x7e /home/jkw/Store/17 - Speedmaster/Firmware/inc/libArduinoCore2560.a(WString.cpp.o)
                0x000000000001ff84                _ZN6StringC1Emi
 .text._ZN6StringC2Emi
                0x0000000000020002       0x7e /home/jkw/Store/17 - Speedmaster/Firmware/inc/libArduinoCore2560.a(WString.cpp.o)
                0x0000000000020002                _ZN6StringC2Emi
 .text._ZN6StringC1Eji
                0x0000000000020080       0x7c /home/jkw/Store/17 - Speedmaster/Firmware/inc/libArduinoCore2560.a(WString.cpp.o)
                0x0000000000020080                _ZN6StringC1Eji
 .text._ZN6StringC2Eji
                0x00000000000200fc       0x7c /home/jkw/Store/17 - Speedmaster/Firmware/inc/libArduinoCore2560.a(WString.cpp.o)
                0x00000000000200fc                _ZN6StringC2Eji
 .text._ZN6StringC1EPKc
                0x0000000000020178       0x50 /home/jkw/Store/17 - Speedmaster/Firmware/inc/libArduinoCore2560.a(WString.cpp.o)
                0x0000000000020178                _ZN6StringC1EPKc
 .text._ZNK6String11toUpperCaseEv
                0x00000000000201c8       0x76 /home/jkw/Store/17 - Speedmaster/Firmware/inc/libArduinoCore2560.a(WString.cpp.o)
                0x00000000000201c8                _ZNK6String11toUpperCaseEv
 .text._ZNK6String11toLowerCaseEv
                0x000000000002023e       0x76 /home/jkw/Store/17 - Speedmaster/Firmware/inc/libArduinoCore2560.a(WString.cpp.o)
                0x000000000002023e                _ZNK6String11toLowerCaseEv
 .text._ZNK6String16equalsIgnoreCaseERKS_
                0x00000000000202b4       0x98 /home/jkw/Store/17 - Speedmaster/Firmware/inc/libArduinoCore2560.a(WString.cpp.o)
                0x00000000000202b4                _ZNK6String16equalsIgnoreCaseERKS_
 .text._ZNK6String9substringEjj
                0x000000000002034c       0x6e /home/jkw/Store/17 - Speedmaster/Firmware/inc/libArduinoCore2560.a(WString.cpp.o)
                0x000000000002034c                _ZNK6String9substringEjj
 .text._ZNK6String9substringEj
                0x00000000000203ba       0x18 /home/jkw/Store/17 - Speedmaster/Firmware/inc/libArduinoCore2560.a(WString.cpp.o)
                0x00000000000203ba                _ZNK6String9substringEj
 .text._ZNK6String11lastIndexOfERKS_j
                0x00000000000203d2       0xc8 /home/jkw/Store/17 - Speedmaster/Firmware/inc/libArduinoCore2560.a(WString.cpp.o)
                0x00000000000203d2                _ZNK6String11lastIndexOfERKS_j
 .text._ZNK6String11lastIndexOfERKS_
                0x000000000002049a       0x1c /home/jkw/Store/17 - Speedmaster/Firmware/inc/libArduinoCore2560.a(WString.cpp.o)
                0x000000000002049a                _ZNK6String11lastIndexOfERKS_
 .text._ZNK6String4trimEv
                0x00000000000204b6       0xdc /home/jkw/Store/17 - Speedmaster/Firmware/inc/libArduinoCore2560.a(WString.cpp.o)
                0x00000000000204b6                _ZNK6String4trimEv
 .text._ZN6String7replaceERKS_S1_
                0x0000000000020592      0x136 /home/jkw/Store/17 - Speedmaster/Firmware/inc/libArduinoCore2560.a(WString.cpp.o)
                0x0000000000020592                _ZN6String7replaceERKS_S1_
 .text._ZN6String7replaceEcc
                0x00000000000206c8       0x86 /home/jkw/Store/17 - Speedmaster/Firmware/inc/libArduinoCore2560.a(WString.cpp.o)
                0x00000000000206c8                _ZN6String7replaceEcc
 .text._ZN6StringC2EPKc
                0x000000000002074e       0x50 /home/jkw/Store/17 - Speedmaster/Firmware/inc/libArduinoCore2560.a(WString.cpp.o)
                0x000000000002074e                _ZN6StringC2EPKc
 .text._ZN6StringC1Eli
                0x000000000002079e       0x7a /home/jkw/Store/17 - Speedmaster/Firmware/inc/libArduinoCore2560.a(WString.cpp.o)
                0x000000000002079e                _ZN6StringC1Eli
 .text._ZN6StringC2Eli
                0x0000000000020818       0x7a /home/jkw/Store/17 - Speedmaster/Firmware/inc/libArduinoCore2560.a(WString.cpp.o)
                0x0000000000020818                _ZN6StringC2Eli
 .text._ZN6StringC1Eii
                0x0000000000020892       0x78 /home/jkw/Store/17 - Speedmaster/Firmware/inc/libArduinoCore2560.a(WString.cpp.o)
                0x0000000000020892                _ZN6StringC1Eii
 .text._ZN6StringC2Eii
                0x000000000002090a       0x78 /home/jkw/Store/17 - Speedmaster/Firmware/inc/libArduinoCore2560.a(WString.cpp.o)
                0x000000000002090a                _ZN6StringC2Eii
 .text.avr-libc
                0x0000000000020982      0x266 /usr/lib/gcc/avr/4.5.3/../../../avr/lib/avr6/libc.a(malloc.o)
                0x0000000000020982                malloc
                0x0000000000020ab6                free
 .text.avr-libc
                0x0000000000020be8        0x6 /usr/lib/gcc/avr/4.5.3/../../../avr/lib/avr6/libc.a(exit.o)
                0x0000000000020be8                exit
 .text.avr-libc
                0x0000000000020bee       0x12 /usr/lib/gcc/avr/4.5.3/../../../avr/lib/avr6/libc.a(isalpha.o)
                0x0000000000020bee                isupper
                0x0000000000020bf2                isalpha
                0x0000000000020bf4                islower
 .text.avr-libc
                0x0000000000020c00       0x10 /usr/lib/gcc/avr/4.5.3/../../../avr/lib/avr6/libc.a(isspace.o)
                0x0000000000020c00                isspace
 .text.avr-libc
                0x0000000000020c10       0x10 /usr/lib/gcc/avr/4.5.3/../../../avr/lib/avr6/libc.a(tolower.o)
                0x0000000000020c10                tolower
 .text.avr-libc
                0x0000000000020c20       0x10 /usr/lib/gcc/avr/4.5.3/../../../avr/lib/avr6/libc.a(toupper.o)
                0x0000000000020c20                toupper
 .text.avr-libc
                0x0000000000020c30       0x12 /usr/lib/gcc/avr/4.5.3/../../../avr/lib/avr6/libc.a(strcmp_P.o)
                0x0000000000020c30                strcmp_P
 .text.avr-libc
                0x0000000000020c42        0xe /usr/lib/gcc/avr/4.5.3/../../../avr/lib/avr6/libc.a(strcpy_P.o)
                0x0000000000020c42                strcpy_P
 .text.avr-libc
                0x0000000000020c50       0x12 /usr/lib/gcc/avr/4.5.3/../../../avr/lib/avr6/libc.a(strlen_P.o)
                0x0000000000020c50                strlen_P
 .text.avr-libc
                0x0000000000020c62       0x1a /usr/lib/gcc/avr/4.5.3/../../../avr/lib/avr6/libc.a(memcmp.o)
                0x0000000000020c62                memcmp
 .text.avr-libc
                0x0000000000020c7c       0x12 /usr/lib/gcc/avr/4.5.3/../../../avr/lib/avr6/libc.a(memcpy.o)
                0x0000000000020c7c                memcpy
 .text.avr-libc
                0x0000000000020c8e        0xe /usr/lib/gcc/avr/4.5.3/../../../avr/lib/avr6/libc.a(memset.o)
                0x0000000000020c8e                memset
 .text.avr-libc
                0x0000000000020c9c       0x16 /usr/lib/gcc/avr/4.5.3/../../../avr/lib/avr6/libc.a(strcat.o)
                0x0000000000020c9c                strcat
 .text.avr-libc
                0x0000000000020cb2       0x16 /usr/lib/gcc/avr/4.5.3/../../../avr/lib/avr6/libc.a(strchr.o)
                0x0000000000020cb2                strchr
 .text.avr-libc
                0x0000000000020cc8       0x12 /usr/lib/gcc/avr/4.5.3/../../../avr/lib/avr6/libc.a(strcmp.o)
                0x0000000000020cc8                strcmp
 .text.avr-libc
                0x0000000000020cda        0xe /usr/lib/gcc/avr/4.5.3/../../../avr/lib/avr6/libc.a(strcpy.o)
                0x0000000000020cda                strcpy
 .text.avr-libc
                0x0000000000020ce8       0x1c /usr/lib/gcc/avr/4.5.3/../../../avr/lib/avr6/libc.a(strncmp.o)
                0x0000000000020ce8                strncmp
 .text.avr-libc
                0x0000000000020d04       0x1e /usr/lib/gcc/avr/4.5.3/../../../avr/lib/avr6/libc.a(strncpy.o)
                0x0000000000020d04                strncpy
 .text.avr-libc
                0x0000000000020d22       0x16 /usr/lib/gcc/avr/4.5.3/../../../avr/lib/avr6/libc.a(strrchr.o)
                0x0000000000020d22                strrchr
 .text.avr-libc
                0x0000000000020d38       0x34 /usr/lib/gcc/avr/4.5.3/../../../avr/lib/avr6/libc.a(strstr.o)
                0x0000000000020d38                strstr
 .text.avr-libc
                0x0000000000020d6c       0x42 /usr/lib/gcc/avr/4.5.3/../../../avr/lib/avr6/libc.a(itoa.o)
                0x0000000000020d6c                itoa
 .text.avr-libc
                0x0000000000020dae       0x68 /usr/lib/gcc/avr/4.5.3/../../../avr/lib/avr6/libc.a(ltoa.o)
                0x0000000000020dae                ltoa
 .text.avr-libc
                0x0000000000020e16       0x4a /usr/lib/gcc/avr/4.5.3/../../../avr/lib/avr6/libc.a(ultoa.o)
                0x0000000000020e16                ultoa
 .text.avr-libc
                0x0000000000020e60       0x60 /usr/lib/gcc/avr/4.5.3/../../../avr/lib/avr6/libc.a(sprintf.o)
                0x0000000000020e60                sprintf
 .text.avr-libc.fplib
                0x0000000000020ec0        0xa /usr/lib/gcc/avr/4.5.3/../../../avr/lib/avr6/libc.a(addsf3.o)
                0x0000000000020ec0                __subsf3
                0x0000000000020ec2                __addsf3
 .text.avr-libc.fplib
                0x0000000000020eca       0xc0 /usr/lib/gcc/avr/4.5.3/../../../avr/lib/avr6/libc.a(addsf3x.o)
                0x0000000000020ee4                __addsf3x
 .text.avr-libc.fplib
                0x0000000000020f8a       0x2e /usr/lib/gcc/avr/4.5.3/../../../avr/lib/avr6/libc.a(asin.o)
                0x0000000000020f8a                asin
 .text.avr-libc.fplib
                0x0000000000020fb8        0x8 /usr/lib/gcc/avr/4.5.3/../../../avr/lib/avr6/libc.a(cmpsf2.o)
                0x0000000000020fb8                __lesf2
                0x0000000000020fb8                __nesf2
                0x0000000000020fb8                __eqsf2
                0x0000000000020fb8                __cmpsf2
                0x0000000000020fb8                __ltsf2
 .text.avr-libc.fplib
                0x0000000000020fc0        0x6 /usr/lib/gcc/avr/4.5.3/../../../avr/lib/avr6/libc.a(cos.o)
                0x0000000000020fc0                cos
 .text.avr-libc.fplib
                0x0000000000020fc6        0x4 /usr/lib/gcc/avr/4.5.3/../../../avr/lib/avr6/libc.a(divsf3.o)
                0x0000000000020fc6                __divsf3
 .text.avr-libc.fplib
                0x0000000000020fca       0xcc /usr/lib/gcc/avr/4.5.3/../../../avr/lib/avr6/libc.a(divsf3x.o)
                0x0000000000020fe0                __divsf3x
                0x0000000000020fe4                __divsf3_pse
 .text.avr-libc.fplib
                0x0000000000021096        0xa /usr/lib/gcc/avr/4.5.3/../../../avr/lib/avr6/libc.a(fixsfsi.o)
                0x0000000000021096                __fixsfsi
 .text.avr-libc.fplib
                0x00000000000210a0       0x58 /usr/lib/gcc/avr/4.5.3/../../../avr/lib/avr6/libc.a(fixunssfsi.o)
                0x00000000000210a0                __fixunssfsi
 .text.avr-libc.fplib
                0x00000000000210f8       0x7a /usr/lib/gcc/avr/4.5.3/../../../avr/lib/avr6/libc.a(floatsisf.o)
                0x00000000000210f8                __floatunsisf
                0x00000000000210fc                __floatsisf
 .text.avr-libc.fplib
                0x0000000000021172       0x26 /usr/lib/gcc/avr/4.5.3/../../../avr/lib/avr6/libc.a(floor.o)
                0x0000000000021172                floor
 .text.avr-libc.fplib
                0x0000000000021198       0x36 /usr/lib/gcc/avr/4.5.3/../../../avr/lib/avr6/libc.a(fp_arccos.o)
                0x0000000000021198                __fp_arccos
 .text.avr-libc.fplib
                0x00000000000211ce       0x48 /usr/lib/gcc/avr/4.5.3/../../../avr/lib/avr6/libc.a(fp_cmp.o)
                0x00000000000211ce                __fp_cmp
 .text.avr-libc.fplib
                0x0000000000021216        0xc /usr/lib/gcc/avr/4.5.3/../../../avr/lib/avr6/libc.a(fp_inf.o)
                0x0000000000021216                __fp_inf
 .text.avr-libc.fplib
                0x0000000000021222       0x36 /usr/lib/gcc/avr/4.5.3/../../../avr/lib/avr6/libc.a(fp_mintl.o)
                0x0000000000021222                __fp_mintl
 .text.avr-libc.fplib
                0x0000000000021258       0x1c /usr/lib/gcc/avr/4.5.3/../../../avr/lib/avr6/libc.a(fp_mpack.o)
                0x0000000000021258                __fp_mpack
                0x000000000002125c                __fp_mpack_finite
 .text.avr-libc.fplib
                0x0000000000021274        0x6 /usr/lib/gcc/avr/4.5.3/../../../avr/lib/avr6/libc.a(fp_nan.o)
                0x0000000000021274                __fp_nan
 .text.avr-libc.fplib
                0x000000000002127a       0x4a /usr/lib/gcc/avr/4.5.3/../../../avr/lib/avr6/libc.a(fp_powser.o)
                0x000000000002127a                __fp_powser
 .text.avr-libc.fplib