Archive member included because of file (symbol)

/home/jkw/Store/17 - Speedmaster/Firmware/inc/libArduinoCore2560.a(WInterrupts.c.o)
                              ./dz.o (attachInterrupt)
/home/jkw/Store/17 - Speedmaster/Firmware/inc/libArduinoCore2560.a(wiring.c.o)
                              ./inc/I2C.o (millis)
/home/jkw/Store/17 - Speedmaster/Firmware/inc/libArduinoCore2560.a(wiring_analog.c.o)
                              ./temperature.o (analogRead)
/home/jkw/Store/17 - Speedmaster/Firmware/inc/libArduinoCore2560.a(wiring_digital.c.o)
                              ./inc/Sd2Card.o (pinMode)
/home/jkw/Store/17 - Speedmaster/Firmware/inc/libArduinoCore2560.a(HardwareSerial.cpp.o)
                              ./aktors.o (_ZN14HardwareSerial5beginEl)
/home/jkw/Store/17 - Speedmaster/Firmware/inc/libArduinoCore2560.a(Print.cpp.o)
                              /home/jkw/Store/17 - Speedmaster/Firmware/inc/libArduinoCore2560.a(HardwareSerial.cpp.o) (_ZN5Print5writeEPKc)
/home/jkw/Store/17 - Speedmaster/Firmware/inc/libArduinoCore2560.a(WString.cpp.o)
                              /home/jkw/Store/17 - Speedmaster/Firmware/inc/libArduinoCore2560.a(Print.cpp.o) (_ZNK6StringixEj)
/usr/lib/gcc/avr/4.5.3/../../../avr/lib/avr6/libc.a(malloc.o)
                              ./inc/ssd0323.o (malloc)
/usr/lib/gcc/avr/4.5.3/../../../avr/lib/avr6/libc.a(exit.o)
                              /usr/lib/gcc/avr/4.5.3/../../../avr/lib/avr6/crtm2560.o (exit)
/usr/lib/gcc/avr/4.5.3/../../../avr/lib/avr6/libc.a(isalpha.o)
                              ./inc/istream.o (isupper)
/usr/lib/gcc/avr/4.5.3/../../../avr/lib/avr6/libc.a(isspace.o)
                              ./inc/istream.o (isspace)
/usr/lib/gcc/avr/4.5.3/../../../avr/lib/avr6/libc.a(tolower.o)
                              /home/jkw/Store/17 - Speedmaster/Firmware/inc/libArduinoCore2560.a(WString.cpp.o) (tolower)
/usr/lib/gcc/avr/4.5.3/../../../avr/lib/avr6/libc.a(toupper.o)
                              /home/jkw/Store/17 - Speedmaster/Firmware/inc/libArduinoCore2560.a(WString.cpp.o) (toupper)
/usr/lib/gcc/avr/4.5.3/../../../avr/lib/avr6/libc.a(strcmp_P.o)
                              ./config.o (strcmp_P)
/usr/lib/gcc/avr/4.5.3/../../../avr/lib/avr6/libc.a(strcpy_P.o)
                              ./config.o (strcpy_P)
/usr/lib/gcc/avr/4.5.3/../../../avr/lib/avr6/libc.a(strlen_P.o)
                              ./inc/ostream.o (strlen_P)
/usr/lib/gcc/avr/4.5.3/../../../avr/lib/avr6/libc.a(memcmp.o)
                              ./inc/SdFile.o (memcmp)
/usr/lib/gcc/avr/4.5.3/../../../avr/lib/avr6/libc.a(memcpy.o)
                              ./inc/SdFile.o (memcpy)
/usr/lib/gcc/avr/4.5.3/../../../avr/lib/avr6/libc.a(memset.o)
                              ./gps.o (memset)
/usr/lib/gcc/avr/4.5.3/../../../avr/lib/avr6/libc.a(strcat.o)
                              /home/jkw/Store/17 - Speedmaster/Firmware/inc/libArduinoCore2560.a(WString.cpp.o) (strcat)
/usr/lib/gcc/avr/4.5.3/../../../avr/lib/avr6/libc.a(strchr.o)
                              ./inc/SdFile.o (strchr)
/usr/lib/gcc/avr/4.5.3/../../../avr/lib/avr6/libc.a(strcmp.o)
                              ./config.o (strcmp)
/usr/lib/gcc/avr/4.5.3/../../../avr/lib/avr6/libc.a(strcpy.o)
                              ./config.o (strcpy)
/usr/lib/gcc/avr/4.5.3/../../../avr/lib/avr6/libc.a(strncmp.o)
                              ./config.o (strncmp)
/usr/lib/gcc/avr/4.5.3/../../../avr/lib/avr6/libc.a(strncpy.o)
                              /home/jkw/Store/17 - Speedmaster/Firmware/inc/libArduinoCore2560.a(WString.cpp.o) (strncpy)
/usr/lib/gcc/avr/4.5.3/../../../avr/lib/avr6/libc.a(strrchr.o)
                              /home/jkw/Store/17 - Speedmaster/Firmware/inc/libArduinoCore2560.a(WString.cpp.o) (strrchr)
/usr/lib/gcc/avr/4.5.3/../../../avr/lib/avr6/libc.a(strstr.o)
                              /home/jkw/Store/17 - Speedmaster/Firmware/inc/libArduinoCore2560.a(WString.cpp.o) (strstr)
/usr/lib/gcc/avr/4.5.3/../../../avr/lib/avr6/libc.a(itoa.o)
                              /home/jkw/Store/17 - Speedmaster/Firmware/inc/libArduinoCore2560.a(WString.cpp.o) (itoa)
/usr/lib/gcc/avr/4.5.3/../../../avr/lib/avr6/libc.a(ltoa.o)
                              /home/jkw/Store/17 - Speedmaster/Firmware/inc/libArduinoCore2560.a(WString.cpp.o) (ltoa)
/usr/lib/gcc/avr/4.5.3/../../../avr/lib/avr6/libc.a(ultoa.o)
                              /home/jkw/Store/17 - Speedmaster/Firmware/inc/libArduinoCore2560.a(WString.cpp.o) (ultoa)
/usr/lib/gcc/avr/4.5.3/../../../avr/lib/avr6/libc.a(sprintf.o)
                              ./aktors.o (sprintf)
/usr/lib/gcc/avr/4.5.3/../../../avr/lib/avr6/libc.a(addsf3.o)
                              ./inc/ostream.o (__subsf3)
/usr/lib/gcc/avr/4.5.3/../../../avr/lib/avr6/libc.a(addsf3x.o)
                              /usr/lib/gcc/avr/4.5.3/../../../avr/lib/avr6/libc.a(addsf3.o) (__addsf3x)
/usr/lib/gcc/avr/4.5.3/../../../avr/lib/avr6/libc.a(asin.o)
[...]
Memory Configuration

Name             Origin             Length             Attributes
text             0x0000000000000000 0x0000000000100000 xr
data             0x0000000000800200 0x000000000000fe00 rw !x
eeprom           0x0000000000810000 0x0000000000010000 rw !x
fuse             0x0000000000820000 0x0000000000000400 rw !x
lock             0x0000000000830000 0x0000000000000400 rw !x
signature        0x0000000000840000 0x0000000000000400 rw !x
*default*        0x0000000000000000 0xffffffffffffffff

Linker script and memory map

Address of section .data set to 0x800200
LOAD /usr/lib/gcc/avr/4.5.3/../../../avr/lib/avr6/crtm2560.o
LOAD ./inc/EEPROM.o
LOAD ./inc/I2C.o
LOAD ./inc/Sd2Card.o
LOAD ./inc/SdFat.o
LOAD ./inc/SdFatUtil.o
LOAD ./inc/SdFile.o
LOAD ./inc/SdStream.o
LOAD ./inc/SdVolume.o
LOAD ./inc/istream.o
LOAD ./inc/ostream.o
LOAD ./inc/pins_arduino.o
LOAD ./inc/ssd0323.o
LOAD ./aktors.o
LOAD ./blinker.o
LOAD ./clock_me.o
LOAD ./config.o
LOAD ./debug.o
LOAD ./display.o
LOAD ./dz.o
LOAD ./file_manager_v2.o
LOAD ./fuel.o
LOAD ./gear.o
LOAD ./gps.o
LOAD ./helper.o
LOAD ./main.o
LOAD ./menu.o
LOAD ./oiler.o
LOAD ./reset.o
LOAD ./sd.o
LOAD ./sensors.o
LOAD ./speed.o
LOAD ./speedo.o
LOAD ./sprint.o
LOAD ./stepper.o
LOAD ./temperature.o
LOAD ./tetris.o
LOAD ./timer.o
LOAD ./voltage.o
LOAD /home/jkw/Store/17 - Speedmaster/Firmware/inc/libArduinoCore2560.a
LOAD /usr/lib/gcc/avr/4.5.3/../../../avr/lib/avr6/libc.a
LOAD /usr/lib/gcc/avr/4.5.3/avr6/libgcc.a
LOAD /usr/lib/gcc/avr/4.5.3/../../../avr/lib/avr6/libm.a
LOAD /usr/lib/gcc/avr/4.5.3/../../../avr/lib/avr6/libc.a
LOAD /usr/lib/gcc/avr/4.5.3/avr6/libgcc.a
LOAD /usr/lib/gcc/avr/4.5.3/../../../avr/lib/avr6/libc.a
LOAD /usr/lib/gcc/avr/4.5.3/avr6/libgcc.a

.hash
 *(.hash)

.dynsym
 *(.dynsym)

.dynstr
 *(.dynstr)

.gnu.version
 *(.gnu.version)

.gnu.version_d
 *(.gnu.version_d)

.gnu.version_r
 *(.gnu.version_r)

.rel.init
 *(.rel.init)

.rela.init
 *(.rela.init)

.rel.text
 *(.rel.text)
 *(.rel.text.*)
 *(.rel.gnu.linkonce.t*)

.rela.text
 *(.rela.text)
 *(.rela.text.*)
 *(.rela.gnu.linkonce.t*)

.rel.fini
 *(.rel.fini)

.rela.fini
 *(.rela.fini)

.rel.rodata
 *(.rel.rodata)
 *(.rel.rodata.*)
 *(.rel.gnu.linkonce.r*)

.rela.rodata
 *(.rela.rodata)
 *(.rela.rodata.*)
 *(.rela.gnu.linkonce.r*)

.rel.data
 *(.rel.data)
 *(.rel.data.*)
 *(.rel.gnu.linkonce.d*)

.rela.data
 *(.rela.data)
 *(.rela.data.*)
 *(.rela.gnu.linkonce.d*)

.rel.ctors
 *(.rel.ctors)

.rela.ctors
 *(.rela.ctors)

.rel.dtors
 *(.rel.dtors)

.rela.dtors
 *(.rela.dtors)

.rel.got
 *(.rel.got)

.rela.got
 *(.rela.got)

.rel.bss
 *(.rel.bss)

.rela.bss
 *(.rela.bss)

.rel.plt
 *(.rel.plt)

.rela.plt
 *(.rela.plt)

.text           0x0000000000000000    0x268d2
 *(.vectors)
 .vectors       0x0000000000000000       0xe4 /usr/lib/gcc/avr/4.5.3/../../../avr/lib/avr6/crtm2560.o
                0x0000000000000000                __vectors
                0x0000000000000000                __vector_default
 *(.vectors)
 *(.progmem.gcc*)
 .progmem.gcc_fplib
                0x00000000000000e4       0x14 /usr/lib/gcc/avr/4.5.3/../../../avr/lib/avr6/libc.a(asin.o)
 .progmem.gcc_fplib
                0x00000000000000f8       0x28 /usr/lib/gcc/avr/4.5.3/../../../avr/lib/avr6/libc.a(fp_arccos.o)
 .progmem.gcc_fplib
                0x0000000000000120       0x1e /usr/lib/gcc/avr/4.5.3/../../../avr/lib/avr6/libc.a(fp_sinus.o)
 .progmem.gcc_fplib
                0x000000000000013e       0x28 /usr/lib/gcc/avr/4.5.3/../../../avr/lib/avr6/libc.a(exp.o)
 .progmem.gcc_fplib
                0x0000000000000166       0x5a /usr/lib/gcc/avr/4.5.3/../../../avr/lib/avr6/libc.a(log.o)
 *(.progmem*)
 .progmem.data  0x00000000000001c0       0xc0 ./inc/SdFat.o
 .progmem.data  0x0000000000000280       0x13 ./inc/SdFile.o
 .progmem.data  0x0000000000000293        0xb ./inc/istream.o
 .progmem.data  0x000000000000029e       0x13 ./inc/ostream.o
 .progmem.data  0x00000000000002b1      0x120 ./inc/pins_arduino.o
                0x00000000000002b1                port_to_mode_PGM
                0x00000000000002cb                port_to_output_PGM
                0x00000000000002e5                port_to_input_PGM
                0x00000000000002ff                digital_pin_to_port_PGM
                0x0000000000000345                digital_pin_to_bit_mask_PGM
                0x000000000000038b                digital_pin_to_timer_PGM
 .progmem.data  0x00000000000003d1      0xcc0 ./inc/ssd0323.o
 .progmem.data  0x0000000000001091       0xf8 ./aktors.o
 .progmem.data  0x0000000000001189       0x21 ./blinker.o
 .progmem.data  0x00000000000011aa       0x10 ./clock_me.o
 .progmem.data  0x00000000000011ba      0xae7 ./config.o
 .progmem.data  0x0000000000001ca1       0xd0 ./display.o
 .progmem.data  0x0000000000001d71        0xa ./dz.o
 .progmem.data  0x0000000000001d7b        0xc ./fuel.o
 .progmem.data  0x0000000000001d87       0x5d ./gear.o
 .progmem.data  0x0000000000001de4       0x45 ./gps.o
 .progmem.data  0x0000000000001e29       0x42 ./main.o
 .progmem.data  0x0000000000001e6b      0x84b ./menu.o
                0x0000000000001e6b                main_m_0
                0x0000000000001e78                main_m_1
                0x0000000000001e88                main_m_2
                0x0000000000001e9a                main_m_3
                0x0000000000001e9f                main_m_4
                0x0000000000001eb0                main_m_5
                0x0000000000001ebd                main_m_6
                0x0000000000001ecc                main_m_7
                0x0000000000001edc                main_m_8
                0x0000000000001ee9                menu_main
                0x0000000000001efb                setup_m_0
                0x0000000000001f0a                setup_m_1
                0x0000000000001f1a                setup_m_2
                0x0000000000001f2b                setup_m_3
                0x0000000000001f3b                setup_m_4
                0x0000000000001f4e                setup_m_5
                0x0000000000001f60                setup_m_6
                0x0000000000001f74                setup_m_7
                0x0000000000001f86                setup_m_8
                0x0000000000001f8b                menu_setup
                0x0000000000001f9d                custom_m_0
                0x0000000000001faa                custom_m_1
                0x0000000000001fb8                custom_m_2
                0x0000000000001fc7                custom_m_3
                0x0000000000001fcc                custom_m_4
                0x0000000000001fdc                custom_m_5
                0x0000000000001fe1                custom_m_6
                0x0000000000001fef                custom_m_7
                0x0000000000001ff4                custom_m_8
                0x0000000000001ff9                menu_custom
                0x000000000000200b                fade_m_0
                0x000000000000201b                fade_m_1
                0x000000000000202a                fade_m_2
                0x0000000000002037                fade_m_3
                0x0000000000002049                fade_m_4
                0x000000000000205d                fade_m_5
                0x0000000000002062                fade_m_6
                0x0000000000002067                fade_m_7
                0x000000000000206c                fade_m_8
                0x0000000000002071                menu_fade
                0x0000000000002083                einfo_m_0
                0x0000000000002094                einfo_m_1
                0x00000000000020a5                einfo_m_2
                0x00000000000020b0                einfo_m_3
                0x00000000000020b5                einfo_m_4
                0x00000000000020ba                einfo_m_5
                0x00000000000020cb                einfo_m_6
                0x00000000000020dd                einfo_m_7
                0x00000000000020e6                einfo_m_8
                0x00000000000020f0                menu_einfo
                0x0000000000002102                navi_m_0
                0x0000000000002114                navi_m_1
                0x0000000000002123                navi_m_2
                0x000000000000212f                navi_m_3
                0x000000000000213f                navi_m_4
                0x0000000000002144                navi_m_5
                0x0000000000002149                navi_m_6
                0x000000000000214e                navi_m_7
                0x0000000000002153                navi_m_8
                0x0000000000002158                menu_navi
                0x000000000000216a                titel_0
                0x0000000000002178                titel_1
                0x0000000000002179                titel_2
                0x000000000000217a                titel_3
                0x0000000000002189                titel_4
                0x000000000000218a                titel_5
                0x000000000000219a                titel_6
                0x00000000000021a8                titel_7
                0x00000000000021b2                titel_8
                0x00000000000021bf                titel_9
                0x00000000000021c0                menu_titel
                0x00000000000021d4                trip_setup_m_0
                0x00000000000021da                trip_setup_m_1
                0x00000000000021e7                trip_setup_m_2
                0x00000000000021eb                trip_setup_m_3
                0x00000000000021f0                trip_setup_m_4
                0x00000000000021f6                trip_setup_m_5
                0x00000000000021fb                trip_setup_m_6
                0x0000000000002201                trip_setup_m_7
                0x0000000000002208                trip_setup_m_8
                0x000000000000220e                menu_trip_setup
 .progmem.data  0x00000000000026b6       0x1d ./oiler.o
 .progmem.data  0x00000000000026d3       0x19 ./reset.o
 .progmem.data  0x00000000000026ec       0x39 ./sd.o
 .progmem.data  0x0000000000002725      0x147 ./sensors.o
 .progmem.data  0x000000000000286c       0x20 ./speed.o
 .progmem.data  0x000000000000288c       0xbc ./speedo.o
 .progmem.data  0x0000000000002948        0xe ./sprint.o
 .progmem.data  0x0000000000002956        0xc ./temperature.o
 .progmem.data  0x0000000000002962       0x45 ./tetris.o
                0x00000000000029a8                . = ALIGN (0x2)
 *fill*         0x00000000000029a7        0x1 00
                0x00000000000029a8                __trampolines_start = .
 *(.trampolines)
 .trampolines   0x00000000000029a8       0x20 linker stubs
 *(.trampolines*)
                0x00000000000029c8                __trampolines_end = .
 *(.jumptables)
 *(.jumptables*)
 *(.lowtext)
 *(.lowtext*)
                0x00000000000029c8                __ctors_start = .
 *(.ctors)
 .ctors         0x00000000000029c8        0x2 ./inc/I2C.o
 .ctors         0x00000000000029ca        0x2 ./main.o
 .ctors         0x00000000000029cc        0x2 /home/jkw/Store/17 - Speedmaster/Firmware/inc/libArduinoCore2560.a(HardwareSerial.cpp.o)
                0x00000000000029ce                __ctors_end = .
                0x00000000000029ce                __dtors_start = .
 *(.dtors)
                0x00000000000029ce                __dtors_end = .
 SORT(*)(.ctors)
 SORT(*)(.dtors)
 *(.init0)
 .init0         0x00000000000029ce        0x0 /usr/lib/gcc/avr/4.5.3/../../../avr/lib/avr6/crtm2560.o
                0x00000000000029ce                __init
 *(.init0)
 *(.init1)
 *(.init1)
 *(.init2)
 .init2         0x00000000000029ce       0x10 /usr/lib/gcc/avr/4.5.3/../../../avr/lib/avr6/crtm2560.o
 *(.init2)
 *(.init3)
 *(.init3)
 *(.init4)
 .init4         0x00000000000029de       0x1a /usr/lib/gcc/avr/4.5.3/avr6/libgcc.a(_copy_data.o)
                0x00000000000029de                __do_copy_data
 .init4         0x00000000000029f8       0x10 /usr/lib/gcc/avr/4.5.3/avr6/libgcc.a(_clear_bss.o)
                0x00000000000029f8                __do_clear_bss
 *(.init4)
 *(.init5)
 *(.init5)
 *(.init6)
 .init6         0x0000000000002a08       0x20 /usr/lib/gcc/avr/4.5.3/avr6/libgcc.a(_ctors.o)
                0x0000000000002a08                __do_global_ctors
 *(.init6)
 *(.init7)
 *(.init7)
 *(.init8)
 *(.init8)
 *(.init9)
 .init9         0x0000000000002a28        0x8 /usr/lib/gcc/avr/4.5.3/../../../avr/lib/avr6/crtm2560.o
 *(.init9)
 *(.text)
 .text          0x0000000000002a30        0x4 /usr/lib/gcc/avr/4.5.3/../../../avr/lib/avr6/crtm2560.o
                0x0000000000002a30                __vector_38
                0x0000000000002a30                __vector_22
                0x0000000000002a30                __vector_28
                0x0000000000002a30                __vector_32
                0x0000000000002a30                __vector_34
                0x0000000000002a30                __vector_24
                0x0000000000002a30                __vector_12
                0x0000000000002a30                __vector_55
                0x0000000000002a30                __vector_46
                0x0000000000002a30                __bad_interrupt
                0x0000000000002a30                __vector_31
                0x0000000000002a30                __vector_39
                0x0000000000002a30                __vector_30
                0x0000000000002a30                __vector_45
                0x0000000000002a30                __vector_11
                0x0000000000002a30                __vector_13
                0x0000000000002a30                __vector_17
                0x0000000000002a30                __vector_19
                0x0000000000002a30                __vector_56
                0x0000000000002a30                __vector_49
                0x0000000000002a30                __vector_41
                0x0000000000002a30                __vector_43
                0x0000000000002a30                __vector_27
                0x0000000000002a30                __vector_33
                0x0000000000002a30                __vector_47
                0x0000000000002a30                __vector_52
                0x0000000000002a30                __vector_37
                0x0000000000002a30                __vector_44
                0x0000000000002a30                __vector_9
                0x0000000000002a30                __vector_21
                0x0000000000002a30                __vector_15
                0x0000000000002a30                __vector_29
                0x0000000000002a30                __vector_40
                0x0000000000002a30                __vector_26
                0x0000000000002a30                __vector_48
                0x0000000000002a30                __vector_14
                0x0000000000002a30                __vector_53
                0x0000000000002a30                __vector_50
                0x0000000000002a30                __vector_16
                0x0000000000002a30                __vector_18
                0x0000000000002a30                __vector_20
                0x0000000000002a30                __vector_42
 .text          0x0000000000002a34        0xe ./inc/EEPROM.o
                0x0000000000002a34                _ZN11EEPROMClass4readEi
                0x0000000000002a3a                _ZN11EEPROMClass5writeEih
 .text          0x0000000000002a42      0xa24 ./inc/I2C.o
                0x0000000000002a42                _ZN3I2CC1Ev
                0x0000000000002a42                _ZN3I2CC2Ev
                0x0000000000002a44                _ZN3I2C5beginEv
                0x0000000000002a66                _ZN3I2C3endEv
                0x0000000000002a6c                _ZN3I2C7timeOutEj
                0x0000000000002a76                _ZN3I2C8setSpeedEh
                0x0000000000002a86                _ZN3I2C6pullupEh
                0x0000000000002a96                _ZN3I2C9availableEv
                0x0000000000002a9c                _ZN3I2C7receiveEv
                0x0000000000002ac6                _ZN3I2C5startEv
                0x0000000000002b6a                _ZN3I2C11receiveByteEh
                0x0000000000002c00                _ZN3I2C4stopEv
                0x0000000000002c68                _ZN3I2C8sendByteEh
                0x0000000000002d0c                _ZN3I2C11sendAddressEh
                0x0000000000002dc8                _ZN3I2C4readEhhhPh
                0x0000000000002ef4                _ZN3I2C4readEhhPh
                0x0000000000002fd0                _ZN3I2C4readEhhh
                0x00000000000030fe                _ZN3I2C4readEiii
                0x0000000000003100                _ZN3I2C4readEhh
                0x00000000000031dc                _ZN3I2C4readEii
                0x00000000000031de                _ZN3I2C5writeEhhPhh
                0x0000000000003284                _ZN3I2C5writeEhhPc
                0x00000000000032aa                _ZN3I2C5writeEhhh
                0x000000000000331e                _ZN3I2C5writeEiii
                0x0000000000003320                _ZN3I2C5writeEhh
                0x0000000000003398                _ZN3I2C5writeEii
                0x000000000000339a                _ZN3I2C4scanEv
                0x0000000000003458                _ZN3I2C6lockUpEv
 .text          0x0000000000003466      0x856 ./inc/Sd2Card.o
                0x000000000000349c                _ZN7Sd2Card14chipSelectHighEv
                0x00000000000034a6                _ZN7Sd2Card13chipSelectLowEv
                0x00000000000034be                _ZN7Sd2Card8readDataEPhj
                0x0000000000003510                _ZN7Sd2Card10setSckRateEh
                0x0000000000003524                _ZN7Sd2Card11waitNotBusyEj
                0x000000000000355a                _ZN7Sd2Card11cardCommandEhm
                0x00000000000035e8                _ZN7Sd2Card8cardAcmdEhm
                0x0000000000003622                _ZN7Sd2Card4initEhh
                0x000000000000377a                _ZN7Sd2Card14waitStartBlockEv
                0x00000000000037c4                _ZN7Sd2Card12readRegisterEhPv
                0x0000000000003808                _ZN7Sd2Card7readCSDEP5csd_t
                0x000000000000380e                _ZN7Sd2Card22eraseSingleBlockEnableEv
                0x0000000000003848                _ZN7Sd2Card5eraseEmm
                0x000000000000396e                _ZN7Sd2Card8cardSizeEv
                0x0000000000003a74                _ZN7Sd2Card9readBlockEmPh
                0x0000000000003ae2                _ZN7Sd2Card9writeDataEhPKh
                0x0000000000003b3e                _ZN7Sd2Card9writeDataEPKh
                0x0000000000003b80                _ZN7Sd2Card10writeBlockEmPKh
                0x0000000000003c14                _ZN7Sd2Card10writeStartEmm
                0x0000000000003c80                _ZN7Sd2Card9writeStopEv
 .text          0x0000000000003cbc      0x42e ./inc/SdFat.o
                0x0000000000003cbc                _ZN8SdVolume4initEP7Sd2Card
                0x0000000000003cea                _ZN6SdFileD1Ev
                0x0000000000003d00                _ZN5SdFat5chdirEv
                0x0000000000003d30                _ZN5SdFat5chdirEPKc
                0x0000000000003e10                _ZN5SdFat10errorPrintEv
                0x0000000000003e3e                _ZN5SdFat9errorHaltEv
                0x0000000000003e42                _ZN5SdFat10errorPrintEPKc
                0x0000000000003e6c                _ZN5SdFat9errorHaltEPKc
                0x0000000000003e70                _ZN5SdFat12errorPrint_PEPKc
                0x0000000000003e94                _ZN5SdFat11errorHalt_PEPKc
                0x0000000000003e98                _ZN5SdFat6existsEPKc
                0x0000000000003e9e                _ZN5SdFat4initEhh
                0x0000000000003ed0                _ZN5SdFat14initErrorPrintEv
                0x0000000000003f18                _ZN5SdFat13initErrorHaltEv
                0x0000000000003f1c                _ZN5SdFat2lsEh
                0x0000000000003f2a                _ZN5SdFat2lsEP5Printh
                0x0000000000003f32                _ZN5SdFat5mkdirEPKcb
                0x0000000000003f90                _ZN5SdFat6removeEPKc
                0x0000000000003f96                _ZN5SdFat6renameEPKcS1_
                0x0000000000004012                _ZN5SdFat5rmdirEPKc
                0x0000000000004072                _ZN5SdFat8truncateEPKcm
 .text          0x00000000000040ea       0x8a ./inc/SdFatUtil.o
                0x00000000000040ea                _ZN9SdFatUtil7FreeRamEv
                0x0000000000004124                _ZN9SdFatUtil7print_PEP5PrintPKc
                0x0000000000004150                _ZN9SdFatUtil9println_PEP5PrintPKc
                0x0000000000004164                _ZN9SdFatUtil13SerialPrint_PEPKc
                0x000000000000416c                _ZN9SdFatUtil15SerialPrintln_PEPKc
 .text          0x0000000000004174     0x27b2 ./inc/SdFile.o
                0x00000000000041a0                _ZN8SdVolume9fatPutEOCEm
                0x00000000000041b6                _ZN6SdFile10addClusterEv
                0x000000000000420a                _ZN6SdFile13addDirClusterEv
                0x0000000000004324                _ZN6SdFile13cacheDirEntryEh
                0x0000000000004360                _ZN6SdFile15contiguousRangeEPmS0_
                0x00000000000044c4                _ZN6SdFile7dirNameERK14directoryEntryPc
                0x0000000000004500                _ZN6SdFile11getFilenameEPc
                0x0000000000004534                _ZN6SdFile6getposEP6fpos_t
                0x0000000000004562                _ZN6SdFile10make83NameEPKcPhPS1_
                0x00000000000045e4                _ZN6SdFile8openRootEP8SdVolume
                0x000000000000468a                _ZN6SdFile12printDirNameEP5PrintRK14directoryEntryhb
                0x000000000000471a                _ZN6SdFile12printDirNameERK14directoryEntryhb
                0x000000000000472a                _ZN6SdFile12printFatDateEP5Printj
                0x0000000000004784                _ZN6SdFile12printFatDateEj
                0x000000000000478c                _ZN6SdFile12printFatTimeEP5Printj
                0x00000000000047e0                _ZN6SdFile12printFatTimeEj
                0x00000000000047e8                _ZN6SdFile9printNameEv
                0x0000000000004834                _ZN6SdFile4readEPvj
                0x0000000000004a96                _ZN6SdFile4readEv
                0x0000000000004ac6                _ZN6SdFile4peekEv
                0x0000000000004b1c                _ZN6SdFile11lsPrintNextEP5Printhh
                0x0000000000004c9c                _ZN6SdFile9lsJKWNextEPciPm
                0x0000000000004db0                _ZN6SdFile5fgetsEPciS0_
                0x0000000000004e84                _ZN6SdFile7readDirEP14directoryEntry
                0x0000000000004eee                _ZN6SdFile12readDirCacheEv
                0x0000000000004f64                _ZN6SdFile7seekSetEm
                0x000000000000509c                _ZN6SdFile7seekEndEl
                0x00000000000050ba                _ZN6SdFile6rewindEv
                0x00000000000050c2                _ZN6SdFile6setposEP6fpos_t
                0x00000000000050ee                _ZN6SdFile4syncEv
                0x0000000000005182                _ZN6SdFile8dirEntryEP14directoryEntry
                0x00000000000051c4                _ZN6SdFile5closeEv
                0x00000000000051f2                _ZN6SdFile9timestampEhjhhhhh
                0x0000000000005322                _ZN6SdFile8truncateEm
                0x000000000000548a                _ZN6SdFile6removeEv
                0x00000000000054be                _ZN6SdFile5rmdirEv
                0x0000000000005548                _ZN6SdFile15openCachedEntryEhh
                0x0000000000005654                _ZN6SdFile8openNextEPS_h
                0x00000000000056ea                _ZN6SdFile4openEPS_jh
                0x000000000000576a                _ZN6SdFile8rmRfStarEv
                0x00000000000058a4                _ZN6SdFile2lsEP5Printhh
                0x00000000000059a0                _ZN6SdFile2lsEh
                0x00000000000059aa                _ZN6SdFile10openParentEPS_
                0x0000000000005ba6                _ZN6SdFile4openEPS_PKhh
                0x0000000000005d32                _ZN6SdFile4openEPS_PKch
                0x0000000000005eca                _ZN6SdFile6removeEPS_PKc
                0x0000000000005f2e                _ZN6SdFile4openEPKch
                0x0000000000005f3e                _ZN6SdFileC1EPKch
                0x0000000000005f3e                _ZN6SdFileC2EPKch
                0x0000000000005f4e                _ZN6SdFile6existsEPKc
                0x0000000000005fa8                _ZN6SdFile16createContiguousEPS_PKcm
                0x0000000000006034                _ZN6SdFile5mkdirEPS_PKh
                0x00000000000061b6                _ZN6SdFile5mkdirEPS_PKcb
                0x0000000000006366                _ZN6SdFile6renameEPS_PKc
                0x000000000000655a                _ZN6SdFile5writeEPKvj
                0x00000000000068aa                _ZN6SdFile5writeEPKc
                0x00000000000068be                _ZN6SdFile5writeEh
                0x00000000000068de                _ZN6SdFile7write_PEPKc
                0x0000000000006910                _ZN6SdFile9writeln_PEPKc
 .text          0x0000000000006926      0x2c8 ./inc/SdStream.o
                0x0000000000006926                _ZN6SdFile7seekCurEl
                0x0000000000006946                _ZN6SdBase5getchEv
                0x0000000000006a00                _ZN6SdBase4openEPKch
                0x0000000000006ac0                _ZN6SdBase5putchEc
                0x0000000000006b20                _ZN6SdBase6putstrEPKc
                0x0000000000006ba0                _ZN6SdBase7seekoffElN8ios_base7seekdirE
                0x0000000000006bea                _ZN6SdBase7seekposEm
 .text          0x0000000000006bee      0xa8e ./inc/SdVolume.o
                0x0000000000006bee                _ZN8SdVolume10cacheFlushEv
                0x0000000000006c68                _ZN8SdVolume13cacheRawBlockEmh
                0x0000000000006cec                _ZNK8SdVolume6fatGetEmPm
                0x0000000000006dec                _ZNK8SdVolume9chainSizeEmPm
                0x0000000000006ed2                _ZN8SdVolume6fatPutEmm
                0x000000000000700e                _ZN8SdVolume15allocContiguousEmPm
                0x000000000000722c                _ZN8SdVolume9freeChainEm
                0x00000000000072e2                _ZN8SdVolume16freeClusterCountEv
                0x0000000000007416                _ZN8SdVolume4initEP7Sd2Cardh
 .text          0x000000000000767c      0xd62 ./inc/istream.o
                0x000000000000767c                _ZN7istream5getchEP6fpos_t
                0x00000000000076a2                _ZN7istream3getEv
                0x00000000000076e6                _ZN7istream3getERc
                0x0000000000007704                _ZN7istream3getEPcmc
                0x000000000000781c                _ZN7istream7getlineEPcmc
                0x0000000000007954                _ZN7istream6ignoreEmi
                0x00000000000079bc                _ZN7istream4peekEv
                0x0000000000007a70                _ZN7istream8readSkipEv
                0x0000000000007ab6                _ZN7istream6getStrEPc
                0x0000000000007c08                _ZN7istream9getNumberEmmPm
                0x0000000000007e90                _ZN7istream8getFloatEPf
                0x00000000000081e4                _ZN7istream7getCharEPc
                0x000000000000821c                _ZN7istream9skipWhiteEv
                0x000000000000828c                _ZN7istream9getNumberIbEEvPT_
                0x00000000000082f6                _ZN7istream7getBoolEPb
 .text          0x00000000000083de      0x64a ./inc/ostream.o
                0x00000000000083de                _ZN7ostream7do_fillEj
                0x000000000000842e                _ZN7ostream13fill_not_leftEj
                0x0000000000008454                _ZN7ostream6fmtNumEmPch
                0x00000000000084f0                _ZN7ostream7putCharEc
                0x0000000000008520                _ZN7ostream6putNumEmb
                0x0000000000008684                _ZN7ostream6putNumEl
                0x00000000000086be                _ZN7ostream6putPgmERK3pgm
                0x0000000000008710                _ZN7ostream9putDoubleEd
                0x0000000000008984                _ZN7ostream7putBoolEb
                0x00000000000089e0                _ZN7ostream6putStrEPKc
 .text          0x0000000000008a28        0x0 ./inc/pins_arduino.o
 .text          0x0000000000008a28     0x1af6 ./inc/ssd0323.o
                0x0000000000008a28                _ZN7ssd032310senden_spiEh
                0x0000000000008a4c                _ZN7ssd032312send_commandEh
                0x0000000000008a54                _ZN7ssd03239send_charEh
                0x0000000000008a58                _ZN7ssd032312clear_screenEv
                0x0000000000008a9e                _ZN7ssd032310set2pixelsEhhhh
                0x0000000000008b0c                _ZN7ssd03234lineEhhhhh
                0x0000000000008fc6                _ZN7ssd032314zeichen_big_1xEPhhiiiih
                0x0000000000009242                _ZN7ssd032316zeichen_small_1xEPhhiiiih
                0x00000000000093dc                _ZN7ssd032316zeichen_small_2xEPhhiiiih
                0x00000000000095d6                _ZN7ssd032316zeichen_small_3xEPhhiiiih
                0x000000000000985e                _ZN7ssd032316zeichen_small_4xEPhhiiiih
                0x0000000000009aa6                _ZN7ssd03236stringEsPKchhhhh
                0x000000000000a0ae                _ZN7ssd03236stringEsPKchh
                0x000000000000a0ca                _ZN7ssd03238string_PEsPKchhhhh
                0x000000000000a166                _ZN7ssd03238string_PEsPKchh
                0x000000000000a182                _ZN7ssd032311filled_rectEhhhhh
                0x000000000000a258                _ZN7ssd032313highlight_barEhhhh
                0x000000000000a34e                _ZN7ssd03234initEhh
                0x000000000000a51c                _ZN7ssd0323C1Ev
                0x000000000000a51c                _ZN7ssd0323C2Ev
 .text          0x000000000000a51e     0x12dc ./aktors.o
                0x000000000000a51e                _ZN13Speedo_aktorsC2Ev
                0x000000000000a51e                _ZN13Speedo_aktorsC1Ev
                0x000000000000a544                _ZN13Speedo_aktorsD2Ev
                0x000000000000a544                _ZN13Speedo_aktorsD1Ev
                0x000000000000a546                _ZN13Speedo_aktors10clear_varsEv
                0x000000000000a57a                _ZN13Speedo_aktors10check_varsEv
                0x000000000000a65c                _ZN13Speedo_aktors11set_rgb_outEiiii
                0x000000000000a70a                _ZN13Speedo_aktors11set_rgb_outEiii
                0x000000000000a71a                _ZN13Speedo_aktors11dimm_rgb_toEiiii
                0x000000000000a7a2                _ZN13Speedo_aktors14timer_overflowEv
                0x000000000000aa16                __vector_35
                0x000000000000aa6c                _ZN13Speedo_aktors11stop_dimmerEv
                0x000000000000aa78                _ZN13Speedo_aktors14dimm_availableEv
                0x000000000000aa94                _ZN13Speedo_aktors17set_active_dimmerEb
                0x000000000000aa9e                _ZN13Speedo_aktors17update_outer_ledsEbb
                0x000000000000b026                _ZN13Speedo_aktors4initEv
                0x000000000000b0d6                _ZN13Speedo_aktors6ask_btEPc
                0x000000000000b1d4                _ZN13Speedo_aktors10set_bt_pinEv
 .text          0x000000000000b7fa      0x198 ./blinker.o
                0x000000000000b7fa                _ZN13moped_blinkerC1Ev
                0x000000000000b7fa                _ZN13moped_blinkerC2Ev
                0x000000000000b7fc                _ZN13moped_blinkerD2Ev
                0x000000000000b7fc                _ZN13moped_blinkerD1Ev
                0x000000000000b7fe                _ZN13moped_blinker9set_startEmi
                0x000000000000b834                _ZN13moped_blinker5checkEv
                0x000000000000b8ec                _ZN13moped_blinker4warnEm
                0x000000000000b930                _ZN13moped_blinker4initEv
                0x000000000000b948                _ZN13moped_blinker10clear_varsEv
                0x000000000000b95c                _ZN13moped_blinker10check_varsEv
 .text          0x000000000000b992      0x322 ./clock_me.o
                0x000000000000b992                _ZN12speedo_clockC2Ev
                0x000000000000b992                _ZN12speedo_clockC1Ev
                0x000000000000b994                _ZN12speedo_clockD1Ev
                0x000000000000b994                _ZN12speedo_clockD2Ev
                0x000000000000b996                _ZN12speedo_clock7changedEPi
                0x000000000000b9bc                _ZN12speedo_clock8decToBcdEc
                0x000000000000b9cc                _ZN12speedo_clock8bcdToDecEc
                0x000000000000b9e4                _ZN12speedo_clock13set_date_timeEiiiiiiii
                0x000000000000baea                _ZN12speedo_clock4initEv
                0x000000000000bafa                _ZN12speedo_clock10clear_varsEv
                0x000000000000bb1a                _ZN12speedo_clock10check_varsEv
                0x000000000000bb1e                _ZN12speedo_clock7getdateEv
                0x000000000000bb42                _ZN12speedo_clock13get_long_dateEv
                0x000000000000bbce                _ZN12speedo_clock9get_daylsEv
                0x000000000000bbd6                _ZN12speedo_clock6get_ssEv
                0x000000000000bbe0                _ZN12speedo_clock3incEv
                0x000000000000bc2c                _ZN12speedo_clock4copyEPc
 .text          0x000000000000bcb4     0x440a ./config.o
                0x000000000000bcca                _ZN13configurationC2Ev
                0x000000000000bcca                _ZN13configurationC1Ev
                0x000000000000bccc                _ZN13configurationD1Ev
                0x000000000000bccc                _ZN13configurationD2Ev
                0x000000000000bcce                _ZN13configuration14get_hw_versionEv
                0x000000000000bd26                _ZN13configuration8ram_infoEv
                0x000000000000bd62                _ZN13configuration5writeEPKc
                0x000000000000dccc                _ZN13configuration10clear_varsEv
                0x000000000000dcea                _ZN13configuration11parse_floatEPciPf
                0x000000000000df6c                _ZN13configuration10parse_boolEPciPb
                0x000000000000dfa8                _ZN13configuration9parse_intEPciPi
                0x000000000000dffe                _ZN13configuration11parse_shortEPciPs
                0x000000000000e048                _ZN13configuration7parse_aEPciS0_i
                0x000000000000e0b6                _ZN13configuration8parse_ulEPciPm
                0x000000000000e160                _ZN13configuration5parseEPc
                0x000000000000f94a                _ZN13configuration4readEPKc
                0x000000000000fbce                _ZN13configuration9read_skinEv
                0x000000000000fc62                _ZN13configuration7km_saveEv
                0x000000000000fe3a                _ZN13configuration14day_trip_checkEv
                0x000000000000ff5a                _ZN13configuration11EEPROM_initEv
 .text          0x00000000000100be       0x6e ./debug.o
                0x00000000000100be                _ZN9debuggingC1Ev
                0x00000000000100be                _ZN9debuggingC2Ev
                0x00000000000100c0                _ZN9debuggingD1Ev
                0x00000000000100c0                _ZN9debuggingD2Ev
                0x00000000000100c2                _ZN9debugging7sprintpEPKc
                0x00000000000100ec                _ZN9debugging9sprintlnpEPKc
                0x000000000001011e                _ZN9debugging11parse_floatEiPciii
                0x0000000000010120                _ZN9debugging9parse_intEv
                0x0000000000010122                _ZN9debugging5parseEiPc
                0x0000000000010124                _ZN9debugging7parse_aEiPc
                0x0000000000010126                _ZN9debugging8parse_ulEim
                0x0000000000010128                _ZN9debugging11speedo_loopEiimPKc
                0x000000000001012a                _ZN9debugging4loopEv
 .text          0x000000000001012c     0x1c1e ./display.o
                0x0000000000010142                _ZN11speedo_dispC1Ev
                0x0000000000010142                _ZN11speedo_dispC2Ev
                0x0000000000010146                _ZN11speedo_dispD2Ev
                0x0000000000010146                _ZN11speedo_dispD1Ev
                0x0000000000010148                _ZN11speedo_disp8draw_oilEhh
                0x0000000000010412                _ZN11speedo_disp10draw_waterEhh
                0x00000000000106dc                _ZN11speedo_disp8draw_airEhh
                0x00000000000107e6                _ZN11speedo_disp9draw_fuelEhh
                0x0000000000010910                _ZN11speedo_disp10draw_clockEhh
                0x0000000000010a3a                _ZN11speedo_disp12draw_blitzerEhh
                0x0000000000010cb4                _ZN11speedo_disp10draw_arrowEiii
                0x0000000000011290                _ZN11speedo_disp6sd2ssdEPci
                0x000000000001145c                _ZN11speedo_disp11show_storryEPcjS0_j
                0x00000000000116f8                _ZN11speedo_disp14show_animationEPKc
                0x00000000000119f0                _ZN11speedo_disp12disp_waitingEihh
                0x0000000000011aa4                _ZN11speedo_disp9animationEi
                0x0000000000011b34                _ZN11speedo_disp11init_speedoEv
 .text          0x0000000000011d4a      0x38e ./dz.o
                0x0000000000011d4a                _Z6helperv
                0x0000000000011d64                _ZN9speedo_dzC2Ev
                0x0000000000011d64                _ZN9speedo_dzC1Ev
                0x0000000000011d66                _ZN9speedo_dz7counterEv
                0x0000000000011d76                _ZN9speedo_dz4calcEv
                0x0000000000012046                _ZN9speedo_dz4initEv
                0x0000000000012076                _ZN9speedo_dz10clear_varsEv
                0x00000000000120a4                _ZN9speedo_dz10check_varsEv
 .text          0x00000000000120d8      0xc72 ./file_manager_v2.o
                0x00000000000120ee                _ZN21speedo_filemanager_v2C1Ev
                0x00000000000120ee                _ZN21speedo_filemanager_v2C2Ev
                0x0000000000012106                _ZN21speedo_filemanager_v2D1Ev
                0x0000000000012106                _ZN21speedo_filemanager_v2D2Ev
                0x000000000001211e                _ZN21speedo_filemanager_v215get_file_handleEPhS0_P6SdFileS2_h
                0x00000000000123ae                _ZN21speedo_filemanager_v213parse_commandEv
 .text          0x0000000000012d4a      0x280 ./fuel.o
                0x0000000000012d4a                _ZN11speedo_fuelC1Ev
                0x0000000000012d4a                _ZN11speedo_fuelC2Ev
                0x0000000000012d4c                _ZN11speedo_fuelD2Ev
                0x0000000000012d4c                _ZN11speedo_fuelD1Ev
                0x0000000000012d4e                _ZN11speedo_fuel8get_fuelEPc
                0x0000000000012f7a                _ZN11speedo_fuel4initEv
                0x0000000000012f7c                _ZN11speedo_fuel10clear_varsEv
                0x0000000000012f90                _ZN11speedo_fuel10check_varsEv
 .text          0x0000000000012fca      0x7aa ./gear.o
                0x0000000000012fca                _ZN11speedo_gearC2Ev
                0x0000000000012fca                _ZN11speedo_gearC1Ev
                0x0000000000012fcc                _ZN11speedo_gearD1Ev
                0x0000000000012fcc                _ZN11speedo_gearD2Ev
                0x0000000000012fce                _ZN11speedo_gear4initEv
                0x0000000000012ff6                _ZN11speedo_gear10check_varsEv
                0x0000000000013074                _ZN11speedo_gear10clear_varsEv
                0x000000000001309e                _ZN11speedo_gear4calcEv
                0x000000000001330c                _ZN11speedo_gear3getEv
                0x0000000000013324                _ZN11speedo_gear9calibrateEv
 .text          0x0000000000013774     0x229c ./gps.o
                0x000000000001378a                _ZN10speedo_gpsC1Ev
                0x000000000001378a                _ZN10speedo_gpsC2Ev
                0x000000000001378c                _ZN10speedo_gpsD1Ev
                0x000000000001378c                _ZN10speedo_gpsD2Ev
                0x000000000001378e                _ZN10speedo_gps10clear_varsEv
                0x0000000000013874                _ZN10speedo_gps10check_varsEv
                0x0000000000013878                _ZN10speedo_gps9recv_dataEv
                0x00000000000139cc                __vector_36
                0x0000000000013a26                _ZN10speedo_gps8get_infoEh
                0x0000000000013b42                _ZN10speedo_gps11store_to_sdEv
                0x0000000000013c10                _ZN10speedo_gps3modEmm
                0x0000000000013c96                _ZN10speedo_gps11nmea_to_decEm
                0x0000000000013d52                _ZN10speedo_gps9calc_distEmm
                0x0000000000013fda                _ZN10speedo_gps9get_orderEPc
                0x000000000001425a                _ZN10speedo_gps18generate_new_orderEv
                0x0000000000014652                _ZN10speedo_gps9calc_naviEv
                0x0000000000014ada                _ZN10speedo_gps5parseEPci
                0x00000000000152f0                _ZN10speedo_gps10check_flagEv
                0x0000000000015392                _ZN10speedo_gps4loopEv
                0x0000000000015678                _ZN10speedo_gps17get_logged_pointsEPci
                0x00000000000159a6                _ZN10speedo_gps8SendByteEh
                0x00000000000159b4                _ZN10speedo_gps10SendStringEPKc
                0x00000000000159e4                _ZN10speedo_gps4initEv
 .text          0x0000000000015a10       0x38 ./helper.o
                0x0000000000015a10                __cxa_pure_virtual
                0x0000000000015a14                _Znwj
                0x0000000000015a18                _ZdlPv
                0x0000000000015a1c                _Znaj
                0x0000000000015a20                _ZdaPv
                0x0000000000015a2a                _Z19__cxa_guard_acquirePx
                0x0000000000015a3e                _Z19__cxa_guard_releasePx
                0x0000000000015a46                _Z17__cxa_guard_abortPx
 .text          0x0000000000015a48      0x444 ./main.o
                0x0000000000015a48                _Z11init_speedov
                0x0000000000015bd8                main
 .text          0x0000000000015e8c     0x6e26 ./menu.o
                0x0000000000015ea2                _ZN11speedo_menuC2Ev
                0x0000000000015ea2                _ZN11speedo_menuC1Ev
                0x0000000000015ea4                _ZN11speedo_menuD2Ev
                0x0000000000015ea4                _ZN11speedo_menuD1Ev
                0x0000000000015ea6                _ZN11speedo_menu4backEv
                0x0000000000015fa6                _ZN11speedo_menu5yesnoEPKcS1_S1_
                0x00000000000160ec                _ZN11speedo_menu4drawEPPKci
                0x00000000000163c8                _ZN11speedo_menu7go_leftEb
                0x0000000000016498                _ZN11speedo_menu8go_rightEb
                0x000000000001650e                _ZN11speedo_menu5go_upEb
                0x0000000000016620                _ZN11speedo_menu7go_downEb
                0x000000000001671c                _ZN11speedo_menu4initEv
                0x000000000001678e                _ZN11speedo_menu11set_buttonsEbbbb
                0x000000000001679e                _ZN11speedo_menu9center_meEPci
                0x00000000000168e4                _ZN11speedo_menu17color_select_menuEiP10led_simpleS1_PiS2_ibPKcS4_cb
                0x0000000000017678                _ZN11speedo_menu7displayEv
                0x000000000001c904                _ZN11speedo_menu11button_testEbb
                0x000000000001cbb6                __vector_10
                0x000000000001cc10                _ZN11speedo_menu5popupEPKcS1_
 .text          0x000000000001ccb2      0x108 ./oiler.o
                0x000000000001ccb2                _ZN12speedo_oilerC2Ev
                0x000000000001ccb2                _ZN12speedo_oilerC1Ev
                0x000000000001ccb4                _ZN12speedo_oilerD2Ev
                0x000000000001ccb4                _ZN12speedo_oilerD1Ev
                0x000000000001ccb6                _ZN12speedo_oiler4initEv
                0x000000000001ccd6                _ZN12speedo_oiler10check_varsEv
                0x000000000001cd00                _ZN12speedo_oiler10clear_varsEv
                0x000000000001cd08                _ZN12speedo_oiler12send_impulseEv
                0x000000000001cd5e                _ZN12speedo_oiler11check_valueEv
 .text          0x000000000001cdba      0x2a8 ./reset.o
                0x000000000001cdba                _ZN12speedo_resetC1Ev
                0x000000000001cdba                _ZN12speedo_resetC2Ev
                0x000000000001cdbc                _ZN12speedo_resetD2Ev
                0x000000000001cdbc                _ZN12speedo_resetD1Ev
                0x000000000001cdbe                _ZN12speedo_reset10check_varsEv
                0x000000000001cdc2                _ZN12speedo_reset10set_activeEbb
                0x000000000001ce10                _ZN12speedo_reset12set_deactiveEbb
                0x000000000001ce5c                _ZN12speedo_reset4initEv
                0x000000000001cec2                _ZN12speedo_reset7restoreEv
                0x000000000001ced6                _ZN12speedo_reset6toggleEv
                0x000000000001cf34                _ZN12speedo_reset9ask_resetEv
                0x000000000001d03a                _ZN12speedo_reset10clear_varsEv
 .text          0x000000000001d062      0x17e ./sd.o
                0x000000000001d090                _ZN9speedo_sdC1Ev
                0x000000000001d090                _ZN9speedo_sdC2Ev
                0x000000000001d0ac                _ZN9speedo_sdD1Ev
                0x000000000001d0ac                _ZN9speedo_sdD2Ev
                0x000000000001d0ae                _ZN9speedo_sd7error_PEPKc
                0x000000000001d104                _ZN9speedo_sd9writeCRLFER6SdFile
                0x000000000001d112                _ZN9speedo_sd11writeStringER6SdFilePc
                0x000000000001d130                _ZN9speedo_sd10power_downEv
                0x000000000001d132                _ZN9speedo_sd8power_upEv
                0x000000000001d1c2                _ZN9speedo_sd4initEv
 .text          0x000000000001d1e0      0x9de ./sensors.o
                0x000000000001d1e0                _ZN14Speedo_sensorsC1Ev
                0x000000000001d1e0                _ZN14Speedo_sensorsC2Ev
                0x000000000001d2b4                _ZN14Speedo_sensorsD2Ev
                0x000000000001d2b4                _ZN14Speedo_sensorsD1Ev
                0x000000000001d2b6                _ZN14Speedo_sensors10clear_varsEv
                0x000000000001d314                _ZN14Speedo_sensors10check_varsEv
                0x000000000001d420                _ZN14Speedo_sensors11single_readEv
                0x000000000001d52a                _ZN14Speedo_sensors4initEv
                0x000000000001d598                _ZN14Speedo_sensors6flatItEiPhcf
                0x000000000001d674                _ZN14Speedo_sensors4loopEv
 .text          0x000000000001dbbe      0x8ba ./speed.o
                0x000000000001dbbe                _ZN12speedo_speedC2Ev
                0x000000000001dbbe                _ZN12speedo_speedC1Ev
                0x000000000001dbc0                _ZN12speedo_speedD2Ev
                0x000000000001dbc0                _ZN12speedo_speedD1Ev
                0x000000000001dbc2                _ZN12speedo_speed4calcEv
                0x000000000001dd78                _Z12helper_speedv
                0x000000000001dd86                _ZN12speedo_speed4initEv
                0x000000000001dda8                _ZN12speedo_speed10clear_varsEv
                0x000000000001de14                _ZN12speedo_speed10check_varsEv
                0x000000000001de90                _ZN12speedo_speed8getSpeedEv
                0x000000000001df1c                _ZN12speedo_speed13get_sat_speedEv
                0x000000000001df54                _ZN12speedo_speed13get_mag_speedEv
                0x000000000001df5c                _ZN12speedo_speed12check_umfangEv
 .text          0x000000000001e478     0x1f92 ./speedo.o
                0x000000000001e478                _ZN13speedo_speedo9reset_bakEv
                0x000000000001e48e                _ZN13speedo_speedo4loopEm
                0x00000000000201d2                _ZN13speedo_speedo10clear_varsEv
                0x0000000000020208                _ZN13speedo_speedo10check_varsEv
 .text          0x000000000002040a      0x536 ./sprint.o
                0x000000000002040a                _ZN13speedo_sprintC2Ev
                0x000000000002040a                _ZN13speedo_sprintC1Ev
                0x0000000000020428                _ZN13speedo_sprintD2Ev
                0x0000000000020428                _ZN13speedo_sprintD1Ev
                0x000000000002042a                _ZN13speedo_sprint4initEv
                0x0000000000020448                _ZN13speedo_sprint4loopEv
 .text          0x0000000000020940      0x204 ./stepper.o
                0x0000000000020940                _ZN14speedo_stepperC2Ev
                0x0000000000020940                _ZN14speedo_stepperC1Ev
                0x0000000000020942                _ZN14speedo_stepperD2Ev
                0x0000000000020942                _ZN14speedo_stepperD1Ev
                0x0000000000020944                _ZN14speedo_stepper13overwrite_posEi
                0x0000000000020982                _ZN14speedo_stepper5go_toEiii
                0x00000000000209fc                _ZN14speedo_stepper5go_toEi
                0x0000000000020a36                _ZN14speedo_stepper4initEv
                0x0000000000020a7a                _ZN14speedo_stepper7get_posEv
 .text          0x0000000000020b44      0x8fe ./temperature.o
                0x0000000000020b44                _ZN18speedo_temperatureC1Ev
                0x0000000000020b44                _ZN18speedo_temperatureC2Ev
                0x0000000000020b46                _ZN18speedo_temperatureD1Ev
                0x0000000000020b46                _ZN18speedo_temperatureD2Ev
                0x0000000000020b48                _ZN18speedo_temperature10clear_varsEv
                0x0000000000020bd4                _ZN18speedo_temperature10check_varsEv
                0x0000000000020d62                _ZN18speedo_temperature4initEv
                0x0000000000020d8c                _ZN18speedo_temperature13read_oil_tempEv
                0x0000000000020f3a                _ZN18speedo_temperature15read_water_tempEv
                0x0000000000021166                _ZN18speedo_temperature13read_air_tempEv
                0x0000000000021248                _ZN18speedo_temperature12get_air_tempEv
                0x0000000000021262                _ZN18speedo_temperature12get_oil_tempEv
                0x0000000000021352                _ZN18speedo_temperature14get_water_tempEv
 .text          0x0000000000021442     0x1536 ./tetris.o
                0x0000000000021442                _ZN6tetrisC1Ev
                0x0000000000021442                _ZN6tetrisC2Ev
                0x0000000000021444                _ZN6tetrisD2Ev
                0x0000000000021444                _ZN6tetrisD1Ev
                0x0000000000021446                _ZN6tetris22copy_element_to_bufferEi
                0x00000000000214f6                _ZN6tetris11new_elementEv
                0x00000000000215ee                _ZN6tetris4initEv
                0x0000000000021636                _ZN6tetris13initDrawFieldEv
                0x0000000000021966                _ZN6tetris11updateFieldEv
                0x0000000000021a98                _ZN6tetris11check_stackEv
                0x0000000000021ef6                _ZN6tetris4loopEv
                0x0000000000022896                _ZN6tetris3runEv
                0x00000000000228ca                _ZN6tetris19show_grid_on_serialEv
 .text          0x0000000000022978      0x2b2 ./timer.o
                0x0000000000022978                _ZN12speedo_timerC2Ev
                0x0000000000022978                _ZN12speedo_timerC1Ev
                0x00000000000229aa                _ZN12speedo_timerD2Ev
                0x00000000000229aa                _ZN12speedo_timerD1Ev
                0x00000000000229ac                _Z8ram_infov
                0x00000000000229d8                _ZN12speedo_timer9every_secEP13configuration
                0x0000000000022ac0                _ZN12speedo_timer10every_qsecEv
                0x0000000000022b12                _ZN12speedo_timer12every_customEv
 .text          0x0000000000022c2a      0x174 ./voltage.o
                0x0000000000022c2a                _ZN14speedo_voltageC2Ev
                0x0000000000022c2a                _ZN14speedo_voltageC1Ev
                0x0000000000022c2c                _ZN14speedo_voltageD2Ev
                0x0000000000022c2c                _ZN14speedo_voltageD1Ev
                0x0000000000022c2e                _ZN14speedo_voltage4calcEv
                0x0000000000022d2e                _ZN14speedo_voltage3getEv
                0x0000000000022d42                _ZN14speedo_voltage10check_varsEv
                0x0000000000022d46                _ZN14speedo_voltage10clear_varsEv
                0x0000000000022d50                _ZN14speedo_voltage4initEv
 .text          0x0000000000022d9e        0x0 /home/jkw/Store/17 - Speedmaster/Firmware/inc/libArduinoCore2560.a(WInterrupts.c.o)
 .text          0x0000000000022d9e        0x0 /home/jkw/Store/17 - Speedmaster/Firmware/inc/libArduinoCore2560.a(wiring.c.o)
 .text          0x0000000000022d9e        0x0 /home/jkw/Store/17 - Speedmaster/Firmware/inc/libArduinoCore2560.a(wiring_analog.c.o)
 .text          0x0000000000022d9e        0x0 /home/jkw/Store/17 - Speedmaster/Firmware/inc/libArduinoCore2560.a(wiring_digital.c.o)
 .text          0x0000000000022d9e        0x0 /home/jkw/Store/17 - Speedmaster/Firmware/inc/libArduinoCore2560.a(HardwareSerial.cpp.o)
 .text          0x0000000000022d9e        0x0 /home/jkw/Store/17 - Speedmaster/Firmware/inc/libArduinoCore2560.a(Print.cpp.o)
 .text          0x0000000000022d9e        0x0 /home/jkw/Store/17 - Speedmaster/Firmware/inc/libArduinoCore2560.a(WString.cpp.o)
 .text          0x0000000000022d9e        0x0 /usr/lib/gcc/avr/4.5.3/../../../avr/lib/avr6/libc.a(malloc.o)
 .text          0x0000000000022d9e        0x0 /usr/lib/gcc/avr/4.5.3/../../../avr/lib/avr6/libc.a(exit.o)
 .text          0x0000000000022d9e        0x0 /usr/lib/gcc/avr/4.5.3/../../../avr/lib/avr6/libc.a(isalpha.o)
 .text          0x0000000000022d9e        0x0 /usr/lib/gcc/avr/4.5.3/../../../avr/lib/avr6/libc.a(isspace.o)
 .text          0x0000000000022d9e        0x0 /usr/lib/gcc/avr/4.5.3/../../../avr/lib/avr6/libc.a(tolower.o)
 .text          0x0000000000022d9e        0x0 /usr/lib/gcc/avr/4.5.3/../../../avr/lib/avr6/libc.a(toupper.o)
 .text          0x0000000000022d9e        0x0 /usr/lib/gcc/avr/4.5.3/../../../avr/lib/avr6/libc.a(strcmp_P.o)
 .text          0x0000000000022d9e        0x0 /usr/lib/gcc/avr/4.5.3/../../../avr/lib/avr6/libc.a(strcpy_P.o)
 .text          0x0000000000022d9e        0x0 /usr/lib/gcc/avr/4.5.3/../../../avr/lib/avr6/libc.a(strlen_P.o)
 .text          0x0000000000022d9e        0x0 /usr/lib/gcc/avr/4.5.3/../../../avr/lib/avr6/libc.a(memcmp.o)
 .text          0x0000000000022d9e        0x0 /usr/lib/gcc/avr/4.5.3/../../../avr/lib/avr6/libc.a(memcpy.o)
 .text          0x0000000000022d9e        0x0 /usr/lib/gcc/avr/4.5.3/../../../avr/lib/avr6/libc.a(memset.o)
 .text          0x0000000000022d9e        0x0 /usr/lib/gcc/avr/4.5.3/../../../avr/lib/avr6/libc.a(strcat.o)
 .text          0x0000000000022d9e        0x0 /usr/lib/gcc/avr/4.5.3/../../../avr/lib/avr6/libc.a(strchr.o)
 .text          0x0000000000022d9e        0x0 /usr/lib/gcc/avr/4.5.3/../../../avr/lib/avr6/libc.a(strcmp.o)
 .text          0x0000000000022d9e        0x0 /usr/lib/gcc/avr/4.5.3/../../../avr/lib/avr6/libc.a(strcpy.o)
 .text          0x0000000000022d9e        0x0 /usr/lib/gcc/avr/4.5.3/../../../avr/lib/avr6/libc.a(strncmp.o)
 .text          0x0000000000022d9e        0x0 /usr/lib/gcc/avr/4.5.3/../../../avr/lib/avr6/libc.a(strncpy.o)
 .text          0x0000000000022d9e        0x0 /usr/lib/gcc/avr/4.5.3/../../../avr/lib/avr6/libc.a(strrchr.o)
 .text          0x0000000000022d9e        0x0 /usr/lib/gcc/avr/4.5.3/../../../avr/lib/avr6/libc.a(strstr.o)
 .text          0x0000000000022d9e        0x0 /usr/lib/gcc/avr/4.5.3/../../../avr/lib/avr6/libc.a(itoa.o)
 .text          0x0000000000022d9e        0x0 /usr/lib/gcc/avr/4.5.3/../../../avr/lib/avr6/libc.a(ltoa.o)
 .text          0x0000000000022d9e        0x0 /usr/lib/gcc/avr/4.5.3/../../../avr/lib/avr6/libc.a(ultoa.o)
 .text          0x0000000000022d9e        0x0 /usr/lib/gcc/avr/4.5.3/../../../avr/lib/avr6/libc.a(sprintf.o)
 .text          0x0000000000022d9e        0x0 /usr/lib/gcc/avr/4.5.3/../../../avr/lib/avr6/libc.a(addsf3.o)
 .text          0x0000000000022d9e        0x0 /usr/lib/gcc/avr/4.5.3/../../../avr/lib/avr6/libc.a(addsf3x.o)
 .text          0x0000000000022d9e        0x0 /usr/lib/gcc/avr/4.5.3/../../../avr/lib/avr6/libc.a(asin.o)
 .text          0x0000000000022d9e        0x0 /usr/lib/gcc/avr/4.5.3/../../../avr/lib/avr6/libc.a(cmpsf2.o)
 .text          0x0000000000022d9e        0x0 /usr/lib/gcc/avr/4.5.3/../../../avr/lib/avr6/libc.a(cos.o)
 .text          0x0000000000022d9e        0x0 /usr/lib/gcc/avr/4.5.3/../../../avr/lib/avr6/libc.a(divsf3.o)
 .text          0x0000000000022d9e        0x0 /usr/lib/gcc/avr/4.5.3/../../../avr/lib/avr6/libc.a(divsf3x.o)
 .text          0x0000000000022d9e        0x0 /usr/lib/gcc/avr/4.5.3/../../../avr/lib/avr6/libc.a(fixsfsi.o)
 .text          0x0000000000022d9e        0x0 /usr/lib/gcc/avr/4.5.3/../../../avr/lib/avr6/libc.a(fixunssfsi.o)
 .text          0x0000000000022d9e        0x0 /usr/lib/gcc/avr/4.5.3/../../../avr/lib/avr6/libc.a(floatsisf.o)
 .text          0x0000000000022d9e        0x0 /usr/lib/gcc/avr/4.5.3/../../../avr/lib/avr6/libc.a(floor.o)
 .text          0x0000000000022d9e        0x0 /usr/lib/gcc/avr/4.5.3/../../../avr/lib/avr6/libc.a(fp_arccos.o)
 .text          0x0000000000022d9e        0x0 /usr/lib/gcc/avr/4.5.3/../../../avr/lib/avr6/libc.a(fp_cmp.o)
 .text          0x0000000000022d9e        0x0 /usr/lib/gcc/avr/4.5.3/../../../avr/lib/avr6/libc.a(fp_inf.o)
 .text          0x0000000000022d9e        0x0 /usr/lib/gcc/avr/4.5.3/../../../avr/lib/avr6/libc.a(fp_mintl.o)
 .text          0x0000000000022d9e        0x0 /usr/lib/gcc/avr/4.5.3/../../../avr/lib/avr6/libc.a(fp_mpack.o)
 .text          0x0000000000022d9e        0x0 /usr/lib/gcc/avr/4.5.3/../../../avr/lib/avr6/libc.a(fp_nan.o)
 .text          0x0000000000022d9e        0x0 /usr/lib/gcc/avr/4.5.3/../../../avr/lib/avr6/libc.a(fp_powser.o)
 .text          0x0000000000022d9e        0x0 /usr/lib/gcc/avr/4.5.3/../../../avr/lib/avr6/libc.a(fp_powsodd.o)
 .text          0x0000000000022d9e        0x0 /usr/lib/gcc/avr/4.5.3/../../../avr/lib/avr6/libc.a(fp_pscA.o)
 .text          0x0000000000022d9e        0x0 /usr/lib/gcc/avr/4.5.3/../../../avr/lib/avr6/libc.a(fp_pscB.o)
 .text          0x0000000000022d9e        0x0 /usr/lib/gcc/avr/4.5.3/../../../avr/lib/avr6/libc.a(fp_rempio2.o)
 .text          0x0000000000022d9e        0x0 /usr/lib/gcc/avr/4.5.3/../../../avr/lib/avr6/libc.a(fp_round.o)
 .text          0x0000000000022d9e        0x0 /usr/lib/gcc/avr/4.5.3/../../../avr/lib/avr6/libc.a(fp_sinus.o)
 .text          0x0000000000022d9e        0x0 /usr/lib/gcc/avr/4.5.3/../../../avr/lib/avr6/libc.a(fp_split3.o)
 .text          0x0000000000022d9e        0x0 /usr/lib/gcc/avr/4.5.3/../../../avr/lib/avr6/libc.a(fp_trunc.o)
 .text          0x0000000000022d9e        0x0 /usr/lib/gcc/avr/4.5.3/../../../avr/lib/avr6/libc.a(fp_zero.o)
 .text          0x0000000000022d9e        0x0 /usr/lib/gcc/avr/4.5.3/../../../avr/lib/avr6/libc.a(gesf2.o)
 .text          0x0000000000022d9e        0x0 /usr/lib/gcc/avr/4.5.3/../../../avr/lib/avr6/libc.a(mulsf3.o)
 .text          0x0000000000022d9e        0x0 /usr/lib/gcc/avr/4.5.3/../../../avr/lib/avr6/libc.a(mulsf3x.o)
 .text          0x0000000000022d9e        0x0 /usr/lib/gcc/avr/4.5.3/../../../avr/lib/avr6/libc.a(pow.o)
 .text          0x0000000000022d9e        0x0 /usr/lib/gcc/avr/4.5.3/../../../avr/lib/avr6/libc.a(sin.o)
 .text          0x0000000000022d9e        0x0 /usr/lib/gcc/avr/4.5.3/../../../avr/lib/avr6/libc.a(sqrt.o)
 .text          0x0000000000022d9e        0x0 /usr/lib/gcc/avr/4.5.3/../../../avr/lib/avr6/libc.a(vfprintf_std.o)
 .text          0x0000000000022d9e        0x0 /usr/lib/gcc/avr/4.5.3/../../../avr/lib/avr6/libc.a(eerd_byte_atmega2560.o)
 .text          0x0000000000022d9e        0x0 /usr/lib/gcc/avr/4.5.3/../../../avr/lib/avr6/libc.a(eewr_byte_atmega2560.o)
 .text          0x0000000000022d9e        0x0 /usr/lib/gcc/avr/4.5.3/../../../avr/lib/avr6/libc.a(cty_isfalse.o)
 .text          0x0000000000022d9e        0x0 /usr/lib/gcc/avr/4.5.3/../../../avr/lib/avr6/libc.a(strnlen_P.o)
 .text          0x0000000000022d9e        0x0 /usr/lib/gcc/avr/4.5.3/../../../avr/lib/avr6/libc.a(strnlen.o)
 .text          0x0000000000022d9e        0x0 /usr/lib/gcc/avr/4.5.3/../../../avr/lib/avr6/libc.a(strrev.o)
 .text          0x0000000000022d9e        0x0 /usr/lib/gcc/avr/4.5.3/../../../avr/lib/avr6/libc.a(fputc.o)
 .text          0x0000000000022d9e        0x0 /usr/lib/gcc/avr/4.5.3/../../../avr/lib/avr6/libc.a(ultoa_invert.o)
 .text          0x0000000000022d9e        0x0 /usr/lib/gcc/avr/4.5.3/../../../avr/lib/avr6/libc.a(exp.o)
 .text          0x0000000000022d9e        0x0 /usr/lib/gcc/avr/4.5.3/../../../avr/lib/avr6/libc.a(fp_norm2.o)
 .text          0x0000000000022d9e        0x0 /usr/lib/gcc/avr/4.5.3/../../../avr/lib/avr6/libc.a(inverse.o)
 .text          0x0000000000022d9e        0x0 /usr/lib/gcc/avr/4.5.3/../../../avr/lib/avr6/libc.a(ldexp.o)
 .text          0x0000000000022d9e        0x0 /usr/lib/gcc/avr/4.5.3/../../../avr/lib/avr6/libc.a(log.o)
 .text          0x0000000000022d9e        0x0 /usr/lib/gcc/avr/4.5.3/../../../avr/lib/avr6/libc.a(modf.o)
 .text          0x0000000000022d9e        0x0 /usr/lib/gcc/avr/4.5.3/avr6/libgcc.a(_mulsi3.o)
 .text          0x0000000000022d9e        0x0 /usr/lib/gcc/avr/4.5.3/avr6/libgcc.a(_udivmodqi4.o)
 .text          0x0000000000022d9e        0x0 /usr/lib/gcc/avr/4.5.3/avr6/libgcc.a(_udivmodhi4.o)
 .text          0x0000000000022d9e        0x0 /usr/lib/gcc/avr/4.5.3/avr6/libgcc.a(_divmodhi4.o)
 .text          0x0000000000022d9e        0x0 /usr/lib/gcc/avr/4.5.3/avr6/libgcc.a(_udivmodsi4.o)
 .text          0x0000000000022d9e        0x0 /usr/lib/gcc/avr/4.5.3/avr6/libgcc.a(_divmodsi4.o)
 .text          0x0000000000022d9e        0x0 /usr/lib/gcc/avr/4.5.3/avr6/libgcc.a(_exit.o)
 .text          0x0000000000022d9e        0x0 /usr/lib/gcc/avr/4.5.3/avr6/libgcc.a(_copy_data.o)
 .text          0x0000000000022d9e        0x0 /usr/lib/gcc/avr/4.5.3/avr6/libgcc.a(_clear_bss.o)
 .text          0x0000000000022d9e        0x0 /usr/lib/gcc/avr/4.5.3/avr6/libgcc.a(_ctors.o)
 .text          0x0000000000022d9e        0x0 /usr/lib/gcc/avr/4.5.3/avr6/libgcc.a(_tablejump_elpm.o)
                0x0000000000022d9e                . = ALIGN (0x2)
 *(.text.*)
 .text.attachInterrupt
                0x0000000000022d9e       0xf8 /home/jkw/Store/17 - Speedmaster/Firmware/inc/libArduinoCore2560.a(WInterrupts.c.o)
                0x0000000000022d9e                attachInterrupt
 .text.detachInterrupt
                0x0000000000022e96       0x58 /home/jkw/Store/17 - Speedmaster/Firmware/inc/libArduinoCore2560.a(WInterrupts.c.o)
                0x0000000000022e96                detachInterrupt
 .text.__vector_1
                0x0000000000022eee       0x62 /home/jkw/Store/17 - Speedmaster/Firmware/inc/libArduinoCore2560.a(WInterrupts.c.o)
                0x0000000000022eee                __vector_1
 .text.__vector_2
                0x0000000000022f50       0x62 /home/jkw/Store/17 - Speedmaster/Firmware/inc/libArduinoCore2560.a(WInterrupts.c.o)
                0x0000000000022f50                __vector_2
 .text.__vector_3
                0x0000000000022fb2       0x62 /home/jkw/Store/17 - Speedmaster/Firmware/inc/libArduinoCore2560.a(WInterrupts.c.o)
                0x0000000000022fb2                __vector_3
 .text.__vector_4
                0x0000000000023014       0x62 /home/jkw/Store/17 - Speedmaster/Firmware/inc/libArduinoCore2560.a(WInterrupts.c.o)
                0x0000000000023014                __vector_4
 .text.__vector_5
                0x0000000000023076       0x62 /home/jkw/Store/17 - Speedmaster/Firmware/inc/libArduinoCore2560.a(WInterrupts.c.o)
                0x0000000000023076                __vector_5
 .text.__vector_6
                0x00000000000230d8       0x62 /home/jkw/Store/17 - Speedmaster/Firmware/inc/libArduinoCore2560.a(WInterrupts.c.o)
                0x00000000000230d8                __vector_6
 .text.__vector_7
                0x000000000002313a       0x62 /home/jkw/Store/17 - Speedmaster/Firmware/inc/libArduinoCore2560.a(WInterrupts.c.o)
                0x000000000002313a                __vector_7
 .text.__vector_8
                0x000000000002319c       0x62 /home/jkw/Store/17 - Speedmaster/Firmware/inc/libArduinoCore2560.a(WInterrupts.c.o)
                0x000000000002319c                __vector_8
 .text.__vector_23
                0x00000000000231fe       0x90 /home/jkw/Store/17 - Speedmaster/Firmware/inc/libArduinoCore2560.a(wiring.c.o)
                0x00000000000231fe                __vector_23
 .text.millis   0x000000000002328e       0x1c /home/jkw/Store/17 - Speedmaster/Firmware/inc/libArduinoCore2560.a(wiring.c.o)
                0x000000000002328e                millis
 .text.micros   0x00000000000232aa       0x4c /home/jkw/Store/17 - Speedmaster/Firmware/inc/libArduinoCore2560.a(wiring.c.o)
                0x00000000000232aa                micros
 .text.delay    0x00000000000232f6       0x48 /home/jkw/Store/17 - Speedmaster/Firmware/inc/libArduinoCore2560.a(wiring.c.o)
                0x00000000000232f6                delay
 .text.delayMicroseconds
                0x000000000002333e       0x14 /home/jkw/Store/17 - Speedmaster/Firmware/inc/libArduinoCore2560.a(wiring.c.o)
                0x000000000002333e                delayMicroseconds
 .text.init     0x0000000000023352       0xc4 /home/jkw/Store/17 - Speedmaster/Firmware/inc/libArduinoCore2560.a(wiring.c.o)
                0x0000000000023352                init
 .text.analogReference
                0x0000000000023416        0x6 /home/jkw/Store/17 - Speedmaster/Firmware/inc/libArduinoCore2560.a(wiring_analog.c.o)
                0x0000000000023416                analogReference
 .text.analogRead
                0x000000000002341c       0x68 /home/jkw/Store/17 - Speedmaster/Firmware/inc/libArduinoCore2560.a(wiring_analog.c.o)
                0x000000000002341c                analogRead
 .text.analogWrite
                0x0000000000023484      0x174 /home/jkw/Store/17 - Speedmaster/Firmware/inc/libArduinoCore2560.a(wiring_analog.c.o)
                0x0000000000023484                analogWrite
 .text.pinMode  0x00000000000235f8       0x4c /home/jkw/Store/17 - Speedmaster/Firmware/inc/libArduinoCore2560.a(wiring_digital.c.o)
                0x00000000000235f8                pinMode
 .text.digitalWrite
                0x0000000000023644      0x122 /home/jkw/Store/17 - Speedmaster/Firmware/inc/libArduinoCore2560.a(wiring_digital.c.o)
                0x0000000000023644                digitalWrite
 .text.digitalRead
                0x0000000000023766      0x118 /home/jkw/Store/17 - Speedmaster/Firmware/inc/libArduinoCore2560.a(wiring_digital.c.o)
                0x0000000000023766                digitalRead
 .text._Z10store_charhP11ring_buffer
                0x000000000002387e       0x4e /home/jkw/Store/17 - Speedmaster/Firmware/inc/libArduinoCore2560.a(HardwareSerial.cpp.o)
                0x000000000002387e                _Z10store_charhP11ring_buffer
 .text.__vector_25
                0x00000000000238cc       0x56 /home/jkw/Store/17 - Speedmaster/Firmware/inc/libArduinoCore2560.a(HardwareSerial.cpp.o)
                0x00000000000238cc                __vector_25
 .text.__vector_51
                0x0000000000023922       0x56 /home/jkw/Store/17 - Speedmaster/Firmware/inc/libArduinoCore2560.a(HardwareSerial.cpp.o)
                0x0000000000023922                __vector_51
 .text.__vector_54
                0x0000000000023978       0x56 /home/jkw/Store/17 - Speedmaster/Firmware/inc/libArduinoCore2560.a(HardwareSerial.cpp.o)
                0x0000000000023978                __vector_54
 .text._ZN14HardwareSerialC2EP11ring_bufferPVhS3_S3_S3_S3_hhhhh
                0x00000000000239ce       0x60 /home/jkw/Store/17 - Speedmaster/Firmware/inc/libArduinoCore2560.a(HardwareSerial.cpp.o)
                0x00000000000239ce                _ZN14HardwareSerialC2EP11ring_bufferPVhS3_S3_S3_S3_hhhhh
 .text._ZN14HardwareSerialC1EP11ring_bufferPVhS3_S3_S3_S3_hhhhh
                0x0000000000023a2e       0x60 /home/jkw/Store/17 - Speedmaster/Firmware/inc/libArduinoCore2560.a(HardwareSerial.cpp.o)
                0x0000000000023a2e                _ZN14HardwareSerialC1EP11ring_bufferPVhS3_S3_S3_S3_hhhhh
 .text._ZN14HardwareSerial5beginEl
                0x0000000000023a8e      0x1f2 /home/jkw/Store/17 - Speedmaster/Firmware/inc/libArduinoCore2560.a(HardwareSerial.cpp.o)
                0x0000000000023a8e                _ZN14HardwareSerial5beginEl
 .text._ZN14HardwareSerial3endEv
                0x0000000000023c80       0x54 /home/jkw/Store/17 - Speedmaster/Firmware/inc/libArduinoCore2560.a(HardwareSerial.cpp.o)
                0x0000000000023c80                _ZN14HardwareSerial3endEv
 .text._ZN14HardwareSerial9availableEv
                0x0000000000023cd4       0x26 /home/jkw/Store/17 - Speedmaster/Firmware/inc/libArduinoCore2560.a(HardwareSerial.cpp.o)
                0x0000000000023cd4                _ZN14HardwareSerial9availableEv
 .text._ZN14HardwareSerial4peekEv
                0x0000000000023cfa       0x34 /home/jkw/Store/17 - Speedmaster/Firmware/inc/libArduinoCore2560.a(HardwareSerial.cpp.o)
                0x0000000000023cfa                _ZN14HardwareSerial4peekEv
 .text._ZN14HardwareSerial4readEv
                0x0000000000023d2e       0x50 /home/jkw/Store/17 - Speedmaster/Firmware/inc/libArduinoCore2560.a(HardwareSerial.cpp.o)
                0x0000000000023d2e                _ZN14HardwareSerial4readEv
 .text._ZN14HardwareSerial5flushEv
                0x0000000000023d7e       0x18 /home/jkw/Store/17 - Speedmaster/Firmware/inc/libArduinoCore2560.a(HardwareSerial.cpp.o)
                0x0000000000023d7e                _ZN14HardwareSerial5flushEv
 .text._ZN14HardwareSerial5writeEh
                0x0000000000023d96       0x26 /home/jkw/Store/17 - Speedmaster/Firmware/inc/libArduinoCore2560.a(HardwareSerial.cpp.o)
                0x0000000000023d96                _ZN14HardwareSerial5writeEh
 .text._GLOBAL__I_rx_buffer
                0x0000000000023dbc      0x13c /home/jkw/Store/17 - Speedmaster/Firmware/inc/libArduinoCore2560.a(HardwareSerial.cpp.o)
 .text._ZN5Print5writeEPKc
                0x0000000000023ef8       0x30 /home/jkw/Store/17 - Speedmaster/Firmware/inc/libArduinoCore2560.a(Print.cpp.o)
                0x0000000000023ef8                _ZN5Print5writeEPKc
 .text._ZN5Print5writeEPKhj
                0x0000000000023f28       0x3e /home/jkw/Store/17 - Speedmaster/Firmware/inc/libArduinoCore2560.a(Print.cpp.o)
                0x0000000000023f28                _ZN5Print5writeEPKhj
 .text._ZN5Print5printEPKc
                0x0000000000023f66       0x10 /home/jkw/Store/17 - Speedmaster/Firmware/inc/libArduinoCore2560.a(Print.cpp.o)
                0x0000000000023f66                _ZN5Print5printEPKc
 .text._ZN5Print5printERK6String
                0x0000000000023f76       0x52 /home/jkw/Store/17 - Speedmaster/Firmware/inc/libArduinoCore2560.a(Print.cpp.o)
                0x0000000000023f76                _ZN5Print5printERK6String
 .text._ZN5Print11printNumberEmh
                0x0000000000023fc8      0x130 /home/jkw/Store/17 - Speedmaster/Firmware/inc/libArduinoCore2560.a(Print.cpp.o)
                0x0000000000023fc8                _ZN5Print11printNumberEmh
 .text._ZN5Print5printEmi
                0x00000000000240f8       0x1a /home/jkw/Store/17 - Speedmaster/Firmware/inc/libArduinoCore2560.a(Print.cpp.o)
                0x00000000000240f8                _ZN5Print5printEmi
 .text._ZN5Print5printEji
                0x0000000000024112       0x20 /home/jkw/Store/17 - Speedmaster/Firmware/inc/libArduinoCore2560.a(Print.cpp.o)
                0x0000000000024112                _ZN5Print5printEji
 .text._ZN5Print5printEhi
                0x0000000000024132       0x22 /home/jkw/Store/17 - Speedmaster/Firmware/inc/libArduinoCore2560.a(Print.cpp.o)
                0x0000000000024132                _ZN5Print5printEhi
 .text._ZN5Print5printEli
                0x0000000000024154       0x68 /home/jkw/Store/17 - Speedmaster/Firmware/inc/libArduinoCore2560.a(Print.cpp.o)
                0x0000000000024154                _ZN5Print5printEli
 .text._ZN5Print5printEii
                0x00000000000241bc       0x24 /home/jkw/Store/17 - Speedmaster/Firmware/inc/libArduinoCore2560.a(Print.cpp.o)
                0x00000000000241bc                _ZN5Print5printEii
 .text._ZN5Print5printEci
                0x00000000000241e0       0x26 /home/jkw/Store/17 - Speedmaster/Firmware/inc/libArduinoCore2560.a(Print.cpp.o)
                0x00000000000241e0                _ZN5Print5printEci
 .text._ZN5Print7printlnEv
                0x0000000000024206       0x2a /home/jkw/Store/17 - Speedmaster/Firmware/inc/libArduinoCore2560.a(Print.cpp.o)
                0x0000000000024206                _ZN5Print7printlnEv
 .text._ZN5Print7printlnEmi
                0x0000000000024230       0x12 /home/jkw/Store/17 - Speedmaster/Firmware/inc/libArduinoCore2560.a(Print.cpp.o)
                0x0000000000024230                _ZN5Print7printlnEmi
 .text._ZN5Print7printlnEji
                0x0000000000024242       0x2e /home/jkw/Store/17 - Speedmaster/Firmware/inc/libArduinoCore2560.a(Print.cpp.o)
                0x0000000000024242                _ZN5Print7printlnEji
 .text._ZN5Print7printlnEhi
                0x0000000000024270       0x30 /home/jkw/Store/17 - Speedmaster/Firmware/inc/libArduinoCore2560.a(Print.cpp.o)
                0x0000000000024270                _ZN5Print7printlnEhi
 .text._ZN5Print7printlnEPKc
                0x00000000000242a0       0x12 /home/jkw/Store/17 - Speedmaster/Firmware/inc/libArduinoCore2560.a(Print.cpp.o)
                0x00000000000242a0                _ZN5Print7printlnEPKc
 .text._ZN5Print7printlnERK6String
                0x00000000000242b2       0x12 /home/jkw/Store/17 - Speedmaster/Firmware/inc/libArduinoCore2560.a(Print.cpp.o)
                0x00000000000242b2                _ZN5Print7printlnERK6String
 .text._ZN5Print7printlnEli
                0x00000000000242c4       0x12 /home/jkw/Store/17 - Speedmaster/Firmware/inc/libArduinoCore2560.a(Print.cpp.o)
                0x00000000000242c4                _ZN5Print7printlnEli
 .text._ZN5Print7printlnEii
                0x00000000000242d6       0x32 /home/jkw/Store/17 - Speedmaster/Firmware/inc/libArduinoCore2560.a(Print.cpp.o)
                0x00000000000242d6                _ZN5Print7printlnEii
 .text._ZN5Print7printlnEci
                0x0000000000024308       0x34 /home/jkw/Store/17 - Speedmaster/Firmware/inc/libArduinoCore2560.a(Print.cpp.o)
                0x0000000000024308                _ZN5Print7printlnEci
 .text._ZN5Print10printFloatEdh
                0x000000000002433c      0x110 /home/jkw/Store/17 - Speedmaster/Firmware/inc/libArduinoCore2560.a(Print.cpp.o)
                0x000000000002433c                _ZN5Print10printFloatEdh
 .text._ZN5Print5printEdi
                0x000000000002444c        0x4 /home/jkw/Store/17 - Speedmaster/Firmware/inc/libArduinoCore2560.a(Print.cpp.o)
                0x000000000002444c                _ZN5Print5printEdi
 .text._ZN5Print7printlnEdi
                0x0000000000024450       0x12 /home/jkw/Store/17 - Speedmaster/Firmware/inc/libArduinoCore2560.a(Print.cpp.o)
                0x0000000000024450                _ZN5Print7printlnEdi
 .text._ZNK6String6charAtEj
                0x0000000000024462       0x10 /home/jkw/Store/17 - Speedmaster/Firmware/inc/libArduinoCore2560.a(WString.cpp.o)
                0x0000000000024462                _ZNK6String6charAtEj
 .text._ZN6String9setCharAtEjc
                0x0000000000024472       0x22 /home/jkw/Store/17 - Speedmaster/Firmware/inc/libArduinoCore2560.a(WString.cpp.o)
                0x0000000000024472                _ZN6String9setCharAtEjc
 .text._ZN6StringixEj
                0x0000000000024494       0x2a /home/jkw/Store/17 - Speedmaster/Firmware/inc/libArduinoCore2560.a(WString.cpp.o)
                0x0000000000024494                _ZN6StringixEj
 .text._ZNK6StringixEj
                0x00000000000244be       0x10 /home/jkw/Store/17 - Speedmaster/Firmware/inc/libArduinoCore2560.a(WString.cpp.o)
                0x00000000000244be                _ZNK6StringixEj
 .text._ZN6String11toCharArrayEPcj
                0x00000000000244ce       0x44 /home/jkw/Store/17 - Speedmaster/Firmware/inc/libArduinoCore2560.a(WString.cpp.o)
                0x00000000000244ce                _ZN6String11toCharArrayEPcj
 .text._ZN6String8getBytesEPhj
                0x0000000000024512       0x44 /home/jkw/Store/17 - Speedmaster/Firmware/inc/libArduinoCore2560.a(WString.cpp.o)
                0x0000000000024512                _ZN6String8getBytesEPhj
 .text._ZN6StringD1Ev
                0x0000000000024556       0x1e /home/jkw/Store/17 - Speedmaster/Firmware/inc/libArduinoCore2560.a(WString.cpp.o)
                0x0000000000024556                _ZN6StringD1Ev
 .text._ZNK6String10startsWithERKS_j
                0x0000000000024574       0x3c /home/jkw/Store/17 - Speedmaster/Firmware/inc/libArduinoCore2560.a(WString.cpp.o)
                0x0000000000024574                _ZNK6String10startsWithERKS_j
 .text._ZNK6String10startsWithERKS_
                0x00000000000245b0       0x22 /home/jkw/Store/17 - Speedmaster/Firmware/inc/libArduinoCore2560.a(WString.cpp.o)
                0x00000000000245b0                _ZNK6String10startsWithERKS_
 .text._ZNK6String11lastIndexOfEcj
                0x00000000000245d2       0x6e /home/jkw/Store/17 - Speedmaster/Firmware/inc/libArduinoCore2560.a(WString.cpp.o)
                0x00000000000245d2                _ZNK6String11lastIndexOfEcj
 .text._ZNK6String11lastIndexOfEc
                0x0000000000024640        0xc /home/jkw/Store/17 - Speedmaster/Firmware/inc/libArduinoCore2560.a(WString.cpp.o)
                0x0000000000024640                _ZNK6String11lastIndexOfEc
 .text._ZNK6String7indexOfERKS_j
                0x000000000002464c       0x3c /home/jkw/Store/17 - Speedmaster/Firmware/inc/libArduinoCore2560.a(WString.cpp.o)
                0x000000000002464c                _ZNK6String7indexOfERKS_j
 .text._ZNK6String7indexOfERKS_
                0x0000000000024688        0x6 /home/jkw/Store/17 - Speedmaster/Firmware/inc/libArduinoCore2560.a(WString.cpp.o)
                0x0000000000024688                _ZNK6String7indexOfERKS_
 .text._ZNK6String7indexOfEcj
                0x000000000002468e       0x3c /home/jkw/Store/17 - Speedmaster/Firmware/inc/libArduinoCore2560.a(WString.cpp.o)
                0x000000000002468e                _ZNK6String7indexOfEcj
 .text._ZNK6String7indexOfEc
                0x00000000000246ca        0x6 /home/jkw/Store/17 - Speedmaster/Firmware/inc/libArduinoCore2560.a(WString.cpp.o)
                0x00000000000246ca                _ZNK6String7indexOfEc
 .text._ZNK6String6equalsERKS_
                0x00000000000246d0       0x32 /home/jkw/Store/17 - Speedmaster/Firmware/inc/libArduinoCore2560.a(WString.cpp.o)
                0x00000000000246d0                _ZNK6String6equalsERKS_
 .text._ZNK6String8endsWithERKS_
                0x0000000000024702       0x38 /home/jkw/Store/17 - Speedmaster/Firmware/inc/libArduinoCore2560.a(WString.cpp.o)
                0x0000000000024702                _ZNK6String8endsWithERKS_
 .text._ZNK6StringgeERKS_
                0x000000000002473a       0x26 /home/jkw/Store/17 - Speedmaster/Firmware/inc/libArduinoCore2560.a(WString.cpp.o)
                0x000000000002473a                _ZNK6StringgeERKS_
 .text._ZNK6StringleERKS_
                0x0000000000024760       0x20 /home/jkw/Store/17 - Speedmaster/Firmware/inc/libArduinoCore2560.a(WString.cpp.o)
                0x0000000000024760                _ZNK6StringleERKS_
 .text._ZNK6StringgtERKS_
                0x0000000000024780       0x20 /home/jkw/Store/17 - Speedmaster/Firmware/inc/libArduinoCore2560.a(WString.cpp.o)
                0x0000000000024780                _ZNK6StringgtERKS_
 .text._ZNK6StringltERKS_
                0x00000000000247a0       0x22 /home/jkw/Store/17 - Speedmaster/Firmware/inc/libArduinoCore2560.a(WString.cpp.o)
                0x00000000000247a0                _ZNK6StringltERKS_
 .text._ZNK6StringneERKS_
                0x00000000000247c2       0x2e /home/jkw/Store/17 - Speedmaster/Firmware/inc/libArduinoCore2560.a(WString.cpp.o)
                0x00000000000247c2                _ZNK6StringneERKS_
 .text._ZNK6StringeqERKS_
                0x00000000000247f0       0x32 /home/jkw/Store/17 - Speedmaster/Firmware/inc/libArduinoCore2560.a(WString.cpp.o)
                0x00000000000247f0                _ZNK6StringeqERKS_
 .text._ZNK6String9compareToERKS_
                0x0000000000024822        0xe /home/jkw/Store/17 - Speedmaster/Firmware/inc/libArduinoCore2560.a(WString.cpp.o)
                0x0000000000024822                _ZNK6String9compareToERKS_
 .text._ZN6String9getBufferEj
                0x0000000000024830       0x26 /home/jkw/Store/17 - Speedmaster/Firmware/inc/libArduinoCore2560.a(WString.cpp.o)
                0x0000000000024830                _ZN6String9getBufferEj
 .text._ZN6StringpLERKS_
                0x0000000000024856       0x64 /home/jkw/Store/17 - Speedmaster/Firmware/inc/libArduinoCore2560.a(WString.cpp.o)
                0x0000000000024856                _ZN6StringpLERKS_
 .text._ZN6String6concatERKS_
                0x00000000000248ba        0x4 /home/jkw/Store/17 - Speedmaster/Firmware/inc/libArduinoCore2560.a(WString.cpp.o)
                0x00000000000248ba                _ZN6String6concatERKS_
 .text._ZN6StringaSERKS_
                0x00000000000248be       0x5a /home/jkw/Store/17 - Speedmaster/Firmware/inc/libArduinoCore2560.a(WString.cpp.o)
                0x00000000000248be                _ZN6StringaSERKS_
 .text._ZN6StringC1Eh
                0x0000000000024918       0x32 /home/jkw/Store/17 - Speedmaster/Firmware/inc/libArduinoCore2560.a(WString.cpp.o)
                0x0000000000024918                _ZN6StringC1Eh
 .text._ZN6StringC2Eh
                0x000000000002494a       0x32 /home/jkw/Store/17 - Speedmaster/Firmware/inc/libArduinoCore2560.a(WString.cpp.o)
                0x000000000002494a                _ZN6StringC2Eh
 .text._ZN6StringC1Ec
                0x000000000002497c       0x32 /home/jkw/Store/17 - Speedmaster/Firmware/inc/libArduinoCore2560.a(WString.cpp.o)
                0x000000000002497c                _ZN6StringC1Ec
 .text._ZN6StringC2Ec
                0x00000000000249ae       0x32 /home/jkw/Store/17 - Speedmaster/Firmware/inc/libArduinoCore2560.a(WString.cpp.o)
                0x00000000000249ae                _ZN6StringC2Ec
 .text._ZN6StringC1ERKS_
                0x00000000000249e0       0x32 /home/jkw/Store/17 - Speedmaster/Firmware/inc/libArduinoCore2560.a(WString.cpp.o)
                0x00000000000249e0                _ZN6StringC1ERKS_
 .text._ZN6StringC2ERKS_
                0x0000000000024a12       0x32 /home/jkw/Store/17 - Speedmaster/Firmware/inc/libArduinoCore2560.a(WString.cpp.o)
                0x0000000000024a12                _ZN6StringC2ERKS_
 .text._ZN6StringC1Emi
                0x0000000000024a44       0x78 /home/jkw/Store/17 - Speedmaster/Firmware/inc/libArduinoCore2560.a(WString.cpp.o)
                0x0000000000024a44                _ZN6StringC1Emi
 .text._ZN6StringC2Emi
                0x0000000000024abc       0x78 /home/jkw/Store/17 - Speedmaster/Firmware/inc/libArduinoCore2560.a(WString.cpp.o)
                0x0000000000024abc                _ZN6StringC2Emi
 .text._ZN6StringC1Eji
                0x0000000000024b34       0x76 /home/jkw/Store/17 - Speedmaster/Firmware/inc/libArduinoCore2560.a(WString.cpp.o)
                0x0000000000024b34                _ZN6StringC1Eji
 .text._ZN6StringC2Eji
                0x0000000000024baa       0x76 /home/jkw/Store/17 - Speedmaster/Firmware/inc/libArduinoCore2560.a(WString.cpp.o)
                0x0000000000024baa                _ZN6StringC2Eji
 .text._ZN6StringC1EPKc
                0x0000000000024c20       0x4c /home/jkw/Store/17 - Speedmaster/Firmware/inc/libArduinoCore2560.a(WString.cpp.o)
                0x0000000000024c20                _ZN6StringC1EPKc
 .text._ZNK6String11toUpperCaseEv
                0x0000000000024c6c       0x72 /home/jkw/Store/17 - Speedmaster/Firmware/inc/libArduinoCore2560.a(WString.cpp.o)
                0x0000000000024c6c                _ZNK6String11toUpperCaseEv
 .text._ZNK6String11toLowerCaseEv
                0x0000000000024cde       0x72 /home/jkw/Store/17 - Speedmaster/Firmware/inc/libArduinoCore2560.a(WString.cpp.o)
                0x0000000000024cde                _ZNK6String11toLowerCaseEv
 .text._ZNK6String16equalsIgnoreCaseERKS_
                0x0000000000024d50       0x8e /home/jkw/Store/17 - Speedmaster/Firmware/inc/libArduinoCore2560.a(WString.cpp.o)
                0x0000000000024d50                _ZNK6String16equalsIgnoreCaseERKS_
 .text._ZNK6String9substringEjj
                0x0000000000024dde       0x6c /home/jkw/Store/17 - Speedmaster/Firmware/inc/libArduinoCore2560.a(WString.cpp.o)
                0x0000000000024dde                _ZNK6String9substringEjj
 .text._ZNK6String9substringEj
                0x0000000000024e4a       0x16 /home/jkw/Store/17 - Speedmaster/Firmware/inc/libArduinoCore2560.a(WString.cpp.o)
                0x0000000000024e4a                _ZNK6String9substringEj
 .text._ZNK6String11lastIndexOfERKS_j
                0x0000000000024e60       0xc2 /home/jkw/Store/17 - Speedmaster/Firmware/inc/libArduinoCore2560.a(WString.cpp.o)
                0x0000000000024e60                _ZNK6String11lastIndexOfERKS_j
 .text._ZNK6String11lastIndexOfERKS_
                0x0000000000024f22       0x18 /home/jkw/Store/17 - Speedmaster/Firmware/inc/libArduinoCore2560.a(WString.cpp.o)
                0x0000000000024f22                _ZNK6String11lastIndexOfERKS_
 .text._ZNK6String4trimEv
                0x0000000000024f3a       0xd0 /home/jkw/Store/17 - Speedmaster/Firmware/inc/libArduinoCore2560.a(WString.cpp.o)
                0x0000000000024f3a                _ZNK6String4trimEv
 .text._ZN6String7replaceERKS_S1_
                0x000000000002500a      0x118 /home/jkw/Store/17 - Speedmaster/Firmware/inc/libArduinoCore2560.a(WString.cpp.o)
                0x000000000002500a                _ZN6String7replaceERKS_S1_
 .text._ZN6String7replaceEcc
                0x0000000000025122       0x7c /home/jkw/Store/17 - Speedmaster/Firmware/inc/libArduinoCore2560.a(WString.cpp.o)
                0x0000000000025122                _ZN6String7replaceEcc
 .text._ZN6StringC2EPKc
                0x000000000002519e       0x4c /home/jkw/Store/17 - Speedmaster/Firmware/inc/libArduinoCore2560.a(WString.cpp.o)
                0x000000000002519e                _ZN6StringC2EPKc
 .text._ZN6StringC1Eli
                0x00000000000251ea       0x74 /home/jkw/Store/17 - Speedmaster/Firmware/inc/libArduinoCore2560.a(WString.cpp.o)
                0x00000000000251ea                _ZN6StringC1Eli
 .text._ZN6StringC2Eli
                0x000000000002525e       0x74 /home/jkw/Store/17 - Speedmaster/Firmware/inc/libArduinoCore2560.a(WString.cpp.o)
                0x000000000002525e                _ZN6StringC2Eli
 .text._ZN6StringC1Eii
                0x00000000000252d2       0x72 /home/jkw/Store/17 - Speedmaster/Firmware/inc/libArduinoCore2560.a(WString.cpp.o)
                0x00000000000252d2                _ZN6StringC1Eii
 .text._ZN6StringC2Eii
                0x0000000000025344       0x72 /home/jkw/Store/17 - Speedmaster/Firmware/inc/libArduinoCore2560.a(WString.cpp.o)
                0x0000000000025344                _ZN6StringC2Eii
 .text.avr-libc
                0x00000000000253b6      0x266 /usr/lib/gcc/avr/4.5.3/../../../avr/lib/avr6/libc.a(malloc.o)
                0x00000000000253b6                malloc
                0x00000000000254ea                free
 .text.avr-libc
                0x000000000002561c        0x6 /usr/lib/gcc/avr/4.5.3/../../../avr/lib/avr6/libc.a(exit.o)
                0x000000000002561c                exit
 .text.avr-libc
                0x0000000000025622       0x12 /usr/lib/gcc/avr/4.5.3/../../../avr/lib/avr6/libc.a(isalpha.o)
                0x0000000000025622                isupper
                0x0000000000025626                isalpha
                0x0000000000025628                islower
 .text.avr-libc
                0x0000000000025634       0x10 /usr/lib/gcc/avr/4.5.3/../../../avr/lib/avr6/libc.a(isspace.o)
                0x0000000000025634                isspace
 .text.avr-libc
                0x0000000000025644       0x10 /usr/lib/gcc/avr/4.5.3/../../../avr/lib/avr6/libc.a(tolower.o)
                0x0000000000025644                tolower
 .text.avr-libc
                0x0000000000025654       0x10 /usr/lib/gcc/avr/4.5.3/../../../avr/lib/avr6/libc.a(toupper.o)
                0x0000000000025654                toupper
 .text.avr-libc
                0x0000000000025664       0x12 /usr/lib/gcc/avr/4.5.3/../../../avr/lib/avr6/libc.a(strcmp_P.o)
                0x0000000000025664                strcmp_P
 .text.avr-libc
                0x0000000000025676        0xe /usr/lib/gcc/avr/4.5.3/../../../avr/lib/avr6/libc.a(strcpy_P.o)
                0x0000000000025676                strcpy_P
 .text.avr-libc
                0x0000000000025684       0x12 /usr/lib/gcc/avr/4.5.3/../../../avr/lib/avr6/libc.a(strlen_P.o)
                0x0000000000025684                strlen_P
 .text.avr-libc
                0x0000000000025696       0x1a /usr/lib/gcc/avr/4.5.3/../../../avr/lib/avr6/libc.a(memcmp.o)
                0x0000000000025696                memcmp
 .text.avr-libc
                0x00000000000256b0       0x12 /usr/lib/gcc/avr/4.5.3/../../../avr/lib/avr6/libc.a(memcpy.o)
                0x00000000000256b0                memcpy
 .text.avr-libc
                0x00000000000256c2        0xe /usr/lib/gcc/avr/4.5.3/../../../avr/lib/avr6/libc.a(memset.o)
                0x00000000000256c2                memset
 .text.avr-libc
                0x00000000000256d0       0x16 /usr/lib/gcc/avr/4.5.3/../../../avr/lib/avr6/libc.a(strcat.o)
                0x00000000000256d0                strcat
 .text.avr-libc
                0x00000000000256e6       0x16 /usr/lib/gcc/avr/4.5.3/../../../avr/lib/avr6/libc.a(strchr.o)
                0x00000000000256e6                strchr
 .text.avr-libc
                0x00000000000256fc       0x12 /usr/lib/gcc/avr/4.5.3/../../../avr/lib/avr6/libc.a(strcmp.o)
                0x00000000000256fc                strcmp
 .text.avr-libc
                0x000000000002570e        0xe /usr/lib/gcc/avr/4.5.3/../../../avr/lib/avr6/libc.a(strcpy.o)
                0x000000000002570e                strcpy
 .text.avr-libc
                0x000000000002571c       0x1c /usr/lib/gcc/avr/4.5.3/../../../avr/lib/avr6/libc.a(strncmp.o)
                0x000000000002571c                strncmp
 .text.avr-libc
                0x0000000000025738       0x1e /usr/lib/gcc/avr/4.5.3/../../../avr/lib/avr6/libc.a(strncpy.o)
                0x0000000000025738                strncpy
 .text.avr-libc
                0x0000000000025756       0x16 /usr/lib/gcc/avr/4.5.3/../../../avr/lib/avr6/libc.a(strrchr.o)
                0x0000000000025756                strrchr
 .text.avr-libc
                0x000000000002576c       0x34 /usr/lib/gcc/avr/4.5.3/../../../avr/lib/avr6/libc.a(strstr.o)
                0x000000000002576c                strstr
 .text.avr-libc
                0x00000000000257a0       0x40 /usr/lib/gcc/avr/4.5.3/../../../avr/lib/avr6/libc.a(itoa.o)
                0x00000000000257a0                itoa
 .text.avr-libc
                0x00000000000257e0       0x66 /usr/lib/gcc/avr/4.5.3/../../../avr/lib/avr6/libc.a(ltoa.o)
                0x00000000000257e0                ltoa
 .text.avr-libc
                0x0000000000025846       0x46 /usr/lib/gcc/avr/4.5.3/../../../avr/lib/avr6/libc.a(ultoa.o)
                0x0000000000025846                ultoa
 .text.avr-libc
                0x000000000002588c       0x5e /usr/lib/gcc/avr/4.5.3/../../../avr/lib/avr6/libc.a(sprintf.o)
                0x000000000002588c                sprintf
 .text.avr-libc.fplib
                0x00000000000258ea        0xa /usr/lib/gcc/avr/4.5.3/../../../avr/lib/avr6/libc.a(addsf3.o)
                0x00000000000258ea                __subsf3
                0x00000000000258ec                __addsf3