Archive member included because of file (symbol)

/home/jkw/Store/17 - Speedmaster/Firmware/inc/libArduinoCore2560.a(WInterrupts.c.o)
                              ./dz.o (attachInterrupt)
/home/jkw/Store/17 - Speedmaster/Firmware/inc/libArduinoCore2560.a(wiring.c.o)
                              ./blinker.o (millis)
/home/jkw/Store/17 - Speedmaster/Firmware/inc/libArduinoCore2560.a(wiring_analog.c.o)
                              ./temperature.o (analogRead)
/home/jkw/Store/17 - Speedmaster/Firmware/inc/libArduinoCore2560.a(wiring_digital.c.o)
                              ./aktors.o (pinMode)
/home/jkw/Store/17 - Speedmaster/Firmware/inc/libArduinoCore2560.a(HardwareSerial.cpp.o)
                              ./main.o (_ZN14HardwareSerial5beginEl)
/home/jkw/Store/17 - Speedmaster/Firmware/inc/libArduinoCore2560.a(Print.cpp.o)
                              /home/jkw/Store/17 - Speedmaster/Firmware/inc/libArduinoCore2560.a(HardwareSerial.cpp.o) (_ZN5Print5writeEPKc)
/home/jkw/Store/17 - Speedmaster/Firmware/inc/libArduinoCore2560.a(WString.cpp.o)
                              /home/jkw/Store/17 - Speedmaster/Firmware/inc/libArduinoCore2560.a(Print.cpp.o) (_ZNK6StringixEj)
/usr/lib/gcc/avr/4.5.3/../../../avr/lib/avr6/libc.a(malloc.o)
                              ./config.o (malloc)
/usr/lib/gcc/avr/4.5.3/../../../avr/lib/avr6/libc.a(exit.o)
                              /usr/lib/gcc/avr/4.5.3/../../../avr/lib/avr6/crtm2560.o (exit)
/usr/lib/gcc/avr/4.5.3/../../../avr/lib/avr6/libc.a(isalpha.o)
                              ./inc/istream.o (isupper)
/usr/lib/gcc/avr/4.5.3/../../../avr/lib/avr6/libc.a(isspace.o)
                              ./inc/istream.o (isspace)
/usr/lib/gcc/avr/4.5.3/../../../avr/lib/avr6/libc.a(tolower.o)
                              /home/jkw/Store/17 - Speedmaster/Firmware/inc/libArduinoCore2560.a(WString.cpp.o) (tolower)
/usr/lib/gcc/avr/4.5.3/../../../avr/lib/avr6/libc.a(toupper.o)
                              /home/jkw/Store/17 - Speedmaster/Firmware/inc/libArduinoCore2560.a(WString.cpp.o) (toupper)
/usr/lib/gcc/avr/4.5.3/../../../avr/lib/avr6/libc.a(strcmp_P.o)
                              ./config.o (strcmp_P)
/usr/lib/gcc/avr/4.5.3/../../../avr/lib/avr6/libc.a(strcpy_P.o)
                              ./config.o (strcpy_P)
/usr/lib/gcc/avr/4.5.3/../../../avr/lib/avr6/libc.a(strlen_P.o)
                              ./inc/ostream.o (strlen_P)
/usr/lib/gcc/avr/4.5.3/../../../avr/lib/avr6/libc.a(memcmp.o)
                              ./inc/SdFile.o (memcmp)
/usr/lib/gcc/avr/4.5.3/../../../avr/lib/avr6/libc.a(memcpy.o)
                              ./inc/SdFile.o (memcpy)
/usr/lib/gcc/avr/4.5.3/../../../avr/lib/avr6/libc.a(memset.o)
                              ./gps.o (memset)
/usr/lib/gcc/avr/4.5.3/../../../avr/lib/avr6/libc.a(strcat.o)
                              /home/jkw/Store/17 - Speedmaster/Firmware/inc/libArduinoCore2560.a(WString.cpp.o) (strcat)
/usr/lib/gcc/avr/4.5.3/../../../avr/lib/avr6/libc.a(strchr.o)
                              ./inc/SdFile.o (strchr)
/usr/lib/gcc/avr/4.5.3/../../../avr/lib/avr6/libc.a(strcmp.o)
                              ./config.o (strcmp)
/usr/lib/gcc/avr/4.5.3/../../../avr/lib/avr6/libc.a(strcpy.o)
                              ./aktors.o (strcpy)
/usr/lib/gcc/avr/4.5.3/../../../avr/lib/avr6/libc.a(strncmp.o)
                              ./config.o (strncmp)
/usr/lib/gcc/avr/4.5.3/../../../avr/lib/avr6/libc.a(strncpy.o)
                              /home/jkw/Store/17 - Speedmaster/Firmware/inc/libArduinoCore2560.a(WString.cpp.o) (strncpy)
/usr/lib/gcc/avr/4.5.3/../../../avr/lib/avr6/libc.a(strrchr.o)
                              /home/jkw/Store/17 - Speedmaster/Firmware/inc/libArduinoCore2560.a(WString.cpp.o) (strrchr)
/usr/lib/gcc/avr/4.5.3/../../../avr/lib/avr6/libc.a(strstr.o)
                              /home/jkw/Store/17 - Speedmaster/Firmware/inc/libArduinoCore2560.a(WString.cpp.o) (strstr)
/usr/lib/gcc/avr/4.5.3/../../../avr/lib/avr6/libc.a(itoa.o)
                              /home/jkw/Store/17 - Speedmaster/Firmware/inc/libArduinoCore2560.a(WString.cpp.o) (itoa)
/usr/lib/gcc/avr/4.5.3/../../../avr/lib/avr6/libc.a(ltoa.o)
                              /home/jkw/Store/17 - Speedmaster/Firmware/inc/libArduinoCore2560.a(WString.cpp.o) (ltoa)
/usr/lib/gcc/avr/4.5.3/../../../avr/lib/avr6/libc.a(ultoa.o)
                              /home/jkw/Store/17 - Speedmaster/Firmware/inc/libArduinoCore2560.a(WString.cpp.o) (ultoa)
/usr/lib/gcc/avr/4.5.3/../../../avr/lib/avr6/libc.a(sprintf.o)
                              ./aktors.o (sprintf)
/usr/lib/gcc/avr/4.5.3/../../../avr/lib/avr6/libc.a(addsf3.o)
                              ./aktors.o (__subsf3)
/usr/lib/gcc/avr/4.5.3/../../../avr/lib/avr6/libc.a(addsf3x.o)
                              /usr/lib/gcc/avr/4.5.3/../../../avr/lib/avr6/libc.a(addsf3.o) (__addsf3x)
/usr/lib/gcc/avr/4.5.3/../../../avr/lib/avr6/libc.a(asin.o)
                              ./gps.o (asin)
[...]
Memory Configuration

Name             Origin             Length             Attributes
text             0x0000000000000000 0x0000000000100000 xr
data             0x0000000000800200 0x000000000000fe00 rw !x
eeprom           0x0000000000810000 0x0000000000010000 rw !x
fuse             0x0000000000820000 0x0000000000000400 rw !x
lock             0x0000000000830000 0x0000000000000400 rw !x
signature        0x0000000000840000 0x0000000000000400 rw !x
*default*        0x0000000000000000 0xffffffffffffffff

Linker script and memory map

Address of section .data set to 0x800200
LOAD /usr/lib/gcc/avr/4.5.3/../../../avr/lib/avr6/crtm2560.o
LOAD ./aktors.o
LOAD ./blinker.o
LOAD ./clock_me.o
LOAD ./config.o
LOAD ./debug.o
LOAD ./display.o
LOAD ./dz.o
LOAD ./file_manager_v2.o
LOAD ./fuel.o
LOAD ./gear.o
LOAD ./gps.o
LOAD ./helper.o
LOAD ./main.o
LOAD ./menu.o
LOAD ./oiler.o
LOAD ./reset.o
LOAD ./sd.o
LOAD ./sensors.o
LOAD ./speed.o
LOAD ./speedo.o
LOAD ./sprint.o
LOAD ./stepper.o
LOAD ./temperature.o
LOAD ./tetris.o
LOAD ./timer.o
LOAD ./voltage.o
LOAD ./inc/EEPROM.o
LOAD ./inc/Sd2Card.o
LOAD ./inc/SdFat.o
LOAD ./inc/SdFatUtil.o
LOAD ./inc/SdFile.o
LOAD ./inc/SdStream.o
LOAD ./inc/SdVolume.o
LOAD ./inc/Wire.o
LOAD ./inc/istream.o
LOAD ./inc/ostream.o
LOAD ./inc/pins_arduino.o
LOAD ./inc/ssd0323.o
LOAD ./inc/twi.o
LOAD /home/jkw/Store/17 - Speedmaster/Firmware/inc/libArduinoCore2560.a
LOAD /usr/lib/gcc/avr/4.5.3/../../../avr/lib/avr6/libc.a
LOAD /usr/lib/gcc/avr/4.5.3/avr6/libgcc.a
LOAD /usr/lib/gcc/avr/4.5.3/../../../avr/lib/avr6/libm.a
LOAD /usr/lib/gcc/avr/4.5.3/../../../avr/lib/avr6/libc.a
LOAD /usr/lib/gcc/avr/4.5.3/avr6/libgcc.a
LOAD /usr/lib/gcc/avr/4.5.3/../../../avr/lib/avr6/libc.a
LOAD /usr/lib/gcc/avr/4.5.3/avr6/libgcc.a

.hash
 *(.hash)

.dynsym
 *(.dynsym)

.dynstr
 *(.dynstr)

.gnu.version
 *(.gnu.version)

.gnu.version_d
 *(.gnu.version_d)

.gnu.version_r
 *(.gnu.version_r)

.rel.init
 *(.rel.init)

.rela.init
 *(.rela.init)

.rel.text
 *(.rel.text)
 *(.rel.text.*)
 *(.rel.gnu.linkonce.t*)

.rela.text
 *(.rela.text)
 *(.rela.text.*)
 *(.rela.gnu.linkonce.t*)

.rel.fini
 *(.rel.fini)

.rela.fini
 *(.rela.fini)

.rel.rodata
 *(.rel.rodata)
 *(.rel.rodata.*)
 *(.rel.gnu.linkonce.r*)

.rela.rodata
 *(.rela.rodata)
 *(.rela.rodata.*)
 *(.rela.gnu.linkonce.r*)

.rel.data
 *(.rel.data)
 *(.rel.data.*)
 *(.rel.gnu.linkonce.d*)

.rela.data
 *(.rela.data)
 *(.rela.data.*)
 *(.rela.gnu.linkonce.d*)

.rel.ctors
 *(.rel.ctors)

.rela.ctors
 *(.rela.ctors)

.rel.dtors
 *(.rel.dtors)

.rela.dtors
 *(.rela.dtors)

.rel.got
 *(.rel.got)

.rela.got
 *(.rela.got)

.rel.bss
 *(.rel.bss)

.rela.bss
 *(.rela.bss)

.rel.plt
 *(.rel.plt)

.rela.plt
 *(.rela.plt)

.text           0x0000000000000000    0x260ee
 *(.vectors)
 .vectors       0x0000000000000000       0xe4 /usr/lib/gcc/avr/4.5.3/../../../avr/lib/avr6/crtm2560.o
                0x0000000000000000                __vectors
                0x0000000000000000                __vector_default
 *(.vectors)
 *(.progmem.gcc*)
 .progmem.gcc_fplib
                0x00000000000000e4       0x14 /usr/lib/gcc/avr/4.5.3/../../../avr/lib/avr6/libc.a(asin.o)
 .progmem.gcc_fplib
                0x00000000000000f8       0x28 /usr/lib/gcc/avr/4.5.3/../../../avr/lib/avr6/libc.a(fp_arccos.o)
 .progmem.gcc_fplib
                0x0000000000000120       0x1e /usr/lib/gcc/avr/4.5.3/../../../avr/lib/avr6/libc.a(fp_sinus.o)
 .progmem.gcc_fplib
                0x000000000000013e       0x28 /usr/lib/gcc/avr/4.5.3/../../../avr/lib/avr6/libc.a(exp.o)
 .progmem.gcc_fplib
                0x0000000000000166       0x5a /usr/lib/gcc/avr/4.5.3/../../../avr/lib/avr6/libc.a(log.o)
 *(.progmem*)
 .progmem.data  0x00000000000001c0       0x12 ./blinker.o
 .progmem.data  0x00000000000001d2       0x10 ./clock_me.o
 .progmem.data  0x00000000000001e2      0xa39 ./config.o
 .progmem.data  0x0000000000000c1b       0xaa ./display.o
 .progmem.data  0x0000000000000cc5       0x51 ./gear.o
 .progmem.data  0x0000000000000d16       0x45 ./gps.o
 .progmem.data  0x0000000000000d5b       0x3c ./main.o
 .progmem.data  0x0000000000000d97      0x8bc ./menu.o
                0x0000000000000d97                main_m_0
                0x0000000000000da4                main_m_1
                0x0000000000000db3                main_m_2
                0x0000000000000dc1                main_m_3
                0x0000000000000dc6                main_m_4
                0x0000000000000dd7                main_m_5
                0x0000000000000de4                main_m_6
                0x0000000000000ded                main_m_7
                0x0000000000000dfc                main_m_8
                0x0000000000000e0c                menu_main
                0x0000000000000e1e                setup_m_0
                0x0000000000000e2d                setup_m_1
                0x0000000000000e3d                setup_m_2
                0x0000000000000e4e                setup_m_3
                0x0000000000000e5e                setup_m_4
                0x0000000000000e71                setup_m_5
                0x0000000000000e83                setup_m_6
                0x0000000000000e91                setup_m_7
                0x0000000000000e9d                setup_m_8
                0x0000000000000ea6                menu_setup
                0x0000000000000eb8                custom_m_0
                0x0000000000000ec5                custom_m_1
                0x0000000000000ed3                custom_m_2
                0x0000000000000ee1                custom_m_3
                0x0000000000000eef                custom_m_4
                0x0000000000000efc                custom_m_5
                0x0000000000000f0b                custom_m_6
                0x0000000000000f19                custom_m_7
                0x0000000000000f2b                custom_m_8
                0x0000000000000f30                menu_custom
                0x0000000000000f42                fade_m_0
                0x0000000000000f52                fade_m_1
                0x0000000000000f61                fade_m_2
                0x0000000000000f6e                fade_m_3
                0x0000000000000f80                fade_m_4
                0x0000000000000f85                fade_m_5
                0x0000000000000f8a                fade_m_6
                0x0000000000000f8f                fade_m_7
                0x0000000000000f94                fade_m_8
                0x0000000000000f99                menu_fade
                0x0000000000000fab                einfo_m_0
                0x0000000000000fbc                einfo_m_1
                0x0000000000000fcd                einfo_m_2
                0x0000000000000fd8                einfo_m_3
                0x0000000000000fdd                einfo_m_4
                0x0000000000000fe2                einfo_m_5
                0x0000000000000fe7                einfo_m_6
                0x0000000000000fec                einfo_m_7
                0x0000000000000ff1                einfo_m_8
                0x0000000000000ffb                menu_einfo
                0x000000000000100d                navi_m_0
                0x000000000000101b                navi_m_1
                0x000000000000102a                navi_m_2
                0x0000000000001036                navi_m_3
                0x0000000000001046                navi_m_4
                0x000000000000104b                navi_m_5
                0x0000000000001050                navi_m_6
                0x0000000000001055                navi_m_7
                0x000000000000105a                navi_m_8
                0x000000000000105f                menu_navi
                0x0000000000001071                titel_0
                0x000000000000107f                titel_1
                0x0000000000001080                titel_2
                0x0000000000001081                titel_3
                0x0000000000001090                titel_4
                0x0000000000001091                titel_5
                0x00000000000010a1                titel_6
                0x00000000000010af                titel_7
                0x00000000000010b9                titel_8
                0x00000000000010ba                titel_9
                0x00000000000010c7                menu_titel
                0x00000000000010db                trip_setup_m_0
                0x00000000000010e1                trip_setup_m_1
                0x00000000000010ee                trip_setup_m_2
                0x00000000000010f2                trip_setup_m_3
                0x00000000000010f7                trip_setup_m_4
                0x00000000000010fd                trip_setup_m_5
                0x0000000000001102                trip_setup_m_6
                0x0000000000001108                trip_setup_m_7
                0x000000000000110f                trip_setup_m_8
                0x0000000000001115                menu_trip_setup
 .progmem.data  0x0000000000001653       0x10 ./oiler.o
 .progmem.data  0x0000000000001663       0x19 ./reset.o
 .progmem.data  0x000000000000167c       0x39 ./sd.o
 .progmem.data  0x00000000000016b5       0x12 ./sensors.o
 .progmem.data  0x00000000000016c7       0x12 ./speed.o
 .progmem.data  0x00000000000016d9       0xaa ./speedo.o
 .progmem.data  0x0000000000001783        0xe ./sprint.o
 .progmem.data  0x0000000000001791       0x45 ./tetris.o
 .progmem.data  0x00000000000017d6        0x9 ./voltage.o
 .progmem.data  0x00000000000017df       0xc0 ./inc/SdFat.o
 .progmem.data  0x000000000000189f       0x13 ./inc/SdFile.o
 .progmem.data  0x00000000000018b2        0xb ./inc/istream.o
 .progmem.data  0x00000000000018bd       0x13 ./inc/ostream.o
 .progmem.data  0x00000000000018d0      0x120 ./inc/pins_arduino.o
                0x00000000000018d0                port_to_mode_PGM
                0x00000000000018ea                port_to_output_PGM
                0x0000000000001904                port_to_input_PGM
                0x000000000000191e                digital_pin_to_port_PGM
                0x0000000000001964                digital_pin_to_bit_mask_PGM
                0x00000000000019aa                digital_pin_to_timer_PGM
 .progmem.data  0x00000000000019f0      0xcc0 ./inc/ssd0323.o
                0x00000000000026b0                . = ALIGN (0x2)
                0x00000000000026b0                __trampolines_start = .
 *(.trampolines)
 .trampolines   0x00000000000026b0       0x20 linker stubs
 *(.trampolines*)
                0x00000000000026d0                __trampolines_end = .
 *(.jumptables)
 *(.jumptables*)
 *(.lowtext)
 *(.lowtext*)
                0x00000000000026d0                __ctors_start = .
 *(.ctors)
 .ctors         0x00000000000026d0        0x2 ./main.o
 .ctors         0x00000000000026d2        0x2 ./inc/Wire.o
 .ctors         0x00000000000026d4        0x2 /home/jkw/Store/17 - Speedmaster/Firmware/inc/libArduinoCore2560.a(HardwareSerial.cpp.o)
                0x00000000000026d6                __ctors_end = .
                0x00000000000026d6                __dtors_start = .
 *(.dtors)
                0x00000000000026d6                __dtors_end = .
 SORT(*)(.ctors)
 SORT(*)(.dtors)
 *(.init0)
 .init0         0x00000000000026d6        0x0 /usr/lib/gcc/avr/4.5.3/../../../avr/lib/avr6/crtm2560.o
                0x00000000000026d6                __init
 *(.init0)
 *(.init1)
 *(.init1)
 *(.init2)
 .init2         0x00000000000026d6       0x10 /usr/lib/gcc/avr/4.5.3/../../../avr/lib/avr6/crtm2560.o
 *(.init2)
 *(.init3)
 *(.init3)
 *(.init4)
 .init4         0x00000000000026e6       0x1a /usr/lib/gcc/avr/4.5.3/avr6/libgcc.a(_copy_data.o)
                0x00000000000026e6                __do_copy_data
 .init4         0x0000000000002700       0x10 /usr/lib/gcc/avr/4.5.3/avr6/libgcc.a(_clear_bss.o)
                0x0000000000002700                __do_clear_bss
 *(.init4)
 *(.init5)
 *(.init5)
 *(.init6)
 .init6         0x0000000000002710       0x20 /usr/lib/gcc/avr/4.5.3/avr6/libgcc.a(_ctors.o)
                0x0000000000002710                __do_global_ctors
 *(.init6)
 *(.init7)
 *(.init7)
 *(.init8)
 *(.init8)
 *(.init9)
 .init9         0x0000000000002730        0x8 /usr/lib/gcc/avr/4.5.3/../../../avr/lib/avr6/crtm2560.o
 *(.init9)
 *(.text)
 .text          0x0000000000002738        0x4 /usr/lib/gcc/avr/4.5.3/../../../avr/lib/avr6/crtm2560.o
                0x0000000000002738                __vector_38
                0x0000000000002738                __vector_22
                0x0000000000002738                __vector_28
                0x0000000000002738                __vector_32
                0x0000000000002738                __vector_34
                0x0000000000002738                __vector_24
                0x0000000000002738                __vector_12
                0x0000000000002738                __vector_55
                0x0000000000002738                __vector_46
                0x0000000000002738                __bad_interrupt
                0x0000000000002738                __vector_31
                0x0000000000002738                __vector_30
                0x0000000000002738                __vector_45
                0x0000000000002738                __vector_11
                0x0000000000002738                __vector_13
                0x0000000000002738                __vector_17
                0x0000000000002738                __vector_19
                0x0000000000002738                __vector_56
                0x0000000000002738                __vector_49
                0x0000000000002738                __vector_41
                0x0000000000002738                __vector_43
                0x0000000000002738                __vector_27
                0x0000000000002738                __vector_33
                0x0000000000002738                __vector_47
                0x0000000000002738                __vector_52
                0x0000000000002738                __vector_37
                0x0000000000002738                __vector_44
                0x0000000000002738                __vector_9
                0x0000000000002738                __vector_21
                0x0000000000002738                __vector_15
                0x0000000000002738                __vector_29
                0x0000000000002738                __vector_40
                0x0000000000002738                __vector_26
                0x0000000000002738                __vector_48
                0x0000000000002738                __vector_14
                0x0000000000002738                __vector_53
                0x0000000000002738                __vector_10
                0x0000000000002738                __vector_50
                0x0000000000002738                __vector_16
                0x0000000000002738                __vector_18
                0x0000000000002738                __vector_20
                0x0000000000002738                __vector_42
 .text          0x000000000000273c     0x1548 ./aktors.o
                0x000000000000273c                _ZN13Speedo_aktorsC2Ev
                0x000000000000273c                _ZN13Speedo_aktorsC1Ev
                0x0000000000002762                _ZN13Speedo_aktorsD2Ev
                0x0000000000002762                _ZN13Speedo_aktorsD1Ev
                0x0000000000002764                _ZN13Speedo_aktors10set_rgb_inEiiii
                0x0000000000002824                _ZN13Speedo_aktors10set_rgb_inEiii
                0x0000000000002834                _ZN13Speedo_aktors11set_rgb_outEiiii
                0x00000000000028e2                _ZN13Speedo_aktors11set_rgb_outEiii
                0x00000000000028f2                _ZN13Speedo_aktors11dimm_rgb_toEiiiii
                0x00000000000029a0                _ZN13Speedo_aktors4initEv
                0x0000000000002a64                _ZN13Speedo_aktors14timer_overflowEv
                0x0000000000002eb8                _ZN13Speedo_aktors14dimm_availableEv
                0x0000000000002ece                __vector_35
                0x0000000000002f24                _ZN13Speedo_aktors17update_outer_ledsEv
                0x0000000000003928                _ZN13Speedo_aktors6ask_btEPc
                0x0000000000003a00                _ZN13Speedo_aktors10set_bt_pinEv
 .text          0x0000000000003c84      0x150 ./blinker.o
                0x0000000000003c84                _ZN13moped_blinkerC1Ev
                0x0000000000003c84                _ZN13moped_blinkerC2Ev
                0x0000000000003c86                _ZN13moped_blinkerD2Ev
                0x0000000000003c86                _ZN13moped_blinkerD1Ev
                0x0000000000003c88                _ZN13moped_blinker5checkEv
                0x0000000000003d32                _ZN13moped_blinker9set_startEmi
                0x0000000000003d60                _ZN13moped_blinker4warnEm
                0x0000000000003da4                _ZN13moped_blinker4initEv
 .text          0x0000000000003dd4      0x324 ./clock_me.o
                0x0000000000003dd4                _ZN12speedo_clockC2Ev
                0x0000000000003dd4                _ZN12speedo_clockC1Ev
                0x0000000000003dd6                _ZN12speedo_clockD1Ev
                0x0000000000003dd6                _ZN12speedo_clockD2Ev
                0x0000000000003dd8                _ZN12speedo_clock7changedEPi
                0x0000000000003dfe                _ZN12speedo_clock8decToBcdEc
                0x0000000000003e0e                _ZN12speedo_clock8bcdToDecEc
                0x0000000000003e26                _ZN12speedo_clock13set_date_timeEiiiiiiii
                0x0000000000003f34                _ZN12speedo_clock4initEv
                0x0000000000003f62                _ZN12speedo_clock7getdateEv
                0x0000000000003f86                _ZN12speedo_clock13get_long_dateEv
                0x0000000000004012                _ZN12speedo_clock9get_daylsEv
                0x000000000000401a                _ZN12speedo_clock6get_ssEv
                0x0000000000004024                _ZN12speedo_clock3incEv
                0x0000000000004070                _ZN12speedo_clock4copyEPc
 .text          0x00000000000040f8     0x415a ./config.o
                0x00000000000040f8                _ZN6SdFileD1Ev
                0x000000000000410e                _ZN13configurationC2Ev
                0x000000000000410e                _ZN13configurationC1Ev
                0x0000000000004110                _ZN13configuration8ram_infoEv
                0x000000000000414c                _ZN13configurationD1Ev
                0x000000000000414c                _ZN13configurationD2Ev
                0x000000000000414e                _ZN13configuration5writeEPKc
                0x0000000000005ebc                _ZN13configuration5checkEv
                0x0000000000005fec                _ZN13configuration4initEv
                0x0000000000006472                _ZN13configuration11parse_floatEPciPf
                0x00000000000066f4                _ZN13configuration10parse_boolEPciPb
                0x0000000000006730                _ZN13configuration9parse_intEPciPi
                0x0000000000006786                _ZN13configuration11parse_shortEPciPs
                0x00000000000067d0                _ZN13configuration7parse_aEPciS0_i
                0x000000000000683e                _ZN13configuration8parse_ulEPciPm
                0x00000000000068e8                _ZN13configuration5parseEPc
                0x0000000000007b08                _ZN13configuration4readEPKc
                0x0000000000007d8c                _ZN13configuration9read_skinEv
                0x0000000000007e20                _ZN13configuration7km_saveEv
                0x0000000000007ff8                _ZN13configuration11EEPROM_initEv
 .text          0x0000000000008252       0x6e ./debug.o
                0x0000000000008252                _ZN9debuggingC1Ev
                0x0000000000008252                _ZN9debuggingC2Ev
                0x0000000000008254                _ZN9debuggingD1Ev
                0x0000000000008254                _ZN9debuggingD2Ev
                0x0000000000008256                _ZN9debugging7sprintpEPKc
                0x0000000000008280                _ZN9debugging9sprintlnpEPKc
                0x00000000000082b2                _ZN9debugging11parse_floatEiPciii
                0x00000000000082b4                _ZN9debugging9parse_intEv
                0x00000000000082b6                _ZN9debugging5parseEiPc
                0x00000000000082b8                _ZN9debugging7parse_aEiPc
                0x00000000000082ba                _ZN9debugging8parse_ulEim
                0x00000000000082bc                _ZN9debugging11speedo_loopEiimPKc
                0x00000000000082be                _ZN9debugging4loopEv
 .text          0x00000000000082c0     0x186c ./display.o
                0x00000000000082d6                _ZN11speedo_dispC1Ev
                0x00000000000082d6                _ZN11speedo_dispC2Ev
                0x00000000000082da                _ZN11speedo_dispD2Ev
                0x00000000000082da                _ZN11speedo_dispD1Ev
                0x00000000000082dc                _ZN11speedo_disp8draw_oilEhh
                0x00000000000085a6                _ZN11speedo_disp8draw_airEhh
                0x00000000000086b0                _ZN11speedo_disp9draw_fuelEhh
                0x00000000000087da                _ZN11speedo_disp10draw_clockEhh
                0x0000000000008904                _ZN11speedo_disp12draw_blitzerEhh
                0x0000000000008b7e                _ZN11speedo_disp10draw_arrowEiii
                0x000000000000915a                _ZN11speedo_disp6sd2ssdEPci
                0x000000000000930e                _ZN11speedo_disp11show_storryEPcjS0_j
                0x00000000000095aa                _ZN11speedo_disp14show_animationEPKc
                0x00000000000098c6                _ZN11speedo_disp12disp_waitingEihh
                0x000000000000997a                _ZN11speedo_disp9animationEi
                0x00000000000099e6                _ZN11speedo_disp11init_speedoEv
 .text          0x0000000000009b2c      0x1c2 ./dz.o
                0x0000000000009b2c                _Z6helperv
                0x0000000000009b46                _ZN9speedo_dzC2Ev
                0x0000000000009b46                _ZN9speedo_dzC1Ev
                0x0000000000009b48                _ZN9speedo_dz7counterEv
                0x0000000000009b58                _ZN9speedo_dz4calcEv
                0x0000000000009ca6                _ZN9speedo_dz4initEv
 .text          0x0000000000009cee      0xb6a ./file_manager_v2.o
                0x0000000000009d04                _ZN21speedo_filemanager_v2C1Ev
                0x0000000000009d04                _ZN21speedo_filemanager_v2C2Ev
                0x0000000000009d1c                _ZN21speedo_filemanager_v2D1Ev
                0x0000000000009d1c                _ZN21speedo_filemanager_v2D2Ev
                0x0000000000009d34                _ZN21speedo_filemanager_v215get_file_handleEPhS0_P6SdFileS2_h
                0x0000000000009fc4                _ZN21speedo_filemanager_v213parse_commandEv
 .text          0x000000000000a858      0x24c ./fuel.o
                0x000000000000a858                _ZN11speedo_fuelC1Ev
                0x000000000000a858                _ZN11speedo_fuelC2Ev
                0x000000000000a85a                _ZN11speedo_fuelD2Ev
                0x000000000000a85a                _ZN11speedo_fuelD1Ev
                0x000000000000a85c                _ZN11speedo_fuel8get_fuelEPc
                0x000000000000aa88                _ZN11speedo_fuel4initEv
 .text          0x000000000000aaa4      0x6fa ./gear.o
                0x000000000000aaa4                _ZN11speedo_gearC2Ev
                0x000000000000aaa4                _ZN11speedo_gearC1Ev
                0x000000000000aaa6                _ZN11speedo_gearD1Ev
                0x000000000000aaa6                _ZN11speedo_gearD2Ev
                0x000000000000aaa8                _ZN11speedo_gear4initEv
                0x000000000000aad0                _ZN11speedo_gear4calcEv
                0x000000000000ad34                _ZN11speedo_gear3getEv
                0x000000000000ad4c                _ZN11speedo_gear9calibrateEv
 .text          0x000000000000b19e     0x1fa6 ./gps.o
                0x000000000000b1b4                _ZN10speedo_gpsC1Ev
                0x000000000000b1b4                _ZN10speedo_gpsC2Ev
                0x000000000000b1b6                _ZN10speedo_gpsD1Ev
                0x000000000000b1b6                _ZN10speedo_gpsD2Ev
                0x000000000000b1b8                _ZN10speedo_gps9recv_dataEv
                0x000000000000b30c                __vector_36
                0x000000000000b366                _ZN10speedo_gps8get_infoEi
                0x000000000000b4c6                _ZN10speedo_gps11store_to_sdEv
                0x000000000000b594                _ZN10speedo_gps3modEmm
                0x000000000000b61a                _ZN10speedo_gps11nmea_to_decEm
                0x000000000000b6d6                _ZN10speedo_gps9calc_distEmm
                0x000000000000b95e                _ZN10speedo_gps9get_orderEPc
                0x000000000000bbde                _ZN10speedo_gps18generate_new_orderEv
                0x000000000000bf96                _ZN10speedo_gps9calc_naviEv
                0x000000000000c41e                _ZN10speedo_gps5parseEPci
                0x000000000000cb62                _ZN10speedo_gps10check_flagEv
                0x000000000000cbb6                _ZN10speedo_gps4loopEv
                0x000000000000ce98                _ZN10speedo_gps17get_logged_pointsEPci
                0x000000000000d014                _ZN10speedo_gps8SendByteEh
                0x000000000000d022                _ZN10speedo_gps10SendStringEPKc
                0x000000000000d052                _ZN10speedo_gps4initEv
 .text          0x000000000000d144       0x38 ./helper.o
                0x000000000000d144                __cxa_pure_virtual
                0x000000000000d148                _Znwj
                0x000000000000d14c                _ZdlPv
                0x000000000000d150                _Znaj
                0x000000000000d154                _ZdaPv
                0x000000000000d15e                _Z19__cxa_guard_acquirePx
                0x000000000000d172                _Z19__cxa_guard_releasePx
                0x000000000000d17a                _Z17__cxa_guard_abortPx
 .text          0x000000000000d17c      0x3c2 ./main.o
                0x000000000000d17c                main
 .text          0x000000000000d53e     0x895c ./menu.o
                0x000000000000d554                _ZN11speedo_menuC2Ev
                0x000000000000d554                _ZN11speedo_menuC1Ev
                0x000000000000d556                _ZN11speedo_menuD2Ev
                0x000000000000d556                _ZN11speedo_menuD1Ev
                0x000000000000d558                _ZN11speedo_menu4backEv
                0x000000000000d658                _ZN11speedo_menu5yesnoEPKcS1_S1_
                0x000000000000d79e                _ZN11speedo_menu4drawEPPKci
                0x000000000000da76                _ZN11speedo_menu7go_leftEv
                0x000000000000db32                _ZN11speedo_menu8go_rightEv
                0x000000000000db94                _ZN11speedo_menu5go_upEv
                0x000000000000dc92                _ZN11speedo_menu7go_downEv
                0x000000000000dd7a                _ZN11speedo_menu11button_testEb
                0x000000000000df80                _ZN11speedo_menu4initEv
                0x000000000000e008                _ZN11speedo_menu11set_buttonsEbbbb
                0x000000000000e018                _ZN11speedo_menu9center_meEPci
                0x000000000000e15e                _ZN11speedo_menu7displayEv
                0x0000000000015dfe                _ZN11speedo_menu8del_confEPcS0_
 .text          0x0000000000015e9a       0xce ./oiler.o
                0x0000000000015e9a                _ZN12speedo_oilerC2Ev
                0x0000000000015e9a                _ZN12speedo_oilerC1Ev
                0x0000000000015e9c                _ZN12speedo_oilerD2Ev
                0x0000000000015e9c                _ZN12speedo_oilerD1Ev
                0x0000000000015e9e                _ZN12speedo_oiler4initEv
                0x0000000000015ebe                _ZN12speedo_oiler12send_impulseEv
                0x0000000000015f0c                _ZN12speedo_oiler11check_valueEv
 .text          0x0000000000015f68      0x298 ./reset.o
                0x0000000000015f68                _ZN12speedo_resetC1Ev
                0x0000000000015f68                _ZN12speedo_resetC2Ev
                0x0000000000015f6a                _ZN12speedo_resetD2Ev
                0x0000000000015f6a                _ZN12speedo_resetD1Ev
                0x0000000000015f6c                _ZN12speedo_reset10set_activeEbb
                0x0000000000015fb6                _ZN12speedo_reset12set_deactiveEbb
                0x0000000000015ffe                _ZN12speedo_reset7restoreEv
                0x0000000000016012                _ZN12speedo_reset6toggleEv
                0x0000000000016070                _ZN12speedo_reset9ask_resetEv
                0x0000000000016176                _ZN12speedo_reset4initEv
 .text          0x0000000000016200      0x17c ./sd.o
                0x0000000000016200                _ZN8SdVolume4initEP7Sd2Card
                0x000000000001622e                _ZN9speedo_sdC1Ev
                0x000000000001622e                _ZN9speedo_sdC2Ev
                0x000000000001624a                _ZN9speedo_sdD1Ev
                0x000000000001624a                _ZN9speedo_sdD2Ev
                0x000000000001624c                _ZN9speedo_sd7error_PEPKc
                0x00000000000162a2                _ZN9speedo_sd9writeCRLFER6SdFile
                0x00000000000162b0                _ZN9speedo_sd11writeStringER6SdFilePc
                0x00000000000162ce                _ZN9speedo_sd10power_downEv
                0x00000000000162d0                _ZN9speedo_sd8power_upEv
                0x000000000001635e                _ZN9speedo_sd4initEv
 .text          0x000000000001637c      0x24c ./sensors.o
                0x000000000001637c                _ZN14Speedo_sensorsC1Ev
                0x000000000001637c                _ZN14Speedo_sensorsC2Ev
                0x0000000000016450                _ZN14Speedo_sensorsD2Ev
                0x0000000000016450                _ZN14Speedo_sensorsD1Ev
                0x0000000000016452                _ZN14Speedo_sensors4initEv
                0x00000000000164c0                _ZN14Speedo_sensors6flatItEiPsif
 .text          0x00000000000165c8      0x7f0 ./speed.o
                0x00000000000165c8                _ZN12speedo_speedC2Ev
                0x00000000000165c8                _ZN12speedo_speedC1Ev
                0x00000000000165ca                _ZN12speedo_speedD2Ev
                0x00000000000165ca                _ZN12speedo_speedD1Ev
                0x00000000000165cc                _ZN12speedo_speed4calcEv
                0x0000000000016782                _Z12helper_speedv
                0x0000000000016790                _ZN12speedo_speed4initEv
                0x00000000000167d6                _ZN12speedo_speed8getSpeedEv
                0x0000000000016850                _ZN12speedo_speed13get_sat_speedEv
                0x000000000001688c                _ZN12speedo_speed13get_mag_speedEv
                0x0000000000016894                _ZN12speedo_speed12check_umfangEv
 .text          0x0000000000016db8     0x1b48 ./speedo.o
                0x0000000000016db8                _ZN13speedo_speedo9reset_bakEv
                0x0000000000016dce                _ZN13speedo_speedo4loopEm
 .text          0x0000000000018900      0x4f6 ./sprint.o
                0x0000000000018900                _ZN13speedo_sprintC2Ev
                0x0000000000018900                _ZN13speedo_sprintC1Ev
                0x000000000001891e                _ZN13speedo_sprintD2Ev
                0x000000000001891e                _ZN13speedo_sprintD1Ev
                0x0000000000018920                _ZN13speedo_sprint4initEv
                0x000000000001893e                _ZN13speedo_sprint4loopEv
 .text          0x0000000000018df6      0x116 ./stepper.o
                0x0000000000018df6                _ZN14speedo_stepperC2Ev
                0x0000000000018df6                _ZN14speedo_stepperC1Ev
                0x0000000000018df8                _ZN14speedo_stepperD2Ev
                0x0000000000018df8                _ZN14speedo_stepperD1Ev
                0x0000000000018dfa                _ZN14speedo_stepper5go_toEii
                0x0000000000018eca                _ZN14speedo_stepper4initEv
 .text          0x0000000000018f0c      0x5c6 ./temperature.o
                0x0000000000018f0c                _ZN18speedo_temperatureC1Ev
                0x0000000000018f0c                _ZN18speedo_temperatureC2Ev
                0x0000000000018f0e                _ZN18speedo_temperatureD1Ev
                0x0000000000018f0e                _ZN18speedo_temperatureD2Ev
                0x0000000000018f10                _ZN18speedo_temperature4initEv
                0x0000000000018f88                _ZN18speedo_temperature13read_oil_tempEv
                0x000000000001911e                _ZN18speedo_temperature15read_water_tempEv
                0x00000000000192b2                _ZN18speedo_temperature13read_air_tempEv
                0x0000000000019390                _ZN18speedo_temperature12get_air_tempEv
                0x00000000000193aa                _ZN18speedo_temperature12get_oil_tempEv
                0x000000000001943e                _ZN18speedo_temperature14get_water_tempEv
 .text          0x00000000000194d2     0x1512 ./tetris.o
                0x00000000000194d2                _ZN6tetrisC1Ev
                0x00000000000194d2                _ZN6tetrisC2Ev
                0x00000000000194d4                _ZN6tetrisD2Ev
                0x00000000000194d4                _ZN6tetrisD1Ev
                0x00000000000194d6                _ZN6tetris22copy_element_to_bufferEi
                0x0000000000019586                _ZN6tetris11new_elementEv
                0x000000000001967e                _ZN6tetris4initEv
                0x00000000000196c6                _ZN6tetris13initDrawFieldEv
                0x00000000000199f6                _ZN6tetris11updateFieldEv
                0x0000000000019b28                _ZN6tetris11check_stackEv
                0x0000000000019f74                _ZN6tetris4loopEv
                0x000000000001a902                _ZN6tetris3runEv
                0x000000000001a936                _ZN6tetris19show_grid_on_serialEv
 .text          0x000000000001a9e4      0x28a ./timer.o
                0x000000000001a9e4                _ZN12speedo_timerC2Ev
                0x000000000001a9e4                _ZN12speedo_timerC1Ev
                0x000000000001aa1e                _ZN12speedo_timerD2Ev
                0x000000000001aa1e                _ZN12speedo_timerD1Ev
                0x000000000001aa20                _Z8ram_infov
                0x000000000001aa4c                _ZN12speedo_timer9every_secEP13configuration
                0x000000000001ab00                _ZN12speedo_timer10every_qsecEv
                0x000000000001ab52                _ZN12speedo_timer12every_customEv
 .text          0x000000000001ac6e      0x278 ./voltage.o
                0x000000000001ac6e                _ZN14speedo_voltageC2Ev
                0x000000000001ac6e                _ZN14speedo_voltageC1Ev
                0x000000000001ac70                _ZN14speedo_voltageD2Ev
                0x000000000001ac70                _ZN14speedo_voltageD1Ev
                0x000000000001ac72                _ZN14speedo_voltage4calcEv
                0x000000000001ad7a                _ZN14speedo_voltage3getEv
                0x000000000001ad8e                _ZN14speedo_voltage4initEv
                0x000000000001adaa                _ZN14speedo_voltage4loopEv
 .text          0x000000000001aee6        0xe ./inc/EEPROM.o
                0x000000000001aee6                _ZN11EEPROMClass4readEi
                0x000000000001aeec                _ZN11EEPROMClass5writeEih
 .text          0x000000000001aef4      0x856 ./inc/Sd2Card.o
                0x000000000001af2a                _ZN7Sd2Card14chipSelectHighEv
                0x000000000001af34                _ZN7Sd2Card13chipSelectLowEv
                0x000000000001af4c                _ZN7Sd2Card8readDataEPhj
                0x000000000001af9e                _ZN7Sd2Card10setSckRateEh
                0x000000000001afb2                _ZN7Sd2Card11waitNotBusyEj
                0x000000000001afe8                _ZN7Sd2Card11cardCommandEhm
                0x000000000001b076                _ZN7Sd2Card8cardAcmdEhm
                0x000000000001b0b0                _ZN7Sd2Card4initEhh
                0x000000000001b208                _ZN7Sd2Card14waitStartBlockEv
                0x000000000001b252                _ZN7Sd2Card12readRegisterEhPv
                0x000000000001b296                _ZN7Sd2Card7readCSDEP5csd_t
                0x000000000001b29c                _ZN7Sd2Card22eraseSingleBlockEnableEv
                0x000000000001b2d6                _ZN7Sd2Card5eraseEmm
                0x000000000001b3fc                _ZN7Sd2Card8cardSizeEv
                0x000000000001b502                _ZN7Sd2Card9readBlockEmPh
                0x000000000001b570                _ZN7Sd2Card9writeDataEhPKh
                0x000000000001b5cc                _ZN7Sd2Card9writeDataEPKh
                0x000000000001b60e                _ZN7Sd2Card10writeBlockEmPKh
                0x000000000001b6a2                _ZN7Sd2Card10writeStartEmm
                0x000000000001b70e                _ZN7Sd2Card9writeStopEv
 .text          0x000000000001b74a      0x43a ./inc/SdFat.o
                0x000000000001b78e                _ZN5SdFat5chdirEv
                0x000000000001b7be                _ZN5SdFat5chdirEPKc
                0x000000000001b8a0                _ZN5SdFat10errorPrintEv
                0x000000000001b8ce                _ZN5SdFat9errorHaltEv
                0x000000000001b8d2                _ZN5SdFat10errorPrintEPKc
                0x000000000001b8fc                _ZN5SdFat9errorHaltEPKc
                0x000000000001b900                _ZN5SdFat12errorPrint_PEPKc
                0x000000000001b924                _ZN5SdFat11errorHalt_PEPKc
                0x000000000001b928                _ZN5SdFat6existsEPKc
                0x000000000001b92e                _ZN5SdFat4initEhh
                0x000000000001b962                _ZN5SdFat14initErrorPrintEv
                0x000000000001b9aa                _ZN5SdFat13initErrorHaltEv
                0x000000000001b9ae                _ZN5SdFat2lsEh
                0x000000000001b9bc                _ZN5SdFat2lsEP5Printh
                0x000000000001b9c4                _ZN5SdFat5mkdirEPKcb
                0x000000000001ba24                _ZN5SdFat6removeEPKc
                0x000000000001ba2a                _ZN5SdFat6renameEPKcS1_
                0x000000000001baa8                _ZN5SdFat5rmdirEPKc
                0x000000000001bb0a                _ZN5SdFat8truncateEPKcm
 .text          0x000000000001bb84       0x8a ./inc/SdFatUtil.o
                0x000000000001bb84                _ZN9SdFatUtil7FreeRamEv
                0x000000000001bbbe                _ZN9SdFatUtil7print_PEP5PrintPKc
                0x000000000001bbea                _ZN9SdFatUtil9println_PEP5PrintPKc
                0x000000000001bbfe                _ZN9SdFatUtil13SerialPrint_PEPKc
                0x000000000001bc06                _ZN9SdFatUtil15SerialPrintln_PEPKc
 .text          0x000000000001bc0e     0x2794 ./inc/SdFile.o
                0x000000000001bc3a                _ZN8SdVolume9fatPutEOCEm
                0x000000000001bc50                _ZN6SdFile10addClusterEv
                0x000000000001bca4                _ZN6SdFile13addDirClusterEv
                0x000000000001bdbe                _ZN6SdFile13cacheDirEntryEh
                0x000000000001bdfa                _ZN6SdFile15contiguousRangeEPmS0_
                0x000000000001bf5e                _ZN6SdFile7dirNameERK14directoryEntryPc
                0x000000000001bf9a                _ZN6SdFile11getFilenameEPc
                0x000000000001bfce                _ZN6SdFile6getposEP6fpos_t
                0x000000000001bffc                _ZN6SdFile10make83NameEPKcPhPS1_
                0x000000000001c07e                _ZN6SdFile8openRootEP8SdVolume
                0x000000000001c124                _ZN6SdFile12printDirNameEP5PrintRK14directoryEntryhb
                0x000000000001c1b4                _ZN6SdFile12printDirNameERK14directoryEntryhb
                0x000000000001c1c4                _ZN6SdFile12printFatDateEP5Printj
                0x000000000001c21e                _ZN6SdFile12printFatDateEj
                0x000000000001c226                _ZN6SdFile12printFatTimeEP5Printj
                0x000000000001c27a                _ZN6SdFile12printFatTimeEj
                0x000000000001c282                _ZN6SdFile9printNameEv
                0x000000000001c2ce                _ZN6SdFile4readEPvj
                0x000000000001c530                _ZN6SdFile4readEv
                0x000000000001c560                _ZN6SdFile4peekEv
                0x000000000001c5b6                _ZN6SdFile11lsPrintNextEP5Printhh
                0x000000000001c736                _ZN6SdFile9lsJKWNextEPci
                0x000000000001c82c                _ZN6SdFile5fgetsEPciS0_
                0x000000000001c900                _ZN6SdFile7readDirEP14directoryEntry
                0x000000000001c96a                _ZN6SdFile12readDirCacheEv
                0x000000000001c9e0                _ZN6SdFile7seekSetEm
                0x000000000001cb18                _ZN6SdFile7seekEndEl
                0x000000000001cb36                _ZN6SdFile6rewindEv
                0x000000000001cb3e                _ZN6SdFile6setposEP6fpos_t
                0x000000000001cb6a                _ZN6SdFile4syncEv
                0x000000000001cbfe                _ZN6SdFile8dirEntryEP14directoryEntry
                0x000000000001cc40                _ZN6SdFile5closeEv
                0x000000000001cc6e                _ZN6SdFile9timestampEhjhhhhh
                0x000000000001cd9e                _ZN6SdFile8truncateEm
                0x000000000001cf06                _ZN6SdFile6removeEv
                0x000000000001cf3a                _ZN6SdFile5rmdirEv
                0x000000000001cfc4                _ZN6SdFile15openCachedEntryEhh
                0x000000000001d0d0                _ZN6SdFile8openNextEPS_h
                0x000000000001d166                _ZN6SdFile4openEPS_jh
                0x000000000001d1e6                _ZN6SdFile8rmRfStarEv
                0x000000000001d320                _ZN6SdFile2lsEP5Printhh
                0x000000000001d41c                _ZN6SdFile2lsEh
                0x000000000001d426                _ZN6SdFile10openParentEPS_
                0x000000000001d622                _ZN6SdFile4openEPS_PKhh
                0x000000000001d7ae                _ZN6SdFile4openEPS_PKch
                0x000000000001d946                _ZN6SdFile6removeEPS_PKc
                0x000000000001d9aa                _ZN6SdFile4openEPKch
                0x000000000001d9ba                _ZN6SdFileC1EPKch
                0x000000000001d9ba                _ZN6SdFileC2EPKch
                0x000000000001d9ca                _ZN6SdFile6existsEPKc
                0x000000000001da24                _ZN6SdFile16createContiguousEPS_PKcm
                0x000000000001dab0                _ZN6SdFile5mkdirEPS_PKh
                0x000000000001dc32                _ZN6SdFile5mkdirEPS_PKcb
                0x000000000001dde2                _ZN6SdFile6renameEPS_PKc
                0x000000000001dfd6                _ZN6SdFile5writeEPKvj
                0x000000000001e326                _ZN6SdFile5writeEPKc
                0x000000000001e33a                _ZN6SdFile5writeEh
                0x000000000001e35a                _ZN6SdFile7write_PEPKc
                0x000000000001e38c                _ZN6SdFile9writeln_PEPKc
 .text          0x000000000001e3a2      0x2c8 ./inc/SdStream.o
                0x000000000001e3a2                _ZN6SdFile7seekCurEl
                0x000000000001e3c2                _ZN6SdBase5getchEv
                0x000000000001e47c                _ZN6SdBase4openEPKch
                0x000000000001e53c                _ZN6SdBase5putchEc
                0x000000000001e59c                _ZN6SdBase6putstrEPKc
                0x000000000001e61c                _ZN6SdBase7seekoffElN8ios_base7seekdirE
                0x000000000001e666                _ZN6SdBase7seekposEm
 .text          0x000000000001e66a      0xa8e ./inc/SdVolume.o
                0x000000000001e66a                _ZN8SdVolume10cacheFlushEv
                0x000000000001e6e4                _ZN8SdVolume13cacheRawBlockEmh
                0x000000000001e768                _ZNK8SdVolume6fatGetEmPm
                0x000000000001e868                _ZNK8SdVolume9chainSizeEmPm
                0x000000000001e94e                _ZN8SdVolume6fatPutEmm
                0x000000000001ea8a                _ZN8SdVolume15allocContiguousEmPm
                0x000000000001eca8                _ZN8SdVolume9freeChainEm
                0x000000000001ed5e                _ZN8SdVolume16freeClusterCountEv
                0x000000000001ee92                _ZN8SdVolume4initEP7Sd2Cardh
 .text          0x000000000001f0f8      0x1f4 ./inc/Wire.o
                0x000000000001f0f8                _ZN7TwoWire16onReceiveServiceEPhi
                0x000000000001f148                _ZN7TwoWire16onRequestServiceEv
                0x000000000001f160                _ZN7TwoWireC2Ev
                0x000000000001f160                _ZN7TwoWireC1Ev
                0x000000000001f162                _ZN7TwoWire5beginEv
                0x000000000001f176                _ZN7TwoWire5beginEh
                0x000000000001f19c                _ZN7TwoWire5beginEi
                0x000000000001f19e                _ZN7TwoWire11requestFromEhh
                0x000000000001f1b8                _ZN7TwoWire11requestFromEii
                0x000000000001f1ba                _ZN7TwoWire17beginTransmissionEh
                0x000000000001f1ce                _ZN7TwoWire17beginTransmissionEi
                0x000000000001f1d0                _ZN7TwoWire15endTransmissionEv
                0x000000000001f1f0                _ZN7TwoWire4sendEh
                0x000000000001f238                _ZN7TwoWire4sendEPhh
                0x000000000001f292                _ZN7TwoWire4sendEPc
                0x000000000001f2a6                _ZN7TwoWire4sendEi
                0x000000000001f2a8                _ZN7TwoWire9availableEv
                0x000000000001f2b4                _ZN7TwoWire7receiveEv
                0x000000000001f2d6                _ZN7TwoWire9onReceiveEPFviE
                0x000000000001f2e0                _ZN7TwoWire9onRequestEPFvvE
 .text          0x000000000001f2ec      0xd62 ./inc/istream.o
                0x000000000001f2ec                _ZN7istream5getchEP6fpos_t
                0x000000000001f312                _ZN7istream3getEv
                0x000000000001f356                _ZN7istream3getERc
                0x000000000001f374                _ZN7istream3getEPcmc
                0x000000000001f48c                _ZN7istream7getlineEPcmc
                0x000000000001f5c4                _ZN7istream6ignoreEmi
                0x000000000001f62c                _ZN7istream4peekEv
                0x000000000001f6e0                _ZN7istream8readSkipEv
                0x000000000001f726                _ZN7istream6getStrEPc
                0x000000000001f878                _ZN7istream9getNumberEmmPm
                0x000000000001fb00                _ZN7istream8getFloatEPf
                0x000000000001fe54                _ZN7istream7getCharEPc
                0x000000000001fe8c                _ZN7istream9skipWhiteEv
                0x000000000001fefc                _ZN7istream9getNumberIbEEvPT_
                0x000000000001ff66                _ZN7istream7getBoolEPb
 .text          0x000000000002004e      0x64a ./inc/ostream.o
                0x000000000002004e                _ZN7ostream7do_fillEj
                0x000000000002009e                _ZN7ostream13fill_not_leftEj
                0x00000000000200c4                _ZN7ostream6fmtNumEmPch
                0x0000000000020160                _ZN7ostream7putCharEc
                0x0000000000020190                _ZN7ostream6putNumEmb
                0x00000000000202f4                _ZN7ostream6putNumEl
                0x000000000002032e                _ZN7ostream6putPgmERK3pgm
                0x0000000000020380                _ZN7ostream9putDoubleEd
                0x00000000000205f4                _ZN7ostream7putBoolEb
                0x0000000000020650                _ZN7ostream6putStrEPKc
 .text          0x0000000000020698        0x0 ./inc/pins_arduino.o
 .text          0x0000000000020698     0x1ae6 ./inc/ssd0323.o
                0x0000000000020698                _ZN7ssd032310senden_spiEh
                0x00000000000206bc                _ZN7ssd032312send_commandEh
                0x00000000000206c4                _ZN7ssd03239send_charEh
                0x00000000000206c8                _ZN7ssd032312clear_screenEv
                0x000000000002070e                _ZN7ssd032310set2pixelsEhhhh
                0x000000000002077c                _ZN7ssd03234lineEhhhhh
                0x0000000000020c36                _ZN7ssd032314zeichen_big_1xEPhhiiiih
                0x0000000000020eb2                _ZN7ssd032316zeichen_small_1xEPhhiiiih
                0x000000000002104c                _ZN7ssd032316zeichen_small_2xEPhhiiiih
                0x0000000000021246                _ZN7ssd032316zeichen_small_3xEPhhiiiih
                0x00000000000214ce                _ZN7ssd032316zeichen_small_4xEPhhiiiih
                0x0000000000021716                _ZN7ssd03236stringEsPKchhhhh
                0x0000000000021d1e                _ZN7ssd03236stringEsPKchh
                0x0000000000021d3a                _ZN7ssd03238string_PEsPKchhhhh
                0x0000000000021dd6                _ZN7ssd03238string_PEsPKchh
                0x0000000000021df2                _ZN7ssd032311filled_rectEhhhhh
                0x0000000000021ec8                _ZN7ssd032313highlight_barEhhhh
                0x0000000000021fbe                _ZN7ssd03234initEhh
                0x000000000002217c                _ZN7ssd0323C1Ev
                0x000000000002217c                _ZN7ssd0323C2Ev
 .text          0x000000000002217e      0x43c ./inc/twi.o
                0x000000000002217e                twi_init
                0x00000000000221a4                twi_setAddress
                0x00000000000221ac                twi_readFrom
                0x0000000000022218                twi_writeTo
                0x0000000000022298                twi_transmit
                0x00000000000222cc                twi_attachSlaveRxEvent
                0x00000000000222d6                twi_attachSlaveTxEvent
                0x00000000000222e0                twi_reply
                0x00000000000222f0                twi_stop
                0x0000000000022304                twi_releaseBus
                0x0000000000022310                __vector_39
 .text          0x00000000000225ba        0x0 /home/jkw/Store/17 - Speedmaster/Firmware/inc/libArduinoCore2560.a(WInterrupts.c.o)
 .text          0x00000000000225ba        0x0 /home/jkw/Store/17 - Speedmaster/Firmware/inc/libArduinoCore2560.a(wiring.c.o)
 .text          0x00000000000225ba        0x0 /home/jkw/Store/17 - Speedmaster/Firmware/inc/libArduinoCore2560.a(wiring_analog.c.o)
 .text          0x00000000000225ba        0x0 /home/jkw/Store/17 - Speedmaster/Firmware/inc/libArduinoCore2560.a(wiring_digital.c.o)
 .text          0x00000000000225ba        0x0 /home/jkw/Store/17 - Speedmaster/Firmware/inc/libArduinoCore2560.a(HardwareSerial.cpp.o)
 .text          0x00000000000225ba        0x0 /home/jkw/Store/17 - Speedmaster/Firmware/inc/libArduinoCore2560.a(Print.cpp.o)
 .text          0x00000000000225ba        0x0 /home/jkw/Store/17 - Speedmaster/Firmware/inc/libArduinoCore2560.a(WString.cpp.o)
 .text          0x00000000000225ba        0x0 /usr/lib/gcc/avr/4.5.3/../../../avr/lib/avr6/libc.a(malloc.o)
 .text          0x00000000000225ba        0x0 /usr/lib/gcc/avr/4.5.3/../../../avr/lib/avr6/libc.a(exit.o)
 .text          0x00000000000225ba        0x0 /usr/lib/gcc/avr/4.5.3/../../../avr/lib/avr6/libc.a(isalpha.o)
 .text          0x00000000000225ba        0x0 /usr/lib/gcc/avr/4.5.3/../../../avr/lib/avr6/libc.a(isspace.o)
 .text          0x00000000000225ba        0x0 /usr/lib/gcc/avr/4.5.3/../../../avr/lib/avr6/libc.a(tolower.o)
 .text          0x00000000000225ba        0x0 /usr/lib/gcc/avr/4.5.3/../../../avr/lib/avr6/libc.a(toupper.o)
 .text          0x00000000000225ba        0x0 /usr/lib/gcc/avr/4.5.3/../../../avr/lib/avr6/libc.a(strcmp_P.o)
 .text          0x00000000000225ba        0x0 /usr/lib/gcc/avr/4.5.3/../../../avr/lib/avr6/libc.a(strcpy_P.o)
 .text          0x00000000000225ba        0x0 /usr/lib/gcc/avr/4.5.3/../../../avr/lib/avr6/libc.a(strlen_P.o)
 .text          0x00000000000225ba        0x0 /usr/lib/gcc/avr/4.5.3/../../../avr/lib/avr6/libc.a(memcmp.o)
 .text          0x00000000000225ba        0x0 /usr/lib/gcc/avr/4.5.3/../../../avr/lib/avr6/libc.a(memcpy.o)
 .text          0x00000000000225ba        0x0 /usr/lib/gcc/avr/4.5.3/../../../avr/lib/avr6/libc.a(memset.o)
 .text          0x00000000000225ba        0x0 /usr/lib/gcc/avr/4.5.3/../../../avr/lib/avr6/libc.a(strcat.o)
 .text          0x00000000000225ba        0x0 /usr/lib/gcc/avr/4.5.3/../../../avr/lib/avr6/libc.a(strchr.o)
 .text          0x00000000000225ba        0x0 /usr/lib/gcc/avr/4.5.3/../../../avr/lib/avr6/libc.a(strcmp.o)
 .text          0x00000000000225ba        0x0 /usr/lib/gcc/avr/4.5.3/../../../avr/lib/avr6/libc.a(strcpy.o)
 .text          0x00000000000225ba        0x0 /usr/lib/gcc/avr/4.5.3/../../../avr/lib/avr6/libc.a(strncmp.o)
 .text          0x00000000000225ba        0x0 /usr/lib/gcc/avr/4.5.3/../../../avr/lib/avr6/libc.a(strncpy.o)
 .text          0x00000000000225ba        0x0 /usr/lib/gcc/avr/4.5.3/../../../avr/lib/avr6/libc.a(strrchr.o)
 .text          0x00000000000225ba        0x0 /usr/lib/gcc/avr/4.5.3/../../../avr/lib/avr6/libc.a(strstr.o)
 .text          0x00000000000225ba        0x0 /usr/lib/gcc/avr/4.5.3/../../../avr/lib/avr6/libc.a(itoa.o)
 .text          0x00000000000225ba        0x0 /usr/lib/gcc/avr/4.5.3/../../../avr/lib/avr6/libc.a(ltoa.o)
 .text          0x00000000000225ba        0x0 /usr/lib/gcc/avr/4.5.3/../../../avr/lib/avr6/libc.a(ultoa.o)
 .text          0x00000000000225ba        0x0 /usr/lib/gcc/avr/4.5.3/../../../avr/lib/avr6/libc.a(sprintf.o)
 .text          0x00000000000225ba        0x0 /usr/lib/gcc/avr/4.5.3/../../../avr/lib/avr6/libc.a(addsf3.o)
 .text          0x00000000000225ba        0x0 /usr/lib/gcc/avr/4.5.3/../../../avr/lib/avr6/libc.a(addsf3x.o)
 .text          0x00000000000225ba        0x0 /usr/lib/gcc/avr/4.5.3/../../../avr/lib/avr6/libc.a(asin.o)
 .text          0x00000000000225ba        0x0 /usr/lib/gcc/avr/4.5.3/../../../avr/lib/avr6/libc.a(cmpsf2.o)
 .text          0x00000000000225ba        0x0 /usr/lib/gcc/avr/4.5.3/../../../avr/lib/avr6/libc.a(cos.o)
 .text          0x00000000000225ba        0x0 /usr/lib/gcc/avr/4.5.3/../../../avr/lib/avr6/libc.a(divsf3.o)
 .text          0x00000000000225ba        0x0 /usr/lib/gcc/avr/4.5.3/../../../avr/lib/avr6/libc.a(divsf3x.o)
 .text          0x00000000000225ba        0x0 /usr/lib/gcc/avr/4.5.3/../../../avr/lib/avr6/libc.a(fixsfsi.o)
 .text          0x00000000000225ba        0x0 /usr/lib/gcc/avr/4.5.3/../../../avr/lib/avr6/libc.a(fixunssfsi.o)
 .text          0x00000000000225ba        0x0 /usr/lib/gcc/avr/4.5.3/../../../avr/lib/avr6/libc.a(floatsisf.o)
 .text          0x00000000000225ba        0x0 /usr/lib/gcc/avr/4.5.3/../../../avr/lib/avr6/libc.a(floor.o)
 .text          0x00000000000225ba        0x0 /usr/lib/gcc/avr/4.5.3/../../../avr/lib/avr6/libc.a(fp_arccos.o)
 .text          0x00000000000225ba        0x0 /usr/lib/gcc/avr/4.5.3/../../../avr/lib/avr6/libc.a(fp_cmp.o)
 .text          0x00000000000225ba        0x0 /usr/lib/gcc/avr/4.5.3/../../../avr/lib/avr6/libc.a(fp_inf.o)
 .text          0x00000000000225ba        0x0 /usr/lib/gcc/avr/4.5.3/../../../avr/lib/avr6/libc.a(fp_mintl.o)
 .text          0x00000000000225ba        0x0 /usr/lib/gcc/avr/4.5.3/../../../avr/lib/avr6/libc.a(fp_mpack.o)
 .text          0x00000000000225ba        0x0 /usr/lib/gcc/avr/4.5.3/../../../avr/lib/avr6/libc.a(fp_nan.o)
 .text          0x00000000000225ba        0x0 /usr/lib/gcc/avr/4.5.3/../../../avr/lib/avr6/libc.a(fp_powser.o)
 .text          0x00000000000225ba        0x0 /usr/lib/gcc/avr/4.5.3/../../../avr/lib/avr6/libc.a(fp_powsodd.o)
 .text          0x00000000000225ba        0x0 /usr/lib/gcc/avr/4.5.3/../../../avr/lib/avr6/libc.a(fp_pscA.o)
 .text          0x00000000000225ba        0x0 /usr/lib/gcc/avr/4.5.3/../../../avr/lib/avr6/libc.a(fp_pscB.o)
 .text          0x00000000000225ba        0x0 /usr/lib/gcc/avr/4.5.3/../../../avr/lib/avr6/libc.a(fp_rempio2.o)
 .text          0x00000000000225ba        0x0 /usr/lib/gcc/avr/4.5.3/../../../avr/lib/avr6/libc.a(fp_round.o)
 .text          0x00000000000225ba        0x0 /usr/lib/gcc/avr/4.5.3/../../../avr/lib/avr6/libc.a(fp_sinus.o)
 .text          0x00000000000225ba        0x0 /usr/lib/gcc/avr/4.5.3/../../../avr/lib/avr6/libc.a(fp_split3.o)
 .text          0x00000000000225ba        0x0 /usr/lib/gcc/avr/4.5.3/../../../avr/lib/avr6/libc.a(fp_trunc.o)
 .text          0x00000000000225ba        0x0 /usr/lib/gcc/avr/4.5.3/../../../avr/lib/avr6/libc.a(fp_zero.o)
 .text          0x00000000000225ba        0x0 /usr/lib/gcc/avr/4.5.3/../../../avr/lib/avr6/libc.a(gesf2.o)
 .text          0x00000000000225ba        0x0 /usr/lib/gcc/avr/4.5.3/../../../avr/lib/avr6/libc.a(mulsf3.o)
 .text          0x00000000000225ba        0x0 /usr/lib/gcc/avr/4.5.3/../../../avr/lib/avr6/libc.a(mulsf3x.o)
 .text          0x00000000000225ba        0x0 /usr/lib/gcc/avr/4.5.3/../../../avr/lib/avr6/libc.a(pow.o)
 .text          0x00000000000225ba        0x0 /usr/lib/gcc/avr/4.5.3/../../../avr/lib/avr6/libc.a(sin.o)
 .text          0x00000000000225ba        0x0 /usr/lib/gcc/avr/4.5.3/../../../avr/lib/avr6/libc.a(sqrt.o)
 .text          0x00000000000225ba        0x0 /usr/lib/gcc/avr/4.5.3/../../../avr/lib/avr6/libc.a(vfprintf_std.o)
 .text          0x00000000000225ba        0x0 /usr/lib/gcc/avr/4.5.3/../../../avr/lib/avr6/libc.a(eerd_byte_atmega2560.o)
 .text          0x00000000000225ba        0x0 /usr/lib/gcc/avr/4.5.3/../../../avr/lib/avr6/libc.a(eewr_byte_atmega2560.o)
 .text          0x00000000000225ba        0x0 /usr/lib/gcc/avr/4.5.3/../../../avr/lib/avr6/libc.a(cty_isfalse.o)
 .text          0x00000000000225ba        0x0 /usr/lib/gcc/avr/4.5.3/../../../avr/lib/avr6/libc.a(strnlen_P.o)
 .text          0x00000000000225ba        0x0 /usr/lib/gcc/avr/4.5.3/../../../avr/lib/avr6/libc.a(strnlen.o)
 .text          0x00000000000225ba        0x0 /usr/lib/gcc/avr/4.5.3/../../../avr/lib/avr6/libc.a(strrev.o)
 .text          0x00000000000225ba        0x0 /usr/lib/gcc/avr/4.5.3/../../../avr/lib/avr6/libc.a(fputc.o)
 .text          0x00000000000225ba        0x0 /usr/lib/gcc/avr/4.5.3/../../../avr/lib/avr6/libc.a(ultoa_invert.o)
 .text          0x00000000000225ba        0x0 /usr/lib/gcc/avr/4.5.3/../../../avr/lib/avr6/libc.a(exp.o)
 .text          0x00000000000225ba        0x0 /usr/lib/gcc/avr/4.5.3/../../../avr/lib/avr6/libc.a(fp_norm2.o)
 .text          0x00000000000225ba        0x0 /usr/lib/gcc/avr/4.5.3/../../../avr/lib/avr6/libc.a(inverse.o)
 .text          0x00000000000225ba        0x0 /usr/lib/gcc/avr/4.5.3/../../../avr/lib/avr6/libc.a(ldexp.o)
 .text          0x00000000000225ba        0x0 /usr/lib/gcc/avr/4.5.3/../../../avr/lib/avr6/libc.a(log.o)
 .text          0x00000000000225ba        0x0 /usr/lib/gcc/avr/4.5.3/../../../avr/lib/avr6/libc.a(modf.o)
 .text          0x00000000000225ba        0x0 /usr/lib/gcc/avr/4.5.3/avr6/libgcc.a(_mulsi3.o)
 .text          0x00000000000225ba        0x0 /usr/lib/gcc/avr/4.5.3/avr6/libgcc.a(_udivmodqi4.o)
 .text          0x00000000000225ba        0x0 /usr/lib/gcc/avr/4.5.3/avr6/libgcc.a(_udivmodhi4.o)
 .text          0x00000000000225ba        0x0 /usr/lib/gcc/avr/4.5.3/avr6/libgcc.a(_divmodhi4.o)
 .text          0x00000000000225ba        0x0 /usr/lib/gcc/avr/4.5.3/avr6/libgcc.a(_udivmodsi4.o)
 .text          0x00000000000225ba        0x0 /usr/lib/gcc/avr/4.5.3/avr6/libgcc.a(_divmodsi4.o)
 .text          0x00000000000225ba        0x0 /usr/lib/gcc/avr/4.5.3/avr6/libgcc.a(_exit.o)
 .text          0x00000000000225ba        0x0 /usr/lib/gcc/avr/4.5.3/avr6/libgcc.a(_copy_data.o)
 .text          0x00000000000225ba        0x0 /usr/lib/gcc/avr/4.5.3/avr6/libgcc.a(_clear_bss.o)
 .text          0x00000000000225ba        0x0 /usr/lib/gcc/avr/4.5.3/avr6/libgcc.a(_ctors.o)
 .text          0x00000000000225ba        0x0 /usr/lib/gcc/avr/4.5.3/avr6/libgcc.a(_tablejump_elpm.o)
                0x00000000000225ba                . = ALIGN (0x2)
 *(.text.*)
 .text.attachInterrupt
                0x00000000000225ba       0xf8 /home/jkw/Store/17 - Speedmaster/Firmware/inc/libArduinoCore2560.a(WInterrupts.c.o)
                0x00000000000225ba                attachInterrupt
 .text.detachInterrupt
                0x00000000000226b2       0x58 /home/jkw/Store/17 - Speedmaster/Firmware/inc/libArduinoCore2560.a(WInterrupts.c.o)
                0x00000000000226b2                detachInterrupt
 .text.__vector_1
                0x000000000002270a       0x62 /home/jkw/Store/17 - Speedmaster/Firmware/inc/libArduinoCore2560.a(WInterrupts.c.o)
                0x000000000002270a                __vector_1
 .text.__vector_2
                0x000000000002276c       0x62 /home/jkw/Store/17 - Speedmaster/Firmware/inc/libArduinoCore2560.a(WInterrupts.c.o)
                0x000000000002276c                __vector_2
 .text.__vector_3
                0x00000000000227ce       0x62 /home/jkw/Store/17 - Speedmaster/Firmware/inc/libArduinoCore2560.a(WInterrupts.c.o)
                0x00000000000227ce                __vector_3
 .text.__vector_4
                0x0000000000022830       0x62 /home/jkw/Store/17 - Speedmaster/Firmware/inc/libArduinoCore2560.a(WInterrupts.c.o)
                0x0000000000022830                __vector_4
 .text.__vector_5
                0x0000000000022892       0x62 /home/jkw/Store/17 - Speedmaster/Firmware/inc/libArduinoCore2560.a(WInterrupts.c.o)
                0x0000000000022892                __vector_5
 .text.__vector_6
                0x00000000000228f4       0x62 /home/jkw/Store/17 - Speedmaster/Firmware/inc/libArduinoCore2560.a(WInterrupts.c.o)
                0x00000000000228f4                __vector_6
 .text.__vector_7
                0x0000000000022956       0x62 /home/jkw/Store/17 - Speedmaster/Firmware/inc/libArduinoCore2560.a(WInterrupts.c.o)
                0x0000000000022956                __vector_7
 .text.__vector_8
                0x00000000000229b8       0x62 /home/jkw/Store/17 - Speedmaster/Firmware/inc/libArduinoCore2560.a(WInterrupts.c.o)
                0x00000000000229b8                __vector_8
 .text.__vector_23
                0x0000000000022a1a       0x90 /home/jkw/Store/17 - Speedmaster/Firmware/inc/libArduinoCore2560.a(wiring.c.o)
                0x0000000000022a1a                __vector_23
 .text.millis   0x0000000000022aaa       0x1c /home/jkw/Store/17 - Speedmaster/Firmware/inc/libArduinoCore2560.a(wiring.c.o)
                0x0000000000022aaa                millis
 .text.micros   0x0000000000022ac6       0x4c /home/jkw/Store/17 - Speedmaster/Firmware/inc/libArduinoCore2560.a(wiring.c.o)
                0x0000000000022ac6                micros
 .text.delay    0x0000000000022b12       0x48 /home/jkw/Store/17 - Speedmaster/Firmware/inc/libArduinoCore2560.a(wiring.c.o)
                0x0000000000022b12                delay
 .text.delayMicroseconds
                0x0000000000022b5a       0x14 /home/jkw/Store/17 - Speedmaster/Firmware/inc/libArduinoCore2560.a(wiring.c.o)
                0x0000000000022b5a                delayMicroseconds
 .text.init     0x0000000000022b6e       0xc4 /home/jkw/Store/17 - Speedmaster/Firmware/inc/libArduinoCore2560.a(wiring.c.o)
                0x0000000000022b6e                init
 .text.analogReference
                0x0000000000022c32        0x6 /home/jkw/Store/17 - Speedmaster/Firmware/inc/libArduinoCore2560.a(wiring_analog.c.o)
                0x0000000000022c32                analogReference
 .text.analogRead
                0x0000000000022c38       0x68 /home/jkw/Store/17 - Speedmaster/Firmware/inc/libArduinoCore2560.a(wiring_analog.c.o)
                0x0000000000022c38                analogRead
 .text.analogWrite
                0x0000000000022ca0      0x174 /home/jkw/Store/17 - Speedmaster/Firmware/inc/libArduinoCore2560.a(wiring_analog.c.o)
                0x0000000000022ca0                analogWrite
 .text.pinMode  0x0000000000022e14       0x4c /home/jkw/Store/17 - Speedmaster/Firmware/inc/libArduinoCore2560.a(wiring_digital.c.o)
                0x0000000000022e14                pinMode
 .text.digitalWrite
                0x0000000000022e60      0x122 /home/jkw/Store/17 - Speedmaster/Firmware/inc/libArduinoCore2560.a(wiring_digital.c.o)
                0x0000000000022e60                digitalWrite
 .text.digitalRead
                0x0000000000022f82      0x118 /home/jkw/Store/17 - Speedmaster/Firmware/inc/libArduinoCore2560.a(wiring_digital.c.o)
                0x0000000000022f82                digitalRead
 .text._Z10store_charhP11ring_buffer
                0x000000000002309a       0x4e /home/jkw/Store/17 - Speedmaster/Firmware/inc/libArduinoCore2560.a(HardwareSerial.cpp.o)
                0x000000000002309a                _Z10store_charhP11ring_buffer
 .text.__vector_25
                0x00000000000230e8       0x56 /home/jkw/Store/17 - Speedmaster/Firmware/inc/libArduinoCore2560.a(HardwareSerial.cpp.o)
                0x00000000000230e8                __vector_25
 .text.__vector_51
                0x000000000002313e       0x56 /home/jkw/Store/17 - Speedmaster/Firmware/inc/libArduinoCore2560.a(HardwareSerial.cpp.o)
                0x000000000002313e                __vector_51
 .text.__vector_54
                0x0000000000023194       0x56 /home/jkw/Store/17 - Speedmaster/Firmware/inc/libArduinoCore2560.a(HardwareSerial.cpp.o)
                0x0000000000023194                __vector_54
 .text._ZN14HardwareSerialC2EP11ring_bufferPVhS3_S3_S3_S3_hhhhh
                0x00000000000231ea       0x60 /home/jkw/Store/17 - Speedmaster/Firmware/inc/libArduinoCore2560.a(HardwareSerial.cpp.o)
                0x00000000000231ea                _ZN14HardwareSerialC2EP11ring_bufferPVhS3_S3_S3_S3_hhhhh
 .text._ZN14HardwareSerialC1EP11ring_bufferPVhS3_S3_S3_S3_hhhhh
                0x000000000002324a       0x60 /home/jkw/Store/17 - Speedmaster/Firmware/inc/libArduinoCore2560.a(HardwareSerial.cpp.o)
                0x000000000002324a                _ZN14HardwareSerialC1EP11ring_bufferPVhS3_S3_S3_S3_hhhhh
 .text._ZN14HardwareSerial5beginEl
                0x00000000000232aa      0x1f2 /home/jkw/Store/17 - Speedmaster/Firmware/inc/libArduinoCore2560.a(HardwareSerial.cpp.o)
                0x00000000000232aa                _ZN14HardwareSerial5beginEl
 .text._ZN14HardwareSerial3endEv
                0x000000000002349c       0x54 /home/jkw/Store/17 - Speedmaster/Firmware/inc/libArduinoCore2560.a(HardwareSerial.cpp.o)
                0x000000000002349c                _ZN14HardwareSerial3endEv
 .text._ZN14HardwareSerial9availableEv
                0x00000000000234f0       0x26 /home/jkw/Store/17 - Speedmaster/Firmware/inc/libArduinoCore2560.a(HardwareSerial.cpp.o)
                0x00000000000234f0                _ZN14HardwareSerial9availableEv
 .text._ZN14HardwareSerial4peekEv
                0x0000000000023516       0x34 /home/jkw/Store/17 - Speedmaster/Firmware/inc/libArduinoCore2560.a(HardwareSerial.cpp.o)
                0x0000000000023516                _ZN14HardwareSerial4peekEv
 .text._ZN14HardwareSerial4readEv
                0x000000000002354a       0x50 /home/jkw/Store/17 - Speedmaster/Firmware/inc/libArduinoCore2560.a(HardwareSerial.cpp.o)
                0x000000000002354a                _ZN14HardwareSerial4readEv
 .text._ZN14HardwareSerial5flushEv
                0x000000000002359a       0x18 /home/jkw/Store/17 - Speedmaster/Firmware/inc/libArduinoCore2560.a(HardwareSerial.cpp.o)
                0x000000000002359a                _ZN14HardwareSerial5flushEv
 .text._ZN14HardwareSerial5writeEh
                0x00000000000235b2       0x26 /home/jkw/Store/17 - Speedmaster/Firmware/inc/libArduinoCore2560.a(HardwareSerial.cpp.o)
                0x00000000000235b2                _ZN14HardwareSerial5writeEh
 .text._GLOBAL__I_rx_buffer
                0x00000000000235d8      0x13c /home/jkw/Store/17 - Speedmaster/Firmware/inc/libArduinoCore2560.a(HardwareSerial.cpp.o)
 .text._ZN5Print5writeEPKc
                0x0000000000023714       0x30 /home/jkw/Store/17 - Speedmaster/Firmware/inc/libArduinoCore2560.a(Print.cpp.o)
                0x0000000000023714                _ZN5Print5writeEPKc
 .text._ZN5Print5writeEPKhj
                0x0000000000023744       0x3e /home/jkw/Store/17 - Speedmaster/Firmware/inc/libArduinoCore2560.a(Print.cpp.o)
                0x0000000000023744                _ZN5Print5writeEPKhj
 .text._ZN5Print5printEPKc
                0x0000000000023782       0x10 /home/jkw/Store/17 - Speedmaster/Firmware/inc/libArduinoCore2560.a(Print.cpp.o)
                0x0000000000023782                _ZN5Print5printEPKc
 .text._ZN5Print5printERK6String
                0x0000000000023792       0x52 /home/jkw/Store/17 - Speedmaster/Firmware/inc/libArduinoCore2560.a(Print.cpp.o)
                0x0000000000023792                _ZN5Print5printERK6String
 .text._ZN5Print11printNumberEmh
                0x00000000000237e4      0x130 /home/jkw/Store/17 - Speedmaster/Firmware/inc/libArduinoCore2560.a(Print.cpp.o)
                0x00000000000237e4                _ZN5Print11printNumberEmh
 .text._ZN5Print5printEmi
                0x0000000000023914       0x1a /home/jkw/Store/17 - Speedmaster/Firmware/inc/libArduinoCore2560.a(Print.cpp.o)
                0x0000000000023914                _ZN5Print5printEmi
 .text._ZN5Print5printEji
                0x000000000002392e       0x20 /home/jkw/Store/17 - Speedmaster/Firmware/inc/libArduinoCore2560.a(Print.cpp.o)
                0x000000000002392e                _ZN5Print5printEji
 .text._ZN5Print5printEhi
                0x000000000002394e       0x22 /home/jkw/Store/17 - Speedmaster/Firmware/inc/libArduinoCore2560.a(Print.cpp.o)
                0x000000000002394e                _ZN5Print5printEhi
 .text._ZN5Print5printEli
                0x0000000000023970       0x68 /home/jkw/Store/17 - Speedmaster/Firmware/inc/libArduinoCore2560.a(Print.cpp.o)
                0x0000000000023970                _ZN5Print5printEli
 .text._ZN5Print5printEii
                0x00000000000239d8       0x24 /home/jkw/Store/17 - Speedmaster/Firmware/inc/libArduinoCore2560.a(Print.cpp.o)
                0x00000000000239d8                _ZN5Print5printEii
 .text._ZN5Print5printEci
                0x00000000000239fc       0x26 /home/jkw/Store/17 - Speedmaster/Firmware/inc/libArduinoCore2560.a(Print.cpp.o)
                0x00000000000239fc                _ZN5Print5printEci
 .text._ZN5Print7printlnEv
                0x0000000000023a22       0x2a /home/jkw/Store/17 - Speedmaster/Firmware/inc/libArduinoCore2560.a(Print.cpp.o)
                0x0000000000023a22                _ZN5Print7printlnEv
 .text._ZN5Print7printlnEmi
                0x0000000000023a4c       0x12 /home/jkw/Store/17 - Speedmaster/Firmware/inc/libArduinoCore2560.a(Print.cpp.o)
                0x0000000000023a4c                _ZN5Print7printlnEmi
 .text._ZN5Print7printlnEji
                0x0000000000023a5e       0x2e /home/jkw/Store/17 - Speedmaster/Firmware/inc/libArduinoCore2560.a(Print.cpp.o)
                0x0000000000023a5e                _ZN5Print7printlnEji
 .text._ZN5Print7printlnEhi
                0x0000000000023a8c       0x30 /home/jkw/Store/17 - Speedmaster/Firmware/inc/libArduinoCore2560.a(Print.cpp.o)
                0x0000000000023a8c                _ZN5Print7printlnEhi
 .text._ZN5Print7printlnEPKc
                0x0000000000023abc       0x12 /home/jkw/Store/17 - Speedmaster/Firmware/inc/libArduinoCore2560.a(Print.cpp.o)
                0x0000000000023abc                _ZN5Print7printlnEPKc
 .text._ZN5Print7printlnERK6String
                0x0000000000023ace       0x12 /home/jkw/Store/17 - Speedmaster/Firmware/inc/libArduinoCore2560.a(Print.cpp.o)
                0x0000000000023ace                _ZN5Print7printlnERK6String
 .text._ZN5Print7printlnEli
                0x0000000000023ae0       0x12 /home/jkw/Store/17 - Speedmaster/Firmware/inc/libArduinoCore2560.a(Print.cpp.o)
                0x0000000000023ae0                _ZN5Print7printlnEli
 .text._ZN5Print7printlnEii
                0x0000000000023af2       0x32 /home/jkw/Store/17 - Speedmaster/Firmware/inc/libArduinoCore2560.a(Print.cpp.o)
                0x0000000000023af2                _ZN5Print7printlnEii
 .text._ZN5Print7printlnEci
                0x0000000000023b24       0x34 /home/jkw/Store/17 - Speedmaster/Firmware/inc/libArduinoCore2560.a(Print.cpp.o)
                0x0000000000023b24                _ZN5Print7printlnEci
 .text._ZN5Print10printFloatEdh
                0x0000000000023b58      0x110 /home/jkw/Store/17 - Speedmaster/Firmware/inc/libArduinoCore2560.a(Print.cpp.o)
                0x0000000000023b58                _ZN5Print10printFloatEdh
 .text._ZN5Print5printEdi
                0x0000000000023c68        0x4 /home/jkw/Store/17 - Speedmaster/Firmware/inc/libArduinoCore2560.a(Print.cpp.o)
                0x0000000000023c68                _ZN5Print5printEdi
 .text._ZN5Print7printlnEdi
                0x0000000000023c6c       0x12 /home/jkw/Store/17 - Speedmaster/Firmware/inc/libArduinoCore2560.a(Print.cpp.o)
                0x0000000000023c6c                _ZN5Print7printlnEdi
 .text._ZNK6String6charAtEj
                0x0000000000023c7e       0x10 /home/jkw/Store/17 - Speedmaster/Firmware/inc/libArduinoCore2560.a(WString.cpp.o)
                0x0000000000023c7e                _ZNK6String6charAtEj
 .text._ZN6String9setCharAtEjc
                0x0000000000023c8e       0x22 /home/jkw/Store/17 - Speedmaster/Firmware/inc/libArduinoCore2560.a(WString.cpp.o)
                0x0000000000023c8e                _ZN6String9setCharAtEjc
 .text._ZN6StringixEj
                0x0000000000023cb0       0x2a /home/jkw/Store/17 - Speedmaster/Firmware/inc/libArduinoCore2560.a(WString.cpp.o)
                0x0000000000023cb0                _ZN6StringixEj
 .text._ZNK6StringixEj
                0x0000000000023cda       0x10 /home/jkw/Store/17 - Speedmaster/Firmware/inc/libArduinoCore2560.a(WString.cpp.o)
                0x0000000000023cda                _ZNK6StringixEj
 .text._ZN6String11toCharArrayEPcj
                0x0000000000023cea       0x44 /home/jkw/Store/17 - Speedmaster/Firmware/inc/libArduinoCore2560.a(WString.cpp.o)
                0x0000000000023cea                _ZN6String11toCharArrayEPcj
 .text._ZN6String8getBytesEPhj
                0x0000000000023d2e       0x44 /home/jkw/Store/17 - Speedmaster/Firmware/inc/libArduinoCore2560.a(WString.cpp.o)
                0x0000000000023d2e                _ZN6String8getBytesEPhj
 .text._ZN6StringD1Ev
                0x0000000000023d72       0x1e /home/jkw/Store/17 - Speedmaster/Firmware/inc/libArduinoCore2560.a(WString.cpp.o)
                0x0000000000023d72                _ZN6StringD1Ev
 .text._ZNK6String10startsWithERKS_j
                0x0000000000023d90       0x3c /home/jkw/Store/17 - Speedmaster/Firmware/inc/libArduinoCore2560.a(WString.cpp.o)
                0x0000000000023d90                _ZNK6String10startsWithERKS_j
 .text._ZNK6String10startsWithERKS_
                0x0000000000023dcc       0x22 /home/jkw/Store/17 - Speedmaster/Firmware/inc/libArduinoCore2560.a(WString.cpp.o)
                0x0000000000023dcc                _ZNK6String10startsWithERKS_
 .text._ZNK6String11lastIndexOfEcj
                0x0000000000023dee       0x6e /home/jkw/Store/17 - Speedmaster/Firmware/inc/libArduinoCore2560.a(WString.cpp.o)
                0x0000000000023dee                _ZNK6String11lastIndexOfEcj
 .text._ZNK6String11lastIndexOfEc
                0x0000000000023e5c        0xc /home/jkw/Store/17 - Speedmaster/Firmware/inc/libArduinoCore2560.a(WString.cpp.o)
                0x0000000000023e5c                _ZNK6String11lastIndexOfEc
 .text._ZNK6String7indexOfERKS_j
                0x0000000000023e68       0x3c /home/jkw/Store/17 - Speedmaster/Firmware/inc/libArduinoCore2560.a(WString.cpp.o)
                0x0000000000023e68                _ZNK6String7indexOfERKS_j
 .text._ZNK6String7indexOfERKS_
                0x0000000000023ea4        0x6 /home/jkw/Store/17 - Speedmaster/Firmware/inc/libArduinoCore2560.a(WString.cpp.o)
                0x0000000000023ea4                _ZNK6String7indexOfERKS_
 .text._ZNK6String7indexOfEcj
                0x0000000000023eaa       0x3c /home/jkw/Store/17 - Speedmaster/Firmware/inc/libArduinoCore2560.a(WString.cpp.o)
                0x0000000000023eaa                _ZNK6String7indexOfEcj
 .text._ZNK6String7indexOfEc
                0x0000000000023ee6        0x6 /home/jkw/Store/17 - Speedmaster/Firmware/inc/libArduinoCore2560.a(WString.cpp.o)
                0x0000000000023ee6                _ZNK6String7indexOfEc
 .text._ZNK6String6equalsERKS_
                0x0000000000023eec       0x32 /home/jkw/Store/17 - Speedmaster/Firmware/inc/libArduinoCore2560.a(WString.cpp.o)
                0x0000000000023eec                _ZNK6String6equalsERKS_
 .text._ZNK6String8endsWithERKS_
                0x0000000000023f1e       0x38 /home/jkw/Store/17 - Speedmaster/Firmware/inc/libArduinoCore2560.a(WString.cpp.o)
                0x0000000000023f1e                _ZNK6String8endsWithERKS_
 .text._ZNK6StringgeERKS_
                0x0000000000023f56       0x26 /home/jkw/Store/17 - Speedmaster/Firmware/inc/libArduinoCore2560.a(WString.cpp.o)
                0x0000000000023f56                _ZNK6StringgeERKS_
 .text._ZNK6StringleERKS_
                0x0000000000023f7c       0x20 /home/jkw/Store/17 - Speedmaster/Firmware/inc/libArduinoCore2560.a(WString.cpp.o)
                0x0000000000023f7c                _ZNK6StringleERKS_
 .text._ZNK6StringgtERKS_
                0x0000000000023f9c       0x20 /home/jkw/Store/17 - Speedmaster/Firmware/inc/libArduinoCore2560.a(WString.cpp.o)
                0x0000000000023f9c                _ZNK6StringgtERKS_
 .text._ZNK6StringltERKS_
                0x0000000000023fbc       0x22 /home/jkw/Store/17 - Speedmaster/Firmware/inc/libArduinoCore2560.a(WString.cpp.o)
                0x0000000000023fbc                _ZNK6StringltERKS_
 .text._ZNK6StringneERKS_
                0x0000000000023fde       0x2e /home/jkw/Store/17 - Speedmaster/Firmware/inc/libArduinoCore2560.a(WString.cpp.o)
                0x0000000000023fde                _ZNK6StringneERKS_
 .text._ZNK6StringeqERKS_
                0x000000000002400c       0x32 /home/jkw/Store/17 - Speedmaster/Firmware/inc/libArduinoCore2560.a(WString.cpp.o)
                0x000000000002400c                _ZNK6StringeqERKS_
 .text._ZNK6String9compareToERKS_
                0x000000000002403e        0xe /home/jkw/Store/17 - Speedmaster/Firmware/inc/libArduinoCore2560.a(WString.cpp.o)
                0x000000000002403e                _ZNK6String9compareToERKS_
 .text._ZN6String9getBufferEj
                0x000000000002404c       0x26 /home/jkw/Store/17 - Speedmaster/Firmware/inc/libArduinoCore2560.a(WString.cpp.o)
                0x000000000002404c                _ZN6String9getBufferEj
 .text._ZN6StringpLERKS_
                0x0000000000024072       0x64 /home/jkw/Store/17 - Speedmaster/Firmware/inc/libArduinoCore2560.a(WString.cpp.o)
                0x0000000000024072                _ZN6StringpLERKS_
 .text._ZN6String6concatERKS_
                0x00000000000240d6        0x4 /home/jkw/Store/17 - Speedmaster/Firmware/inc/libArduinoCore2560.a(WString.cpp.o)
                0x00000000000240d6                _ZN6String6concatERKS_
 .text._ZN6StringaSERKS_
                0x00000000000240da       0x5a /home/jkw/Store/17 - Speedmaster/Firmware/inc/libArduinoCore2560.a(WString.cpp.o)
                0x00000000000240da                _ZN6StringaSERKS_
 .text._ZN6StringC1Eh
                0x0000000000024134       0x32 /home/jkw/Store/17 - Speedmaster/Firmware/inc/libArduinoCore2560.a(WString.cpp.o)
                0x0000000000024134                _ZN6StringC1Eh
 .text._ZN6StringC2Eh
                0x0000000000024166       0x32 /home/jkw/Store/17 - Speedmaster/Firmware/inc/libArduinoCore2560.a(WString.cpp.o)
                0x0000000000024166                _ZN6StringC2Eh
 .text._ZN6StringC1Ec
                0x0000000000024198       0x32 /home/jkw/Store/17 - Speedmaster/Firmware/inc/libArduinoCore2560.a(WString.cpp.o)
                0x0000000000024198                _ZN6StringC1Ec
 .text._ZN6StringC2Ec
                0x00000000000241ca       0x32 /home/jkw/Store/17 - Speedmaster/Firmware/inc/libArduinoCore2560.a(WString.cpp.o)
                0x00000000000241ca                _ZN6StringC2Ec
 .text._ZN6StringC1ERKS_
                0x00000000000241fc       0x32 /home/jkw/Store/17 - Speedmaster/Firmware/inc/libArduinoCore2560.a(WString.cpp.o)
                0x00000000000241fc                _ZN6StringC1ERKS_
 .text._ZN6StringC2ERKS_
                0x000000000002422e       0x32 /home/jkw/Store/17 - Speedmaster/Firmware/inc/libArduinoCore2560.a(WString.cpp.o)
                0x000000000002422e                _ZN6StringC2ERKS_
 .text._ZN6StringC1Emi
                0x0000000000024260       0x78 /home/jkw/Store/17 - Speedmaster/Firmware/inc/libArduinoCore2560.a(WString.cpp.o)
                0x0000000000024260                _ZN6StringC1Emi
 .text._ZN6StringC2Emi
                0x00000000000242d8       0x78 /home/jkw/Store/17 - Speedmaster/Firmware/inc/libArduinoCore2560.a(WString.cpp.o)
                0x00000000000242d8                _ZN6StringC2Emi
 .text._ZN6StringC1Eji
                0x0000000000024350       0x76 /home/jkw/Store/17 - Speedmaster/Firmware/inc/libArduinoCore2560.a(WString.cpp.o)
                0x0000000000024350                _ZN6StringC1Eji
 .text._ZN6StringC2Eji
                0x00000000000243c6       0x76 /home/jkw/Store/17 - Speedmaster/Firmware/inc/libArduinoCore2560.a(WString.cpp.o)
                0x00000000000243c6                _ZN6StringC2Eji
 .text._ZN6StringC1EPKc
                0x000000000002443c       0x4c /home/jkw/Store/17 - Speedmaster/Firmware/inc/libArduinoCore2560.a(WString.cpp.o)
                0x000000000002443c                _ZN6StringC1EPKc
 .text._ZNK6String11toUpperCaseEv
                0x0000000000024488       0x72 /home/jkw/Store/17 - Speedmaster/Firmware/inc/libArduinoCore2560.a(WString.cpp.o)
                0x0000000000024488                _ZNK6String11toUpperCaseEv
 .text._ZNK6String11toLowerCaseEv
                0x00000000000244fa       0x72 /home/jkw/Store/17 - Speedmaster/Firmware/inc/libArduinoCore2560.a(WString.cpp.o)
                0x00000000000244fa                _ZNK6String11toLowerCaseEv
 .text._ZNK6String16equalsIgnoreCaseERKS_
                0x000000000002456c       0x8e /home/jkw/Store/17 - Speedmaster/Firmware/inc/libArduinoCore2560.a(WString.cpp.o)
                0x000000000002456c                _ZNK6String16equalsIgnoreCaseERKS_
 .text._ZNK6String9substringEjj
                0x00000000000245fa       0x6c /home/jkw/Store/17 - Speedmaster/Firmware/inc/libArduinoCore2560.a(WString.cpp.o)
                0x00000000000245fa                _ZNK6String9substringEjj
 .text._ZNK6String9substringEj
                0x0000000000024666       0x16 /home/jkw/Store/17 - Speedmaster/Firmware/inc/libArduinoCore2560.a(WString.cpp.o)
                0x0000000000024666                _ZNK6String9substringEj
 .text._ZNK6String11lastIndexOfERKS_j
                0x000000000002467c       0xc2 /home/jkw/Store/17 - Speedmaster/Firmware/inc/libArduinoCore2560.a(WString.cpp.o)
                0x000000000002467c                _ZNK6String11lastIndexOfERKS_j
 .text._ZNK6String11lastIndexOfERKS_
                0x000000000002473e       0x18 /home/jkw/Store/17 - Speedmaster/Firmware/inc/libArduinoCore2560.a(WString.cpp.o)
                0x000000000002473e                _ZNK6String11lastIndexOfERKS_
 .text._ZNK6String4trimEv
                0x0000000000024756       0xd0 /home/jkw/Store/17 - Speedmaster/Firmware/inc/libArduinoCore2560.a(WString.cpp.o)
                0x0000000000024756                _ZNK6String4trimEv
 .text._ZN6String7replaceERKS_S1_
                0x0000000000024826      0x118 /home/jkw/Store/17 - Speedmaster/Firmware/inc/libArduinoCore2560.a(WString.cpp.o)
                0x0000000000024826                _ZN6String7replaceERKS_S1_
 .text._ZN6String7replaceEcc
                0x000000000002493e       0x7c /home/jkw/Store/17 - Speedmaster/Firmware/inc/libArduinoCore2560.a(WString.cpp.o)
                0x000000000002493e                _ZN6String7replaceEcc
 .text._ZN6StringC2EPKc
                0x00000000000249ba       0x4c /home/jkw/Store/17 - Speedmaster/Firmware/inc/libArduinoCore2560.a(WString.cpp.o)
                0x00000000000249ba                _ZN6StringC2EPKc
 .text._ZN6StringC1Eli
                0x0000000000024a06       0x74 /home/jkw/Store/17 - Speedmaster/Firmware/inc/libArduinoCore2560.a(WString.cpp.o)
                0x0000000000024a06                _ZN6StringC1Eli
 .text._ZN6StringC2Eli
                0x0000000000024a7a       0x74 /home/jkw/Store/17 - Speedmaster/Firmware/inc/libArduinoCore2560.a(WString.cpp.o)
                0x0000000000024a7a                _ZN6StringC2Eli
 .text._ZN6StringC1Eii
                0x0000000000024aee       0x72 /home/jkw/Store/17 - Speedmaster/Firmware/inc/libArduinoCore2560.a(WString.cpp.o)
                0x0000000000024aee                _ZN6StringC1Eii
 .text._ZN6StringC2Eii
                0x0000000000024b60       0x72 /home/jkw/Store/17 - Speedmaster/Firmware/inc/libArduinoCore2560.a(WString.cpp.o)
                0x0000000000024b60                _ZN6StringC2Eii
 .text.avr-libc
                0x0000000000024bd2      0x266 /usr/lib/gcc/avr/4.5.3/../../../avr/lib/avr6/libc.a(malloc.o)
                0x0000000000024bd2                malloc
                0x0000000000024d06                free
 .text.avr-libc
                0x0000000000024e38        0x6 /usr/lib/gcc/avr/4.5.3/../../../avr/lib/avr6/libc.a(exit.o)
                0x0000000000024e38                exit
 .text.avr-libc
                0x0000000000024e3e       0x12 /usr/lib/gcc/avr/4.5.3/../../../avr/lib/avr6/libc.a(isalpha.o)
                0x0000000000024e3e                isupper
                0x0000000000024e42                isalpha
                0x0000000000024e44                islower
 .text.avr-libc
                0x0000000000024e50       0x10 /usr/lib/gcc/avr/4.5.3/../../../avr/lib/avr6/libc.a(isspace.o)
                0x0000000000024e50                isspace
 .text.avr-libc
                0x0000000000024e60       0x10 /usr/lib/gcc/avr/4.5.3/../../../avr/lib/avr6/libc.a(tolower.o)
                0x0000000000024e60                tolower
 .text.avr-libc
                0x0000000000024e70       0x10 /usr/lib/gcc/avr/4.5.3/../../../avr/lib/avr6/libc.a(toupper.o)
                0x0000000000024e70                toupper
 .text.avr-libc
                0x0000000000024e80       0x12 /usr/lib/gcc/avr/4.5.3/../../../avr/lib/avr6/libc.a(strcmp_P.o)
                0x0000000000024e80                strcmp_P
 .text.avr-libc
                0x0000000000024e92        0xe /usr/lib/gcc/avr/4.5.3/../../../avr/lib/avr6/libc.a(strcpy_P.o)
                0x0000000000024e92                strcpy_P
 .text.avr-libc
                0x0000000000024ea0       0x12 /usr/lib/gcc/avr/4.5.3/../../../avr/lib/avr6/libc.a(strlen_P.o)
                0x0000000000024ea0                strlen_P
 .text.avr-libc
                0x0000000000024eb2       0x1a /usr/lib/gcc/avr/4.5.3/../../../avr/lib/avr6/libc.a(memcmp.o)
                0x0000000000024eb2                memcmp
 .text.avr-libc
                0x0000000000024ecc       0x12 /usr/lib/gcc/avr/4.5.3/../../../avr/lib/avr6/libc.a(memcpy.o)
                0x0000000000024ecc                memcpy
 .text.avr-libc
                0x0000000000024ede        0xe /usr/lib/gcc/avr/4.5.3/../../../avr/lib/avr6/libc.a(memset.o)
                0x0000000000024ede                memset
 .text.avr-libc
                0x0000000000024eec       0x16 /usr/lib/gcc/avr/4.5.3/../../../avr/lib/avr6/libc.a(strcat.o)
                0x0000000000024eec                strcat
 .text.avr-libc
                0x0000000000024f02       0x16 /usr/lib/gcc/avr/4.5.3/../../../avr/lib/avr6/libc.a(strchr.o)
                0x0000000000024f02                strchr
 .text.avr-libc
                0x0000000000024f18       0x12 /usr/lib/gcc/avr/4.5.3/../../../avr/lib/avr6/libc.a(strcmp.o)
                0x0000000000024f18                strcmp
 .text.avr-libc
                0x0000000000024f2a        0xe /usr/lib/gcc/avr/4.5.3/../../../avr/lib/avr6/libc.a(strcpy.o)
                0x0000000000024f2a                strcpy
 .text.avr-libc
                0x0000000000024f38       0x1c /usr/lib/gcc/avr/4.5.3/../../../avr/lib/avr6/libc.a(strncmp.o)
                0x0000000000024f38                strncmp
 .text.avr-libc
                0x0000000000024f54       0x1e /usr/lib/gcc/avr/4.5.3/../../../avr/lib/avr6/libc.a(strncpy.o)
                0x0000000000024f54                strncpy
 .text.avr-libc
                0x0000000000024f72       0x16 /usr/lib/gcc/avr/4.5.3/../../../avr/lib/avr6/libc.a(strrchr.o)
                0x0000000000024f72                strrchr
 .text.avr-libc
                0x0000000000024f88       0x34 /usr/lib/gcc/avr/4.5.3/../../../avr/lib/avr6/libc.a(strstr.o)
                0x0000000000024f88                strstr
 .text.avr-libc
                0x0000000000024fbc       0x40 /usr/lib/gcc/avr/4.5.3/../../../avr/lib/avr6/libc.a(itoa.o)
                0x0000000000024fbc                itoa
 .text.avr-libc
                0x0000000000024ffc       0x66 /usr/lib/gcc/avr/4.5.3/../../../avr/lib/avr6/libc.a(ltoa.o)
                0x0000000000024ffc                ltoa
 .text.avr-libc
                0x0000000000025062       0x46 /usr/lib/gcc/avr/4.5.3/../../../avr/lib/avr6/libc.a(ultoa.o)
                0x0000000000025062                ultoa
 .text.avr-libc
                0x00000000000250a8       0x5e /usr/lib/gcc/avr/4.5.3/../../../avr/lib/avr6/libc.a(sprintf.o)
                0x00000000000250a8                sprintf
 .text.avr-libc.fplib
                0x0000000000025106        0xa /usr/lib/gcc/avr/4.5.3/../../../avr/lib/avr6/libc.a(addsf3.o)
                0x0000000000025106                __subsf3
                0x0000000000025108                __addsf3
 .text.avr-libc.fplib
                0x0000000000025110       0xc0 /usr/lib/gcc/avr/4.5.3/../../../avr/lib/avr6/libc.a(addsf3x.o)
                0x000000000002512a                __addsf3x
 .text.avr-libc.fplib
                0x00000000000251d0       0x2e /usr/lib/gcc/avr/4.5.3/../../../avr/lib/avr6/libc.a(asin.o)
                0x00000000000251d0                asin
 .text.avr-libc.fplib
                0x00000000000251fe        0x8 /usr/lib/gcc/avr/4.5.3/../../../avr/lib/avr6/libc.a(cmpsf2.o)
                0x00000000000251fe                __lesf2
                0x00000000000251fe                __nesf2
                0x00000000000251fe                __eqsf2
                0x00000000000251fe                __cmpsf2
                0x00000000000251fe                __ltsf2
 .text.avr-libc.fplib
                0x0000000000025206        0x6 /usr/lib/gcc/avr/4.5.3/../../../avr/lib/avr6/libc.a(cos.o)
                0x0000000000025206                cos
 .text.avr-libc.fplib
                0x000000000002520c        0x4 /usr/lib/gcc/avr/4.5.3/../../../avr/lib/avr6/libc.a(divsf3.o)
                0x000000000002520c                __divsf3
 .text.avr-libc.fplib
                0x0000000000025210       0xcc /usr/lib/gcc/avr/4.5.3/../../../avr/lib/avr6/libc.a(divsf3x.o)
                0x0000000000025226                __divsf3x
                0x000000000002522a                __divsf3_pse
 .text.avr-libc.fplib
                0x00000000000252dc        0xa /usr/lib/gcc/avr/4.5.3/../../../avr/lib/avr6/libc.a(fixsfsi.o)
                0x00000000000252dc                __fixsfsi
 .text.avr-libc.fplib
                0x00000000000252e6       0x58 /usr/lib/gcc/avr/4.5.3/../../../avr/lib/avr6/libc.a(fixunssfsi.o)
                0x00000000000252e6                __fixunssfsi
 .text.avr-libc.fplib
                0x000000000002533e       0x7a /usr/lib/gcc/avr/4.5.3/../../../avr/lib/avr6/libc.a(floatsisf.o)
                0x000000000002533e                __floatunsisf
                0x0000000000025342                __floatsisf
 .text.avr-libc.fplib
                0x00000000000253b8       0x26 /usr/lib/gcc/avr/4.5.3/../../../avr/lib/avr6/libc.a(floor.o)
                0x00000000000253b8                floor
 .text.avr-libc.fplib
                0x00000000000253de       0x36 /usr/lib/gcc/avr/4.5.3/../../../avr/lib/avr6/libc.a(fp_arccos.o)
                0x00000000000253de                __fp_arccos
 .text.avr-libc.fplib
                0x0000000000025414       0x48 /usr/lib/gcc/avr/4.5.3/../../../avr/lib/avr6/libc.a(fp_cmp.o)
                0x0000000000025414                __fp_cmp
 .text.avr-libc.fplib
                0x000000000002545c        0xc /usr/lib/gcc/avr/4.5.3/../../../avr/lib/avr6/libc.a(fp_inf.o)
                0x000000000002545c                __fp_inf
 .text.avr-libc.fplib