Archive member included because of file (symbol)

/home/jkw/Store/17 - Speedmaster/Firmware/inc/libArduinoCore2560.a(WInterrupts.c.o)
                              ./dz.o (attachInterrupt)
/home/jkw/Store/17 - Speedmaster/Firmware/inc/libArduinoCore2560.a(wiring.c.o)
                              ./blinker.o (millis)
/home/jkw/Store/17 - Speedmaster/Firmware/inc/libArduinoCore2560.a(wiring_analog.c.o)
                              ./temperature.o (analogRead)
/home/jkw/Store/17 - Speedmaster/Firmware/inc/libArduinoCore2560.a(wiring_digital.c.o)
                              ./aktors.o (pinMode)
/home/jkw/Store/17 - Speedmaster/Firmware/inc/libArduinoCore2560.a(HardwareSerial.cpp.o)
                              ./main.o (_ZN14HardwareSerial5beginEl)
/home/jkw/Store/17 - Speedmaster/Firmware/inc/libArduinoCore2560.a(Print.cpp.o)
                              /home/jkw/Store/17 - Speedmaster/Firmware/inc/libArduinoCore2560.a(HardwareSerial.cpp.o) (_ZN5Print5writeEPKc)
/home/jkw/Store/17 - Speedmaster/Firmware/inc/libArduinoCore2560.a(WString.cpp.o)
                              /home/jkw/Store/17 - Speedmaster/Firmware/inc/libArduinoCore2560.a(Print.cpp.o) (_ZNK6StringixEj)
/usr/lib/gcc/avr/4.5.3/../../../avr/lib/avr6/libc.a(malloc.o)
                              ./config.o (malloc)
/usr/lib/gcc/avr/4.5.3/../../../avr/lib/avr6/libc.a(exit.o)
                              /usr/lib/gcc/avr/4.5.3/../../../avr/lib/avr6/crtm2560.o (exit)
/usr/lib/gcc/avr/4.5.3/../../../avr/lib/avr6/libc.a(isalpha.o)
                              ./inc/istream.o (isupper)
/usr/lib/gcc/avr/4.5.3/../../../avr/lib/avr6/libc.a(isspace.o)
                              ./inc/istream.o (isspace)
/usr/lib/gcc/avr/4.5.3/../../../avr/lib/avr6/libc.a(tolower.o)
                              /home/jkw/Store/17 - Speedmaster/Firmware/inc/libArduinoCore2560.a(WString.cpp.o) (tolower)
/usr/lib/gcc/avr/4.5.3/../../../avr/lib/avr6/libc.a(toupper.o)
                              /home/jkw/Store/17 - Speedmaster/Firmware/inc/libArduinoCore2560.a(WString.cpp.o) (toupper)
/usr/lib/gcc/avr/4.5.3/../../../avr/lib/avr6/libc.a(strcmp_P.o)
                              ./config.o (strcmp_P)
/usr/lib/gcc/avr/4.5.3/../../../avr/lib/avr6/libc.a(strcpy_P.o)
                              ./config.o (strcpy_P)
/usr/lib/gcc/avr/4.5.3/../../../avr/lib/avr6/libc.a(strlen_P.o)
                              ./inc/ostream.o (strlen_P)
/usr/lib/gcc/avr/4.5.3/../../../avr/lib/avr6/libc.a(memcmp.o)
                              ./inc/SdFile.o (memcmp)
/usr/lib/gcc/avr/4.5.3/../../../avr/lib/avr6/libc.a(memcpy.o)
                              ./inc/SdFile.o (memcpy)
/usr/lib/gcc/avr/4.5.3/../../../avr/lib/avr6/libc.a(memset.o)
                              ./gps.o (memset)
/usr/lib/gcc/avr/4.5.3/../../../avr/lib/avr6/libc.a(strcat.o)
                              /home/jkw/Store/17 - Speedmaster/Firmware/inc/libArduinoCore2560.a(WString.cpp.o) (strcat)
/usr/lib/gcc/avr/4.5.3/../../../avr/lib/avr6/libc.a(strchr.o)
                              ./inc/SdFile.o (strchr)
/usr/lib/gcc/avr/4.5.3/../../../avr/lib/avr6/libc.a(strcmp.o)
                              ./config.o (strcmp)
/usr/lib/gcc/avr/4.5.3/../../../avr/lib/avr6/libc.a(strcpy.o)
                              ./config.o (strcpy)
/usr/lib/gcc/avr/4.5.3/../../../avr/lib/avr6/libc.a(strncmp.o)
                              ./config.o (strncmp)
/usr/lib/gcc/avr/4.5.3/../../../avr/lib/avr6/libc.a(strncpy.o)
                              /home/jkw/Store/17 - Speedmaster/Firmware/inc/libArduinoCore2560.a(WString.cpp.o) (strncpy)
/usr/lib/gcc/avr/4.5.3/../../../avr/lib/avr6/libc.a(strrchr.o)
                              /home/jkw/Store/17 - Speedmaster/Firmware/inc/libArduinoCore2560.a(WString.cpp.o) (strrchr)
/usr/lib/gcc/avr/4.5.3/../../../avr/lib/avr6/libc.a(strstr.o)
                              /home/jkw/Store/17 - Speedmaster/Firmware/inc/libArduinoCore2560.a(WString.cpp.o) (strstr)
/usr/lib/gcc/avr/4.5.3/../../../avr/lib/avr6/libc.a(itoa.o)
                              /home/jkw/Store/17 - Speedmaster/Firmware/inc/libArduinoCore2560.a(WString.cpp.o) (itoa)
/usr/lib/gcc/avr/4.5.3/../../../avr/lib/avr6/libc.a(ltoa.o)
                              /home/jkw/Store/17 - Speedmaster/Firmware/inc/libArduinoCore2560.a(WString.cpp.o) (ltoa)
/usr/lib/gcc/avr/4.5.3/../../../avr/lib/avr6/libc.a(ultoa.o)
                              /home/jkw/Store/17 - Speedmaster/Firmware/inc/libArduinoCore2560.a(WString.cpp.o) (ultoa)
/usr/lib/gcc/avr/4.5.3/../../../avr/lib/avr6/libc.a(sprintf.o)
                              ./clock_me.o (sprintf)
/usr/lib/gcc/avr/4.5.3/../../../avr/lib/avr6/libc.a(addsf3.o)
                              ./aktors.o (__subsf3)
/usr/lib/gcc/avr/4.5.3/../../../avr/lib/avr6/libc.a(addsf3x.o)
                              /usr/lib/gcc/avr/4.5.3/../../../avr/lib/avr6/libc.a(addsf3.o) (__addsf3x)
/usr/lib/gcc/avr/4.5.3/../../../avr/lib/avr6/libc.a(asin.o)
                              ./gps.o (asin)
[...]
Memory Configuration

Name             Origin             Length             Attributes
text             0x0000000000000000 0x0000000000100000 xr
data             0x0000000000800200 0x000000000000fe00 rw !x
eeprom           0x0000000000810000 0x0000000000010000 rw !x
fuse             0x0000000000820000 0x0000000000000400 rw !x
lock             0x0000000000830000 0x0000000000000400 rw !x
signature        0x0000000000840000 0x0000000000000400 rw !x
*default*        0x0000000000000000 0xffffffffffffffff

Linker script and memory map

Address of section .data set to 0x800200
LOAD /usr/lib/gcc/avr/4.5.3/../../../avr/lib/avr6/crtm2560.o
LOAD ./aktors.o
LOAD ./blinker.o
LOAD ./clock_me.o
LOAD ./config.o
LOAD ./debug.o
LOAD ./display.o
LOAD ./dz.o
LOAD ./file_manager.o
LOAD ./fuel.o
LOAD ./gear.o
LOAD ./gps.o
LOAD ./helper.o
LOAD ./main.o
LOAD ./menu.o
LOAD ./oiler.o
LOAD ./reset.o
LOAD ./sd.o
LOAD ./sensors.o
LOAD ./speed.o
LOAD ./speedo.o
LOAD ./sprint.o
LOAD ./stepper.o
LOAD ./temperature.o
LOAD ./timer.o
LOAD ./voltage.o
LOAD ./inc/EEPROM.o
LOAD ./inc/Sd2Card.o
LOAD ./inc/SdFat.o
LOAD ./inc/SdFatUtil.o
LOAD ./inc/SdFile.o
LOAD ./inc/SdStream.o
LOAD ./inc/SdVolume.o
LOAD ./inc/Wire.o
LOAD ./inc/istream.o
LOAD ./inc/ostream.o
LOAD ./inc/pins_arduino.o
LOAD ./inc/ssd0323.o
LOAD ./inc/twi.o
LOAD /home/jkw/Store/17 - Speedmaster/Firmware/inc/libArduinoCore2560.a
LOAD /usr/lib/gcc/avr/4.5.3/../../../avr/lib/avr6/libc.a
LOAD /usr/lib/gcc/avr/4.5.3/avr6/libgcc.a
LOAD /usr/lib/gcc/avr/4.5.3/../../../avr/lib/avr6/libm.a
LOAD /usr/lib/gcc/avr/4.5.3/../../../avr/lib/avr6/libc.a
LOAD /usr/lib/gcc/avr/4.5.3/avr6/libgcc.a
LOAD /usr/lib/gcc/avr/4.5.3/../../../avr/lib/avr6/libc.a
LOAD /usr/lib/gcc/avr/4.5.3/avr6/libgcc.a

.hash
 *(.hash)

.dynsym
 *(.dynsym)

.dynstr
 *(.dynstr)

.gnu.version
 *(.gnu.version)

.gnu.version_d
 *(.gnu.version_d)

.gnu.version_r
 *(.gnu.version_r)

.rel.init
 *(.rel.init)

.rela.init
 *(.rela.init)

.rel.text
 *(.rel.text)
 *(.rel.text.*)
 *(.rel.gnu.linkonce.t*)

.rela.text
 *(.rela.text)
 *(.rela.text.*)
 *(.rela.gnu.linkonce.t*)

.rel.fini
 *(.rel.fini)

.rela.fini
 *(.rela.fini)

.rel.rodata
 *(.rel.rodata)
 *(.rel.rodata.*)
 *(.rel.gnu.linkonce.r*)

.rela.rodata
 *(.rela.rodata)
 *(.rela.rodata.*)
 *(.rela.gnu.linkonce.r*)

.rel.data
 *(.rel.data)
 *(.rel.data.*)
 *(.rel.gnu.linkonce.d*)

.rela.data
 *(.rela.data)
 *(.rela.data.*)
 *(.rela.gnu.linkonce.d*)

.rel.ctors
 *(.rel.ctors)

.rela.ctors
 *(.rela.ctors)

.rel.dtors
 *(.rel.dtors)

.rela.dtors
 *(.rela.dtors)

.rel.got
 *(.rel.got)

.rela.got
 *(.rela.got)

.rel.bss
 *(.rel.bss)

.rela.bss
 *(.rela.bss)

.rel.plt
 *(.rel.plt)

.rela.plt
 *(.rela.plt)

.text           0x0000000000000000    0x20b68
 *(.vectors)
 .vectors       0x0000000000000000       0xe4 /usr/lib/gcc/avr/4.5.3/../../../avr/lib/avr6/crtm2560.o
                0x0000000000000000                __vectors
                0x0000000000000000                __vector_default
 *(.vectors)
 *(.progmem.gcc*)
 .progmem.gcc_fplib
                0x00000000000000e4       0x14 /usr/lib/gcc/avr/4.5.3/../../../avr/lib/avr6/libc.a(asin.o)
 .progmem.gcc_fplib
                0x00000000000000f8       0x28 /usr/lib/gcc/avr/4.5.3/../../../avr/lib/avr6/libc.a(fp_arccos.o)
 .progmem.gcc_fplib
                0x0000000000000120       0x1e /usr/lib/gcc/avr/4.5.3/../../../avr/lib/avr6/libc.a(fp_sinus.o)
 .progmem.gcc_fplib
                0x000000000000013e       0x28 /usr/lib/gcc/avr/4.5.3/../../../avr/lib/avr6/libc.a(exp.o)
 .progmem.gcc_fplib
                0x0000000000000166       0x5a /usr/lib/gcc/avr/4.5.3/../../../avr/lib/avr6/libc.a(log.o)
 *(.progmem*)
 .progmem.data  0x00000000000001c0       0x12 ./blinker.o
 .progmem.data  0x00000000000001d2       0x10 ./clock_me.o
 .progmem.data  0x00000000000001e2      0x64a ./config.o
 .progmem.data  0x000000000000082c       0xaa ./display.o
 .progmem.data  0x00000000000008d6      0x113 ./file_manager.o
 .progmem.data  0x00000000000009e9       0x51 ./gear.o
 .progmem.data  0x0000000000000a3a       0x45 ./gps.o
 .progmem.data  0x0000000000000a7f       0x3b ./main.o
 .progmem.data  0x0000000000000aba     0x1df0 ./menu.o
                0x0000000000000aba                asd_0
                0x000000000000222a                main_m_0
                0x0000000000002237                main_m_1
                0x0000000000002246                main_m_2
                0x0000000000002254                main_m_3
                0x0000000000002259                main_m_4
                0x000000000000226a                main_m_5
                0x0000000000002277                main_m_6
                0x0000000000002280                main_m_7
                0x000000000000228f                main_m_8
                0x000000000000229f                menu_main
                0x00000000000022b1                setup_m_0
                0x00000000000022c0                setup_m_1
                0x00000000000022d0                setup_m_2
                0x00000000000022e1                setup_m_3
                0x00000000000022f1                setup_m_4
                0x0000000000002304                setup_m_5
                0x0000000000002316                setup_m_6
                0x000000000000231b                setup_m_7
                0x0000000000002320                setup_m_8
                0x0000000000002329                menu_setup
                0x000000000000233b                custom_m_0
                0x0000000000002348                custom_m_1
                0x0000000000002356                custom_m_2
                0x0000000000002364                custom_m_3
                0x0000000000002372                custom_m_4
                0x000000000000237f                custom_m_5
                0x000000000000238e                custom_m_6
                0x0000000000002393                custom_m_7
                0x00000000000023a5                custom_m_8
                0x00000000000023b4                menu_custom
                0x00000000000023c6                einfo_m_0
                0x00000000000023d7                einfo_m_1
                0x00000000000023e8                einfo_m_2
                0x00000000000023f3                einfo_m_3
                0x00000000000023f8                einfo_m_4
                0x00000000000023fd                einfo_m_5
                0x0000000000002402                einfo_m_6
                0x0000000000002407                einfo_m_7
                0x000000000000240c                einfo_m_8
                0x0000000000002411                menu_einfo
                0x0000000000002423                navi_m_0
                0x0000000000002431                navi_m_1
                0x0000000000002440                navi_m_2
                0x000000000000244c                navi_m_3
                0x000000000000245c                navi_m_4
                0x0000000000002461                navi_m_5
                0x0000000000002466                navi_m_6
                0x000000000000246b                navi_m_7
                0x0000000000002470                navi_m_8
                0x0000000000002475                menu_navi
                0x0000000000002487                titel_0
                0x0000000000002495                titel_1
                0x0000000000002496                titel_2
                0x0000000000002497                titel_3
                0x00000000000024a6                titel_4
                0x00000000000024a7                titel_5
                0x00000000000024b7                titel_6
                0x00000000000024c5                titel_7
                0x00000000000024cf                titel_8
                0x00000000000024d0                titel_9
                0x00000000000024dd                menu_titel
                0x00000000000024f1                trip_setup_m_0
                0x00000000000024f7                trip_setup_m_1
                0x0000000000002504                trip_setup_m_2
                0x0000000000002508                trip_setup_m_3
                0x000000000000250d                trip_setup_m_4
                0x0000000000002513                trip_setup_m_5
                0x0000000000002518                trip_setup_m_6
                0x000000000000251e                trip_setup_m_7
                0x0000000000002525                trip_setup_m_8
                0x000000000000252b                menu_trip_setup
 .progmem.data  0x00000000000028aa       0x10 ./oiler.o
 .progmem.data  0x00000000000028ba       0x19 ./reset.o
 .progmem.data  0x00000000000028d3       0x39 ./sd.o
 .progmem.data  0x000000000000290c       0x12 ./sensors.o
 .progmem.data  0x000000000000291e       0x12 ./speed.o
 .progmem.data  0x0000000000002930       0x64 ./speedo.o
 .progmem.data  0x0000000000002994        0xe ./sprint.o
 .progmem.data  0x00000000000029a2        0x9 ./voltage.o
 .progmem.data  0x00000000000029ab       0xc0 ./inc/SdFat.o
 .progmem.data  0x0000000000002a6b       0x13 ./inc/SdFile.o
 .progmem.data  0x0000000000002a7e        0xb ./inc/istream.o
 .progmem.data  0x0000000000002a89       0x13 ./inc/ostream.o
 .progmem.data  0x0000000000002a9c      0x120 ./inc/pins_arduino.o
                0x0000000000002a9c                port_to_mode_PGM
                0x0000000000002ab6                port_to_output_PGM
                0x0000000000002ad0                port_to_input_PGM
                0x0000000000002aea                digital_pin_to_port_PGM
                0x0000000000002b30                digital_pin_to_bit_mask_PGM
                0x0000000000002b76                digital_pin_to_timer_PGM
 .progmem.data  0x0000000000002bbc      0xcc0 ./inc/ssd0323.o
                0x000000000000387c                . = ALIGN (0x2)
                0x000000000000387c                __trampolines_start = .
 *(.trampolines)
 .trampolines   0x000000000000387c        0x0 linker stubs
 *(.trampolines*)
                0x000000000000387c                __trampolines_end = .
 *(.jumptables)
 *(.jumptables*)
 *(.lowtext)
 *(.lowtext*)
                0x000000000000387c                __ctors_start = .
 *(.ctors)
 .ctors         0x000000000000387c        0x2 ./main.o
 .ctors         0x000000000000387e        0x2 ./inc/Wire.o
 .ctors         0x0000000000003880        0x2 /home/jkw/Store/17 - Speedmaster/Firmware/inc/libArduinoCore2560.a(HardwareSerial.cpp.o)
                0x0000000000003882                __ctors_end = .
                0x0000000000003882                __dtors_start = .
 *(.dtors)
                0x0000000000003882                __dtors_end = .
 SORT(*)(.ctors)
 SORT(*)(.dtors)
 *(.init0)
 .init0         0x0000000000003882        0x0 /usr/lib/gcc/avr/4.5.3/../../../avr/lib/avr6/crtm2560.o
                0x0000000000003882                __init
 *(.init0)
 *(.init1)
 *(.init1)
 *(.init2)
 .init2         0x0000000000003882       0x10 /usr/lib/gcc/avr/4.5.3/../../../avr/lib/avr6/crtm2560.o
 *(.init2)
 *(.init3)
 *(.init3)
 *(.init4)
 .init4         0x0000000000003892       0x1a /usr/lib/gcc/avr/4.5.3/avr6/libgcc.a(_copy_data.o)
                0x0000000000003892                __do_copy_data
 .init4         0x00000000000038ac       0x10 /usr/lib/gcc/avr/4.5.3/avr6/libgcc.a(_clear_bss.o)
                0x00000000000038ac                __do_clear_bss
 *(.init4)
 *(.init5)
 *(.init5)
 *(.init6)
 .init6         0x00000000000038bc       0x20 /usr/lib/gcc/avr/4.5.3/avr6/libgcc.a(_ctors.o)
                0x00000000000038bc                __do_global_ctors
 *(.init6)
 *(.init7)
 *(.init7)
 *(.init8)
 *(.init8)
 *(.init9)
 .init9         0x00000000000038dc        0x8 /usr/lib/gcc/avr/4.5.3/../../../avr/lib/avr6/crtm2560.o
 *(.init9)
 *(.text)
 .text          0x00000000000038e4        0x4 /usr/lib/gcc/avr/4.5.3/../../../avr/lib/avr6/crtm2560.o
                0x00000000000038e4                __vector_38
                0x00000000000038e4                __vector_22
                0x00000000000038e4                __vector_28
                0x00000000000038e4                __vector_32
                0x00000000000038e4                __vector_34
                0x00000000000038e4                __vector_24
                0x00000000000038e4                __vector_12
                0x00000000000038e4                __vector_55
                0x00000000000038e4                __vector_46
                0x00000000000038e4                __bad_interrupt
                0x00000000000038e4                __vector_31
                0x00000000000038e4                __vector_30
                0x00000000000038e4                __vector_45
                0x00000000000038e4                __vector_11
                0x00000000000038e4                __vector_13
                0x00000000000038e4                __vector_17
                0x00000000000038e4                __vector_19
                0x00000000000038e4                __vector_56
                0x00000000000038e4                __vector_49
                0x00000000000038e4                __vector_41
                0x00000000000038e4                __vector_43
                0x00000000000038e4                __vector_27
                0x00000000000038e4                __vector_33
                0x00000000000038e4                __vector_47
                0x00000000000038e4                __vector_52
                0x00000000000038e4                __vector_37
                0x00000000000038e4                __vector_44
                0x00000000000038e4                __vector_9
                0x00000000000038e4                __vector_21
                0x00000000000038e4                __vector_15
                0x00000000000038e4                __vector_29
                0x00000000000038e4                __vector_40
                0x00000000000038e4                __vector_26
                0x00000000000038e4                __vector_48
                0x00000000000038e4                __vector_14
                0x00000000000038e4                __vector_53
                0x00000000000038e4                __vector_10
                0x00000000000038e4                __vector_50
                0x00000000000038e4                __vector_16
                0x00000000000038e4                __vector_18
                0x00000000000038e4                __vector_20
                0x00000000000038e4                __vector_42
 .text          0x00000000000038e8      0x76e ./aktors.o
                0x00000000000038e8                _ZN13Speedo_aktorsC2Ev
                0x00000000000038e8                _ZN13Speedo_aktorsC1Ev
                0x000000000000390e                _ZN13Speedo_aktorsD2Ev
                0x000000000000390e                _ZN13Speedo_aktorsD1Ev
                0x0000000000003910                _ZN13Speedo_aktors10set_rgb_inEiiii
                0x00000000000039d0                _ZN13Speedo_aktors10set_rgb_inEiii
                0x00000000000039e2                _ZN13Speedo_aktors11set_rgb_outEiiii
                0x0000000000003a90                _ZN13Speedo_aktors11set_rgb_outEiii
                0x0000000000003aa2                _ZN13Speedo_aktors11dimm_rgb_toEiiiii
                0x0000000000003b20                _ZN13Speedo_aktors4initEv
                0x0000000000003ba0                _ZN13Speedo_aktors14timer_overflowEv
                0x0000000000003fe8                _ZN13Speedo_aktors14dimm_availableEv
                0x0000000000003ffe                __vector_35
 .text          0x0000000000004056      0x150 ./blinker.o
                0x0000000000004056                _ZN13moped_blinkerC1Ev
                0x0000000000004056                _ZN13moped_blinkerC2Ev
                0x0000000000004058                _ZN13moped_blinkerD2Ev
                0x0000000000004058                _ZN13moped_blinkerD1Ev
                0x000000000000405a                _ZN13moped_blinker5checkEv
                0x0000000000004104                _ZN13moped_blinker9set_startEmi
                0x0000000000004132                _ZN13moped_blinker4warnEm
                0x0000000000004176                _ZN13moped_blinker4initEv
 .text          0x00000000000041a6      0x326 ./clock_me.o
                0x00000000000041a6                _ZN12speedo_clockC2Ev
                0x00000000000041a6                _ZN12speedo_clockC1Ev
                0x00000000000041a8                _ZN12speedo_clockD1Ev
                0x00000000000041a8                _ZN12speedo_clockD2Ev
                0x00000000000041aa                _ZN12speedo_clock7changedEPi
                0x00000000000041d0                _ZN12speedo_clock8decToBcdEc
                0x00000000000041e0                _ZN12speedo_clock8bcdToDecEc
                0x00000000000041f8                _ZN12speedo_clock13set_date_timeEiiiiiiii
                0x0000000000004306                _ZN12speedo_clock4initEv
                0x0000000000004336                _ZN12speedo_clock7getdateEv
                0x000000000000435a                _ZN12speedo_clock13get_long_dateEv
                0x00000000000043e6                _ZN12speedo_clock9get_daylsEv
                0x00000000000043ee                _ZN12speedo_clock6get_ssEv
                0x00000000000043f8                _ZN12speedo_clock3incEv
                0x0000000000004444                _ZN12speedo_clock4copyEPc
 .text          0x00000000000044cc     0x2eb2 ./config.o
                0x00000000000044cc                _ZN6SdFileD1Ev
                0x00000000000044e2                _ZN13configurationC2Ev
                0x00000000000044e2                _ZN13configurationC1Ev
                0x00000000000044e4                _ZN13configuration8ram_infoEv
                0x0000000000004520                _ZN13configurationD1Ev
                0x0000000000004520                _ZN13configurationD2Ev
                0x0000000000004522                _ZN13configuration5writeEPKc
                0x00000000000056be                _ZN13configuration5checkEv
                0x00000000000057ee                _ZN13configuration4initEv
                0x0000000000005bb6                _ZN13configuration11parse_floatEPciPf
                0x0000000000005e38                _ZN13configuration10parse_boolEPciPb
                0x0000000000005e74                _ZN13configuration9parse_intEPciPi
                0x0000000000005ecc                _ZN13configuration11parse_shortEPciPs
                0x0000000000005f18                _ZN13configuration7parse_aEPciS0_i
                0x0000000000005f86                _ZN13configuration8parse_ulEPciPm
                0x0000000000006030                _ZN13configuration5parseEPc
                0x0000000000006c5e                _ZN13configuration4readEPKc
                0x0000000000006eb4                _ZN13configuration9read_skinEv
                0x0000000000006f4a                _ZN13configuration7km_saveEv
                0x0000000000007122                _ZN13configuration11EEPROM_initEv
 .text          0x000000000000737e       0x6e ./debug.o
                0x000000000000737e                _ZN9debuggingC1Ev
                0x000000000000737e                _ZN9debuggingC2Ev
                0x0000000000007380                _ZN9debuggingD1Ev
                0x0000000000007380                _ZN9debuggingD2Ev
                0x0000000000007382                _ZN9debugging7sprintpEPKc
                0x00000000000073ac                _ZN9debugging9sprintlnpEPKc
                0x00000000000073de                _ZN9debugging11parse_floatEiPciii
                0x00000000000073e0                _ZN9debugging9parse_intEv
                0x00000000000073e2                _ZN9debugging5parseEiPc
                0x00000000000073e4                _ZN9debugging7parse_aEiPc
                0x00000000000073e6                _ZN9debugging8parse_ulEim
                0x00000000000073e8                _ZN9debugging11speedo_loopEiimPKc
                0x00000000000073ea                _ZN9debugging4loopEv
 .text          0x00000000000073ec     0x187c ./display.o
                0x0000000000007402                _ZN11speedo_dispC1Ev
                0x0000000000007402                _ZN11speedo_dispC2Ev
                0x0000000000007408                _ZN11speedo_dispD2Ev
                0x0000000000007408                _ZN11speedo_dispD1Ev
                0x000000000000740a                _ZN11speedo_disp8draw_oilEhh
                0x00000000000076d4                _ZN11speedo_disp8draw_airEhh
                0x00000000000077de                _ZN11speedo_disp9draw_fuelEhh
                0x0000000000007908                _ZN11speedo_disp10draw_clockEhh
                0x0000000000007a32                _ZN11speedo_disp12draw_blitzerEhh
                0x0000000000007cac                _ZN11speedo_disp10draw_arrowEiii
                0x0000000000008288                _ZN11speedo_disp6sd2ssdEPc
                0x0000000000008408                _ZN11speedo_disp11show_storryEPcjS0_j
                0x00000000000086a4                _ZN11speedo_disp14show_animationEPKc
                0x00000000000089fa                _ZN11speedo_disp12disp_waitingEihh
                0x0000000000008aae                _ZN11speedo_disp9animationEi
                0x0000000000008b20                _ZN11speedo_disp11init_speedoEv
 .text          0x0000000000008c68      0x292 ./dz.o
                0x0000000000008c68                _Z6helperv
                0x0000000000008c82                _ZN9speedo_dzC2Ev
                0x0000000000008c82                _ZN9speedo_dzC1Ev
                0x0000000000008c84                _ZN9speedo_dz7counterEv
                0x0000000000008c94                _ZN9speedo_dz4calcEv
                0x0000000000008eb0                _ZN9speedo_dz4initEv
 .text          0x0000000000008efa      0xa74 ./file_manager.o
                0x0000000000008f10                _ZN6SdFile7makeDirEPS_PKc
                0x0000000000008f18                _ZN18speedo_filemanagerC2Ev
                0x0000000000008f18                _ZN18speedo_filemanagerC1Ev
                0x0000000000008f34                _ZN18speedo_filemanagerD1Ev
                0x0000000000008f34                _ZN18speedo_filemanagerD2Ev
                0x0000000000008f4c                _ZN18speedo_filemanager2cdEPc
                0x0000000000009054                _ZN18speedo_filemanager9recv_fileEPc
                0x00000000000092fa                _ZN18speedo_filemanager9send_fileEPc
                0x00000000000093dc                _ZN18speedo_filemanager2lsEv
                0x00000000000093e6                _ZN18speedo_filemanager5mkdirEPc
                0x0000000000009420                _ZN18speedo_filemanager2rmEPc
                0x0000000000009490                _ZN18speedo_filemanager5rmdirEv
                0x00000000000094b0                _ZN18speedo_filemanager12get_filenameEPc
                0x000000000000951e                _ZN18speedo_filemanager3runEv
 .text          0x000000000000996e      0x24c ./fuel.o
                0x000000000000996e                _ZN11speedo_fuelC1Ev
                0x000000000000996e                _ZN11speedo_fuelC2Ev
                0x0000000000009970                _ZN11speedo_fuelD2Ev
                0x0000000000009970                _ZN11speedo_fuelD1Ev
                0x0000000000009972                _ZN11speedo_fuel8get_fuelEPc
                0x0000000000009b9e                _ZN11speedo_fuel4initEv
 .text          0x0000000000009bba      0x6fc ./gear.o
                0x0000000000009bba                _ZN11speedo_gearC2Ev
                0x0000000000009bba                _ZN11speedo_gearC1Ev
                0x0000000000009bbc                _ZN11speedo_gearD1Ev
                0x0000000000009bbc                _ZN11speedo_gearD2Ev
                0x0000000000009bbe                _ZN11speedo_gear4initEv
                0x0000000000009be6                _ZN11speedo_gear4calcEv
                0x0000000000009e4a                _ZN11speedo_gear3getEv
                0x0000000000009e62                _ZN11speedo_gear9calibrateEv
 .text          0x000000000000a2b6     0x1fc4 ./gps.o
                0x000000000000a2cc                _ZN10speedo_gpsC1Ev
                0x000000000000a2cc                _ZN10speedo_gpsC2Ev
                0x000000000000a2ce                _ZN10speedo_gpsD1Ev
                0x000000000000a2ce                _ZN10speedo_gpsD2Ev
                0x000000000000a2d0                _ZN10speedo_gps9recv_dataEv
                0x000000000000a424                __vector_36
                0x000000000000a480                _ZN10speedo_gps8get_infoEi
                0x000000000000a5e0                _ZN10speedo_gps11store_to_sdEv
                0x000000000000a6ae                _ZN10speedo_gps3modEmm
                0x000000000000a734                _ZN10speedo_gps11nmea_to_decEm
                0x000000000000a7f2                _ZN10speedo_gps9calc_distEmm
                0x000000000000aa7e                _ZN10speedo_gps9get_orderEPc
                0x000000000000acfe                _ZN10speedo_gps18generate_new_orderEv
                0x000000000000b0b8                _ZN10speedo_gps9calc_naviEv
                0x000000000000b54a                _ZN10speedo_gps5parseEPci
                0x000000000000bc90                _ZN10speedo_gps10check_flagEv
                0x000000000000bce8                _ZN10speedo_gps4loopEv
                0x000000000000bfca                _ZN10speedo_gps17get_logged_pointsEPci
                0x000000000000c146                _ZN10speedo_gps8SendByteEh
                0x000000000000c154                _ZN10speedo_gps10SendStringEPKc
                0x000000000000c186                _ZN10speedo_gps4initEv
 .text          0x000000000000c27a       0x3e ./helper.o
                0x000000000000c27a                __cxa_pure_virtual
                0x000000000000c27e                _Znwj
                0x000000000000c284                _ZdlPv
                0x000000000000c28a                _Znaj
                0x000000000000c290                _ZdaPv
                0x000000000000c29a                _Z19__cxa_guard_acquirePx
                0x000000000000c2ae                _Z19__cxa_guard_releasePx
                0x000000000000c2b6                _Z17__cxa_guard_abortPx
 .text          0x000000000000c2b8      0x3f6 ./main.o
                0x000000000000c2b8                main
 .text          0x000000000000c6ae     0x5b42 ./menu.o
                0x000000000000c6c4                _ZN11speedo_menuC2Ev
                0x000000000000c6c4                _ZN11speedo_menuC1Ev
                0x000000000000c6c6                _ZN11speedo_menuD2Ev
                0x000000000000c6c6                _ZN11speedo_menuD1Ev
                0x000000000000c6c8                _ZN11speedo_menu4backEv
                0x000000000000c7c8                _ZN11speedo_menu5yesnoEPKcS1_S1_
                0x000000000000c90e                _ZN11speedo_menu4drawEPPKci
                0x000000000000cbe6                _ZN11speedo_menu11button_testEb
                0x000000000000d18c                _ZN11speedo_menu4initEv
                0x000000000000d214                _ZN11speedo_menu11set_buttonsEbbbb
                0x000000000000d224                _ZN11speedo_menu9center_meEPci
                0x000000000000d36a                _ZN11speedo_menu7displayEv
                0x0000000000012154                _ZN11speedo_menu8del_confEPcS0_
 .text          0x00000000000121f0       0xd4 ./oiler.o
                0x00000000000121f0                _ZN12speedo_oilerC2Ev
                0x00000000000121f0                _ZN12speedo_oilerC1Ev
                0x00000000000121f2                _ZN12speedo_oilerD2Ev
                0x00000000000121f2                _ZN12speedo_oilerD1Ev
                0x00000000000121f4                _ZN12speedo_oiler4initEv
                0x0000000000012216                _ZN12speedo_oiler12send_impulseEv
                0x0000000000012266                _ZN12speedo_oiler11check_valueEv
 .text          0x00000000000122c4      0x2a6 ./reset.o
                0x00000000000122c4                _ZN12speedo_resetC1Ev
                0x00000000000122c4                _ZN12speedo_resetC2Ev
                0x00000000000122c6                _ZN12speedo_resetD2Ev
                0x00000000000122c6                _ZN12speedo_resetD1Ev
                0x00000000000122c8                _ZN12speedo_reset10set_activeEbb
                0x0000000000012312                _ZN12speedo_reset12set_deactiveEbb
                0x000000000001235a                _ZN12speedo_reset7restoreEv
                0x0000000000012376                _ZN12speedo_reset6toggleEv
                0x00000000000123d4                _ZN12speedo_reset9ask_resetEv
                0x00000000000124da                _ZN12speedo_reset4initEv
 .text          0x000000000001256a      0x182 ./sd.o
                0x000000000001256a                _ZN8SdVolume4initEP7Sd2Card
                0x0000000000012598                _ZN9speedo_sdC1Ev
                0x0000000000012598                _ZN9speedo_sdC2Ev
                0x00000000000125b4                _ZN9speedo_sdD1Ev
                0x00000000000125b4                _ZN9speedo_sdD2Ev
                0x00000000000125b6                _ZN9speedo_sd7error_PEPKc
                0x000000000001260c                _ZN9speedo_sd9writeCRLFER6SdFile
                0x000000000001261c                _ZN9speedo_sd11writeStringER6SdFilePc
                0x000000000001263c                _ZN9speedo_sd4initEv
 .text          0x00000000000126ec      0x258 ./sensors.o
                0x00000000000126ec                _ZN14Speedo_sensorsC1Ev
                0x00000000000126ec                _ZN14Speedo_sensorsC2Ev
                0x00000000000127c6                _ZN14Speedo_sensorsD2Ev
                0x00000000000127c6                _ZN14Speedo_sensorsD1Ev
                0x00000000000127c8                _ZN14Speedo_sensors4initEv
                0x000000000001283c                _ZN14Speedo_sensors6flatItEiPsif
 .text          0x0000000000012944      0x7f8 ./speed.o
                0x0000000000012944                _ZN12speedo_speedC2Ev
                0x0000000000012944                _ZN12speedo_speedC1Ev
                0x0000000000012946                _ZN12speedo_speedD2Ev
                0x0000000000012946                _ZN12speedo_speedD1Ev
                0x0000000000012948                _ZN12speedo_speed4calcEv
                0x0000000000012afe                _Z12helper_speedv
                0x0000000000012b10                _ZN12speedo_speed4initEv
                0x0000000000012b56                _ZN12speedo_speed8getSpeedEv
                0x0000000000012bd0                _ZN12speedo_speed13get_sat_speedEv
                0x0000000000012c0c                _ZN12speedo_speed13get_mag_speedEv
                0x0000000000012c14                _ZN12speedo_speed12check_umfangEv
 .text          0x000000000001313c     0x1650 ./speedo.o
                0x000000000001313c                _ZN13speedo_speedo9reset_bakEv
                0x0000000000013152                _ZN13speedo_speedo4loopEm
 .text          0x000000000001478c      0x4f6 ./sprint.o
                0x000000000001478c                _ZN13speedo_sprintC2Ev
                0x000000000001478c                _ZN13speedo_sprintC1Ev
                0x00000000000147aa                _ZN13speedo_sprintD2Ev
                0x00000000000147aa                _ZN13speedo_sprintD1Ev
                0x00000000000147ac                _ZN13speedo_sprint4initEv
                0x00000000000147ca                _ZN13speedo_sprint4loopEv
 .text          0x0000000000014c82      0x118 ./stepper.o
                0x0000000000014c82                _ZN14speedo_stepperC2Ev
                0x0000000000014c82                _ZN14speedo_stepperC1Ev
                0x0000000000014c84                _ZN14speedo_stepperD2Ev
                0x0000000000014c84                _ZN14speedo_stepperD1Ev
                0x0000000000014c86                _ZN14speedo_stepper5go_toEii
                0x0000000000014d56                _ZN14speedo_stepper4initEv
 .text          0x0000000000014d9a      0x340 ./temperature.o
                0x0000000000014d9a                _ZN18speedo_temperatureC1Ev
                0x0000000000014d9a                _ZN18speedo_temperatureC2Ev
                0x0000000000014d9c                _ZN18speedo_temperatureD1Ev
                0x0000000000014d9c                _ZN18speedo_temperatureD2Ev
                0x0000000000014d9e                _ZN18speedo_temperature4initEv
                0x0000000000014de2                _ZN18speedo_temperature13read_oil_tempEv
                0x0000000000014f4e                _ZN18speedo_temperature13read_air_tempEv
                0x000000000001502c                _ZN18speedo_temperature12get_air_tempEv
                0x0000000000015046                _ZN18speedo_temperature12get_oil_tempEv
 .text          0x00000000000150da      0x280 ./timer.o
                0x00000000000150da                _ZN12speedo_timerC2Ev
                0x00000000000150da                _ZN12speedo_timerC1Ev
                0x0000000000015114                _ZN12speedo_timerD2Ev
                0x0000000000015114                _ZN12speedo_timerD1Ev
                0x0000000000015116                _Z8ram_infov
                0x0000000000015142                _ZN12speedo_timer9every_secEP13configuration
                0x00000000000151f8                _ZN12speedo_timer10every_qsecEv
                0x000000000001523e                _ZN12speedo_timer12every_customEv
 .text          0x000000000001535a      0x278 ./voltage.o
                0x000000000001535a                _ZN14speedo_voltageC2Ev
                0x000000000001535a                _ZN14speedo_voltageC1Ev
                0x000000000001535c                _ZN14speedo_voltageD2Ev
                0x000000000001535c                _ZN14speedo_voltageD1Ev
                0x000000000001535e                _ZN14speedo_voltage4calcEv
                0x0000000000015466                _ZN14speedo_voltage3getEv
                0x000000000001547a                _ZN14speedo_voltage4initEv
                0x0000000000015496                _ZN14speedo_voltage4loopEv
 .text          0x00000000000155d2       0x12 ./inc/EEPROM.o
                0x00000000000155d2                _ZN11EEPROMClass4readEi
                0x00000000000155da                _ZN11EEPROMClass5writeEih
 .text          0x00000000000155e4      0x8ec ./inc/Sd2Card.o
                0x000000000001561a                _ZN7Sd2Card14chipSelectHighEv
                0x0000000000015626                _ZN7Sd2Card13chipSelectLowEv
                0x0000000000015640                _ZN7Sd2Card8readDataEPhj
                0x0000000000015698                _ZN7Sd2Card10setSckRateEh
                0x00000000000156ac                _ZN7Sd2Card11waitNotBusyEj
                0x00000000000156e4                _ZN7Sd2Card11cardCommandEhm
                0x000000000001577e                _ZN7Sd2Card8cardAcmdEhm
                0x00000000000157bc                _ZN7Sd2Card4initEhh
                0x0000000000015930                _ZN7Sd2Card14waitStartBlockEv
                0x000000000001597e                _ZN7Sd2Card12readRegisterEhPv
                0x00000000000159ca                _ZN7Sd2Card7readCSDEP5csd_t
                0x00000000000159d4                _ZN7Sd2Card22eraseSingleBlockEnableEv
                0x0000000000015a10                _ZN7Sd2Card5eraseEmm
                0x0000000000015b44                _ZN7Sd2Card8cardSizeEv
                0x0000000000015c4c                _ZN7Sd2Card9readBlockEmPh
                0x0000000000015cc2                _ZN7Sd2Card9writeDataEhPKh
                0x0000000000015d26                _ZN7Sd2Card9writeDataEPKh
                0x0000000000015d72                _ZN7Sd2Card10writeBlockEmPKh
                0x0000000000015e14                _ZN7Sd2Card10writeStartEmm
                0x0000000000015e88                _ZN7Sd2Card9writeStopEv
 .text          0x0000000000015ed0      0x466 ./inc/SdFat.o
                0x0000000000015f14                _ZN5SdFat5chdirEv
                0x0000000000015f46                _ZN5SdFat5chdirEPKc
                0x000000000001602a                _ZN5SdFat10errorPrintEv
                0x000000000001605a                _ZN5SdFat9errorHaltEv
                0x0000000000016060                _ZN5SdFat10errorPrintEPKc
                0x000000000001608e                _ZN5SdFat9errorHaltEPKc
                0x0000000000016094                _ZN5SdFat12errorPrint_PEPKc
                0x00000000000160be                _ZN5SdFat11errorHalt_PEPKc
                0x00000000000160c4                _ZN5SdFat6existsEPKc
                0x00000000000160cc                _ZN5SdFat4initEhh
                0x0000000000016104                _ZN5SdFat14initErrorPrintEv
                0x0000000000016154                _ZN5SdFat13initErrorHaltEv
                0x000000000001615a                _ZN5SdFat2lsEh
                0x000000000001616a                _ZN5SdFat2lsEP5Printh
                0x0000000000016174                _ZN5SdFat5mkdirEPKcb
                0x00000000000161d4                _ZN5SdFat6removeEPKc
                0x00000000000161dc                _ZN5SdFat6renameEPKcS1_
                0x000000000001625a                _ZN5SdFat5rmdirEPKc
                0x00000000000162bc                _ZN5SdFat8truncateEPKcm
 .text          0x0000000000016336       0x94 ./inc/SdFatUtil.o
                0x0000000000016336                _ZN9SdFatUtil7FreeRamEv
                0x0000000000016370                _ZN9SdFatUtil7print_PEP5PrintPKc
                0x000000000001639c                _ZN9SdFatUtil9println_PEP5PrintPKc
                0x00000000000163b2                _ZN9SdFatUtil13SerialPrint_PEPKc
                0x00000000000163be                _ZN9SdFatUtil15SerialPrintln_PEPKc
 .text          0x00000000000163ca     0x2772 ./inc/SdFile.o
                0x00000000000163f6                _ZN8SdVolume9fatPutEOCEm
                0x000000000001640c                _ZN6SdFile10addClusterEv
                0x0000000000016460                _ZN6SdFile13addDirClusterEv
                0x000000000001657e                _ZN6SdFile13cacheDirEntryEh
                0x00000000000165ba                _ZN6SdFile15contiguousRangeEPmS0_
                0x000000000001671e                _ZN6SdFile7dirNameERK14directoryEntryPc
                0x000000000001675a                _ZN6SdFile11getFilenameEPc
                0x0000000000016792                _ZN6SdFile6getposEP6fpos_t
                0x00000000000167c0                _ZN6SdFile10make83NameEPKcPhPS1_
                0x0000000000016842                _ZN6SdFile8openRootEP8SdVolume
                0x00000000000168e8                _ZN6SdFile12printDirNameEP5PrintRK14directoryEntryhb
                0x0000000000016978                _ZN6SdFile12printDirNameERK14directoryEntryhb
                0x000000000001698c                _ZN6SdFile12printFatDateEP5Printj
                0x00000000000169ea                _ZN6SdFile12printFatDateEj
                0x00000000000169f6                _ZN6SdFile12printFatTimeEP5Printj
                0x0000000000016a50                _ZN6SdFile12printFatTimeEj
                0x0000000000016a5c                _ZN6SdFile9printNameEv
                0x0000000000016aaa                _ZN6SdFile4readEPvj
                0x0000000000016d0e                _ZN6SdFile4readEv
                0x0000000000016d40                _ZN6SdFile4peekEv
                0x0000000000016d98                _ZN6SdFile11lsPrintNextEP5Printhh
                0x0000000000016f1e                _ZN6SdFile5fgetsEPciS0_
                0x0000000000016ff4                _ZN6SdFile7readDirEP14directoryEntry
                0x0000000000017060                _ZN6SdFile12readDirCacheEv
                0x00000000000170d8                _ZN6SdFile7seekSetEm
                0x0000000000017210                _ZN6SdFile7seekEndEl
                0x0000000000017230                _ZN6SdFile6rewindEv
                0x000000000001723c                _ZN6SdFile6setposEP6fpos_t
                0x0000000000017268                _ZN6SdFile4syncEv
                0x00000000000172fe                _ZN6SdFile8dirEntryEP14directoryEntry
                0x0000000000017344                _ZN6SdFile5closeEv
                0x0000000000017376                _ZN6SdFile9timestampEhjhhhhh
                0x00000000000174aa                _ZN6SdFile8truncateEm
                0x0000000000017618                _ZN6SdFile6removeEv
                0x000000000001764e                _ZN6SdFile5rmdirEv
                0x00000000000176de                _ZN6SdFile15openCachedEntryEhh
                0x00000000000177ee                _ZN6SdFile8openNextEPS_h
                0x0000000000017888                _ZN6SdFile4openEPS_jh
                0x000000000001790e                _ZN6SdFile8rmRfStarEv
                0x0000000000017a56                _ZN6SdFile2lsEP5Printhh
                0x0000000000017b5c                _ZN6SdFile2lsEh
                0x0000000000017b6a                _ZN6SdFile10openParentEPS_
                0x0000000000017d6e                _ZN6SdFile4openEPS_PKhh
                0x0000000000017f02                _ZN6SdFile4openEPS_PKch
                0x00000000000180a0                _ZN6SdFile6removeEPS_PKc
                0x0000000000018108                _ZN6SdFile4openEPKch
                0x000000000001811c                _ZN6SdFileC1EPKch
                0x000000000001811c                _ZN6SdFileC2EPKch
                0x0000000000018130                _ZN6SdFile6existsEPKc
                0x000000000001818c                _ZN6SdFile16createContiguousEPS_PKcm
                0x000000000001821e                _ZN6SdFile5mkdirEPS_PKh
                0x00000000000183a8                _ZN6SdFile5mkdirEPS_PKcb
                0x000000000001855e                _ZN6SdFile6renameEPS_PKc
                0x0000000000018760                _ZN6SdFile5writeEPKvj
                0x0000000000018ab6                _ZN6SdFile5writeEPKc
                0x0000000000018ace                _ZN6SdFile5writeEh
                0x0000000000018af0                _ZN6SdFile7write_PEPKc
                0x0000000000018b22                _ZN6SdFile9writeln_PEPKc
 .text          0x0000000000018b3c      0x2d0 ./inc/SdStream.o
                0x0000000000018b3c                _ZN6SdFile7seekCurEl
                0x0000000000018b5c                _ZN6SdBase5getchEv
                0x0000000000018c18                _ZN6SdBase4openEPKch
                0x0000000000018cda                _ZN6SdBase5putchEc
                0x0000000000018d3a                _ZN6SdBase6putstrEPKc
                0x0000000000018dbc                _ZN6SdBase7seekoffElN8ios_base7seekdirE
                0x0000000000018e06                _ZN6SdBase7seekposEm
 .text          0x0000000000018e0c      0xaa8 ./inc/SdVolume.o
                0x0000000000018e0c                _ZN8SdVolume10cacheFlushEv
                0x0000000000018e86                _ZN8SdVolume13cacheRawBlockEmh
                0x0000000000018f0c                _ZNK8SdVolume6fatGetEmPm
                0x000000000001900e                _ZNK8SdVolume9chainSizeEmPm
                0x00000000000190f6                _ZN8SdVolume6fatPutEmm
                0x0000000000019236                _ZN8SdVolume15allocContiguousEmPm
                0x000000000001945a                _ZN8SdVolume9freeChainEm
                0x0000000000019514                _ZN8SdVolume16freeClusterCountEv
                0x000000000001964a                _ZN8SdVolume4initEP7Sd2Cardh
 .text          0x00000000000198b4      0x20e ./inc/Wire.o
                0x00000000000198b4                _ZN7TwoWire16onReceiveServiceEPhi
                0x0000000000019904                _ZN7TwoWire16onRequestServiceEv
                0x000000000001991c                _ZN7TwoWireC2Ev
                0x000000000001991c                _ZN7TwoWireC1Ev
                0x000000000001991e                _ZN7TwoWire5beginEv
                0x0000000000019934                _ZN7TwoWire5beginEh
                0x000000000001995c                _ZN7TwoWire5beginEi
                0x0000000000019962                _ZN7TwoWire11requestFromEhh
                0x000000000001997c                _ZN7TwoWire11requestFromEii
                0x0000000000019982                _ZN7TwoWire17beginTransmissionEh
                0x0000000000019996                _ZN7TwoWire17beginTransmissionEi
                0x000000000001999c                _ZN7TwoWire15endTransmissionEv
                0x00000000000199bc                _ZN7TwoWire4sendEh
                0x0000000000019a04                _ZN7TwoWire4sendEPhh
                0x0000000000019a60                _ZN7TwoWire4sendEPc
                0x0000000000019a78                _ZN7TwoWire4sendEi
                0x0000000000019a7e                _ZN7TwoWire9availableEv
                0x0000000000019a8a                _ZN7TwoWire7receiveEv
                0x0000000000019aac                _ZN7TwoWire9onReceiveEPFviE
                0x0000000000019ab6                _ZN7TwoWire9onRequestEPFvvE
 .text          0x0000000000019ac2      0xd82 ./inc/istream.o
                0x0000000000019ac2                _ZN7istream5getchEP6fpos_t
                0x0000000000019ae8                _ZN7istream3getEv
                0x0000000000019b2c                _ZN7istream3getERc
                0x0000000000019b4c                _ZN7istream3getEPcmc
                0x0000000000019c66                _ZN7istream7getlineEPcmc
                0x0000000000019da0                _ZN7istream6ignoreEmi
                0x0000000000019e08                _ZN7istream4peekEv
                0x0000000000019ebc                _ZN7istream8readSkipEv
                0x0000000000019f02                _ZN7istream6getStrEPc
                0x000000000001a058                _ZN7istream9getNumberEmmPm
                0x000000000001a2e6                _ZN7istream8getFloatEPf
                0x000000000001a640                _ZN7istream7getCharEPc
                0x000000000001a67a                _ZN7istream9skipWhiteEv
                0x000000000001a6ec                _ZN7istream9getNumberIbEEvPT_
                0x000000000001a758                _ZN7istream7getBoolEPb
 .text          0x000000000001a844      0x670 ./inc/ostream.o
                0x000000000001a844                _ZN7ostream7do_fillEj
                0x000000000001a894                _ZN7ostream13fill_not_leftEj
                0x000000000001a8bc                _ZN7ostream6fmtNumEmPch
                0x000000000001a958                _ZN7ostream7putCharEc
                0x000000000001a98c                _ZN7ostream6putNumEmb
                0x000000000001aaf6                _ZN7ostream6putNumEl
                0x000000000001ab34                _ZN7ostream6putPgmERK3pgm
                0x000000000001ab8a                _ZN7ostream9putDoubleEd
                0x000000000001ae08                _ZN7ostream7putBoolEb
                0x000000000001ae68                _ZN7ostream6putStrEPKc
 .text          0x000000000001aeb4        0x0 ./inc/pins_arduino.o
 .text          0x000000000001aeb4     0x1bec ./inc/ssd0323.o
                0x000000000001aeb4                _ZN7ssd032310senden_spiEh
                0x000000000001aed8                _ZN7ssd032312send_commandEh
                0x000000000001aee2                _ZN7ssd03239send_charEh
                0x000000000001aeea                _ZN7ssd032312clear_screenEv
                0x000000000001af3e                _ZN7ssd032310set2pixelsEhhhh
                0x000000000001afba                _ZN7ssd03234lineEhhhhh
                0x000000000001b49a                _ZN7ssd032314zeichen_big_1xEPhhiiiih
                0x000000000001b73a                _ZN7ssd032316zeichen_small_1xEPhhiiiih
                0x000000000001b8e6                _ZN7ssd032316zeichen_small_2xEPhhiiiih
                0x000000000001baf8                _ZN7ssd032316zeichen_small_3xEPhhiiiih
                0x000000000001bd9e                _ZN7ssd032316zeichen_small_4xEPhhiiiih
                0x000000000001c008                _ZN7ssd03236stringEsPKchhhhh
                0x000000000001c62a                _ZN7ssd03236stringEsPKchh
                0x000000000001c648                _ZN7ssd03238string_PEsPKchhhhh
                0x000000000001c6e6                _ZN7ssd03238string_PEsPKchh
                0x000000000001c704                _ZN7ssd032311filled_rectEhhhhh
                0x000000000001c7da                _ZN7ssd032313highlight_barEhhhh
                0x000000000001c8d0                _ZN7ssd03234initEhh
                0x000000000001ca9e                _ZN7ssd0323C1Ev
                0x000000000001ca9e                _ZN7ssd0323C2Ev
 .text          0x000000000001caa0      0x446 ./inc/twi.o
                0x000000000001caa0                twi_init
                0x000000000001cac6                twi_setAddress
                0x000000000001cace                twi_readFrom
                0x000000000001cb3a                twi_writeTo
                0x000000000001cbba                twi_transmit
                0x000000000001cbee                twi_attachSlaveRxEvent
                0x000000000001cbf8                twi_attachSlaveTxEvent
                0x000000000001cc02                twi_reply
                0x000000000001cc12                twi_stop
                0x000000000001cc26                twi_releaseBus
                0x000000000001cc32                __vector_39
 .text          0x000000000001cee6        0x0 /home/jkw/Store/17 - Speedmaster/Firmware/inc/libArduinoCore2560.a(WInterrupts.c.o)
 .text          0x000000000001cee6        0x0 /home/jkw/Store/17 - Speedmaster/Firmware/inc/libArduinoCore2560.a(wiring.c.o)
 .text          0x000000000001cee6        0x0 /home/jkw/Store/17 - Speedmaster/Firmware/inc/libArduinoCore2560.a(wiring_analog.c.o)
 .text          0x000000000001cee6        0x0 /home/jkw/Store/17 - Speedmaster/Firmware/inc/libArduinoCore2560.a(wiring_digital.c.o)
 .text          0x000000000001cee6        0x0 /home/jkw/Store/17 - Speedmaster/Firmware/inc/libArduinoCore2560.a(HardwareSerial.cpp.o)
 .text          0x000000000001cee6        0x0 /home/jkw/Store/17 - Speedmaster/Firmware/inc/libArduinoCore2560.a(Print.cpp.o)
 .text          0x000000000001cee6        0x0 /home/jkw/Store/17 - Speedmaster/Firmware/inc/libArduinoCore2560.a(WString.cpp.o)
 .text          0x000000000001cee6        0x0 /usr/lib/gcc/avr/4.5.3/../../../avr/lib/avr6/libc.a(malloc.o)
 .text          0x000000000001cee6        0x0 /usr/lib/gcc/avr/4.5.3/../../../avr/lib/avr6/libc.a(exit.o)
 .text          0x000000000001cee6        0x0 /usr/lib/gcc/avr/4.5.3/../../../avr/lib/avr6/libc.a(isalpha.o)
 .text          0x000000000001cee6        0x0 /usr/lib/gcc/avr/4.5.3/../../../avr/lib/avr6/libc.a(isspace.o)
 .text          0x000000000001cee6        0x0 /usr/lib/gcc/avr/4.5.3/../../../avr/lib/avr6/libc.a(tolower.o)
 .text          0x000000000001cee6        0x0 /usr/lib/gcc/avr/4.5.3/../../../avr/lib/avr6/libc.a(toupper.o)
 .text          0x000000000001cee6        0x0 /usr/lib/gcc/avr/4.5.3/../../../avr/lib/avr6/libc.a(strcmp_P.o)
 .text          0x000000000001cee6        0x0 /usr/lib/gcc/avr/4.5.3/../../../avr/lib/avr6/libc.a(strcpy_P.o)
 .text          0x000000000001cee6        0x0 /usr/lib/gcc/avr/4.5.3/../../../avr/lib/avr6/libc.a(strlen_P.o)
 .text          0x000000000001cee6        0x0 /usr/lib/gcc/avr/4.5.3/../../../avr/lib/avr6/libc.a(memcmp.o)
 .text          0x000000000001cee6        0x0 /usr/lib/gcc/avr/4.5.3/../../../avr/lib/avr6/libc.a(memcpy.o)
 .text          0x000000000001cee6        0x0 /usr/lib/gcc/avr/4.5.3/../../../avr/lib/avr6/libc.a(memset.o)
 .text          0x000000000001cee6        0x0 /usr/lib/gcc/avr/4.5.3/../../../avr/lib/avr6/libc.a(strcat.o)
 .text          0x000000000001cee6        0x0 /usr/lib/gcc/avr/4.5.3/../../../avr/lib/avr6/libc.a(strchr.o)
 .text          0x000000000001cee6        0x0 /usr/lib/gcc/avr/4.5.3/../../../avr/lib/avr6/libc.a(strcmp.o)
 .text          0x000000000001cee6        0x0 /usr/lib/gcc/avr/4.5.3/../../../avr/lib/avr6/libc.a(strcpy.o)
 .text          0x000000000001cee6        0x0 /usr/lib/gcc/avr/4.5.3/../../../avr/lib/avr6/libc.a(strncmp.o)
 .text          0x000000000001cee6        0x0 /usr/lib/gcc/avr/4.5.3/../../../avr/lib/avr6/libc.a(strncpy.o)
 .text          0x000000000001cee6        0x0 /usr/lib/gcc/avr/4.5.3/../../../avr/lib/avr6/libc.a(strrchr.o)
 .text          0x000000000001cee6        0x0 /usr/lib/gcc/avr/4.5.3/../../../avr/lib/avr6/libc.a(strstr.o)
 .text          0x000000000001cee6        0x0 /usr/lib/gcc/avr/4.5.3/../../../avr/lib/avr6/libc.a(itoa.o)
 .text          0x000000000001cee6        0x0 /usr/lib/gcc/avr/4.5.3/../../../avr/lib/avr6/libc.a(ltoa.o)
 .text          0x000000000001cee6        0x0 /usr/lib/gcc/avr/4.5.3/../../../avr/lib/avr6/libc.a(ultoa.o)
 .text          0x000000000001cee6        0x0 /usr/lib/gcc/avr/4.5.3/../../../avr/lib/avr6/libc.a(sprintf.o)
 .text          0x000000000001cee6        0x0 /usr/lib/gcc/avr/4.5.3/../../../avr/lib/avr6/libc.a(addsf3.o)
 .text          0x000000000001cee6        0x0 /usr/lib/gcc/avr/4.5.3/../../../avr/lib/avr6/libc.a(addsf3x.o)
 .text          0x000000000001cee6        0x0 /usr/lib/gcc/avr/4.5.3/../../../avr/lib/avr6/libc.a(asin.o)
 .text          0x000000000001cee6        0x0 /usr/lib/gcc/avr/4.5.3/../../../avr/lib/avr6/libc.a(cmpsf2.o)
 .text          0x000000000001cee6        0x0 /usr/lib/gcc/avr/4.5.3/../../../avr/lib/avr6/libc.a(cos.o)
 .text          0x000000000001cee6        0x0 /usr/lib/gcc/avr/4.5.3/../../../avr/lib/avr6/libc.a(divsf3.o)
 .text          0x000000000001cee6        0x0 /usr/lib/gcc/avr/4.5.3/../../../avr/lib/avr6/libc.a(divsf3x.o)
 .text          0x000000000001cee6        0x0 /usr/lib/gcc/avr/4.5.3/../../../avr/lib/avr6/libc.a(fixsfsi.o)
 .text          0x000000000001cee6        0x0 /usr/lib/gcc/avr/4.5.3/../../../avr/lib/avr6/libc.a(fixunssfsi.o)
 .text          0x000000000001cee6        0x0 /usr/lib/gcc/avr/4.5.3/../../../avr/lib/avr6/libc.a(floatsisf.o)
 .text          0x000000000001cee6        0x0 /usr/lib/gcc/avr/4.5.3/../../../avr/lib/avr6/libc.a(floor.o)
 .text          0x000000000001cee6        0x0 /usr/lib/gcc/avr/4.5.3/../../../avr/lib/avr6/libc.a(fp_arccos.o)
 .text          0x000000000001cee6        0x0 /usr/lib/gcc/avr/4.5.3/../../../avr/lib/avr6/libc.a(fp_cmp.o)
 .text          0x000000000001cee6        0x0 /usr/lib/gcc/avr/4.5.3/../../../avr/lib/avr6/libc.a(fp_inf.o)
 .text          0x000000000001cee6        0x0 /usr/lib/gcc/avr/4.5.3/../../../avr/lib/avr6/libc.a(fp_mintl.o)
 .text          0x000000000001cee6        0x0 /usr/lib/gcc/avr/4.5.3/../../../avr/lib/avr6/libc.a(fp_mpack.o)
 .text          0x000000000001cee6        0x0 /usr/lib/gcc/avr/4.5.3/../../../avr/lib/avr6/libc.a(fp_nan.o)
 .text          0x000000000001cee6        0x0 /usr/lib/gcc/avr/4.5.3/../../../avr/lib/avr6/libc.a(fp_powser.o)
 .text          0x000000000001cee6        0x0 /usr/lib/gcc/avr/4.5.3/../../../avr/lib/avr6/libc.a(fp_powsodd.o)
 .text          0x000000000001cee6        0x0 /usr/lib/gcc/avr/4.5.3/../../../avr/lib/avr6/libc.a(fp_pscA.o)
 .text          0x000000000001cee6        0x0 /usr/lib/gcc/avr/4.5.3/../../../avr/lib/avr6/libc.a(fp_pscB.o)
 .text          0x000000000001cee6        0x0 /usr/lib/gcc/avr/4.5.3/../../../avr/lib/avr6/libc.a(fp_rempio2.o)
 .text          0x000000000001cee6        0x0 /usr/lib/gcc/avr/4.5.3/../../../avr/lib/avr6/libc.a(fp_round.o)
 .text          0x000000000001cee6        0x0 /usr/lib/gcc/avr/4.5.3/../../../avr/lib/avr6/libc.a(fp_sinus.o)
 .text          0x000000000001cee6        0x0 /usr/lib/gcc/avr/4.5.3/../../../avr/lib/avr6/libc.a(fp_split3.o)
 .text          0x000000000001cee6        0x0 /usr/lib/gcc/avr/4.5.3/../../../avr/lib/avr6/libc.a(fp_trunc.o)
 .text          0x000000000001cee6        0x0 /usr/lib/gcc/avr/4.5.3/../../../avr/lib/avr6/libc.a(fp_zero.o)
 .text          0x000000000001cee6        0x0 /usr/lib/gcc/avr/4.5.3/../../../avr/lib/avr6/libc.a(gesf2.o)
 .text          0x000000000001cee6        0x0 /usr/lib/gcc/avr/4.5.3/../../../avr/lib/avr6/libc.a(mulsf3.o)
 .text          0x000000000001cee6        0x0 /usr/lib/gcc/avr/4.5.3/../../../avr/lib/avr6/libc.a(mulsf3x.o)
 .text          0x000000000001cee6        0x0 /usr/lib/gcc/avr/4.5.3/../../../avr/lib/avr6/libc.a(pow.o)
 .text          0x000000000001cee6        0x0 /usr/lib/gcc/avr/4.5.3/../../../avr/lib/avr6/libc.a(sin.o)
 .text          0x000000000001cee6        0x0 /usr/lib/gcc/avr/4.5.3/../../../avr/lib/avr6/libc.a(sqrt.o)
 .text          0x000000000001cee6        0x0 /usr/lib/gcc/avr/4.5.3/../../../avr/lib/avr6/libc.a(vfprintf_std.o)
 .text          0x000000000001cee6        0x0 /usr/lib/gcc/avr/4.5.3/../../../avr/lib/avr6/libc.a(eerd_byte_atmega2560.o)
 .text          0x000000000001cee6        0x0 /usr/lib/gcc/avr/4.5.3/../../../avr/lib/avr6/libc.a(eewr_byte_atmega2560.o)
 .text          0x000000000001cee6        0x0 /usr/lib/gcc/avr/4.5.3/../../../avr/lib/avr6/libc.a(cty_isfalse.o)
 .text          0x000000000001cee6        0x0 /usr/lib/gcc/avr/4.5.3/../../../avr/lib/avr6/libc.a(strnlen_P.o)
 .text          0x000000000001cee6        0x0 /usr/lib/gcc/avr/4.5.3/../../../avr/lib/avr6/libc.a(strnlen.o)
 .text          0x000000000001cee6        0x0 /usr/lib/gcc/avr/4.5.3/../../../avr/lib/avr6/libc.a(strrev.o)
 .text          0x000000000001cee6        0x0 /usr/lib/gcc/avr/4.5.3/../../../avr/lib/avr6/libc.a(fputc.o)
 .text          0x000000000001cee6        0x0 /usr/lib/gcc/avr/4.5.3/../../../avr/lib/avr6/libc.a(ultoa_invert.o)
 .text          0x000000000001cee6        0x0 /usr/lib/gcc/avr/4.5.3/../../../avr/lib/avr6/libc.a(exp.o)
 .text          0x000000000001cee6        0x0 /usr/lib/gcc/avr/4.5.3/../../../avr/lib/avr6/libc.a(fp_norm2.o)
 .text          0x000000000001cee6        0x0 /usr/lib/gcc/avr/4.5.3/../../../avr/lib/avr6/libc.a(inverse.o)
 .text          0x000000000001cee6        0x0 /usr/lib/gcc/avr/4.5.3/../../../avr/lib/avr6/libc.a(ldexp.o)
 .text          0x000000000001cee6        0x0 /usr/lib/gcc/avr/4.5.3/../../../avr/lib/avr6/libc.a(log.o)
 .text          0x000000000001cee6        0x0 /usr/lib/gcc/avr/4.5.3/../../../avr/lib/avr6/libc.a(modf.o)
 .text          0x000000000001cee6        0x0 /usr/lib/gcc/avr/4.5.3/avr6/libgcc.a(_mulsi3.o)
 .text          0x000000000001cee6        0x0 /usr/lib/gcc/avr/4.5.3/avr6/libgcc.a(_udivmodqi4.o)
 .text          0x000000000001cee6        0x0 /usr/lib/gcc/avr/4.5.3/avr6/libgcc.a(_udivmodhi4.o)
 .text          0x000000000001cee6        0x0 /usr/lib/gcc/avr/4.5.3/avr6/libgcc.a(_divmodhi4.o)
 .text          0x000000000001cee6        0x0 /usr/lib/gcc/avr/4.5.3/avr6/libgcc.a(_udivmodsi4.o)
 .text          0x000000000001cee6        0x0 /usr/lib/gcc/avr/4.5.3/avr6/libgcc.a(_divmodsi4.o)
 .text          0x000000000001cee6        0x0 /usr/lib/gcc/avr/4.5.3/avr6/libgcc.a(_exit.o)
 .text          0x000000000001cee6        0x0 /usr/lib/gcc/avr/4.5.3/avr6/libgcc.a(_copy_data.o)
 .text          0x000000000001cee6        0x0 /usr/lib/gcc/avr/4.5.3/avr6/libgcc.a(_clear_bss.o)
 .text          0x000000000001cee6        0x0 /usr/lib/gcc/avr/4.5.3/avr6/libgcc.a(_ctors.o)
 .text          0x000000000001cee6        0x0 /usr/lib/gcc/avr/4.5.3/avr6/libgcc.a(_tablejump_elpm.o)
                0x000000000001cee6                . = ALIGN (0x2)
 *(.text.*)
 .text.attachInterrupt
                0x000000000001cee6       0xf8 /home/jkw/Store/17 - Speedmaster/Firmware/inc/libArduinoCore2560.a(WInterrupts.c.o)
                0x000000000001cee6                attachInterrupt
 .text.detachInterrupt
                0x000000000001cfde       0x58 /home/jkw/Store/17 - Speedmaster/Firmware/inc/libArduinoCore2560.a(WInterrupts.c.o)
                0x000000000001cfde                detachInterrupt
 .text.__vector_1
                0x000000000001d036       0x62 /home/jkw/Store/17 - Speedmaster/Firmware/inc/libArduinoCore2560.a(WInterrupts.c.o)
                0x000000000001d036                __vector_1
 .text.__vector_2
                0x000000000001d098       0x62 /home/jkw/Store/17 - Speedmaster/Firmware/inc/libArduinoCore2560.a(WInterrupts.c.o)
                0x000000000001d098                __vector_2
 .text.__vector_3
                0x000000000001d0fa       0x62 /home/jkw/Store/17 - Speedmaster/Firmware/inc/libArduinoCore2560.a(WInterrupts.c.o)
                0x000000000001d0fa                __vector_3
 .text.__vector_4
                0x000000000001d15c       0x62 /home/jkw/Store/17 - Speedmaster/Firmware/inc/libArduinoCore2560.a(WInterrupts.c.o)
                0x000000000001d15c                __vector_4
 .text.__vector_5
                0x000000000001d1be       0x62 /home/jkw/Store/17 - Speedmaster/Firmware/inc/libArduinoCore2560.a(WInterrupts.c.o)
                0x000000000001d1be                __vector_5
 .text.__vector_6
                0x000000000001d220       0x62 /home/jkw/Store/17 - Speedmaster/Firmware/inc/libArduinoCore2560.a(WInterrupts.c.o)
                0x000000000001d220                __vector_6
 .text.__vector_7
                0x000000000001d282       0x62 /home/jkw/Store/17 - Speedmaster/Firmware/inc/libArduinoCore2560.a(WInterrupts.c.o)
                0x000000000001d282                __vector_7
 .text.__vector_8
                0x000000000001d2e4       0x62 /home/jkw/Store/17 - Speedmaster/Firmware/inc/libArduinoCore2560.a(WInterrupts.c.o)
                0x000000000001d2e4                __vector_8
 .text.__vector_23
                0x000000000001d346       0x90 /home/jkw/Store/17 - Speedmaster/Firmware/inc/libArduinoCore2560.a(wiring.c.o)
                0x000000000001d346                __vector_23
 .text.millis   0x000000000001d3d6       0x1c /home/jkw/Store/17 - Speedmaster/Firmware/inc/libArduinoCore2560.a(wiring.c.o)
                0x000000000001d3d6                millis
 .text.micros   0x000000000001d3f2       0x4c /home/jkw/Store/17 - Speedmaster/Firmware/inc/libArduinoCore2560.a(wiring.c.o)
                0x000000000001d3f2                micros
 .text.delay    0x000000000001d43e       0x4c /home/jkw/Store/17 - Speedmaster/Firmware/inc/libArduinoCore2560.a(wiring.c.o)
                0x000000000001d43e                delay
 .text.delayMicroseconds
                0x000000000001d48a       0x14 /home/jkw/Store/17 - Speedmaster/Firmware/inc/libArduinoCore2560.a(wiring.c.o)
                0x000000000001d48a                delayMicroseconds
 .text.init     0x000000000001d49e       0xc4 /home/jkw/Store/17 - Speedmaster/Firmware/inc/libArduinoCore2560.a(wiring.c.o)
                0x000000000001d49e                init
 .text.analogReference
                0x000000000001d562        0x6 /home/jkw/Store/17 - Speedmaster/Firmware/inc/libArduinoCore2560.a(wiring_analog.c.o)
                0x000000000001d562                analogReference
 .text.analogRead
                0x000000000001d568       0x68 /home/jkw/Store/17 - Speedmaster/Firmware/inc/libArduinoCore2560.a(wiring_analog.c.o)
                0x000000000001d568                analogRead
 .text.analogWrite
                0x000000000001d5d0      0x178 /home/jkw/Store/17 - Speedmaster/Firmware/inc/libArduinoCore2560.a(wiring_analog.c.o)
                0x000000000001d5d0                analogWrite
 .text.pinMode  0x000000000001d748       0x4c /home/jkw/Store/17 - Speedmaster/Firmware/inc/libArduinoCore2560.a(wiring_digital.c.o)
                0x000000000001d748                pinMode
 .text.digitalWrite
                0x000000000001d794      0x122 /home/jkw/Store/17 - Speedmaster/Firmware/inc/libArduinoCore2560.a(wiring_digital.c.o)
                0x000000000001d794                digitalWrite
 .text.digitalRead
                0x000000000001d8b6      0x118 /home/jkw/Store/17 - Speedmaster/Firmware/inc/libArduinoCore2560.a(wiring_digital.c.o)
                0x000000000001d8b6                digitalRead
 .text._Z10store_charhP11ring_buffer
                0x000000000001d9ce       0x4e /home/jkw/Store/17 - Speedmaster/Firmware/inc/libArduinoCore2560.a(HardwareSerial.cpp.o)
                0x000000000001d9ce                _Z10store_charhP11ring_buffer
 .text.__vector_25
                0x000000000001da1c       0x58 /home/jkw/Store/17 - Speedmaster/Firmware/inc/libArduinoCore2560.a(HardwareSerial.cpp.o)
                0x000000000001da1c                __vector_25
 .text.__vector_51
                0x000000000001da74       0x58 /home/jkw/Store/17 - Speedmaster/Firmware/inc/libArduinoCore2560.a(HardwareSerial.cpp.o)
                0x000000000001da74                __vector_51
 .text.__vector_54
                0x000000000001dacc       0x58 /home/jkw/Store/17 - Speedmaster/Firmware/inc/libArduinoCore2560.a(HardwareSerial.cpp.o)
                0x000000000001dacc                __vector_54
 .text._ZN14HardwareSerialC2EP11ring_bufferPVhS3_S3_S3_S3_hhhhh
                0x000000000001db24       0x60 /home/jkw/Store/17 - Speedmaster/Firmware/inc/libArduinoCore2560.a(HardwareSerial.cpp.o)
                0x000000000001db24                _ZN14HardwareSerialC2EP11ring_bufferPVhS3_S3_S3_S3_hhhhh
 .text._ZN14HardwareSerialC1EP11ring_bufferPVhS3_S3_S3_S3_hhhhh
                0x000000000001db84       0x60 /home/jkw/Store/17 - Speedmaster/Firmware/inc/libArduinoCore2560.a(HardwareSerial.cpp.o)
                0x000000000001db84                _ZN14HardwareSerialC1EP11ring_bufferPVhS3_S3_S3_S3_hhhhh
 .text._ZN14HardwareSerial5beginEl
                0x000000000001dbe4      0x1f2 /home/jkw/Store/17 - Speedmaster/Firmware/inc/libArduinoCore2560.a(HardwareSerial.cpp.o)
                0x000000000001dbe4                _ZN14HardwareSerial5beginEl
 .text._ZN14HardwareSerial3endEv
                0x000000000001ddd6       0x54 /home/jkw/Store/17 - Speedmaster/Firmware/inc/libArduinoCore2560.a(HardwareSerial.cpp.o)
                0x000000000001ddd6                _ZN14HardwareSerial3endEv
 .text._ZN14HardwareSerial9availableEv
                0x000000000001de2a       0x28 /home/jkw/Store/17 - Speedmaster/Firmware/inc/libArduinoCore2560.a(HardwareSerial.cpp.o)
                0x000000000001de2a                _ZN14HardwareSerial9availableEv
 .text._ZN14HardwareSerial4peekEv
                0x000000000001de52       0x34 /home/jkw/Store/17 - Speedmaster/Firmware/inc/libArduinoCore2560.a(HardwareSerial.cpp.o)
                0x000000000001de52                _ZN14HardwareSerial4peekEv
 .text._ZN14HardwareSerial4readEv
                0x000000000001de86       0x50 /home/jkw/Store/17 - Speedmaster/Firmware/inc/libArduinoCore2560.a(HardwareSerial.cpp.o)
                0x000000000001de86                _ZN14HardwareSerial4readEv
 .text._ZN14HardwareSerial5flushEv
                0x000000000001ded6       0x18 /home/jkw/Store/17 - Speedmaster/Firmware/inc/libArduinoCore2560.a(HardwareSerial.cpp.o)
                0x000000000001ded6                _ZN14HardwareSerial5flushEv
 .text._ZN14HardwareSerial5writeEh
                0x000000000001deee       0x26 /home/jkw/Store/17 - Speedmaster/Firmware/inc/libArduinoCore2560.a(HardwareSerial.cpp.o)
                0x000000000001deee                _ZN14HardwareSerial5writeEh
 .text._GLOBAL__I_rx_buffer
                0x000000000001df14      0x13c /home/jkw/Store/17 - Speedmaster/Firmware/inc/libArduinoCore2560.a(HardwareSerial.cpp.o)
 .text._ZN5Print5writeEPKc
                0x000000000001e050       0x30 /home/jkw/Store/17 - Speedmaster/Firmware/inc/libArduinoCore2560.a(Print.cpp.o)
                0x000000000001e050                _ZN5Print5writeEPKc
 .text._ZN5Print5writeEPKhj
                0x000000000001e080       0x3e /home/jkw/Store/17 - Speedmaster/Firmware/inc/libArduinoCore2560.a(Print.cpp.o)
                0x000000000001e080                _ZN5Print5writeEPKhj
 .text._ZN5Print5printEPKc
                0x000000000001e0be       0x10 /home/jkw/Store/17 - Speedmaster/Firmware/inc/libArduinoCore2560.a(Print.cpp.o)
                0x000000000001e0be                _ZN5Print5printEPKc
 .text._ZN5Print5printERK6String
                0x000000000001e0ce       0x54 /home/jkw/Store/17 - Speedmaster/Firmware/inc/libArduinoCore2560.a(Print.cpp.o)
                0x000000000001e0ce                _ZN5Print5printERK6String
 .text._ZN5Print11printNumberEmh
                0x000000000001e122      0x134 /home/jkw/Store/17 - Speedmaster/Firmware/inc/libArduinoCore2560.a(Print.cpp.o)
                0x000000000001e122                _ZN5Print11printNumberEmh
 .text._ZN5Print5printEmi
                0x000000000001e256       0x1e /home/jkw/Store/17 - Speedmaster/Firmware/inc/libArduinoCore2560.a(Print.cpp.o)
                0x000000000001e256                _ZN5Print5printEmi
 .text._ZN5Print5printEji
                0x000000000001e274       0x22 /home/jkw/Store/17 - Speedmaster/Firmware/inc/libArduinoCore2560.a(Print.cpp.o)
                0x000000000001e274                _ZN5Print5printEji
 .text._ZN5Print5printEhi
                0x000000000001e296       0x24 /home/jkw/Store/17 - Speedmaster/Firmware/inc/libArduinoCore2560.a(Print.cpp.o)
                0x000000000001e296                _ZN5Print5printEhi
 .text._ZN5Print5printEli
                0x000000000001e2ba       0x6c /home/jkw/Store/17 - Speedmaster/Firmware/inc/libArduinoCore2560.a(Print.cpp.o)
                0x000000000001e2ba                _ZN5Print5printEli
 .text._ZN5Print5printEii
                0x000000000001e326       0x26 /home/jkw/Store/17 - Speedmaster/Firmware/inc/libArduinoCore2560.a(Print.cpp.o)
                0x000000000001e326                _ZN5Print5printEii
 .text._ZN5Print5printEci
                0x000000000001e34c       0x28 /home/jkw/Store/17 - Speedmaster/Firmware/inc/libArduinoCore2560.a(Print.cpp.o)
                0x000000000001e34c                _ZN5Print5printEci
 .text._ZN5Print7printlnEv
                0x000000000001e374       0x2e /home/jkw/Store/17 - Speedmaster/Firmware/inc/libArduinoCore2560.a(Print.cpp.o)
                0x000000000001e374                _ZN5Print7printlnEv
 .text._ZN5Print7printlnEmi
                0x000000000001e3a2       0x16 /home/jkw/Store/17 - Speedmaster/Firmware/inc/libArduinoCore2560.a(Print.cpp.o)
                0x000000000001e3a2                _ZN5Print7printlnEmi
 .text._ZN5Print7printlnEji
                0x000000000001e3b8       0x32 /home/jkw/Store/17 - Speedmaster/Firmware/inc/libArduinoCore2560.a(Print.cpp.o)
                0x000000000001e3b8                _ZN5Print7printlnEji
 .text._ZN5Print7printlnEhi
                0x000000000001e3ea       0x34 /home/jkw/Store/17 - Speedmaster/Firmware/inc/libArduinoCore2560.a(Print.cpp.o)
                0x000000000001e3ea                _ZN5Print7printlnEhi
 .text._ZN5Print7printlnEPKc
                0x000000000001e41e       0x16 /home/jkw/Store/17 - Speedmaster/Firmware/inc/libArduinoCore2560.a(Print.cpp.o)
                0x000000000001e41e                _ZN5Print7printlnEPKc
 .text._ZN5Print7printlnERK6String
                0x000000000001e434       0x16 /home/jkw/Store/17 - Speedmaster/Firmware/inc/libArduinoCore2560.a(Print.cpp.o)
                0x000000000001e434                _ZN5Print7printlnERK6String
 .text._ZN5Print7printlnEli
                0x000000000001e44a       0x16 /home/jkw/Store/17 - Speedmaster/Firmware/inc/libArduinoCore2560.a(Print.cpp.o)
                0x000000000001e44a                _ZN5Print7printlnEli
 .text._ZN5Print7printlnEii
                0x000000000001e460       0x36 /home/jkw/Store/17 - Speedmaster/Firmware/inc/libArduinoCore2560.a(Print.cpp.o)
                0x000000000001e460                _ZN5Print7printlnEii
 .text._ZN5Print7printlnEci
                0x000000000001e496       0x38 /home/jkw/Store/17 - Speedmaster/Firmware/inc/libArduinoCore2560.a(Print.cpp.o)
                0x000000000001e496                _ZN5Print7printlnEci
 .text._ZN5Print10printFloatEdh
                0x000000000001e4ce      0x118 /home/jkw/Store/17 - Speedmaster/Firmware/inc/libArduinoCore2560.a(Print.cpp.o)
                0x000000000001e4ce                _ZN5Print10printFloatEdh
 .text._ZN5Print5printEdi
                0x000000000001e5e6        0x6 /home/jkw/Store/17 - Speedmaster/Firmware/inc/libArduinoCore2560.a(Print.cpp.o)
                0x000000000001e5e6                _ZN5Print5printEdi
 .text._ZN5Print7printlnEdi
                0x000000000001e5ec       0x16 /home/jkw/Store/17 - Speedmaster/Firmware/inc/libArduinoCore2560.a(Print.cpp.o)
                0x000000000001e5ec                _ZN5Print7printlnEdi
 .text._ZNK6String6charAtEj
                0x000000000001e602       0x10 /home/jkw/Store/17 - Speedmaster/Firmware/inc/libArduinoCore2560.a(WString.cpp.o)
                0x000000000001e602                _ZNK6String6charAtEj
 .text._ZN6String9setCharAtEjc
                0x000000000001e612       0x22 /home/jkw/Store/17 - Speedmaster/Firmware/inc/libArduinoCore2560.a(WString.cpp.o)
                0x000000000001e612                _ZN6String9setCharAtEjc
 .text._ZN6StringixEj
                0x000000000001e634       0x2a /home/jkw/Store/17 - Speedmaster/Firmware/inc/libArduinoCore2560.a(WString.cpp.o)
                0x000000000001e634                _ZN6StringixEj
 .text._ZNK6StringixEj
                0x000000000001e65e       0x10 /home/jkw/Store/17 - Speedmaster/Firmware/inc/libArduinoCore2560.a(WString.cpp.o)
                0x000000000001e65e                _ZNK6StringixEj
 .text._ZN6String11toCharArrayEPcj
                0x000000000001e66e       0x44 /home/jkw/Store/17 - Speedmaster/Firmware/inc/libArduinoCore2560.a(WString.cpp.o)
                0x000000000001e66e                _ZN6String11toCharArrayEPcj
 .text._ZN6String8getBytesEPhj
                0x000000000001e6b2       0x44 /home/jkw/Store/17 - Speedmaster/Firmware/inc/libArduinoCore2560.a(WString.cpp.o)
                0x000000000001e6b2                _ZN6String8getBytesEPhj
 .text._ZN6StringD1Ev
                0x000000000001e6f6       0x20 /home/jkw/Store/17 - Speedmaster/Firmware/inc/libArduinoCore2560.a(WString.cpp.o)
                0x000000000001e6f6                _ZN6StringD1Ev
 .text._ZNK6String10startsWithERKS_j
                0x000000000001e716       0x3c /home/jkw/Store/17 - Speedmaster/Firmware/inc/libArduinoCore2560.a(WString.cpp.o)
                0x000000000001e716                _ZNK6String10startsWithERKS_j
 .text._ZNK6String10startsWithERKS_
                0x000000000001e752       0x26 /home/jkw/Store/17 - Speedmaster/Firmware/inc/libArduinoCore2560.a(WString.cpp.o)
                0x000000000001e752                _ZNK6String10startsWithERKS_
 .text._ZNK6String11lastIndexOfEcj
                0x000000000001e778       0x6e /home/jkw/Store/17 - Speedmaster/Firmware/inc/libArduinoCore2560.a(WString.cpp.o)
                0x000000000001e778                _ZNK6String11lastIndexOfEcj
 .text._ZNK6String11lastIndexOfEc
                0x000000000001e7e6       0x10 /home/jkw/Store/17 - Speedmaster/Firmware/inc/libArduinoCore2560.a(WString.cpp.o)
                0x000000000001e7e6                _ZNK6String11lastIndexOfEc
 .text._ZNK6String7indexOfERKS_j
                0x000000000001e7f6       0x3c /home/jkw/Store/17 - Speedmaster/Firmware/inc/libArduinoCore2560.a(WString.cpp.o)
                0x000000000001e7f6                _ZNK6String7indexOfERKS_j
 .text._ZNK6String7indexOfERKS_
                0x000000000001e832        0xa /home/jkw/Store/17 - Speedmaster/Firmware/inc/libArduinoCore2560.a(WString.cpp.o)
                0x000000000001e832                _ZNK6String7indexOfERKS_
 .text._ZNK6String7indexOfEcj
                0x000000000001e83c       0x3c /home/jkw/Store/17 - Speedmaster/Firmware/inc/libArduinoCore2560.a(WString.cpp.o)
                0x000000000001e83c                _ZNK6String7indexOfEcj
 .text._ZNK6String7indexOfEc
                0x000000000001e878        0xa /home/jkw/Store/17 - Speedmaster/Firmware/inc/libArduinoCore2560.a(WString.cpp.o)
                0x000000000001e878                _ZNK6String7indexOfEc
 .text._ZNK6String6equalsERKS_
                0x000000000001e882       0x32 /home/jkw/Store/17 - Speedmaster/Firmware/inc/libArduinoCore2560.a(WString.cpp.o)
                0x000000000001e882                _ZNK6String6equalsERKS_
 .text._ZNK6String8endsWithERKS_
                0x000000000001e8b4       0x3a /home/jkw/Store/17 - Speedmaster/Firmware/inc/libArduinoCore2560.a(WString.cpp.o)
                0x000000000001e8b4                _ZNK6String8endsWithERKS_
 .text._ZNK6StringgeERKS_
                0x000000000001e8ee       0x28 /home/jkw/Store/17 - Speedmaster/Firmware/inc/libArduinoCore2560.a(WString.cpp.o)
                0x000000000001e8ee                _ZNK6StringgeERKS_
 .text._ZNK6StringleERKS_
                0x000000000001e916       0x22 /home/jkw/Store/17 - Speedmaster/Firmware/inc/libArduinoCore2560.a(WString.cpp.o)
                0x000000000001e916                _ZNK6StringleERKS_
 .text._ZNK6StringgtERKS_
                0x000000000001e938       0x22 /home/jkw/Store/17 - Speedmaster/Firmware/inc/libArduinoCore2560.a(WString.cpp.o)
                0x000000000001e938                _ZNK6StringgtERKS_
 .text._ZNK6StringltERKS_
                0x000000000001e95a       0x24 /home/jkw/Store/17 - Speedmaster/Firmware/inc/libArduinoCore2560.a(WString.cpp.o)
                0x000000000001e95a                _ZNK6StringltERKS_
 .text._ZNK6StringneERKS_
                0x000000000001e97e       0x30 /home/jkw/Store/17 - Speedmaster/Firmware/inc/libArduinoCore2560.a(WString.cpp.o)
                0x000000000001e97e                _ZNK6StringneERKS_
 .text._ZNK6StringeqERKS_
                0x000000000001e9ae       0x34 /home/jkw/Store/17 - Speedmaster/Firmware/inc/libArduinoCore2560.a(WString.cpp.o)
                0x000000000001e9ae                _ZNK6StringeqERKS_
 .text._ZNK6String9compareToERKS_
                0x000000000001e9e2       0x12 /home/jkw/Store/17 - Speedmaster/Firmware/inc/libArduinoCore2560.a(WString.cpp.o)
                0x000000000001e9e2                _ZNK6String9compareToERKS_
 .text._ZN6String9getBufferEj
                0x000000000001e9f4       0x28 /home/jkw/Store/17 - Speedmaster/Firmware/inc/libArduinoCore2560.a(WString.cpp.o)
                0x000000000001e9f4                _ZN6String9getBufferEj
 .text._ZN6StringpLERKS_
                0x000000000001ea1c       0x6c /home/jkw/Store/17 - Speedmaster/Firmware/inc/libArduinoCore2560.a(WString.cpp.o)
                0x000000000001ea1c                _ZN6StringpLERKS_
 .text._ZN6String6concatERKS_
                0x000000000001ea88        0x6 /home/jkw/Store/17 - Speedmaster/Firmware/inc/libArduinoCore2560.a(WString.cpp.o)
                0x000000000001ea88                _ZN6String6concatERKS_
 .text._ZN6StringaSERKS_
                0x000000000001ea8e       0x60 /home/jkw/Store/17 - Speedmaster/Firmware/inc/libArduinoCore2560.a(WString.cpp.o)
                0x000000000001ea8e                _ZN6StringaSERKS_
 .text._ZN6StringC1Eh
                0x000000000001eaee       0x34 /home/jkw/Store/17 - Speedmaster/Firmware/inc/libArduinoCore2560.a(WString.cpp.o)
                0x000000000001eaee                _ZN6StringC1Eh
 .text._ZN6StringC2Eh
                0x000000000001eb22       0x34 /home/jkw/Store/17 - Speedmaster/Firmware/inc/libArduinoCore2560.a(WString.cpp.o)
                0x000000000001eb22                _ZN6StringC2Eh
 .text._ZN6StringC1Ec
                0x000000000001eb56       0x34 /home/jkw/Store/17 - Speedmaster/Firmware/inc/libArduinoCore2560.a(WString.cpp.o)
                0x000000000001eb56                _ZN6StringC1Ec
 .text._ZN6StringC2Ec
                0x000000000001eb8a       0x34 /home/jkw/Store/17 - Speedmaster/Firmware/inc/libArduinoCore2560.a(WString.cpp.o)
                0x000000000001eb8a                _ZN6StringC2Ec
 .text._ZN6StringC1ERKS_
                0x000000000001ebbe       0x36 /home/jkw/Store/17 - Speedmaster/Firmware/inc/libArduinoCore2560.a(WString.cpp.o)
                0x000000000001ebbe                _ZN6StringC1ERKS_
 .text._ZN6StringC2ERKS_
                0x000000000001ebf4       0x36 /home/jkw/Store/17 - Speedmaster/Firmware/inc/libArduinoCore2560.a(WString.cpp.o)
                0x000000000001ebf4                _ZN6StringC2ERKS_
 .text._ZN6StringC1Emi
                0x000000000001ec2a       0x7e /home/jkw/Store/17 - Speedmaster/Firmware/inc/libArduinoCore2560.a(WString.cpp.o)
                0x000000000001ec2a                _ZN6StringC1Emi
 .text._ZN6StringC2Emi
                0x000000000001eca8       0x7e /home/jkw/Store/17 - Speedmaster/Firmware/inc/libArduinoCore2560.a(WString.cpp.o)
                0x000000000001eca8                _ZN6StringC2Emi
 .text._ZN6StringC1Eji
                0x000000000001ed26       0x7c /home/jkw/Store/17 - Speedmaster/Firmware/inc/libArduinoCore2560.a(WString.cpp.o)
                0x000000000001ed26                _ZN6StringC1Eji
 .text._ZN6StringC2Eji
                0x000000000001eda2       0x7c /home/jkw/Store/17 - Speedmaster/Firmware/inc/libArduinoCore2560.a(WString.cpp.o)
                0x000000000001eda2                _ZN6StringC2Eji
 .text._ZN6StringC1EPKc
                0x000000000001ee1e       0x50 /home/jkw/Store/17 - Speedmaster/Firmware/inc/libArduinoCore2560.a(WString.cpp.o)
                0x000000000001ee1e                _ZN6StringC1EPKc
 .text._ZNK6String11toUpperCaseEv
                0x000000000001ee6e       0x76 /home/jkw/Store/17 - Speedmaster/Firmware/inc/libArduinoCore2560.a(WString.cpp.o)
                0x000000000001ee6e                _ZNK6String11toUpperCaseEv
 .text._ZNK6String11toLowerCaseEv
                0x000000000001eee4       0x76 /home/jkw/Store/17 - Speedmaster/Firmware/inc/libArduinoCore2560.a(WString.cpp.o)
                0x000000000001eee4                _ZNK6String11toLowerCaseEv
 .text._ZNK6String16equalsIgnoreCaseERKS_
                0x000000000001ef5a       0x98 /home/jkw/Store/17 - Speedmaster/Firmware/inc/libArduinoCore2560.a(WString.cpp.o)
                0x000000000001ef5a                _ZNK6String16equalsIgnoreCaseERKS_
 .text._ZNK6String9substringEjj
                0x000000000001eff2       0x6e /home/jkw/Store/17 - Speedmaster/Firmware/inc/libArduinoCore2560.a(WString.cpp.o)
                0x000000000001eff2                _ZNK6String9substringEjj
 .text._ZNK6String9substringEj
                0x000000000001f060       0x18 /home/jkw/Store/17 - Speedmaster/Firmware/inc/libArduinoCore2560.a(WString.cpp.o)
                0x000000000001f060                _ZNK6String9substringEj
 .text._ZNK6String11lastIndexOfERKS_j
                0x000000000001f078       0xc8 /home/jkw/Store/17 - Speedmaster/Firmware/inc/libArduinoCore2560.a(WString.cpp.o)
                0x000000000001f078                _ZNK6String11lastIndexOfERKS_j
 .text._ZNK6String11lastIndexOfERKS_
                0x000000000001f140       0x1c /home/jkw/Store/17 - Speedmaster/Firmware/inc/libArduinoCore2560.a(WString.cpp.o)
                0x000000000001f140                _ZNK6String11lastIndexOfERKS_
 .text._ZNK6String4trimEv
                0x000000000001f15c       0xdc /home/jkw/Store/17 - Speedmaster/Firmware/inc/libArduinoCore2560.a(WString.cpp.o)
                0x000000000001f15c                _ZNK6String4trimEv
 .text._ZN6String7replaceERKS_S1_
                0x000000000001f238      0x136 /home/jkw/Store/17 - Speedmaster/Firmware/inc/libArduinoCore2560.a(WString.cpp.o)
                0x000000000001f238                _ZN6String7replaceERKS_S1_
 .text._ZN6String7replaceEcc
                0x000000000001f36e       0x86 /home/jkw/Store/17 - Speedmaster/Firmware/inc/libArduinoCore2560.a(WString.cpp.o)
                0x000000000001f36e                _ZN6String7replaceEcc
 .text._ZN6StringC2EPKc
                0x000000000001f3f4       0x50 /home/jkw/Store/17 - Speedmaster/Firmware/inc/libArduinoCore2560.a(WString.cpp.o)
                0x000000000001f3f4                _ZN6StringC2EPKc
 .text._ZN6StringC1Eli
                0x000000000001f444       0x7a /home/jkw/Store/17 - Speedmaster/Firmware/inc/libArduinoCore2560.a(WString.cpp.o)
                0x000000000001f444                _ZN6StringC1Eli
 .text._ZN6StringC2Eli
                0x000000000001f4be       0x7a /home/jkw/Store/17 - Speedmaster/Firmware/inc/libArduinoCore2560.a(WString.cpp.o)
                0x000000000001f4be                _ZN6StringC2Eli
 .text._ZN6StringC1Eii
                0x000000000001f538       0x78 /home/jkw/Store/17 - Speedmaster/Firmware/inc/libArduinoCore2560.a(WString.cpp.o)
                0x000000000001f538                _ZN6StringC1Eii
 .text._ZN6StringC2Eii
                0x000000000001f5b0       0x78 /home/jkw/Store/17 - Speedmaster/Firmware/inc/libArduinoCore2560.a(WString.cpp.o)
                0x000000000001f5b0                _ZN6StringC2Eii
 .text.avr-libc
                0x000000000001f628      0x266 /usr/lib/gcc/avr/4.5.3/../../../avr/lib/avr6/libc.a(malloc.o)
                0x000000000001f628                malloc
                0x000000000001f75c                free
 .text.avr-libc
                0x000000000001f88e        0x6 /usr/lib/gcc/avr/4.5.3/../../../avr/lib/avr6/libc.a(exit.o)
                0x000000000001f88e                exit
 .text.avr-libc
                0x000000000001f894       0x12 /usr/lib/gcc/avr/4.5.3/../../../avr/lib/avr6/libc.a(isalpha.o)
                0x000000000001f894                isupper
                0x000000000001f898                isalpha
                0x000000000001f89a                islower
 .text.avr-libc
                0x000000000001f8a6       0x10 /usr/lib/gcc/avr/4.5.3/../../../avr/lib/avr6/libc.a(isspace.o)
                0x000000000001f8a6                isspace
 .text.avr-libc
                0x000000000001f8b6       0x10 /usr/lib/gcc/avr/4.5.3/../../../avr/lib/avr6/libc.a(tolower.o)
                0x000000000001f8b6                tolower
 .text.avr-libc
                0x000000000001f8c6       0x10 /usr/lib/gcc/avr/4.5.3/../../../avr/lib/avr6/libc.a(toupper.o)
                0x000000000001f8c6                toupper
 .text.avr-libc
                0x000000000001f8d6       0x12 /usr/lib/gcc/avr/4.5.3/../../../avr/lib/avr6/libc.a(strcmp_P.o)
                0x000000000001f8d6                strcmp_P
 .text.avr-libc
                0x000000000001f8e8        0xe /usr/lib/gcc/avr/4.5.3/../../../avr/lib/avr6/libc.a(strcpy_P.o)
                0x000000000001f8e8                strcpy_P
 .text.avr-libc
                0x000000000001f8f6       0x12 /usr/lib/gcc/avr/4.5.3/../../../avr/lib/avr6/libc.a(strlen_P.o)
                0x000000000001f8f6                strlen_P
 .text.avr-libc
                0x000000000001f908       0x1a /usr/lib/gcc/avr/4.5.3/../../../avr/lib/avr6/libc.a(memcmp.o)
                0x000000000001f908                memcmp
 .text.avr-libc
                0x000000000001f922       0x12 /usr/lib/gcc/avr/4.5.3/../../../avr/lib/avr6/libc.a(memcpy.o)
                0x000000000001f922                memcpy
 .text.avr-libc
                0x000000000001f934        0xe /usr/lib/gcc/avr/4.5.3/../../../avr/lib/avr6/libc.a(memset.o)
                0x000000000001f934                memset
 .text.avr-libc
                0x000000000001f942       0x16 /usr/lib/gcc/avr/4.5.3/../../../avr/lib/avr6/libc.a(strcat.o)
                0x000000000001f942                strcat
 .text.avr-libc
                0x000000000001f958       0x16 /usr/lib/gcc/avr/4.5.3/../../../avr/lib/avr6/libc.a(strchr.o)
                0x000000000001f958                strchr
 .text.avr-libc
                0x000000000001f96e       0x12 /usr/lib/gcc/avr/4.5.3/../../../avr/lib/avr6/libc.a(strcmp.o)
                0x000000000001f96e                strcmp
 .text.avr-libc
                0x000000000001f980        0xe /usr/lib/gcc/avr/4.5.3/../../../avr/lib/avr6/libc.a(strcpy.o)
                0x000000000001f980                strcpy
 .text.avr-libc
                0x000000000001f98e       0x1c /usr/lib/gcc/avr/4.5.3/../../../avr/lib/avr6/libc.a(strncmp.o)
                0x000000000001f98e                strncmp
 .text.avr-libc
                0x000000000001f9aa       0x1e /usr/lib/gcc/avr/4.5.3/../../../avr/lib/avr6/libc.a(strncpy.o)
                0x000000000001f9aa                strncpy
 .text.avr-libc
                0x000000000001f9c8       0x16 /usr/lib/gcc/avr/4.5.3/../../../avr/lib/avr6/libc.a(strrchr.o)
                0x000000000001f9c8                strrchr
 .text.avr-libc
                0x000000000001f9de       0x34 /usr/lib/gcc/avr/4.5.3/../../../avr/lib/avr6/libc.a(strstr.o)
                0x000000000001f9de                strstr
 .text.avr-libc
                0x000000000001fa12       0x42 /usr/lib/gcc/avr/4.5.3/../../../avr/lib/avr6/libc.a(itoa.o)
                0x000000000001fa12                itoa
 .text.avr-libc
                0x000000000001fa54       0x68 /usr/lib/gcc/avr/4.5.3/../../../avr/lib/avr6/libc.a(ltoa.o)
                0x000000000001fa54                ltoa
 .text.avr-libc
                0x000000000001fabc       0x4a /usr/lib/gcc/avr/4.5.3/../../../avr/lib/avr6/libc.a(ultoa.o)
                0x000000000001fabc                ultoa
 .text.avr-libc
                0x000000000001fb06       0x60 /usr/lib/gcc/avr/4.5.3/../../../avr/lib/avr6/libc.a(sprintf.o)
                0x000000000001fb06                sprintf
 .text.avr-libc.fplib
                0x000000000001fb66        0xa /usr/lib/gcc/avr/4.5.3/../../../avr/lib/avr6/libc.a(addsf3.o)
                0x000000000001fb66                __subsf3
                0x000000000001fb68                __addsf3
 .text.avr-libc.fplib
                0x000000000001fb70       0xc0 /usr/lib/gcc/avr/4.5.3/../../../avr/lib/avr6/libc.a(addsf3x.o)
                0x000000000001fb8a                __addsf3x
 .text.avr-libc.fplib
                0x000000000001fc30       0x2e /usr/lib/gcc/avr/4.5.3/../../../avr/lib/avr6/libc.a(asin.o)
                0x000000000001fc30                asin
 .text.avr-libc.fplib
                0x000000000001fc5e        0x8 /usr/lib/gcc/avr/4.5.3/../../../avr/lib/avr6/libc.a(cmpsf2.o)
                0x000000000001fc5e                __lesf2
                0x000000000001fc5e                __nesf2
                0x000000000001fc5e                __eqsf2
                0x000000000001fc5e                __cmpsf2
                0x000000000001fc5e                __ltsf2
 .text.avr-libc.fplib
                0x000000000001fc66        0x6 /usr/lib/gcc/avr/4.5.3/../../../avr/lib/avr6/libc.a(cos.o)
                0x000000000001fc66                cos
 .text.avr-libc.fplib
                0x000000000001fc6c        0x4 /usr/lib/gcc/avr/4.5.3/../../../avr/lib/avr6/libc.a(divsf3.o)
                0x000000000001fc6c                __divsf3
 .text.avr-libc.fplib
                0x000000000001fc70       0xcc /usr/lib/gcc/avr/4.5.3/../../../avr/lib/avr6/libc.a(divsf3x.o)
                0x000000000001fc86                __divsf3x
                0x000000000001fc8a                __divsf3_pse
 .text.avr-libc.fplib
                0x000000000001fd3c        0xa /usr/lib/gcc/avr/4.5.3/../../../avr/lib/avr6/libc.a(fixsfsi.o)
                0x000000000001fd3c                __fixsfsi
 .text.avr-libc.fplib
                0x000000000001fd46       0x58 /usr/lib/gcc/avr/4.5.3/../../../avr/lib/avr6/libc.a(fixunssfsi.o)
                0x000000000001fd46                __fixunssfsi
 .text.avr-libc.fplib
                0x000000000001fd9e       0x7a /usr/lib/gcc/avr/4.5.3/../../../avr/lib/avr6/libc.a(floatsisf.o)
                0x000000000001fd9e                __floatunsisf
                0x000000000001fda2                __floatsisf
 .text.avr-libc.fplib
                0x000000000001fe18       0x26 /usr/lib/gcc/avr/4.5.3/../../../avr/lib/avr6/libc.a(floor.o)
                0x000000000001fe18                floor
 .text.avr-libc.fplib
                0x000000000001fe3e       0x36 /usr/lib/gcc/avr/4.5.3/../../../avr/lib/avr6/libc.a(fp_arccos.o)
                0x000000000001fe3e                __fp_arccos
 .text.avr-libc.fplib
                0x000000000001fe74       0x48 /usr/lib/gcc/avr/4.5.3/../../../avr/lib/avr6/libc.a(fp_cmp.o)
                0x000000000001fe74                __fp_cmp
 .text.avr-libc.fplib
                0x000000000001febc        0xc /usr/lib/gcc/avr/4.5.3/../../../avr/lib/avr6/libc.a(fp_inf.o)
                0x000000000001febc                __fp_inf
 .text.avr-libc.fplib
                0x000000000001fec8       0x36 /usr/lib/gcc/avr/4.5.3/../../../avr/lib/avr6/libc.a(fp_mintl.o)
                0x000000000001fec8                __fp_mintl
 .text.avr-libc.fplib
                0x000000000001fefe       0x1c /usr/lib/gcc/avr/4.5.3/../../../avr/lib/avr6/libc.a(fp_mpack.o)
                0x000000000001fefe                __fp_mpack
                0x000000000001ff02                __fp_mpack_finite
 .text.avr-libc.fplib
                0x000000000001ff1a        0x6 /usr/lib/gcc/avr/4.5.3/../../../avr/lib/avr6/libc.a(fp_nan.o)
                0x000000000001ff1a                __fp_nan
 .text.avr-libc.fplib
                0x000000000001ff20       0x4a /usr/lib/gcc/avr/4.5.3/../../../avr/lib/avr6/libc.a(fp_powser.o)
                0x000000000001ff20                __fp_powser
 .text.avr-libc.fplib
                0x000000000001ff6a       0x22 /usr/lib/gcc/avr/4.5.3/../../../avr/lib/avr6/libc.a(fp_powsodd.o)
                0x000000000001ff6a                __fp_powsodd
 .text.avr-libc.fplib
                0x000000000001ff8c        0xe /usr/lib/gcc/avr/4.5.3/../../../avr/lib/avr6/libc.a(fp_pscA.o)
                0x000000000001ff8c                __fp_pscA
 .text.avr-libc.fplib
                0x000000000001ff9a        0xe /usr/lib/gcc/avr/4.5.3/../../../avr/lib/avr6/libc.a(fp_pscB.o)
                0x000000000001ff9a                __fp_pscB
 .text.avr-libc.fplib
                0x000000000001ffa8       0x50 /usr/lib/gcc/avr/4.5.3/../../../avr/lib/avr6/libc.a(fp_rempio2.o)
                0x000000000001ffaa                __fp_rempio2
 .text.avr-libc.fplib
                0x000000000001fff8       0x22 /usr/lib/gcc/avr/4.5.3/../../../avr/lib/avr6/libc.a(fp_round.o)
                0x000000000001fff8                __fp_round
 .text.avr-libc.fplib
                0x000000000002001a       0x22 /usr/lib/gcc/avr/4.5.3/../../../avr/lib/avr6/libc.a(fp_sinus.o)
                0x000000000002001a                __fp_sinus