Archive member included because of file (symbol)

/home/jkw/Store/17 - Speedmaster/Firmware/inc/libArduinoCore2560.a(WInterrupts.c.o)
                              ./dz.o (attachInterrupt)
/home/jkw/Store/17 - Speedmaster/Firmware/inc/libArduinoCore2560.a(wiring.c.o)
                              ./blinker.o (millis)
/home/jkw/Store/17 - Speedmaster/Firmware/inc/libArduinoCore2560.a(wiring_analog.c.o)
                              ./temperature.o (analogRead)
/home/jkw/Store/17 - Speedmaster/Firmware/inc/libArduinoCore2560.a(wiring_digital.c.o)
                              ./aktors.o (pinMode)
/home/jkw/Store/17 - Speedmaster/Firmware/inc/libArduinoCore2560.a(HardwareSerial.cpp.o)
                              ./main.o (_ZN14HardwareSerial5beginEl)
/home/jkw/Store/17 - Speedmaster/Firmware/inc/libArduinoCore2560.a(Print.cpp.o)
                              /home/jkw/Store/17 - Speedmaster/Firmware/inc/libArduinoCore2560.a(HardwareSerial.cpp.o) (_ZN5Print5writeEPKc)
/home/jkw/Store/17 - Speedmaster/Firmware/inc/libArduinoCore2560.a(WString.cpp.o)
                              /home/jkw/Store/17 - Speedmaster/Firmware/inc/libArduinoCore2560.a(Print.cpp.o) (_ZNK6StringixEj)
/usr/lib/gcc/avr/4.5.3/../../../avr/lib/avr6/libc.a(malloc.o)
                              ./config.o (malloc)
/usr/lib/gcc/avr/4.5.3/../../../avr/lib/avr6/libc.a(exit.o)
                              /usr/lib/gcc/avr/4.5.3/../../../avr/lib/avr6/crtm2560.o (exit)
/usr/lib/gcc/avr/4.5.3/../../../avr/lib/avr6/libc.a(isalpha.o)
                              ./inc/istream.o (isupper)
/usr/lib/gcc/avr/4.5.3/../../../avr/lib/avr6/libc.a(isspace.o)
                              ./inc/istream.o (isspace)
/usr/lib/gcc/avr/4.5.3/../../../avr/lib/avr6/libc.a(tolower.o)
                              /home/jkw/Store/17 - Speedmaster/Firmware/inc/libArduinoCore2560.a(WString.cpp.o) (tolower)
/usr/lib/gcc/avr/4.5.3/../../../avr/lib/avr6/libc.a(toupper.o)
                              /home/jkw/Store/17 - Speedmaster/Firmware/inc/libArduinoCore2560.a(WString.cpp.o) (toupper)
/usr/lib/gcc/avr/4.5.3/../../../avr/lib/avr6/libc.a(strcmp_P.o)
                              ./config.o (strcmp_P)
/usr/lib/gcc/avr/4.5.3/../../../avr/lib/avr6/libc.a(strcpy_P.o)
                              ./config.o (strcpy_P)
/usr/lib/gcc/avr/4.5.3/../../../avr/lib/avr6/libc.a(strlen_P.o)
                              ./inc/ostream.o (strlen_P)
/usr/lib/gcc/avr/4.5.3/../../../avr/lib/avr6/libc.a(memcmp.o)
                              ./inc/SdFile.o (memcmp)
/usr/lib/gcc/avr/4.5.3/../../../avr/lib/avr6/libc.a(memcpy.o)
                              ./inc/SdFile.o (memcpy)
/usr/lib/gcc/avr/4.5.3/../../../avr/lib/avr6/libc.a(memset.o)
                              ./gps.o (memset)
/usr/lib/gcc/avr/4.5.3/../../../avr/lib/avr6/libc.a(strcat.o)
                              /home/jkw/Store/17 - Speedmaster/Firmware/inc/libArduinoCore2560.a(WString.cpp.o) (strcat)
/usr/lib/gcc/avr/4.5.3/../../../avr/lib/avr6/libc.a(strchr.o)
                              ./inc/SdFile.o (strchr)
/usr/lib/gcc/avr/4.5.3/../../../avr/lib/avr6/libc.a(strcmp.o)
                              ./config.o (strcmp)
/usr/lib/gcc/avr/4.5.3/../../../avr/lib/avr6/libc.a(strcpy.o)
                              ./config.o (strcpy)
/usr/lib/gcc/avr/4.5.3/../../../avr/lib/avr6/libc.a(strncmp.o)
                              ./config.o (strncmp)
/usr/lib/gcc/avr/4.5.3/../../../avr/lib/avr6/libc.a(strncpy.o)
                              /home/jkw/Store/17 - Speedmaster/Firmware/inc/libArduinoCore2560.a(WString.cpp.o) (strncpy)
/usr/lib/gcc/avr/4.5.3/../../../avr/lib/avr6/libc.a(strrchr.o)
                              /home/jkw/Store/17 - Speedmaster/Firmware/inc/libArduinoCore2560.a(WString.cpp.o) (strrchr)
/usr/lib/gcc/avr/4.5.3/../../../avr/lib/avr6/libc.a(strstr.o)
                              /home/jkw/Store/17 - Speedmaster/Firmware/inc/libArduinoCore2560.a(WString.cpp.o) (strstr)
/usr/lib/gcc/avr/4.5.3/../../../avr/lib/avr6/libc.a(itoa.o)
                              /home/jkw/Store/17 - Speedmaster/Firmware/inc/libArduinoCore2560.a(WString.cpp.o) (itoa)
/usr/lib/gcc/avr/4.5.3/../../../avr/lib/avr6/libc.a(ltoa.o)
                              /home/jkw/Store/17 - Speedmaster/Firmware/inc/libArduinoCore2560.a(WString.cpp.o) (ltoa)
/usr/lib/gcc/avr/4.5.3/../../../avr/lib/avr6/libc.a(ultoa.o)
                              /home/jkw/Store/17 - Speedmaster/Firmware/inc/libArduinoCore2560.a(WString.cpp.o) (ultoa)
/usr/lib/gcc/avr/4.5.3/../../../avr/lib/avr6/libc.a(sprintf.o)
                              ./clock_me.o (sprintf)
/usr/lib/gcc/avr/4.5.3/../../../avr/lib/avr6/libc.a(addsf3.o)
                              ./aktors.o (__subsf3)
/usr/lib/gcc/avr/4.5.3/../../../avr/lib/avr6/libc.a(addsf3x.o)
                              /usr/lib/gcc/avr/4.5.3/../../../avr/lib/avr6/libc.a(addsf3.o) (__addsf3x)
/usr/lib/gcc/avr/4.5.3/../../../avr/lib/avr6/libc.a(asin.o)
                              ./gps.o (asin)
[...]
Memory Configuration

Name             Origin             Length             Attributes
text             0x0000000000000000 0x0000000000100000 xr
data             0x0000000000800200 0x000000000000fe00 rw !x
eeprom           0x0000000000810000 0x0000000000010000 rw !x
fuse             0x0000000000820000 0x0000000000000400 rw !x
lock             0x0000000000830000 0x0000000000000400 rw !x
signature        0x0000000000840000 0x0000000000000400 rw !x
*default*        0x0000000000000000 0xffffffffffffffff

Linker script and memory map

Address of section .data set to 0x800200
LOAD /usr/lib/gcc/avr/4.5.3/../../../avr/lib/avr6/crtm2560.o
LOAD ./aktors.o
LOAD ./blinker.o
LOAD ./clock_me.o
LOAD ./config.o
LOAD ./debug.o
LOAD ./display.o
LOAD ./dz.o
LOAD ./file_manager_v2.o
LOAD ./fuel.o
LOAD ./gear.o
LOAD ./gps.o
LOAD ./helper.o
LOAD ./main.o
LOAD ./menu.o
LOAD ./oiler.o
LOAD ./reset.o
LOAD ./sd.o
LOAD ./sensors.o
LOAD ./speed.o
LOAD ./speedo.o
LOAD ./sprint.o
LOAD ./stepper.o
LOAD ./temperature.o
LOAD ./tetris.o
LOAD ./timer.o
LOAD ./voltage.o
LOAD ./inc/EEPROM.o
LOAD ./inc/Sd2Card.o
LOAD ./inc/SdFat.o
LOAD ./inc/SdFatUtil.o
LOAD ./inc/SdFile.o
LOAD ./inc/SdStream.o
LOAD ./inc/SdVolume.o
LOAD ./inc/Wire.o
LOAD ./inc/istream.o
LOAD ./inc/ostream.o
LOAD ./inc/pins_arduino.o
LOAD ./inc/ssd0323.o
LOAD ./inc/twi.o
LOAD /home/jkw/Store/17 - Speedmaster/Firmware/inc/libArduinoCore2560.a
LOAD /usr/lib/gcc/avr/4.5.3/../../../avr/lib/avr6/libc.a
LOAD /usr/lib/gcc/avr/4.5.3/avr6/libgcc.a
LOAD /usr/lib/gcc/avr/4.5.3/../../../avr/lib/avr6/libm.a
LOAD /usr/lib/gcc/avr/4.5.3/../../../avr/lib/avr6/libc.a
LOAD /usr/lib/gcc/avr/4.5.3/avr6/libgcc.a
LOAD /usr/lib/gcc/avr/4.5.3/../../../avr/lib/avr6/libc.a
LOAD /usr/lib/gcc/avr/4.5.3/avr6/libgcc.a

.hash
 *(.hash)

.dynsym
 *(.dynsym)

.dynstr
 *(.dynstr)

.gnu.version
 *(.gnu.version)

.gnu.version_d
 *(.gnu.version_d)

.gnu.version_r
 *(.gnu.version_r)

.rel.init
 *(.rel.init)

.rela.init
 *(.rela.init)

.rel.text
 *(.rel.text)
 *(.rel.text.*)
 *(.rel.gnu.linkonce.t*)

.rela.text
 *(.rela.text)
 *(.rela.text.*)
 *(.rela.gnu.linkonce.t*)

.rel.fini
 *(.rel.fini)

.rela.fini
 *(.rela.fini)

.rel.rodata
 *(.rel.rodata)
 *(.rel.rodata.*)
 *(.rel.gnu.linkonce.r*)

.rela.rodata
 *(.rela.rodata)
 *(.rela.rodata.*)
 *(.rela.gnu.linkonce.r*)

.rel.data
 *(.rel.data)
 *(.rel.data.*)
 *(.rel.gnu.linkonce.d*)

.rela.data
 *(.rela.data)
 *(.rela.data.*)
 *(.rela.gnu.linkonce.d*)

.rel.ctors
 *(.rel.ctors)

.rela.ctors
 *(.rela.ctors)

.rel.dtors
 *(.rel.dtors)

.rela.dtors
 *(.rela.dtors)

.rel.got
 *(.rel.got)

.rela.got
 *(.rela.got)

.rel.bss
 *(.rel.bss)

.rela.bss
 *(.rela.bss)

.rel.plt
 *(.rel.plt)

.rela.plt
 *(.rela.plt)

.text           0x0000000000000000    0x25030
 *(.vectors)
 .vectors       0x0000000000000000       0xe4 /usr/lib/gcc/avr/4.5.3/../../../avr/lib/avr6/crtm2560.o
                0x0000000000000000                __vectors
                0x0000000000000000                __vector_default
 *(.vectors)
 *(.progmem.gcc*)
 .progmem.gcc_fplib
                0x00000000000000e4       0x14 /usr/lib/gcc/avr/4.5.3/../../../avr/lib/avr6/libc.a(asin.o)
 .progmem.gcc_fplib
                0x00000000000000f8       0x28 /usr/lib/gcc/avr/4.5.3/../../../avr/lib/avr6/libc.a(fp_arccos.o)
 .progmem.gcc_fplib
                0x0000000000000120       0x1e /usr/lib/gcc/avr/4.5.3/../../../avr/lib/avr6/libc.a(fp_sinus.o)
 .progmem.gcc_fplib
                0x000000000000013e       0x28 /usr/lib/gcc/avr/4.5.3/../../../avr/lib/avr6/libc.a(exp.o)
 .progmem.gcc_fplib
                0x0000000000000166       0x5a /usr/lib/gcc/avr/4.5.3/../../../avr/lib/avr6/libc.a(log.o)
 *(.progmem*)
 .progmem.data  0x00000000000001c0       0x12 ./blinker.o
 .progmem.data  0x00000000000001d2       0x10 ./clock_me.o
 .progmem.data  0x00000000000001e2      0xa2a ./config.o
 .progmem.data  0x0000000000000c0c       0xaa ./display.o
 .progmem.data  0x0000000000000cb6       0x51 ./gear.o
 .progmem.data  0x0000000000000d07       0x45 ./gps.o
 .progmem.data  0x0000000000000d4c       0x3c ./main.o
 .progmem.data  0x0000000000000d88      0x895 ./menu.o
                0x0000000000000d88                main_m_0
                0x0000000000000d95                main_m_1
                0x0000000000000da4                main_m_2
                0x0000000000000db2                main_m_3
                0x0000000000000db7                main_m_4
                0x0000000000000dc8                main_m_5
                0x0000000000000dd5                main_m_6
                0x0000000000000dde                main_m_7
                0x0000000000000ded                main_m_8
                0x0000000000000dfd                menu_main
                0x0000000000000e0f                setup_m_0
                0x0000000000000e1e                setup_m_1
                0x0000000000000e2e                setup_m_2
                0x0000000000000e3f                setup_m_3
                0x0000000000000e4f                setup_m_4
                0x0000000000000e62                setup_m_5
                0x0000000000000e74                setup_m_6
                0x0000000000000e82                setup_m_7
                0x0000000000000e8e                setup_m_8
                0x0000000000000e97                menu_setup
                0x0000000000000ea9                custom_m_0
                0x0000000000000eb6                custom_m_1
                0x0000000000000ec4                custom_m_2
                0x0000000000000ed2                custom_m_3
                0x0000000000000ee0                custom_m_4
                0x0000000000000eed                custom_m_5
                0x0000000000000efc                custom_m_6
                0x0000000000000f01                custom_m_7
                0x0000000000000f13                custom_m_8
                0x0000000000000f22                menu_custom
                0x0000000000000f34                fade_m_0
                0x0000000000000f44                fade_m_1
                0x0000000000000f53                fade_m_2
                0x0000000000000f60                fade_m_3
                0x0000000000000f72                fade_m_4
                0x0000000000000f77                fade_m_5
                0x0000000000000f7c                fade_m_6
                0x0000000000000f81                fade_m_7
                0x0000000000000f86                fade_m_8
                0x0000000000000f8b                menu_fade
                0x0000000000000f9d                einfo_m_0
                0x0000000000000fae                einfo_m_1
                0x0000000000000fbf                einfo_m_2
                0x0000000000000fca                einfo_m_3
                0x0000000000000fcf                einfo_m_4
                0x0000000000000fd4                einfo_m_5
                0x0000000000000fd9                einfo_m_6
                0x0000000000000fde                einfo_m_7
                0x0000000000000fe3                einfo_m_8
                0x0000000000000fed                menu_einfo
                0x0000000000000fff                navi_m_0
                0x000000000000100d                navi_m_1
                0x000000000000101c                navi_m_2
                0x0000000000001028                navi_m_3
                0x0000000000001038                navi_m_4
                0x000000000000103d                navi_m_5
                0x0000000000001042                navi_m_6
                0x0000000000001047                navi_m_7
                0x000000000000104c                navi_m_8
                0x0000000000001051                menu_navi
                0x0000000000001063                titel_0
                0x0000000000001071                titel_1
                0x0000000000001072                titel_2
                0x0000000000001073                titel_3
                0x0000000000001082                titel_4
                0x0000000000001083                titel_5
                0x0000000000001093                titel_6
                0x00000000000010a1                titel_7
                0x00000000000010ab                titel_8
                0x00000000000010ac                titel_9
                0x00000000000010b9                menu_titel
                0x00000000000010cd                trip_setup_m_0
                0x00000000000010d3                trip_setup_m_1
                0x00000000000010e0                trip_setup_m_2
                0x00000000000010e4                trip_setup_m_3
                0x00000000000010e9                trip_setup_m_4
                0x00000000000010ef                trip_setup_m_5
                0x00000000000010f4                trip_setup_m_6
                0x00000000000010fa                trip_setup_m_7
                0x0000000000001101                trip_setup_m_8
                0x0000000000001107                menu_trip_setup
 .progmem.data  0x000000000000161d       0x10 ./oiler.o
 .progmem.data  0x000000000000162d       0x19 ./reset.o
 .progmem.data  0x0000000000001646       0x39 ./sd.o
 .progmem.data  0x000000000000167f       0x12 ./sensors.o
 .progmem.data  0x0000000000001691       0x12 ./speed.o
 .progmem.data  0x00000000000016a3       0xaa ./speedo.o
 .progmem.data  0x000000000000174d        0xe ./sprint.o
 .progmem.data  0x000000000000175b       0x45 ./tetris.o
 .progmem.data  0x00000000000017a0        0x9 ./voltage.o
 .progmem.data  0x00000000000017a9       0xc0 ./inc/SdFat.o
 .progmem.data  0x0000000000001869       0x13 ./inc/SdFile.o
 .progmem.data  0x000000000000187c        0xb ./inc/istream.o
 .progmem.data  0x0000000000001887       0x13 ./inc/ostream.o
 .progmem.data  0x000000000000189a      0x120 ./inc/pins_arduino.o
                0x000000000000189a                port_to_mode_PGM
                0x00000000000018b4                port_to_output_PGM
                0x00000000000018ce                port_to_input_PGM
                0x00000000000018e8                digital_pin_to_port_PGM
                0x000000000000192e                digital_pin_to_bit_mask_PGM
                0x0000000000001974                digital_pin_to_timer_PGM
 .progmem.data  0x00000000000019ba      0xcc0 ./inc/ssd0323.o
                0x000000000000267a                . = ALIGN (0x2)
                0x000000000000267a                __trampolines_start = .
 *(.trampolines)
 .trampolines   0x000000000000267a       0x20 linker stubs
 *(.trampolines*)
                0x000000000000269a                __trampolines_end = .
 *(.jumptables)
 *(.jumptables*)
 *(.lowtext)
 *(.lowtext*)
                0x000000000000269a                __ctors_start = .
 *(.ctors)
 .ctors         0x000000000000269a        0x2 ./main.o
 .ctors         0x000000000000269c        0x2 ./inc/Wire.o
 .ctors         0x000000000000269e        0x2 /home/jkw/Store/17 - Speedmaster/Firmware/inc/libArduinoCore2560.a(HardwareSerial.cpp.o)
                0x00000000000026a0                __ctors_end = .
                0x00000000000026a0                __dtors_start = .
 *(.dtors)
                0x00000000000026a0                __dtors_end = .
 SORT(*)(.ctors)
 SORT(*)(.dtors)
 *(.init0)
 .init0         0x00000000000026a0        0x0 /usr/lib/gcc/avr/4.5.3/../../../avr/lib/avr6/crtm2560.o
                0x00000000000026a0                __init
 *(.init0)
 *(.init1)
 *(.init1)
 *(.init2)
 .init2         0x00000000000026a0       0x10 /usr/lib/gcc/avr/4.5.3/../../../avr/lib/avr6/crtm2560.o
 *(.init2)
 *(.init3)
 *(.init3)
 *(.init4)
 .init4         0x00000000000026b0       0x1a /usr/lib/gcc/avr/4.5.3/avr6/libgcc.a(_copy_data.o)
                0x00000000000026b0                __do_copy_data
 .init4         0x00000000000026ca       0x10 /usr/lib/gcc/avr/4.5.3/avr6/libgcc.a(_clear_bss.o)
                0x00000000000026ca                __do_clear_bss
 *(.init4)
 *(.init5)
 *(.init5)
 *(.init6)
 .init6         0x00000000000026da       0x20 /usr/lib/gcc/avr/4.5.3/avr6/libgcc.a(_ctors.o)
                0x00000000000026da                __do_global_ctors
 *(.init6)
 *(.init7)
 *(.init7)
 *(.init8)
 *(.init8)
 *(.init9)
 .init9         0x00000000000026fa        0x8 /usr/lib/gcc/avr/4.5.3/../../../avr/lib/avr6/crtm2560.o
 *(.init9)
 *(.text)
 .text          0x0000000000002702        0x4 /usr/lib/gcc/avr/4.5.3/../../../avr/lib/avr6/crtm2560.o
                0x0000000000002702                __vector_38
                0x0000000000002702                __vector_22
                0x0000000000002702                __vector_28
                0x0000000000002702                __vector_32
                0x0000000000002702                __vector_34
                0x0000000000002702                __vector_24
                0x0000000000002702                __vector_12
                0x0000000000002702                __vector_55
                0x0000000000002702                __vector_46
                0x0000000000002702                __bad_interrupt
                0x0000000000002702                __vector_31
                0x0000000000002702                __vector_30
                0x0000000000002702                __vector_45
                0x0000000000002702                __vector_11
                0x0000000000002702                __vector_13
                0x0000000000002702                __vector_17
                0x0000000000002702                __vector_19
                0x0000000000002702                __vector_56
                0x0000000000002702                __vector_49
                0x0000000000002702                __vector_41
                0x0000000000002702                __vector_43
                0x0000000000002702                __vector_27
                0x0000000000002702                __vector_33
                0x0000000000002702                __vector_47
                0x0000000000002702                __vector_52
                0x0000000000002702                __vector_37
                0x0000000000002702                __vector_44
                0x0000000000002702                __vector_9
                0x0000000000002702                __vector_21
                0x0000000000002702                __vector_15
                0x0000000000002702                __vector_29
                0x0000000000002702                __vector_40
                0x0000000000002702                __vector_26
                0x0000000000002702                __vector_48
                0x0000000000002702                __vector_14
                0x0000000000002702                __vector_53
                0x0000000000002702                __vector_10
                0x0000000000002702                __vector_50
                0x0000000000002702                __vector_16
                0x0000000000002702                __vector_18
                0x0000000000002702                __vector_20
                0x0000000000002702                __vector_42
 .text          0x0000000000002706     0x11d4 ./aktors.o
                0x0000000000002706                _ZN13Speedo_aktorsC2Ev
                0x0000000000002706                _ZN13Speedo_aktorsC1Ev
                0x000000000000272c                _ZN13Speedo_aktorsD2Ev
                0x000000000000272c                _ZN13Speedo_aktorsD1Ev
                0x000000000000272e                _ZN13Speedo_aktors10set_rgb_inEiiii
                0x00000000000027ee                _ZN13Speedo_aktors10set_rgb_inEiii
                0x00000000000027fe                _ZN13Speedo_aktors11set_rgb_outEiiii
                0x00000000000028ac                _ZN13Speedo_aktors11set_rgb_outEiii
                0x00000000000028bc                _ZN13Speedo_aktors11dimm_rgb_toEiiiii
                0x0000000000002962                _ZN13Speedo_aktors4initEv
                0x0000000000002a26                _ZN13Speedo_aktors14timer_overflowEv
                0x0000000000002e6a                _ZN13Speedo_aktors14dimm_availableEv
                0x0000000000002e80                __vector_35
                0x0000000000002ed6                _ZN13Speedo_aktors17update_outer_ledsEv
 .text          0x00000000000038da      0x150 ./blinker.o
                0x00000000000038da                _ZN13moped_blinkerC1Ev
                0x00000000000038da                _ZN13moped_blinkerC2Ev
                0x00000000000038dc                _ZN13moped_blinkerD2Ev
                0x00000000000038dc                _ZN13moped_blinkerD1Ev
                0x00000000000038de                _ZN13moped_blinker5checkEv
                0x0000000000003988                _ZN13moped_blinker9set_startEmi
                0x00000000000039b6                _ZN13moped_blinker4warnEm
                0x00000000000039fa                _ZN13moped_blinker4initEv
 .text          0x0000000000003a2a      0x324 ./clock_me.o
                0x0000000000003a2a                _ZN12speedo_clockC2Ev
                0x0000000000003a2a                _ZN12speedo_clockC1Ev
                0x0000000000003a2c                _ZN12speedo_clockD1Ev
                0x0000000000003a2c                _ZN12speedo_clockD2Ev
                0x0000000000003a2e                _ZN12speedo_clock7changedEPi
                0x0000000000003a54                _ZN12speedo_clock8decToBcdEc
                0x0000000000003a64                _ZN12speedo_clock8bcdToDecEc
                0x0000000000003a7c                _ZN12speedo_clock13set_date_timeEiiiiiiii
                0x0000000000003b8a                _ZN12speedo_clock4initEv
                0x0000000000003bb8                _ZN12speedo_clock7getdateEv
                0x0000000000003bdc                _ZN12speedo_clock13get_long_dateEv
                0x0000000000003c68                _ZN12speedo_clock9get_daylsEv
                0x0000000000003c70                _ZN12speedo_clock6get_ssEv
                0x0000000000003c7a                _ZN12speedo_clock3incEv
                0x0000000000003cc6                _ZN12speedo_clock4copyEPc
 .text          0x0000000000003d4e     0x40ba ./config.o
                0x0000000000003d4e                _ZN6SdFileD1Ev
                0x0000000000003d64                _ZN13configurationC2Ev
                0x0000000000003d64                _ZN13configurationC1Ev
                0x0000000000003d66                _ZN13configuration8ram_infoEv
                0x0000000000003da2                _ZN13configurationD1Ev
                0x0000000000003da2                _ZN13configurationD2Ev
                0x0000000000003da4                _ZN13configuration5writeEPKc
                0x0000000000005aa2                _ZN13configuration5checkEv
                0x0000000000005bd2                _ZN13configuration4initEv
                0x000000000000604e                _ZN13configuration11parse_floatEPciPf
                0x00000000000062d0                _ZN13configuration10parse_boolEPciPb
                0x000000000000630c                _ZN13configuration9parse_intEPciPi
                0x0000000000006362                _ZN13configuration11parse_shortEPciPs
                0x00000000000063ac                _ZN13configuration7parse_aEPciS0_i
                0x000000000000641a                _ZN13configuration8parse_ulEPciPm
                0x00000000000064c4                _ZN13configuration5parseEPc
                0x00000000000076be                _ZN13configuration4readEPKc
                0x0000000000007942                _ZN13configuration9read_skinEv
                0x00000000000079d6                _ZN13configuration7km_saveEv
                0x0000000000007bae                _ZN13configuration11EEPROM_initEv
 .text          0x0000000000007e08       0x6e ./debug.o
                0x0000000000007e08                _ZN9debuggingC1Ev
                0x0000000000007e08                _ZN9debuggingC2Ev
                0x0000000000007e0a                _ZN9debuggingD1Ev
                0x0000000000007e0a                _ZN9debuggingD2Ev
                0x0000000000007e0c                _ZN9debugging7sprintpEPKc
                0x0000000000007e36                _ZN9debugging9sprintlnpEPKc
                0x0000000000007e68                _ZN9debugging11parse_floatEiPciii
                0x0000000000007e6a                _ZN9debugging9parse_intEv
                0x0000000000007e6c                _ZN9debugging5parseEiPc
                0x0000000000007e6e                _ZN9debugging7parse_aEiPc
                0x0000000000007e70                _ZN9debugging8parse_ulEim
                0x0000000000007e72                _ZN9debugging11speedo_loopEiimPKc
                0x0000000000007e74                _ZN9debugging4loopEv
 .text          0x0000000000007e76     0x186c ./display.o
                0x0000000000007e8c                _ZN11speedo_dispC1Ev
                0x0000000000007e8c                _ZN11speedo_dispC2Ev
                0x0000000000007e90                _ZN11speedo_dispD2Ev
                0x0000000000007e90                _ZN11speedo_dispD1Ev
                0x0000000000007e92                _ZN11speedo_disp8draw_oilEhh
                0x000000000000815c                _ZN11speedo_disp8draw_airEhh
                0x0000000000008266                _ZN11speedo_disp9draw_fuelEhh
                0x0000000000008390                _ZN11speedo_disp10draw_clockEhh
                0x00000000000084ba                _ZN11speedo_disp12draw_blitzerEhh
                0x0000000000008734                _ZN11speedo_disp10draw_arrowEiii
                0x0000000000008d10                _ZN11speedo_disp6sd2ssdEPci
                0x0000000000008ec4                _ZN11speedo_disp11show_storryEPcjS0_j
                0x0000000000009160                _ZN11speedo_disp14show_animationEPKc
                0x000000000000947c                _ZN11speedo_disp12disp_waitingEihh
                0x0000000000009530                _ZN11speedo_disp9animationEi
                0x000000000000959c                _ZN11speedo_disp11init_speedoEv
 .text          0x00000000000096e2      0x1c2 ./dz.o
                0x00000000000096e2                _Z6helperv
                0x00000000000096fc                _ZN9speedo_dzC2Ev
                0x00000000000096fc                _ZN9speedo_dzC1Ev
                0x00000000000096fe                _ZN9speedo_dz7counterEv
                0x000000000000970e                _ZN9speedo_dz4calcEv
                0x000000000000985c                _ZN9speedo_dz4initEv
 .text          0x00000000000098a4      0x8e0 ./file_manager_v2.o
                0x00000000000098ba                _ZN21speedo_filemanager_v2C1Ev
                0x00000000000098ba                _ZN21speedo_filemanager_v2C2Ev
                0x00000000000098d2                _ZN21speedo_filemanager_v2D1Ev
                0x00000000000098d2                _ZN21speedo_filemanager_v2D2Ev
                0x00000000000098ea                _ZN21speedo_filemanager_v213parse_commandEv
 .text          0x000000000000a184      0x24c ./fuel.o
                0x000000000000a184                _ZN11speedo_fuelC1Ev
                0x000000000000a184                _ZN11speedo_fuelC2Ev
                0x000000000000a186                _ZN11speedo_fuelD2Ev
                0x000000000000a186                _ZN11speedo_fuelD1Ev
                0x000000000000a188                _ZN11speedo_fuel8get_fuelEPc
                0x000000000000a3b4                _ZN11speedo_fuel4initEv
 .text          0x000000000000a3d0      0x6fa ./gear.o
                0x000000000000a3d0                _ZN11speedo_gearC2Ev
                0x000000000000a3d0                _ZN11speedo_gearC1Ev
                0x000000000000a3d2                _ZN11speedo_gearD1Ev
                0x000000000000a3d2                _ZN11speedo_gearD2Ev
                0x000000000000a3d4                _ZN11speedo_gear4initEv
                0x000000000000a3fc                _ZN11speedo_gear4calcEv
                0x000000000000a660                _ZN11speedo_gear3getEv
                0x000000000000a678                _ZN11speedo_gear9calibrateEv
 .text          0x000000000000aaca     0x1fa6 ./gps.o
                0x000000000000aae0                _ZN10speedo_gpsC1Ev
                0x000000000000aae0                _ZN10speedo_gpsC2Ev
                0x000000000000aae2                _ZN10speedo_gpsD1Ev
                0x000000000000aae2                _ZN10speedo_gpsD2Ev
                0x000000000000aae4                _ZN10speedo_gps9recv_dataEv
                0x000000000000ac38                __vector_36
                0x000000000000ac92                _ZN10speedo_gps8get_infoEi
                0x000000000000adf2                _ZN10speedo_gps11store_to_sdEv
                0x000000000000aec0                _ZN10speedo_gps3modEmm
                0x000000000000af46                _ZN10speedo_gps11nmea_to_decEm
                0x000000000000b002                _ZN10speedo_gps9calc_distEmm
                0x000000000000b28a                _ZN10speedo_gps9get_orderEPc
                0x000000000000b50a                _ZN10speedo_gps18generate_new_orderEv
                0x000000000000b8c2                _ZN10speedo_gps9calc_naviEv
                0x000000000000bd4a                _ZN10speedo_gps5parseEPci
                0x000000000000c48e                _ZN10speedo_gps10check_flagEv
                0x000000000000c4e2                _ZN10speedo_gps4loopEv
                0x000000000000c7c4                _ZN10speedo_gps17get_logged_pointsEPci
                0x000000000000c940                _ZN10speedo_gps8SendByteEh
                0x000000000000c94e                _ZN10speedo_gps10SendStringEPKc
                0x000000000000c97e                _ZN10speedo_gps4initEv
 .text          0x000000000000ca70       0x38 ./helper.o
                0x000000000000ca70                __cxa_pure_virtual
                0x000000000000ca74                _Znwj
                0x000000000000ca78                _ZdlPv
                0x000000000000ca7c                _Znaj
                0x000000000000ca80                _ZdaPv
                0x000000000000ca8a                _Z19__cxa_guard_acquirePx
                0x000000000000ca9e                _Z19__cxa_guard_releasePx
                0x000000000000caa6                _Z17__cxa_guard_abortPx
 .text          0x000000000000caa8      0x3c2 ./main.o
                0x000000000000caa8                main
 .text          0x000000000000ce6a     0x7f72 ./menu.o
                0x000000000000ce80                _ZN11speedo_menuC2Ev
                0x000000000000ce80                _ZN11speedo_menuC1Ev
                0x000000000000ce82                _ZN11speedo_menuD2Ev
                0x000000000000ce82                _ZN11speedo_menuD1Ev
                0x000000000000ce84                _ZN11speedo_menu4backEv
                0x000000000000cf84                _ZN11speedo_menu5yesnoEPKcS1_S1_
                0x000000000000d0ca                _ZN11speedo_menu4drawEPPKci
                0x000000000000d3a2                _ZN11speedo_menu7go_leftEv
                0x000000000000d45e                _ZN11speedo_menu8go_rightEv
                0x000000000000d4c0                _ZN11speedo_menu5go_upEv
                0x000000000000d5be                _ZN11speedo_menu7go_downEv
                0x000000000000d6a6                _ZN11speedo_menu11button_testEb
                0x000000000000d8ac                _ZN11speedo_menu4initEv
                0x000000000000d934                _ZN11speedo_menu11set_buttonsEbbbb
                0x000000000000d944                _ZN11speedo_menu9center_meEPci
                0x000000000000da8a                _ZN11speedo_menu7displayEv
                0x0000000000014d40                _ZN11speedo_menu8del_confEPcS0_
 .text          0x0000000000014ddc       0xce ./oiler.o
                0x0000000000014ddc                _ZN12speedo_oilerC2Ev
                0x0000000000014ddc                _ZN12speedo_oilerC1Ev
                0x0000000000014dde                _ZN12speedo_oilerD2Ev
                0x0000000000014dde                _ZN12speedo_oilerD1Ev
                0x0000000000014de0                _ZN12speedo_oiler4initEv
                0x0000000000014e00                _ZN12speedo_oiler12send_impulseEv
                0x0000000000014e4e                _ZN12speedo_oiler11check_valueEv
 .text          0x0000000000014eaa      0x298 ./reset.o
                0x0000000000014eaa                _ZN12speedo_resetC1Ev
                0x0000000000014eaa                _ZN12speedo_resetC2Ev
                0x0000000000014eac                _ZN12speedo_resetD2Ev
                0x0000000000014eac                _ZN12speedo_resetD1Ev
                0x0000000000014eae                _ZN12speedo_reset10set_activeEbb
                0x0000000000014ef8                _ZN12speedo_reset12set_deactiveEbb
                0x0000000000014f40                _ZN12speedo_reset7restoreEv
                0x0000000000014f54                _ZN12speedo_reset6toggleEv
                0x0000000000014fb2                _ZN12speedo_reset9ask_resetEv
                0x00000000000150b8                _ZN12speedo_reset4initEv
 .text          0x0000000000015142      0x17c ./sd.o
                0x0000000000015142                _ZN8SdVolume4initEP7Sd2Card
                0x0000000000015170                _ZN9speedo_sdC1Ev
                0x0000000000015170                _ZN9speedo_sdC2Ev
                0x000000000001518c                _ZN9speedo_sdD1Ev
                0x000000000001518c                _ZN9speedo_sdD2Ev
                0x000000000001518e                _ZN9speedo_sd7error_PEPKc
                0x00000000000151e4                _ZN9speedo_sd9writeCRLFER6SdFile
                0x00000000000151f2                _ZN9speedo_sd11writeStringER6SdFilePc
                0x0000000000015210                _ZN9speedo_sd10power_downEv
                0x0000000000015212                _ZN9speedo_sd8power_upEv
                0x00000000000152a0                _ZN9speedo_sd4initEv
 .text          0x00000000000152be      0x24c ./sensors.o
                0x00000000000152be                _ZN14Speedo_sensorsC1Ev
                0x00000000000152be                _ZN14Speedo_sensorsC2Ev
                0x0000000000015392                _ZN14Speedo_sensorsD2Ev
                0x0000000000015392                _ZN14Speedo_sensorsD1Ev
                0x0000000000015394                _ZN14Speedo_sensors4initEv
                0x0000000000015402                _ZN14Speedo_sensors6flatItEiPsif
 .text          0x000000000001550a      0x7f0 ./speed.o
                0x000000000001550a                _ZN12speedo_speedC2Ev
                0x000000000001550a                _ZN12speedo_speedC1Ev
                0x000000000001550c                _ZN12speedo_speedD2Ev
                0x000000000001550c                _ZN12speedo_speedD1Ev
                0x000000000001550e                _ZN12speedo_speed4calcEv
                0x00000000000156c4                _Z12helper_speedv
                0x00000000000156d2                _ZN12speedo_speed4initEv
                0x0000000000015718                _ZN12speedo_speed8getSpeedEv
                0x0000000000015792                _ZN12speedo_speed13get_sat_speedEv
                0x00000000000157ce                _ZN12speedo_speed13get_mag_speedEv
                0x00000000000157d6                _ZN12speedo_speed12check_umfangEv
 .text          0x0000000000015cfa     0x1b48 ./speedo.o
                0x0000000000015cfa                _ZN13speedo_speedo9reset_bakEv
                0x0000000000015d10                _ZN13speedo_speedo4loopEm
 .text          0x0000000000017842      0x4f6 ./sprint.o
                0x0000000000017842                _ZN13speedo_sprintC2Ev
                0x0000000000017842                _ZN13speedo_sprintC1Ev
                0x0000000000017860                _ZN13speedo_sprintD2Ev
                0x0000000000017860                _ZN13speedo_sprintD1Ev
                0x0000000000017862                _ZN13speedo_sprint4initEv
                0x0000000000017880                _ZN13speedo_sprint4loopEv
 .text          0x0000000000017d38      0x116 ./stepper.o
                0x0000000000017d38                _ZN14speedo_stepperC2Ev
                0x0000000000017d38                _ZN14speedo_stepperC1Ev
                0x0000000000017d3a                _ZN14speedo_stepperD2Ev
                0x0000000000017d3a                _ZN14speedo_stepperD1Ev
                0x0000000000017d3c                _ZN14speedo_stepper5go_toEii
                0x0000000000017e0c                _ZN14speedo_stepper4initEv
 .text          0x0000000000017e4e      0x5c6 ./temperature.o
                0x0000000000017e4e                _ZN18speedo_temperatureC1Ev
                0x0000000000017e4e                _ZN18speedo_temperatureC2Ev
                0x0000000000017e50                _ZN18speedo_temperatureD1Ev
                0x0000000000017e50                _ZN18speedo_temperatureD2Ev
                0x0000000000017e52                _ZN18speedo_temperature4initEv
                0x0000000000017eca                _ZN18speedo_temperature13read_oil_tempEv
                0x0000000000018060                _ZN18speedo_temperature15read_water_tempEv
                0x00000000000181f4                _ZN18speedo_temperature13read_air_tempEv
                0x00000000000182d2                _ZN18speedo_temperature12get_air_tempEv
                0x00000000000182ec                _ZN18speedo_temperature12get_oil_tempEv
                0x0000000000018380                _ZN18speedo_temperature14get_water_tempEv
 .text          0x0000000000018414     0x1512 ./tetris.o
                0x0000000000018414                _ZN6tetrisC1Ev
                0x0000000000018414                _ZN6tetrisC2Ev
                0x0000000000018416                _ZN6tetrisD2Ev
                0x0000000000018416                _ZN6tetrisD1Ev
                0x0000000000018418                _ZN6tetris22copy_element_to_bufferEi
                0x00000000000184c8                _ZN6tetris11new_elementEv
                0x00000000000185c0                _ZN6tetris4initEv
                0x0000000000018608                _ZN6tetris13initDrawFieldEv
                0x0000000000018938                _ZN6tetris11updateFieldEv
                0x0000000000018a6a                _ZN6tetris11check_stackEv
                0x0000000000018eb6                _ZN6tetris4loopEv
                0x0000000000019844                _ZN6tetris3runEv
                0x0000000000019878                _ZN6tetris19show_grid_on_serialEv
 .text          0x0000000000019926      0x28a ./timer.o
                0x0000000000019926                _ZN12speedo_timerC2Ev
                0x0000000000019926                _ZN12speedo_timerC1Ev
                0x0000000000019960                _ZN12speedo_timerD2Ev
                0x0000000000019960                _ZN12speedo_timerD1Ev
                0x0000000000019962                _Z8ram_infov
                0x000000000001998e                _ZN12speedo_timer9every_secEP13configuration
                0x0000000000019a42                _ZN12speedo_timer10every_qsecEv
                0x0000000000019a94                _ZN12speedo_timer12every_customEv
 .text          0x0000000000019bb0      0x278 ./voltage.o
                0x0000000000019bb0                _ZN14speedo_voltageC2Ev
                0x0000000000019bb0                _ZN14speedo_voltageC1Ev
                0x0000000000019bb2                _ZN14speedo_voltageD2Ev
                0x0000000000019bb2                _ZN14speedo_voltageD1Ev
                0x0000000000019bb4                _ZN14speedo_voltage4calcEv
                0x0000000000019cbc                _ZN14speedo_voltage3getEv
                0x0000000000019cd0                _ZN14speedo_voltage4initEv
                0x0000000000019cec                _ZN14speedo_voltage4loopEv
 .text          0x0000000000019e28        0xe ./inc/EEPROM.o
                0x0000000000019e28                _ZN11EEPROMClass4readEi
                0x0000000000019e2e                _ZN11EEPROMClass5writeEih
 .text          0x0000000000019e36      0x856 ./inc/Sd2Card.o
                0x0000000000019e6c                _ZN7Sd2Card14chipSelectHighEv
                0x0000000000019e76                _ZN7Sd2Card13chipSelectLowEv
                0x0000000000019e8e                _ZN7Sd2Card8readDataEPhj
                0x0000000000019ee0                _ZN7Sd2Card10setSckRateEh
                0x0000000000019ef4                _ZN7Sd2Card11waitNotBusyEj
                0x0000000000019f2a                _ZN7Sd2Card11cardCommandEhm
                0x0000000000019fb8                _ZN7Sd2Card8cardAcmdEhm
                0x0000000000019ff2                _ZN7Sd2Card4initEhh
                0x000000000001a14a                _ZN7Sd2Card14waitStartBlockEv
                0x000000000001a194                _ZN7Sd2Card12readRegisterEhPv
                0x000000000001a1d8                _ZN7Sd2Card7readCSDEP5csd_t
                0x000000000001a1de                _ZN7Sd2Card22eraseSingleBlockEnableEv
                0x000000000001a218                _ZN7Sd2Card5eraseEmm
                0x000000000001a33e                _ZN7Sd2Card8cardSizeEv
                0x000000000001a444                _ZN7Sd2Card9readBlockEmPh
                0x000000000001a4b2                _ZN7Sd2Card9writeDataEhPKh
                0x000000000001a50e                _ZN7Sd2Card9writeDataEPKh
                0x000000000001a550                _ZN7Sd2Card10writeBlockEmPKh
                0x000000000001a5e4                _ZN7Sd2Card10writeStartEmm
                0x000000000001a650                _ZN7Sd2Card9writeStopEv
 .text          0x000000000001a68c      0x43a ./inc/SdFat.o
                0x000000000001a6d0                _ZN5SdFat5chdirEv
                0x000000000001a700                _ZN5SdFat5chdirEPKc
                0x000000000001a7e2                _ZN5SdFat10errorPrintEv
                0x000000000001a810                _ZN5SdFat9errorHaltEv
                0x000000000001a814                _ZN5SdFat10errorPrintEPKc
                0x000000000001a83e                _ZN5SdFat9errorHaltEPKc
                0x000000000001a842                _ZN5SdFat12errorPrint_PEPKc
                0x000000000001a866                _ZN5SdFat11errorHalt_PEPKc
                0x000000000001a86a                _ZN5SdFat6existsEPKc
                0x000000000001a870                _ZN5SdFat4initEhh
                0x000000000001a8a4                _ZN5SdFat14initErrorPrintEv
                0x000000000001a8ec                _ZN5SdFat13initErrorHaltEv
                0x000000000001a8f0                _ZN5SdFat2lsEh
                0x000000000001a8fe                _ZN5SdFat2lsEP5Printh
                0x000000000001a906                _ZN5SdFat5mkdirEPKcb
                0x000000000001a966                _ZN5SdFat6removeEPKc
                0x000000000001a96c                _ZN5SdFat6renameEPKcS1_
                0x000000000001a9ea                _ZN5SdFat5rmdirEPKc
                0x000000000001aa4c                _ZN5SdFat8truncateEPKcm
 .text          0x000000000001aac6       0x8a ./inc/SdFatUtil.o
                0x000000000001aac6                _ZN9SdFatUtil7FreeRamEv
                0x000000000001ab00                _ZN9SdFatUtil7print_PEP5PrintPKc
                0x000000000001ab2c                _ZN9SdFatUtil9println_PEP5PrintPKc
                0x000000000001ab40                _ZN9SdFatUtil13SerialPrint_PEPKc
                0x000000000001ab48                _ZN9SdFatUtil15SerialPrintln_PEPKc
 .text          0x000000000001ab50     0x2794 ./inc/SdFile.o
                0x000000000001ab7c                _ZN8SdVolume9fatPutEOCEm
                0x000000000001ab92                _ZN6SdFile10addClusterEv
                0x000000000001abe6                _ZN6SdFile13addDirClusterEv
                0x000000000001ad00                _ZN6SdFile13cacheDirEntryEh
                0x000000000001ad3c                _ZN6SdFile15contiguousRangeEPmS0_
                0x000000000001aea0                _ZN6SdFile7dirNameERK14directoryEntryPc
                0x000000000001aedc                _ZN6SdFile11getFilenameEPc
                0x000000000001af10                _ZN6SdFile6getposEP6fpos_t
                0x000000000001af3e                _ZN6SdFile10make83NameEPKcPhPS1_
                0x000000000001afc0                _ZN6SdFile8openRootEP8SdVolume
                0x000000000001b066                _ZN6SdFile12printDirNameEP5PrintRK14directoryEntryhb
                0x000000000001b0f6                _ZN6SdFile12printDirNameERK14directoryEntryhb
                0x000000000001b106                _ZN6SdFile12printFatDateEP5Printj
                0x000000000001b160                _ZN6SdFile12printFatDateEj
                0x000000000001b168                _ZN6SdFile12printFatTimeEP5Printj
                0x000000000001b1bc                _ZN6SdFile12printFatTimeEj
                0x000000000001b1c4                _ZN6SdFile9printNameEv
                0x000000000001b210                _ZN6SdFile4readEPvj
                0x000000000001b472                _ZN6SdFile4readEv
                0x000000000001b4a2                _ZN6SdFile4peekEv
                0x000000000001b4f8                _ZN6SdFile11lsPrintNextEP5Printhh
                0x000000000001b678                _ZN6SdFile9lsJKWNextEPci
                0x000000000001b76e                _ZN6SdFile5fgetsEPciS0_
                0x000000000001b842                _ZN6SdFile7readDirEP14directoryEntry
                0x000000000001b8ac                _ZN6SdFile12readDirCacheEv
                0x000000000001b922                _ZN6SdFile7seekSetEm
                0x000000000001ba5a                _ZN6SdFile7seekEndEl
                0x000000000001ba78                _ZN6SdFile6rewindEv
                0x000000000001ba80                _ZN6SdFile6setposEP6fpos_t
                0x000000000001baac                _ZN6SdFile4syncEv
                0x000000000001bb40                _ZN6SdFile8dirEntryEP14directoryEntry
                0x000000000001bb82                _ZN6SdFile5closeEv
                0x000000000001bbb0                _ZN6SdFile9timestampEhjhhhhh
                0x000000000001bce0                _ZN6SdFile8truncateEm
                0x000000000001be48                _ZN6SdFile6removeEv
                0x000000000001be7c                _ZN6SdFile5rmdirEv
                0x000000000001bf06                _ZN6SdFile15openCachedEntryEhh
                0x000000000001c012                _ZN6SdFile8openNextEPS_h
                0x000000000001c0a8                _ZN6SdFile4openEPS_jh
                0x000000000001c128                _ZN6SdFile8rmRfStarEv
                0x000000000001c262                _ZN6SdFile2lsEP5Printhh
                0x000000000001c35e                _ZN6SdFile2lsEh
                0x000000000001c368                _ZN6SdFile10openParentEPS_
                0x000000000001c564                _ZN6SdFile4openEPS_PKhh
                0x000000000001c6f0                _ZN6SdFile4openEPS_PKch
                0x000000000001c888                _ZN6SdFile6removeEPS_PKc
                0x000000000001c8ec                _ZN6SdFile4openEPKch
                0x000000000001c8fc                _ZN6SdFileC1EPKch
                0x000000000001c8fc                _ZN6SdFileC2EPKch
                0x000000000001c90c                _ZN6SdFile6existsEPKc
                0x000000000001c966                _ZN6SdFile16createContiguousEPS_PKcm
                0x000000000001c9f2                _ZN6SdFile5mkdirEPS_PKh
                0x000000000001cb74                _ZN6SdFile5mkdirEPS_PKcb
                0x000000000001cd24                _ZN6SdFile6renameEPS_PKc
                0x000000000001cf18                _ZN6SdFile5writeEPKvj
                0x000000000001d268                _ZN6SdFile5writeEPKc
                0x000000000001d27c                _ZN6SdFile5writeEh
                0x000000000001d29c                _ZN6SdFile7write_PEPKc
                0x000000000001d2ce                _ZN6SdFile9writeln_PEPKc
 .text          0x000000000001d2e4      0x2c8 ./inc/SdStream.o
                0x000000000001d2e4                _ZN6SdFile7seekCurEl
                0x000000000001d304                _ZN6SdBase5getchEv
                0x000000000001d3be                _ZN6SdBase4openEPKch
                0x000000000001d47e                _ZN6SdBase5putchEc
                0x000000000001d4de                _ZN6SdBase6putstrEPKc
                0x000000000001d55e                _ZN6SdBase7seekoffElN8ios_base7seekdirE
                0x000000000001d5a8                _ZN6SdBase7seekposEm
 .text          0x000000000001d5ac      0xa8e ./inc/SdVolume.o
                0x000000000001d5ac                _ZN8SdVolume10cacheFlushEv
                0x000000000001d626                _ZN8SdVolume13cacheRawBlockEmh
                0x000000000001d6aa                _ZNK8SdVolume6fatGetEmPm
                0x000000000001d7aa                _ZNK8SdVolume9chainSizeEmPm
                0x000000000001d890                _ZN8SdVolume6fatPutEmm
                0x000000000001d9cc                _ZN8SdVolume15allocContiguousEmPm
                0x000000000001dbea                _ZN8SdVolume9freeChainEm
                0x000000000001dca0                _ZN8SdVolume16freeClusterCountEv
                0x000000000001ddd4                _ZN8SdVolume4initEP7Sd2Cardh
 .text          0x000000000001e03a      0x1f4 ./inc/Wire.o
                0x000000000001e03a                _ZN7TwoWire16onReceiveServiceEPhi
                0x000000000001e08a                _ZN7TwoWire16onRequestServiceEv
                0x000000000001e0a2                _ZN7TwoWireC2Ev
                0x000000000001e0a2                _ZN7TwoWireC1Ev
                0x000000000001e0a4                _ZN7TwoWire5beginEv
                0x000000000001e0b8                _ZN7TwoWire5beginEh
                0x000000000001e0de                _ZN7TwoWire5beginEi
                0x000000000001e0e0                _ZN7TwoWire11requestFromEhh
                0x000000000001e0fa                _ZN7TwoWire11requestFromEii
                0x000000000001e0fc                _ZN7TwoWire17beginTransmissionEh
                0x000000000001e110                _ZN7TwoWire17beginTransmissionEi
                0x000000000001e112                _ZN7TwoWire15endTransmissionEv
                0x000000000001e132                _ZN7TwoWire4sendEh
                0x000000000001e17a                _ZN7TwoWire4sendEPhh
                0x000000000001e1d4                _ZN7TwoWire4sendEPc
                0x000000000001e1e8                _ZN7TwoWire4sendEi
                0x000000000001e1ea                _ZN7TwoWire9availableEv
                0x000000000001e1f6                _ZN7TwoWire7receiveEv
                0x000000000001e218                _ZN7TwoWire9onReceiveEPFviE
                0x000000000001e222                _ZN7TwoWire9onRequestEPFvvE
 .text          0x000000000001e22e      0xd62 ./inc/istream.o
                0x000000000001e22e                _ZN7istream5getchEP6fpos_t
                0x000000000001e254                _ZN7istream3getEv
                0x000000000001e298                _ZN7istream3getERc
                0x000000000001e2b6                _ZN7istream3getEPcmc
                0x000000000001e3ce                _ZN7istream7getlineEPcmc
                0x000000000001e506                _ZN7istream6ignoreEmi
                0x000000000001e56e                _ZN7istream4peekEv
                0x000000000001e622                _ZN7istream8readSkipEv
                0x000000000001e668                _ZN7istream6getStrEPc
                0x000000000001e7ba                _ZN7istream9getNumberEmmPm
                0x000000000001ea42                _ZN7istream8getFloatEPf
                0x000000000001ed96                _ZN7istream7getCharEPc
                0x000000000001edce                _ZN7istream9skipWhiteEv
                0x000000000001ee3e                _ZN7istream9getNumberIbEEvPT_
                0x000000000001eea8                _ZN7istream7getBoolEPb
 .text          0x000000000001ef90      0x64a ./inc/ostream.o
                0x000000000001ef90                _ZN7ostream7do_fillEj
                0x000000000001efe0                _ZN7ostream13fill_not_leftEj
                0x000000000001f006                _ZN7ostream6fmtNumEmPch
                0x000000000001f0a2                _ZN7ostream7putCharEc
                0x000000000001f0d2                _ZN7ostream6putNumEmb
                0x000000000001f236                _ZN7ostream6putNumEl
                0x000000000001f270                _ZN7ostream6putPgmERK3pgm
                0x000000000001f2c2                _ZN7ostream9putDoubleEd
                0x000000000001f536                _ZN7ostream7putBoolEb
                0x000000000001f592                _ZN7ostream6putStrEPKc
 .text          0x000000000001f5da        0x0 ./inc/pins_arduino.o
 .text          0x000000000001f5da     0x1ae6 ./inc/ssd0323.o
                0x000000000001f5da                _ZN7ssd032310senden_spiEh
                0x000000000001f5fe                _ZN7ssd032312send_commandEh
                0x000000000001f606                _ZN7ssd03239send_charEh
                0x000000000001f60a                _ZN7ssd032312clear_screenEv
                0x000000000001f650                _ZN7ssd032310set2pixelsEhhhh
                0x000000000001f6be                _ZN7ssd03234lineEhhhhh
                0x000000000001fb78                _ZN7ssd032314zeichen_big_1xEPhhiiiih
                0x000000000001fdf4                _ZN7ssd032316zeichen_small_1xEPhhiiiih
                0x000000000001ff8e                _ZN7ssd032316zeichen_small_2xEPhhiiiih
                0x0000000000020188                _ZN7ssd032316zeichen_small_3xEPhhiiiih
                0x0000000000020410                _ZN7ssd032316zeichen_small_4xEPhhiiiih
                0x0000000000020658                _ZN7ssd03236stringEsPKchhhhh
                0x0000000000020c60                _ZN7ssd03236stringEsPKchh
                0x0000000000020c7c                _ZN7ssd03238string_PEsPKchhhhh
                0x0000000000020d18                _ZN7ssd03238string_PEsPKchh
                0x0000000000020d34                _ZN7ssd032311filled_rectEhhhhh
                0x0000000000020e0a                _ZN7ssd032313highlight_barEhhhh
                0x0000000000020f00                _ZN7ssd03234initEhh
                0x00000000000210be                _ZN7ssd0323C1Ev
                0x00000000000210be                _ZN7ssd0323C2Ev
 .text          0x00000000000210c0      0x43c ./inc/twi.o
                0x00000000000210c0                twi_init
                0x00000000000210e6                twi_setAddress
                0x00000000000210ee                twi_readFrom
                0x000000000002115a                twi_writeTo
                0x00000000000211da                twi_transmit
                0x000000000002120e                twi_attachSlaveRxEvent
                0x0000000000021218                twi_attachSlaveTxEvent
                0x0000000000021222                twi_reply
                0x0000000000021232                twi_stop
                0x0000000000021246                twi_releaseBus
                0x0000000000021252                __vector_39
 .text          0x00000000000214fc        0x0 /home/jkw/Store/17 - Speedmaster/Firmware/inc/libArduinoCore2560.a(WInterrupts.c.o)
 .text          0x00000000000214fc        0x0 /home/jkw/Store/17 - Speedmaster/Firmware/inc/libArduinoCore2560.a(wiring.c.o)
 .text          0x00000000000214fc        0x0 /home/jkw/Store/17 - Speedmaster/Firmware/inc/libArduinoCore2560.a(wiring_analog.c.o)
 .text          0x00000000000214fc        0x0 /home/jkw/Store/17 - Speedmaster/Firmware/inc/libArduinoCore2560.a(wiring_digital.c.o)
 .text          0x00000000000214fc        0x0 /home/jkw/Store/17 - Speedmaster/Firmware/inc/libArduinoCore2560.a(HardwareSerial.cpp.o)
 .text          0x00000000000214fc        0x0 /home/jkw/Store/17 - Speedmaster/Firmware/inc/libArduinoCore2560.a(Print.cpp.o)
 .text          0x00000000000214fc        0x0 /home/jkw/Store/17 - Speedmaster/Firmware/inc/libArduinoCore2560.a(WString.cpp.o)
 .text          0x00000000000214fc        0x0 /usr/lib/gcc/avr/4.5.3/../../../avr/lib/avr6/libc.a(malloc.o)
 .text          0x00000000000214fc        0x0 /usr/lib/gcc/avr/4.5.3/../../../avr/lib/avr6/libc.a(exit.o)
 .text          0x00000000000214fc        0x0 /usr/lib/gcc/avr/4.5.3/../../../avr/lib/avr6/libc.a(isalpha.o)
 .text          0x00000000000214fc        0x0 /usr/lib/gcc/avr/4.5.3/../../../avr/lib/avr6/libc.a(isspace.o)
 .text          0x00000000000214fc        0x0 /usr/lib/gcc/avr/4.5.3/../../../avr/lib/avr6/libc.a(tolower.o)
 .text          0x00000000000214fc        0x0 /usr/lib/gcc/avr/4.5.3/../../../avr/lib/avr6/libc.a(toupper.o)
 .text          0x00000000000214fc        0x0 /usr/lib/gcc/avr/4.5.3/../../../avr/lib/avr6/libc.a(strcmp_P.o)
 .text          0x00000000000214fc        0x0 /usr/lib/gcc/avr/4.5.3/../../../avr/lib/avr6/libc.a(strcpy_P.o)
 .text          0x00000000000214fc        0x0 /usr/lib/gcc/avr/4.5.3/../../../avr/lib/avr6/libc.a(strlen_P.o)
 .text          0x00000000000214fc        0x0 /usr/lib/gcc/avr/4.5.3/../../../avr/lib/avr6/libc.a(memcmp.o)
 .text          0x00000000000214fc        0x0 /usr/lib/gcc/avr/4.5.3/../../../avr/lib/avr6/libc.a(memcpy.o)
 .text          0x00000000000214fc        0x0 /usr/lib/gcc/avr/4.5.3/../../../avr/lib/avr6/libc.a(memset.o)
 .text          0x00000000000214fc        0x0 /usr/lib/gcc/avr/4.5.3/../../../avr/lib/avr6/libc.a(strcat.o)
 .text          0x00000000000214fc        0x0 /usr/lib/gcc/avr/4.5.3/../../../avr/lib/avr6/libc.a(strchr.o)
 .text          0x00000000000214fc        0x0 /usr/lib/gcc/avr/4.5.3/../../../avr/lib/avr6/libc.a(strcmp.o)
 .text          0x00000000000214fc        0x0 /usr/lib/gcc/avr/4.5.3/../../../avr/lib/avr6/libc.a(strcpy.o)
 .text          0x00000000000214fc        0x0 /usr/lib/gcc/avr/4.5.3/../../../avr/lib/avr6/libc.a(strncmp.o)
 .text          0x00000000000214fc        0x0 /usr/lib/gcc/avr/4.5.3/../../../avr/lib/avr6/libc.a(strncpy.o)
 .text          0x00000000000214fc        0x0 /usr/lib/gcc/avr/4.5.3/../../../avr/lib/avr6/libc.a(strrchr.o)
 .text          0x00000000000214fc        0x0 /usr/lib/gcc/avr/4.5.3/../../../avr/lib/avr6/libc.a(strstr.o)
 .text          0x00000000000214fc        0x0 /usr/lib/gcc/avr/4.5.3/../../../avr/lib/avr6/libc.a(itoa.o)
 .text          0x00000000000214fc        0x0 /usr/lib/gcc/avr/4.5.3/../../../avr/lib/avr6/libc.a(ltoa.o)
 .text          0x00000000000214fc        0x0 /usr/lib/gcc/avr/4.5.3/../../../avr/lib/avr6/libc.a(ultoa.o)
 .text          0x00000000000214fc        0x0 /usr/lib/gcc/avr/4.5.3/../../../avr/lib/avr6/libc.a(sprintf.o)
 .text          0x00000000000214fc        0x0 /usr/lib/gcc/avr/4.5.3/../../../avr/lib/avr6/libc.a(addsf3.o)
 .text          0x00000000000214fc        0x0 /usr/lib/gcc/avr/4.5.3/../../../avr/lib/avr6/libc.a(addsf3x.o)
 .text          0x00000000000214fc        0x0 /usr/lib/gcc/avr/4.5.3/../../../avr/lib/avr6/libc.a(asin.o)
 .text          0x00000000000214fc        0x0 /usr/lib/gcc/avr/4.5.3/../../../avr/lib/avr6/libc.a(cmpsf2.o)
 .text          0x00000000000214fc        0x0 /usr/lib/gcc/avr/4.5.3/../../../avr/lib/avr6/libc.a(cos.o)
 .text          0x00000000000214fc        0x0 /usr/lib/gcc/avr/4.5.3/../../../avr/lib/avr6/libc.a(divsf3.o)
 .text          0x00000000000214fc        0x0 /usr/lib/gcc/avr/4.5.3/../../../avr/lib/avr6/libc.a(divsf3x.o)
 .text          0x00000000000214fc        0x0 /usr/lib/gcc/avr/4.5.3/../../../avr/lib/avr6/libc.a(fixsfsi.o)
 .text          0x00000000000214fc        0x0 /usr/lib/gcc/avr/4.5.3/../../../avr/lib/avr6/libc.a(fixunssfsi.o)
 .text          0x00000000000214fc        0x0 /usr/lib/gcc/avr/4.5.3/../../../avr/lib/avr6/libc.a(floatsisf.o)
 .text          0x00000000000214fc        0x0 /usr/lib/gcc/avr/4.5.3/../../../avr/lib/avr6/libc.a(floor.o)
 .text          0x00000000000214fc        0x0 /usr/lib/gcc/avr/4.5.3/../../../avr/lib/avr6/libc.a(fp_arccos.o)
 .text          0x00000000000214fc        0x0 /usr/lib/gcc/avr/4.5.3/../../../avr/lib/avr6/libc.a(fp_cmp.o)
 .text          0x00000000000214fc        0x0 /usr/lib/gcc/avr/4.5.3/../../../avr/lib/avr6/libc.a(fp_inf.o)
 .text          0x00000000000214fc        0x0 /usr/lib/gcc/avr/4.5.3/../../../avr/lib/avr6/libc.a(fp_mintl.o)
 .text          0x00000000000214fc        0x0 /usr/lib/gcc/avr/4.5.3/../../../avr/lib/avr6/libc.a(fp_mpack.o)
 .text          0x00000000000214fc        0x0 /usr/lib/gcc/avr/4.5.3/../../../avr/lib/avr6/libc.a(fp_nan.o)
 .text          0x00000000000214fc        0x0 /usr/lib/gcc/avr/4.5.3/../../../avr/lib/avr6/libc.a(fp_powser.o)
 .text          0x00000000000214fc        0x0 /usr/lib/gcc/avr/4.5.3/../../../avr/lib/avr6/libc.a(fp_powsodd.o)
 .text          0x00000000000214fc        0x0 /usr/lib/gcc/avr/4.5.3/../../../avr/lib/avr6/libc.a(fp_pscA.o)
 .text          0x00000000000214fc        0x0 /usr/lib/gcc/avr/4.5.3/../../../avr/lib/avr6/libc.a(fp_pscB.o)
 .text          0x00000000000214fc        0x0 /usr/lib/gcc/avr/4.5.3/../../../avr/lib/avr6/libc.a(fp_rempio2.o)
 .text          0x00000000000214fc        0x0 /usr/lib/gcc/avr/4.5.3/../../../avr/lib/avr6/libc.a(fp_round.o)
 .text          0x00000000000214fc        0x0 /usr/lib/gcc/avr/4.5.3/../../../avr/lib/avr6/libc.a(fp_sinus.o)
 .text          0x00000000000214fc        0x0 /usr/lib/gcc/avr/4.5.3/../../../avr/lib/avr6/libc.a(fp_split3.o)
 .text          0x00000000000214fc        0x0 /usr/lib/gcc/avr/4.5.3/../../../avr/lib/avr6/libc.a(fp_trunc.o)
 .text          0x00000000000214fc        0x0 /usr/lib/gcc/avr/4.5.3/../../../avr/lib/avr6/libc.a(fp_zero.o)
 .text          0x00000000000214fc        0x0 /usr/lib/gcc/avr/4.5.3/../../../avr/lib/avr6/libc.a(gesf2.o)
 .text          0x00000000000214fc        0x0 /usr/lib/gcc/avr/4.5.3/../../../avr/lib/avr6/libc.a(mulsf3.o)
 .text          0x00000000000214fc        0x0 /usr/lib/gcc/avr/4.5.3/../../../avr/lib/avr6/libc.a(mulsf3x.o)
 .text          0x00000000000214fc        0x0 /usr/lib/gcc/avr/4.5.3/../../../avr/lib/avr6/libc.a(pow.o)
 .text          0x00000000000214fc        0x0 /usr/lib/gcc/avr/4.5.3/../../../avr/lib/avr6/libc.a(sin.o)
 .text          0x00000000000214fc        0x0 /usr/lib/gcc/avr/4.5.3/../../../avr/lib/avr6/libc.a(sqrt.o)
 .text          0x00000000000214fc        0x0 /usr/lib/gcc/avr/4.5.3/../../../avr/lib/avr6/libc.a(vfprintf_std.o)
 .text          0x00000000000214fc        0x0 /usr/lib/gcc/avr/4.5.3/../../../avr/lib/avr6/libc.a(eerd_byte_atmega2560.o)
 .text          0x00000000000214fc        0x0 /usr/lib/gcc/avr/4.5.3/../../../avr/lib/avr6/libc.a(eewr_byte_atmega2560.o)
 .text          0x00000000000214fc        0x0 /usr/lib/gcc/avr/4.5.3/../../../avr/lib/avr6/libc.a(cty_isfalse.o)
 .text          0x00000000000214fc        0x0 /usr/lib/gcc/avr/4.5.3/../../../avr/lib/avr6/libc.a(strnlen_P.o)
 .text          0x00000000000214fc        0x0 /usr/lib/gcc/avr/4.5.3/../../../avr/lib/avr6/libc.a(strnlen.o)
 .text          0x00000000000214fc        0x0 /usr/lib/gcc/avr/4.5.3/../../../avr/lib/avr6/libc.a(strrev.o)
 .text          0x00000000000214fc        0x0 /usr/lib/gcc/avr/4.5.3/../../../avr/lib/avr6/libc.a(fputc.o)
 .text          0x00000000000214fc        0x0 /usr/lib/gcc/avr/4.5.3/../../../avr/lib/avr6/libc.a(ultoa_invert.o)
 .text          0x00000000000214fc        0x0 /usr/lib/gcc/avr/4.5.3/../../../avr/lib/avr6/libc.a(exp.o)
 .text          0x00000000000214fc        0x0 /usr/lib/gcc/avr/4.5.3/../../../avr/lib/avr6/libc.a(fp_norm2.o)
 .text          0x00000000000214fc        0x0 /usr/lib/gcc/avr/4.5.3/../../../avr/lib/avr6/libc.a(inverse.o)
 .text          0x00000000000214fc        0x0 /usr/lib/gcc/avr/4.5.3/../../../avr/lib/avr6/libc.a(ldexp.o)
 .text          0x00000000000214fc        0x0 /usr/lib/gcc/avr/4.5.3/../../../avr/lib/avr6/libc.a(log.o)
 .text          0x00000000000214fc        0x0 /usr/lib/gcc/avr/4.5.3/../../../avr/lib/avr6/libc.a(modf.o)
 .text          0x00000000000214fc        0x0 /usr/lib/gcc/avr/4.5.3/avr6/libgcc.a(_mulsi3.o)
 .text          0x00000000000214fc        0x0 /usr/lib/gcc/avr/4.5.3/avr6/libgcc.a(_udivmodqi4.o)
 .text          0x00000000000214fc        0x0 /usr/lib/gcc/avr/4.5.3/avr6/libgcc.a(_udivmodhi4.o)
 .text          0x00000000000214fc        0x0 /usr/lib/gcc/avr/4.5.3/avr6/libgcc.a(_divmodhi4.o)
 .text          0x00000000000214fc        0x0 /usr/lib/gcc/avr/4.5.3/avr6/libgcc.a(_udivmodsi4.o)
 .text          0x00000000000214fc        0x0 /usr/lib/gcc/avr/4.5.3/avr6/libgcc.a(_divmodsi4.o)
 .text          0x00000000000214fc        0x0 /usr/lib/gcc/avr/4.5.3/avr6/libgcc.a(_exit.o)
 .text          0x00000000000214fc        0x0 /usr/lib/gcc/avr/4.5.3/avr6/libgcc.a(_copy_data.o)
 .text          0x00000000000214fc        0x0 /usr/lib/gcc/avr/4.5.3/avr6/libgcc.a(_clear_bss.o)
 .text          0x00000000000214fc        0x0 /usr/lib/gcc/avr/4.5.3/avr6/libgcc.a(_ctors.o)
 .text          0x00000000000214fc        0x0 /usr/lib/gcc/avr/4.5.3/avr6/libgcc.a(_tablejump_elpm.o)
                0x00000000000214fc                . = ALIGN (0x2)
 *(.text.*)
 .text.attachInterrupt
                0x00000000000214fc       0xf8 /home/jkw/Store/17 - Speedmaster/Firmware/inc/libArduinoCore2560.a(WInterrupts.c.o)
                0x00000000000214fc                attachInterrupt
 .text.detachInterrupt
                0x00000000000215f4       0x58 /home/jkw/Store/17 - Speedmaster/Firmware/inc/libArduinoCore2560.a(WInterrupts.c.o)
                0x00000000000215f4                detachInterrupt
 .text.__vector_1
                0x000000000002164c       0x62 /home/jkw/Store/17 - Speedmaster/Firmware/inc/libArduinoCore2560.a(WInterrupts.c.o)
                0x000000000002164c                __vector_1
 .text.__vector_2
                0x00000000000216ae       0x62 /home/jkw/Store/17 - Speedmaster/Firmware/inc/libArduinoCore2560.a(WInterrupts.c.o)
                0x00000000000216ae                __vector_2
 .text.__vector_3
                0x0000000000021710       0x62 /home/jkw/Store/17 - Speedmaster/Firmware/inc/libArduinoCore2560.a(WInterrupts.c.o)
                0x0000000000021710                __vector_3
 .text.__vector_4
                0x0000000000021772       0x62 /home/jkw/Store/17 - Speedmaster/Firmware/inc/libArduinoCore2560.a(WInterrupts.c.o)
                0x0000000000021772                __vector_4
 .text.__vector_5
                0x00000000000217d4       0x62 /home/jkw/Store/17 - Speedmaster/Firmware/inc/libArduinoCore2560.a(WInterrupts.c.o)
                0x00000000000217d4                __vector_5
 .text.__vector_6
                0x0000000000021836       0x62 /home/jkw/Store/17 - Speedmaster/Firmware/inc/libArduinoCore2560.a(WInterrupts.c.o)
                0x0000000000021836                __vector_6
 .text.__vector_7
                0x0000000000021898       0x62 /home/jkw/Store/17 - Speedmaster/Firmware/inc/libArduinoCore2560.a(WInterrupts.c.o)
                0x0000000000021898                __vector_7
 .text.__vector_8
                0x00000000000218fa       0x62 /home/jkw/Store/17 - Speedmaster/Firmware/inc/libArduinoCore2560.a(WInterrupts.c.o)
                0x00000000000218fa                __vector_8
 .text.__vector_23
                0x000000000002195c       0x90 /home/jkw/Store/17 - Speedmaster/Firmware/inc/libArduinoCore2560.a(wiring.c.o)
                0x000000000002195c                __vector_23
 .text.millis   0x00000000000219ec       0x1c /home/jkw/Store/17 - Speedmaster/Firmware/inc/libArduinoCore2560.a(wiring.c.o)
                0x00000000000219ec                millis
 .text.micros   0x0000000000021a08       0x4c /home/jkw/Store/17 - Speedmaster/Firmware/inc/libArduinoCore2560.a(wiring.c.o)
                0x0000000000021a08                micros
 .text.delay    0x0000000000021a54       0x48 /home/jkw/Store/17 - Speedmaster/Firmware/inc/libArduinoCore2560.a(wiring.c.o)
                0x0000000000021a54                delay
 .text.delayMicroseconds
                0x0000000000021a9c       0x14 /home/jkw/Store/17 - Speedmaster/Firmware/inc/libArduinoCore2560.a(wiring.c.o)
                0x0000000000021a9c                delayMicroseconds
 .text.init     0x0000000000021ab0       0xc4 /home/jkw/Store/17 - Speedmaster/Firmware/inc/libArduinoCore2560.a(wiring.c.o)
                0x0000000000021ab0                init
 .text.analogReference
                0x0000000000021b74        0x6 /home/jkw/Store/17 - Speedmaster/Firmware/inc/libArduinoCore2560.a(wiring_analog.c.o)
                0x0000000000021b74                analogReference
 .text.analogRead
                0x0000000000021b7a       0x68 /home/jkw/Store/17 - Speedmaster/Firmware/inc/libArduinoCore2560.a(wiring_analog.c.o)
                0x0000000000021b7a                analogRead
 .text.analogWrite
                0x0000000000021be2      0x174 /home/jkw/Store/17 - Speedmaster/Firmware/inc/libArduinoCore2560.a(wiring_analog.c.o)
                0x0000000000021be2                analogWrite
 .text.pinMode  0x0000000000021d56       0x4c /home/jkw/Store/17 - Speedmaster/Firmware/inc/libArduinoCore2560.a(wiring_digital.c.o)
                0x0000000000021d56                pinMode
 .text.digitalWrite
                0x0000000000021da2      0x122 /home/jkw/Store/17 - Speedmaster/Firmware/inc/libArduinoCore2560.a(wiring_digital.c.o)
                0x0000000000021da2                digitalWrite
 .text.digitalRead
                0x0000000000021ec4      0x118 /home/jkw/Store/17 - Speedmaster/Firmware/inc/libArduinoCore2560.a(wiring_digital.c.o)
                0x0000000000021ec4                digitalRead
 .text._Z10store_charhP11ring_buffer
                0x0000000000021fdc       0x4e /home/jkw/Store/17 - Speedmaster/Firmware/inc/libArduinoCore2560.a(HardwareSerial.cpp.o)
                0x0000000000021fdc                _Z10store_charhP11ring_buffer
 .text.__vector_25
                0x000000000002202a       0x56 /home/jkw/Store/17 - Speedmaster/Firmware/inc/libArduinoCore2560.a(HardwareSerial.cpp.o)
                0x000000000002202a                __vector_25
 .text.__vector_51
                0x0000000000022080       0x56 /home/jkw/Store/17 - Speedmaster/Firmware/inc/libArduinoCore2560.a(HardwareSerial.cpp.o)
                0x0000000000022080                __vector_51
 .text.__vector_54
                0x00000000000220d6       0x56 /home/jkw/Store/17 - Speedmaster/Firmware/inc/libArduinoCore2560.a(HardwareSerial.cpp.o)
                0x00000000000220d6                __vector_54
 .text._ZN14HardwareSerialC2EP11ring_bufferPVhS3_S3_S3_S3_hhhhh
                0x000000000002212c       0x60 /home/jkw/Store/17 - Speedmaster/Firmware/inc/libArduinoCore2560.a(HardwareSerial.cpp.o)
                0x000000000002212c                _ZN14HardwareSerialC2EP11ring_bufferPVhS3_S3_S3_S3_hhhhh
 .text._ZN14HardwareSerialC1EP11ring_bufferPVhS3_S3_S3_S3_hhhhh
                0x000000000002218c       0x60 /home/jkw/Store/17 - Speedmaster/Firmware/inc/libArduinoCore2560.a(HardwareSerial.cpp.o)
                0x000000000002218c                _ZN14HardwareSerialC1EP11ring_bufferPVhS3_S3_S3_S3_hhhhh
 .text._ZN14HardwareSerial5beginEl
                0x00000000000221ec      0x1f2 /home/jkw/Store/17 - Speedmaster/Firmware/inc/libArduinoCore2560.a(HardwareSerial.cpp.o)
                0x00000000000221ec                _ZN14HardwareSerial5beginEl
 .text._ZN14HardwareSerial3endEv
                0x00000000000223de       0x54 /home/jkw/Store/17 - Speedmaster/Firmware/inc/libArduinoCore2560.a(HardwareSerial.cpp.o)
                0x00000000000223de                _ZN14HardwareSerial3endEv
 .text._ZN14HardwareSerial9availableEv
                0x0000000000022432       0x26 /home/jkw/Store/17 - Speedmaster/Firmware/inc/libArduinoCore2560.a(HardwareSerial.cpp.o)
                0x0000000000022432                _ZN14HardwareSerial9availableEv
 .text._ZN14HardwareSerial4peekEv
                0x0000000000022458       0x34 /home/jkw/Store/17 - Speedmaster/Firmware/inc/libArduinoCore2560.a(HardwareSerial.cpp.o)
                0x0000000000022458                _ZN14HardwareSerial4peekEv
 .text._ZN14HardwareSerial4readEv
                0x000000000002248c       0x50 /home/jkw/Store/17 - Speedmaster/Firmware/inc/libArduinoCore2560.a(HardwareSerial.cpp.o)
                0x000000000002248c                _ZN14HardwareSerial4readEv
 .text._ZN14HardwareSerial5flushEv
                0x00000000000224dc       0x18 /home/jkw/Store/17 - Speedmaster/Firmware/inc/libArduinoCore2560.a(HardwareSerial.cpp.o)
                0x00000000000224dc                _ZN14HardwareSerial5flushEv
 .text._ZN14HardwareSerial5writeEh
                0x00000000000224f4       0x26 /home/jkw/Store/17 - Speedmaster/Firmware/inc/libArduinoCore2560.a(HardwareSerial.cpp.o)
                0x00000000000224f4                _ZN14HardwareSerial5writeEh
 .text._GLOBAL__I_rx_buffer
                0x000000000002251a      0x13c /home/jkw/Store/17 - Speedmaster/Firmware/inc/libArduinoCore2560.a(HardwareSerial.cpp.o)
 .text._ZN5Print5writeEPKc
                0x0000000000022656       0x30 /home/jkw/Store/17 - Speedmaster/Firmware/inc/libArduinoCore2560.a(Print.cpp.o)
                0x0000000000022656                _ZN5Print5writeEPKc
 .text._ZN5Print5writeEPKhj
                0x0000000000022686       0x3e /home/jkw/Store/17 - Speedmaster/Firmware/inc/libArduinoCore2560.a(Print.cpp.o)
                0x0000000000022686                _ZN5Print5writeEPKhj
 .text._ZN5Print5printEPKc
                0x00000000000226c4       0x10 /home/jkw/Store/17 - Speedmaster/Firmware/inc/libArduinoCore2560.a(Print.cpp.o)
                0x00000000000226c4                _ZN5Print5printEPKc
 .text._ZN5Print5printERK6String
                0x00000000000226d4       0x52 /home/jkw/Store/17 - Speedmaster/Firmware/inc/libArduinoCore2560.a(Print.cpp.o)
                0x00000000000226d4                _ZN5Print5printERK6String
 .text._ZN5Print11printNumberEmh
                0x0000000000022726      0x130 /home/jkw/Store/17 - Speedmaster/Firmware/inc/libArduinoCore2560.a(Print.cpp.o)
                0x0000000000022726                _ZN5Print11printNumberEmh
 .text._ZN5Print5printEmi
                0x0000000000022856       0x1a /home/jkw/Store/17 - Speedmaster/Firmware/inc/libArduinoCore2560.a(Print.cpp.o)
                0x0000000000022856                _ZN5Print5printEmi
 .text._ZN5Print5printEji
                0x0000000000022870       0x20 /home/jkw/Store/17 - Speedmaster/Firmware/inc/libArduinoCore2560.a(Print.cpp.o)
                0x0000000000022870                _ZN5Print5printEji
 .text._ZN5Print5printEhi
                0x0000000000022890       0x22 /home/jkw/Store/17 - Speedmaster/Firmware/inc/libArduinoCore2560.a(Print.cpp.o)
                0x0000000000022890                _ZN5Print5printEhi
 .text._ZN5Print5printEli
                0x00000000000228b2       0x68 /home/jkw/Store/17 - Speedmaster/Firmware/inc/libArduinoCore2560.a(Print.cpp.o)
                0x00000000000228b2                _ZN5Print5printEli
 .text._ZN5Print5printEii
                0x000000000002291a       0x24 /home/jkw/Store/17 - Speedmaster/Firmware/inc/libArduinoCore2560.a(Print.cpp.o)
                0x000000000002291a                _ZN5Print5printEii
 .text._ZN5Print5printEci
                0x000000000002293e       0x26 /home/jkw/Store/17 - Speedmaster/Firmware/inc/libArduinoCore2560.a(Print.cpp.o)
                0x000000000002293e                _ZN5Print5printEci
 .text._ZN5Print7printlnEv
                0x0000000000022964       0x2a /home/jkw/Store/17 - Speedmaster/Firmware/inc/libArduinoCore2560.a(Print.cpp.o)
                0x0000000000022964                _ZN5Print7printlnEv
 .text._ZN5Print7printlnEmi
                0x000000000002298e       0x12 /home/jkw/Store/17 - Speedmaster/Firmware/inc/libArduinoCore2560.a(Print.cpp.o)
                0x000000000002298e                _ZN5Print7printlnEmi
 .text._ZN5Print7printlnEji
                0x00000000000229a0       0x2e /home/jkw/Store/17 - Speedmaster/Firmware/inc/libArduinoCore2560.a(Print.cpp.o)
                0x00000000000229a0                _ZN5Print7printlnEji
 .text._ZN5Print7printlnEhi
                0x00000000000229ce       0x30 /home/jkw/Store/17 - Speedmaster/Firmware/inc/libArduinoCore2560.a(Print.cpp.o)
                0x00000000000229ce                _ZN5Print7printlnEhi
 .text._ZN5Print7printlnEPKc
                0x00000000000229fe       0x12 /home/jkw/Store/17 - Speedmaster/Firmware/inc/libArduinoCore2560.a(Print.cpp.o)
                0x00000000000229fe                _ZN5Print7printlnEPKc
 .text._ZN5Print7printlnERK6String
                0x0000000000022a10       0x12 /home/jkw/Store/17 - Speedmaster/Firmware/inc/libArduinoCore2560.a(Print.cpp.o)
                0x0000000000022a10                _ZN5Print7printlnERK6String
 .text._ZN5Print7printlnEli
                0x0000000000022a22       0x12 /home/jkw/Store/17 - Speedmaster/Firmware/inc/libArduinoCore2560.a(Print.cpp.o)
                0x0000000000022a22                _ZN5Print7printlnEli
 .text._ZN5Print7printlnEii
                0x0000000000022a34       0x32 /home/jkw/Store/17 - Speedmaster/Firmware/inc/libArduinoCore2560.a(Print.cpp.o)
                0x0000000000022a34                _ZN5Print7printlnEii
 .text._ZN5Print7printlnEci
                0x0000000000022a66       0x34 /home/jkw/Store/17 - Speedmaster/Firmware/inc/libArduinoCore2560.a(Print.cpp.o)
                0x0000000000022a66                _ZN5Print7printlnEci
 .text._ZN5Print10printFloatEdh
                0x0000000000022a9a      0x110 /home/jkw/Store/17 - Speedmaster/Firmware/inc/libArduinoCore2560.a(Print.cpp.o)
                0x0000000000022a9a                _ZN5Print10printFloatEdh
 .text._ZN5Print5printEdi
                0x0000000000022baa        0x4 /home/jkw/Store/17 - Speedmaster/Firmware/inc/libArduinoCore2560.a(Print.cpp.o)
                0x0000000000022baa                _ZN5Print5printEdi
 .text._ZN5Print7printlnEdi
                0x0000000000022bae       0x12 /home/jkw/Store/17 - Speedmaster/Firmware/inc/libArduinoCore2560.a(Print.cpp.o)
                0x0000000000022bae                _ZN5Print7printlnEdi
 .text._ZNK6String6charAtEj
                0x0000000000022bc0       0x10 /home/jkw/Store/17 - Speedmaster/Firmware/inc/libArduinoCore2560.a(WString.cpp.o)
                0x0000000000022bc0                _ZNK6String6charAtEj
 .text._ZN6String9setCharAtEjc
                0x0000000000022bd0       0x22 /home/jkw/Store/17 - Speedmaster/Firmware/inc/libArduinoCore2560.a(WString.cpp.o)
                0x0000000000022bd0                _ZN6String9setCharAtEjc
 .text._ZN6StringixEj
                0x0000000000022bf2       0x2a /home/jkw/Store/17 - Speedmaster/Firmware/inc/libArduinoCore2560.a(WString.cpp.o)
                0x0000000000022bf2                _ZN6StringixEj
 .text._ZNK6StringixEj
                0x0000000000022c1c       0x10 /home/jkw/Store/17 - Speedmaster/Firmware/inc/libArduinoCore2560.a(WString.cpp.o)
                0x0000000000022c1c                _ZNK6StringixEj
 .text._ZN6String11toCharArrayEPcj
                0x0000000000022c2c       0x44 /home/jkw/Store/17 - Speedmaster/Firmware/inc/libArduinoCore2560.a(WString.cpp.o)
                0x0000000000022c2c                _ZN6String11toCharArrayEPcj
 .text._ZN6String8getBytesEPhj
                0x0000000000022c70       0x44 /home/jkw/Store/17 - Speedmaster/Firmware/inc/libArduinoCore2560.a(WString.cpp.o)
                0x0000000000022c70                _ZN6String8getBytesEPhj
 .text._ZN6StringD1Ev
                0x0000000000022cb4       0x1e /home/jkw/Store/17 - Speedmaster/Firmware/inc/libArduinoCore2560.a(WString.cpp.o)
                0x0000000000022cb4                _ZN6StringD1Ev
 .text._ZNK6String10startsWithERKS_j
                0x0000000000022cd2       0x3c /home/jkw/Store/17 - Speedmaster/Firmware/inc/libArduinoCore2560.a(WString.cpp.o)
                0x0000000000022cd2                _ZNK6String10startsWithERKS_j
 .text._ZNK6String10startsWithERKS_
                0x0000000000022d0e       0x22 /home/jkw/Store/17 - Speedmaster/Firmware/inc/libArduinoCore2560.a(WString.cpp.o)
                0x0000000000022d0e                _ZNK6String10startsWithERKS_
 .text._ZNK6String11lastIndexOfEcj
                0x0000000000022d30       0x6e /home/jkw/Store/17 - Speedmaster/Firmware/inc/libArduinoCore2560.a(WString.cpp.o)
                0x0000000000022d30                _ZNK6String11lastIndexOfEcj
 .text._ZNK6String11lastIndexOfEc
                0x0000000000022d9e        0xc /home/jkw/Store/17 - Speedmaster/Firmware/inc/libArduinoCore2560.a(WString.cpp.o)
                0x0000000000022d9e                _ZNK6String11lastIndexOfEc
 .text._ZNK6String7indexOfERKS_j
                0x0000000000022daa       0x3c /home/jkw/Store/17 - Speedmaster/Firmware/inc/libArduinoCore2560.a(WString.cpp.o)
                0x0000000000022daa                _ZNK6String7indexOfERKS_j
 .text._ZNK6String7indexOfERKS_
                0x0000000000022de6        0x6 /home/jkw/Store/17 - Speedmaster/Firmware/inc/libArduinoCore2560.a(WString.cpp.o)
                0x0000000000022de6                _ZNK6String7indexOfERKS_
 .text._ZNK6String7indexOfEcj
                0x0000000000022dec       0x3c /home/jkw/Store/17 - Speedmaster/Firmware/inc/libArduinoCore2560.a(WString.cpp.o)
                0x0000000000022dec                _ZNK6String7indexOfEcj
 .text._ZNK6String7indexOfEc
                0x0000000000022e28        0x6 /home/jkw/Store/17 - Speedmaster/Firmware/inc/libArduinoCore2560.a(WString.cpp.o)
                0x0000000000022e28                _ZNK6String7indexOfEc
 .text._ZNK6String6equalsERKS_
                0x0000000000022e2e       0x32 /home/jkw/Store/17 - Speedmaster/Firmware/inc/libArduinoCore2560.a(WString.cpp.o)
                0x0000000000022e2e                _ZNK6String6equalsERKS_
 .text._ZNK6String8endsWithERKS_
                0x0000000000022e60       0x38 /home/jkw/Store/17 - Speedmaster/Firmware/inc/libArduinoCore2560.a(WString.cpp.o)
                0x0000000000022e60                _ZNK6String8endsWithERKS_
 .text._ZNK6StringgeERKS_
                0x0000000000022e98       0x26 /home/jkw/Store/17 - Speedmaster/Firmware/inc/libArduinoCore2560.a(WString.cpp.o)
                0x0000000000022e98                _ZNK6StringgeERKS_
 .text._ZNK6StringleERKS_
                0x0000000000022ebe       0x20 /home/jkw/Store/17 - Speedmaster/Firmware/inc/libArduinoCore2560.a(WString.cpp.o)
                0x0000000000022ebe                _ZNK6StringleERKS_
 .text._ZNK6StringgtERKS_
                0x0000000000022ede       0x20 /home/jkw/Store/17 - Speedmaster/Firmware/inc/libArduinoCore2560.a(WString.cpp.o)
                0x0000000000022ede                _ZNK6StringgtERKS_
 .text._ZNK6StringltERKS_
                0x0000000000022efe       0x22 /home/jkw/Store/17 - Speedmaster/Firmware/inc/libArduinoCore2560.a(WString.cpp.o)
                0x0000000000022efe                _ZNK6StringltERKS_
 .text._ZNK6StringneERKS_
                0x0000000000022f20       0x2e /home/jkw/Store/17 - Speedmaster/Firmware/inc/libArduinoCore2560.a(WString.cpp.o)
                0x0000000000022f20                _ZNK6StringneERKS_
 .text._ZNK6StringeqERKS_
                0x0000000000022f4e       0x32 /home/jkw/Store/17 - Speedmaster/Firmware/inc/libArduinoCore2560.a(WString.cpp.o)
                0x0000000000022f4e                _ZNK6StringeqERKS_
 .text._ZNK6String9compareToERKS_
                0x0000000000022f80        0xe /home/jkw/Store/17 - Speedmaster/Firmware/inc/libArduinoCore2560.a(WString.cpp.o)
                0x0000000000022f80                _ZNK6String9compareToERKS_
 .text._ZN6String9getBufferEj
                0x0000000000022f8e       0x26 /home/jkw/Store/17 - Speedmaster/Firmware/inc/libArduinoCore2560.a(WString.cpp.o)
                0x0000000000022f8e                _ZN6String9getBufferEj
 .text._ZN6StringpLERKS_
                0x0000000000022fb4       0x64 /home/jkw/Store/17 - Speedmaster/Firmware/inc/libArduinoCore2560.a(WString.cpp.o)
                0x0000000000022fb4                _ZN6StringpLERKS_
 .text._ZN6String6concatERKS_
                0x0000000000023018        0x4 /home/jkw/Store/17 - Speedmaster/Firmware/inc/libArduinoCore2560.a(WString.cpp.o)
                0x0000000000023018                _ZN6String6concatERKS_
 .text._ZN6StringaSERKS_
                0x000000000002301c       0x5a /home/jkw/Store/17 - Speedmaster/Firmware/inc/libArduinoCore2560.a(WString.cpp.o)
                0x000000000002301c                _ZN6StringaSERKS_
 .text._ZN6StringC1Eh
                0x0000000000023076       0x32 /home/jkw/Store/17 - Speedmaster/Firmware/inc/libArduinoCore2560.a(WString.cpp.o)
                0x0000000000023076                _ZN6StringC1Eh
 .text._ZN6StringC2Eh
                0x00000000000230a8       0x32 /home/jkw/Store/17 - Speedmaster/Firmware/inc/libArduinoCore2560.a(WString.cpp.o)
                0x00000000000230a8                _ZN6StringC2Eh
 .text._ZN6StringC1Ec
                0x00000000000230da       0x32 /home/jkw/Store/17 - Speedmaster/Firmware/inc/libArduinoCore2560.a(WString.cpp.o)
                0x00000000000230da                _ZN6StringC1Ec
 .text._ZN6StringC2Ec
                0x000000000002310c       0x32 /home/jkw/Store/17 - Speedmaster/Firmware/inc/libArduinoCore2560.a(WString.cpp.o)
                0x000000000002310c                _ZN6StringC2Ec
 .text._ZN6StringC1ERKS_
                0x000000000002313e       0x32 /home/jkw/Store/17 - Speedmaster/Firmware/inc/libArduinoCore2560.a(WString.cpp.o)
                0x000000000002313e                _ZN6StringC1ERKS_
 .text._ZN6StringC2ERKS_
                0x0000000000023170       0x32 /home/jkw/Store/17 - Speedmaster/Firmware/inc/libArduinoCore2560.a(WString.cpp.o)
                0x0000000000023170                _ZN6StringC2ERKS_
 .text._ZN6StringC1Emi
                0x00000000000231a2       0x78 /home/jkw/Store/17 - Speedmaster/Firmware/inc/libArduinoCore2560.a(WString.cpp.o)
                0x00000000000231a2                _ZN6StringC1Emi
 .text._ZN6StringC2Emi
                0x000000000002321a       0x78 /home/jkw/Store/17 - Speedmaster/Firmware/inc/libArduinoCore2560.a(WString.cpp.o)
                0x000000000002321a                _ZN6StringC2Emi
 .text._ZN6StringC1Eji
                0x0000000000023292       0x76 /home/jkw/Store/17 - Speedmaster/Firmware/inc/libArduinoCore2560.a(WString.cpp.o)
                0x0000000000023292                _ZN6StringC1Eji
 .text._ZN6StringC2Eji
                0x0000000000023308       0x76 /home/jkw/Store/17 - Speedmaster/Firmware/inc/libArduinoCore2560.a(WString.cpp.o)
                0x0000000000023308                _ZN6StringC2Eji
 .text._ZN6StringC1EPKc
                0x000000000002337e       0x4c /home/jkw/Store/17 - Speedmaster/Firmware/inc/libArduinoCore2560.a(WString.cpp.o)
                0x000000000002337e                _ZN6StringC1EPKc
 .text._ZNK6String11toUpperCaseEv
                0x00000000000233ca       0x72 /home/jkw/Store/17 - Speedmaster/Firmware/inc/libArduinoCore2560.a(WString.cpp.o)
                0x00000000000233ca                _ZNK6String11toUpperCaseEv
 .text._ZNK6String11toLowerCaseEv
                0x000000000002343c       0x72 /home/jkw/Store/17 - Speedmaster/Firmware/inc/libArduinoCore2560.a(WString.cpp.o)
                0x000000000002343c                _ZNK6String11toLowerCaseEv
 .text._ZNK6String16equalsIgnoreCaseERKS_
                0x00000000000234ae       0x8e /home/jkw/Store/17 - Speedmaster/Firmware/inc/libArduinoCore2560.a(WString.cpp.o)
                0x00000000000234ae                _ZNK6String16equalsIgnoreCaseERKS_
 .text._ZNK6String9substringEjj
                0x000000000002353c       0x6c /home/jkw/Store/17 - Speedmaster/Firmware/inc/libArduinoCore2560.a(WString.cpp.o)
                0x000000000002353c                _ZNK6String9substringEjj
 .text._ZNK6String9substringEj
                0x00000000000235a8       0x16 /home/jkw/Store/17 - Speedmaster/Firmware/inc/libArduinoCore2560.a(WString.cpp.o)
                0x00000000000235a8                _ZNK6String9substringEj
 .text._ZNK6String11lastIndexOfERKS_j
                0x00000000000235be       0xc2 /home/jkw/Store/17 - Speedmaster/Firmware/inc/libArduinoCore2560.a(WString.cpp.o)
                0x00000000000235be                _ZNK6String11lastIndexOfERKS_j
 .text._ZNK6String11lastIndexOfERKS_
                0x0000000000023680       0x18 /home/jkw/Store/17 - Speedmaster/Firmware/inc/libArduinoCore2560.a(WString.cpp.o)
                0x0000000000023680                _ZNK6String11lastIndexOfERKS_
 .text._ZNK6String4trimEv
                0x0000000000023698       0xd0 /home/jkw/Store/17 - Speedmaster/Firmware/inc/libArduinoCore2560.a(WString.cpp.o)
                0x0000000000023698                _ZNK6String4trimEv
 .text._ZN6String7replaceERKS_S1_
                0x0000000000023768      0x118 /home/jkw/Store/17 - Speedmaster/Firmware/inc/libArduinoCore2560.a(WString.cpp.o)
                0x0000000000023768                _ZN6String7replaceERKS_S1_
 .text._ZN6String7replaceEcc
                0x0000000000023880       0x7c /home/jkw/Store/17 - Speedmaster/Firmware/inc/libArduinoCore2560.a(WString.cpp.o)
                0x0000000000023880                _ZN6String7replaceEcc
 .text._ZN6StringC2EPKc
                0x00000000000238fc       0x4c /home/jkw/Store/17 - Speedmaster/Firmware/inc/libArduinoCore2560.a(WString.cpp.o)
                0x00000000000238fc                _ZN6StringC2EPKc
 .text._ZN6StringC1Eli
                0x0000000000023948       0x74 /home/jkw/Store/17 - Speedmaster/Firmware/inc/libArduinoCore2560.a(WString.cpp.o)
                0x0000000000023948                _ZN6StringC1Eli
 .text._ZN6StringC2Eli
                0x00000000000239bc       0x74 /home/jkw/Store/17 - Speedmaster/Firmware/inc/libArduinoCore2560.a(WString.cpp.o)
                0x00000000000239bc                _ZN6StringC2Eli
 .text._ZN6StringC1Eii
                0x0000000000023a30       0x72 /home/jkw/Store/17 - Speedmaster/Firmware/inc/libArduinoCore2560.a(WString.cpp.o)
                0x0000000000023a30                _ZN6StringC1Eii
 .text._ZN6StringC2Eii
                0x0000000000023aa2       0x72 /home/jkw/Store/17 - Speedmaster/Firmware/inc/libArduinoCore2560.a(WString.cpp.o)
                0x0000000000023aa2                _ZN6StringC2Eii
 .text.avr-libc
                0x0000000000023b14      0x266 /usr/lib/gcc/avr/4.5.3/../../../avr/lib/avr6/libc.a(malloc.o)
                0x0000000000023b14                malloc
                0x0000000000023c48                free
 .text.avr-libc
                0x0000000000023d7a        0x6 /usr/lib/gcc/avr/4.5.3/../../../avr/lib/avr6/libc.a(exit.o)
                0x0000000000023d7a                exit
 .text.avr-libc
                0x0000000000023d80       0x12 /usr/lib/gcc/avr/4.5.3/../../../avr/lib/avr6/libc.a(isalpha.o)
                0x0000000000023d80                isupper
                0x0000000000023d84                isalpha
                0x0000000000023d86                islower
 .text.avr-libc
                0x0000000000023d92       0x10 /usr/lib/gcc/avr/4.5.3/../../../avr/lib/avr6/libc.a(isspace.o)
                0x0000000000023d92                isspace
 .text.avr-libc
                0x0000000000023da2       0x10 /usr/lib/gcc/avr/4.5.3/../../../avr/lib/avr6/libc.a(tolower.o)
                0x0000000000023da2                tolower
 .text.avr-libc
                0x0000000000023db2       0x10 /usr/lib/gcc/avr/4.5.3/../../../avr/lib/avr6/libc.a(toupper.o)
                0x0000000000023db2                toupper
 .text.avr-libc
                0x0000000000023dc2       0x12 /usr/lib/gcc/avr/4.5.3/../../../avr/lib/avr6/libc.a(strcmp_P.o)
                0x0000000000023dc2                strcmp_P
 .text.avr-libc
                0x0000000000023dd4        0xe /usr/lib/gcc/avr/4.5.3/../../../avr/lib/avr6/libc.a(strcpy_P.o)
                0x0000000000023dd4                strcpy_P
 .text.avr-libc
                0x0000000000023de2       0x12 /usr/lib/gcc/avr/4.5.3/../../../avr/lib/avr6/libc.a(strlen_P.o)
                0x0000000000023de2                strlen_P
 .text.avr-libc
                0x0000000000023df4       0x1a /usr/lib/gcc/avr/4.5.3/../../../avr/lib/avr6/libc.a(memcmp.o)
                0x0000000000023df4                memcmp
 .text.avr-libc
                0x0000000000023e0e       0x12 /usr/lib/gcc/avr/4.5.3/../../../avr/lib/avr6/libc.a(memcpy.o)
                0x0000000000023e0e                memcpy
 .text.avr-libc
                0x0000000000023e20        0xe /usr/lib/gcc/avr/4.5.3/../../../avr/lib/avr6/libc.a(memset.o)
                0x0000000000023e20                memset
 .text.avr-libc
                0x0000000000023e2e       0x16 /usr/lib/gcc/avr/4.5.3/../../../avr/lib/avr6/libc.a(strcat.o)
                0x0000000000023e2e                strcat
 .text.avr-libc
                0x0000000000023e44       0x16 /usr/lib/gcc/avr/4.5.3/../../../avr/lib/avr6/libc.a(strchr.o)
                0x0000000000023e44                strchr
 .text.avr-libc
                0x0000000000023e5a       0x12 /usr/lib/gcc/avr/4.5.3/../../../avr/lib/avr6/libc.a(strcmp.o)
                0x0000000000023e5a                strcmp
 .text.avr-libc
                0x0000000000023e6c        0xe /usr/lib/gcc/avr/4.5.3/../../../avr/lib/avr6/libc.a(strcpy.o)
                0x0000000000023e6c                strcpy
 .text.avr-libc
                0x0000000000023e7a       0x1c /usr/lib/gcc/avr/4.5.3/../../../avr/lib/avr6/libc.a(strncmp.o)
                0x0000000000023e7a                strncmp
 .text.avr-libc
                0x0000000000023e96       0x1e /usr/lib/gcc/avr/4.5.3/../../../avr/lib/avr6/libc.a(strncpy.o)
                0x0000000000023e96                strncpy
 .text.avr-libc
                0x0000000000023eb4       0x16 /usr/lib/gcc/avr/4.5.3/../../../avr/lib/avr6/libc.a(strrchr.o)
                0x0000000000023eb4                strrchr
 .text.avr-libc
                0x0000000000023eca       0x34 /usr/lib/gcc/avr/4.5.3/../../../avr/lib/avr6/libc.a(strstr.o)
                0x0000000000023eca                strstr
 .text.avr-libc
                0x0000000000023efe       0x40 /usr/lib/gcc/avr/4.5.3/../../../avr/lib/avr6/libc.a(itoa.o)
                0x0000000000023efe                itoa
 .text.avr-libc
                0x0000000000023f3e       0x66 /usr/lib/gcc/avr/4.5.3/../../../avr/lib/avr6/libc.a(ltoa.o)
                0x0000000000023f3e                ltoa
 .text.avr-libc
                0x0000000000023fa4       0x46 /usr/lib/gcc/avr/4.5.3/../../../avr/lib/avr6/libc.a(ultoa.o)
                0x0000000000023fa4                ultoa
 .text.avr-libc
                0x0000000000023fea       0x5e /usr/lib/gcc/avr/4.5.3/../../../avr/lib/avr6/libc.a(sprintf.o)
                0x0000000000023fea                sprintf
 .text.avr-libc.fplib
                0x0000000000024048        0xa /usr/lib/gcc/avr/4.5.3/../../../avr/lib/avr6/libc.a(addsf3.o)
                0x0000000000024048                __subsf3
                0x000000000002404a                __addsf3
 .text.avr-libc.fplib
                0x0000000000024052       0xc0 /usr/lib/gcc/avr/4.5.3/../../../avr/lib/avr6/libc.a(addsf3x.o)
                0x000000000002406c                __addsf3x
 .text.avr-libc.fplib
                0x0000000000024112       0x2e /usr/lib/gcc/avr/4.5.3/../../../avr/lib/avr6/libc.a(asin.o)
                0x0000000000024112                asin
 .text.avr-libc.fplib
                0x0000000000024140        0x8 /usr/lib/gcc/avr/4.5.3/../../../avr/lib/avr6/libc.a(cmpsf2.o)
                0x0000000000024140                __lesf2
                0x0000000000024140                __nesf2
                0x0000000000024140                __eqsf2
                0x0000000000024140                __cmpsf2
                0x0000000000024140                __ltsf2
 .text.avr-libc.fplib
                0x0000000000024148        0x6 /usr/lib/gcc/avr/4.5.3/../../../avr/lib/avr6/libc.a(cos.o)
                0x0000000000024148                cos
 .text.avr-libc.fplib
                0x000000000002414e        0x4 /usr/lib/gcc/avr/4.5.3/../../../avr/lib/avr6/libc.a(divsf3.o)
                0x000000000002414e                __divsf3
 .text.avr-libc.fplib
                0x0000000000024152       0xcc /usr/lib/gcc/avr/4.5.3/../../../avr/lib/avr6/libc.a(divsf3x.o)
                0x0000000000024168                __divsf3x
                0x000000000002416c                __divsf3_pse
 .text.avr-libc.fplib
                0x000000000002421e        0xa /usr/lib/gcc/avr/4.5.3/../../../avr/lib/avr6/libc.a(fixsfsi.o)
                0x000000000002421e                __fixsfsi
 .text.avr-libc.fplib
                0x0000000000024228       0x58 /usr/lib/gcc/avr/4.5.3/../../../avr/lib/avr6/libc.a(fixunssfsi.o)
                0x0000000000024228                __fixunssfsi
 .text.avr-libc.fplib
                0x0000000000024280       0x7a /usr/lib/gcc/avr/4.5.3/../../../avr/lib/avr6/libc.a(floatsisf.o)
                0x0000000000024280                __floatunsisf
                0x0000000000024284                __floatsisf
 .text.avr-libc.fplib
                0x00000000000242fa       0x26 /usr/lib/gcc/avr/4.5.3/../../../avr/lib/avr6/libc.a(floor.o)
                0x00000000000242fa                floor
 .text.avr-libc.fplib
                0x0000000000024320       0x36 /usr/lib/gcc/avr/4.5.3/../../../avr/lib/avr6/libc.a(fp_arccos.o)
                0x0000000000024320                __fp_arccos
 .text.avr-libc.fplib
                0x0000000000024356       0x48 /usr/lib/gcc/avr/4.5.3/../../../avr/lib/avr6/libc.a(fp_cmp.o)
                0x0000000000024356                __fp_cmp
 .text.avr-libc.fplib
                0x000000000002439e        0xc /usr/lib/gcc/avr/4.5.3/../../../avr/lib/avr6/libc.a(fp_inf.o)
                0x000000000002439e                __fp_inf
 .text.avr-libc.fplib
                0x00000000000243aa       0x36 /usr/lib/gcc/avr/4.5.3/../../../avr/lib/avr6/libc.a(fp_mintl.o)
                0x00000000000243aa                __fp_mintl
 .text.avr-libc.fplib
                0x00000000000243e0       0x1c /usr/lib/gcc/avr/4.5.3/../../../avr/lib/avr6/libc.a(fp_mpack.o)