Archive member included because of file (symbol)

/usr/lib/gcc/avr/4.5.3/../../../avr/lib/avr6/libc.a(malloc.o)
                              ./inc/ssd0323.o (malloc)
/usr/lib/gcc/avr/4.5.3/../../../avr/lib/avr6/libc.a(exit.o)
                              /usr/lib/gcc/avr/4.5.3/../../../avr/lib/avr6/crtm2560.o (exit)
/usr/lib/gcc/avr/4.5.3/../../../avr/lib/avr6/libc.a(isalpha.o)
                              ./inc/istream.o (isupper)
/usr/lib/gcc/avr/4.5.3/../../../avr/lib/avr6/libc.a(isspace.o)
                              ./inc/istream.o (isspace)
/usr/lib/gcc/avr/4.5.3/../../../avr/lib/avr6/libc.a(strcmp_P.o)
                              ./config.o (strcmp_P)
/usr/lib/gcc/avr/4.5.3/../../../avr/lib/avr6/libc.a(strcpy_P.o)
                              ./config.o (strcpy_P)
/usr/lib/gcc/avr/4.5.3/../../../avr/lib/avr6/libc.a(strlen_P.o)
                              ./inc/ostream.o (strlen_P)
/usr/lib/gcc/avr/4.5.3/../../../avr/lib/avr6/libc.a(memcmp.o)
                              ./inc/SdFile.o (memcmp)
/usr/lib/gcc/avr/4.5.3/../../../avr/lib/avr6/libc.a(memcpy.o)
                              ./inc/SdFile.o (memcpy)
/usr/lib/gcc/avr/4.5.3/../../../avr/lib/avr6/libc.a(memset.o)
                              ./gps.o (memset)
/usr/lib/gcc/avr/4.5.3/../../../avr/lib/avr6/libc.a(strchr.o)
                              ./inc/SdFile.o (strchr)
/usr/lib/gcc/avr/4.5.3/../../../avr/lib/avr6/libc.a(strcmp.o)
                              ./config.o (strcmp)
/usr/lib/gcc/avr/4.5.3/../../../avr/lib/avr6/libc.a(strcpy.o)
                              ./config.o (strcpy)
/usr/lib/gcc/avr/4.5.3/../../../avr/lib/avr6/libc.a(strncmp.o)
                              ./config.o (strncmp)
/usr/lib/gcc/avr/4.5.3/../../../avr/lib/avr6/libc.a(sprintf.o)
                              ./aktors.o (sprintf)
/usr/lib/gcc/avr/4.5.3/../../../avr/lib/avr6/libc.a(addsf3.o)
                              ./inc/Print.o (__subsf3)
/usr/lib/gcc/avr/4.5.3/../../../avr/lib/avr6/libc.a(addsf3x.o)
                              /usr/lib/gcc/avr/4.5.3/../../../avr/lib/avr6/libc.a(addsf3.o) (__addsf3x)
/usr/lib/gcc/avr/4.5.3/../../../avr/lib/avr6/libc.a(asin.o)
                              ./gps.o (asin)
/usr/lib/gcc/avr/4.5.3/../../../avr/lib/avr6/libc.a(cmpsf2.o)
                              ./main.o (__eqsf2)
/usr/lib/gcc/avr/4.5.3/../../../avr/lib/avr6/libc.a(cos.o)
                              ./display.o (cos)
/usr/lib/gcc/avr/4.5.3/../../../avr/lib/avr6/libc.a(divsf3.o)
                              ./inc/Print.o (__divsf3)
/usr/lib/gcc/avr/4.5.3/../../../avr/lib/avr6/libc.a(divsf3x.o)
                              /usr/lib/gcc/avr/4.5.3/../../../avr/lib/avr6/libc.a(divsf3.o) (__divsf3x)
/usr/lib/gcc/avr/4.5.3/../../../avr/lib/avr6/libc.a(fixsfsi.o)
                              ./inc/Print.o (__fixsfsi)
/usr/lib/gcc/avr/4.5.3/../../../avr/lib/avr6/libc.a(fixunssfsi.o)
                              ./inc/Print.o (__fixunssfsi)
/usr/lib/gcc/avr/4.5.3/../../../avr/lib/avr6/libc.a(floatsisf.o)
                              ./inc/Print.o (__floatunsisf)
/usr/lib/gcc/avr/4.5.3/../../../avr/lib/avr6/libc.a(floor.o)
                              ./inc/ssd0323.o (floor)
/usr/lib/gcc/avr/4.5.3/../../../avr/lib/avr6/libc.a(fp_arccos.o)
                              /usr/lib/gcc/avr/4.5.3/../../../avr/lib/avr6/libc.a(asin.o) (__fp_arccos)
/usr/lib/gcc/avr/4.5.3/../../../avr/lib/avr6/libc.a(fp_cmp.o)
                              /usr/lib/gcc/avr/4.5.3/../../../avr/lib/avr6/libc.a(cmpsf2.o) (__fp_cmp)
/usr/lib/gcc/avr/4.5.3/../../../avr/lib/avr6/libc.a(fp_inf.o)
                              /usr/lib/gcc/avr/4.5.3/../../../avr/lib/avr6/libc.a(addsf3x.o) (__fp_inf)
/usr/lib/gcc/avr/4.5.3/../../../avr/lib/avr6/libc.a(fp_mintl.o)
                              /usr/lib/gcc/avr/4.5.3/../../../avr/lib/avr6/libc.a(floor.o) (__fp_mintl)
/usr/lib/gcc/avr/4.5.3/../../../avr/lib/avr6/libc.a(fp_mpack.o)
                              /usr/lib/gcc/avr/4.5.3/../../../avr/lib/avr6/libc.a(floor.o) (__fp_mpack)
/usr/lib/gcc/avr/4.5.3/../../../avr/lib/avr6/libc.a(fp_nan.o)
                              /usr/lib/gcc/avr/4.5.3/../../../avr/lib/avr6/libc.a(addsf3x.o) (__fp_nan)
/usr/lib/gcc/avr/4.5.3/../../../avr/lib/avr6/libc.a(fp_powser.o)
                              /usr/lib/gcc/avr/4.5.3/../../../avr/lib/avr6/libc.a(fp_arccos.o) (__fp_powser)
/usr/lib/gcc/avr/4.5.3/../../../avr/lib/avr6/libc.a(fp_powsodd.o)
                              /usr/lib/gcc/avr/4.5.3/../../../avr/lib/avr6/libc.a(asin.o) (__fp_powsodd)
/usr/lib/gcc/avr/4.5.3/../../../avr/lib/avr6/libc.a(fp_pscA.o)
                              /usr/lib/gcc/avr/4.5.3/../../../avr/lib/avr6/libc.a(addsf3x.o) (__fp_pscA)
/usr/lib/gcc/avr/4.5.3/../../../avr/lib/avr6/libc.a(fp_pscB.o)
                              /usr/lib/gcc/avr/4.5.3/../../../avr/lib/avr6/libc.a(addsf3x.o) (__fp_pscB)
/usr/lib/gcc/avr/4.5.3/../../../avr/lib/avr6/libc.a(fp_rempio2.o)
[...]
Memory Configuration

Name             Origin             Length             Attributes
text             0x0000000000000000 0x0000000000100000 xr
data             0x0000000000800200 0x000000000000fe00 rw !x
eeprom           0x0000000000810000 0x0000000000010000 rw !x
fuse             0x0000000000820000 0x0000000000000400 rw !x
lock             0x0000000000830000 0x0000000000000400 rw !x
signature        0x0000000000840000 0x0000000000000400 rw !x
*default*        0x0000000000000000 0xffffffffffffffff

Linker script and memory map

Address of section .data set to 0x800200
LOAD /usr/lib/gcc/avr/4.5.3/../../../avr/lib/avr6/crtm2560.o
LOAD ./inc/HardwareSerial.o
LOAD ./inc/I2C.o
LOAD ./inc/Print.o
LOAD ./inc/Sd2Card.o
LOAD ./inc/SdFat.o
LOAD ./inc/SdFatUtil.o
LOAD ./inc/SdFile.o
LOAD ./inc/SdStream.o
LOAD ./inc/SdVolume.o
LOAD ./inc/istream.o
LOAD ./inc/ostream.o
LOAD ./inc/pins_arduino.o
LOAD ./inc/ssd0323.o
LOAD ./inc/wiring.o
LOAD ./inc/wiring_analog.o
LOAD ./inc/wiring_digital.o
LOAD ./inc/wiring_pulse.o
LOAD ./inc/wiring_shift.o
LOAD ./aktors.o
LOAD ./blinker.o
LOAD ./clock_me.o
LOAD ./config.o
LOAD ./debug.o
LOAD ./display.o
LOAD ./dz.o
LOAD ./file_manager_v2.o
LOAD ./fuel.o
LOAD ./gear.o
LOAD ./gps.o
LOAD ./helper.o
LOAD ./main.o
LOAD ./menu.o
LOAD ./oiler.o
LOAD ./reset.o
LOAD ./sd.o
LOAD ./sensors.o
LOAD ./speed.o
LOAD ./speedo.o
LOAD ./sprint.o
LOAD ./stepper.o
LOAD ./temperature.o
LOAD ./tetris.o
LOAD ./timer.o
LOAD ./voltage.o
LOAD /usr/lib/gcc/avr/4.5.3/../../../avr/lib/avr6/libc.a
LOAD /usr/lib/gcc/avr/4.5.3/avr6/libgcc.a
LOAD /usr/lib/gcc/avr/4.5.3/../../../avr/lib/avr6/libm.a
LOAD /usr/lib/gcc/avr/4.5.3/../../../avr/lib/avr6/libc.a
LOAD /usr/lib/gcc/avr/4.5.3/avr6/libgcc.a
LOAD /usr/lib/gcc/avr/4.5.3/../../../avr/lib/avr6/libc.a
LOAD /usr/lib/gcc/avr/4.5.3/avr6/libgcc.a

.hash
 *(.hash)

.dynsym
 *(.dynsym)

.dynstr
 *(.dynstr)

.gnu.version
 *(.gnu.version)

.gnu.version_d
 *(.gnu.version_d)

.gnu.version_r
 *(.gnu.version_r)

.rel.init
 *(.rel.init)

.rela.init
 *(.rela.init)

.rel.text
 *(.rel.text)
 *(.rel.text.*)
 *(.rel.gnu.linkonce.t*)

.rela.text
 *(.rela.text)
 *(.rela.text.*)
 *(.rela.gnu.linkonce.t*)

.rel.fini
 *(.rel.fini)

.rela.fini
 *(.rela.fini)

.rel.rodata
 *(.rel.rodata)
 *(.rel.rodata.*)
 *(.rel.gnu.linkonce.r*)

.rela.rodata
 *(.rela.rodata)
 *(.rela.rodata.*)
 *(.rela.gnu.linkonce.r*)

.rel.data
 *(.rel.data)
 *(.rel.data.*)
 *(.rel.gnu.linkonce.d*)

.rela.data
 *(.rela.data)
 *(.rela.data.*)
 *(.rela.gnu.linkonce.d*)

.rel.ctors
 *(.rel.ctors)

.rela.ctors
 *(.rela.ctors)

.rel.dtors
 *(.rel.dtors)

.rela.dtors
 *(.rela.dtors)

.rel.got
 *(.rel.got)

.rela.got
 *(.rela.got)

.rel.bss
 *(.rel.bss)

.rela.bss
 *(.rela.bss)

.rel.plt
 *(.rel.plt)

.rela.plt
 *(.rela.plt)

.text           0x0000000000000000    0x25b3a
 *(.vectors)
 .vectors       0x0000000000000000       0xe4 /usr/lib/gcc/avr/4.5.3/../../../avr/lib/avr6/crtm2560.o
                0x0000000000000000                __vectors
                0x0000000000000000                __vector_default
 *(.vectors)
 *(.progmem.gcc*)
 .progmem.gcc_fplib
                0x00000000000000e4       0x14 /usr/lib/gcc/avr/4.5.3/../../../avr/lib/avr6/libc.a(asin.o)
 .progmem.gcc_fplib
                0x00000000000000f8       0x28 /usr/lib/gcc/avr/4.5.3/../../../avr/lib/avr6/libc.a(fp_arccos.o)
 .progmem.gcc_fplib
                0x0000000000000120       0x1e /usr/lib/gcc/avr/4.5.3/../../../avr/lib/avr6/libc.a(fp_sinus.o)
 .progmem.gcc_fplib
                0x000000000000013e       0x28 /usr/lib/gcc/avr/4.5.3/../../../avr/lib/avr6/libc.a(exp.o)
 .progmem.gcc_fplib
                0x0000000000000166       0x5a /usr/lib/gcc/avr/4.5.3/../../../avr/lib/avr6/libc.a(log.o)
 *(.progmem*)
 .progmem.data  0x00000000000001c0       0xc0 ./inc/SdFat.o
 .progmem.data  0x0000000000000280       0x13 ./inc/SdFile.o
 .progmem.data  0x0000000000000293        0xb ./inc/istream.o
 .progmem.data  0x000000000000029e       0x13 ./inc/ostream.o
 .progmem.data  0x00000000000002b1      0x120 ./inc/pins_arduino.o
                0x00000000000002b1                port_to_mode_PGM
                0x00000000000002cb                port_to_output_PGM
                0x00000000000002e5                port_to_input_PGM
                0x00000000000002ff                digital_pin_to_port_PGM
                0x0000000000000345                digital_pin_to_bit_mask_PGM
                0x000000000000038b                digital_pin_to_timer_PGM
 .progmem.data  0x00000000000003d1      0xcc0 ./inc/ssd0323.o
 .progmem.data  0x0000000000001091       0xf8 ./aktors.o
 .progmem.data  0x0000000000001189       0x21 ./blinker.o
 .progmem.data  0x00000000000011aa       0x10 ./clock_me.o
 .progmem.data  0x00000000000011ba      0xae7 ./config.o
 .progmem.data  0x0000000000001ca1       0xcb ./display.o
 .progmem.data  0x0000000000001d6c        0xa ./dz.o
 .progmem.data  0x0000000000001d76        0xc ./fuel.o
 .progmem.data  0x0000000000001d82       0x5d ./gear.o
 .progmem.data  0x0000000000001ddf       0x45 ./gps.o
 .progmem.data  0x0000000000001e24       0x42 ./main.o
 .progmem.data  0x0000000000001e66      0x866 ./menu.o
                0x0000000000001e66                main_m_0
                0x0000000000001e73                main_m_1
                0x0000000000001e83                main_m_2
                0x0000000000001e95                main_m_3
                0x0000000000001e9a                main_m_4
                0x0000000000001eab                main_m_5
                0x0000000000001eb8                main_m_6
                0x0000000000001ec7                main_m_7
                0x0000000000001ed7                main_m_8
                0x0000000000001ee4                menu_main
                0x0000000000001ef6                setup_m_0
                0x0000000000001f05                setup_m_1
                0x0000000000001f15                setup_m_2
                0x0000000000001f26                setup_m_3
                0x0000000000001f36                setup_m_4
                0x0000000000001f49                setup_m_5
                0x0000000000001f5b                setup_m_6
                0x0000000000001f6f                setup_m_7
                0x0000000000001f81                setup_m_8
                0x0000000000001f86                menu_setup
                0x0000000000001f98                custom_m_0
                0x0000000000001fa5                custom_m_1
                0x0000000000001fb3                custom_m_2
                0x0000000000001fc2                custom_m_3
                0x0000000000001fc7                custom_m_4
                0x0000000000001fd7                custom_m_5
                0x0000000000001fdc                custom_m_6
                0x0000000000001fea                custom_m_7
                0x0000000000001fef                custom_m_8
                0x0000000000001ff4                menu_custom
                0x0000000000002006                fade_m_0
                0x0000000000002016                fade_m_1
                0x0000000000002025                fade_m_2
                0x0000000000002032                fade_m_3
                0x0000000000002044                fade_m_4
                0x0000000000002058                fade_m_5
                0x000000000000205d                fade_m_6
                0x0000000000002062                fade_m_7
                0x0000000000002067                fade_m_8
                0x000000000000206c                menu_fade
                0x000000000000207e                einfo_m_0
                0x000000000000208f                einfo_m_1
                0x00000000000020a0                einfo_m_2
                0x00000000000020ab                einfo_m_3
                0x00000000000020b6                einfo_m_4
                0x00000000000020bb                einfo_m_5
                0x00000000000020cc                einfo_m_6
                0x00000000000020de                einfo_m_7
                0x00000000000020e7                einfo_m_8
                0x00000000000020f1                menu_einfo
                0x0000000000002103                navi_m_0
                0x0000000000002115                navi_m_1
                0x0000000000002124                navi_m_2
                0x0000000000002130                navi_m_3
                0x0000000000002140                navi_m_4
                0x0000000000002145                navi_m_5
                0x000000000000214a                navi_m_6
                0x000000000000214f                navi_m_7
                0x0000000000002154                navi_m_8
                0x0000000000002159                menu_navi
                0x000000000000216b                titel_0
                0x0000000000002179                titel_1
                0x000000000000217a                titel_2
                0x000000000000217b                titel_3
                0x000000000000218a                titel_4
                0x000000000000218b                titel_5
                0x000000000000219b                titel_6
                0x00000000000021a9                titel_7
                0x00000000000021b3                titel_8
                0x00000000000021c0                titel_9
                0x00000000000021c1                menu_titel
                0x00000000000021d5                trip_setup_m_0
                0x00000000000021db                trip_setup_m_1
                0x00000000000021e8                trip_setup_m_2
                0x00000000000021ec                trip_setup_m_3
                0x00000000000021f1                trip_setup_m_4
                0x00000000000021fc                trip_setup_m_5
                0x0000000000002201                trip_setup_m_6
                0x0000000000002207                trip_setup_m_7
                0x000000000000220e                trip_setup_m_8
                0x0000000000002214                menu_trip_setup
 .progmem.data  0x00000000000026cc       0x1d ./oiler.o
 .progmem.data  0x00000000000026e9       0x19 ./reset.o
 .progmem.data  0x0000000000002702       0x15 ./sd.o
 .progmem.data  0x0000000000002717      0x147 ./sensors.o
 .progmem.data  0x000000000000285e       0x30 ./speed.o
 .progmem.data  0x000000000000288e       0xbc ./speedo.o
 .progmem.data  0x000000000000294a        0xe ./sprint.o
 .progmem.data  0x0000000000002958       0x13 ./stepper.o
 .progmem.data  0x000000000000296b        0xc ./temperature.o
 .progmem.data  0x0000000000002977       0x45 ./tetris.o
                0x00000000000029bc                . = ALIGN (0x2)
                0x00000000000029bc                __trampolines_start = .
 *(.trampolines)
 .trampolines   0x00000000000029bc        0x0 linker stubs
 *(.trampolines*)
                0x00000000000029bc                __trampolines_end = .
 *(.jumptables)
 *(.jumptables*)
 *(.lowtext)
 *(.lowtext*)
                0x00000000000029bc                __ctors_start = .
 *(.ctors)
 .ctors         0x00000000000029bc        0x2 ./inc/HardwareSerial.o
 .ctors         0x00000000000029be        0x2 ./inc/I2C.o
 .ctors         0x00000000000029c0        0x2 ./main.o
                0x00000000000029c2                __ctors_end = .
                0x00000000000029c2                __dtors_start = .
 *(.dtors)
                0x00000000000029c2                __dtors_end = .
 SORT(*)(.ctors)
 SORT(*)(.dtors)
 *(.init0)
 .init0         0x00000000000029c2        0x0 /usr/lib/gcc/avr/4.5.3/../../../avr/lib/avr6/crtm2560.o
                0x00000000000029c2                __init
 *(.init0)
 *(.init1)
 *(.init1)
 *(.init2)
 .init2         0x00000000000029c2       0x10 /usr/lib/gcc/avr/4.5.3/../../../avr/lib/avr6/crtm2560.o
 *(.init2)
 *(.init3)
 *(.init3)
 *(.init4)
 .init4         0x00000000000029d2       0x1a /usr/lib/gcc/avr/4.5.3/avr6/libgcc.a(_copy_data.o)
                0x00000000000029d2                __do_copy_data
 .init4         0x00000000000029ec       0x10 /usr/lib/gcc/avr/4.5.3/avr6/libgcc.a(_clear_bss.o)
                0x00000000000029ec                __do_clear_bss
 *(.init4)
 *(.init5)
 *(.init5)
 *(.init6)
 .init6         0x00000000000029fc       0x20 /usr/lib/gcc/avr/4.5.3/avr6/libgcc.a(_ctors.o)
                0x00000000000029fc                __do_global_ctors
 *(.init6)
 *(.init7)
 *(.init7)
 *(.init8)
 *(.init8)
 *(.init9)
 .init9         0x0000000000002a1c        0x8 /usr/lib/gcc/avr/4.5.3/../../../avr/lib/avr6/crtm2560.o
 *(.init9)
 *(.text)
 .text          0x0000000000002a24        0x4 /usr/lib/gcc/avr/4.5.3/../../../avr/lib/avr6/crtm2560.o
                0x0000000000002a24                __vector_38
                0x0000000000002a24                __vector_22
                0x0000000000002a24                __vector_28
                0x0000000000002a24                __vector_1
                0x0000000000002a24                __vector_32
                0x0000000000002a24                __vector_34
                0x0000000000002a24                __vector_24
                0x0000000000002a24                __vector_12
                0x0000000000002a24                __vector_55
                0x0000000000002a24                __vector_46
                0x0000000000002a24                __bad_interrupt
                0x0000000000002a24                __vector_31
                0x0000000000002a24                __vector_39
                0x0000000000002a24                __vector_3
                0x0000000000002a24                __vector_30
                0x0000000000002a24                __vector_45
                0x0000000000002a24                __vector_11
                0x0000000000002a24                __vector_13
                0x0000000000002a24                __vector_17
                0x0000000000002a24                __vector_19
                0x0000000000002a24                __vector_56
                0x0000000000002a24                __vector_7
                0x0000000000002a24                __vector_49
                0x0000000000002a24                __vector_41
                0x0000000000002a24                __vector_43
                0x0000000000002a24                __vector_27
                0x0000000000002a24                __vector_33
                0x0000000000002a24                __vector_47
                0x0000000000002a24                __vector_52
                0x0000000000002a24                __vector_37
                0x0000000000002a24                __vector_4
                0x0000000000002a24                __vector_44
                0x0000000000002a24                __vector_9
                0x0000000000002a24                __vector_2
                0x0000000000002a24                __vector_21
                0x0000000000002a24                __vector_15
                0x0000000000002a24                __vector_29
                0x0000000000002a24                __vector_40
                0x0000000000002a24                __vector_8
                0x0000000000002a24                __vector_26
                0x0000000000002a24                __vector_48
                0x0000000000002a24                __vector_14
                0x0000000000002a24                __vector_53
                0x0000000000002a24                __vector_50
                0x0000000000002a24                __vector_16
                0x0000000000002a24                __vector_18
                0x0000000000002a24                __vector_20
                0x0000000000002a24                __vector_42
 .text          0x0000000000002a28      0x5f4 ./inc/HardwareSerial.o
                0x0000000000002a28                _ZN14HardwareSerial9availableEv
                0x0000000000002a52                _ZN14HardwareSerial4peekEv
                0x0000000000002a86                _ZN14HardwareSerial4readEv
                0x0000000000002ace                _ZN14HardwareSerial5flushEv
                0x0000000000002af0                _ZN14HardwareSerial5writeEh
                0x0000000000002b16                _Z10store_charhP11ring_buffer
                0x0000000000002b5c                __vector_25
                0x0000000000002bb2                __vector_51
                0x0000000000002c08                __vector_54
                0x0000000000002c5e                _ZN14HardwareSerialC1EP11ring_bufferPVhS3_S3_S3_S3_hhhhh
                0x0000000000002c5e                _ZN14HardwareSerialC2EP11ring_bufferPVhS3_S3_S3_S3_hhhhh
                0x0000000000002cbe                _ZN14HardwareSerial5beginEl
                0x0000000000002e8c                _ZN14HardwareSerial3endEv
 .text          0x000000000000301c      0xa18 ./inc/I2C.o
                0x000000000000301c                _ZN3I2CC1Ev
                0x000000000000301c                _ZN3I2CC2Ev
                0x000000000000301e                _ZN3I2C5beginEv
                0x0000000000003040                _ZN3I2C3endEv
                0x0000000000003046                _ZN3I2C7timeOutEj
                0x0000000000003050                _ZN3I2C8setSpeedEh
                0x0000000000003060                _ZN3I2C6pullupEh
                0x0000000000003070                _ZN3I2C9availableEv
                0x0000000000003076                _ZN3I2C7receiveEv
                0x00000000000030a0                _ZN3I2C5startEv
                0x0000000000003144                _ZN3I2C11receiveByteEh
                0x00000000000031da                _ZN3I2C4stopEv
                0x0000000000003242                _ZN3I2C8sendByteEh
                0x00000000000032e6                _ZN3I2C11sendAddressEh
                0x00000000000033a2                _ZN3I2C4readEhhhPh
                0x00000000000034ce                _ZN3I2C4readEhhPh
                0x00000000000035aa                _ZN3I2C4readEhhh
                0x00000000000036d8                _ZN3I2C4readEiii
                0x00000000000036da                _ZN3I2C4readEhh
                0x00000000000037b6                _ZN3I2C4readEii
                0x00000000000037b8                _ZN3I2C5writeEhhPhh
                0x000000000000385e                _ZN3I2C5writeEhhPc
                0x0000000000003884                _ZN3I2C5writeEhhh
                0x00000000000038f8                _ZN3I2C5writeEiii
                0x00000000000038fa                _ZN3I2C5writeEhh
                0x0000000000003972                _ZN3I2C5writeEii
                0x0000000000003974                _ZN3I2C4scanEv
                0x0000000000003a26                _ZN3I2C6lockUpEv
 .text          0x0000000000003a34      0x4a0 ./inc/Print.o
                0x0000000000003a34                _ZN5Print5writeEPKc
                0x0000000000003a66                _ZN5Print5writeEPKhj
                0x0000000000003aa4                _ZN5Print5printEPKc
                0x0000000000003ab4                _ZN5Print11printNumberEmh
                0x0000000000003bb6                _ZN5Print5printEmi
                0x0000000000003bd0                _ZN5Print5printEji
                0x0000000000003bda                _ZN5Print5printEhi
                0x0000000000003be6                _ZN5Print6printpEPKc
                0x0000000000003c1c                _ZN5Print5printEli
                0x0000000000003c84                _ZN5Print5printEii
                0x0000000000003c94                _ZN5Print5printEci
                0x0000000000003ca0                _ZN5Print7printlnEv
                0x0000000000003cca                _ZN5Print7printlnEmi
                0x0000000000003cdc                _ZN5Print7printlnEji
                0x0000000000003cf6                _ZN5Print7printlnEhi
                0x0000000000003d12                _ZN5Print7printlnEPKc
                0x0000000000003d24                _ZN5Print7printlnEli
                0x0000000000003d36                _ZN5Print7printlnEii
                0x0000000000003d58                _ZN5Print7printlnEci
                0x0000000000003d74                _ZN5Print10printFloatEdh
                0x0000000000003ec0                _ZN5Print5printEdi
                0x0000000000003ec2                _ZN5Print7printlnEdi
 .text          0x0000000000003ed4      0x916 ./inc/Sd2Card.o
                0x0000000000003ee6                _ZN7Sd2Card14chipSelectHighEv
                0x0000000000003ef0                _ZN7Sd2Card13chipSelectLowEv
                0x0000000000003efa                _ZN7Sd2Card7readEndEv
                0x0000000000003f3e                _ZN7Sd2Card16partialBlockReadEh
                0x0000000000003f64                _ZN7Sd2Card10setSckRateEh
                0x0000000000003faa                _ZN7Sd2Card11waitNotBusyEj
                0x0000000000003fde                _ZN7Sd2Card11cardCommandEhm
                0x0000000000004070                _ZN7Sd2Card8cardAcmdEhm
                0x00000000000040aa                _ZN7Sd2Card4initEhh
                0x00000000000041fc                _ZN7Sd2Card14waitStartBlockEv
                0x0000000000004246                _ZN7Sd2Card12readRegisterEhPv
                0x00000000000042b0                _ZN7Sd2Card7readCSDEP5csd_t
                0x00000000000042b6                _ZN7Sd2Card22eraseSingleBlockEnableEv
                0x00000000000042f6                _ZN7Sd2Card5eraseEmm
                0x00000000000043ae                _ZN7Sd2Card8cardSizeEv
                0x00000000000044b4                _ZN7Sd2Card8readDataEmjjPh
                0x00000000000045ec                _ZN7Sd2Card9readBlockEmPh
                0x000000000000460a                _ZN7Sd2Card9writeDataEhPKh
                0x0000000000004666                _ZN7Sd2Card9writeDataEPKh
                0x000000000000469a                _ZN7Sd2Card10writeBlockEmPKh
                0x000000000000473c                _ZN7Sd2Card10writeStartEmm
                0x00000000000047b2                _ZN7Sd2Card9writeStopEv
 .text          0x00000000000047ea      0x43a ./inc/SdFat.o
                0x00000000000047ea                _ZN8SdVolume4initEP7Sd2Card
                0x0000000000004818                _ZN6SdFileD1Ev
                0x000000000000482e                _ZN5SdFat5chdirEv
                0x000000000000485e                _ZN5SdFat5chdirEPKc
                0x0000000000004950                _ZN5SdFat10errorPrintEv
                0x000000000000497a                _ZN5SdFat9errorHaltEv
                0x000000000000497e                _ZN5SdFat10errorPrintEPKc
                0x00000000000049a6                _ZN5SdFat9errorHaltEPKc
                0x00000000000049aa                _ZN5SdFat12errorPrint_PEPKc
                0x00000000000049ce                _ZN5SdFat11errorHalt_PEPKc
                0x00000000000049d2                _ZN5SdFat6existsEPKc
                0x00000000000049d8                _ZN5SdFat4initEhh
                0x0000000000004a0a                _ZN5SdFat14initErrorPrintEv
                0x0000000000004a52                _ZN5SdFat13initErrorHaltEv
                0x0000000000004a56                _ZN5SdFat2lsEh
                0x0000000000004a64                _ZN5SdFat2lsEP5Printh
                0x0000000000004a6c                _ZN5SdFat5mkdirEPKcb
                0x0000000000004aca                _ZN5SdFat6removeEPKc
                0x0000000000004ad0                _ZN5SdFat6renameEPKcS1_
                0x0000000000004b4c                _ZN5SdFat5rmdirEPKc
                0x0000000000004bac                _ZN5SdFat8truncateEPKcm
 .text          0x0000000000004c24       0x88 ./inc/SdFatUtil.o
                0x0000000000004c24                _ZN9SdFatUtil7FreeRamEv
                0x0000000000004c5e                _ZN9SdFatUtil7print_PEP5PrintPKc
                0x0000000000004c8a                _ZN9SdFatUtil9println_PEP5PrintPKc
                0x0000000000004c9c                _ZN9SdFatUtil13SerialPrint_PEPKc
                0x0000000000004ca4                _ZN9SdFatUtil15SerialPrintln_PEPKc
 .text          0x0000000000004cac     0x27b2 ./inc/SdFile.o
                0x0000000000004cd8                _ZN8SdVolume9fatPutEOCEm
                0x0000000000004cee                _ZN6SdFile10addClusterEv
                0x0000000000004d42                _ZN6SdFile13addDirClusterEv
                0x0000000000004e5c                _ZN6SdFile13cacheDirEntryEh
                0x0000000000004e98                _ZN6SdFile15contiguousRangeEPmS0_
                0x0000000000004ffc                _ZN6SdFile7dirNameERK14directoryEntryPc
                0x0000000000005038                _ZN6SdFile11getFilenameEPc
                0x000000000000506c                _ZN6SdFile6getposEP6fpos_t
                0x000000000000509a                _ZN6SdFile10make83NameEPKcPhPS1_
                0x000000000000511c                _ZN6SdFile8openRootEP8SdVolume
                0x00000000000051c2                _ZN6SdFile12printDirNameEP5PrintRK14directoryEntryhb
                0x0000000000005252                _ZN6SdFile12printDirNameERK14directoryEntryhb
                0x0000000000005262                _ZN6SdFile12printFatDateEP5Printj
                0x00000000000052bc                _ZN6SdFile12printFatDateEj
                0x00000000000052c4                _ZN6SdFile12printFatTimeEP5Printj
                0x0000000000005318                _ZN6SdFile12printFatTimeEj
                0x0000000000005320                _ZN6SdFile9printNameEv
                0x000000000000536c                _ZN6SdFile4readEPvj
                0x00000000000055ce                _ZN6SdFile4readEv
                0x00000000000055fe                _ZN6SdFile4peekEv
                0x0000000000005654                _ZN6SdFile11lsPrintNextEP5Printhh
                0x00000000000057d4                _ZN6SdFile9lsJKWNextEPciPm
                0x00000000000058e8                _ZN6SdFile5fgetsEPciS0_
                0x00000000000059bc                _ZN6SdFile7readDirEP14directoryEntry
                0x0000000000005a26                _ZN6SdFile12readDirCacheEv
                0x0000000000005a9c                _ZN6SdFile7seekSetEm
                0x0000000000005bd4                _ZN6SdFile7seekEndEl
                0x0000000000005bf2                _ZN6SdFile6rewindEv
                0x0000000000005bfa                _ZN6SdFile6setposEP6fpos_t
                0x0000000000005c26                _ZN6SdFile4syncEv
                0x0000000000005cba                _ZN6SdFile8dirEntryEP14directoryEntry
                0x0000000000005cfc                _ZN6SdFile5closeEv
                0x0000000000005d2a                _ZN6SdFile9timestampEhjhhhhh
                0x0000000000005e5a                _ZN6SdFile8truncateEm
                0x0000000000005fc2                _ZN6SdFile6removeEv
                0x0000000000005ff6                _ZN6SdFile5rmdirEv
                0x0000000000006080                _ZN6SdFile15openCachedEntryEhh
                0x000000000000618c                _ZN6SdFile8openNextEPS_h
                0x0000000000006222                _ZN6SdFile4openEPS_jh
                0x00000000000062a2                _ZN6SdFile8rmRfStarEv
                0x00000000000063dc                _ZN6SdFile2lsEP5Printhh
                0x00000000000064d8                _ZN6SdFile2lsEh
                0x00000000000064e2                _ZN6SdFile10openParentEPS_
                0x00000000000066de                _ZN6SdFile4openEPS_PKhh
                0x000000000000686a                _ZN6SdFile4openEPS_PKch
                0x0000000000006a02                _ZN6SdFile6removeEPS_PKc
                0x0000000000006a66                _ZN6SdFile4openEPKch
                0x0000000000006a76                _ZN6SdFileC1EPKch
                0x0000000000006a76                _ZN6SdFileC2EPKch
                0x0000000000006a86                _ZN6SdFile6existsEPKc
                0x0000000000006ae0                _ZN6SdFile16createContiguousEPS_PKcm
                0x0000000000006b6c                _ZN6SdFile5mkdirEPS_PKh
                0x0000000000006cee                _ZN6SdFile5mkdirEPS_PKcb
                0x0000000000006e9e                _ZN6SdFile6renameEPS_PKc
                0x0000000000007092                _ZN6SdFile5writeEPKvj
                0x00000000000073e2                _ZN6SdFile5writeEPKc
                0x00000000000073f6                _ZN6SdFile5writeEh
                0x0000000000007416                _ZN6SdFile7write_PEPKc
                0x0000000000007448                _ZN6SdFile9writeln_PEPKc
 .text          0x000000000000745e      0x2c8 ./inc/SdStream.o
                0x000000000000745e                _ZN6SdFile7seekCurEl
                0x000000000000747e                _ZN6SdBase5getchEv
                0x0000000000007538                _ZN6SdBase4openEPKch
                0x00000000000075f8                _ZN6SdBase5putchEc
                0x0000000000007658                _ZN6SdBase6putstrEPKc
                0x00000000000076d8                _ZN6SdBase7seekoffElN8ios_base7seekdirE
                0x0000000000007722                _ZN6SdBase7seekposEm
 .text          0x0000000000007726      0xa8e ./inc/SdVolume.o
                0x0000000000007726                _ZN8SdVolume10cacheFlushEv
                0x00000000000077a0                _ZN8SdVolume13cacheRawBlockEmh
                0x0000000000007824                _ZNK8SdVolume6fatGetEmPm
                0x0000000000007924                _ZNK8SdVolume9chainSizeEmPm
                0x0000000000007a0a                _ZN8SdVolume6fatPutEmm
                0x0000000000007b46                _ZN8SdVolume15allocContiguousEmPm
                0x0000000000007d64                _ZN8SdVolume9freeChainEm
                0x0000000000007e1a                _ZN8SdVolume16freeClusterCountEv
                0x0000000000007f4e                _ZN8SdVolume4initEP7Sd2Cardh
 .text          0x00000000000081b4      0xd62 ./inc/istream.o
                0x00000000000081b4                _ZN7istream5getchEP6fpos_t
                0x00000000000081da                _ZN7istream3getEv
                0x000000000000821e                _ZN7istream3getERc
                0x000000000000823c                _ZN7istream3getEPcmc
                0x0000000000008354                _ZN7istream7getlineEPcmc
                0x000000000000848c                _ZN7istream6ignoreEmi
                0x00000000000084f4                _ZN7istream4peekEv
                0x00000000000085a8                _ZN7istream8readSkipEv
                0x00000000000085ee                _ZN7istream6getStrEPc
                0x0000000000008740                _ZN7istream9getNumberEmmPm
                0x00000000000089c8                _ZN7istream8getFloatEPf
                0x0000000000008d1c                _ZN7istream7getCharEPc
                0x0000000000008d54                _ZN7istream9skipWhiteEv
                0x0000000000008dc4                _ZN7istream9getNumberIbEEvPT_
                0x0000000000008e2e                _ZN7istream7getBoolEPb
 .text          0x0000000000008f16      0x64a ./inc/ostream.o
                0x0000000000008f16                _ZN7ostream7do_fillEj
                0x0000000000008f66                _ZN7ostream13fill_not_leftEj
                0x0000000000008f8c                _ZN7ostream6fmtNumEmPch
                0x0000000000009028                _ZN7ostream7putCharEc
                0x0000000000009058                _ZN7ostream6putNumEmb
                0x00000000000091bc                _ZN7ostream6putNumEl
                0x00000000000091f6                _ZN7ostream6putPgmERK3pgm
                0x0000000000009248                _ZN7ostream9putDoubleEd
                0x00000000000094bc                _ZN7ostream7putBoolEb
                0x0000000000009518                _ZN7ostream6putStrEPKc
 .text          0x0000000000009560        0x0 ./inc/pins_arduino.o
 .text          0x0000000000009560     0x1aec ./inc/ssd0323.o
                0x0000000000009560                _ZN7ssd032310senden_spiEh
                0x0000000000009584                _ZN7ssd032312send_commandEh
                0x000000000000958c                _ZN7ssd03239send_charEh
                0x0000000000009590                _ZN7ssd032312clear_screenEv
                0x00000000000095d6                _ZN7ssd032310set2pixelsEhhhh
                0x0000000000009644                _ZN7ssd03234lineEhhhhh
                0x0000000000009afe                _ZN7ssd032314zeichen_big_1xEPhhiiiih
                0x0000000000009d7a                _ZN7ssd032316zeichen_small_1xEPhhiiiih
                0x0000000000009f14                _ZN7ssd032316zeichen_small_2xEPhhiiiih
                0x000000000000a10e                _ZN7ssd032316zeichen_small_3xEPhhiiiih
                0x000000000000a396                _ZN7ssd032316zeichen_small_4xEPhhiiiih
                0x000000000000a5de                _ZN7ssd03236stringEsPKchhhhh
                0x000000000000abe6                _ZN7ssd03236stringEsPKchh
                0x000000000000ac02                _ZN7ssd03238string_PEsPKchhhhh
                0x000000000000ac9e                _ZN7ssd03238string_PEsPKchh
                0x000000000000acba                _ZN7ssd032311filled_rectEhhhhh
                0x000000000000ad90                _ZN7ssd032313highlight_barEhhhh
                0x000000000000ae86                _ZN7ssd03234initEhh
                0x000000000000b04a                _ZN7ssd0323C1Ev
                0x000000000000b04a                _ZN7ssd0323C2Ev
 .text          0x000000000000b04c      0x21a ./inc/wiring.o
                0x000000000000b04c                __vector_23
                0x000000000000b0dc                millis
                0x000000000000b0f8                micros
                0x000000000000b144                delay
                0x000000000000b18e                delayMicroseconds
                0x000000000000b1a2                init
 .text          0x000000000000b266      0x1e0 ./inc/wiring_analog.o
                0x000000000000b266                analogReference
                0x000000000000b26c                analogRead
                0x000000000000b2d2                analogWrite
 .text          0x000000000000b446      0x274 ./inc/wiring_digital.o
                0x000000000000b446                pinMode
                0x000000000000b48e                digitalWrite
                0x000000000000b5ac                digitalRead
 .text          0x000000000000b6ba      0x10c ./inc/wiring_pulse.o
                0x000000000000b6ba                pulseIn
 .text          0x000000000000b7c6       0xfc ./inc/wiring_shift.o
                0x000000000000b7c6                shiftIn
                0x000000000000b842                shiftOut
 .text          0x000000000000b8c2     0x12ca ./aktors.o
                0x000000000000b8c2                _ZN13Speedo_aktorsC2Ev
                0x000000000000b8c2                _ZN13Speedo_aktorsC1Ev
                0x000000000000b8e8                _ZN13Speedo_aktorsD2Ev
                0x000000000000b8e8                _ZN13Speedo_aktorsD1Ev
                0x000000000000b8ea                _ZN13Speedo_aktors10clear_varsEv
                0x000000000000b91e                _ZN13Speedo_aktors10check_varsEv
                0x000000000000ba00                _ZN13Speedo_aktors11set_rgb_outEiiii
                0x000000000000baa8                _ZN13Speedo_aktors11set_rgb_outEiii
                0x000000000000bab8                _ZN13Speedo_aktors11dimm_rgb_toEiiii
                0x000000000000bb40                _ZN13Speedo_aktors14timer_overflowEv
                0x000000000000bdb4                __vector_35
                0x000000000000be0a                _ZN13Speedo_aktors11stop_dimmerEv
                0x000000000000be16                _ZN13Speedo_aktors14dimm_availableEv
                0x000000000000be32                _ZN13Speedo_aktors17set_active_dimmerEb
                0x000000000000be3c                _ZN13Speedo_aktors17update_outer_ledsEbb
                0x000000000000c3c4                _ZN13Speedo_aktors4initEv
                0x000000000000c468                _ZN13Speedo_aktors6ask_btEPc
                0x000000000000c566                _ZN13Speedo_aktors10set_bt_pinEv
 .text          0x000000000000cb8c      0x198 ./blinker.o
                0x000000000000cb8c                _ZN13moped_blinkerC1Ev
                0x000000000000cb8c                _ZN13moped_blinkerC2Ev
                0x000000000000cb8e                _ZN13moped_blinkerD2Ev
                0x000000000000cb8e                _ZN13moped_blinkerD1Ev
                0x000000000000cb90                _ZN13moped_blinker9set_startEmi
                0x000000000000cbc6                _ZN13moped_blinker5checkEv
                0x000000000000cc7e                _ZN13moped_blinker4warnEm
                0x000000000000ccc2                _ZN13moped_blinker4initEv
                0x000000000000ccda                _ZN13moped_blinker10clear_varsEv
                0x000000000000ccee                _ZN13moped_blinker10check_varsEv
 .text          0x000000000000cd24      0x322 ./clock_me.o
                0x000000000000cd24                _ZN12speedo_clockC2Ev
                0x000000000000cd24                _ZN12speedo_clockC1Ev
                0x000000000000cd26                _ZN12speedo_clockD1Ev
                0x000000000000cd26                _ZN12speedo_clockD2Ev
                0x000000000000cd28                _ZN12speedo_clock7changedEPi
                0x000000000000cd4e                _ZN12speedo_clock8decToBcdEc
                0x000000000000cd5e                _ZN12speedo_clock8bcdToDecEc
                0x000000000000cd76                _ZN12speedo_clock13set_date_timeEiiiiiiii
                0x000000000000ce7c                _ZN12speedo_clock4initEv
                0x000000000000ce8c                _ZN12speedo_clock10clear_varsEv
                0x000000000000ceac                _ZN12speedo_clock10check_varsEv
                0x000000000000ceb0                _ZN12speedo_clock7getdateEv
                0x000000000000ced4                _ZN12speedo_clock13get_long_dateEv
                0x000000000000cf60                _ZN12speedo_clock9get_daylsEv
                0x000000000000cf68                _ZN12speedo_clock6get_ssEv
                0x000000000000cf72                _ZN12speedo_clock3incEv
                0x000000000000cfbe                _ZN12speedo_clock4copyEPc
 .text          0x000000000000d046     0x43be ./config.o
                0x000000000000d05c                _ZN13configurationC2Ev
                0x000000000000d05c                _ZN13configurationC1Ev
                0x000000000000d05e                _ZN13configurationD1Ev
                0x000000000000d05e                _ZN13configurationD2Ev
                0x000000000000d060                _ZN13configuration14get_hw_versionEv
                0x000000000000d0b8                _ZN13configuration8ram_infoEv
                0x000000000000d0f4                _ZN13configuration5writeEPKc
                0x000000000000f05e                _ZN13configuration10clear_varsEv
                0x000000000000f07c                _ZN13configuration11parse_floatEPciPf
                0x000000000000f2fe                _ZN13configuration10parse_boolEPciPb
                0x000000000000f33a                _ZN13configuration9parse_intEPciPi
                0x000000000000f390                _ZN13configuration11parse_shortEPciPs
                0x000000000000f3da                _ZN13configuration7parse_aEPciS0_i
                0x000000000000f448                _ZN13configuration8parse_ulEPciPm
                0x000000000000f4f2                _ZN13configuration5parseEPc
                0x0000000000010cdc                _ZN13configuration4readEPKc
                0x0000000000010f60                _ZN13configuration9read_skinEv
                0x0000000000010ff4                _ZN13configuration7km_saveEv
                0x00000000000111cc                _ZN13configuration14day_trip_checkEv
                0x00000000000112d6                _ZN13configuration11EEPROM_initEv
 .text          0x0000000000011404       0x6e ./debug.o
                0x0000000000011404                _ZN9debuggingC1Ev
                0x0000000000011404                _ZN9debuggingC2Ev
                0x0000000000011406                _ZN9debuggingD1Ev
                0x0000000000011406                _ZN9debuggingD2Ev
                0x0000000000011408                _ZN9debugging7sprintpEPKc
                0x0000000000011432                _ZN9debugging9sprintlnpEPKc
                0x0000000000011464                _ZN9debugging11parse_floatEiPciii
                0x0000000000011466                _ZN9debugging9parse_intEv
                0x0000000000011468                _ZN9debugging5parseEiPc
                0x000000000001146a                _ZN9debugging7parse_aEiPc
                0x000000000001146c                _ZN9debugging8parse_ulEim
                0x000000000001146e                _ZN9debugging11speedo_loopEiimPKc
                0x0000000000011470                _ZN9debugging4loopEv
 .text          0x0000000000011472     0x1c20 ./display.o
                0x0000000000011488                _ZN11speedo_dispC1Ev
                0x0000000000011488                _ZN11speedo_dispC2Ev
                0x000000000001148c                _ZN11speedo_dispD2Ev
                0x000000000001148c                _ZN11speedo_dispD1Ev
                0x000000000001148e                _ZN11speedo_disp8draw_oilEhh
                0x0000000000011758                _ZN11speedo_disp10draw_waterEhh
                0x0000000000011a22                _ZN11speedo_disp8draw_airEhh
                0x0000000000011b2c                _ZN11speedo_disp9draw_fuelEhh
                0x0000000000011c56                _ZN11speedo_disp10draw_clockEhh
                0x0000000000011d80                _ZN11speedo_disp12draw_blitzerEhh
                0x0000000000011ffa                _ZN11speedo_disp10draw_arrowEiii
                0x00000000000125d6                _ZN11speedo_disp6sd2ssdEPci
                0x00000000000127a2                _ZN11speedo_disp11show_storryEPcjS0_j
                0x0000000000012a3e                _ZN11speedo_disp14show_animationEPKc
                0x0000000000012d36                _ZN11speedo_disp12disp_waitingEihh
                0x0000000000012dea                _ZN11speedo_disp9animationEi
                0x0000000000012e7c                _ZN11speedo_disp11init_speedoEv
 .text          0x0000000000013092      0x3b6 ./dz.o
                0x0000000000013092                _ZN9speedo_dzC2Ev
                0x0000000000013092                _ZN9speedo_dzC1Ev
                0x0000000000013094                _ZN9speedo_dz7counterEv
                0x00000000000130a4                _ZN9speedo_dz4calcEv
                0x0000000000013374                __vector_5
                0x00000000000133b8                _ZN9speedo_dz4initEv
                0x00000000000133e6                _ZN9speedo_dz10clear_varsEv
                0x0000000000013414                _ZN9speedo_dz10check_varsEv
 .text          0x0000000000013448      0xc72 ./file_manager_v2.o
                0x000000000001345e                _ZN21speedo_filemanager_v2C1Ev
                0x000000000001345e                _ZN21speedo_filemanager_v2C2Ev
                0x0000000000013476                _ZN21speedo_filemanager_v2D1Ev
                0x0000000000013476                _ZN21speedo_filemanager_v2D2Ev
                0x000000000001348e                _ZN21speedo_filemanager_v215get_file_handleEPhS0_P6SdFileS2_h
                0x000000000001371e                _ZN21speedo_filemanager_v213parse_commandEv
 .text          0x00000000000140ba      0x280 ./fuel.o
                0x00000000000140ba                _ZN11speedo_fuelC1Ev
                0x00000000000140ba                _ZN11speedo_fuelC2Ev
                0x00000000000140bc                _ZN11speedo_fuelD2Ev
                0x00000000000140bc                _ZN11speedo_fuelD1Ev
                0x00000000000140be                _ZN11speedo_fuel8get_fuelEPc
                0x00000000000142ea                _ZN11speedo_fuel4initEv
                0x00000000000142ec                _ZN11speedo_fuel10clear_varsEv
                0x0000000000014300                _ZN11speedo_fuel10check_varsEv
 .text          0x000000000001433a      0x7aa ./gear.o
                0x000000000001433a                _ZN11speedo_gearC2Ev
                0x000000000001433a                _ZN11speedo_gearC1Ev
                0x000000000001433c                _ZN11speedo_gearD1Ev
                0x000000000001433c                _ZN11speedo_gearD2Ev
                0x000000000001433e                _ZN11speedo_gear4initEv
                0x0000000000014366                _ZN11speedo_gear10check_varsEv
                0x00000000000143e4                _ZN11speedo_gear10clear_varsEv
                0x000000000001440e                _ZN11speedo_gear4calcEv
                0x000000000001467c                _ZN11speedo_gear3getEv
                0x0000000000014694                _ZN11speedo_gear9calibrateEv
 .text          0x0000000000014ae4     0x2348 ./gps.o
                0x0000000000014afa                _ZN10speedo_gpsC1Ev
                0x0000000000014afa                _ZN10speedo_gpsC2Ev
                0x0000000000014afc                _ZN10speedo_gpsD1Ev
                0x0000000000014afc                _ZN10speedo_gpsD2Ev
                0x0000000000014afe                _ZN10speedo_gps10clear_varsEv
                0x0000000000014bee                _ZN10speedo_gps10check_varsEv
                0x0000000000014bf2                _ZN10speedo_gps9recv_dataEv
                0x0000000000014d46                __vector_36
                0x0000000000014da0                _ZN10speedo_gps8get_infoEh
                0x0000000000014ef0                _ZN10speedo_gps11store_to_sdEv
                0x0000000000014fbe                _ZN10speedo_gps3modEmm
                0x0000000000015044                _ZN10speedo_gps11nmea_to_decEm
                0x0000000000015100                _ZN10speedo_gps9calc_distEmm
                0x0000000000015388                _ZN10speedo_gps9get_orderEPc
                0x0000000000015608                _ZN10speedo_gps18generate_new_orderEv
                0x00000000000159fc                _ZN10speedo_gps9calc_naviEv
                0x0000000000015e84                _ZN10speedo_gps4loopEv
                0x000000000001616a                _ZN10speedo_gps17get_logged_pointsEPci
                0x0000000000016478                _ZN10speedo_gps8SendByteEh
                0x0000000000016486                _ZN10speedo_gps10SendStringEPKc
                0x00000000000164b6                _ZN10speedo_gps4initEv
                0x00000000000164e2                _ZN10speedo_gps16get_drive_statusEv
                0x0000000000016518                _ZN10speedo_gps16set_drive_statusEiiic
                0x0000000000016574                _ZN10speedo_gps5parseEPci
                0x0000000000016dd8                _ZN10speedo_gps10check_flagEv
 .text          0x0000000000016e2c       0x38 ./helper.o
                0x0000000000016e2c                __cxa_pure_virtual
                0x0000000000016e30                _Znwj
                0x0000000000016e34                _ZdlPv
                0x0000000000016e38                _Znaj
                0x0000000000016e3c                _ZdaPv
                0x0000000000016e46                _Z19__cxa_guard_acquirePx
                0x0000000000016e5a                _Z19__cxa_guard_releasePx
                0x0000000000016e62                _Z17__cxa_guard_abortPx
 .text          0x0000000000016e64      0x468 ./main.o
                0x0000000000016e64                _Z11init_speedov
                0x0000000000016ff4                main
 .text          0x00000000000172cc     0x7000 ./menu.o
                0x00000000000172e2                _ZN11speedo_menuC2Ev
                0x00000000000172e2                _ZN11speedo_menuC1Ev
                0x00000000000172e4                _ZN11speedo_menuD2Ev
                0x00000000000172e4                _ZN11speedo_menuD1Ev
                0x00000000000172e6                _ZN11speedo_menu4backEv
                0x00000000000173e6                _ZN11speedo_menu5yesnoEPKcS1_S1_
                0x000000000001752c                _ZN11speedo_menu4drawEPPKci
                0x0000000000017950                _ZN11speedo_menu7go_leftEb
                0x0000000000017a22                _ZN11speedo_menu8go_rightEb
                0x0000000000017a9a                _ZN11speedo_menu5go_upEb
                0x0000000000017bb2                _ZN11speedo_menu7go_downEb
                0x0000000000017cb4                _ZN11speedo_menu4initEv
                0x0000000000017d28                _ZN11speedo_menu11set_buttonsEbbbb
                0x0000000000017d38                _ZN11speedo_menu9center_meEPci
                0x0000000000017e7e                _ZN11speedo_menu17color_select_menuEiP10led_simpleS1_PiS2_ibPKcS4_cb
                0x0000000000018c12                _ZN11speedo_menu7displayEv
                0x000000000001df1e                _ZN11speedo_menu11button_testEbb
                0x000000000001e1d0                __vector_10
                0x000000000001e22a                _ZN11speedo_menu5popupEPKcS1_
 .text          0x000000000001e2cc      0x108 ./oiler.o
                0x000000000001e2cc                _ZN12speedo_oilerC2Ev
                0x000000000001e2cc                _ZN12speedo_oilerC1Ev
                0x000000000001e2ce                _ZN12speedo_oilerD2Ev
                0x000000000001e2ce                _ZN12speedo_oilerD1Ev
                0x000000000001e2d0                _ZN12speedo_oiler4initEv
                0x000000000001e2f0                _ZN12speedo_oiler10check_varsEv
                0x000000000001e31a                _ZN12speedo_oiler10clear_varsEv
                0x000000000001e322                _ZN12speedo_oiler12send_impulseEv
                0x000000000001e378                _ZN12speedo_oiler11check_valueEv
 .text          0x000000000001e3d4      0x29c ./reset.o
                0x000000000001e3d4                _ZN12speedo_resetC1Ev
                0x000000000001e3d4                _ZN12speedo_resetC2Ev
                0x000000000001e3d6                _ZN12speedo_resetD2Ev
                0x000000000001e3d6                _ZN12speedo_resetD1Ev
                0x000000000001e3d8                _ZN12speedo_reset10check_varsEv
                0x000000000001e3dc                _ZN12speedo_reset10set_activeEbb
                0x000000000001e426                _ZN12speedo_reset12set_deactiveEbb
                0x000000000001e46e                _ZN12speedo_reset4initEv
                0x000000000001e4d0                _ZN12speedo_reset7restoreEv
                0x000000000001e4e4                _ZN12speedo_reset6toggleEv
                0x000000000001e542                _ZN12speedo_reset9ask_resetEv
                0x000000000001e648                _ZN12speedo_reset10clear_varsEv
 .text          0x000000000001e670      0x14a ./sd.o
                0x000000000001e670                _ZN7Sd2Card4initEh
                0x000000000001e6a4                _ZN9speedo_sdC1Ev
                0x000000000001e6a4                _ZN9speedo_sdC2Ev
                0x000000000001e6c2                _ZN9speedo_sdD1Ev
                0x000000000001e6c2                _ZN9speedo_sdD2Ev
                0x000000000001e6c4                _ZN9speedo_sd7error_PEPKc
                0x000000000001e71a                _ZN9speedo_sd9writeCRLFER6SdFile
                0x000000000001e728                _ZN9speedo_sd11writeStringER6SdFilePc
                0x000000000001e746                _ZN9speedo_sd10power_downEv
                0x000000000001e748                _ZN9speedo_sd8power_upEh
                0x000000000001e7aa                _ZN9speedo_sd4initEv
 .text          0x000000000001e7ba      0x9de ./sensors.o
                0x000000000001e7ba                _ZN14Speedo_sensorsC1Ev
                0x000000000001e7ba                _ZN14Speedo_sensorsC2Ev
                0x000000000001e88e                _ZN14Speedo_sensorsD2Ev
                0x000000000001e88e                _ZN14Speedo_sensorsD1Ev
                0x000000000001e890                _ZN14Speedo_sensors10clear_varsEv
                0x000000000001e8ee                _ZN14Speedo_sensors10check_varsEv
                0x000000000001e9fa                _ZN14Speedo_sensors11single_readEv
                0x000000000001eb04                _ZN14Speedo_sensors4initEv
                0x000000000001eb72                _ZN14Speedo_sensors6flatItEiPhcf
                0x000000000001ec4e                _ZN14Speedo_sensors4loopEv
 .text          0x000000000001f198      0x936 ./speed.o
                0x000000000001f198                _ZN12speedo_speedC2Ev
                0x000000000001f198                _ZN12speedo_speedC1Ev
                0x000000000001f19a                _ZN12speedo_speedD2Ev
                0x000000000001f19a                _ZN12speedo_speedD1Ev
                0x000000000001f19c                _ZN12speedo_speed4calcEv
                0x000000000001f354                __vector_6
                0x000000000001f3ae                _ZN12speedo_speed4initEv
                0x000000000001f3ce                _ZN12speedo_speed10clear_varsEv
                0x000000000001f43a                _ZN12speedo_speed10check_varsEv
                0x000000000001f4b6                _ZN12speedo_speed8getSpeedEv
                0x000000000001f572                _ZN12speedo_speed13get_sat_speedEv
                0x000000000001f5aa                _ZN12speedo_speed13get_mag_speedEv
                0x000000000001f5b2                _ZN12speedo_speed12check_umfangEv
 .text          0x000000000001face     0x1f54 ./speedo.o
                0x000000000001face                _ZN13speedo_speedo9reset_bakEv
                0x000000000001fae4                _ZN13speedo_speedo4loopEm
                0x00000000000217e6                _ZN13speedo_speedo10clear_varsEv
                0x000000000002181c                _ZN13speedo_speedo10check_varsEv
 .text          0x0000000000021a22      0x536 ./sprint.o
                0x0000000000021a22                _ZN13speedo_sprintC2Ev
                0x0000000000021a22                _ZN13speedo_sprintC1Ev
                0x0000000000021a40                _ZN13speedo_sprintD2Ev
                0x0000000000021a40                _ZN13speedo_sprintD1Ev
                0x0000000000021a42                _ZN13speedo_sprint4initEv
                0x0000000000021a60                _ZN13speedo_sprint4loopEv
 .text          0x0000000000021f58      0x5a2 ./stepper.o
                0x0000000000021f58                _ZN14speedo_stepperC2Ev
                0x0000000000021f58                _ZN14speedo_stepperC1Ev
                0x0000000000021f5a                _ZN14speedo_stepperD2Ev
                0x0000000000021f5a                _ZN14speedo_stepperD1Ev
                0x0000000000021f5c                _ZN14speedo_stepper13overwrite_posEi
                0x0000000000021f9a                _ZN14speedo_stepper5go_toEiii
                0x0000000000022014                _ZN14speedo_stepper5go_toEi
                0x000000000002204e                _ZN14speedo_stepper4initEv
                0x0000000000022092                _ZN14speedo_stepper7get_posEv
                0x000000000002215c                _ZN14speedo_stepper16get_motor_statusEPiS0_S0_
                0x00000000000222b4                _ZN14speedo_stepper4loopEv
 .text          0x00000000000224fa      0x8fe ./temperature.o
                0x00000000000224fa                _ZN18speedo_temperatureC1Ev
                0x00000000000224fa                _ZN18speedo_temperatureC2Ev
                0x00000000000224fc                _ZN18speedo_temperatureD1Ev
                0x00000000000224fc                _ZN18speedo_temperatureD2Ev
                0x00000000000224fe                _ZN18speedo_temperature10clear_varsEv
                0x000000000002258a                _ZN18speedo_temperature10check_varsEv
                0x0000000000022718                _ZN18speedo_temperature4initEv
                0x0000000000022742                _ZN18speedo_temperature13read_oil_tempEv
                0x00000000000228f0                _ZN18speedo_temperature15read_water_tempEv
                0x0000000000022b1c                _ZN18speedo_temperature13read_air_tempEv
                0x0000000000022bfe                _ZN18speedo_temperature12get_air_tempEv
                0x0000000000022c18                _ZN18speedo_temperature12get_oil_tempEv
                0x0000000000022d08                _ZN18speedo_temperature14get_water_tempEv
 .text          0x0000000000022df8     0x1538 ./tetris.o
                0x0000000000022df8                _ZN6tetrisC1Ev
                0x0000000000022df8                _ZN6tetrisC2Ev
                0x0000000000022dfa                _ZN6tetrisD2Ev
                0x0000000000022dfa                _ZN6tetrisD1Ev
                0x0000000000022dfc                _ZN6tetris22copy_element_to_bufferEi
                0x0000000000022eac                _ZN6tetris11new_elementEv
                0x0000000000022fa4                _ZN6tetris4initEv
                0x0000000000022fec                _ZN6tetris13initDrawFieldEv
                0x000000000002331c                _ZN6tetris11updateFieldEv
                0x000000000002344e                _ZN6tetris11check_stackEv
                0x00000000000238ac                _ZN6tetris4loopEv
                0x000000000002424e                _ZN6tetris3runEv
                0x0000000000024282                _ZN6tetris19show_grid_on_serialEv
 .text          0x0000000000024330      0x32a ./timer.o
                0x0000000000024330                _ZN12speedo_timerC2Ev
                0x0000000000024330                _ZN12speedo_timerC1Ev
                0x000000000002436a                _ZN12speedo_timerD2Ev
                0x000000000002436a                _ZN12speedo_timerD1Ev
                0x000000000002436c                _Z8ram_infov
                0x0000000000024394                _ZN12speedo_timer9every_secEP13configuration
                0x00000000000244e8                _ZN12speedo_timer10every_qsecEv
                0x000000000002453e                _ZN12speedo_timer12every_customEv
 .text          0x000000000002465a      0x16e ./voltage.o
                0x000000000002465a                _ZN14speedo_voltageC2Ev
                0x000000000002465a                _ZN14speedo_voltageC1Ev
                0x000000000002465c                _ZN14speedo_voltageD2Ev
                0x000000000002465c                _ZN14speedo_voltageD1Ev
                0x000000000002465e                _ZN14speedo_voltage4calcEv
                0x000000000002474c                _ZN14speedo_voltage3getEv
                0x0000000000024760                _ZN14speedo_voltage10check_varsEv
                0x0000000000024764                _ZN14speedo_voltage10clear_varsEv
                0x000000000002476e                _ZN14speedo_voltage4initEv
 .text          0x00000000000247c8        0x0 /usr/lib/gcc/avr/4.5.3/../../../avr/lib/avr6/libc.a(malloc.o)
 .text          0x00000000000247c8        0x0 /usr/lib/gcc/avr/4.5.3/../../../avr/lib/avr6/libc.a(exit.o)
 .text          0x00000000000247c8        0x0 /usr/lib/gcc/avr/4.5.3/../../../avr/lib/avr6/libc.a(isalpha.o)
 .text          0x00000000000247c8        0x0 /usr/lib/gcc/avr/4.5.3/../../../avr/lib/avr6/libc.a(isspace.o)
 .text          0x00000000000247c8        0x0 /usr/lib/gcc/avr/4.5.3/../../../avr/lib/avr6/libc.a(strcmp_P.o)
 .text          0x00000000000247c8        0x0 /usr/lib/gcc/avr/4.5.3/../../../avr/lib/avr6/libc.a(strcpy_P.o)
 .text          0x00000000000247c8        0x0 /usr/lib/gcc/avr/4.5.3/../../../avr/lib/avr6/libc.a(strlen_P.o)
 .text          0x00000000000247c8        0x0 /usr/lib/gcc/avr/4.5.3/../../../avr/lib/avr6/libc.a(memcmp.o)
 .text          0x00000000000247c8        0x0 /usr/lib/gcc/avr/4.5.3/../../../avr/lib/avr6/libc.a(memcpy.o)
 .text          0x00000000000247c8        0x0 /usr/lib/gcc/avr/4.5.3/../../../avr/lib/avr6/libc.a(memset.o)
 .text          0x00000000000247c8        0x0 /usr/lib/gcc/avr/4.5.3/../../../avr/lib/avr6/libc.a(strchr.o)
 .text          0x00000000000247c8        0x0 /usr/lib/gcc/avr/4.5.3/../../../avr/lib/avr6/libc.a(strcmp.o)
 .text          0x00000000000247c8        0x0 /usr/lib/gcc/avr/4.5.3/../../../avr/lib/avr6/libc.a(strcpy.o)
 .text          0x00000000000247c8        0x0 /usr/lib/gcc/avr/4.5.3/../../../avr/lib/avr6/libc.a(strncmp.o)
 .text          0x00000000000247c8        0x0 /usr/lib/gcc/avr/4.5.3/../../../avr/lib/avr6/libc.a(sprintf.o)
 .text          0x00000000000247c8        0x0 /usr/lib/gcc/avr/4.5.3/../../../avr/lib/avr6/libc.a(addsf3.o)
 .text          0x00000000000247c8        0x0 /usr/lib/gcc/avr/4.5.3/../../../avr/lib/avr6/libc.a(addsf3x.o)
 .text          0x00000000000247c8        0x0 /usr/lib/gcc/avr/4.5.3/../../../avr/lib/avr6/libc.a(asin.o)
 .text          0x00000000000247c8        0x0 /usr/lib/gcc/avr/4.5.3/../../../avr/lib/avr6/libc.a(cmpsf2.o)
 .text          0x00000000000247c8        0x0 /usr/lib/gcc/avr/4.5.3/../../../avr/lib/avr6/libc.a(cos.o)
 .text          0x00000000000247c8        0x0 /usr/lib/gcc/avr/4.5.3/../../../avr/lib/avr6/libc.a(divsf3.o)
 .text          0x00000000000247c8        0x0 /usr/lib/gcc/avr/4.5.3/../../../avr/lib/avr6/libc.a(divsf3x.o)
 .text          0x00000000000247c8        0x0 /usr/lib/gcc/avr/4.5.3/../../../avr/lib/avr6/libc.a(fixsfsi.o)
 .text          0x00000000000247c8        0x0 /usr/lib/gcc/avr/4.5.3/../../../avr/lib/avr6/libc.a(fixunssfsi.o)
 .text          0x00000000000247c8        0x0 /usr/lib/gcc/avr/4.5.3/../../../avr/lib/avr6/libc.a(floatsisf.o)
 .text          0x00000000000247c8        0x0 /usr/lib/gcc/avr/4.5.3/../../../avr/lib/avr6/libc.a(floor.o)
 .text          0x00000000000247c8        0x0 /usr/lib/gcc/avr/4.5.3/../../../avr/lib/avr6/libc.a(fp_arccos.o)
 .text          0x00000000000247c8        0x0 /usr/lib/gcc/avr/4.5.3/../../../avr/lib/avr6/libc.a(fp_cmp.o)
 .text          0x00000000000247c8        0x0 /usr/lib/gcc/avr/4.5.3/../../../avr/lib/avr6/libc.a(fp_inf.o)
 .text          0x00000000000247c8        0x0 /usr/lib/gcc/avr/4.5.3/../../../avr/lib/avr6/libc.a(fp_mintl.o)
 .text          0x00000000000247c8        0x0 /usr/lib/gcc/avr/4.5.3/../../../avr/lib/avr6/libc.a(fp_mpack.o)
 .text          0x00000000000247c8        0x0 /usr/lib/gcc/avr/4.5.3/../../../avr/lib/avr6/libc.a(fp_nan.o)
 .text          0x00000000000247c8        0x0 /usr/lib/gcc/avr/4.5.3/../../../avr/lib/avr6/libc.a(fp_powser.o)
 .text          0x00000000000247c8        0x0 /usr/lib/gcc/avr/4.5.3/../../../avr/lib/avr6/libc.a(fp_powsodd.o)
 .text          0x00000000000247c8        0x0 /usr/lib/gcc/avr/4.5.3/../../../avr/lib/avr6/libc.a(fp_pscA.o)
 .text          0x00000000000247c8        0x0 /usr/lib/gcc/avr/4.5.3/../../../avr/lib/avr6/libc.a(fp_pscB.o)
 .text          0x00000000000247c8        0x0 /usr/lib/gcc/avr/4.5.3/../../../avr/lib/avr6/libc.a(fp_rempio2.o)
 .text          0x00000000000247c8        0x0 /usr/lib/gcc/avr/4.5.3/../../../avr/lib/avr6/libc.a(fp_round.o)
 .text          0x00000000000247c8        0x0 /usr/lib/gcc/avr/4.5.3/../../../avr/lib/avr6/libc.a(fp_sinus.o)
 .text          0x00000000000247c8        0x0 /usr/lib/gcc/avr/4.5.3/../../../avr/lib/avr6/libc.a(fp_split3.o)
 .text          0x00000000000247c8        0x0 /usr/lib/gcc/avr/4.5.3/../../../avr/lib/avr6/libc.a(fp_trunc.o)
 .text          0x00000000000247c8        0x0 /usr/lib/gcc/avr/4.5.3/../../../avr/lib/avr6/libc.a(fp_zero.o)
 .text          0x00000000000247c8        0x0 /usr/lib/gcc/avr/4.5.3/../../../avr/lib/avr6/libc.a(gesf2.o)
 .text          0x00000000000247c8        0x0 /usr/lib/gcc/avr/4.5.3/../../../avr/lib/avr6/libc.a(mulsf3.o)
 .text          0x00000000000247c8        0x0 /usr/lib/gcc/avr/4.5.3/../../../avr/lib/avr6/libc.a(mulsf3x.o)
 .text          0x00000000000247c8        0x0 /usr/lib/gcc/avr/4.5.3/../../../avr/lib/avr6/libc.a(pow.o)
 .text          0x00000000000247c8        0x0 /usr/lib/gcc/avr/4.5.3/../../../avr/lib/avr6/libc.a(sin.o)
 .text          0x00000000000247c8        0x0 /usr/lib/gcc/avr/4.5.3/../../../avr/lib/avr6/libc.a(sqrt.o)
 .text          0x00000000000247c8        0x0 /usr/lib/gcc/avr/4.5.3/../../../avr/lib/avr6/libc.a(vfprintf_std.o)
 .text          0x00000000000247c8        0x0 /usr/lib/gcc/avr/4.5.3/../../../avr/lib/avr6/libc.a(eerd_byte_atmega2560.o)
 .text          0x00000000000247c8        0x0 /usr/lib/gcc/avr/4.5.3/../../../avr/lib/avr6/libc.a(eewr_byte_atmega2560.o)
 .text          0x00000000000247c8        0x0 /usr/lib/gcc/avr/4.5.3/../../../avr/lib/avr6/libc.a(cty_isfalse.o)
 .text          0x00000000000247c8        0x0 /usr/lib/gcc/avr/4.5.3/../../../avr/lib/avr6/libc.a(strnlen_P.o)
 .text          0x00000000000247c8        0x0 /usr/lib/gcc/avr/4.5.3/../../../avr/lib/avr6/libc.a(strnlen.o)
 .text          0x00000000000247c8        0x0 /usr/lib/gcc/avr/4.5.3/../../../avr/lib/avr6/libc.a(fputc.o)
 .text          0x00000000000247c8        0x0 /usr/lib/gcc/avr/4.5.3/../../../avr/lib/avr6/libc.a(ultoa_invert.o)
 .text          0x00000000000247c8        0x0 /usr/lib/gcc/avr/4.5.3/../../../avr/lib/avr6/libc.a(exp.o)
 .text          0x00000000000247c8        0x0 /usr/lib/gcc/avr/4.5.3/../../../avr/lib/avr6/libc.a(fp_norm2.o)
 .text          0x00000000000247c8        0x0 /usr/lib/gcc/avr/4.5.3/../../../avr/lib/avr6/libc.a(inverse.o)
 .text          0x00000000000247c8        0x0 /usr/lib/gcc/avr/4.5.3/../../../avr/lib/avr6/libc.a(ldexp.o)
 .text          0x00000000000247c8        0x0 /usr/lib/gcc/avr/4.5.3/../../../avr/lib/avr6/libc.a(log.o)
 .text          0x00000000000247c8        0x0 /usr/lib/gcc/avr/4.5.3/../../../avr/lib/avr6/libc.a(modf.o)
 .text          0x00000000000247c8        0x0 /usr/lib/gcc/avr/4.5.3/avr6/libgcc.a(_mulsi3.o)
 .text          0x00000000000247c8        0x0 /usr/lib/gcc/avr/4.5.3/avr6/libgcc.a(_udivmodqi4.o)
 .text          0x00000000000247c8        0x0 /usr/lib/gcc/avr/4.5.3/avr6/libgcc.a(_udivmodhi4.o)
 .text          0x00000000000247c8        0x0 /usr/lib/gcc/avr/4.5.3/avr6/libgcc.a(_divmodhi4.o)
 .text          0x00000000000247c8        0x0 /usr/lib/gcc/avr/4.5.3/avr6/libgcc.a(_udivmodsi4.o)
 .text          0x00000000000247c8        0x0 /usr/lib/gcc/avr/4.5.3/avr6/libgcc.a(_divmodsi4.o)
 .text          0x00000000000247c8        0x0 /usr/lib/gcc/avr/4.5.3/avr6/libgcc.a(_exit.o)
 .text          0x00000000000247c8        0x0 /usr/lib/gcc/avr/4.5.3/avr6/libgcc.a(_copy_data.o)
 .text          0x00000000000247c8        0x0 /usr/lib/gcc/avr/4.5.3/avr6/libgcc.a(_clear_bss.o)
 .text          0x00000000000247c8        0x0 /usr/lib/gcc/avr/4.5.3/avr6/libgcc.a(_ctors.o)
 .text          0x00000000000247c8        0x0 /usr/lib/gcc/avr/4.5.3/avr6/libgcc.a(_tablejump_elpm.o)
                0x00000000000247c8                . = ALIGN (0x2)
 *(.text.*)
 .text.avr-libc
                0x00000000000247c8      0x266 /usr/lib/gcc/avr/4.5.3/../../../avr/lib/avr6/libc.a(malloc.o)
                0x00000000000247c8                malloc
                0x00000000000248fc                free
 .text.avr-libc
                0x0000000000024a2e        0x6 /usr/lib/gcc/avr/4.5.3/../../../avr/lib/avr6/libc.a(exit.o)
                0x0000000000024a2e                exit
 .text.avr-libc
                0x0000000000024a34       0x12 /usr/lib/gcc/avr/4.5.3/../../../avr/lib/avr6/libc.a(isalpha.o)
                0x0000000000024a34                isupper
                0x0000000000024a38                isalpha
                0x0000000000024a3a                islower
 .text.avr-libc
                0x0000000000024a46       0x10 /usr/lib/gcc/avr/4.5.3/../../../avr/lib/avr6/libc.a(isspace.o)
                0x0000000000024a46                isspace
 .text.avr-libc
                0x0000000000024a56       0x12 /usr/lib/gcc/avr/4.5.3/../../../avr/lib/avr6/libc.a(strcmp_P.o)
                0x0000000000024a56                strcmp_P
 .text.avr-libc
                0x0000000000024a68        0xe /usr/lib/gcc/avr/4.5.3/../../../avr/lib/avr6/libc.a(strcpy_P.o)
                0x0000000000024a68                strcpy_P
 .text.avr-libc
                0x0000000000024a76       0x12 /usr/lib/gcc/avr/4.5.3/../../../avr/lib/avr6/libc.a(strlen_P.o)
                0x0000000000024a76                strlen_P
 .text.avr-libc
                0x0000000000024a88       0x1a /usr/lib/gcc/avr/4.5.3/../../../avr/lib/avr6/libc.a(memcmp.o)
                0x0000000000024a88                memcmp
 .text.avr-libc
                0x0000000000024aa2       0x12 /usr/lib/gcc/avr/4.5.3/../../../avr/lib/avr6/libc.a(memcpy.o)
                0x0000000000024aa2                memcpy
 .text.avr-libc
                0x0000000000024ab4        0xe /usr/lib/gcc/avr/4.5.3/../../../avr/lib/avr6/libc.a(memset.o)
                0x0000000000024ab4                memset
 .text.avr-libc
                0x0000000000024ac2       0x16 /usr/lib/gcc/avr/4.5.3/../../../avr/lib/avr6/libc.a(strchr.o)
                0x0000000000024ac2                strchr
 .text.avr-libc
                0x0000000000024ad8       0x12 /usr/lib/gcc/avr/4.5.3/../../../avr/lib/avr6/libc.a(strcmp.o)
                0x0000000000024ad8                strcmp
 .text.avr-libc
                0x0000000000024aea        0xe /usr/lib/gcc/avr/4.5.3/../../../avr/lib/avr6/libc.a(strcpy.o)
                0x0000000000024aea                strcpy
 .text.avr-libc
                0x0000000000024af8       0x1c /usr/lib/gcc/avr/4.5.3/../../../avr/lib/avr6/libc.a(strncmp.o)
                0x0000000000024af8                strncmp
 .text.avr-libc
                0x0000000000024b14       0x5e /usr/lib/gcc/avr/4.5.3/../../../avr/lib/avr6/libc.a(sprintf.o)
                0x0000000000024b14                sprintf
 .text.avr-libc.fplib
                0x0000000000024b72        0xa /usr/lib/gcc/avr/4.5.3/../../../avr/lib/avr6/libc.a(addsf3.o)
                0x0000000000024b72                __subsf3
                0x0000000000024b74                __addsf3
 .text.avr-libc.fplib
                0x0000000000024b7c       0xc0 /usr/lib/gcc/avr/4.5.3/../../../avr/lib/avr6/libc.a(addsf3x.o)
                0x0000000000024b96                __addsf3x
 .text.avr-libc.fplib
                0x0000000000024c3c       0x2e /usr/lib/gcc/avr/4.5.3/../../../avr/lib/avr6/libc.a(asin.o)
                0x0000000000024c3c                asin
 .text.avr-libc.fplib
                0x0000000000024c6a        0x8 /usr/lib/gcc/avr/4.5.3/../../../avr/lib/avr6/libc.a(cmpsf2.o)
                0x0000000000024c6a                __lesf2
                0x0000000000024c6a                __nesf2
                0x0000000000024c6a                __eqsf2
                0x0000000000024c6a                __cmpsf2
                0x0000000000024c6a                __ltsf2
 .text.avr-libc.fplib
                0x0000000000024c72        0x6 /usr/lib/gcc/avr/4.5.3/../../../avr/lib/avr6/libc.a(cos.o)
                0x0000000000024c72                cos
 .text.avr-libc.fplib
                0x0000000000024c78        0x4 /usr/lib/gcc/avr/4.5.3/../../../avr/lib/avr6/libc.a(divsf3.o)
                0x0000000000024c78                __divsf3
 .text.avr-libc.fplib
                0x0000000000024c7c       0xcc /usr/lib/gcc/avr/4.5.3/../../../avr/lib/avr6/libc.a(divsf3x.o)
                0x0000000000024c92                __divsf3x
                0x0000000000024c96                __divsf3_pse
 .text.avr-libc.fplib
                0x0000000000024d48        0xa /usr/lib/gcc/avr/4.5.3/../../../avr/lib/avr6/libc.a(fixsfsi.o)
                0x0000000000024d48                __fixsfsi
 .text.avr-libc.fplib
                0x0000000000024d52       0x58 /usr/lib/gcc/avr/4.5.3/../../../avr/lib/avr6/libc.a(fixunssfsi.o)
                0x0000000000024d52                __fixunssfsi
 .text.avr-libc.fplib
                0x0000000000024daa       0x7a /usr/lib/gcc/avr/4.5.3/../../../avr/lib/avr6/libc.a(floatsisf.o)
                0x0000000000024daa                __floatunsisf
                0x0000000000024dae                __floatsisf
 .text.avr-libc.fplib
                0x0000000000024e24       0x26 /usr/lib/gcc/avr/4.5.3/../../../avr/lib/avr6/libc.a(floor.o)
                0x0000000000024e24                floor
 .text.avr-libc.fplib
                0x0000000000024e4a       0x36 /usr/lib/gcc/avr/4.5.3/../../../avr/lib/avr6/libc.a(fp_arccos.o)
                0x0000000000024e4a                __fp_arccos
 .text.avr-libc.fplib
                0x0000000000024e80       0x48 /usr/lib/gcc/avr/4.5.3/../../../avr/lib/avr6/libc.a(fp_cmp.o)
                0x0000000000024e80                __fp_cmp
 .text.avr-libc.fplib
                0x0000000000024ec8        0xc /usr/lib/gcc/avr/4.5.3/../../../avr/lib/avr6/libc.a(fp_inf.o)
                0x0000000000024ec8                __fp_inf
 .text.avr-libc.fplib
                0x0000000000024ed4       0x36 /usr/lib/gcc/avr/4.5.3/../../../avr/lib/avr6/libc.a(fp_mintl.o)
                0x0000000000024ed4                __fp_mintl
 .text.avr-libc.fplib
                0x0000000000024f0a       0x1c /usr/lib/gcc/avr/4.5.3/../../../avr/lib/avr6/libc.a(fp_mpack.o)
                0x0000000000024f0a                __fp_mpack
                0x0000000000024f0e                __fp_mpack_finite
 .text.avr-libc.fplib
                0x0000000000024f26        0x6 /usr/lib/gcc/avr/4.5.3/../../../avr/lib/avr6/libc.a(fp_nan.o)
                0x0000000000024f26                __fp_nan
 .text.avr-libc.fplib
                0x0000000000024f2c       0x4a /usr/lib/gcc/avr/4.5.3/../../../avr/lib/avr6/libc.a(fp_powser.o)
                0x0000000000024f2c                __fp_powser
 .text.avr-libc.fplib
                0x0000000000024f76       0x22 /usr/lib/gcc/avr/4.5.3/../../../avr/lib/avr6/libc.a(fp_powsodd.o)
                0x0000000000024f76                __fp_powsodd
 .text.avr-libc.fplib
                0x0000000000024f98        0xe /usr/lib/gcc/avr/4.5.3/../../../avr/lib/avr6/libc.a(fp_pscA.o)
                0x0000000000024f98                __fp_pscA
 .text.avr-libc.fplib
                0x0000000000024fa6        0xe /usr/lib/gcc/avr/4.5.3/../../../avr/lib/avr6/libc.a(fp_pscB.o)
                0x0000000000024fa6                __fp_pscB
 .text.avr-libc.fplib
                0x0000000000024fb4       0x50 /usr/lib/gcc/avr/4.5.3/../../../avr/lib/avr6/libc.a(fp_rempio2.o)
                0x0000000000024fb6                __fp_rempio2
 .text.avr-libc.fplib
                0x0000000000025004       0x22 /usr/lib/gcc/avr/4.5.3/../../../avr/lib/avr6/libc.a(fp_round.o)
                0x0000000000025004                __fp_round
 .text.avr-libc.fplib
                0x0000000000025026       0x22 /usr/lib/gcc/avr/4.5.3/../../../avr/lib/avr6/libc.a(fp_sinus.o)
                0x0000000000025026                __fp_sinus
 .text.avr-libc.fplib
                0x0000000000025048       0x44 /usr/lib/gcc/avr/4.5.3/../../../avr/lib/avr6/libc.a(fp_split3.o)
                0x0000000000025048                __fp_split3
                0x0000000000025058                __fp_splitA
 .text.avr-libc.fplib
                0x000000000002508c       0x2e /usr/lib/gcc/avr/4.5.3/../../../avr/lib/avr6/libc.a(fp_trunc.o)
                0x000000000002508c                __fp_trunc
 .text.avr-libc.fplib
                0x00000000000250ba        0xe /usr/lib/gcc/avr/4.5.3/../../../avr/lib/avr6/libc.a(fp_zero.o)
                0x00000000000250ba                __fp_zero
                0x00000000000250bc                __fp_szero
 .text.avr-libc.fplib
                0x00000000000250c8        0x8 /usr/lib/gcc/avr/4.5.3/../../../avr/lib/avr6/libc.a(gesf2.o)
                0x00000000000250c8                __gtsf2
                0x00000000000250c8                __gesf2
 .text.avr-libc.fplib
                0x00000000000250d0        0x4 /usr/lib/gcc/avr/4.5.3/../../../avr/lib/avr6/libc.a(mulsf3.o)
                0x00000000000250d0                __mulsf3
 .text.avr-libc.fplib
                0x00000000000250d4       0xc2 /usr/lib/gcc/avr/4.5.3/../../../avr/lib/avr6/libc.a(mulsf3x.o)
                0x00000000000250e8                __mulsf3x
                0x00000000000250ec                __mulsf3_pse
 .text.avr-libc.fplib
                0x0000000000025196       0x98 /usr/lib/gcc/avr/4.5.3/../../../avr/lib/avr6/libc.a(pow.o)
                0x0000000000025196                pow
 .text.avr-libc.fplib
                0x000000000002522e        0xc /usr/lib/gcc/avr/4.5.3/../../../avr/lib/avr6/libc.a(sin.o)
                0x000000000002522e                sin
 .text.avr-libc.fplib
                0x000000000002523a       0x84 /usr/lib/gcc/avr/4.5.3/../../../avr/lib/avr6/libc.a(sqrt.o)
                0x0000000000025242                sqrt
 .text.avr-libc
                0x00000000000252be      0x406 /usr/lib/gcc/avr/4.5.3/../../../avr/lib/avr6/libc.a(vfprintf_std.o)
                0x00000000000252be                vfprintf
 .text.avr-libc
                0x00000000000256c4       0x10 /usr/lib/gcc/avr/4.5.3/../../../avr/lib/avr6/libc.a(eerd_byte_atmega2560.o)
                0x00000000000256c4                __eerd_byte_m2560
 .text.avr-libc
                0x00000000000256d4       0x1c /usr/lib/gcc/avr/4.5.3/../../../avr/lib/avr6/libc.a(eewr_byte_atmega2560.o)
                0x00000000000256d4                __eewr_byte_m2560
                0x00000000000256d6                __eewr_r18_m2560
 .text.avr-libc
                0x00000000000256f0        0x6 /usr/lib/gcc/avr/4.5.3/../../../avr/lib/avr6/libc.a(cty_isfalse.o)
                0x00000000000256f0                __ctype_isfalse
                0x00000000000256f4                __ctype_istrue
 .text.avr-libc
                0x00000000000256f6       0x16 /usr/lib/gcc/avr/4.5.3/../../../avr/lib/avr6/libc.a(strnlen_P.o)
                0x00000000000256f6                strnlen_P
 .text.avr-libc
                0x000000000002570c       0x16 /usr/lib/gcc/avr/4.5.3/../../../avr/lib/avr6/libc.a(strnlen.o)
                0x000000000002570c                strnlen
 .text.avr-libc
                0x0000000000025722       0x58 /usr/lib/gcc/avr/4.5.3/../../../avr/lib/avr6/libc.a(fputc.o)
                0x0000000000025722                fputc
 .text.avr-libc
                0x000000000002577a       0xbc /usr/lib/gcc/avr/4.5.3/../../../avr/lib/avr6/libc.a(ultoa_invert.o)
                0x000000000002577a                __ultoa_invert
 .text.avr-libc.fplib
                0x0000000000025836       0x62 /usr/lib/gcc/avr/4.5.3/../../../avr/lib/avr6/libc.a(exp.o)
                0x0000000000025840                exp
 .text.avr-libc.fplib
                0x0000000000025898        0xe /usr/lib/gcc/avr/4.5.3/../../../avr/lib/avr6/libc.a(fp_norm2.o)
                0x0000000000025898                __fp_norm2
 .text.avr-libc.fplib
                0x00000000000258a6        0xe /usr/lib/gcc/avr/4.5.3/../../../avr/lib/avr6/libc.a(inverse.o)
                0x00000000000258a6                inverse
 .text.avr-libc.fplib
                0x00000000000258b4       0x6c /usr/lib/gcc/avr/4.5.3/../../../avr/lib/avr6/libc.a(ldexp.o)
                0x00000000000258b8                ldexp
 .text.avr-libc.fplib
                0x0000000000025920       0x8a /usr/lib/gcc/avr/4.5.3/../../../avr/lib/avr6/libc.a(log.o)
                0x000000000002592a                log
 .text.avr-libc.fplib
                0x00000000000259aa       0x66 /usr/lib/gcc/avr/4.5.3/../../../avr/lib/avr6/libc.a(modf.o)
                0x00000000000259aa                modff
                0x00000000000259aa                modf
 .text.libgcc   0x0000000000025a10       0x3e /usr/lib/gcc/avr/4.5.3/avr6/libgcc.a(_mulsi3.o)
                0x0000000000025a10                __mulsi3
 .text.libgcc   0x0000000000025a4e       0x18 /usr/lib/gcc/avr/4.5.3/avr6/libgcc.a(_udivmodqi4.o)
                0x0000000000025a4e                __udivmodqi4
 .text.libgcc   0x0000000000025a66       0x28 /usr/lib/gcc/avr/4.5.3/avr6/libgcc.a(_udivmodhi4.o)
                0x0000000000025a66                __udivmodhi4
 .text.libgcc   0x0000000000025a8e       0x26 /usr/lib/gcc/avr/4.5.3/avr6/libgcc.a(_divmodhi4.o)
                0x0000000000025a8e                __divmodhi4
                0x0000000000025a8e                _div
 .text.libgcc   0x0000000000025ab4       0x44 /usr/lib/gcc/avr/4.5.3/avr6/libgcc.a(_udivmodsi4.o)
                0x0000000000025ab4                __udivmodsi4
 .text.libgcc   0x0000000000025af8       0x36 /usr/lib/gcc/avr/4.5.3/avr6/libgcc.a(_divmodsi4.o)
                0x0000000000025af8                __divmodsi4
 .text.libgcc   0x0000000000025b2e        0x0 /usr/lib/gcc/avr/4.5.3/avr6/libgcc.a(_exit.o)
 .text.libgcc   0x0000000000025b2e        0x0 /usr/lib/gcc/avr/4.5.3/avr6/libgcc.a(_copy_data.o)
 .text.libgcc   0x0000000000025b2e        0x0 /usr/lib/gcc/avr/4.5.3/avr6/libgcc.a(_clear_bss.o)
 .text.libgcc   0x0000000000025b2e        0x0 /usr/lib/gcc/avr/4.5.3/avr6/libgcc.a(_ctors.o)
 .text.libgcc   0x0000000000025b2e        0x8 /usr/lib/gcc/avr/4.5.3/avr6/libgcc.a(_tablejump_elpm.o)
                0x0000000000025b2e                __tablejump_elpm__
                0x0000000000025b36                . = ALIGN (0x2)
 *(.fini9)
 .fini9         0x0000000000025b36        0x0 /usr/lib/gcc/avr/4.5.3/avr6/libgcc.a(_exit.o)
                0x0000000000025b36                _exit
 *(.fini9)
 *(.fini8)
 *(.fini8)
 *(.fini7)
 *(.fini7)
 *(.fini6)
 *(.fini6)
 *(.fini5)
 *(.fini5)
 *(.fini4)
 *(.fini4)
 *(.fini3)
 *(.fini3)
 *(.fini2)
 *(.fini2)
 *(.fini1)
 *(.fini1)
 *(.fini0)
 .fini0         0x0000000000025b36        0x4 /usr/lib/gcc/avr/4.5.3/avr6/libgcc.a(_exit.o)
 *(.fini0)
                0x0000000000025b3a                _etext = .

.data           0x0000000000800200      0xa28 load address 0x0000000000025b3a
                0x0000000000800200                PROVIDE (__data_start, .)
 *(.data)
 .data          0x0000000000800200        0x0 /usr/lib/gcc/avr/4.5.3/../../../avr/lib/avr6/crtm2560.o
 .data          0x0000000000800200       0x22 ./inc/HardwareSerial.o
                0x0000000000800200                _ZTV14HardwareSerial
                0x0000000000800212                _ZTV6Stream
 .data          0x0000000000800222       0x8c ./inc/I2C.o
 .data          0x00000000008002ae        0xc ./inc/Print.o
                0x00000000008002b0                _ZTV5Print
 .data          0x00000000008002ba        0x0 ./inc/Sd2Card.o
 .data          0x00000000008002ba        0x0 ./inc/SdFat.o
 .data          0x00000000008002ba        0x0 ./inc/SdFatUtil.o
 .data          0x00000000008002ba        0xa ./inc/SdFile.o
                0x00000000008002ba                _ZTV6SdFile
 .data          0x00000000008002c4        0x0 ./inc/SdStream.o
 .data          0x00000000008002c4        0x4 ./inc/SdVolume.o
                0x00000000008002c4                _ZN8SdVolume17cacheBlockNumber_E
 .data          0x00000000008002c8        0x0 ./inc/istream.o
 .data          0x00000000008002c8        0x0 ./inc/ostream.o
 .data          0x00000000008002c8        0x0 ./inc/pins_arduino.o
 .data          0x00000000008002c8        0x0 ./inc/ssd0323.o
 .data          0x00000000008002c8        0x0 ./inc/wiring.o
 .data          0x00000000008002c8        0x1 ./inc/wiring_analog.o
                0x00000000008002c8                analog_reference
 .data          0x00000000008002c9        0x0 ./inc/wiring_digital.o
 .data          0x00000000008002c9        0x0 ./inc/wiring_pulse.o
 .data          0x00000000008002c9        0x0 ./inc/wiring_shift.o
 .data          0x00000000008002c9       0x35 ./aktors.o
 .data          0x00000000008002fe        0x0 ./blinker.o
 .data          0x00000000008002fe        0xf ./clock_me.o
 .data          0x000000000080030d      0x1cb ./config.o
 .data          0x00000000008004d8        0x0 ./debug.o
 .data          0x00000000008004d8       0x98 ./display.o
 .data          0x0000000000800570        0xd ./dz.o
 .data          0x000000000080057d       0x14 ./file_manager_v2.o
 .data          0x0000000000800591        0xc ./fuel.o
 .data          0x000000000080059d       0x18 ./gear.o
 .data          0x00000000008005b5      0x110 ./gps.o
 .data          0x00000000008006c5        0x0 ./helper.o
 .data          0x00000000008006c5       0x2a ./main.o
 .data          0x00000000008006ef      0x243 ./menu.o
                0x0000000000800928                button_rechts_valid
                0x0000000000800929                button_links_valid
                0x000000000080092a                button_oben_valid
                0x000000000080092b                button_unten_valid
                0x000000000080092c                menu_max
                0x000000000080092e                menu_ende
                0x0000000000800930                fuel_added
 .data          0x0000000000800932        0xb ./oiler.o
 .data          0x000000000080093d        0xe ./reset.o
 .data          0x000000000080094b       0x10 ./sd.o
 .data          0x000000000080095b       0x33 ./sensors.o
 .data          0x000000000080098e       0x40 ./speed.o
 .data          0x00000000008009ce      0x133 ./speedo.o
 .data          0x0000000000800b01       0x40 ./sprint.o
 .data          0x0000000000800b41       0x17 ./stepper.o
 .data          0x0000000000800b58       0xa8 ./temperature.o
 .data          0x0000000000800c00       0x20 ./tetris.o
 .data          0x0000000000800c20        0x2 ./timer.o
 .data          0x0000000000800c22        0x0 ./voltage.o
 .data          0x0000000000800c22        0x6 /usr/lib/gcc/avr/4.5.3/../../../avr/lib/avr6/libc.a(malloc.o)
                0x0000000000800c22                __malloc_margin
                0x0000000000800c24                __malloc_heap_start
                0x0000000000800c26                __malloc_heap_end
 .data          0x0000000000800c28        0x0 /usr/lib/gcc/avr/4.5.3/../../../avr/lib/avr6/libc.a(exit.o)
 .data          0x0000000000800c28        0x0 /usr/lib/gcc/avr/4.5.3/../../../avr/lib/avr6/libc.a(isalpha.o)
 .data          0x0000000000800c28        0x0 /usr/lib/gcc/avr/4.5.3/../../../avr/lib/avr6/libc.a(isspace.o)
 .data          0x0000000000800c28        0x0 /usr/lib/gcc/avr/4.5.3/../../../avr/lib/avr6/libc.a(strcmp_P.o)
 .data          0x0000000000800c28        0x0 /usr/lib/gcc/avr/4.5.3/../../../avr/lib/avr6/libc.a(strcpy_P.o)
 .data          0x0000000000800c28        0x0 /usr/lib/gcc/avr/4.5.3/../../../avr/lib/avr6/libc.a(strlen_P.o)
 .data          0x0000000000800c28        0x0 /usr/lib/gcc/avr/4.5.3/../../../avr/lib/avr6/libc.a(memcmp.o)
 .data          0x0000000000800c28        0x0 /usr/lib/gcc/avr/4.5.3/../../../avr/lib/avr6/libc.a(memcpy.o)
 .data          0x0000000000800c28        0x0 /usr/lib/gcc/avr/4.5.3/../../../avr/lib/avr6/libc.a(memset.o)
 .data          0x0000000000800c28        0x0 /usr/lib/gcc/avr/4.5.3/../../../avr/lib/avr6/libc.a(strchr.o)
 .data          0x0000000000800c28        0x0 /usr/lib/gcc/avr/4.5.3/../../../avr/lib/avr6/libc.a(strcmp.o)
 .data          0x0000000000800c28        0x0 /usr/lib/gcc/avr/4.5.3/../../../avr/lib/avr6/libc.a(strcpy.o)
 .data          0x0000000000800c28        0x0 /usr/lib/gcc/avr/4.5.3/../../../avr/lib/avr6/libc.a(strncmp.o)
 .data          0x0000000000800c28        0x0 /usr/lib/gcc/avr/4.5.3/../../../avr/lib/avr6/libc.a(sprintf.o)
 .data          0x0000000000800c28        0x0 /usr/lib/gcc/avr/4.5.3/../../../avr/lib/avr6/libc.a(addsf3.o)
 .data          0x0000000000800c28        0x0 /usr/lib/gcc/avr/4.5.3/../../../avr/lib/avr6/libc.a(addsf3x.o)
 .data          0x0000000000800c28        0x0 /usr/lib/gcc/avr/4.5.3/../../../avr/lib/avr6/libc.a(asin.o)
 .data          0x0000000000800c28        0x0 /usr/lib/gcc/avr/4.5.3/../../../avr/lib/avr6/libc.a(cmpsf2.o)
 .data          0x0000000000800c28        0x0 /usr/lib/gcc/avr/4.5.3/../../../avr/lib/avr6/libc.a(cos.o)
 .data          0x0000000000800c28        0x0 /usr/lib/gcc/avr/4.5.3/../../../avr/lib/avr6/libc.a(divsf3.o)
 .data          0x0000000000800c28        0x0 /usr/lib/gcc/avr/4.5.3/../../../avr/lib/avr6/libc.a(divsf3x.o)
 .data          0x0000000000800c28        0x0 /usr/lib/gcc/avr/4.5.3/../../../avr/lib/avr6/libc.a(fixsfsi.o)
 .data          0x0000000000800c28        0x0 /usr/lib/gcc/avr/4.5.3/../../../avr/lib/avr6/libc.a(fixunssfsi.o)
 .data          0x0000000000800c28        0x0 /usr/lib/gcc/avr/4.5.3/../../../avr/lib/avr6/libc.a(floatsisf.o)
 .data          0x0000000000800c28        0x0 /usr/lib/gcc/avr/4.5.3/../../../avr/lib/avr6/libc.a(floor.o)
 .data          0x0000000000800c28        0x0 /usr/lib/gcc/avr/4.5.3/../../../avr/lib/avr6/libc.a(fp_arccos.o)
 .data          0x0000000000800c28        0x0 /usr/lib/gcc/avr/4.5.3/../../../avr/lib/avr6/libc.a(fp_cmp.o)
 .data          0x0000000000800c28        0x0 /usr/lib/gcc/avr/4.5.3/../../../avr/lib/avr6/libc.a(fp_inf.o)
 .data          0x0000000000800c28        0x0 /usr/lib/gcc/avr/4.5.3/../../../avr/lib/avr6/libc.a(fp_mintl.o)
 .data          0x0000000000800c28        0x0 /usr/lib/gcc/avr/4.5.3/../../../avr/lib/avr6/libc.a(fp_mpack.o)
 .data          0x0000000000800c28        0x0 /usr/lib/gcc/avr/4.5.3/../../../avr/lib/avr6/libc.a(fp_nan.o)
 .data          0x0000000000800c28        0x0 /usr/lib/gcc/avr/4.5.3/../../../avr/lib/avr6/libc.a(fp_powser.o)
 .data          0x0000000000800c28        0x0 /usr/lib/gcc/avr/4.5.3/../../../avr/lib/avr6/libc.a(fp_powsodd.o)
 .data          0x0000000000800c28        0x0 /usr/lib/gcc/avr/4.5.3/../../../avr/lib/avr6/libc.a(fp_pscA.o)
 .data          0x0000000000800c28        0x0 /usr/lib/gcc/avr/4.5.3/../../../avr/lib/avr6/libc.a(fp_pscB.o)
 .data          0x0000000000800c28        0x0 /usr/lib/gcc/avr/4.5.3/../../../avr/lib/avr6/libc.a(fp_rempio2.o)
 .data          0x0000000000800c28        0x0 /usr/lib/gcc/avr/4.5.3/../../../avr/lib/avr6/libc.a(fp_round.o)
 .data          0x0000000000800c28        0x0 /usr/lib/gcc/avr/4.5.3/../../../avr/lib/avr6/libc.a(fp_sinus.o)
 .data          0x0000000000800c28        0x0 /usr/lib/gcc/avr/4.5.3/../../../avr/lib/avr6/libc.a(fp_split3.o)
 .data          0x0000000000800c28        0x0 /usr/lib/gcc/avr/4.5.3/../../../avr/lib/avr6/libc.a(fp_trunc.o)
 .data          0x0000000000800c28        0x0 /usr/lib/gcc/avr/4.5.3/../../../avr/lib/avr6/libc.a(fp_zero.o)
 .data          0x0000000000800c28        0x0 /usr/lib/gcc/avr/4.5.3/../../../avr/lib/avr6/libc.a(gesf2.o)
 .data          0x0000000000800c28        0x0 /usr/lib/gcc/avr/4.5.3/../../../avr/lib/avr6/libc.a(mulsf3.o)
 .data          0x0000000000800c28        0x0 /usr/lib/gcc/avr/4.5.3/../../../avr/lib/avr6/libc.a(mulsf3x.o)
 .data          0x0000000000800c28        0x0 /usr/lib/gcc/avr/4.5.3/../../../avr/lib/avr6/libc.a(pow.o)
 .data          0x0000000000800c28        0x0 /usr/lib/gcc/avr/4.5.3/../../../avr/lib/avr6/libc.a(sin.o)
 .data          0x0000000000800c28        0x0 /usr/lib/gcc/avr/4.5.3/../../../avr/lib/avr6/libc.a(sqrt.o)
 .data          0x0000000000800c28        0x0 /usr/lib/gcc/avr/4.5.3/../../../avr/lib/avr6/libc.a(vfprintf_std.o)
 .data          0x0000000000800c28        0x0 /usr/lib/gcc/avr/4.5.3/../../../avr/lib/avr6/libc.a(eerd_byte_atmega2560.o)
 .data          0x0000000000800c28        0x0 /usr/lib/gcc/avr/4.5.3/../../../avr/lib/avr6/libc.a(eewr_byte_atmega2560.o)
 .data          0x0000000000800c28        0x0 /usr/lib/gcc/avr/4.5.3/../../../avr/lib/avr6/libc.a(cty_isfalse.o)
 .data          0x0000000000800c28        0x0 /usr/lib/gcc/avr/4.5.3/../../../avr/lib/avr6/libc.a(strnlen_P.o)
 .data          0x0000000000800c28        0x0 /usr/lib/gcc/avr/4.5.3/../../../avr/lib/avr6/libc.a(strnlen.o)
 .data          0x0000000000800c28        0x0 /usr/lib/gcc/avr/4.5.3/../../../avr/lib/avr6/libc.a(fputc.o)
 .data          0x0000000000800c28        0x0 /usr/lib/gcc/avr/4.5.3/../../../avr/lib/avr6/libc.a(ultoa_invert.o)
 .data          0x0000000000800c28        0x0 /usr/lib/gcc/avr/4.5.3/../../../avr/lib/avr6/libc.a(exp.o)
 .data          0x0000000000800c28        0x0 /usr/lib/gcc/avr/4.5.3/../../../avr/lib/avr6/libc.a(fp_norm2.o)
 .data          0x0000000000800c28        0x0 /usr/lib/gcc/avr/4.5.3/../../../avr/lib/avr6/libc.a(inverse.o)
 .data          0x0000000000800c28        0x0 /usr/lib/gcc/avr/4.5.3/../../../avr/lib/avr6/libc.a(ldexp.o)
 .data          0x0000000000800c28        0x0 /usr/lib/gcc/avr/4.5.3/../../../avr/lib/avr6/libc.a(log.o)
 .data          0x0000000000800c28        0x0 /usr/lib/gcc/avr/4.5.3/../../../avr/lib/avr6/libc.a(modf.o)
 .data          0x0000000000800c28        0x0 /usr/lib/gcc/avr/4.5.3/avr6/libgcc.a(_mulsi3.o)
 .data          0x0000000000800c28        0x0 /usr/lib/gcc/avr/4.5.3/avr6/libgcc.a(_udivmodqi4.o)
 .data          0x0000000000800c28        0x0 /usr/lib/gcc/avr/4.5.3/avr6/libgcc.a(_udivmodhi4.o)
 .data          0x0000000000800c28        0x0 /usr/lib/gcc/avr/4.5.3/avr6/libgcc.a(_divmodhi4.o)
 .data          0x0000000000800c28        0x0 /usr/lib/gcc/avr/4.5.3/avr6/libgcc.a(_udivmodsi4.o)
 .data          0x0000000000800c28        0x0 /usr/lib/gcc/avr/4.5.3/avr6/libgcc.a(_divmodsi4.o)
 .data          0x0000000000800c28        0x0 /usr/lib/gcc/avr/4.5.3/avr6/libgcc.a(_exit.o)
 .data          0x0000000000800c28        0x0 /usr/lib/gcc/avr/4.5.3/avr6/libgcc.a(_copy_data.o)
 .data          0x0000000000800c28        0x0 /usr/lib/gcc/avr/4.5.3/avr6/libgcc.a(_clear_bss.o)
 .data          0x0000000000800c28        0x0 /usr/lib/gcc/avr/4.5.3/avr6/libgcc.a(_ctors.o)
 .data          0x0000000000800c28        0x0 /usr/lib/gcc/avr/4.5.3/avr6/libgcc.a(_tablejump_elpm.o)
 *(.data*)
 *(.rodata)
 *(.rodata*)
 *(.gnu.linkonce.d*)
                0x0000000000800c28                . = ALIGN (0x2)
                0x0000000000800c28                _edata = .
                0x0000000000800c28                PROVIDE (__data_end, .)

.bss            0x0000000000800c28      0x4a7
                0x0000000000800c28                PROVIDE (__bss_start, .)
 *(.bss)
 .bss           0x0000000000800c28        0x0 /usr/lib/gcc/avr/4.5.3/../../../avr/lib/avr6/crtm2560.o
 .bss           0x0000000000800c28      0x249 ./inc/HardwareSerial.o
                0x0000000000800c28                rx_buffer
                0x0000000000800cac                rx_buffer1
                0x0000000000800d30                rx_buffer2
                0x0000000000800db4                rx_buffer3