Archive member included because of file (symbol)

/home/jkw/Store/17 - Speedmaster/Firmware/inc/libArduinoCore2560.a(WInterrupts.c.o)
                              ./dz.o (attachInterrupt)
/home/jkw/Store/17 - Speedmaster/Firmware/inc/libArduinoCore2560.a(wiring.c.o)
                              ./blinker.o (millis)
/home/jkw/Store/17 - Speedmaster/Firmware/inc/libArduinoCore2560.a(wiring_analog.c.o)
                              ./temperature.o (analogRead)
/home/jkw/Store/17 - Speedmaster/Firmware/inc/libArduinoCore2560.a(wiring_digital.c.o)
                              ./blinker.o (pinMode)
/home/jkw/Store/17 - Speedmaster/Firmware/inc/libArduinoCore2560.a(HardwareSerial.cpp.o)
                              ./main.o (_ZN14HardwareSerial5beginEl)
/home/jkw/Store/17 - Speedmaster/Firmware/inc/libArduinoCore2560.a(Print.cpp.o)
                              /home/jkw/Store/17 - Speedmaster/Firmware/inc/libArduinoCore2560.a(HardwareSerial.cpp.o) (_ZN5Print5writeEPKc)
/home/jkw/Store/17 - Speedmaster/Firmware/inc/libArduinoCore2560.a(WString.cpp.o)
                              /home/jkw/Store/17 - Speedmaster/Firmware/inc/libArduinoCore2560.a(Print.cpp.o) (_ZNK6StringixEj)
/usr/lib/gcc/avr/4.5.3/../../../avr/lib/avr6/libc.a(malloc.o)
                              ./config.o (malloc)
/usr/lib/gcc/avr/4.5.3/../../../avr/lib/avr6/libc.a(exit.o)
                              /usr/lib/gcc/avr/4.5.3/../../../avr/lib/avr6/crtm2560.o (exit)
/usr/lib/gcc/avr/4.5.3/../../../avr/lib/avr6/libc.a(isalpha.o)
                              ./inc/istream.o (isupper)
/usr/lib/gcc/avr/4.5.3/../../../avr/lib/avr6/libc.a(isspace.o)
                              ./inc/istream.o (isspace)
/usr/lib/gcc/avr/4.5.3/../../../avr/lib/avr6/libc.a(tolower.o)
                              /home/jkw/Store/17 - Speedmaster/Firmware/inc/libArduinoCore2560.a(WString.cpp.o) (tolower)
/usr/lib/gcc/avr/4.5.3/../../../avr/lib/avr6/libc.a(toupper.o)
                              /home/jkw/Store/17 - Speedmaster/Firmware/inc/libArduinoCore2560.a(WString.cpp.o) (toupper)
/usr/lib/gcc/avr/4.5.3/../../../avr/lib/avr6/libc.a(strcmp_P.o)
                              ./config.o (strcmp_P)
/usr/lib/gcc/avr/4.5.3/../../../avr/lib/avr6/libc.a(strcpy_P.o)
                              ./config.o (strcpy_P)
/usr/lib/gcc/avr/4.5.3/../../../avr/lib/avr6/libc.a(strlen_P.o)
                              ./inc/ostream.o (strlen_P)
/usr/lib/gcc/avr/4.5.3/../../../avr/lib/avr6/libc.a(memcmp.o)
                              ./inc/SdFile.o (memcmp)
/usr/lib/gcc/avr/4.5.3/../../../avr/lib/avr6/libc.a(memcpy.o)
                              ./inc/SdFile.o (memcpy)
/usr/lib/gcc/avr/4.5.3/../../../avr/lib/avr6/libc.a(memset.o)
                              ./gps.o (memset)
/usr/lib/gcc/avr/4.5.3/../../../avr/lib/avr6/libc.a(strcat.o)
                              /home/jkw/Store/17 - Speedmaster/Firmware/inc/libArduinoCore2560.a(WString.cpp.o) (strcat)
/usr/lib/gcc/avr/4.5.3/../../../avr/lib/avr6/libc.a(strchr.o)
                              ./inc/SdFile.o (strchr)
/usr/lib/gcc/avr/4.5.3/../../../avr/lib/avr6/libc.a(strcmp.o)
                              ./config.o (strcmp)
/usr/lib/gcc/avr/4.5.3/../../../avr/lib/avr6/libc.a(strcpy.o)
                              ./config.o (strcpy)
/usr/lib/gcc/avr/4.5.3/../../../avr/lib/avr6/libc.a(strncmp.o)
                              ./config.o (strncmp)
/usr/lib/gcc/avr/4.5.3/../../../avr/lib/avr6/libc.a(strncpy.o)
                              /home/jkw/Store/17 - Speedmaster/Firmware/inc/libArduinoCore2560.a(WString.cpp.o) (strncpy)
/usr/lib/gcc/avr/4.5.3/../../../avr/lib/avr6/libc.a(strrchr.o)
                              /home/jkw/Store/17 - Speedmaster/Firmware/inc/libArduinoCore2560.a(WString.cpp.o) (strrchr)
/usr/lib/gcc/avr/4.5.3/../../../avr/lib/avr6/libc.a(strstr.o)
                              /home/jkw/Store/17 - Speedmaster/Firmware/inc/libArduinoCore2560.a(WString.cpp.o) (strstr)
/usr/lib/gcc/avr/4.5.3/../../../avr/lib/avr6/libc.a(itoa.o)
                              /home/jkw/Store/17 - Speedmaster/Firmware/inc/libArduinoCore2560.a(WString.cpp.o) (itoa)
/usr/lib/gcc/avr/4.5.3/../../../avr/lib/avr6/libc.a(ltoa.o)
                              /home/jkw/Store/17 - Speedmaster/Firmware/inc/libArduinoCore2560.a(WString.cpp.o) (ltoa)
/usr/lib/gcc/avr/4.5.3/../../../avr/lib/avr6/libc.a(ultoa.o)
                              /home/jkw/Store/17 - Speedmaster/Firmware/inc/libArduinoCore2560.a(WString.cpp.o) (ultoa)
/usr/lib/gcc/avr/4.5.3/../../../avr/lib/avr6/libc.a(sprintf.o)
                              ./clock_me.o (sprintf)
/usr/lib/gcc/avr/4.5.3/../../../avr/lib/avr6/libc.a(addsf3.o)
                              ./config.o (__subsf3)
/usr/lib/gcc/avr/4.5.3/../../../avr/lib/avr6/libc.a(addsf3x.o)
                              /usr/lib/gcc/avr/4.5.3/../../../avr/lib/avr6/libc.a(addsf3.o) (__addsf3x)
/usr/lib/gcc/avr/4.5.3/../../../avr/lib/avr6/libc.a(asin.o)
                              ./gps.o (asin)
[...]
Memory Configuration

Name             Origin             Length             Attributes
text             0x0000000000000000 0x0000000000100000 xr
data             0x0000000000800200 0x000000000000fe00 rw !x
eeprom           0x0000000000810000 0x0000000000010000 rw !x
fuse             0x0000000000820000 0x0000000000000400 rw !x
lock             0x0000000000830000 0x0000000000000400 rw !x
signature        0x0000000000840000 0x0000000000000400 rw !x
*default*        0x0000000000000000 0xffffffffffffffff

Linker script and memory map

Address of section .data set to 0x800200
LOAD /usr/lib/gcc/avr/4.5.3/../../../avr/lib/avr6/crtm2560.o
LOAD ./blinker.o
LOAD ./clock_me.o
LOAD ./config.o
LOAD ./debug.o
LOAD ./display.o
LOAD ./dz.o
LOAD ./file_manager.o
LOAD ./fuel.o
LOAD ./gear.o
LOAD ./gps.o
LOAD ./helper.o
LOAD ./main.o
LOAD ./menu.o
LOAD ./oiler.o
LOAD ./reset.o
LOAD ./sd.o
LOAD ./sensors.o
LOAD ./speed.o
LOAD ./speedo.o
LOAD ./sprint.o
LOAD ./temperature.o
LOAD ./timer.o
LOAD ./inc/EEPROM.o
LOAD ./inc/Sd2Card.o
LOAD ./inc/SdFat.o
LOAD ./inc/SdFatUtil.o
LOAD ./inc/SdFile.o
LOAD ./inc/SdStream.o
LOAD ./inc/SdVolume.o
LOAD ./inc/Wire.o
LOAD ./inc/istream.o
LOAD ./inc/ostream.o
LOAD ./inc/pins_arduino.o
LOAD ./inc/ssd0323.o
LOAD ./inc/twi.o
LOAD /home/jkw/Store/17 - Speedmaster/Firmware/inc/libArduinoCore2560.a
LOAD /usr/lib/gcc/avr/4.5.3/../../../avr/lib/avr6/libc.a
LOAD /usr/lib/gcc/avr/4.5.3/avr6/libgcc.a
LOAD /usr/lib/gcc/avr/4.5.3/../../../avr/lib/avr6/libm.a
LOAD /usr/lib/gcc/avr/4.5.3/../../../avr/lib/avr6/libc.a
LOAD /usr/lib/gcc/avr/4.5.3/avr6/libgcc.a
LOAD /usr/lib/gcc/avr/4.5.3/../../../avr/lib/avr6/libc.a
LOAD /usr/lib/gcc/avr/4.5.3/avr6/libgcc.a

.hash
 *(.hash)

.dynsym
 *(.dynsym)

.dynstr
 *(.dynstr)

.gnu.version
 *(.gnu.version)

.gnu.version_d
 *(.gnu.version_d)

.gnu.version_r
 *(.gnu.version_r)

.rel.init
 *(.rel.init)

.rela.init
 *(.rela.init)

.rel.text
 *(.rel.text)
 *(.rel.text.*)
 *(.rel.gnu.linkonce.t*)

.rela.text
 *(.rela.text)
 *(.rela.text.*)
 *(.rela.gnu.linkonce.t*)

.rel.fini
 *(.rel.fini)

.rela.fini
 *(.rela.fini)

.rel.rodata
 *(.rel.rodata)
 *(.rel.rodata.*)
 *(.rel.gnu.linkonce.r*)

.rela.rodata
 *(.rela.rodata)
 *(.rela.rodata.*)
 *(.rela.gnu.linkonce.r*)

.rel.data
 *(.rel.data)
 *(.rel.data.*)
 *(.rel.gnu.linkonce.d*)

.rela.data
 *(.rela.data)
 *(.rela.data.*)
 *(.rela.gnu.linkonce.d*)

.rel.ctors
 *(.rel.ctors)

.rela.ctors
 *(.rela.ctors)

.rel.dtors
 *(.rel.dtors)

.rela.dtors
 *(.rela.dtors)

.rel.got
 *(.rel.got)

.rela.got
 *(.rela.got)

.rel.bss
 *(.rel.bss)

.rela.bss
 *(.rela.bss)

.rel.plt
 *(.rel.plt)

.rela.plt
 *(.rela.plt)

.text           0x0000000000000000    0x1bf88
 *(.vectors)
 .vectors       0x0000000000000000       0xe4 /usr/lib/gcc/avr/4.5.3/../../../avr/lib/avr6/crtm2560.o
                0x0000000000000000                __vectors
                0x0000000000000000                __vector_default
 *(.vectors)
 *(.progmem.gcc*)
 .progmem.gcc_fplib
                0x00000000000000e4       0x14 /usr/lib/gcc/avr/4.5.3/../../../avr/lib/avr6/libc.a(asin.o)
 .progmem.gcc_fplib
                0x00000000000000f8       0x28 /usr/lib/gcc/avr/4.5.3/../../../avr/lib/avr6/libc.a(fp_arccos.o)
 .progmem.gcc_fplib
                0x0000000000000120       0x1e /usr/lib/gcc/avr/4.5.3/../../../avr/lib/avr6/libc.a(fp_sinus.o)
 .progmem.gcc_fplib
                0x000000000000013e       0x28 /usr/lib/gcc/avr/4.5.3/../../../avr/lib/avr6/libc.a(exp.o)
 .progmem.gcc_fplib
                0x0000000000000166       0x5a /usr/lib/gcc/avr/4.5.3/../../../avr/lib/avr6/libc.a(log.o)
 *(.progmem*)
 .progmem.data  0x00000000000001c0       0x12 ./blinker.o
 .progmem.data  0x00000000000001d2       0x10 ./clock_me.o
 .progmem.data  0x00000000000001e2      0x54e ./config.o
 .progmem.data  0x0000000000000730       0xaa ./display.o
 .progmem.data  0x00000000000007da      0x113 ./file_manager.o
 .progmem.data  0x00000000000008ed       0x51 ./gear.o
 .progmem.data  0x000000000000093e       0x45 ./gps.o
 .progmem.data  0x0000000000000983       0x29 ./main.o
 .progmem.data  0x00000000000009ac      0x4e3 ./menu.o
                0x00000000000009ac                titel_0
                0x00000000000009ba                titel_1
                0x00000000000009bb                titel_2
                0x00000000000009bc                titel_3
                0x00000000000009cc                titel_4
                0x00000000000009d7                titel_5
                0x00000000000009e5                titel_6
                0x00000000000009f3                titel_7
                0x00000000000009f4                titel_8
                0x00000000000009fe                titel_9
                0x0000000000000a0f                menu_titel
                0x0000000000000a23                main_m_0
                0x0000000000000a30                main_m_1
                0x0000000000000a3f                main_m_2
                0x0000000000000a4c                main_m_3
                0x0000000000000a5a                main_m_4
                0x0000000000000a67                main_m_5
                0x0000000000000a77                main_m_6
                0x0000000000000a86                main_m_7
                0x0000000000000a8f                main_m_8
                0x0000000000000a9f                s_titel_0
                0x0000000000000aa0                s_titel_1
                0x0000000000000aa1                s_titel_2
                0x0000000000000aa2                s_titel_3
                0x0000000000000ab2                s_titel_4
                0x0000000000000abf                s_titel_5
                0x0000000000000ac9                setup_titel
                0x0000000000000ad5                menu_main
                0x0000000000000ae7                setup_m_0
                0x0000000000000af6                setup_m_1
                0x0000000000000b05                setup_m_2
                0x0000000000000b13                setup_m_3
                0x0000000000000b23                setup_m_4
                0x0000000000000b2e                setup_m_5
                0x0000000000000b3b                setup_m_6
                0x0000000000000b49                setup_m_7
                0x0000000000000b5c                setup_m_8
                0x0000000000000b6e                menu_setup
                0x0000000000000b80                navi_m_0
                0x0000000000000b8b                navi_m_1
                0x0000000000000b97                navi_m_2
                0x0000000000000ba0                navi_m_3
                0x0000000000000bad                navi_m_4
                0x0000000000000baf                navi_m_5
                0x0000000000000bb1                navi_m_6
                0x0000000000000bc0                navi_m_7
                0x0000000000000bcb                navi_m_8
                0x0000000000000bd9                menu_navi
                0x0000000000000beb                trip_setup_m_0
                0x0000000000000bf1                trip_setup_m_1
                0x0000000000000bfe                trip_setup_m_2
                0x0000000000000c02                trip_setup_m_3
                0x0000000000000c07                trip_setup_m_4
                0x0000000000000c0d                trip_setup_m_5
                0x0000000000000c12                trip_setup_m_6
                0x0000000000000c18                trip_setup_m_7
                0x0000000000000c1f                trip_setup_m_8
                0x0000000000000c25                menu_trip_setup
                0x0000000000000c37                flasher_m_0
                0x0000000000000c3b                flasher_m_1
                0x0000000000000c44                flasher_m_2
                0x0000000000000c4c                menu_flasher
 .progmem.data  0x0000000000000e8f       0x10 ./oiler.o
 .progmem.data  0x0000000000000e9f       0x19 ./reset.o
 .progmem.data  0x0000000000000eb8       0x39 ./sd.o
 .progmem.data  0x0000000000000ef1       0x12 ./sensors.o
 .progmem.data  0x0000000000000f03       0x12 ./speed.o
 .progmem.data  0x0000000000000f15       0x64 ./speedo.o
 .progmem.data  0x0000000000000f79        0xe ./sprint.o
 .progmem.data  0x0000000000000f87       0xc0 ./inc/SdFat.o
 .progmem.data  0x0000000000001047       0x13 ./inc/SdFile.o
 .progmem.data  0x000000000000105a        0xb ./inc/istream.o
 .progmem.data  0x0000000000001065       0x13 ./inc/ostream.o
 .progmem.data  0x0000000000001078      0x120 ./inc/pins_arduino.o
                0x0000000000001078                port_to_mode_PGM
                0x0000000000001092                port_to_output_PGM
                0x00000000000010ac                port_to_input_PGM
                0x00000000000010c6                digital_pin_to_port_PGM
                0x000000000000110c                digital_pin_to_bit_mask_PGM
                0x0000000000001152                digital_pin_to_timer_PGM
 .progmem.data  0x0000000000001198      0xcc0 ./inc/ssd0323.o
                0x0000000000001e58                . = ALIGN (0x2)
                0x0000000000001e58                __trampolines_start = .
 *(.trampolines)
 .trampolines   0x0000000000001e58        0x0 linker stubs
 *(.trampolines*)
                0x0000000000001e58                __trampolines_end = .
 *(.jumptables)
 *(.jumptables*)
 *(.lowtext)
 *(.lowtext*)
                0x0000000000001e58                __ctors_start = .
 *(.ctors)
 .ctors         0x0000000000001e58        0x2 ./main.o
 .ctors         0x0000000000001e5a        0x2 ./inc/Wire.o
 .ctors         0x0000000000001e5c        0x2 /home/jkw/Store/17 - Speedmaster/Firmware/inc/libArduinoCore2560.a(HardwareSerial.cpp.o)
                0x0000000000001e5e                __ctors_end = .
                0x0000000000001e5e                __dtors_start = .
 *(.dtors)
                0x0000000000001e5e                __dtors_end = .
 SORT(*)(.ctors)
 SORT(*)(.dtors)
 *(.init0)
 .init0         0x0000000000001e5e        0x0 /usr/lib/gcc/avr/4.5.3/../../../avr/lib/avr6/crtm2560.o
                0x0000000000001e5e                __init
 *(.init0)
 *(.init1)
 *(.init1)
 *(.init2)
 .init2         0x0000000000001e5e       0x10 /usr/lib/gcc/avr/4.5.3/../../../avr/lib/avr6/crtm2560.o
 *(.init2)
 *(.init3)
 *(.init3)
 *(.init4)
 .init4         0x0000000000001e6e       0x1a /usr/lib/gcc/avr/4.5.3/avr6/libgcc.a(_copy_data.o)
                0x0000000000001e6e                __do_copy_data
 .init4         0x0000000000001e88       0x10 /usr/lib/gcc/avr/4.5.3/avr6/libgcc.a(_clear_bss.o)
                0x0000000000001e88                __do_clear_bss
 *(.init4)
 *(.init5)
 *(.init5)
 *(.init6)
 .init6         0x0000000000001e98       0x20 /usr/lib/gcc/avr/4.5.3/avr6/libgcc.a(_ctors.o)
                0x0000000000001e98                __do_global_ctors
 *(.init6)
 *(.init7)
 *(.init7)
 *(.init8)
 *(.init8)
 *(.init9)
 .init9         0x0000000000001eb8        0x8 /usr/lib/gcc/avr/4.5.3/../../../avr/lib/avr6/crtm2560.o
 *(.init9)
 *(.text)
 .text          0x0000000000001ec0        0x4 /usr/lib/gcc/avr/4.5.3/../../../avr/lib/avr6/crtm2560.o
                0x0000000000001ec0                __vector_38
                0x0000000000001ec0                __vector_22
                0x0000000000001ec0                __vector_28
                0x0000000000001ec0                __vector_32
                0x0000000000001ec0                __vector_34
                0x0000000000001ec0                __vector_24
                0x0000000000001ec0                __vector_12
                0x0000000000001ec0                __vector_55
                0x0000000000001ec0                __vector_46
                0x0000000000001ec0                __bad_interrupt
                0x0000000000001ec0                __vector_31
                0x0000000000001ec0                __vector_35
                0x0000000000001ec0                __vector_30
                0x0000000000001ec0                __vector_45
                0x0000000000001ec0                __vector_11
                0x0000000000001ec0                __vector_13
                0x0000000000001ec0                __vector_17
                0x0000000000001ec0                __vector_19
                0x0000000000001ec0                __vector_56
                0x0000000000001ec0                __vector_49
                0x0000000000001ec0                __vector_41
                0x0000000000001ec0                __vector_43
                0x0000000000001ec0                __vector_27
                0x0000000000001ec0                __vector_33
                0x0000000000001ec0                __vector_47
                0x0000000000001ec0                __vector_52
                0x0000000000001ec0                __vector_37
                0x0000000000001ec0                __vector_44
                0x0000000000001ec0                __vector_9
                0x0000000000001ec0                __vector_21
                0x0000000000001ec0                __vector_15
                0x0000000000001ec0                __vector_29
                0x0000000000001ec0                __vector_40
                0x0000000000001ec0                __vector_26
                0x0000000000001ec0                __vector_48
                0x0000000000001ec0                __vector_14
                0x0000000000001ec0                __vector_53
                0x0000000000001ec0                __vector_10
                0x0000000000001ec0                __vector_50
                0x0000000000001ec0                __vector_16
                0x0000000000001ec0                __vector_18
                0x0000000000001ec0                __vector_20
                0x0000000000001ec0                __vector_42
 .text          0x0000000000001ec4      0x158 ./blinker.o
                0x0000000000001ec4                _ZN13moped_blinkerC1Ev
                0x0000000000001ec4                _ZN13moped_blinkerC2Ev
                0x0000000000001ec6                _ZN13moped_blinkerD2Ev
                0x0000000000001ec6                _ZN13moped_blinkerD1Ev
                0x0000000000001ec8                _ZN13moped_blinker5checkEv
                0x0000000000001f72                _ZN13moped_blinker9set_startEmi
                0x0000000000001fa0                _ZN13moped_blinker4warnEm
                0x0000000000001fe4                _ZN13moped_blinker4initEv
 .text          0x000000000000201c      0x664 ./clock_me.o
                0x000000000000201c                _ZN12speedo_clockC2Ev
                0x000000000000201c                _ZN12speedo_clockC1Ev
                0x000000000000201e                _ZN12speedo_clockD1Ev
                0x000000000000201e                _ZN12speedo_clockD2Ev
                0x0000000000002020                _ZN12speedo_clock7changedEPi
                0x0000000000002046                _ZN12speedo_clock8decToBcdEc
                0x0000000000002056                _ZN12speedo_clock8bcdToDecEc
                0x000000000000206e                _ZN12speedo_clock4initEv
                0x00000000000022a0                _ZN12speedo_clock5storeEv
                0x00000000000023a0                _ZN12speedo_clock13set_date_timeEiiiiiiii
                0x00000000000024ea                _ZN12speedo_clock7getdateEv
                0x000000000000250e                _ZN12speedo_clock13get_long_dateEv
                0x000000000000259a                _ZN12speedo_clock9get_daylsEv
                0x00000000000025a2                _ZN12speedo_clock6get_ssEv
                0x00000000000025ac                _ZN12speedo_clock3incEv
                0x00000000000025f8                _ZN12speedo_clock4copyEPc
 .text          0x0000000000002680     0x27b6 ./config.o
                0x0000000000002680                _ZN6SdFileD1Ev
                0x0000000000002696                _ZN13configurationC2Ev
                0x0000000000002696                _ZN13configurationC1Ev
                0x0000000000002698                _ZN13configuration8ram_infoEv
                0x00000000000026d4                _ZN13configurationD1Ev
                0x00000000000026d4                _ZN13configurationD2Ev
                0x00000000000026d6                _ZN13configuration5writeEPKc
                0x00000000000033ea                _ZN13configuration5checkEv
                0x00000000000034ea                _ZN13configuration4initEv
                0x0000000000003864                _ZN13configuration11parse_floatEPciPf
                0x0000000000003ae6                _ZN13configuration10parse_boolEPciPb
                0x0000000000003b22                _ZN13configuration9parse_intEPciPi
                0x0000000000003b7a                _ZN13configuration11parse_shortEPciPs
                0x0000000000003bc6                _ZN13configuration7parse_aEPciS0_i
                0x0000000000003c34                _ZN13configuration8parse_ulEPciPm
                0x0000000000003cde                _ZN13configuration5parseEPc
                0x00000000000046ec                _ZN13configuration4readEPKc
                0x0000000000004942                _ZN13configuration9read_skinEv
                0x00000000000049d8                _ZN13configuration7km_saveEv
                0x0000000000004bb0                _ZN13configuration11EEPROM_initEv
 .text          0x0000000000004e36       0x6e ./debug.o
                0x0000000000004e36                _ZN9debuggingC1Ev
                0x0000000000004e36                _ZN9debuggingC2Ev
                0x0000000000004e38                _ZN9debuggingD1Ev
                0x0000000000004e38                _ZN9debuggingD2Ev
                0x0000000000004e3a                _ZN9debugging7sprintpEPKc
                0x0000000000004e64                _ZN9debugging9sprintlnpEPKc
                0x0000000000004e96                _ZN9debugging11parse_floatEiPciii
                0x0000000000004e98                _ZN9debugging9parse_intEv
                0x0000000000004e9a                _ZN9debugging5parseEiPc
                0x0000000000004e9c                _ZN9debugging7parse_aEiPc
                0x0000000000004e9e                _ZN9debugging8parse_ulEim
                0x0000000000004ea0                _ZN9debugging11speedo_loopEiimPc
                0x0000000000004ea2                _ZN9debugging4loopEv
 .text          0x0000000000004ea4     0x17b6 ./display.o
                0x0000000000004eba                _ZN11speedo_dispC1Ev
                0x0000000000004eba                _ZN11speedo_dispC2Ev
                0x0000000000004ec0                _ZN11speedo_dispD2Ev
                0x0000000000004ec0                _ZN11speedo_dispD1Ev
                0x0000000000004ec2                _ZN11speedo_disp8draw_oilEhh
                0x000000000000518c                _ZN11speedo_disp8draw_airEhh
                0x0000000000005296                _ZN11speedo_disp9draw_fuelEhh
                0x00000000000053c0                _ZN11speedo_disp10draw_clockEhh
                0x00000000000054ea                _ZN11speedo_disp12draw_blitzerEhh
                0x0000000000005764                _ZN11speedo_disp10draw_arrowEiii
                0x0000000000005d1c                _ZN11speedo_disp6sd2ssdEPc
                0x0000000000005e9c                _ZN11speedo_disp11show_storryEPcjS0_j
                0x0000000000006120                _ZN11speedo_disp14show_animationEPc
                0x000000000000645e                _ZN11speedo_disp12disp_waitingEihh
                0x00000000000064dc                _ZN11speedo_disp9animationEi
                0x000000000000654e                _ZN11speedo_disp11init_speedoEv
 .text          0x000000000000665a      0x2b6 ./dz.o
                0x000000000000665a                _Z6helperv
                0x0000000000006674                _ZN9speedo_dzC2Ev
                0x0000000000006674                _ZN9speedo_dzC1Ev
                0x0000000000006676                _ZN9speedo_dz7counterEv
                0x0000000000006686                _ZN9speedo_dz4calcEv
                0x00000000000068d0                _ZN9speedo_dz4initEv
 .text          0x0000000000006910      0xa5a ./file_manager.o
                0x0000000000006926                _ZN6SdFile7makeDirEPS_PKc
                0x000000000000692e                _ZN18speedo_filemanagerC2Ev
                0x000000000000692e                _ZN18speedo_filemanagerC1Ev
                0x000000000000694a                _ZN18speedo_filemanagerD1Ev
                0x000000000000694a                _ZN18speedo_filemanagerD2Ev
                0x0000000000006962                _ZN18speedo_filemanager2cdEPc
                0x0000000000006a6a                _ZN18speedo_filemanager9recv_fileEPc
                0x0000000000006d02                _ZN18speedo_filemanager9send_fileEPc
                0x0000000000006de4                _ZN18speedo_filemanager2lsEv
                0x0000000000006dee                _ZN18speedo_filemanager5mkdirEPc
                0x0000000000006e28                _ZN18speedo_filemanager2rmEPc
                0x0000000000006e98                _ZN18speedo_filemanager5rmdirEv
                0x0000000000006eb8                _ZN18speedo_filemanager12get_filenameEPc
                0x0000000000006f26                _ZN18speedo_filemanager3runEv
 .text          0x000000000000736a      0x24c ./fuel.o
                0x000000000000736a                _ZN11speedo_fuelC1Ev
                0x000000000000736a                _ZN11speedo_fuelC2Ev
                0x000000000000736c                _ZN11speedo_fuelD2Ev
                0x000000000000736c                _ZN11speedo_fuelD1Ev
                0x000000000000736e                _ZN11speedo_fuel8get_fuelEPc
                0x000000000000759a                _ZN11speedo_fuel4initEv
 .text          0x00000000000075b6      0x68a ./gear.o
                0x00000000000075b6                _ZN11speedo_gearC2Ev
                0x00000000000075b6                _ZN11speedo_gearC1Ev
                0x00000000000075b8                _ZN11speedo_gearD1Ev
                0x00000000000075b8                _ZN11speedo_gearD2Ev
                0x00000000000075ba                _ZN11speedo_gear4initEv
                0x00000000000075e2                _ZN11speedo_gear4calcEv
                0x0000000000007846                _ZN11speedo_gear3getEv
                0x000000000000785e                _ZN11speedo_gear9calibrateEv
 .text          0x0000000000007c40     0x1ff2 ./gps.o
                0x0000000000007c56                _ZN10speedo_gpsC1Ev
                0x0000000000007c56                _ZN10speedo_gpsC2Ev
                0x0000000000007c58                _ZN10speedo_gpsD1Ev
                0x0000000000007c58                _ZN10speedo_gpsD2Ev
                0x0000000000007c5a                _ZN10speedo_gps4initEv
                0x0000000000007d42                _ZN10speedo_gps9recv_dataEv
                0x0000000000007ea2                __vector_36
                0x0000000000007efe                _ZN10speedo_gps8get_infoEi
                0x000000000000805e                _ZN10speedo_gps11store_to_sdEv
                0x0000000000008146                _ZN10speedo_gps3modEmm
                0x00000000000081cc                _ZN10speedo_gps11nmea_to_decEm
                0x000000000000828a                _ZN10speedo_gps9calc_distEmm
                0x0000000000008516                _ZN10speedo_gps9get_orderEPc
                0x0000000000008796                _ZN10speedo_gps18generate_new_orderEv
                0x0000000000008b50                _ZN10speedo_gps9calc_naviEv
                0x0000000000008fe2                _ZN10speedo_gps5parseEPci
                0x0000000000009788                _ZN10speedo_gps10check_flagEv
                0x00000000000097e0                _ZN10speedo_gps4loopEv
                0x0000000000009ab6                _ZN10speedo_gps17get_logged_pointsEPci
 .text          0x0000000000009c32       0x3e ./helper.o
                0x0000000000009c32                __cxa_pure_virtual
                0x0000000000009c36                _Znwj
                0x0000000000009c3c                _ZdlPv
                0x0000000000009c42                _Znaj
                0x0000000000009c48                _ZdaPv
                0x0000000000009c52                _Z19__cxa_guard_acquirePx
                0x0000000000009c66                _Z19__cxa_guard_releasePx
                0x0000000000009c6e                _Z17__cxa_guard_abortPx
 .text          0x0000000000009c70      0x448 ./main.o
                0x0000000000009c70                main
 .text          0x000000000000a0b8     0x3998 ./menu.o
                0x000000000000a0ce                _ZN11speedo_menuC2Ev
                0x000000000000a0ce                _ZN11speedo_menuC1Ev
                0x000000000000a0d0                _ZN11speedo_menuD2Ev
                0x000000000000a0d0                _ZN11speedo_menuD1Ev
                0x000000000000a0d2                _ZN11speedo_menu4backEv
                0x000000000000a1d2                _ZN11speedo_menu5yesnoEPcS0_S0_
                0x000000000000a27a                _ZN11speedo_menu4drawEPPKci
                0x000000000000a530                _ZN11speedo_menu7displayEv
                0x000000000000d3c6                _ZN11speedo_menu8del_confEPcS0_
                0x000000000000d44a                _ZN11speedo_menu11button_testEb
                0x000000000000d9d0                _ZN11speedo_menu4initEv
 .text          0x000000000000da50       0xd4 ./oiler.o
                0x000000000000da50                _ZN12speedo_oilerC2Ev
                0x000000000000da50                _ZN12speedo_oilerC1Ev
                0x000000000000da52                _ZN12speedo_oilerD2Ev
                0x000000000000da52                _ZN12speedo_oilerD1Ev
                0x000000000000da54                _ZN12speedo_oiler4initEv
                0x000000000000da76                _ZN12speedo_oiler12send_impulseEv
                0x000000000000dac6                _ZN12speedo_oiler11check_valueEv
 .text          0x000000000000db24      0x29e ./reset.o
                0x000000000000db24                _ZN12speedo_resetC1Ev
                0x000000000000db24                _ZN12speedo_resetC2Ev
                0x000000000000db26                _ZN12speedo_resetD2Ev
                0x000000000000db26                _ZN12speedo_resetD1Ev
                0x000000000000db28                _ZN12speedo_reset10set_activeEbb
                0x000000000000db72                _ZN12speedo_reset12set_deactiveEbb
                0x000000000000dbba                _ZN12speedo_reset7restoreEv
                0x000000000000dbd6                _ZN12speedo_reset6toggleEv
                0x000000000000dc34                _ZN12speedo_reset9ask_resetEv
                0x000000000000dd32                _ZN12speedo_reset4initEv
 .text          0x000000000000ddc2      0x172 ./sd.o
                0x000000000000ddc2                _ZN8SdVolume4initEP7Sd2Card
                0x000000000000ddf0                _ZN9speedo_sdC1Ev
                0x000000000000ddf0                _ZN9speedo_sdC2Ev
                0x000000000000de0c                _ZN9speedo_sdD1Ev
                0x000000000000de0c                _ZN9speedo_sdD2Ev
                0x000000000000de0e                _ZN9speedo_sd7error_PEPKc
                0x000000000000de64                _ZN9speedo_sd9writeCRLFER6SdFile
                0x000000000000de74                _ZN9speedo_sd11writeStringER6SdFilePc
                0x000000000000de94                _ZN9speedo_sd4initEv
 .text          0x000000000000df34      0x23e ./sensors.o
                0x000000000000df34                _ZN14Speedo_sensorsC1Ev
                0x000000000000df34                _ZN14Speedo_sensorsC2Ev
                0x000000000000dffc                _ZN14Speedo_sensorsD2Ev
                0x000000000000dffc                _ZN14Speedo_sensorsD1Ev
                0x000000000000dffe                _ZN14Speedo_sensors4initEv
                0x000000000000e06a                _ZN14Speedo_sensors6flatItEiPsif
 .text          0x000000000000e172      0x7b0 ./speed.o
                0x000000000000e172                _ZN12speedo_speedC2Ev
                0x000000000000e172                _ZN12speedo_speedC1Ev
                0x000000000000e174                _ZN12speedo_speedD2Ev
                0x000000000000e174                _ZN12speedo_speedD1Ev
                0x000000000000e176                _ZN12speedo_speed4calcEv
                0x000000000000e32c                _Z12helper_speedv
                0x000000000000e33e                _ZN12speedo_speed4initEv
                0x000000000000e384                _ZN12speedo_speed8getSpeedEv
                0x000000000000e3fe                _ZN12speedo_speed13get_sat_speedEv
                0x000000000000e43a                _ZN12speedo_speed13get_mag_speedEv
                0x000000000000e442                _ZN12speedo_speed12check_umfangEv
 .text          0x000000000000e922     0x1664 ./speedo.o
                0x000000000000e922                _ZN13speedo_speedo9reset_bakEv
                0x000000000000e938                _ZN13speedo_speedo4loopEm
 .text          0x000000000000ff86      0x4b0 ./sprint.o
                0x000000000000ff86                _ZN13speedo_sprintC2Ev
                0x000000000000ff86                _ZN13speedo_sprintC1Ev
                0x000000000000ff90                _ZN13speedo_sprintD2Ev
                0x000000000000ff90                _ZN13speedo_sprintD1Ev
                0x000000000000ff92                _ZN13speedo_sprint4initEv
                0x000000000000ff9c                _ZN13speedo_sprint4loopEm
 .text          0x0000000000010436      0x340 ./temperature.o
                0x0000000000010436                _ZN18speedo_temperatureC1Ev
                0x0000000000010436                _ZN18speedo_temperatureC2Ev
                0x0000000000010438                _ZN18speedo_temperatureD1Ev
                0x0000000000010438                _ZN18speedo_temperatureD2Ev
                0x000000000001043a                _ZN18speedo_temperature4initEv
                0x000000000001047e                _ZN18speedo_temperature13read_oil_tempEv
                0x00000000000105ea                _ZN18speedo_temperature13read_air_tempEv
                0x00000000000106c8                _ZN18speedo_temperature12get_air_tempEv
                0x00000000000106e2                _ZN18speedo_temperature12get_oil_tempEv
 .text          0x0000000000010776      0x268 ./timer.o
                0x0000000000010776                _ZN12speedo_timerC2Ev
                0x0000000000010776                _ZN12speedo_timerC1Ev
                0x00000000000107a8                _ZN12speedo_timerD2Ev
                0x00000000000107a8                _ZN12speedo_timerD1Ev
                0x00000000000107aa                _Z8ram_infov
                0x00000000000107d6                _ZN12speedo_timer9every_secEP13configuration
                0x000000000001087c                _ZN12speedo_timer10every_qsecEv
                0x00000000000108c2                _ZN12speedo_timer12every_customEv
 .text          0x00000000000109de       0x12 ./inc/EEPROM.o
                0x00000000000109de                _ZN11EEPROMClass4readEi
                0x00000000000109e6                _ZN11EEPROMClass5writeEih
 .text          0x00000000000109f0      0x8ec ./inc/Sd2Card.o
                0x0000000000010a26                _ZN7Sd2Card14chipSelectHighEv
                0x0000000000010a32                _ZN7Sd2Card13chipSelectLowEv
                0x0000000000010a4c                _ZN7Sd2Card8readDataEPhj
                0x0000000000010aa4                _ZN7Sd2Card10setSckRateEh
                0x0000000000010ab8                _ZN7Sd2Card11waitNotBusyEj
                0x0000000000010af0                _ZN7Sd2Card11cardCommandEhm
                0x0000000000010b8a                _ZN7Sd2Card8cardAcmdEhm
                0x0000000000010bc8                _ZN7Sd2Card4initEhh
                0x0000000000010d3c                _ZN7Sd2Card14waitStartBlockEv
                0x0000000000010d8a                _ZN7Sd2Card12readRegisterEhPv
                0x0000000000010dd6                _ZN7Sd2Card7readCSDEP5csd_t
                0x0000000000010de0                _ZN7Sd2Card22eraseSingleBlockEnableEv
                0x0000000000010e1c                _ZN7Sd2Card5eraseEmm
                0x0000000000010f50                _ZN7Sd2Card8cardSizeEv
                0x0000000000011058                _ZN7Sd2Card9readBlockEmPh
                0x00000000000110ce                _ZN7Sd2Card9writeDataEhPKh
                0x0000000000011132                _ZN7Sd2Card9writeDataEPKh
                0x000000000001117e                _ZN7Sd2Card10writeBlockEmPKh
                0x0000000000011220                _ZN7Sd2Card10writeStartEmm
                0x0000000000011294                _ZN7Sd2Card9writeStopEv
 .text          0x00000000000112dc      0x466 ./inc/SdFat.o
                0x0000000000011320                _ZN5SdFat5chdirEv
                0x0000000000011352                _ZN5SdFat5chdirEPKc
                0x0000000000011436                _ZN5SdFat10errorPrintEv
                0x0000000000011466                _ZN5SdFat9errorHaltEv
                0x000000000001146c                _ZN5SdFat10errorPrintEPKc
                0x000000000001149a                _ZN5SdFat9errorHaltEPKc
                0x00000000000114a0                _ZN5SdFat12errorPrint_PEPKc
                0x00000000000114ca                _ZN5SdFat11errorHalt_PEPKc
                0x00000000000114d0                _ZN5SdFat6existsEPKc
                0x00000000000114d8                _ZN5SdFat4initEhh
                0x0000000000011510                _ZN5SdFat14initErrorPrintEv
                0x0000000000011560                _ZN5SdFat13initErrorHaltEv
                0x0000000000011566                _ZN5SdFat2lsEh
                0x0000000000011576                _ZN5SdFat2lsEP5Printh
                0x0000000000011580                _ZN5SdFat5mkdirEPKcb
                0x00000000000115e0                _ZN5SdFat6removeEPKc
                0x00000000000115e8                _ZN5SdFat6renameEPKcS1_
                0x0000000000011666                _ZN5SdFat5rmdirEPKc
                0x00000000000116c8                _ZN5SdFat8truncateEPKcm
 .text          0x0000000000011742       0x94 ./inc/SdFatUtil.o
                0x0000000000011742                _ZN9SdFatUtil7FreeRamEv
                0x000000000001177c                _ZN9SdFatUtil7print_PEP5PrintPKc
                0x00000000000117a8                _ZN9SdFatUtil9println_PEP5PrintPKc
                0x00000000000117be                _ZN9SdFatUtil13SerialPrint_PEPKc
                0x00000000000117ca                _ZN9SdFatUtil15SerialPrintln_PEPKc
 .text          0x00000000000117d6     0x2772 ./inc/SdFile.o
                0x0000000000011802                _ZN8SdVolume9fatPutEOCEm
                0x0000000000011818                _ZN6SdFile10addClusterEv
                0x000000000001186c                _ZN6SdFile13addDirClusterEv
                0x000000000001198a                _ZN6SdFile13cacheDirEntryEh
                0x00000000000119c6                _ZN6SdFile15contiguousRangeEPmS0_
                0x0000000000011b2a                _ZN6SdFile7dirNameERK14directoryEntryPc
                0x0000000000011b66                _ZN6SdFile11getFilenameEPc
                0x0000000000011b9e                _ZN6SdFile6getposEP6fpos_t
                0x0000000000011bcc                _ZN6SdFile10make83NameEPKcPhPS1_
                0x0000000000011c4e                _ZN6SdFile8openRootEP8SdVolume
                0x0000000000011cf4                _ZN6SdFile12printDirNameEP5PrintRK14directoryEntryhb
                0x0000000000011d84                _ZN6SdFile12printDirNameERK14directoryEntryhb
                0x0000000000011d98                _ZN6SdFile12printFatDateEP5Printj
                0x0000000000011df6                _ZN6SdFile12printFatDateEj
                0x0000000000011e02                _ZN6SdFile12printFatTimeEP5Printj
                0x0000000000011e5c                _ZN6SdFile12printFatTimeEj
                0x0000000000011e68                _ZN6SdFile9printNameEv
                0x0000000000011eb6                _ZN6SdFile4readEPvj
                0x000000000001211a                _ZN6SdFile4readEv
                0x000000000001214c                _ZN6SdFile4peekEv
                0x00000000000121a4                _ZN6SdFile11lsPrintNextEP5Printhh
                0x000000000001232a                _ZN6SdFile5fgetsEPciS0_
                0x0000000000012400                _ZN6SdFile7readDirEP14directoryEntry
                0x000000000001246c                _ZN6SdFile12readDirCacheEv
                0x00000000000124e4                _ZN6SdFile7seekSetEm
                0x000000000001261c                _ZN6SdFile7seekEndEl
                0x000000000001263c                _ZN6SdFile6rewindEv
                0x0000000000012648                _ZN6SdFile6setposEP6fpos_t
                0x0000000000012674                _ZN6SdFile4syncEv
                0x000000000001270a                _ZN6SdFile8dirEntryEP14directoryEntry
                0x0000000000012750                _ZN6SdFile5closeEv
                0x0000000000012782                _ZN6SdFile9timestampEhjhhhhh
                0x00000000000128b6                _ZN6SdFile8truncateEm
                0x0000000000012a24                _ZN6SdFile6removeEv
                0x0000000000012a5a                _ZN6SdFile5rmdirEv
                0x0000000000012aea                _ZN6SdFile15openCachedEntryEhh
                0x0000000000012bfa                _ZN6SdFile8openNextEPS_h
                0x0000000000012c94                _ZN6SdFile4openEPS_jh
                0x0000000000012d1a                _ZN6SdFile8rmRfStarEv
                0x0000000000012e62                _ZN6SdFile2lsEP5Printhh
                0x0000000000012f68                _ZN6SdFile2lsEh
                0x0000000000012f76                _ZN6SdFile10openParentEPS_
                0x000000000001317a                _ZN6SdFile4openEPS_PKhh
                0x000000000001330e                _ZN6SdFile4openEPS_PKch
                0x00000000000134ac                _ZN6SdFile6removeEPS_PKc
                0x0000000000013514                _ZN6SdFile4openEPKch
                0x0000000000013528                _ZN6SdFileC1EPKch
                0x0000000000013528                _ZN6SdFileC2EPKch
                0x000000000001353c                _ZN6SdFile6existsEPKc
                0x0000000000013598                _ZN6SdFile16createContiguousEPS_PKcm
                0x000000000001362a                _ZN6SdFile5mkdirEPS_PKh
                0x00000000000137b4                _ZN6SdFile5mkdirEPS_PKcb
                0x000000000001396a                _ZN6SdFile6renameEPS_PKc
                0x0000000000013b6c                _ZN6SdFile5writeEPKvj
                0x0000000000013ec2                _ZN6SdFile5writeEPKc
                0x0000000000013eda                _ZN6SdFile5writeEh
                0x0000000000013efc                _ZN6SdFile7write_PEPKc
                0x0000000000013f2e                _ZN6SdFile9writeln_PEPKc
 .text          0x0000000000013f48      0x2d0 ./inc/SdStream.o
                0x0000000000013f48                _ZN6SdFile7seekCurEl
                0x0000000000013f68                _ZN6SdBase5getchEv
                0x0000000000014024                _ZN6SdBase4openEPKch
                0x00000000000140e6                _ZN6SdBase5putchEc
                0x0000000000014146                _ZN6SdBase6putstrEPKc
                0x00000000000141c8                _ZN6SdBase7seekoffElN8ios_base7seekdirE
                0x0000000000014212                _ZN6SdBase7seekposEm
 .text          0x0000000000014218      0xaa8 ./inc/SdVolume.o
                0x0000000000014218                _ZN8SdVolume10cacheFlushEv
                0x0000000000014292                _ZN8SdVolume13cacheRawBlockEmh
                0x0000000000014318                _ZNK8SdVolume6fatGetEmPm
                0x000000000001441a                _ZNK8SdVolume9chainSizeEmPm
                0x0000000000014502                _ZN8SdVolume6fatPutEmm
                0x0000000000014642                _ZN8SdVolume15allocContiguousEmPm
                0x0000000000014866                _ZN8SdVolume9freeChainEm
                0x0000000000014920                _ZN8SdVolume16freeClusterCountEv
                0x0000000000014a56                _ZN8SdVolume4initEP7Sd2Cardh
 .text          0x0000000000014cc0      0x20e ./inc/Wire.o
                0x0000000000014cc0                _ZN7TwoWire16onReceiveServiceEPhi
                0x0000000000014d10                _ZN7TwoWire16onRequestServiceEv
                0x0000000000014d28                _ZN7TwoWireC2Ev
                0x0000000000014d28                _ZN7TwoWireC1Ev
                0x0000000000014d2a                _ZN7TwoWire5beginEv
                0x0000000000014d40                _ZN7TwoWire5beginEh
                0x0000000000014d68                _ZN7TwoWire5beginEi
                0x0000000000014d6e                _ZN7TwoWire11requestFromEhh
                0x0000000000014d88                _ZN7TwoWire11requestFromEii
                0x0000000000014d8e                _ZN7TwoWire17beginTransmissionEh
                0x0000000000014da2                _ZN7TwoWire17beginTransmissionEi
                0x0000000000014da8                _ZN7TwoWire15endTransmissionEv
                0x0000000000014dc8                _ZN7TwoWire4sendEh
                0x0000000000014e10                _ZN7TwoWire4sendEPhh
                0x0000000000014e6c                _ZN7TwoWire4sendEPc
                0x0000000000014e84                _ZN7TwoWire4sendEi
                0x0000000000014e8a                _ZN7TwoWire9availableEv
                0x0000000000014e96                _ZN7TwoWire7receiveEv
                0x0000000000014eb8                _ZN7TwoWire9onReceiveEPFviE
                0x0000000000014ec2                _ZN7TwoWire9onRequestEPFvvE
 .text          0x0000000000014ece      0xd82 ./inc/istream.o
                0x0000000000014ece                _ZN7istream5getchEP6fpos_t
                0x0000000000014ef4                _ZN7istream3getEv
                0x0000000000014f38                _ZN7istream3getERc
                0x0000000000014f58                _ZN7istream3getEPcmc
                0x0000000000015072                _ZN7istream7getlineEPcmc
                0x00000000000151ac                _ZN7istream6ignoreEmi
                0x0000000000015214                _ZN7istream4peekEv
                0x00000000000152c8                _ZN7istream8readSkipEv
                0x000000000001530e                _ZN7istream6getStrEPc
                0x0000000000015464                _ZN7istream9getNumberEmmPm
                0x00000000000156f2                _ZN7istream8getFloatEPf
                0x0000000000015a4c                _ZN7istream7getCharEPc
                0x0000000000015a86                _ZN7istream9skipWhiteEv
                0x0000000000015af8                _ZN7istream9getNumberIbEEvPT_
                0x0000000000015b64                _ZN7istream7getBoolEPb
 .text          0x0000000000015c50      0x670 ./inc/ostream.o
                0x0000000000015c50                _ZN7ostream7do_fillEj
                0x0000000000015ca0                _ZN7ostream13fill_not_leftEj
                0x0000000000015cc8                _ZN7ostream6fmtNumEmPch
                0x0000000000015d64                _ZN7ostream7putCharEc
                0x0000000000015d98                _ZN7ostream6putNumEmb
                0x0000000000015f02                _ZN7ostream6putNumEl
                0x0000000000015f40                _ZN7ostream6putPgmERK3pgm
                0x0000000000015f96                _ZN7ostream9putDoubleEd
                0x0000000000016214                _ZN7ostream7putBoolEb
                0x0000000000016274                _ZN7ostream6putStrEPKc
 .text          0x00000000000162c0        0x0 ./inc/pins_arduino.o
 .text          0x00000000000162c0     0x1c00 ./inc/ssd0323.o
                0x00000000000162c0                _ZN7ssd032310senden_spiEh
                0x00000000000162e4                _ZN7ssd032312send_commandEh
                0x00000000000162ee                _ZN7ssd03239send_charEh
                0x00000000000162f6                _ZN7ssd032312clear_screenEv
                0x000000000001634a                _ZN7ssd032310set2pixelsEhhhh
                0x00000000000163c6                _ZN7ssd03234lineEhhhhh
                0x00000000000168a6                _ZN7ssd032314zeichen_big_1xEPhhiiiih
                0x0000000000016b46                _ZN7ssd032316zeichen_small_1xEPhhiiiih
                0x0000000000016cf2                _ZN7ssd032316zeichen_small_2xEPhhiiiih
                0x0000000000016f04                _ZN7ssd032316zeichen_small_3xEPhhiiiih
                0x00000000000171aa                _ZN7ssd032316zeichen_small_4xEPhhiiiih
                0x0000000000017414                _ZN7ssd03236stringEsPchhhhh
                0x0000000000017a36                _ZN7ssd03236stringEsPchh
                0x0000000000017a54                _ZN7ssd03238string_PEsPKchhhhh
                0x0000000000017af2                _ZN7ssd03238string_PEsPKchh
                0x0000000000017b10                _ZN7ssd032311filled_rectEhhhhh
                0x0000000000017be6                _ZN7ssd032313highlight_barEhhhh
                0x0000000000017cdc                _ZN7ssd03234initEhh
                0x0000000000017ebe                _ZN7ssd0323C1Ev
                0x0000000000017ebe                _ZN7ssd0323C2Ev
 .text          0x0000000000017ec0      0x446 ./inc/twi.o
                0x0000000000017ec0                twi_init
                0x0000000000017ee6                twi_setAddress
                0x0000000000017eee                twi_readFrom
                0x0000000000017f5a                twi_writeTo
                0x0000000000017fda                twi_transmit
                0x000000000001800e                twi_attachSlaveRxEvent
                0x0000000000018018                twi_attachSlaveTxEvent
                0x0000000000018022                twi_reply
                0x0000000000018032                twi_stop
                0x0000000000018046                twi_releaseBus
                0x0000000000018052                __vector_39
 .text          0x0000000000018306        0x0 /home/jkw/Store/17 - Speedmaster/Firmware/inc/libArduinoCore2560.a(WInterrupts.c.o)
 .text          0x0000000000018306        0x0 /home/jkw/Store/17 - Speedmaster/Firmware/inc/libArduinoCore2560.a(wiring.c.o)
 .text          0x0000000000018306        0x0 /home/jkw/Store/17 - Speedmaster/Firmware/inc/libArduinoCore2560.a(wiring_analog.c.o)
 .text          0x0000000000018306        0x0 /home/jkw/Store/17 - Speedmaster/Firmware/inc/libArduinoCore2560.a(wiring_digital.c.o)
 .text          0x0000000000018306        0x0 /home/jkw/Store/17 - Speedmaster/Firmware/inc/libArduinoCore2560.a(HardwareSerial.cpp.o)
 .text          0x0000000000018306        0x0 /home/jkw/Store/17 - Speedmaster/Firmware/inc/libArduinoCore2560.a(Print.cpp.o)
 .text          0x0000000000018306        0x0 /home/jkw/Store/17 - Speedmaster/Firmware/inc/libArduinoCore2560.a(WString.cpp.o)
 .text          0x0000000000018306        0x0 /usr/lib/gcc/avr/4.5.3/../../../avr/lib/avr6/libc.a(malloc.o)
 .text          0x0000000000018306        0x0 /usr/lib/gcc/avr/4.5.3/../../../avr/lib/avr6/libc.a(exit.o)
 .text          0x0000000000018306        0x0 /usr/lib/gcc/avr/4.5.3/../../../avr/lib/avr6/libc.a(isalpha.o)
 .text          0x0000000000018306        0x0 /usr/lib/gcc/avr/4.5.3/../../../avr/lib/avr6/libc.a(isspace.o)
 .text          0x0000000000018306        0x0 /usr/lib/gcc/avr/4.5.3/../../../avr/lib/avr6/libc.a(tolower.o)
 .text          0x0000000000018306        0x0 /usr/lib/gcc/avr/4.5.3/../../../avr/lib/avr6/libc.a(toupper.o)
 .text          0x0000000000018306        0x0 /usr/lib/gcc/avr/4.5.3/../../../avr/lib/avr6/libc.a(strcmp_P.o)
 .text          0x0000000000018306        0x0 /usr/lib/gcc/avr/4.5.3/../../../avr/lib/avr6/libc.a(strcpy_P.o)
 .text          0x0000000000018306        0x0 /usr/lib/gcc/avr/4.5.3/../../../avr/lib/avr6/libc.a(strlen_P.o)
 .text          0x0000000000018306        0x0 /usr/lib/gcc/avr/4.5.3/../../../avr/lib/avr6/libc.a(memcmp.o)
 .text          0x0000000000018306        0x0 /usr/lib/gcc/avr/4.5.3/../../../avr/lib/avr6/libc.a(memcpy.o)
 .text          0x0000000000018306        0x0 /usr/lib/gcc/avr/4.5.3/../../../avr/lib/avr6/libc.a(memset.o)
 .text          0x0000000000018306        0x0 /usr/lib/gcc/avr/4.5.3/../../../avr/lib/avr6/libc.a(strcat.o)
 .text          0x0000000000018306        0x0 /usr/lib/gcc/avr/4.5.3/../../../avr/lib/avr6/libc.a(strchr.o)
 .text          0x0000000000018306        0x0 /usr/lib/gcc/avr/4.5.3/../../../avr/lib/avr6/libc.a(strcmp.o)
 .text          0x0000000000018306        0x0 /usr/lib/gcc/avr/4.5.3/../../../avr/lib/avr6/libc.a(strcpy.o)
 .text          0x0000000000018306        0x0 /usr/lib/gcc/avr/4.5.3/../../../avr/lib/avr6/libc.a(strncmp.o)
 .text          0x0000000000018306        0x0 /usr/lib/gcc/avr/4.5.3/../../../avr/lib/avr6/libc.a(strncpy.o)
 .text          0x0000000000018306        0x0 /usr/lib/gcc/avr/4.5.3/../../../avr/lib/avr6/libc.a(strrchr.o)
 .text          0x0000000000018306        0x0 /usr/lib/gcc/avr/4.5.3/../../../avr/lib/avr6/libc.a(strstr.o)
 .text          0x0000000000018306        0x0 /usr/lib/gcc/avr/4.5.3/../../../avr/lib/avr6/libc.a(itoa.o)
 .text          0x0000000000018306        0x0 /usr/lib/gcc/avr/4.5.3/../../../avr/lib/avr6/libc.a(ltoa.o)
 .text          0x0000000000018306        0x0 /usr/lib/gcc/avr/4.5.3/../../../avr/lib/avr6/libc.a(ultoa.o)
 .text          0x0000000000018306        0x0 /usr/lib/gcc/avr/4.5.3/../../../avr/lib/avr6/libc.a(sprintf.o)
 .text          0x0000000000018306        0x0 /usr/lib/gcc/avr/4.5.3/../../../avr/lib/avr6/libc.a(addsf3.o)
 .text          0x0000000000018306        0x0 /usr/lib/gcc/avr/4.5.3/../../../avr/lib/avr6/libc.a(addsf3x.o)
 .text          0x0000000000018306        0x0 /usr/lib/gcc/avr/4.5.3/../../../avr/lib/avr6/libc.a(asin.o)
 .text          0x0000000000018306        0x0 /usr/lib/gcc/avr/4.5.3/../../../avr/lib/avr6/libc.a(cmpsf2.o)
 .text          0x0000000000018306        0x0 /usr/lib/gcc/avr/4.5.3/../../../avr/lib/avr6/libc.a(cos.o)
 .text          0x0000000000018306        0x0 /usr/lib/gcc/avr/4.5.3/../../../avr/lib/avr6/libc.a(divsf3.o)
 .text          0x0000000000018306        0x0 /usr/lib/gcc/avr/4.5.3/../../../avr/lib/avr6/libc.a(divsf3x.o)
 .text          0x0000000000018306        0x0 /usr/lib/gcc/avr/4.5.3/../../../avr/lib/avr6/libc.a(fixsfsi.o)
 .text          0x0000000000018306        0x0 /usr/lib/gcc/avr/4.5.3/../../../avr/lib/avr6/libc.a(fixunssfsi.o)
 .text          0x0000000000018306        0x0 /usr/lib/gcc/avr/4.5.3/../../../avr/lib/avr6/libc.a(floatsisf.o)
 .text          0x0000000000018306        0x0 /usr/lib/gcc/avr/4.5.3/../../../avr/lib/avr6/libc.a(floor.o)
 .text          0x0000000000018306        0x0 /usr/lib/gcc/avr/4.5.3/../../../avr/lib/avr6/libc.a(fp_arccos.o)
 .text          0x0000000000018306        0x0 /usr/lib/gcc/avr/4.5.3/../../../avr/lib/avr6/libc.a(fp_cmp.o)
 .text          0x0000000000018306        0x0 /usr/lib/gcc/avr/4.5.3/../../../avr/lib/avr6/libc.a(fp_inf.o)
 .text          0x0000000000018306        0x0 /usr/lib/gcc/avr/4.5.3/../../../avr/lib/avr6/libc.a(fp_mintl.o)
 .text          0x0000000000018306        0x0 /usr/lib/gcc/avr/4.5.3/../../../avr/lib/avr6/libc.a(fp_mpack.o)
 .text          0x0000000000018306        0x0 /usr/lib/gcc/avr/4.5.3/../../../avr/lib/avr6/libc.a(fp_nan.o)
 .text          0x0000000000018306        0x0 /usr/lib/gcc/avr/4.5.3/../../../avr/lib/avr6/libc.a(fp_powser.o)
 .text          0x0000000000018306        0x0 /usr/lib/gcc/avr/4.5.3/../../../avr/lib/avr6/libc.a(fp_powsodd.o)
 .text          0x0000000000018306        0x0 /usr/lib/gcc/avr/4.5.3/../../../avr/lib/avr6/libc.a(fp_pscA.o)
 .text          0x0000000000018306        0x0 /usr/lib/gcc/avr/4.5.3/../../../avr/lib/avr6/libc.a(fp_pscB.o)
 .text          0x0000000000018306        0x0 /usr/lib/gcc/avr/4.5.3/../../../avr/lib/avr6/libc.a(fp_rempio2.o)
 .text          0x0000000000018306        0x0 /usr/lib/gcc/avr/4.5.3/../../../avr/lib/avr6/libc.a(fp_round.o)
 .text          0x0000000000018306        0x0 /usr/lib/gcc/avr/4.5.3/../../../avr/lib/avr6/libc.a(fp_sinus.o)
 .text          0x0000000000018306        0x0 /usr/lib/gcc/avr/4.5.3/../../../avr/lib/avr6/libc.a(fp_split3.o)
 .text          0x0000000000018306        0x0 /usr/lib/gcc/avr/4.5.3/../../../avr/lib/avr6/libc.a(fp_trunc.o)
 .text          0x0000000000018306        0x0 /usr/lib/gcc/avr/4.5.3/../../../avr/lib/avr6/libc.a(fp_zero.o)
 .text          0x0000000000018306        0x0 /usr/lib/gcc/avr/4.5.3/../../../avr/lib/avr6/libc.a(gesf2.o)
 .text          0x0000000000018306        0x0 /usr/lib/gcc/avr/4.5.3/../../../avr/lib/avr6/libc.a(mulsf3.o)
 .text          0x0000000000018306        0x0 /usr/lib/gcc/avr/4.5.3/../../../avr/lib/avr6/libc.a(mulsf3x.o)
 .text          0x0000000000018306        0x0 /usr/lib/gcc/avr/4.5.3/../../../avr/lib/avr6/libc.a(pow.o)
 .text          0x0000000000018306        0x0 /usr/lib/gcc/avr/4.5.3/../../../avr/lib/avr6/libc.a(sin.o)
 .text          0x0000000000018306        0x0 /usr/lib/gcc/avr/4.5.3/../../../avr/lib/avr6/libc.a(sqrt.o)
 .text          0x0000000000018306        0x0 /usr/lib/gcc/avr/4.5.3/../../../avr/lib/avr6/libc.a(vfprintf_std.o)
 .text          0x0000000000018306        0x0 /usr/lib/gcc/avr/4.5.3/../../../avr/lib/avr6/libc.a(eerd_byte_atmega2560.o)
 .text          0x0000000000018306        0x0 /usr/lib/gcc/avr/4.5.3/../../../avr/lib/avr6/libc.a(eewr_byte_atmega2560.o)
 .text          0x0000000000018306        0x0 /usr/lib/gcc/avr/4.5.3/../../../avr/lib/avr6/libc.a(cty_isfalse.o)
 .text          0x0000000000018306        0x0 /usr/lib/gcc/avr/4.5.3/../../../avr/lib/avr6/libc.a(strnlen_P.o)
 .text          0x0000000000018306        0x0 /usr/lib/gcc/avr/4.5.3/../../../avr/lib/avr6/libc.a(strnlen.o)
 .text          0x0000000000018306        0x0 /usr/lib/gcc/avr/4.5.3/../../../avr/lib/avr6/libc.a(strrev.o)
 .text          0x0000000000018306        0x0 /usr/lib/gcc/avr/4.5.3/../../../avr/lib/avr6/libc.a(fputc.o)
 .text          0x0000000000018306        0x0 /usr/lib/gcc/avr/4.5.3/../../../avr/lib/avr6/libc.a(ultoa_invert.o)
 .text          0x0000000000018306        0x0 /usr/lib/gcc/avr/4.5.3/../../../avr/lib/avr6/libc.a(exp.o)
 .text          0x0000000000018306        0x0 /usr/lib/gcc/avr/4.5.3/../../../avr/lib/avr6/libc.a(fp_norm2.o)
 .text          0x0000000000018306        0x0 /usr/lib/gcc/avr/4.5.3/../../../avr/lib/avr6/libc.a(inverse.o)
 .text          0x0000000000018306        0x0 /usr/lib/gcc/avr/4.5.3/../../../avr/lib/avr6/libc.a(ldexp.o)
 .text          0x0000000000018306        0x0 /usr/lib/gcc/avr/4.5.3/../../../avr/lib/avr6/libc.a(log.o)
 .text          0x0000000000018306        0x0 /usr/lib/gcc/avr/4.5.3/../../../avr/lib/avr6/libc.a(modf.o)
 .text          0x0000000000018306        0x0 /usr/lib/gcc/avr/4.5.3/avr6/libgcc.a(_mulsi3.o)
 .text          0x0000000000018306        0x0 /usr/lib/gcc/avr/4.5.3/avr6/libgcc.a(_udivmodqi4.o)
 .text          0x0000000000018306        0x0 /usr/lib/gcc/avr/4.5.3/avr6/libgcc.a(_udivmodhi4.o)
 .text          0x0000000000018306        0x0 /usr/lib/gcc/avr/4.5.3/avr6/libgcc.a(_divmodhi4.o)
 .text          0x0000000000018306        0x0 /usr/lib/gcc/avr/4.5.3/avr6/libgcc.a(_udivmodsi4.o)
 .text          0x0000000000018306        0x0 /usr/lib/gcc/avr/4.5.3/avr6/libgcc.a(_divmodsi4.o)
 .text          0x0000000000018306        0x0 /usr/lib/gcc/avr/4.5.3/avr6/libgcc.a(_exit.o)
 .text          0x0000000000018306        0x0 /usr/lib/gcc/avr/4.5.3/avr6/libgcc.a(_copy_data.o)
 .text          0x0000000000018306        0x0 /usr/lib/gcc/avr/4.5.3/avr6/libgcc.a(_clear_bss.o)
 .text          0x0000000000018306        0x0 /usr/lib/gcc/avr/4.5.3/avr6/libgcc.a(_ctors.o)
 .text          0x0000000000018306        0x0 /usr/lib/gcc/avr/4.5.3/avr6/libgcc.a(_tablejump_elpm.o)
                0x0000000000018306                . = ALIGN (0x2)
 *(.text.*)
 .text.attachInterrupt
                0x0000000000018306       0xf8 /home/jkw/Store/17 - Speedmaster/Firmware/inc/libArduinoCore2560.a(WInterrupts.c.o)
                0x0000000000018306                attachInterrupt
 .text.detachInterrupt
                0x00000000000183fe       0x58 /home/jkw/Store/17 - Speedmaster/Firmware/inc/libArduinoCore2560.a(WInterrupts.c.o)
                0x00000000000183fe                detachInterrupt
 .text.__vector_1
                0x0000000000018456       0x62 /home/jkw/Store/17 - Speedmaster/Firmware/inc/libArduinoCore2560.a(WInterrupts.c.o)
                0x0000000000018456                __vector_1
 .text.__vector_2
                0x00000000000184b8       0x62 /home/jkw/Store/17 - Speedmaster/Firmware/inc/libArduinoCore2560.a(WInterrupts.c.o)
                0x00000000000184b8                __vector_2
 .text.__vector_3
                0x000000000001851a       0x62 /home/jkw/Store/17 - Speedmaster/Firmware/inc/libArduinoCore2560.a(WInterrupts.c.o)
                0x000000000001851a                __vector_3
 .text.__vector_4
                0x000000000001857c       0x62 /home/jkw/Store/17 - Speedmaster/Firmware/inc/libArduinoCore2560.a(WInterrupts.c.o)
                0x000000000001857c                __vector_4
 .text.__vector_5
                0x00000000000185de       0x62 /home/jkw/Store/17 - Speedmaster/Firmware/inc/libArduinoCore2560.a(WInterrupts.c.o)
                0x00000000000185de                __vector_5
 .text.__vector_6
                0x0000000000018640       0x62 /home/jkw/Store/17 - Speedmaster/Firmware/inc/libArduinoCore2560.a(WInterrupts.c.o)
                0x0000000000018640                __vector_6
 .text.__vector_7
                0x00000000000186a2       0x62 /home/jkw/Store/17 - Speedmaster/Firmware/inc/libArduinoCore2560.a(WInterrupts.c.o)
                0x00000000000186a2                __vector_7
 .text.__vector_8
                0x0000000000018704       0x62 /home/jkw/Store/17 - Speedmaster/Firmware/inc/libArduinoCore2560.a(WInterrupts.c.o)
                0x0000000000018704                __vector_8
 .text.__vector_23
                0x0000000000018766       0x90 /home/jkw/Store/17 - Speedmaster/Firmware/inc/libArduinoCore2560.a(wiring.c.o)
                0x0000000000018766                __vector_23
 .text.millis   0x00000000000187f6       0x1c /home/jkw/Store/17 - Speedmaster/Firmware/inc/libArduinoCore2560.a(wiring.c.o)
                0x00000000000187f6                millis
 .text.micros   0x0000000000018812       0x4c /home/jkw/Store/17 - Speedmaster/Firmware/inc/libArduinoCore2560.a(wiring.c.o)
                0x0000000000018812                micros
 .text.delay    0x000000000001885e       0x4c /home/jkw/Store/17 - Speedmaster/Firmware/inc/libArduinoCore2560.a(wiring.c.o)
                0x000000000001885e                delay
 .text.delayMicroseconds
                0x00000000000188aa       0x14 /home/jkw/Store/17 - Speedmaster/Firmware/inc/libArduinoCore2560.a(wiring.c.o)
                0x00000000000188aa                delayMicroseconds
 .text.init     0x00000000000188be       0xc4 /home/jkw/Store/17 - Speedmaster/Firmware/inc/libArduinoCore2560.a(wiring.c.o)
                0x00000000000188be                init
 .text.analogReference
                0x0000000000018982        0x6 /home/jkw/Store/17 - Speedmaster/Firmware/inc/libArduinoCore2560.a(wiring_analog.c.o)
                0x0000000000018982                analogReference
 .text.analogRead
                0x0000000000018988       0x68 /home/jkw/Store/17 - Speedmaster/Firmware/inc/libArduinoCore2560.a(wiring_analog.c.o)
                0x0000000000018988                analogRead
 .text.analogWrite
                0x00000000000189f0      0x178 /home/jkw/Store/17 - Speedmaster/Firmware/inc/libArduinoCore2560.a(wiring_analog.c.o)
                0x00000000000189f0                analogWrite
 .text.pinMode  0x0000000000018b68       0x4c /home/jkw/Store/17 - Speedmaster/Firmware/inc/libArduinoCore2560.a(wiring_digital.c.o)
                0x0000000000018b68                pinMode
 .text.digitalWrite
                0x0000000000018bb4      0x122 /home/jkw/Store/17 - Speedmaster/Firmware/inc/libArduinoCore2560.a(wiring_digital.c.o)
                0x0000000000018bb4                digitalWrite
 .text.digitalRead
                0x0000000000018cd6      0x118 /home/jkw/Store/17 - Speedmaster/Firmware/inc/libArduinoCore2560.a(wiring_digital.c.o)
                0x0000000000018cd6                digitalRead
 .text._Z10store_charhP11ring_buffer
                0x0000000000018dee       0x4e /home/jkw/Store/17 - Speedmaster/Firmware/inc/libArduinoCore2560.a(HardwareSerial.cpp.o)
                0x0000000000018dee                _Z10store_charhP11ring_buffer
 .text.__vector_25
                0x0000000000018e3c       0x58 /home/jkw/Store/17 - Speedmaster/Firmware/inc/libArduinoCore2560.a(HardwareSerial.cpp.o)
                0x0000000000018e3c                __vector_25
 .text.__vector_51
                0x0000000000018e94       0x58 /home/jkw/Store/17 - Speedmaster/Firmware/inc/libArduinoCore2560.a(HardwareSerial.cpp.o)
                0x0000000000018e94                __vector_51
 .text.__vector_54
                0x0000000000018eec       0x58 /home/jkw/Store/17 - Speedmaster/Firmware/inc/libArduinoCore2560.a(HardwareSerial.cpp.o)
                0x0000000000018eec                __vector_54
 .text._ZN14HardwareSerialC2EP11ring_bufferPVhS3_S3_S3_S3_hhhhh
                0x0000000000018f44       0x60 /home/jkw/Store/17 - Speedmaster/Firmware/inc/libArduinoCore2560.a(HardwareSerial.cpp.o)
                0x0000000000018f44                _ZN14HardwareSerialC2EP11ring_bufferPVhS3_S3_S3_S3_hhhhh
 .text._ZN14HardwareSerialC1EP11ring_bufferPVhS3_S3_S3_S3_hhhhh
                0x0000000000018fa4       0x60 /home/jkw/Store/17 - Speedmaster/Firmware/inc/libArduinoCore2560.a(HardwareSerial.cpp.o)
                0x0000000000018fa4                _ZN14HardwareSerialC1EP11ring_bufferPVhS3_S3_S3_S3_hhhhh
 .text._ZN14HardwareSerial5beginEl
                0x0000000000019004      0x1f2 /home/jkw/Store/17 - Speedmaster/Firmware/inc/libArduinoCore2560.a(HardwareSerial.cpp.o)
                0x0000000000019004                _ZN14HardwareSerial5beginEl
 .text._ZN14HardwareSerial3endEv
                0x00000000000191f6       0x54 /home/jkw/Store/17 - Speedmaster/Firmware/inc/libArduinoCore2560.a(HardwareSerial.cpp.o)
                0x00000000000191f6                _ZN14HardwareSerial3endEv
 .text._ZN14HardwareSerial9availableEv
                0x000000000001924a       0x28 /home/jkw/Store/17 - Speedmaster/Firmware/inc/libArduinoCore2560.a(HardwareSerial.cpp.o)
                0x000000000001924a                _ZN14HardwareSerial9availableEv
 .text._ZN14HardwareSerial4peekEv
                0x0000000000019272       0x34 /home/jkw/Store/17 - Speedmaster/Firmware/inc/libArduinoCore2560.a(HardwareSerial.cpp.o)
                0x0000000000019272                _ZN14HardwareSerial4peekEv
 .text._ZN14HardwareSerial4readEv
                0x00000000000192a6       0x50 /home/jkw/Store/17 - Speedmaster/Firmware/inc/libArduinoCore2560.a(HardwareSerial.cpp.o)
                0x00000000000192a6                _ZN14HardwareSerial4readEv
 .text._ZN14HardwareSerial5flushEv
                0x00000000000192f6       0x18 /home/jkw/Store/17 - Speedmaster/Firmware/inc/libArduinoCore2560.a(HardwareSerial.cpp.o)
                0x00000000000192f6                _ZN14HardwareSerial5flushEv
 .text._ZN14HardwareSerial5writeEh
                0x000000000001930e       0x26 /home/jkw/Store/17 - Speedmaster/Firmware/inc/libArduinoCore2560.a(HardwareSerial.cpp.o)
                0x000000000001930e                _ZN14HardwareSerial5writeEh
 .text._GLOBAL__I_rx_buffer
                0x0000000000019334      0x13c /home/jkw/Store/17 - Speedmaster/Firmware/inc/libArduinoCore2560.a(HardwareSerial.cpp.o)
 .text._ZN5Print5writeEPKc
                0x0000000000019470       0x30 /home/jkw/Store/17 - Speedmaster/Firmware/inc/libArduinoCore2560.a(Print.cpp.o)
                0x0000000000019470                _ZN5Print5writeEPKc
 .text._ZN5Print5writeEPKhj
                0x00000000000194a0       0x3e /home/jkw/Store/17 - Speedmaster/Firmware/inc/libArduinoCore2560.a(Print.cpp.o)
                0x00000000000194a0                _ZN5Print5writeEPKhj
 .text._ZN5Print5printEPKc
                0x00000000000194de       0x10 /home/jkw/Store/17 - Speedmaster/Firmware/inc/libArduinoCore2560.a(Print.cpp.o)
                0x00000000000194de                _ZN5Print5printEPKc
 .text._ZN5Print5printERK6String
                0x00000000000194ee       0x54 /home/jkw/Store/17 - Speedmaster/Firmware/inc/libArduinoCore2560.a(Print.cpp.o)
                0x00000000000194ee                _ZN5Print5printERK6String
 .text._ZN5Print11printNumberEmh
                0x0000000000019542      0x134 /home/jkw/Store/17 - Speedmaster/Firmware/inc/libArduinoCore2560.a(Print.cpp.o)
                0x0000000000019542                _ZN5Print11printNumberEmh
 .text._ZN5Print5printEmi
                0x0000000000019676       0x1e /home/jkw/Store/17 - Speedmaster/Firmware/inc/libArduinoCore2560.a(Print.cpp.o)
                0x0000000000019676                _ZN5Print5printEmi
 .text._ZN5Print5printEji
                0x0000000000019694       0x22 /home/jkw/Store/17 - Speedmaster/Firmware/inc/libArduinoCore2560.a(Print.cpp.o)
                0x0000000000019694                _ZN5Print5printEji
 .text._ZN5Print5printEhi
                0x00000000000196b6       0x24 /home/jkw/Store/17 - Speedmaster/Firmware/inc/libArduinoCore2560.a(Print.cpp.o)
                0x00000000000196b6                _ZN5Print5printEhi
 .text._ZN5Print5printEli
                0x00000000000196da       0x6c /home/jkw/Store/17 - Speedmaster/Firmware/inc/libArduinoCore2560.a(Print.cpp.o)
                0x00000000000196da                _ZN5Print5printEli
 .text._ZN5Print5printEii
                0x0000000000019746       0x26 /home/jkw/Store/17 - Speedmaster/Firmware/inc/libArduinoCore2560.a(Print.cpp.o)
                0x0000000000019746                _ZN5Print5printEii
 .text._ZN5Print5printEci
                0x000000000001976c       0x28 /home/jkw/Store/17 - Speedmaster/Firmware/inc/libArduinoCore2560.a(Print.cpp.o)
                0x000000000001976c                _ZN5Print5printEci
 .text._ZN5Print7printlnEv
                0x0000000000019794       0x2e /home/jkw/Store/17 - Speedmaster/Firmware/inc/libArduinoCore2560.a(Print.cpp.o)
                0x0000000000019794                _ZN5Print7printlnEv
 .text._ZN5Print7printlnEmi
                0x00000000000197c2       0x16 /home/jkw/Store/17 - Speedmaster/Firmware/inc/libArduinoCore2560.a(Print.cpp.o)
                0x00000000000197c2                _ZN5Print7printlnEmi
 .text._ZN5Print7printlnEji
                0x00000000000197d8       0x32 /home/jkw/Store/17 - Speedmaster/Firmware/inc/libArduinoCore2560.a(Print.cpp.o)
                0x00000000000197d8                _ZN5Print7printlnEji
 .text._ZN5Print7printlnEhi
                0x000000000001980a       0x34 /home/jkw/Store/17 - Speedmaster/Firmware/inc/libArduinoCore2560.a(Print.cpp.o)
                0x000000000001980a                _ZN5Print7printlnEhi
 .text._ZN5Print7printlnEPKc
                0x000000000001983e       0x16 /home/jkw/Store/17 - Speedmaster/Firmware/inc/libArduinoCore2560.a(Print.cpp.o)
                0x000000000001983e                _ZN5Print7printlnEPKc
 .text._ZN5Print7printlnERK6String
                0x0000000000019854       0x16 /home/jkw/Store/17 - Speedmaster/Firmware/inc/libArduinoCore2560.a(Print.cpp.o)
                0x0000000000019854                _ZN5Print7printlnERK6String
 .text._ZN5Print7printlnEli
                0x000000000001986a       0x16 /home/jkw/Store/17 - Speedmaster/Firmware/inc/libArduinoCore2560.a(Print.cpp.o)
                0x000000000001986a                _ZN5Print7printlnEli
 .text._ZN5Print7printlnEii
                0x0000000000019880       0x36 /home/jkw/Store/17 - Speedmaster/Firmware/inc/libArduinoCore2560.a(Print.cpp.o)
                0x0000000000019880                _ZN5Print7printlnEii
 .text._ZN5Print7printlnEci
                0x00000000000198b6       0x38 /home/jkw/Store/17 - Speedmaster/Firmware/inc/libArduinoCore2560.a(Print.cpp.o)
                0x00000000000198b6                _ZN5Print7printlnEci
 .text._ZN5Print10printFloatEdh
                0x00000000000198ee      0x118 /home/jkw/Store/17 - Speedmaster/Firmware/inc/libArduinoCore2560.a(Print.cpp.o)
                0x00000000000198ee                _ZN5Print10printFloatEdh
 .text._ZN5Print5printEdi
                0x0000000000019a06        0x6 /home/jkw/Store/17 - Speedmaster/Firmware/inc/libArduinoCore2560.a(Print.cpp.o)
                0x0000000000019a06                _ZN5Print5printEdi
 .text._ZN5Print7printlnEdi
                0x0000000000019a0c       0x16 /home/jkw/Store/17 - Speedmaster/Firmware/inc/libArduinoCore2560.a(Print.cpp.o)
                0x0000000000019a0c                _ZN5Print7printlnEdi
 .text._ZNK6String6charAtEj
                0x0000000000019a22       0x10 /home/jkw/Store/17 - Speedmaster/Firmware/inc/libArduinoCore2560.a(WString.cpp.o)
                0x0000000000019a22                _ZNK6String6charAtEj
 .text._ZN6String9setCharAtEjc
                0x0000000000019a32       0x22 /home/jkw/Store/17 - Speedmaster/Firmware/inc/libArduinoCore2560.a(WString.cpp.o)
                0x0000000000019a32                _ZN6String9setCharAtEjc
 .text._ZN6StringixEj
                0x0000000000019a54       0x2a /home/jkw/Store/17 - Speedmaster/Firmware/inc/libArduinoCore2560.a(WString.cpp.o)
                0x0000000000019a54                _ZN6StringixEj
 .text._ZNK6StringixEj
                0x0000000000019a7e       0x10 /home/jkw/Store/17 - Speedmaster/Firmware/inc/libArduinoCore2560.a(WString.cpp.o)
                0x0000000000019a7e                _ZNK6StringixEj
 .text._ZN6String11toCharArrayEPcj
                0x0000000000019a8e       0x44 /home/jkw/Store/17 - Speedmaster/Firmware/inc/libArduinoCore2560.a(WString.cpp.o)
                0x0000000000019a8e                _ZN6String11toCharArrayEPcj
 .text._ZN6String8getBytesEPhj
                0x0000000000019ad2       0x44 /home/jkw/Store/17 - Speedmaster/Firmware/inc/libArduinoCore2560.a(WString.cpp.o)
                0x0000000000019ad2                _ZN6String8getBytesEPhj
 .text._ZN6StringD1Ev
                0x0000000000019b16       0x20 /home/jkw/Store/17 - Speedmaster/Firmware/inc/libArduinoCore2560.a(WString.cpp.o)
                0x0000000000019b16                _ZN6StringD1Ev
 .text._ZNK6String10startsWithERKS_j
                0x0000000000019b36       0x3c /home/jkw/Store/17 - Speedmaster/Firmware/inc/libArduinoCore2560.a(WString.cpp.o)
                0x0000000000019b36                _ZNK6String10startsWithERKS_j
 .text._ZNK6String10startsWithERKS_
                0x0000000000019b72       0x26 /home/jkw/Store/17 - Speedmaster/Firmware/inc/libArduinoCore2560.a(WString.cpp.o)
                0x0000000000019b72                _ZNK6String10startsWithERKS_
 .text._ZNK6String11lastIndexOfEcj
                0x0000000000019b98       0x6e /home/jkw/Store/17 - Speedmaster/Firmware/inc/libArduinoCore2560.a(WString.cpp.o)
                0x0000000000019b98                _ZNK6String11lastIndexOfEcj
 .text._ZNK6String11lastIndexOfEc
                0x0000000000019c06       0x10 /home/jkw/Store/17 - Speedmaster/Firmware/inc/libArduinoCore2560.a(WString.cpp.o)
                0x0000000000019c06                _ZNK6String11lastIndexOfEc
 .text._ZNK6String7indexOfERKS_j
                0x0000000000019c16       0x3c /home/jkw/Store/17 - Speedmaster/Firmware/inc/libArduinoCore2560.a(WString.cpp.o)
                0x0000000000019c16                _ZNK6String7indexOfERKS_j
 .text._ZNK6String7indexOfERKS_
                0x0000000000019c52        0xa /home/jkw/Store/17 - Speedmaster/Firmware/inc/libArduinoCore2560.a(WString.cpp.o)
                0x0000000000019c52                _ZNK6String7indexOfERKS_
 .text._ZNK6String7indexOfEcj
                0x0000000000019c5c       0x3c /home/jkw/Store/17 - Speedmaster/Firmware/inc/libArduinoCore2560.a(WString.cpp.o)
                0x0000000000019c5c                _ZNK6String7indexOfEcj
 .text._ZNK6String7indexOfEc
                0x0000000000019c98        0xa /home/jkw/Store/17 - Speedmaster/Firmware/inc/libArduinoCore2560.a(WString.cpp.o)
                0x0000000000019c98                _ZNK6String7indexOfEc
 .text._ZNK6String6equalsERKS_
                0x0000000000019ca2       0x32 /home/jkw/Store/17 - Speedmaster/Firmware/inc/libArduinoCore2560.a(WString.cpp.o)
                0x0000000000019ca2                _ZNK6String6equalsERKS_
 .text._ZNK6String8endsWithERKS_
                0x0000000000019cd4       0x3a /home/jkw/Store/17 - Speedmaster/Firmware/inc/libArduinoCore2560.a(WString.cpp.o)
                0x0000000000019cd4                _ZNK6String8endsWithERKS_
 .text._ZNK6StringgeERKS_
                0x0000000000019d0e       0x28 /home/jkw/Store/17 - Speedmaster/Firmware/inc/libArduinoCore2560.a(WString.cpp.o)
                0x0000000000019d0e                _ZNK6StringgeERKS_
 .text._ZNK6StringleERKS_
                0x0000000000019d36       0x22 /home/jkw/Store/17 - Speedmaster/Firmware/inc/libArduinoCore2560.a(WString.cpp.o)
                0x0000000000019d36                _ZNK6StringleERKS_
 .text._ZNK6StringgtERKS_
                0x0000000000019d58       0x22 /home/jkw/Store/17 - Speedmaster/Firmware/inc/libArduinoCore2560.a(WString.cpp.o)
                0x0000000000019d58                _ZNK6StringgtERKS_
 .text._ZNK6StringltERKS_
                0x0000000000019d7a       0x24 /home/jkw/Store/17 - Speedmaster/Firmware/inc/libArduinoCore2560.a(WString.cpp.o)
                0x0000000000019d7a                _ZNK6StringltERKS_
 .text._ZNK6StringneERKS_
                0x0000000000019d9e       0x30 /home/jkw/Store/17 - Speedmaster/Firmware/inc/libArduinoCore2560.a(WString.cpp.o)
                0x0000000000019d9e                _ZNK6StringneERKS_
 .text._ZNK6StringeqERKS_
                0x0000000000019dce       0x34 /home/jkw/Store/17 - Speedmaster/Firmware/inc/libArduinoCore2560.a(WString.cpp.o)
                0x0000000000019dce                _ZNK6StringeqERKS_
 .text._ZNK6String9compareToERKS_
                0x0000000000019e02       0x12 /home/jkw/Store/17 - Speedmaster/Firmware/inc/libArduinoCore2560.a(WString.cpp.o)
                0x0000000000019e02                _ZNK6String9compareToERKS_
 .text._ZN6String9getBufferEj
                0x0000000000019e14       0x28 /home/jkw/Store/17 - Speedmaster/Firmware/inc/libArduinoCore2560.a(WString.cpp.o)
                0x0000000000019e14                _ZN6String9getBufferEj
 .text._ZN6StringpLERKS_
                0x0000000000019e3c       0x6c /home/jkw/Store/17 - Speedmaster/Firmware/inc/libArduinoCore2560.a(WString.cpp.o)
                0x0000000000019e3c                _ZN6StringpLERKS_
 .text._ZN6String6concatERKS_
                0x0000000000019ea8        0x6 /home/jkw/Store/17 - Speedmaster/Firmware/inc/libArduinoCore2560.a(WString.cpp.o)
                0x0000000000019ea8                _ZN6String6concatERKS_
 .text._ZN6StringaSERKS_
                0x0000000000019eae       0x60 /home/jkw/Store/17 - Speedmaster/Firmware/inc/libArduinoCore2560.a(WString.cpp.o)
                0x0000000000019eae                _ZN6StringaSERKS_
 .text._ZN6StringC1Eh
                0x0000000000019f0e       0x34 /home/jkw/Store/17 - Speedmaster/Firmware/inc/libArduinoCore2560.a(WString.cpp.o)
                0x0000000000019f0e                _ZN6StringC1Eh
 .text._ZN6StringC2Eh
                0x0000000000019f42       0x34 /home/jkw/Store/17 - Speedmaster/Firmware/inc/libArduinoCore2560.a(WString.cpp.o)
                0x0000000000019f42                _ZN6StringC2Eh
 .text._ZN6StringC1Ec
                0x0000000000019f76       0x34 /home/jkw/Store/17 - Speedmaster/Firmware/inc/libArduinoCore2560.a(WString.cpp.o)
                0x0000000000019f76                _ZN6StringC1Ec
 .text._ZN6StringC2Ec
                0x0000000000019faa       0x34 /home/jkw/Store/17 - Speedmaster/Firmware/inc/libArduinoCore2560.a(WString.cpp.o)
                0x0000000000019faa                _ZN6StringC2Ec
 .text._ZN6StringC1ERKS_
                0x0000000000019fde       0x36 /home/jkw/Store/17 - Speedmaster/Firmware/inc/libArduinoCore2560.a(WString.cpp.o)
                0x0000000000019fde                _ZN6StringC1ERKS_
 .text._ZN6StringC2ERKS_
                0x000000000001a014       0x36 /home/jkw/Store/17 - Speedmaster/Firmware/inc/libArduinoCore2560.a(WString.cpp.o)
                0x000000000001a014                _ZN6StringC2ERKS_
 .text._ZN6StringC1Emi
                0x000000000001a04a       0x7e /home/jkw/Store/17 - Speedmaster/Firmware/inc/libArduinoCore2560.a(WString.cpp.o)
                0x000000000001a04a                _ZN6StringC1Emi
 .text._ZN6StringC2Emi
                0x000000000001a0c8       0x7e /home/jkw/Store/17 - Speedmaster/Firmware/inc/libArduinoCore2560.a(WString.cpp.o)
                0x000000000001a0c8                _ZN6StringC2Emi
 .text._ZN6StringC1Eji
                0x000000000001a146       0x7c /home/jkw/Store/17 - Speedmaster/Firmware/inc/libArduinoCore2560.a(WString.cpp.o)
                0x000000000001a146                _ZN6StringC1Eji
 .text._ZN6StringC2Eji
                0x000000000001a1c2       0x7c /home/jkw/Store/17 - Speedmaster/Firmware/inc/libArduinoCore2560.a(WString.cpp.o)
                0x000000000001a1c2                _ZN6StringC2Eji
 .text._ZN6StringC1EPKc
                0x000000000001a23e       0x50 /home/jkw/Store/17 - Speedmaster/Firmware/inc/libArduinoCore2560.a(WString.cpp.o)
                0x000000000001a23e                _ZN6StringC1EPKc
 .text._ZNK6String11toUpperCaseEv
                0x000000000001a28e       0x76 /home/jkw/Store/17 - Speedmaster/Firmware/inc/libArduinoCore2560.a(WString.cpp.o)
                0x000000000001a28e                _ZNK6String11toUpperCaseEv
 .text._ZNK6String11toLowerCaseEv
                0x000000000001a304       0x76 /home/jkw/Store/17 - Speedmaster/Firmware/inc/libArduinoCore2560.a(WString.cpp.o)
                0x000000000001a304                _ZNK6String11toLowerCaseEv
 .text._ZNK6String16equalsIgnoreCaseERKS_
                0x000000000001a37a       0x98 /home/jkw/Store/17 - Speedmaster/Firmware/inc/libArduinoCore2560.a(WString.cpp.o)
                0x000000000001a37a                _ZNK6String16equalsIgnoreCaseERKS_
 .text._ZNK6String9substringEjj
                0x000000000001a412       0x6e /home/jkw/Store/17 - Speedmaster/Firmware/inc/libArduinoCore2560.a(WString.cpp.o)
                0x000000000001a412                _ZNK6String9substringEjj
 .text._ZNK6String9substringEj
                0x000000000001a480       0x18 /home/jkw/Store/17 - Speedmaster/Firmware/inc/libArduinoCore2560.a(WString.cpp.o)
                0x000000000001a480                _ZNK6String9substringEj
 .text._ZNK6String11lastIndexOfERKS_j
                0x000000000001a498       0xc8 /home/jkw/Store/17 - Speedmaster/Firmware/inc/libArduinoCore2560.a(WString.cpp.o)
                0x000000000001a498                _ZNK6String11lastIndexOfERKS_j
 .text._ZNK6String11lastIndexOfERKS_
                0x000000000001a560       0x1c /home/jkw/Store/17 - Speedmaster/Firmware/inc/libArduinoCore2560.a(WString.cpp.o)
                0x000000000001a560                _ZNK6String11lastIndexOfERKS_
 .text._ZNK6String4trimEv
                0x000000000001a57c       0xdc /home/jkw/Store/17 - Speedmaster/Firmware/inc/libArduinoCore2560.a(WString.cpp.o)
                0x000000000001a57c                _ZNK6String4trimEv
 .text._ZN6String7replaceERKS_S1_
                0x000000000001a658      0x136 /home/jkw/Store/17 - Speedmaster/Firmware/inc/libArduinoCore2560.a(WString.cpp.o)
                0x000000000001a658                _ZN6String7replaceERKS_S1_
 .text._ZN6String7replaceEcc
                0x000000000001a78e       0x86 /home/jkw/Store/17 - Speedmaster/Firmware/inc/libArduinoCore2560.a(WString.cpp.o)
                0x000000000001a78e                _ZN6String7replaceEcc
 .text._ZN6StringC2EPKc
                0x000000000001a814       0x50 /home/jkw/Store/17 - Speedmaster/Firmware/inc/libArduinoCore2560.a(WString.cpp.o)
                0x000000000001a814                _ZN6StringC2EPKc
 .text._ZN6StringC1Eli
                0x000000000001a864       0x7a /home/jkw/Store/17 - Speedmaster/Firmware/inc/libArduinoCore2560.a(WString.cpp.o)
                0x000000000001a864                _ZN6StringC1Eli
 .text._ZN6StringC2Eli
                0x000000000001a8de       0x7a /home/jkw/Store/17 - Speedmaster/Firmware/inc/libArduinoCore2560.a(WString.cpp.o)
                0x000000000001a8de                _ZN6StringC2Eli
 .text._ZN6StringC1Eii
                0x000000000001a958       0x78 /home/jkw/Store/17 - Speedmaster/Firmware/inc/libArduinoCore2560.a(WString.cpp.o)
                0x000000000001a958                _ZN6StringC1Eii
 .text._ZN6StringC2Eii
                0x000000000001a9d0       0x78 /home/jkw/Store/17 - Speedmaster/Firmware/inc/libArduinoCore2560.a(WString.cpp.o)
                0x000000000001a9d0                _ZN6StringC2Eii
 .text.avr-libc
                0x000000000001aa48      0x266 /usr/lib/gcc/avr/4.5.3/../../../avr/lib/avr6/libc.a(malloc.o)
                0x000000000001aa48                malloc
                0x000000000001ab7c                free
 .text.avr-libc
                0x000000000001acae        0x6 /usr/lib/gcc/avr/4.5.3/../../../avr/lib/avr6/libc.a(exit.o)
                0x000000000001acae                exit
 .text.avr-libc
                0x000000000001acb4       0x12 /usr/lib/gcc/avr/4.5.3/../../../avr/lib/avr6/libc.a(isalpha.o)
                0x000000000001acb4                isupper
                0x000000000001acb8                isalpha
                0x000000000001acba                islower
 .text.avr-libc
                0x000000000001acc6       0x10 /usr/lib/gcc/avr/4.5.3/../../../avr/lib/avr6/libc.a(isspace.o)
                0x000000000001acc6                isspace
 .text.avr-libc
                0x000000000001acd6       0x10 /usr/lib/gcc/avr/4.5.3/../../../avr/lib/avr6/libc.a(tolower.o)
                0x000000000001acd6                tolower
 .text.avr-libc
                0x000000000001ace6       0x10 /usr/lib/gcc/avr/4.5.3/../../../avr/lib/avr6/libc.a(toupper.o)
                0x000000000001ace6                toupper
 .text.avr-libc
                0x000000000001acf6       0x12 /usr/lib/gcc/avr/4.5.3/../../../avr/lib/avr6/libc.a(strcmp_P.o)
                0x000000000001acf6                strcmp_P
 .text.avr-libc
                0x000000000001ad08        0xe /usr/lib/gcc/avr/4.5.3/../../../avr/lib/avr6/libc.a(strcpy_P.o)
                0x000000000001ad08                strcpy_P
 .text.avr-libc
                0x000000000001ad16       0x12 /usr/lib/gcc/avr/4.5.3/../../../avr/lib/avr6/libc.a(strlen_P.o)
                0x000000000001ad16                strlen_P
 .text.avr-libc
                0x000000000001ad28       0x1a /usr/lib/gcc/avr/4.5.3/../../../avr/lib/avr6/libc.a(memcmp.o)
                0x000000000001ad28                memcmp
 .text.avr-libc
                0x000000000001ad42       0x12 /usr/lib/gcc/avr/4.5.3/../../../avr/lib/avr6/libc.a(memcpy.o)
                0x000000000001ad42                memcpy
 .text.avr-libc
                0x000000000001ad54        0xe /usr/lib/gcc/avr/4.5.3/../../../avr/lib/avr6/libc.a(memset.o)
                0x000000000001ad54                memset
 .text.avr-libc
                0x000000000001ad62       0x16 /usr/lib/gcc/avr/4.5.3/../../../avr/lib/avr6/libc.a(strcat.o)
                0x000000000001ad62                strcat
 .text.avr-libc
                0x000000000001ad78       0x16 /usr/lib/gcc/avr/4.5.3/../../../avr/lib/avr6/libc.a(strchr.o)
                0x000000000001ad78                strchr
 .text.avr-libc
                0x000000000001ad8e       0x12 /usr/lib/gcc/avr/4.5.3/../../../avr/lib/avr6/libc.a(strcmp.o)
                0x000000000001ad8e                strcmp
 .text.avr-libc
                0x000000000001ada0        0xe /usr/lib/gcc/avr/4.5.3/../../../avr/lib/avr6/libc.a(strcpy.o)
                0x000000000001ada0                strcpy
 .text.avr-libc
                0x000000000001adae       0x1c /usr/lib/gcc/avr/4.5.3/../../../avr/lib/avr6/libc.a(strncmp.o)
                0x000000000001adae                strncmp
 .text.avr-libc
                0x000000000001adca       0x1e /usr/lib/gcc/avr/4.5.3/../../../avr/lib/avr6/libc.a(strncpy.o)
                0x000000000001adca                strncpy
 .text.avr-libc
                0x000000000001ade8       0x16 /usr/lib/gcc/avr/4.5.3/../../../avr/lib/avr6/libc.a(strrchr.o)
                0x000000000001ade8                strrchr
 .text.avr-libc
                0x000000000001adfe       0x34 /usr/lib/gcc/avr/4.5.3/../../../avr/lib/avr6/libc.a(strstr.o)
                0x000000000001adfe                strstr
 .text.avr-libc
                0x000000000001ae32       0x42 /usr/lib/gcc/avr/4.5.3/../../../avr/lib/avr6/libc.a(itoa.o)
                0x000000000001ae32                itoa
 .text.avr-libc
                0x000000000001ae74       0x68 /usr/lib/gcc/avr/4.5.3/../../../avr/lib/avr6/libc.a(ltoa.o)
                0x000000000001ae74                ltoa
 .text.avr-libc
                0x000000000001aedc       0x4a /usr/lib/gcc/avr/4.5.3/../../../avr/lib/avr6/libc.a(ultoa.o)
                0x000000000001aedc                ultoa
 .text.avr-libc
                0x000000000001af26       0x60 /usr/lib/gcc/avr/4.5.3/../../../avr/lib/avr6/libc.a(sprintf.o)
                0x000000000001af26                sprintf
 .text.avr-libc.fplib
                0x000000000001af86        0xa /usr/lib/gcc/avr/4.5.3/../../../avr/lib/avr6/libc.a(addsf3.o)
                0x000000000001af86                __subsf3
                0x000000000001af88                __addsf3
 .text.avr-libc.fplib
                0x000000000001af90       0xc0 /usr/lib/gcc/avr/4.5.3/../../../avr/lib/avr6/libc.a(addsf3x.o)
                0x000000000001afaa                __addsf3x
 .text.avr-libc.fplib
                0x000000000001b050       0x2e /usr/lib/gcc/avr/4.5.3/../../../avr/lib/avr6/libc.a(asin.o)
                0x000000000001b050                asin
 .text.avr-libc.fplib
                0x000000000001b07e        0x8 /usr/lib/gcc/avr/4.5.3/../../../avr/lib/avr6/libc.a(cmpsf2.o)
                0x000000000001b07e                __lesf2
                0x000000000001b07e                __nesf2
                0x000000000001b07e                __eqsf2
                0x000000000001b07e                __cmpsf2
                0x000000000001b07e                __ltsf2
 .text.avr-libc.fplib
                0x000000000001b086        0x6 /usr/lib/gcc/avr/4.5.3/../../../avr/lib/avr6/libc.a(cos.o)
                0x000000000001b086                cos
 .text.avr-libc.fplib
                0x000000000001b08c        0x4 /usr/lib/gcc/avr/4.5.3/../../../avr/lib/avr6/libc.a(divsf3.o)
                0x000000000001b08c                __divsf3
 .text.avr-libc.fplib
                0x000000000001b090       0xcc /usr/lib/gcc/avr/4.5.3/../../../avr/lib/avr6/libc.a(divsf3x.o)
                0x000000000001b0a6                __divsf3x
                0x000000000001b0aa                __divsf3_pse
 .text.avr-libc.fplib
                0x000000000001b15c        0xa /usr/lib/gcc/avr/4.5.3/../../../avr/lib/avr6/libc.a(fixsfsi.o)
                0x000000000001b15c                __fixsfsi
 .text.avr-libc.fplib
                0x000000000001b166       0x58 /usr/lib/gcc/avr/4.5.3/../../../avr/lib/avr6/libc.a(fixunssfsi.o)
                0x000000000001b166                __fixunssfsi
 .text.avr-libc.fplib
                0x000000000001b1be       0x7a /usr/lib/gcc/avr/4.5.3/../../../avr/lib/avr6/libc.a(floatsisf.o)
                0x000000000001b1be                __floatunsisf
                0x000000000001b1c2                __floatsisf
 .text.avr-libc.fplib
                0x000000000001b238       0x26 /usr/lib/gcc/avr/4.5.3/../../../avr/lib/avr6/libc.a(floor.o)
                0x000000000001b238                floor
 .text.avr-libc.fplib
                0x000000000001b25e       0x36 /usr/lib/gcc/avr/4.5.3/../../../avr/lib/avr6/libc.a(fp_arccos.o)
                0x000000000001b25e                __fp_arccos
 .text.avr-libc.fplib
                0x000000000001b294       0x48 /usr/lib/gcc/avr/4.5.3/../../../avr/lib/avr6/libc.a(fp_cmp.o)
                0x000000000001b294                __fp_cmp
 .text.avr-libc.fplib
                0x000000000001b2dc        0xc /usr/lib/gcc/avr/4.5.3/../../../avr/lib/avr6/libc.a(fp_inf.o)
                0x000000000001b2dc                __fp_inf
 .text.avr-libc.fplib
                0x000000000001b2e8       0x36 /usr/lib/gcc/avr/4.5.3/../../../avr/lib/avr6/libc.a(fp_mintl.o)
                0x000000000001b2e8                __fp_mintl
 .text.avr-libc.fplib
                0x000000000001b31e       0x1c /usr/lib/gcc/avr/4.5.3/../../../avr/lib/avr6/libc.a(fp_mpack.o)
                0x000000000001b31e                __fp_mpack
                0x000000000001b322                __fp_mpack_finite
 .text.avr-libc.fplib
                0x000000000001b33a        0x6 /usr/lib/gcc/avr/4.5.3/../../../avr/lib/avr6/libc.a(fp_nan.o)
                0x000000000001b33a                __fp_nan
 .text.avr-libc.fplib
                0x000000000001b340       0x4a /usr/lib/gcc/avr/4.5.3/../../../avr/lib/avr6/libc.a(fp_powser.o)
                0x000000000001b340                __fp_powser
 .text.avr-libc.fplib
                0x000000000001b38a       0x22 /usr/lib/gcc/avr/4.5.3/../../../avr/lib/avr6/libc.a(fp_powsodd.o)
                0x000000000001b38a                __fp_powsodd
 .text.avr-libc.fplib
                0x000000000001b3ac        0xe /usr/lib/gcc/avr/4.5.3/../../../avr/lib/avr6/libc.a(fp_pscA.o)
                0x000000000001b3ac                __fp_pscA
 .text.avr-libc.fplib
                0x000000000001b3ba        0xe /usr/lib/gcc/avr/4.5.3/../../../avr/lib/avr6/libc.a(fp_pscB.o)
                0x000000000001b3ba                __fp_pscB
 .text.avr-libc.fplib
                0x000000000001b3c8       0x50 /usr/lib/gcc/avr/4.5.3/../../../avr/lib/avr6/libc.a(fp_rempio2.o)
                0x000000000001b3ca                __fp_rempio2
 .text.avr-libc.fplib
                0x000000000001b418       0x22 /usr/lib/gcc/avr/4.5.3/../../../avr/lib/avr6/libc.a(fp_round.o)
                0x000000000001b418                __fp_round
 .text.avr-libc.fplib
                0x000000000001b43a       0x22 /usr/lib/gcc/avr/4.5.3/../../../avr/lib/avr6/libc.a(fp_sinus.o)
                0x000000000001b43a                __fp_sinus
 .text.avr-libc.fplib
                0x000000000001b45c       0x44 /usr/lib/gcc/avr/4.5.3/../../../avr/lib/avr6/libc.a(fp_split3.o)
                0x000000000001b45c                __fp_split3
                0x000000000001b46c                __fp_splitA
 .text.avr-libc.fplib
                0x000000000001b4a0       0x2e /usr/lib/gcc/avr/4.5.3/../../../avr/lib/avr6/libc.a(fp_trunc.o)
                0x000000000001b4a0                __fp_trunc
 .text.avr-libc.fplib
                0x000000000001b4ce        0xe /usr/lib/gcc/avr/4.5.3/../../../avr/lib/avr6/libc.a(fp_zero.o)
                0x000000000001b4ce                __fp_zero
                0x000000000001b4d0                __fp_szero
 .text.avr-libc.fplib
                0x000000000001b4dc        0x8 /usr/lib/gcc/avr/4.5.3/../../../avr/lib/avr6/libc.a(gesf2.o)
                0x000000000001b4dc                __gtsf2
                0x000000000001b4dc                __gesf2
 .text.avr-libc.fplib
                0x000000000001b4e4        0x4 /usr/lib/gcc/avr/4.5.3/../../../avr/lib/avr6/libc.a(mulsf3.o)
                0x000000000001b4e4                __mulsf3
 .text.avr-libc.fplib
                0x000000000001b4e8       0xc2 /usr/lib/gcc/avr/4.5.3/../../../avr/lib/avr6/libc.a(mulsf3x.o)
                0x000000000001b4fc                __mulsf3x
                0x000000000001b500                __mulsf3_pse
 .text.avr-libc.fplib
                0x000000000001b5aa       0x98 /usr/lib/gcc/avr/4.5.3/../../../avr/lib/avr6/libc.a(pow.o)
                0x000000000001b5aa                pow
 .text.avr-libc.fplib
                0x000000000001b642        0xc /usr/lib/gcc/avr/4.5.3/../../../avr/lib/avr6/libc.a(sin.o)
                0x000000000001b642                sin
 .text.avr-libc.fplib
                0x000000000001b64e       0x84 /usr/lib/gcc/avr/4.5.3/../../../avr/lib/avr6/libc.a(sqrt.o)
                0x000000000001b656                sqrt
 .text.avr-libc
                0x000000000001b6d2      0x420 /usr/lib/gcc/avr/4.5.3/../../../avr/lib/avr6/libc.a(vfprintf_std.o)
                0x000000000001b6d2                vfprintf
 .text.avr-libc
                0x000000000001baf2       0x10 /usr/lib/gcc/avr/4.5.3/../../../avr/lib/avr6/libc.a(eerd_byte_atmega2560.o)
                0x000000000001baf2                __eerd_byte_m2560
 .text.avr-libc
                0x000000000001bb02       0x1c /usr/lib/gcc/avr/4.5.3/../../../avr/lib/avr6/libc.a(eewr_byte_atmega2560.o)
                0x000000000001bb02                __eewr_byte_m2560
                0x000000000001bb04                __eewr_r18_m2560
 .text.avr-libc
                0x000000000001bb1e        0x6 /usr/lib/gcc/avr/4.5.3/../../../avr/lib/avr6/libc.a(cty_isfalse.o)
                0x000000000001bb1e                __ctype_isfalse
                0x000000000001bb22                __ctype_istrue
 .text.avr-libc
                0x000000000001bb24       0x16 /usr/lib/gcc/avr/4.5.3/../../../avr/lib/avr6/libc.a(strnlen_P.o)
                0x000000000001bb24                strnlen_P
 .text.avr-libc