Archive member included because of file (symbol)

/home/jkw/Store/17 - Speedmaster/Firmware/inc/libArduinoCore2560.a(WInterrupts.c.o)
                              ./dz.o (attachInterrupt)
/home/jkw/Store/17 - Speedmaster/Firmware/inc/libArduinoCore2560.a(wiring.c.o)
                              ./inc/I2C.o (millis)
/home/jkw/Store/17 - Speedmaster/Firmware/inc/libArduinoCore2560.a(wiring_analog.c.o)
                              ./temperature.o (analogRead)
/home/jkw/Store/17 - Speedmaster/Firmware/inc/libArduinoCore2560.a(wiring_digital.c.o)
                              ./inc/Sd2Card.o (pinMode)
/home/jkw/Store/17 - Speedmaster/Firmware/inc/libArduinoCore2560.a(HardwareSerial.cpp.o)
                              ./aktors.o (_ZN14HardwareSerial5beginEl)
/home/jkw/Store/17 - Speedmaster/Firmware/inc/libArduinoCore2560.a(Print.cpp.o)
                              /home/jkw/Store/17 - Speedmaster/Firmware/inc/libArduinoCore2560.a(HardwareSerial.cpp.o) (_ZN5Print5writeEPKc)
/home/jkw/Store/17 - Speedmaster/Firmware/inc/libArduinoCore2560.a(WString.cpp.o)
                              /home/jkw/Store/17 - Speedmaster/Firmware/inc/libArduinoCore2560.a(Print.cpp.o) (_ZNK6StringixEj)
/usr/lib/gcc/avr/4.5.3/../../../avr/lib/avr6/libc.a(malloc.o)
                              ./inc/ssd0323.o (malloc)
/usr/lib/gcc/avr/4.5.3/../../../avr/lib/avr6/libc.a(exit.o)
                              /usr/lib/gcc/avr/4.5.3/../../../avr/lib/avr6/crtm2560.o (exit)
/usr/lib/gcc/avr/4.5.3/../../../avr/lib/avr6/libc.a(isalpha.o)
                              ./inc/istream.o (isupper)
/usr/lib/gcc/avr/4.5.3/../../../avr/lib/avr6/libc.a(isspace.o)
                              ./inc/istream.o (isspace)
/usr/lib/gcc/avr/4.5.3/../../../avr/lib/avr6/libc.a(tolower.o)
                              /home/jkw/Store/17 - Speedmaster/Firmware/inc/libArduinoCore2560.a(WString.cpp.o) (tolower)
/usr/lib/gcc/avr/4.5.3/../../../avr/lib/avr6/libc.a(toupper.o)
                              /home/jkw/Store/17 - Speedmaster/Firmware/inc/libArduinoCore2560.a(WString.cpp.o) (toupper)
/usr/lib/gcc/avr/4.5.3/../../../avr/lib/avr6/libc.a(strcmp_P.o)
                              ./config.o (strcmp_P)
/usr/lib/gcc/avr/4.5.3/../../../avr/lib/avr6/libc.a(strcpy_P.o)
                              ./config.o (strcpy_P)
/usr/lib/gcc/avr/4.5.3/../../../avr/lib/avr6/libc.a(strlen_P.o)
                              ./inc/ostream.o (strlen_P)
/usr/lib/gcc/avr/4.5.3/../../../avr/lib/avr6/libc.a(memcmp.o)
                              ./inc/SdFile.o (memcmp)
/usr/lib/gcc/avr/4.5.3/../../../avr/lib/avr6/libc.a(memcpy.o)
                              ./inc/SdFile.o (memcpy)
/usr/lib/gcc/avr/4.5.3/../../../avr/lib/avr6/libc.a(memset.o)
                              ./gps.o (memset)
/usr/lib/gcc/avr/4.5.3/../../../avr/lib/avr6/libc.a(strcat.o)
                              /home/jkw/Store/17 - Speedmaster/Firmware/inc/libArduinoCore2560.a(WString.cpp.o) (strcat)
/usr/lib/gcc/avr/4.5.3/../../../avr/lib/avr6/libc.a(strchr.o)
                              ./inc/SdFile.o (strchr)
/usr/lib/gcc/avr/4.5.3/../../../avr/lib/avr6/libc.a(strcmp.o)
                              ./config.o (strcmp)
/usr/lib/gcc/avr/4.5.3/../../../avr/lib/avr6/libc.a(strcpy.o)
                              ./config.o (strcpy)
/usr/lib/gcc/avr/4.5.3/../../../avr/lib/avr6/libc.a(strncmp.o)
                              ./config.o (strncmp)
/usr/lib/gcc/avr/4.5.3/../../../avr/lib/avr6/libc.a(strncpy.o)
                              /home/jkw/Store/17 - Speedmaster/Firmware/inc/libArduinoCore2560.a(WString.cpp.o) (strncpy)
/usr/lib/gcc/avr/4.5.3/../../../avr/lib/avr6/libc.a(strrchr.o)
                              /home/jkw/Store/17 - Speedmaster/Firmware/inc/libArduinoCore2560.a(WString.cpp.o) (strrchr)
/usr/lib/gcc/avr/4.5.3/../../../avr/lib/avr6/libc.a(strstr.o)
                              /home/jkw/Store/17 - Speedmaster/Firmware/inc/libArduinoCore2560.a(WString.cpp.o) (strstr)
/usr/lib/gcc/avr/4.5.3/../../../avr/lib/avr6/libc.a(itoa.o)
                              /home/jkw/Store/17 - Speedmaster/Firmware/inc/libArduinoCore2560.a(WString.cpp.o) (itoa)
/usr/lib/gcc/avr/4.5.3/../../../avr/lib/avr6/libc.a(ltoa.o)
                              /home/jkw/Store/17 - Speedmaster/Firmware/inc/libArduinoCore2560.a(WString.cpp.o) (ltoa)
/usr/lib/gcc/avr/4.5.3/../../../avr/lib/avr6/libc.a(ultoa.o)
                              /home/jkw/Store/17 - Speedmaster/Firmware/inc/libArduinoCore2560.a(WString.cpp.o) (ultoa)
/usr/lib/gcc/avr/4.5.3/../../../avr/lib/avr6/libc.a(sprintf.o)
                              ./aktors.o (sprintf)
/usr/lib/gcc/avr/4.5.3/../../../avr/lib/avr6/libc.a(addsf3.o)
                              ./inc/ostream.o (__subsf3)
/usr/lib/gcc/avr/4.5.3/../../../avr/lib/avr6/libc.a(addsf3x.o)
                              /usr/lib/gcc/avr/4.5.3/../../../avr/lib/avr6/libc.a(addsf3.o) (__addsf3x)
/usr/lib/gcc/avr/4.5.3/../../../avr/lib/avr6/libc.a(asin.o)
[...]
Memory Configuration

Name             Origin             Length             Attributes
text             0x0000000000000000 0x0000000000100000 xr
data             0x0000000000800200 0x000000000000fe00 rw !x
eeprom           0x0000000000810000 0x0000000000010000 rw !x
fuse             0x0000000000820000 0x0000000000000400 rw !x
lock             0x0000000000830000 0x0000000000000400 rw !x
signature        0x0000000000840000 0x0000000000000400 rw !x
*default*        0x0000000000000000 0xffffffffffffffff

Linker script and memory map

Address of section .data set to 0x800200
LOAD /usr/lib/gcc/avr/4.5.3/../../../avr/lib/avr6/crtm2560.o
LOAD ./inc/EEPROM.o
LOAD ./inc/I2C.o
LOAD ./inc/Sd2Card.o
LOAD ./inc/SdFat.o
LOAD ./inc/SdFatUtil.o
LOAD ./inc/SdFile.o
LOAD ./inc/SdStream.o
LOAD ./inc/SdVolume.o
LOAD ./inc/istream.o
LOAD ./inc/ostream.o
LOAD ./inc/pins_arduino.o
LOAD ./inc/ssd0323.o
LOAD ./aktors.o
LOAD ./blinker.o
LOAD ./clock_me.o
LOAD ./config.o
LOAD ./debug.o
LOAD ./display.o
LOAD ./dz.o
LOAD ./file_manager_v2.o
LOAD ./fuel.o
LOAD ./gear.o
LOAD ./gps.o
LOAD ./helper.o
LOAD ./main.o
LOAD ./menu.o
LOAD ./oiler.o
LOAD ./reset.o
LOAD ./sd.o
LOAD ./sensors.o
LOAD ./speed.o
LOAD ./speedo.o
LOAD ./sprint.o
LOAD ./stepper.o
LOAD ./temperature.o
LOAD ./tetris.o
LOAD ./timer.o
LOAD ./voltage.o
LOAD /home/jkw/Store/17 - Speedmaster/Firmware/inc/libArduinoCore2560.a
LOAD /usr/lib/gcc/avr/4.5.3/../../../avr/lib/avr6/libc.a
LOAD /usr/lib/gcc/avr/4.5.3/avr6/libgcc.a
LOAD /usr/lib/gcc/avr/4.5.3/../../../avr/lib/avr6/libm.a
LOAD /usr/lib/gcc/avr/4.5.3/../../../avr/lib/avr6/libc.a
LOAD /usr/lib/gcc/avr/4.5.3/avr6/libgcc.a
LOAD /usr/lib/gcc/avr/4.5.3/../../../avr/lib/avr6/libc.a
LOAD /usr/lib/gcc/avr/4.5.3/avr6/libgcc.a

.hash
 *(.hash)

.dynsym
 *(.dynsym)

.dynstr
 *(.dynstr)

.gnu.version
 *(.gnu.version)

.gnu.version_d
 *(.gnu.version_d)

.gnu.version_r
 *(.gnu.version_r)

.rel.init
 *(.rel.init)

.rela.init
 *(.rela.init)

.rel.text
 *(.rel.text)
 *(.rel.text.*)
 *(.rel.gnu.linkonce.t*)

.rela.text
 *(.rela.text)
 *(.rela.text.*)
 *(.rela.gnu.linkonce.t*)

.rel.fini
 *(.rel.fini)

.rela.fini
 *(.rela.fini)

.rel.rodata
 *(.rel.rodata)
 *(.rel.rodata.*)
 *(.rel.gnu.linkonce.r*)

.rela.rodata
 *(.rela.rodata)
 *(.rela.rodata.*)
 *(.rela.gnu.linkonce.r*)

.rel.data
 *(.rel.data)
 *(.rel.data.*)
 *(.rel.gnu.linkonce.d*)

.rela.data
 *(.rela.data)
 *(.rela.data.*)
 *(.rela.gnu.linkonce.d*)

.rel.ctors
 *(.rel.ctors)

.rela.ctors
 *(.rela.ctors)

.rel.dtors
 *(.rel.dtors)

.rela.dtors
 *(.rela.dtors)

.rel.got
 *(.rel.got)

.rela.got
 *(.rela.got)

.rel.bss
 *(.rel.bss)

.rela.bss
 *(.rela.bss)

.rel.plt
 *(.rel.plt)

.rela.plt
 *(.rela.plt)

.text           0x0000000000000000    0x2a2ea
 *(.vectors)
 .vectors       0x0000000000000000       0xe4 /usr/lib/gcc/avr/4.5.3/../../../avr/lib/avr6/crtm2560.o
                0x0000000000000000                __vectors
                0x0000000000000000                __vector_default
 *(.vectors)
 *(.progmem.gcc*)
 .progmem.gcc_fplib
                0x00000000000000e4       0x14 /usr/lib/gcc/avr/4.5.3/../../../avr/lib/avr6/libc.a(asin.o)
 .progmem.gcc_fplib
                0x00000000000000f8       0x28 /usr/lib/gcc/avr/4.5.3/../../../avr/lib/avr6/libc.a(fp_arccos.o)
 .progmem.gcc_fplib
                0x0000000000000120       0x1e /usr/lib/gcc/avr/4.5.3/../../../avr/lib/avr6/libc.a(fp_sinus.o)
 .progmem.gcc_fplib
                0x000000000000013e       0x28 /usr/lib/gcc/avr/4.5.3/../../../avr/lib/avr6/libc.a(exp.o)
 .progmem.gcc_fplib
                0x0000000000000166       0x5a /usr/lib/gcc/avr/4.5.3/../../../avr/lib/avr6/libc.a(log.o)
 *(.progmem*)
 .progmem.data  0x00000000000001c0       0xc0 ./inc/SdFat.o
 .progmem.data  0x0000000000000280       0x13 ./inc/SdFile.o
 .progmem.data  0x0000000000000293        0xb ./inc/istream.o
 .progmem.data  0x000000000000029e       0x13 ./inc/ostream.o
 .progmem.data  0x00000000000002b1      0x120 ./inc/pins_arduino.o
                0x00000000000002b1                port_to_mode_PGM
                0x00000000000002cb                port_to_output_PGM
                0x00000000000002e5                port_to_input_PGM
                0x00000000000002ff                digital_pin_to_port_PGM
                0x0000000000000345                digital_pin_to_bit_mask_PGM
                0x000000000000038b                digital_pin_to_timer_PGM
 .progmem.data  0x00000000000003d1      0xcc0 ./inc/ssd0323.o
 .progmem.data  0x0000000000001091       0xf8 ./aktors.o
 .progmem.data  0x0000000000001189       0x21 ./blinker.o
 .progmem.data  0x00000000000011aa       0x10 ./clock_me.o
 .progmem.data  0x00000000000011ba      0xb20 ./config.o
 .progmem.data  0x0000000000001cda       0xde ./display.o
 .progmem.data  0x0000000000001db8        0xa ./dz.o
 .progmem.data  0x0000000000001dc2        0xc ./fuel.o
 .progmem.data  0x0000000000001dce       0x5d ./gear.o
 .progmem.data  0x0000000000001e2b       0x45 ./gps.o
 .progmem.data  0x0000000000001e70       0x42 ./main.o
 .progmem.data  0x0000000000001eb2      0x98e ./menu.o
                0x0000000000001eb2                main_m_0
                0x0000000000001ebf                main_m_1
                0x0000000000001ecf                main_m_2
                0x0000000000001ee1                main_m_3
                0x0000000000001ee6                main_m_4
                0x0000000000001ef7                main_m_5
                0x0000000000001f04                main_m_6
                0x0000000000001f13                main_m_7
                0x0000000000001f23                main_m_8
                0x0000000000001f30                menu_main
                0x0000000000001f42                setup_m_0
                0x0000000000001f51                setup_m_1
                0x0000000000001f61                setup_m_2
                0x0000000000001f72                setup_m_3
                0x0000000000001f82                setup_m_4
                0x0000000000001f95                setup_m_5
                0x0000000000001fa7                setup_m_6
                0x0000000000001fbb                setup_m_7
                0x0000000000001fcd                setup_m_8
                0x0000000000001fd2                menu_setup
                0x0000000000001fe4                custom_m_0
                0x0000000000001ff1                custom_m_1
                0x0000000000001fff                custom_m_2
                0x000000000000200d                custom_m_3
                0x000000000000201b                custom_m_4
                0x0000000000002028                custom_m_5
                0x0000000000002036                custom_m_6
                0x0000000000002044                custom_m_7
                0x0000000000002056                custom_m_8
                0x000000000000205b                menu_custom
                0x000000000000206d                fade_m_0
                0x000000000000207d                fade_m_1
                0x000000000000208c                fade_m_2
                0x0000000000002099                fade_m_3
                0x00000000000020ab                fade_m_4
                0x00000000000020bf                fade_m_5
                0x00000000000020c4                fade_m_6
                0x00000000000020c9                fade_m_7
                0x00000000000020ce                fade_m_8
                0x00000000000020d3                menu_fade
                0x00000000000020e5                einfo_m_0
                0x00000000000020f6                einfo_m_1
                0x0000000000002107                einfo_m_2
                0x0000000000002112                einfo_m_3
                0x0000000000002117                einfo_m_4
                0x000000000000211c                einfo_m_5
                0x0000000000002121                einfo_m_6
                0x0000000000002126                einfo_m_7
                0x000000000000212f                einfo_m_8
                0x0000000000002139                menu_einfo
                0x000000000000214b                navi_m_0
                0x000000000000215d                navi_m_1
                0x000000000000216c                navi_m_2
                0x0000000000002178                navi_m_3
                0x0000000000002188                navi_m_4
                0x000000000000218d                navi_m_5
                0x0000000000002192                navi_m_6
                0x0000000000002197                navi_m_7
                0x000000000000219c                navi_m_8
                0x00000000000021a1                menu_navi
                0x00000000000021b3                titel_0
                0x00000000000021c1                titel_1
                0x00000000000021c2                titel_2
                0x00000000000021c3                titel_3
                0x00000000000021d2                titel_4
                0x00000000000021d3                titel_5
                0x00000000000021e3                titel_6
                0x00000000000021f1                titel_7
                0x00000000000021fb                titel_8
                0x0000000000002208                titel_9
                0x0000000000002209                menu_titel
                0x000000000000221d                trip_setup_m_0
                0x0000000000002223                trip_setup_m_1
                0x0000000000002230                trip_setup_m_2
                0x0000000000002234                trip_setup_m_3
                0x0000000000002239                trip_setup_m_4
                0x000000000000223f                trip_setup_m_5
                0x0000000000002244                trip_setup_m_6
                0x000000000000224a                trip_setup_m_7
                0x0000000000002251                trip_setup_m_8
                0x0000000000002257                menu_trip_setup
 .progmem.data  0x0000000000002840       0x1d ./oiler.o
 .progmem.data  0x000000000000285d       0x19 ./reset.o
 .progmem.data  0x0000000000002876       0x39 ./sd.o
 .progmem.data  0x00000000000028af      0x147 ./sensors.o
 .progmem.data  0x00000000000029f6       0x20 ./speed.o
 .progmem.data  0x0000000000002a16       0xbc ./speedo.o
 .progmem.data  0x0000000000002ad2        0xe ./sprint.o
 .progmem.data  0x0000000000002ae0        0xc ./temperature.o
 .progmem.data  0x0000000000002aec       0x45 ./tetris.o
                0x0000000000002b32                . = ALIGN (0x2)
 *fill*         0x0000000000002b31        0x1 00
                0x0000000000002b32                __trampolines_start = .
 *(.trampolines)
 .trampolines   0x0000000000002b32       0x24 linker stubs
 *(.trampolines*)
                0x0000000000002b56                __trampolines_end = .
 *(.jumptables)
 *(.jumptables*)
 *(.lowtext)
 *(.lowtext*)
                0x0000000000002b56                __ctors_start = .
 *(.ctors)
 .ctors         0x0000000000002b56        0x2 ./inc/I2C.o
 .ctors         0x0000000000002b58        0x2 ./main.o
 .ctors         0x0000000000002b5a        0x2 /home/jkw/Store/17 - Speedmaster/Firmware/inc/libArduinoCore2560.a(HardwareSerial.cpp.o)
                0x0000000000002b5c                __ctors_end = .
                0x0000000000002b5c                __dtors_start = .
 *(.dtors)
                0x0000000000002b5c                __dtors_end = .
 SORT(*)(.ctors)
 SORT(*)(.dtors)
 *(.init0)
 .init0         0x0000000000002b5c        0x0 /usr/lib/gcc/avr/4.5.3/../../../avr/lib/avr6/crtm2560.o
                0x0000000000002b5c                __init
 *(.init0)
 *(.init1)
 *(.init1)
 *(.init2)
 .init2         0x0000000000002b5c       0x10 /usr/lib/gcc/avr/4.5.3/../../../avr/lib/avr6/crtm2560.o
 *(.init2)
 *(.init3)
 *(.init3)
 *(.init4)
 .init4         0x0000000000002b6c       0x1a /usr/lib/gcc/avr/4.5.3/avr6/libgcc.a(_copy_data.o)
                0x0000000000002b6c                __do_copy_data
 .init4         0x0000000000002b86       0x10 /usr/lib/gcc/avr/4.5.3/avr6/libgcc.a(_clear_bss.o)
                0x0000000000002b86                __do_clear_bss
 *(.init4)
 *(.init5)
 *(.init5)
 *(.init6)
 .init6         0x0000000000002b96       0x20 /usr/lib/gcc/avr/4.5.3/avr6/libgcc.a(_ctors.o)
                0x0000000000002b96                __do_global_ctors
 *(.init6)
 *(.init7)
 *(.init7)
 *(.init8)
 *(.init8)
 *(.init9)
 .init9         0x0000000000002bb6        0x8 /usr/lib/gcc/avr/4.5.3/../../../avr/lib/avr6/crtm2560.o
 *(.init9)
 *(.text)
 .text          0x0000000000002bbe        0x4 /usr/lib/gcc/avr/4.5.3/../../../avr/lib/avr6/crtm2560.o
                0x0000000000002bbe                __vector_38
                0x0000000000002bbe                __vector_22
                0x0000000000002bbe                __vector_28
                0x0000000000002bbe                __vector_32
                0x0000000000002bbe                __vector_34
                0x0000000000002bbe                __vector_24
                0x0000000000002bbe                __vector_12
                0x0000000000002bbe                __vector_55
                0x0000000000002bbe                __vector_46
                0x0000000000002bbe                __bad_interrupt
                0x0000000000002bbe                __vector_31
                0x0000000000002bbe                __vector_39
                0x0000000000002bbe                __vector_30
                0x0000000000002bbe                __vector_45
                0x0000000000002bbe                __vector_11
                0x0000000000002bbe                __vector_13
                0x0000000000002bbe                __vector_17
                0x0000000000002bbe                __vector_19
                0x0000000000002bbe                __vector_56
                0x0000000000002bbe                __vector_49
                0x0000000000002bbe                __vector_41
                0x0000000000002bbe                __vector_43
                0x0000000000002bbe                __vector_27
                0x0000000000002bbe                __vector_33
                0x0000000000002bbe                __vector_47
                0x0000000000002bbe                __vector_52
                0x0000000000002bbe                __vector_37
                0x0000000000002bbe                __vector_44
                0x0000000000002bbe                __vector_9
                0x0000000000002bbe                __vector_21
                0x0000000000002bbe                __vector_15
                0x0000000000002bbe                __vector_29
                0x0000000000002bbe                __vector_40
                0x0000000000002bbe                __vector_26
                0x0000000000002bbe                __vector_48
                0x0000000000002bbe                __vector_14
                0x0000000000002bbe                __vector_53
                0x0000000000002bbe                __vector_50
                0x0000000000002bbe                __vector_16
                0x0000000000002bbe                __vector_18
                0x0000000000002bbe                __vector_20
                0x0000000000002bbe                __vector_42
 .text          0x0000000000002bc2        0xe ./inc/EEPROM.o
                0x0000000000002bc2                _ZN11EEPROMClass4readEi
                0x0000000000002bc8                _ZN11EEPROMClass5writeEih
 .text          0x0000000000002bd0      0xa24 ./inc/I2C.o
                0x0000000000002bd0                _ZN3I2CC1Ev
                0x0000000000002bd0                _ZN3I2CC2Ev
                0x0000000000002bd2                _ZN3I2C5beginEv
                0x0000000000002bf4                _ZN3I2C3endEv
                0x0000000000002bfa                _ZN3I2C7timeOutEj
                0x0000000000002c04                _ZN3I2C8setSpeedEh
                0x0000000000002c14                _ZN3I2C6pullupEh
                0x0000000000002c24                _ZN3I2C9availableEv
                0x0000000000002c2a                _ZN3I2C7receiveEv
                0x0000000000002c54                _ZN3I2C5startEv
                0x0000000000002cf8                _ZN3I2C11receiveByteEh
                0x0000000000002d8e                _ZN3I2C4stopEv
                0x0000000000002df6                _ZN3I2C8sendByteEh
                0x0000000000002e9a                _ZN3I2C11sendAddressEh
                0x0000000000002f56                _ZN3I2C4readEhhhPh
                0x0000000000003082                _ZN3I2C4readEhhPh
                0x000000000000315e                _ZN3I2C4readEhhh
                0x000000000000328c                _ZN3I2C4readEiii
                0x000000000000328e                _ZN3I2C4readEhh
                0x000000000000336a                _ZN3I2C4readEii
                0x000000000000336c                _ZN3I2C5writeEhhPhh
                0x0000000000003412                _ZN3I2C5writeEhhPc
                0x0000000000003438                _ZN3I2C5writeEhhh
                0x00000000000034ac                _ZN3I2C5writeEiii
                0x00000000000034ae                _ZN3I2C5writeEhh
                0x0000000000003526                _ZN3I2C5writeEii
                0x0000000000003528                _ZN3I2C4scanEv
                0x00000000000035e6                _ZN3I2C6lockUpEv
 .text          0x00000000000035f4      0x856 ./inc/Sd2Card.o
                0x000000000000362a                _ZN7Sd2Card14chipSelectHighEv
                0x0000000000003634                _ZN7Sd2Card13chipSelectLowEv
                0x000000000000364c                _ZN7Sd2Card8readDataEPhj
                0x000000000000369e                _ZN7Sd2Card10setSckRateEh
                0x00000000000036b2                _ZN7Sd2Card11waitNotBusyEj
                0x00000000000036e8                _ZN7Sd2Card11cardCommandEhm
                0x0000000000003776                _ZN7Sd2Card8cardAcmdEhm
                0x00000000000037b0                _ZN7Sd2Card4initEhh
                0x0000000000003908                _ZN7Sd2Card14waitStartBlockEv
                0x0000000000003952                _ZN7Sd2Card12readRegisterEhPv
                0x0000000000003996                _ZN7Sd2Card7readCSDEP5csd_t
                0x000000000000399c                _ZN7Sd2Card22eraseSingleBlockEnableEv
                0x00000000000039d6                _ZN7Sd2Card5eraseEmm
                0x0000000000003afc                _ZN7Sd2Card8cardSizeEv
                0x0000000000003c02                _ZN7Sd2Card9readBlockEmPh
                0x0000000000003c70                _ZN7Sd2Card9writeDataEhPKh
                0x0000000000003ccc                _ZN7Sd2Card9writeDataEPKh
                0x0000000000003d0e                _ZN7Sd2Card10writeBlockEmPKh
                0x0000000000003da2                _ZN7Sd2Card10writeStartEmm
                0x0000000000003e0e                _ZN7Sd2Card9writeStopEv
 .text          0x0000000000003e4a      0x42e ./inc/SdFat.o
                0x0000000000003e4a                _ZN8SdVolume4initEP7Sd2Card
                0x0000000000003e78                _ZN6SdFileD1Ev
                0x0000000000003e8e                _ZN5SdFat5chdirEv
                0x0000000000003ebe                _ZN5SdFat5chdirEPKc
                0x0000000000003f9e                _ZN5SdFat10errorPrintEv
                0x0000000000003fcc                _ZN5SdFat9errorHaltEv
                0x0000000000003fd0                _ZN5SdFat10errorPrintEPKc
                0x0000000000003ffa                _ZN5SdFat9errorHaltEPKc
                0x0000000000003ffe                _ZN5SdFat12errorPrint_PEPKc
                0x0000000000004022                _ZN5SdFat11errorHalt_PEPKc
                0x0000000000004026                _ZN5SdFat6existsEPKc
                0x000000000000402c                _ZN5SdFat4initEhh
                0x000000000000405e                _ZN5SdFat14initErrorPrintEv
                0x00000000000040a6                _ZN5SdFat13initErrorHaltEv
                0x00000000000040aa                _ZN5SdFat2lsEh
                0x00000000000040b8                _ZN5SdFat2lsEP5Printh
                0x00000000000040c0                _ZN5SdFat5mkdirEPKcb
                0x000000000000411e                _ZN5SdFat6removeEPKc
                0x0000000000004124                _ZN5SdFat6renameEPKcS1_
                0x00000000000041a0                _ZN5SdFat5rmdirEPKc
                0x0000000000004200                _ZN5SdFat8truncateEPKcm
 .text          0x0000000000004278       0x8a ./inc/SdFatUtil.o
                0x0000000000004278                _ZN9SdFatUtil7FreeRamEv
                0x00000000000042b2                _ZN9SdFatUtil7print_PEP5PrintPKc
                0x00000000000042de                _ZN9SdFatUtil9println_PEP5PrintPKc
                0x00000000000042f2                _ZN9SdFatUtil13SerialPrint_PEPKc
                0x00000000000042fa                _ZN9SdFatUtil15SerialPrintln_PEPKc
 .text          0x0000000000004302     0x27b2 ./inc/SdFile.o
                0x000000000000432e                _ZN8SdVolume9fatPutEOCEm
                0x0000000000004344                _ZN6SdFile10addClusterEv
                0x0000000000004398                _ZN6SdFile13addDirClusterEv
                0x00000000000044b2                _ZN6SdFile13cacheDirEntryEh
                0x00000000000044ee                _ZN6SdFile15contiguousRangeEPmS0_
                0x0000000000004652                _ZN6SdFile7dirNameERK14directoryEntryPc
                0x000000000000468e                _ZN6SdFile11getFilenameEPc
                0x00000000000046c2                _ZN6SdFile6getposEP6fpos_t
                0x00000000000046f0                _ZN6SdFile10make83NameEPKcPhPS1_
                0x0000000000004772                _ZN6SdFile8openRootEP8SdVolume
                0x0000000000004818                _ZN6SdFile12printDirNameEP5PrintRK14directoryEntryhb
                0x00000000000048a8                _ZN6SdFile12printDirNameERK14directoryEntryhb
                0x00000000000048b8                _ZN6SdFile12printFatDateEP5Printj
                0x0000000000004912                _ZN6SdFile12printFatDateEj
                0x000000000000491a                _ZN6SdFile12printFatTimeEP5Printj
                0x000000000000496e                _ZN6SdFile12printFatTimeEj
                0x0000000000004976                _ZN6SdFile9printNameEv
                0x00000000000049c2                _ZN6SdFile4readEPvj
                0x0000000000004c24                _ZN6SdFile4readEv
                0x0000000000004c54                _ZN6SdFile4peekEv
                0x0000000000004caa                _ZN6SdFile11lsPrintNextEP5Printhh
                0x0000000000004e2a                _ZN6SdFile9lsJKWNextEPciPm
                0x0000000000004f3e                _ZN6SdFile5fgetsEPciS0_
                0x0000000000005012                _ZN6SdFile7readDirEP14directoryEntry
                0x000000000000507c                _ZN6SdFile12readDirCacheEv
                0x00000000000050f2                _ZN6SdFile7seekSetEm
                0x000000000000522a                _ZN6SdFile7seekEndEl
                0x0000000000005248                _ZN6SdFile6rewindEv
                0x0000000000005250                _ZN6SdFile6setposEP6fpos_t
                0x000000000000527c                _ZN6SdFile4syncEv
                0x0000000000005310                _ZN6SdFile8dirEntryEP14directoryEntry
                0x0000000000005352                _ZN6SdFile5closeEv
                0x0000000000005380                _ZN6SdFile9timestampEhjhhhhh
                0x00000000000054b0                _ZN6SdFile8truncateEm
                0x0000000000005618                _ZN6SdFile6removeEv
                0x000000000000564c                _ZN6SdFile5rmdirEv
                0x00000000000056d6                _ZN6SdFile15openCachedEntryEhh
                0x00000000000057e2                _ZN6SdFile8openNextEPS_h
                0x0000000000005878                _ZN6SdFile4openEPS_jh
                0x00000000000058f8                _ZN6SdFile8rmRfStarEv
                0x0000000000005a32                _ZN6SdFile2lsEP5Printhh
                0x0000000000005b2e                _ZN6SdFile2lsEh
                0x0000000000005b38                _ZN6SdFile10openParentEPS_
                0x0000000000005d34                _ZN6SdFile4openEPS_PKhh
                0x0000000000005ec0                _ZN6SdFile4openEPS_PKch
                0x0000000000006058                _ZN6SdFile6removeEPS_PKc
                0x00000000000060bc                _ZN6SdFile4openEPKch
                0x00000000000060cc                _ZN6SdFileC1EPKch
                0x00000000000060cc                _ZN6SdFileC2EPKch
                0x00000000000060dc                _ZN6SdFile6existsEPKc
                0x0000000000006136                _ZN6SdFile16createContiguousEPS_PKcm
                0x00000000000061c2                _ZN6SdFile5mkdirEPS_PKh
                0x0000000000006344                _ZN6SdFile5mkdirEPS_PKcb
                0x00000000000064f4                _ZN6SdFile6renameEPS_PKc
                0x00000000000066e8                _ZN6SdFile5writeEPKvj
                0x0000000000006a38                _ZN6SdFile5writeEPKc
                0x0000000000006a4c                _ZN6SdFile5writeEh
                0x0000000000006a6c                _ZN6SdFile7write_PEPKc
                0x0000000000006a9e                _ZN6SdFile9writeln_PEPKc
 .text          0x0000000000006ab4      0x2c8 ./inc/SdStream.o
                0x0000000000006ab4                _ZN6SdFile7seekCurEl
                0x0000000000006ad4                _ZN6SdBase5getchEv
                0x0000000000006b8e                _ZN6SdBase4openEPKch
                0x0000000000006c4e                _ZN6SdBase5putchEc
                0x0000000000006cae                _ZN6SdBase6putstrEPKc
                0x0000000000006d2e                _ZN6SdBase7seekoffElN8ios_base7seekdirE
                0x0000000000006d78                _ZN6SdBase7seekposEm
 .text          0x0000000000006d7c      0xa8e ./inc/SdVolume.o
                0x0000000000006d7c                _ZN8SdVolume10cacheFlushEv
                0x0000000000006df6                _ZN8SdVolume13cacheRawBlockEmh
                0x0000000000006e7a                _ZNK8SdVolume6fatGetEmPm
                0x0000000000006f7a                _ZNK8SdVolume9chainSizeEmPm
                0x0000000000007060                _ZN8SdVolume6fatPutEmm
                0x000000000000719c                _ZN8SdVolume15allocContiguousEmPm
                0x00000000000073ba                _ZN8SdVolume9freeChainEm
                0x0000000000007470                _ZN8SdVolume16freeClusterCountEv
                0x00000000000075a4                _ZN8SdVolume4initEP7Sd2Cardh
 .text          0x000000000000780a      0xd62 ./inc/istream.o
                0x000000000000780a                _ZN7istream5getchEP6fpos_t
                0x0000000000007830                _ZN7istream3getEv
                0x0000000000007874                _ZN7istream3getERc
                0x0000000000007892                _ZN7istream3getEPcmc
                0x00000000000079aa                _ZN7istream7getlineEPcmc
                0x0000000000007ae2                _ZN7istream6ignoreEmi
                0x0000000000007b4a                _ZN7istream4peekEv
                0x0000000000007bfe                _ZN7istream8readSkipEv
                0x0000000000007c44                _ZN7istream6getStrEPc
                0x0000000000007d96                _ZN7istream9getNumberEmmPm
                0x000000000000801e                _ZN7istream8getFloatEPf
                0x0000000000008372                _ZN7istream7getCharEPc
                0x00000000000083aa                _ZN7istream9skipWhiteEv
                0x000000000000841a                _ZN7istream9getNumberIbEEvPT_
                0x0000000000008484                _ZN7istream7getBoolEPb
 .text          0x000000000000856c      0x64a ./inc/ostream.o
                0x000000000000856c                _ZN7ostream7do_fillEj
                0x00000000000085bc                _ZN7ostream13fill_not_leftEj
                0x00000000000085e2                _ZN7ostream6fmtNumEmPch
                0x000000000000867e                _ZN7ostream7putCharEc
                0x00000000000086ae                _ZN7ostream6putNumEmb
                0x0000000000008812                _ZN7ostream6putNumEl
                0x000000000000884c                _ZN7ostream6putPgmERK3pgm
                0x000000000000889e                _ZN7ostream9putDoubleEd
                0x0000000000008b12                _ZN7ostream7putBoolEb
                0x0000000000008b6e                _ZN7ostream6putStrEPKc
 .text          0x0000000000008bb6        0x0 ./inc/pins_arduino.o
 .text          0x0000000000008bb6     0x1af6 ./inc/ssd0323.o
                0x0000000000008bb6                _ZN7ssd032310senden_spiEh
                0x0000000000008bda                _ZN7ssd032312send_commandEh
                0x0000000000008be2                _ZN7ssd03239send_charEh
                0x0000000000008be6                _ZN7ssd032312clear_screenEv
                0x0000000000008c2c                _ZN7ssd032310set2pixelsEhhhh
                0x0000000000008c9a                _ZN7ssd03234lineEhhhhh
                0x0000000000009154                _ZN7ssd032314zeichen_big_1xEPhhiiiih
                0x00000000000093d0                _ZN7ssd032316zeichen_small_1xEPhhiiiih
                0x000000000000956a                _ZN7ssd032316zeichen_small_2xEPhhiiiih
                0x0000000000009764                _ZN7ssd032316zeichen_small_3xEPhhiiiih
                0x00000000000099ec                _ZN7ssd032316zeichen_small_4xEPhhiiiih
                0x0000000000009c34                _ZN7ssd03236stringEsPKchhhhh
                0x000000000000a23c                _ZN7ssd03236stringEsPKchh
                0x000000000000a258                _ZN7ssd03238string_PEsPKchhhhh
                0x000000000000a2f4                _ZN7ssd03238string_PEsPKchh
                0x000000000000a310                _ZN7ssd032311filled_rectEhhhhh
                0x000000000000a3e6                _ZN7ssd032313highlight_barEhhhh
                0x000000000000a4dc                _ZN7ssd03234initEhh
                0x000000000000a6aa                _ZN7ssd0323C1Ev
                0x000000000000a6aa                _ZN7ssd0323C2Ev
 .text          0x000000000000a6ac     0x1dee ./aktors.o
                0x000000000000a6ac                _ZN13Speedo_aktorsC2Ev
                0x000000000000a6ac                _ZN13Speedo_aktorsC1Ev
                0x000000000000a6d2                _ZN13Speedo_aktorsD2Ev
                0x000000000000a6d2                _ZN13Speedo_aktorsD1Ev
                0x000000000000a6d4                _ZN13Speedo_aktors10clear_varsEv
                0x000000000000a71a                _ZN13Speedo_aktors10check_varsEv
                0x000000000000a812                _ZN13Speedo_aktors10set_rgb_inEiiii
                0x000000000000a8d2                _ZN13Speedo_aktors10set_rgb_inEiii
                0x000000000000a8e2                _ZN13Speedo_aktors11set_rgb_outEiiii
                0x000000000000a990                _ZN13Speedo_aktors11set_rgb_outEiii
                0x000000000000a9a0                _ZN13Speedo_aktors11dimm_rgb_toEiiiii
                0x000000000000aa58                _ZN13Speedo_aktors14timer_overflowEv
                0x000000000000aefe                _ZN13Speedo_aktors14dimm_availableEv
                0x000000000000af20                __vector_35
                0x000000000000af76                _ZN13Speedo_aktors17update_outer_ledsEb
                0x000000000000bcb4                _ZN13Speedo_aktors4initEv
                0x000000000000bd76                _ZN13Speedo_aktors6ask_btEPc
                0x000000000000be74                _ZN13Speedo_aktors10set_bt_pinEv
 .text          0x000000000000c49a      0x198 ./blinker.o
                0x000000000000c49a                _ZN13moped_blinkerC1Ev
                0x000000000000c49a                _ZN13moped_blinkerC2Ev
                0x000000000000c49c                _ZN13moped_blinkerD2Ev
                0x000000000000c49c                _ZN13moped_blinkerD1Ev
                0x000000000000c49e                _ZN13moped_blinker9set_startEmi
                0x000000000000c4d4                _ZN13moped_blinker5checkEv
                0x000000000000c58c                _ZN13moped_blinker4warnEm
                0x000000000000c5d0                _ZN13moped_blinker4initEv
                0x000000000000c5e8                _ZN13moped_blinker10clear_varsEv
                0x000000000000c5fc                _ZN13moped_blinker10check_varsEv
 .text          0x000000000000c632      0x322 ./clock_me.o
                0x000000000000c632                _ZN12speedo_clockC2Ev
                0x000000000000c632                _ZN12speedo_clockC1Ev
                0x000000000000c634                _ZN12speedo_clockD1Ev
                0x000000000000c634                _ZN12speedo_clockD2Ev
                0x000000000000c636                _ZN12speedo_clock7changedEPi
                0x000000000000c65c                _ZN12speedo_clock8decToBcdEc
                0x000000000000c66c                _ZN12speedo_clock8bcdToDecEc
                0x000000000000c684                _ZN12speedo_clock13set_date_timeEiiiiiiii
                0x000000000000c78a                _ZN12speedo_clock4initEv
                0x000000000000c79a                _ZN12speedo_clock10clear_varsEv
                0x000000000000c7ba                _ZN12speedo_clock10check_varsEv
                0x000000000000c7be                _ZN12speedo_clock7getdateEv
                0x000000000000c7e2                _ZN12speedo_clock13get_long_dateEv
                0x000000000000c86e                _ZN12speedo_clock9get_daylsEv
                0x000000000000c876                _ZN12speedo_clock6get_ssEv
                0x000000000000c880                _ZN12speedo_clock3incEv
                0x000000000000c8cc                _ZN12speedo_clock4copyEPc
 .text          0x000000000000c954     0x4634 ./config.o
                0x000000000000c96a                _ZN13configurationC2Ev
                0x000000000000c96a                _ZN13configurationC1Ev
                0x000000000000c96c                _ZN13configurationD1Ev
                0x000000000000c96c                _ZN13configurationD2Ev
                0x000000000000c96e                _ZN13configuration14get_hw_versionEv
                0x000000000000c9c6                _ZN13configuration8ram_infoEv
                0x000000000000ca02                _ZN13configuration5writeEPKc
                0x000000000000eab6                _ZN13configuration10clear_varsEv
                0x000000000000ead4                _ZN13configuration11parse_floatEPciPf
                0x000000000000ed56                _ZN13configuration10parse_boolEPciPb
                0x000000000000ed92                _ZN13configuration9parse_intEPciPi
                0x000000000000ede8                _ZN13configuration11parse_shortEPciPs
                0x000000000000ee32                _ZN13configuration7parse_aEPciS0_i
                0x000000000000eea0                _ZN13configuration8parse_ulEPciPm
                0x000000000000ef4a                _ZN13configuration5parseEPc
                0x0000000000010814                _ZN13configuration4readEPKc
                0x0000000000010a98                _ZN13configuration9read_skinEv
                0x0000000000010b2c                _ZN13configuration7km_saveEv
                0x0000000000010d04                _ZN13configuration14day_trip_checkEv
                0x0000000000010e24                _ZN13configuration11EEPROM_initEv
 .text          0x0000000000010f88       0x6e ./debug.o
                0x0000000000010f88                _ZN9debuggingC1Ev
                0x0000000000010f88                _ZN9debuggingC2Ev
                0x0000000000010f8a                _ZN9debuggingD1Ev
                0x0000000000010f8a                _ZN9debuggingD2Ev
                0x0000000000010f8c                _ZN9debugging7sprintpEPKc
                0x0000000000010fb6                _ZN9debugging9sprintlnpEPKc
                0x0000000000010fe8                _ZN9debugging11parse_floatEiPciii
                0x0000000000010fea                _ZN9debugging9parse_intEv
                0x0000000000010fec                _ZN9debugging5parseEiPc
                0x0000000000010fee                _ZN9debugging7parse_aEiPc
                0x0000000000010ff0                _ZN9debugging8parse_ulEim
                0x0000000000010ff2                _ZN9debugging11speedo_loopEiimPKc
                0x0000000000010ff4                _ZN9debugging4loopEv
 .text          0x0000000000010ff6     0x1c30 ./display.o
                0x000000000001100c                _ZN11speedo_dispC1Ev
                0x000000000001100c                _ZN11speedo_dispC2Ev
                0x0000000000011010                _ZN11speedo_dispD2Ev
                0x0000000000011010                _ZN11speedo_dispD1Ev
                0x0000000000011012                _ZN11speedo_disp8draw_oilEhh
                0x00000000000112dc                _ZN11speedo_disp10draw_waterEhh
                0x00000000000115a6                _ZN11speedo_disp8draw_airEhh
                0x00000000000116b0                _ZN11speedo_disp9draw_fuelEhh
                0x00000000000117da                _ZN11speedo_disp10draw_clockEhh
                0x0000000000011904                _ZN11speedo_disp12draw_blitzerEhh
                0x0000000000011b7e                _ZN11speedo_disp10draw_arrowEiii
                0x000000000001215a                _ZN11speedo_disp6sd2ssdEPci
                0x0000000000012326                _ZN11speedo_disp11show_storryEPcjS0_j
                0x00000000000125c2                _ZN11speedo_disp14show_animationEPKc
                0x00000000000128e0                _ZN11speedo_disp12disp_waitingEihh
                0x0000000000012994                _ZN11speedo_disp9animationEi
                0x0000000000012a10                _ZN11speedo_disp11init_speedoEv
 .text          0x0000000000012c26      0x38e ./dz.o
                0x0000000000012c26                _Z6helperv
                0x0000000000012c40                _ZN9speedo_dzC2Ev
                0x0000000000012c40                _ZN9speedo_dzC1Ev
                0x0000000000012c42                _ZN9speedo_dz7counterEv
                0x0000000000012c52                _ZN9speedo_dz4calcEv
                0x0000000000012f22                _ZN9speedo_dz4initEv
                0x0000000000012f52                _ZN9speedo_dz10clear_varsEv
                0x0000000000012f80                _ZN9speedo_dz10check_varsEv
 .text          0x0000000000012fb4      0xc72 ./file_manager_v2.o
                0x0000000000012fca                _ZN21speedo_filemanager_v2C1Ev
                0x0000000000012fca                _ZN21speedo_filemanager_v2C2Ev
                0x0000000000012fe2                _ZN21speedo_filemanager_v2D1Ev
                0x0000000000012fe2                _ZN21speedo_filemanager_v2D2Ev
                0x0000000000012ffa                _ZN21speedo_filemanager_v215get_file_handleEPhS0_P6SdFileS2_h
                0x000000000001328a                _ZN21speedo_filemanager_v213parse_commandEv
 .text          0x0000000000013c26      0x280 ./fuel.o
                0x0000000000013c26                _ZN11speedo_fuelC1Ev
                0x0000000000013c26                _ZN11speedo_fuelC2Ev
                0x0000000000013c28                _ZN11speedo_fuelD2Ev
                0x0000000000013c28                _ZN11speedo_fuelD1Ev
                0x0000000000013c2a                _ZN11speedo_fuel8get_fuelEPc
                0x0000000000013e56                _ZN11speedo_fuel4initEv
                0x0000000000013e58                _ZN11speedo_fuel10clear_varsEv
                0x0000000000013e6c                _ZN11speedo_fuel10check_varsEv
 .text          0x0000000000013ea6      0x7aa ./gear.o
                0x0000000000013ea6                _ZN11speedo_gearC2Ev
                0x0000000000013ea6                _ZN11speedo_gearC1Ev
                0x0000000000013ea8                _ZN11speedo_gearD1Ev
                0x0000000000013ea8                _ZN11speedo_gearD2Ev
                0x0000000000013eaa                _ZN11speedo_gear4initEv
                0x0000000000013ed2                _ZN11speedo_gear10check_varsEv
                0x0000000000013f50                _ZN11speedo_gear10clear_varsEv
                0x0000000000013f7a                _ZN11speedo_gear4calcEv
                0x00000000000141e8                _ZN11speedo_gear3getEv
                0x0000000000014200                _ZN11speedo_gear9calibrateEv
 .text          0x0000000000014650     0x229c ./gps.o
                0x0000000000014666                _ZN10speedo_gpsC1Ev
                0x0000000000014666                _ZN10speedo_gpsC2Ev
                0x0000000000014668                _ZN10speedo_gpsD1Ev
                0x0000000000014668                _ZN10speedo_gpsD2Ev
                0x000000000001466a                _ZN10speedo_gps10clear_varsEv
                0x0000000000014750                _ZN10speedo_gps10check_varsEv
                0x0000000000014754                _ZN10speedo_gps9recv_dataEv
                0x00000000000148a8                __vector_36
                0x0000000000014902                _ZN10speedo_gps8get_infoEh
                0x0000000000014a1e                _ZN10speedo_gps11store_to_sdEv
                0x0000000000014aec                _ZN10speedo_gps3modEmm
                0x0000000000014b72                _ZN10speedo_gps11nmea_to_decEm
                0x0000000000014c2e                _ZN10speedo_gps9calc_distEmm
                0x0000000000014eb6                _ZN10speedo_gps9get_orderEPc
                0x0000000000015136                _ZN10speedo_gps18generate_new_orderEv
                0x000000000001552e                _ZN10speedo_gps9calc_naviEv
                0x00000000000159b6                _ZN10speedo_gps5parseEPci
                0x00000000000161cc                _ZN10speedo_gps10check_flagEv
                0x000000000001626e                _ZN10speedo_gps4loopEv
                0x0000000000016554                _ZN10speedo_gps17get_logged_pointsEPci
                0x0000000000016882                _ZN10speedo_gps8SendByteEh
                0x0000000000016890                _ZN10speedo_gps10SendStringEPKc
                0x00000000000168c0                _ZN10speedo_gps4initEv
 .text          0x00000000000168ec       0x38 ./helper.o
                0x00000000000168ec                __cxa_pure_virtual
                0x00000000000168f0                _Znwj
                0x00000000000168f4                _ZdlPv
                0x00000000000168f8                _Znaj
                0x00000000000168fc                _ZdaPv
                0x0000000000016906                _Z19__cxa_guard_acquirePx
                0x000000000001691a                _Z19__cxa_guard_releasePx
                0x0000000000016922                _Z17__cxa_guard_abortPx
 .text          0x0000000000016924      0x43a ./main.o
                0x0000000000016924                main
 .text          0x0000000000016d5e     0x9994 ./menu.o
                0x0000000000016d74                _ZN11speedo_menuC2Ev
                0x0000000000016d74                _ZN11speedo_menuC1Ev
                0x0000000000016d76                _ZN11speedo_menuD2Ev
                0x0000000000016d76                _ZN11speedo_menuD1Ev
                0x0000000000016d78                _ZN11speedo_menu4backEv
                0x0000000000016e78                _ZN11speedo_menu5yesnoEPKcS1_S1_
                0x0000000000016fbe                _ZN11speedo_menu4drawEPPKci
                0x000000000001729a                _ZN11speedo_menu7go_leftEb
                0x000000000001736a                _ZN11speedo_menu8go_rightEb
                0x00000000000173e0                _ZN11speedo_menu5go_upEb
                0x00000000000174f2                _ZN11speedo_menu7go_downEb
                0x00000000000175ee                _ZN11speedo_menu4initEv
                0x0000000000017660                _ZN11speedo_menu11set_buttonsEbbbb
                0x0000000000017670                _ZN11speedo_menu9center_meEPci
                0x00000000000177b6                _ZN11speedo_menu17color_select_menuEmP10led_simpleS1_PiS2_b
                0x0000000000018312                _ZN11speedo_menu7displayEv
                0x000000000002035a                _ZN11speedo_menu11button_testEbb
                0x00000000000205f6                __vector_10
                0x0000000000020650                _ZN11speedo_menu8del_confEPcS0_
 .text          0x00000000000206f2      0x108 ./oiler.o
                0x00000000000206f2                _ZN12speedo_oilerC2Ev
                0x00000000000206f2                _ZN12speedo_oilerC1Ev
                0x00000000000206f4                _ZN12speedo_oilerD2Ev
                0x00000000000206f4                _ZN12speedo_oilerD1Ev
                0x00000000000206f6                _ZN12speedo_oiler4initEv
                0x0000000000020716                _ZN12speedo_oiler10check_varsEv
                0x0000000000020740                _ZN12speedo_oiler10clear_varsEv
                0x0000000000020748                _ZN12speedo_oiler12send_impulseEv
                0x000000000002079e                _ZN12speedo_oiler11check_valueEv
 .text          0x00000000000207fa      0x2a8 ./reset.o
                0x00000000000207fa                _ZN12speedo_resetC1Ev
                0x00000000000207fa                _ZN12speedo_resetC2Ev
                0x00000000000207fc                _ZN12speedo_resetD2Ev
                0x00000000000207fc                _ZN12speedo_resetD1Ev
                0x00000000000207fe                _ZN12speedo_reset10check_varsEv
                0x0000000000020802                _ZN12speedo_reset10set_activeEbb
                0x0000000000020850                _ZN12speedo_reset12set_deactiveEbb
                0x000000000002089c                _ZN12speedo_reset4initEv
                0x0000000000020902                _ZN12speedo_reset7restoreEv
                0x0000000000020916                _ZN12speedo_reset6toggleEv
                0x0000000000020974                _ZN12speedo_reset9ask_resetEv
                0x0000000000020a7a                _ZN12speedo_reset10clear_varsEv
 .text          0x0000000000020aa2      0x17e ./sd.o
                0x0000000000020ad0                _ZN9speedo_sdC1Ev
                0x0000000000020ad0                _ZN9speedo_sdC2Ev
                0x0000000000020aec                _ZN9speedo_sdD1Ev
                0x0000000000020aec                _ZN9speedo_sdD2Ev
                0x0000000000020aee                _ZN9speedo_sd7error_PEPKc
                0x0000000000020b44                _ZN9speedo_sd9writeCRLFER6SdFile
                0x0000000000020b52                _ZN9speedo_sd11writeStringER6SdFilePc
                0x0000000000020b70                _ZN9speedo_sd10power_downEv
                0x0000000000020b72                _ZN9speedo_sd8power_upEv
                0x0000000000020c02                _ZN9speedo_sd4initEv
 .text          0x0000000000020c20      0x9de ./sensors.o
                0x0000000000020c20                _ZN14Speedo_sensorsC1Ev
                0x0000000000020c20                _ZN14Speedo_sensorsC2Ev
                0x0000000000020cf4                _ZN14Speedo_sensorsD2Ev
                0x0000000000020cf4                _ZN14Speedo_sensorsD1Ev
                0x0000000000020cf6                _ZN14Speedo_sensors10clear_varsEv
                0x0000000000020d54                _ZN14Speedo_sensors10check_varsEv
                0x0000000000020e60                _ZN14Speedo_sensors11single_readEv
                0x0000000000020f6a                _ZN14Speedo_sensors4initEv
                0x0000000000020fd8                _ZN14Speedo_sensors6flatItEiPhcf
                0x00000000000210b4                _ZN14Speedo_sensors4loopEv
 .text          0x00000000000215fe      0x8ba ./speed.o
                0x00000000000215fe                _ZN12speedo_speedC2Ev
                0x00000000000215fe                _ZN12speedo_speedC1Ev
                0x0000000000021600                _ZN12speedo_speedD2Ev
                0x0000000000021600                _ZN12speedo_speedD1Ev
                0x0000000000021602                _ZN12speedo_speed4calcEv
                0x00000000000217b8                _Z12helper_speedv
                0x00000000000217c6                _ZN12speedo_speed4initEv
                0x00000000000217e8                _ZN12speedo_speed10clear_varsEv
                0x0000000000021854                _ZN12speedo_speed10check_varsEv
                0x00000000000218d0                _ZN12speedo_speed8getSpeedEv
                0x000000000002195c                _ZN12speedo_speed13get_sat_speedEv
                0x0000000000021994                _ZN12speedo_speed13get_mag_speedEv
                0x000000000002199c                _ZN12speedo_speed12check_umfangEv
 .text          0x0000000000021eb8     0x1f92 ./speedo.o
                0x0000000000021eb8                _ZN13speedo_speedo9reset_bakEv
                0x0000000000021ece                _ZN13speedo_speedo4loopEm
                0x0000000000023c12                _ZN13speedo_speedo10clear_varsEv
                0x0000000000023c48                _ZN13speedo_speedo10check_varsEv
 .text          0x0000000000023e4a      0x536 ./sprint.o
                0x0000000000023e4a                _ZN13speedo_sprintC2Ev
                0x0000000000023e4a                _ZN13speedo_sprintC1Ev
                0x0000000000023e68                _ZN13speedo_sprintD2Ev
                0x0000000000023e68                _ZN13speedo_sprintD1Ev
                0x0000000000023e6a                _ZN13speedo_sprint4initEv
                0x0000000000023e88                _ZN13speedo_sprint4loopEv
 .text          0x0000000000024380      0x204 ./stepper.o
                0x0000000000024380                _ZN14speedo_stepperC2Ev
                0x0000000000024380                _ZN14speedo_stepperC1Ev
                0x0000000000024382                _ZN14speedo_stepperD2Ev
                0x0000000000024382                _ZN14speedo_stepperD1Ev
                0x0000000000024384                _ZN14speedo_stepper13overwrite_posEi
                0x00000000000243c2                _ZN14speedo_stepper5go_toEiii
                0x000000000002443c                _ZN14speedo_stepper5go_toEi
                0x0000000000024476                _ZN14speedo_stepper4initEv
                0x00000000000244ba                _ZN14speedo_stepper7get_posEv
 .text          0x0000000000024584      0x8fe ./temperature.o
                0x0000000000024584                _ZN18speedo_temperatureC1Ev
                0x0000000000024584                _ZN18speedo_temperatureC2Ev
                0x0000000000024586                _ZN18speedo_temperatureD1Ev
                0x0000000000024586                _ZN18speedo_temperatureD2Ev
                0x0000000000024588                _ZN18speedo_temperature10clear_varsEv
                0x0000000000024614                _ZN18speedo_temperature10check_varsEv
                0x00000000000247a2                _ZN18speedo_temperature4initEv
                0x00000000000247cc                _ZN18speedo_temperature13read_oil_tempEv
                0x000000000002497a                _ZN18speedo_temperature15read_water_tempEv
                0x0000000000024ba6                _ZN18speedo_temperature13read_air_tempEv
                0x0000000000024c88                _ZN18speedo_temperature12get_air_tempEv
                0x0000000000024ca2                _ZN18speedo_temperature12get_oil_tempEv
                0x0000000000024d92                _ZN18speedo_temperature14get_water_tempEv
 .text          0x0000000000024e82     0x1536 ./tetris.o
                0x0000000000024e82                _ZN6tetrisC1Ev
                0x0000000000024e82                _ZN6tetrisC2Ev
                0x0000000000024e84                _ZN6tetrisD2Ev
                0x0000000000024e84                _ZN6tetrisD1Ev
                0x0000000000024e86                _ZN6tetris22copy_element_to_bufferEi
                0x0000000000024f36                _ZN6tetris11new_elementEv
                0x000000000002502e                _ZN6tetris4initEv
                0x0000000000025076                _ZN6tetris13initDrawFieldEv
                0x00000000000253a6                _ZN6tetris11updateFieldEv
                0x00000000000254d8                _ZN6tetris11check_stackEv
                0x0000000000025936                _ZN6tetris4loopEv
                0x00000000000262d6                _ZN6tetris3runEv
                0x000000000002630a                _ZN6tetris19show_grid_on_serialEv
 .text          0x00000000000263b8      0x28a ./timer.o
                0x00000000000263b8                _ZN12speedo_timerC2Ev
                0x00000000000263b8                _ZN12speedo_timerC1Ev
                0x00000000000263ea                _ZN12speedo_timerD2Ev
                0x00000000000263ea                _ZN12speedo_timerD1Ev
                0x00000000000263ec                _Z8ram_infov
                0x0000000000026418                _ZN12speedo_timer9every_secEP13configuration
                0x00000000000264da                _ZN12speedo_timer10every_qsecEv
                0x000000000002652a                _ZN12speedo_timer12every_customEv
 .text          0x0000000000026642      0x174 ./voltage.o
                0x0000000000026642                _ZN14speedo_voltageC2Ev
                0x0000000000026642                _ZN14speedo_voltageC1Ev
                0x0000000000026644                _ZN14speedo_voltageD2Ev
                0x0000000000026644                _ZN14speedo_voltageD1Ev
                0x0000000000026646                _ZN14speedo_voltage4calcEv
                0x0000000000026746                _ZN14speedo_voltage3getEv
                0x000000000002675a                _ZN14speedo_voltage10check_varsEv
                0x000000000002675e                _ZN14speedo_voltage10clear_varsEv
                0x0000000000026768                _ZN14speedo_voltage4initEv
 .text          0x00000000000267b6        0x0 /home/jkw/Store/17 - Speedmaster/Firmware/inc/libArduinoCore2560.a(WInterrupts.c.o)
 .text          0x00000000000267b6        0x0 /home/jkw/Store/17 - Speedmaster/Firmware/inc/libArduinoCore2560.a(wiring.c.o)
 .text          0x00000000000267b6        0x0 /home/jkw/Store/17 - Speedmaster/Firmware/inc/libArduinoCore2560.a(wiring_analog.c.o)
 .text          0x00000000000267b6        0x0 /home/jkw/Store/17 - Speedmaster/Firmware/inc/libArduinoCore2560.a(wiring_digital.c.o)
 .text          0x00000000000267b6        0x0 /home/jkw/Store/17 - Speedmaster/Firmware/inc/libArduinoCore2560.a(HardwareSerial.cpp.o)
 .text          0x00000000000267b6        0x0 /home/jkw/Store/17 - Speedmaster/Firmware/inc/libArduinoCore2560.a(Print.cpp.o)
 .text          0x00000000000267b6        0x0 /home/jkw/Store/17 - Speedmaster/Firmware/inc/libArduinoCore2560.a(WString.cpp.o)
 .text          0x00000000000267b6        0x0 /usr/lib/gcc/avr/4.5.3/../../../avr/lib/avr6/libc.a(malloc.o)
 .text          0x00000000000267b6        0x0 /usr/lib/gcc/avr/4.5.3/../../../avr/lib/avr6/libc.a(exit.o)
 .text          0x00000000000267b6        0x0 /usr/lib/gcc/avr/4.5.3/../../../avr/lib/avr6/libc.a(isalpha.o)
 .text          0x00000000000267b6        0x0 /usr/lib/gcc/avr/4.5.3/../../../avr/lib/avr6/libc.a(isspace.o)
 .text          0x00000000000267b6        0x0 /usr/lib/gcc/avr/4.5.3/../../../avr/lib/avr6/libc.a(tolower.o)
 .text          0x00000000000267b6        0x0 /usr/lib/gcc/avr/4.5.3/../../../avr/lib/avr6/libc.a(toupper.o)
 .text          0x00000000000267b6        0x0 /usr/lib/gcc/avr/4.5.3/../../../avr/lib/avr6/libc.a(strcmp_P.o)
 .text          0x00000000000267b6        0x0 /usr/lib/gcc/avr/4.5.3/../../../avr/lib/avr6/libc.a(strcpy_P.o)
 .text          0x00000000000267b6        0x0 /usr/lib/gcc/avr/4.5.3/../../../avr/lib/avr6/libc.a(strlen_P.o)
 .text          0x00000000000267b6        0x0 /usr/lib/gcc/avr/4.5.3/../../../avr/lib/avr6/libc.a(memcmp.o)
 .text          0x00000000000267b6        0x0 /usr/lib/gcc/avr/4.5.3/../../../avr/lib/avr6/libc.a(memcpy.o)
 .text          0x00000000000267b6        0x0 /usr/lib/gcc/avr/4.5.3/../../../avr/lib/avr6/libc.a(memset.o)
 .text          0x00000000000267b6        0x0 /usr/lib/gcc/avr/4.5.3/../../../avr/lib/avr6/libc.a(strcat.o)
 .text          0x00000000000267b6        0x0 /usr/lib/gcc/avr/4.5.3/../../../avr/lib/avr6/libc.a(strchr.o)
 .text          0x00000000000267b6        0x0 /usr/lib/gcc/avr/4.5.3/../../../avr/lib/avr6/libc.a(strcmp.o)
 .text          0x00000000000267b6        0x0 /usr/lib/gcc/avr/4.5.3/../../../avr/lib/avr6/libc.a(strcpy.o)
 .text          0x00000000000267b6        0x0 /usr/lib/gcc/avr/4.5.3/../../../avr/lib/avr6/libc.a(strncmp.o)
 .text          0x00000000000267b6        0x0 /usr/lib/gcc/avr/4.5.3/../../../avr/lib/avr6/libc.a(strncpy.o)
 .text          0x00000000000267b6        0x0 /usr/lib/gcc/avr/4.5.3/../../../avr/lib/avr6/libc.a(strrchr.o)
 .text          0x00000000000267b6        0x0 /usr/lib/gcc/avr/4.5.3/../../../avr/lib/avr6/libc.a(strstr.o)
 .text          0x00000000000267b6        0x0 /usr/lib/gcc/avr/4.5.3/../../../avr/lib/avr6/libc.a(itoa.o)
 .text          0x00000000000267b6        0x0 /usr/lib/gcc/avr/4.5.3/../../../avr/lib/avr6/libc.a(ltoa.o)
 .text          0x00000000000267b6        0x0 /usr/lib/gcc/avr/4.5.3/../../../avr/lib/avr6/libc.a(ultoa.o)
 .text          0x00000000000267b6        0x0 /usr/lib/gcc/avr/4.5.3/../../../avr/lib/avr6/libc.a(sprintf.o)
 .text          0x00000000000267b6        0x0 /usr/lib/gcc/avr/4.5.3/../../../avr/lib/avr6/libc.a(addsf3.o)
 .text          0x00000000000267b6        0x0 /usr/lib/gcc/avr/4.5.3/../../../avr/lib/avr6/libc.a(addsf3x.o)
 .text          0x00000000000267b6        0x0 /usr/lib/gcc/avr/4.5.3/../../../avr/lib/avr6/libc.a(asin.o)
 .text          0x00000000000267b6        0x0 /usr/lib/gcc/avr/4.5.3/../../../avr/lib/avr6/libc.a(cmpsf2.o)
 .text          0x00000000000267b6        0x0 /usr/lib/gcc/avr/4.5.3/../../../avr/lib/avr6/libc.a(cos.o)
 .text          0x00000000000267b6        0x0 /usr/lib/gcc/avr/4.5.3/../../../avr/lib/avr6/libc.a(divsf3.o)
 .text          0x00000000000267b6        0x0 /usr/lib/gcc/avr/4.5.3/../../../avr/lib/avr6/libc.a(divsf3x.o)
 .text          0x00000000000267b6        0x0 /usr/lib/gcc/avr/4.5.3/../../../avr/lib/avr6/libc.a(fixsfsi.o)
 .text          0x00000000000267b6        0x0 /usr/lib/gcc/avr/4.5.3/../../../avr/lib/avr6/libc.a(fixunssfsi.o)
 .text          0x00000000000267b6        0x0 /usr/lib/gcc/avr/4.5.3/../../../avr/lib/avr6/libc.a(floatsisf.o)
 .text          0x00000000000267b6        0x0 /usr/lib/gcc/avr/4.5.3/../../../avr/lib/avr6/libc.a(floor.o)
 .text          0x00000000000267b6        0x0 /usr/lib/gcc/avr/4.5.3/../../../avr/lib/avr6/libc.a(fp_arccos.o)
 .text          0x00000000000267b6        0x0 /usr/lib/gcc/avr/4.5.3/../../../avr/lib/avr6/libc.a(fp_cmp.o)
 .text          0x00000000000267b6        0x0 /usr/lib/gcc/avr/4.5.3/../../../avr/lib/avr6/libc.a(fp_inf.o)
 .text          0x00000000000267b6        0x0 /usr/lib/gcc/avr/4.5.3/../../../avr/lib/avr6/libc.a(fp_mintl.o)
 .text          0x00000000000267b6        0x0 /usr/lib/gcc/avr/4.5.3/../../../avr/lib/avr6/libc.a(fp_mpack.o)
 .text          0x00000000000267b6        0x0 /usr/lib/gcc/avr/4.5.3/../../../avr/lib/avr6/libc.a(fp_nan.o)
 .text          0x00000000000267b6        0x0 /usr/lib/gcc/avr/4.5.3/../../../avr/lib/avr6/libc.a(fp_powser.o)
 .text          0x00000000000267b6        0x0 /usr/lib/gcc/avr/4.5.3/../../../avr/lib/avr6/libc.a(fp_powsodd.o)
 .text          0x00000000000267b6        0x0 /usr/lib/gcc/avr/4.5.3/../../../avr/lib/avr6/libc.a(fp_pscA.o)
 .text          0x00000000000267b6        0x0 /usr/lib/gcc/avr/4.5.3/../../../avr/lib/avr6/libc.a(fp_pscB.o)
 .text          0x00000000000267b6        0x0 /usr/lib/gcc/avr/4.5.3/../../../avr/lib/avr6/libc.a(fp_rempio2.o)
 .text          0x00000000000267b6        0x0 /usr/lib/gcc/avr/4.5.3/../../../avr/lib/avr6/libc.a(fp_round.o)
 .text          0x00000000000267b6        0x0 /usr/lib/gcc/avr/4.5.3/../../../avr/lib/avr6/libc.a(fp_sinus.o)
 .text          0x00000000000267b6        0x0 /usr/lib/gcc/avr/4.5.3/../../../avr/lib/avr6/libc.a(fp_split3.o)
 .text          0x00000000000267b6        0x0 /usr/lib/gcc/avr/4.5.3/../../../avr/lib/avr6/libc.a(fp_trunc.o)
 .text          0x00000000000267b6        0x0 /usr/lib/gcc/avr/4.5.3/../../../avr/lib/avr6/libc.a(fp_zero.o)
 .text          0x00000000000267b6        0x0 /usr/lib/gcc/avr/4.5.3/../../../avr/lib/avr6/libc.a(gesf2.o)
 .text          0x00000000000267b6        0x0 /usr/lib/gcc/avr/4.5.3/../../../avr/lib/avr6/libc.a(mulsf3.o)
 .text          0x00000000000267b6        0x0 /usr/lib/gcc/avr/4.5.3/../../../avr/lib/avr6/libc.a(mulsf3x.o)
 .text          0x00000000000267b6        0x0 /usr/lib/gcc/avr/4.5.3/../../../avr/lib/avr6/libc.a(pow.o)
 .text          0x00000000000267b6        0x0 /usr/lib/gcc/avr/4.5.3/../../../avr/lib/avr6/libc.a(sin.o)
 .text          0x00000000000267b6        0x0 /usr/lib/gcc/avr/4.5.3/../../../avr/lib/avr6/libc.a(sqrt.o)
 .text          0x00000000000267b6        0x0 /usr/lib/gcc/avr/4.5.3/../../../avr/lib/avr6/libc.a(vfprintf_std.o)
 .text          0x00000000000267b6        0x0 /usr/lib/gcc/avr/4.5.3/../../../avr/lib/avr6/libc.a(eerd_byte_atmega2560.o)
 .text          0x00000000000267b6        0x0 /usr/lib/gcc/avr/4.5.3/../../../avr/lib/avr6/libc.a(eewr_byte_atmega2560.o)
 .text          0x00000000000267b6        0x0 /usr/lib/gcc/avr/4.5.3/../../../avr/lib/avr6/libc.a(cty_isfalse.o)
 .text          0x00000000000267b6        0x0 /usr/lib/gcc/avr/4.5.3/../../../avr/lib/avr6/libc.a(strnlen_P.o)
 .text          0x00000000000267b6        0x0 /usr/lib/gcc/avr/4.5.3/../../../avr/lib/avr6/libc.a(strnlen.o)
 .text          0x00000000000267b6        0x0 /usr/lib/gcc/avr/4.5.3/../../../avr/lib/avr6/libc.a(strrev.o)
 .text          0x00000000000267b6        0x0 /usr/lib/gcc/avr/4.5.3/../../../avr/lib/avr6/libc.a(fputc.o)
 .text          0x00000000000267b6        0x0 /usr/lib/gcc/avr/4.5.3/../../../avr/lib/avr6/libc.a(ultoa_invert.o)
 .text          0x00000000000267b6        0x0 /usr/lib/gcc/avr/4.5.3/../../../avr/lib/avr6/libc.a(exp.o)
 .text          0x00000000000267b6        0x0 /usr/lib/gcc/avr/4.5.3/../../../avr/lib/avr6/libc.a(fp_norm2.o)
 .text          0x00000000000267b6        0x0 /usr/lib/gcc/avr/4.5.3/../../../avr/lib/avr6/libc.a(inverse.o)
 .text          0x00000000000267b6        0x0 /usr/lib/gcc/avr/4.5.3/../../../avr/lib/avr6/libc.a(ldexp.o)
 .text          0x00000000000267b6        0x0 /usr/lib/gcc/avr/4.5.3/../../../avr/lib/avr6/libc.a(log.o)
 .text          0x00000000000267b6        0x0 /usr/lib/gcc/avr/4.5.3/../../../avr/lib/avr6/libc.a(modf.o)
 .text          0x00000000000267b6        0x0 /usr/lib/gcc/avr/4.5.3/avr6/libgcc.a(_mulsi3.o)
 .text          0x00000000000267b6        0x0 /usr/lib/gcc/avr/4.5.3/avr6/libgcc.a(_udivmodqi4.o)
 .text          0x00000000000267b6        0x0 /usr/lib/gcc/avr/4.5.3/avr6/libgcc.a(_udivmodhi4.o)
 .text          0x00000000000267b6        0x0 /usr/lib/gcc/avr/4.5.3/avr6/libgcc.a(_divmodhi4.o)
 .text          0x00000000000267b6        0x0 /usr/lib/gcc/avr/4.5.3/avr6/libgcc.a(_udivmodsi4.o)
 .text          0x00000000000267b6        0x0 /usr/lib/gcc/avr/4.5.3/avr6/libgcc.a(_divmodsi4.o)
 .text          0x00000000000267b6        0x0 /usr/lib/gcc/avr/4.5.3/avr6/libgcc.a(_exit.o)
 .text          0x00000000000267b6        0x0 /usr/lib/gcc/avr/4.5.3/avr6/libgcc.a(_copy_data.o)
 .text          0x00000000000267b6        0x0 /usr/lib/gcc/avr/4.5.3/avr6/libgcc.a(_clear_bss.o)
 .text          0x00000000000267b6        0x0 /usr/lib/gcc/avr/4.5.3/avr6/libgcc.a(_ctors.o)
 .text          0x00000000000267b6        0x0 /usr/lib/gcc/avr/4.5.3/avr6/libgcc.a(_tablejump_elpm.o)
                0x00000000000267b6                . = ALIGN (0x2)
 *(.text.*)
 .text.attachInterrupt
                0x00000000000267b6       0xf8 /home/jkw/Store/17 - Speedmaster/Firmware/inc/libArduinoCore2560.a(WInterrupts.c.o)
                0x00000000000267b6                attachInterrupt
 .text.detachInterrupt
                0x00000000000268ae       0x58 /home/jkw/Store/17 - Speedmaster/Firmware/inc/libArduinoCore2560.a(WInterrupts.c.o)
                0x00000000000268ae                detachInterrupt
 .text.__vector_1
                0x0000000000026906       0x62 /home/jkw/Store/17 - Speedmaster/Firmware/inc/libArduinoCore2560.a(WInterrupts.c.o)
                0x0000000000026906                __vector_1
 .text.__vector_2
                0x0000000000026968       0x62 /home/jkw/Store/17 - Speedmaster/Firmware/inc/libArduinoCore2560.a(WInterrupts.c.o)
                0x0000000000026968                __vector_2
 .text.__vector_3
                0x00000000000269ca       0x62 /home/jkw/Store/17 - Speedmaster/Firmware/inc/libArduinoCore2560.a(WInterrupts.c.o)
                0x00000000000269ca                __vector_3
 .text.__vector_4
                0x0000000000026a2c       0x62 /home/jkw/Store/17 - Speedmaster/Firmware/inc/libArduinoCore2560.a(WInterrupts.c.o)
                0x0000000000026a2c                __vector_4
 .text.__vector_5
                0x0000000000026a8e       0x62 /home/jkw/Store/17 - Speedmaster/Firmware/inc/libArduinoCore2560.a(WInterrupts.c.o)
                0x0000000000026a8e                __vector_5
 .text.__vector_6
                0x0000000000026af0       0x62 /home/jkw/Store/17 - Speedmaster/Firmware/inc/libArduinoCore2560.a(WInterrupts.c.o)
                0x0000000000026af0                __vector_6
 .text.__vector_7
                0x0000000000026b52       0x62 /home/jkw/Store/17 - Speedmaster/Firmware/inc/libArduinoCore2560.a(WInterrupts.c.o)
                0x0000000000026b52                __vector_7
 .text.__vector_8
                0x0000000000026bb4       0x62 /home/jkw/Store/17 - Speedmaster/Firmware/inc/libArduinoCore2560.a(WInterrupts.c.o)
                0x0000000000026bb4                __vector_8
 .text.__vector_23
                0x0000000000026c16       0x90 /home/jkw/Store/17 - Speedmaster/Firmware/inc/libArduinoCore2560.a(wiring.c.o)
                0x0000000000026c16                __vector_23
 .text.millis   0x0000000000026ca6       0x1c /home/jkw/Store/17 - Speedmaster/Firmware/inc/libArduinoCore2560.a(wiring.c.o)
                0x0000000000026ca6                millis
 .text.micros   0x0000000000026cc2       0x4c /home/jkw/Store/17 - Speedmaster/Firmware/inc/libArduinoCore2560.a(wiring.c.o)
                0x0000000000026cc2                micros
 .text.delay    0x0000000000026d0e       0x48 /home/jkw/Store/17 - Speedmaster/Firmware/inc/libArduinoCore2560.a(wiring.c.o)
                0x0000000000026d0e                delay
 .text.delayMicroseconds
                0x0000000000026d56       0x14 /home/jkw/Store/17 - Speedmaster/Firmware/inc/libArduinoCore2560.a(wiring.c.o)
                0x0000000000026d56                delayMicroseconds
 .text.init     0x0000000000026d6a       0xc4 /home/jkw/Store/17 - Speedmaster/Firmware/inc/libArduinoCore2560.a(wiring.c.o)
                0x0000000000026d6a                init
 .text.analogReference
                0x0000000000026e2e        0x6 /home/jkw/Store/17 - Speedmaster/Firmware/inc/libArduinoCore2560.a(wiring_analog.c.o)
                0x0000000000026e2e                analogReference
 .text.analogRead
                0x0000000000026e34       0x68 /home/jkw/Store/17 - Speedmaster/Firmware/inc/libArduinoCore2560.a(wiring_analog.c.o)
                0x0000000000026e34                analogRead
 .text.analogWrite
                0x0000000000026e9c      0x174 /home/jkw/Store/17 - Speedmaster/Firmware/inc/libArduinoCore2560.a(wiring_analog.c.o)
                0x0000000000026e9c                analogWrite
 .text.pinMode  0x0000000000027010       0x4c /home/jkw/Store/17 - Speedmaster/Firmware/inc/libArduinoCore2560.a(wiring_digital.c.o)
                0x0000000000027010                pinMode
 .text.digitalWrite
                0x000000000002705c      0x122 /home/jkw/Store/17 - Speedmaster/Firmware/inc/libArduinoCore2560.a(wiring_digital.c.o)
                0x000000000002705c                digitalWrite
 .text.digitalRead
                0x000000000002717e      0x118 /home/jkw/Store/17 - Speedmaster/Firmware/inc/libArduinoCore2560.a(wiring_digital.c.o)
                0x000000000002717e                digitalRead
 .text._Z10store_charhP11ring_buffer
                0x0000000000027296       0x4e /home/jkw/Store/17 - Speedmaster/Firmware/inc/libArduinoCore2560.a(HardwareSerial.cpp.o)
                0x0000000000027296                _Z10store_charhP11ring_buffer
 .text.__vector_25
                0x00000000000272e4       0x56 /home/jkw/Store/17 - Speedmaster/Firmware/inc/libArduinoCore2560.a(HardwareSerial.cpp.o)
                0x00000000000272e4                __vector_25
 .text.__vector_51
                0x000000000002733a       0x56 /home/jkw/Store/17 - Speedmaster/Firmware/inc/libArduinoCore2560.a(HardwareSerial.cpp.o)
                0x000000000002733a                __vector_51
 .text.__vector_54
                0x0000000000027390       0x56 /home/jkw/Store/17 - Speedmaster/Firmware/inc/libArduinoCore2560.a(HardwareSerial.cpp.o)
                0x0000000000027390                __vector_54
 .text._ZN14HardwareSerialC2EP11ring_bufferPVhS3_S3_S3_S3_hhhhh
                0x00000000000273e6       0x60 /home/jkw/Store/17 - Speedmaster/Firmware/inc/libArduinoCore2560.a(HardwareSerial.cpp.o)
                0x00000000000273e6                _ZN14HardwareSerialC2EP11ring_bufferPVhS3_S3_S3_S3_hhhhh
 .text._ZN14HardwareSerialC1EP11ring_bufferPVhS3_S3_S3_S3_hhhhh
                0x0000000000027446       0x60 /home/jkw/Store/17 - Speedmaster/Firmware/inc/libArduinoCore2560.a(HardwareSerial.cpp.o)
                0x0000000000027446                _ZN14HardwareSerialC1EP11ring_bufferPVhS3_S3_S3_S3_hhhhh
 .text._ZN14HardwareSerial5beginEl
                0x00000000000274a6      0x1f2 /home/jkw/Store/17 - Speedmaster/Firmware/inc/libArduinoCore2560.a(HardwareSerial.cpp.o)
                0x00000000000274a6                _ZN14HardwareSerial5beginEl
 .text._ZN14HardwareSerial3endEv
                0x0000000000027698       0x54 /home/jkw/Store/17 - Speedmaster/Firmware/inc/libArduinoCore2560.a(HardwareSerial.cpp.o)
                0x0000000000027698                _ZN14HardwareSerial3endEv
 .text._ZN14HardwareSerial9availableEv
                0x00000000000276ec       0x26 /home/jkw/Store/17 - Speedmaster/Firmware/inc/libArduinoCore2560.a(HardwareSerial.cpp.o)
                0x00000000000276ec                _ZN14HardwareSerial9availableEv
 .text._ZN14HardwareSerial4peekEv
                0x0000000000027712       0x34 /home/jkw/Store/17 - Speedmaster/Firmware/inc/libArduinoCore2560.a(HardwareSerial.cpp.o)
                0x0000000000027712                _ZN14HardwareSerial4peekEv
 .text._ZN14HardwareSerial4readEv
                0x0000000000027746       0x50 /home/jkw/Store/17 - Speedmaster/Firmware/inc/libArduinoCore2560.a(HardwareSerial.cpp.o)
                0x0000000000027746                _ZN14HardwareSerial4readEv
 .text._ZN14HardwareSerial5flushEv
                0x0000000000027796       0x18 /home/jkw/Store/17 - Speedmaster/Firmware/inc/libArduinoCore2560.a(HardwareSerial.cpp.o)
                0x0000000000027796                _ZN14HardwareSerial5flushEv
 .text._ZN14HardwareSerial5writeEh
                0x00000000000277ae       0x26 /home/jkw/Store/17 - Speedmaster/Firmware/inc/libArduinoCore2560.a(HardwareSerial.cpp.o)
                0x00000000000277ae                _ZN14HardwareSerial5writeEh
 .text._GLOBAL__I_rx_buffer
                0x00000000000277d4      0x13c /home/jkw/Store/17 - Speedmaster/Firmware/inc/libArduinoCore2560.a(HardwareSerial.cpp.o)
 .text._ZN5Print5writeEPKc
                0x0000000000027910       0x30 /home/jkw/Store/17 - Speedmaster/Firmware/inc/libArduinoCore2560.a(Print.cpp.o)
                0x0000000000027910                _ZN5Print5writeEPKc
 .text._ZN5Print5writeEPKhj
                0x0000000000027940       0x3e /home/jkw/Store/17 - Speedmaster/Firmware/inc/libArduinoCore2560.a(Print.cpp.o)
                0x0000000000027940                _ZN5Print5writeEPKhj
 .text._ZN5Print5printEPKc
                0x000000000002797e       0x10 /home/jkw/Store/17 - Speedmaster/Firmware/inc/libArduinoCore2560.a(Print.cpp.o)
                0x000000000002797e                _ZN5Print5printEPKc
 .text._ZN5Print5printERK6String
                0x000000000002798e       0x52 /home/jkw/Store/17 - Speedmaster/Firmware/inc/libArduinoCore2560.a(Print.cpp.o)
                0x000000000002798e                _ZN5Print5printERK6String
 .text._ZN5Print11printNumberEmh
                0x00000000000279e0      0x130 /home/jkw/Store/17 - Speedmaster/Firmware/inc/libArduinoCore2560.a(Print.cpp.o)
                0x00000000000279e0                _ZN5Print11printNumberEmh
 .text._ZN5Print5printEmi
                0x0000000000027b10       0x1a /home/jkw/Store/17 - Speedmaster/Firmware/inc/libArduinoCore2560.a(Print.cpp.o)
                0x0000000000027b10                _ZN5Print5printEmi
 .text._ZN5Print5printEji
                0x0000000000027b2a       0x20 /home/jkw/Store/17 - Speedmaster/Firmware/inc/libArduinoCore2560.a(Print.cpp.o)
                0x0000000000027b2a                _ZN5Print5printEji
 .text._ZN5Print5printEhi
                0x0000000000027b4a       0x22 /home/jkw/Store/17 - Speedmaster/Firmware/inc/libArduinoCore2560.a(Print.cpp.o)
                0x0000000000027b4a                _ZN5Print5printEhi
 .text._ZN5Print5printEli
                0x0000000000027b6c       0x68 /home/jkw/Store/17 - Speedmaster/Firmware/inc/libArduinoCore2560.a(Print.cpp.o)
                0x0000000000027b6c                _ZN5Print5printEli
 .text._ZN5Print5printEii
                0x0000000000027bd4       0x24 /home/jkw/Store/17 - Speedmaster/Firmware/inc/libArduinoCore2560.a(Print.cpp.o)
                0x0000000000027bd4                _ZN5Print5printEii
 .text._ZN5Print5printEci
                0x0000000000027bf8       0x26 /home/jkw/Store/17 - Speedmaster/Firmware/inc/libArduinoCore2560.a(Print.cpp.o)
                0x0000000000027bf8                _ZN5Print5printEci
 .text._ZN5Print7printlnEv
                0x0000000000027c1e       0x2a /home/jkw/Store/17 - Speedmaster/Firmware/inc/libArduinoCore2560.a(Print.cpp.o)
                0x0000000000027c1e                _ZN5Print7printlnEv
 .text._ZN5Print7printlnEmi
                0x0000000000027c48       0x12 /home/jkw/Store/17 - Speedmaster/Firmware/inc/libArduinoCore2560.a(Print.cpp.o)
                0x0000000000027c48                _ZN5Print7printlnEmi
 .text._ZN5Print7printlnEji
                0x0000000000027c5a       0x2e /home/jkw/Store/17 - Speedmaster/Firmware/inc/libArduinoCore2560.a(Print.cpp.o)
                0x0000000000027c5a                _ZN5Print7printlnEji
 .text._ZN5Print7printlnEhi
                0x0000000000027c88       0x30 /home/jkw/Store/17 - Speedmaster/Firmware/inc/libArduinoCore2560.a(Print.cpp.o)
                0x0000000000027c88                _ZN5Print7printlnEhi
 .text._ZN5Print7printlnEPKc
                0x0000000000027cb8       0x12 /home/jkw/Store/17 - Speedmaster/Firmware/inc/libArduinoCore2560.a(Print.cpp.o)
                0x0000000000027cb8                _ZN5Print7printlnEPKc
 .text._ZN5Print7printlnERK6String
                0x0000000000027cca       0x12 /home/jkw/Store/17 - Speedmaster/Firmware/inc/libArduinoCore2560.a(Print.cpp.o)
                0x0000000000027cca                _ZN5Print7printlnERK6String
 .text._ZN5Print7printlnEli
                0x0000000000027cdc       0x12 /home/jkw/Store/17 - Speedmaster/Firmware/inc/libArduinoCore2560.a(Print.cpp.o)
                0x0000000000027cdc                _ZN5Print7printlnEli
 .text._ZN5Print7printlnEii
                0x0000000000027cee       0x32 /home/jkw/Store/17 - Speedmaster/Firmware/inc/libArduinoCore2560.a(Print.cpp.o)
                0x0000000000027cee                _ZN5Print7printlnEii
 .text._ZN5Print7printlnEci
                0x0000000000027d20       0x34 /home/jkw/Store/17 - Speedmaster/Firmware/inc/libArduinoCore2560.a(Print.cpp.o)
                0x0000000000027d20                _ZN5Print7printlnEci
 .text._ZN5Print10printFloatEdh
                0x0000000000027d54      0x110 /home/jkw/Store/17 - Speedmaster/Firmware/inc/libArduinoCore2560.a(Print.cpp.o)
                0x0000000000027d54                _ZN5Print10printFloatEdh
 .text._ZN5Print5printEdi
                0x0000000000027e64        0x4 /home/jkw/Store/17 - Speedmaster/Firmware/inc/libArduinoCore2560.a(Print.cpp.o)
                0x0000000000027e64                _ZN5Print5printEdi
 .text._ZN5Print7printlnEdi
                0x0000000000027e68       0x12 /home/jkw/Store/17 - Speedmaster/Firmware/inc/libArduinoCore2560.a(Print.cpp.o)
                0x0000000000027e68                _ZN5Print7printlnEdi
 .text._ZNK6String6charAtEj
                0x0000000000027e7a       0x10 /home/jkw/Store/17 - Speedmaster/Firmware/inc/libArduinoCore2560.a(WString.cpp.o)
                0x0000000000027e7a                _ZNK6String6charAtEj
 .text._ZN6String9setCharAtEjc
                0x0000000000027e8a       0x22 /home/jkw/Store/17 - Speedmaster/Firmware/inc/libArduinoCore2560.a(WString.cpp.o)
                0x0000000000027e8a                _ZN6String9setCharAtEjc
 .text._ZN6StringixEj
                0x0000000000027eac       0x2a /home/jkw/Store/17 - Speedmaster/Firmware/inc/libArduinoCore2560.a(WString.cpp.o)
                0x0000000000027eac                _ZN6StringixEj
 .text._ZNK6StringixEj
                0x0000000000027ed6       0x10 /home/jkw/Store/17 - Speedmaster/Firmware/inc/libArduinoCore2560.a(WString.cpp.o)
                0x0000000000027ed6                _ZNK6StringixEj
 .text._ZN6String11toCharArrayEPcj
                0x0000000000027ee6       0x44 /home/jkw/Store/17 - Speedmaster/Firmware/inc/libArduinoCore2560.a(WString.cpp.o)
                0x0000000000027ee6                _ZN6String11toCharArrayEPcj
 .text._ZN6String8getBytesEPhj
                0x0000000000027f2a       0x44 /home/jkw/Store/17 - Speedmaster/Firmware/inc/libArduinoCore2560.a(WString.cpp.o)
                0x0000000000027f2a                _ZN6String8getBytesEPhj
 .text._ZN6StringD1Ev
                0x0000000000027f6e       0x1e /home/jkw/Store/17 - Speedmaster/Firmware/inc/libArduinoCore2560.a(WString.cpp.o)
                0x0000000000027f6e                _ZN6StringD1Ev
 .text._ZNK6String10startsWithERKS_j
                0x0000000000027f8c       0x3c /home/jkw/Store/17 - Speedmaster/Firmware/inc/libArduinoCore2560.a(WString.cpp.o)
                0x0000000000027f8c                _ZNK6String10startsWithERKS_j
 .text._ZNK6String10startsWithERKS_
                0x0000000000027fc8       0x22 /home/jkw/Store/17 - Speedmaster/Firmware/inc/libArduinoCore2560.a(WString.cpp.o)
                0x0000000000027fc8                _ZNK6String10startsWithERKS_
 .text._ZNK6String11lastIndexOfEcj
                0x0000000000027fea       0x6e /home/jkw/Store/17 - Speedmaster/Firmware/inc/libArduinoCore2560.a(WString.cpp.o)
                0x0000000000027fea                _ZNK6String11lastIndexOfEcj
 .text._ZNK6String11lastIndexOfEc
                0x0000000000028058        0xc /home/jkw/Store/17 - Speedmaster/Firmware/inc/libArduinoCore2560.a(WString.cpp.o)
                0x0000000000028058                _ZNK6String11lastIndexOfEc
 .text._ZNK6String7indexOfERKS_j
                0x0000000000028064       0x3c /home/jkw/Store/17 - Speedmaster/Firmware/inc/libArduinoCore2560.a(WString.cpp.o)
                0x0000000000028064                _ZNK6String7indexOfERKS_j
 .text._ZNK6String7indexOfERKS_
                0x00000000000280a0        0x6 /home/jkw/Store/17 - Speedmaster/Firmware/inc/libArduinoCore2560.a(WString.cpp.o)
                0x00000000000280a0                _ZNK6String7indexOfERKS_
 .text._ZNK6String7indexOfEcj
                0x00000000000280a6       0x3c /home/jkw/Store/17 - Speedmaster/Firmware/inc/libArduinoCore2560.a(WString.cpp.o)
                0x00000000000280a6                _ZNK6String7indexOfEcj
 .text._ZNK6String7indexOfEc
                0x00000000000280e2        0x6 /home/jkw/Store/17 - Speedmaster/Firmware/inc/libArduinoCore2560.a(WString.cpp.o)
                0x00000000000280e2                _ZNK6String7indexOfEc
 .text._ZNK6String6equalsERKS_
                0x00000000000280e8       0x32 /home/jkw/Store/17 - Speedmaster/Firmware/inc/libArduinoCore2560.a(WString.cpp.o)
                0x00000000000280e8                _ZNK6String6equalsERKS_
 .text._ZNK6String8endsWithERKS_
                0x000000000002811a       0x38 /home/jkw/Store/17 - Speedmaster/Firmware/inc/libArduinoCore2560.a(WString.cpp.o)
                0x000000000002811a                _ZNK6String8endsWithERKS_
 .text._ZNK6StringgeERKS_
                0x0000000000028152       0x26 /home/jkw/Store/17 - Speedmaster/Firmware/inc/libArduinoCore2560.a(WString.cpp.o)
                0x0000000000028152                _ZNK6StringgeERKS_
 .text._ZNK6StringleERKS_
                0x0000000000028178       0x20 /home/jkw/Store/17 - Speedmaster/Firmware/inc/libArduinoCore2560.a(WString.cpp.o)
                0x0000000000028178                _ZNK6StringleERKS_
 .text._ZNK6StringgtERKS_
                0x0000000000028198       0x20 /home/jkw/Store/17 - Speedmaster/Firmware/inc/libArduinoCore2560.a(WString.cpp.o)
                0x0000000000028198                _ZNK6StringgtERKS_
 .text._ZNK6StringltERKS_
                0x00000000000281b8       0x22 /home/jkw/Store/17 - Speedmaster/Firmware/inc/libArduinoCore2560.a(WString.cpp.o)
                0x00000000000281b8                _ZNK6StringltERKS_
 .text._ZNK6StringneERKS_
                0x00000000000281da       0x2e /home/jkw/Store/17 - Speedmaster/Firmware/inc/libArduinoCore2560.a(WString.cpp.o)
                0x00000000000281da                _ZNK6StringneERKS_
 .text._ZNK6StringeqERKS_
                0x0000000000028208       0x32 /home/jkw/Store/17 - Speedmaster/Firmware/inc/libArduinoCore2560.a(WString.cpp.o)
                0x0000000000028208                _ZNK6StringeqERKS_
 .text._ZNK6String9compareToERKS_
                0x000000000002823a        0xe /home/jkw/Store/17 - Speedmaster/Firmware/inc/libArduinoCore2560.a(WString.cpp.o)
                0x000000000002823a                _ZNK6String9compareToERKS_
 .text._ZN6String9getBufferEj
                0x0000000000028248       0x26 /home/jkw/Store/17 - Speedmaster/Firmware/inc/libArduinoCore2560.a(WString.cpp.o)
                0x0000000000028248                _ZN6String9getBufferEj
 .text._ZN6StringpLERKS_
                0x000000000002826e       0x64 /home/jkw/Store/17 - Speedmaster/Firmware/inc/libArduinoCore2560.a(WString.cpp.o)
                0x000000000002826e                _ZN6StringpLERKS_
 .text._ZN6String6concatERKS_
                0x00000000000282d2        0x4 /home/jkw/Store/17 - Speedmaster/Firmware/inc/libArduinoCore2560.a(WString.cpp.o)
                0x00000000000282d2                _ZN6String6concatERKS_
 .text._ZN6StringaSERKS_
                0x00000000000282d6       0x5a /home/jkw/Store/17 - Speedmaster/Firmware/inc/libArduinoCore2560.a(WString.cpp.o)
                0x00000000000282d6                _ZN6StringaSERKS_
 .text._ZN6StringC1Eh
                0x0000000000028330       0x32 /home/jkw/Store/17 - Speedmaster/Firmware/inc/libArduinoCore2560.a(WString.cpp.o)
                0x0000000000028330                _ZN6StringC1Eh
 .text._ZN6StringC2Eh
                0x0000000000028362       0x32 /home/jkw/Store/17 - Speedmaster/Firmware/inc/libArduinoCore2560.a(WString.cpp.o)
                0x0000000000028362                _ZN6StringC2Eh
 .text._ZN6StringC1Ec
                0x0000000000028394       0x32 /home/jkw/Store/17 - Speedmaster/Firmware/inc/libArduinoCore2560.a(WString.cpp.o)
                0x0000000000028394                _ZN6StringC1Ec
 .text._ZN6StringC2Ec
                0x00000000000283c6       0x32 /home/jkw/Store/17 - Speedmaster/Firmware/inc/libArduinoCore2560.a(WString.cpp.o)
                0x00000000000283c6                _ZN6StringC2Ec
 .text._ZN6StringC1ERKS_
                0x00000000000283f8       0x32 /home/jkw/Store/17 - Speedmaster/Firmware/inc/libArduinoCore2560.a(WString.cpp.o)
                0x00000000000283f8                _ZN6StringC1ERKS_
 .text._ZN6StringC2ERKS_
                0x000000000002842a       0x32 /home/jkw/Store/17 - Speedmaster/Firmware/inc/libArduinoCore2560.a(WString.cpp.o)
                0x000000000002842a                _ZN6StringC2ERKS_
 .text._ZN6StringC1Emi
                0x000000000002845c       0x78 /home/jkw/Store/17 - Speedmaster/Firmware/inc/libArduinoCore2560.a(WString.cpp.o)
                0x000000000002845c                _ZN6StringC1Emi
 .text._ZN6StringC2Emi
                0x00000000000284d4       0x78 /home/jkw/Store/17 - Speedmaster/Firmware/inc/libArduinoCore2560.a(WString.cpp.o)
                0x00000000000284d4                _ZN6StringC2Emi
 .text._ZN6StringC1Eji
                0x000000000002854c       0x76 /home/jkw/Store/17 - Speedmaster/Firmware/inc/libArduinoCore2560.a(WString.cpp.o)
                0x000000000002854c                _ZN6StringC1Eji
 .text._ZN6StringC2Eji
                0x00000000000285c2       0x76 /home/jkw/Store/17 - Speedmaster/Firmware/inc/libArduinoCore2560.a(WString.cpp.o)
                0x00000000000285c2                _ZN6StringC2Eji
 .text._ZN6StringC1EPKc
                0x0000000000028638       0x4c /home/jkw/Store/17 - Speedmaster/Firmware/inc/libArduinoCore2560.a(WString.cpp.o)
                0x0000000000028638                _ZN6StringC1EPKc
 .text._ZNK6String11toUpperCaseEv
                0x0000000000028684       0x72 /home/jkw/Store/17 - Speedmaster/Firmware/inc/libArduinoCore2560.a(WString.cpp.o)
                0x0000000000028684                _ZNK6String11toUpperCaseEv
 .text._ZNK6String11toLowerCaseEv
                0x00000000000286f6       0x72 /home/jkw/Store/17 - Speedmaster/Firmware/inc/libArduinoCore2560.a(WString.cpp.o)
                0x00000000000286f6                _ZNK6String11toLowerCaseEv
 .text._ZNK6String16equalsIgnoreCaseERKS_
                0x0000000000028768       0x8e /home/jkw/Store/17 - Speedmaster/Firmware/inc/libArduinoCore2560.a(WString.cpp.o)
                0x0000000000028768                _ZNK6String16equalsIgnoreCaseERKS_
 .text._ZNK6String9substringEjj
                0x00000000000287f6       0x6c /home/jkw/Store/17 - Speedmaster/Firmware/inc/libArduinoCore2560.a(WString.cpp.o)
                0x00000000000287f6                _ZNK6String9substringEjj
 .text._ZNK6String9substringEj
                0x0000000000028862       0x16 /home/jkw/Store/17 - Speedmaster/Firmware/inc/libArduinoCore2560.a(WString.cpp.o)
                0x0000000000028862                _ZNK6String9substringEj
 .text._ZNK6String11lastIndexOfERKS_j
                0x0000000000028878       0xc2 /home/jkw/Store/17 - Speedmaster/Firmware/inc/libArduinoCore2560.a(WString.cpp.o)
                0x0000000000028878                _ZNK6String11lastIndexOfERKS_j
 .text._ZNK6String11lastIndexOfERKS_
                0x000000000002893a       0x18 /home/jkw/Store/17 - Speedmaster/Firmware/inc/libArduinoCore2560.a(WString.cpp.o)
                0x000000000002893a                _ZNK6String11lastIndexOfERKS_
 .text._ZNK6String4trimEv
                0x0000000000028952       0xd0 /home/jkw/Store/17 - Speedmaster/Firmware/inc/libArduinoCore2560.a(WString.cpp.o)
                0x0000000000028952                _ZNK6String4trimEv
 .text._ZN6String7replaceERKS_S1_
                0x0000000000028a22      0x118 /home/jkw/Store/17 - Speedmaster/Firmware/inc/libArduinoCore2560.a(WString.cpp.o)
                0x0000000000028a22                _ZN6String7replaceERKS_S1_
 .text._ZN6String7replaceEcc
                0x0000000000028b3a       0x7c /home/jkw/Store/17 - Speedmaster/Firmware/inc/libArduinoCore2560.a(WString.cpp.o)
                0x0000000000028b3a                _ZN6String7replaceEcc
 .text._ZN6StringC2EPKc
                0x0000000000028bb6       0x4c /home/jkw/Store/17 - Speedmaster/Firmware/inc/libArduinoCore2560.a(WString.cpp.o)
                0x0000000000028bb6                _ZN6StringC2EPKc
 .text._ZN6StringC1Eli
                0x0000000000028c02       0x74 /home/jkw/Store/17 - Speedmaster/Firmware/inc/libArduinoCore2560.a(WString.cpp.o)
                0x0000000000028c02                _ZN6StringC1Eli
 .text._ZN6StringC2Eli
                0x0000000000028c76       0x74 /home/jkw/Store/17 - Speedmaster/Firmware/inc/libArduinoCore2560.a(WString.cpp.o)
                0x0000000000028c76                _ZN6StringC2Eli
 .text._ZN6StringC1Eii
                0x0000000000028cea       0x72 /home/jkw/Store/17 - Speedmaster/Firmware/inc/libArduinoCore2560.a(WString.cpp.o)
                0x0000000000028cea                _ZN6StringC1Eii
 .text._ZN6StringC2Eii
                0x0000000000028d5c       0x72 /home/jkw/Store/17 - Speedmaster/Firmware/inc/libArduinoCore2560.a(WString.cpp.o)
                0x0000000000028d5c                _ZN6StringC2Eii
 .text.avr-libc
                0x0000000000028dce      0x266 /usr/lib/gcc/avr/4.5.3/../../../avr/lib/avr6/libc.a(malloc.o)
                0x0000000000028dce                malloc
                0x0000000000028f02                free
 .text.avr-libc
                0x0000000000029034        0x6 /usr/lib/gcc/avr/4.5.3/../../../avr/lib/avr6/libc.a(exit.o)
                0x0000000000029034                exit
 .text.avr-libc
                0x000000000002903a       0x12 /usr/lib/gcc/avr/4.5.3/../../../avr/lib/avr6/libc.a(isalpha.o)
                0x000000000002903a                isupper
                0x000000000002903e                isalpha
                0x0000000000029040                islower
 .text.avr-libc
                0x000000000002904c       0x10 /usr/lib/gcc/avr/4.5.3/../../../avr/lib/avr6/libc.a(isspace.o)
                0x000000000002904c                isspace
 .text.avr-libc
                0x000000000002905c       0x10 /usr/lib/gcc/avr/4.5.3/../../../avr/lib/avr6/libc.a(tolower.o)
                0x000000000002905c                tolower
 .text.avr-libc
                0x000000000002906c       0x10 /usr/lib/gcc/avr/4.5.3/../../../avr/lib/avr6/libc.a(toupper.o)
                0x000000000002906c                toupper
 .text.avr-libc
                0x000000000002907c       0x12 /usr/lib/gcc/avr/4.5.3/../../../avr/lib/avr6/libc.a(strcmp_P.o)
                0x000000000002907c                strcmp_P
 .text.avr-libc
                0x000000000002908e        0xe /usr/lib/gcc/avr/4.5.3/../../../avr/lib/avr6/libc.a(strcpy_P.o)
                0x000000000002908e                strcpy_P
 .text.avr-libc
                0x000000000002909c       0x12 /usr/lib/gcc/avr/4.5.3/../../../avr/lib/avr6/libc.a(strlen_P.o)
                0x000000000002909c                strlen_P
 .text.avr-libc
                0x00000000000290ae       0x1a /usr/lib/gcc/avr/4.5.3/../../../avr/lib/avr6/libc.a(memcmp.o)
                0x00000000000290ae                memcmp
 .text.avr-libc
                0x00000000000290c8       0x12 /usr/lib/gcc/avr/4.5.3/../../../avr/lib/avr6/libc.a(memcpy.o)
                0x00000000000290c8                memcpy
 .text.avr-libc
                0x00000000000290da        0xe /usr/lib/gcc/avr/4.5.3/../../../avr/lib/avr6/libc.a(memset.o)
                0x00000000000290da                memset
 .text.avr-libc
                0x00000000000290e8       0x16 /usr/lib/gcc/avr/4.5.3/../../../avr/lib/avr6/libc.a(strcat.o)
                0x00000000000290e8                strcat
 .text.avr-libc
                0x00000000000290fe       0x16 /usr/lib/gcc/avr/4.5.3/../../../avr/lib/avr6/libc.a(strchr.o)
                0x00000000000290fe                strchr
 .text.avr-libc
                0x0000000000029114       0x12 /usr/lib/gcc/avr/4.5.3/../../../avr/lib/avr6/libc.a(strcmp.o)
                0x0000000000029114                strcmp
 .text.avr-libc
                0x0000000000029126        0xe /usr/lib/gcc/avr/4.5.3/../../../avr/lib/avr6/libc.a(strcpy.o)
                0x0000000000029126                strcpy
 .text.avr-libc
                0x0000000000029134       0x1c /usr/lib/gcc/avr/4.5.3/../../../avr/lib/avr6/libc.a(strncmp.o)
                0x0000000000029134                strncmp
 .text.avr-libc
                0x0000000000029150       0x1e /usr/lib/gcc/avr/4.5.3/../../../avr/lib/avr6/libc.a(strncpy.o)
                0x0000000000029150                strncpy
 .text.avr-libc
                0x000000000002916e       0x16 /usr/lib/gcc/avr/4.5.3/../../../avr/lib/avr6/libc.a(strrchr.o)
                0x000000000002916e                strrchr
 .text.avr-libc
                0x0000000000029184       0x34 /usr/lib/gcc/avr/4.5.3/../../../avr/lib/avr6/libc.a(strstr.o)
                0x0000000000029184                strstr
 .text.avr-libc
                0x00000000000291b8       0x40 /usr/lib/gcc/avr/4.5.3/../../../avr/lib/avr6/libc.a(itoa.o)
                0x00000000000291b8                itoa
 .text.avr-libc
                0x00000000000291f8       0x66 /usr/lib/gcc/avr/4.5.3/../../../avr/lib/avr6/libc.a(ltoa.o)
                0x00000000000291f8                ltoa
 .text.avr-libc
                0x000000000002925e       0x46 /usr/lib/gcc/avr/4.5.3/../../../avr/lib/avr6/libc.a(ultoa.o)
                0x000000000002925e                ultoa
 .text.avr-libc
                0x00000000000292a4       0x5e /usr/lib/gcc/avr/4.5.3/../../../avr/lib/avr6/libc.a(sprintf.o)
                0x00000000000292a4                sprintf
 .text.avr-libc.fplib
                0x0000000000029302        0xa /usr/lib/gcc/avr/4.5.3/../../../avr/lib/avr6/libc.a(addsf3.o)
                0x0000000000029302                __subsf3
                0x0000000000029304                __addsf3
 .text.avr-libc.fplib