Archive member included because of file (symbol)

/home/kolja/Desk/links/eclipse/Speedoino/inc/libArduinoCore2560.a(WInterrupts.c.o)
                              ./dz.o (attachInterrupt)
/home/kolja/Desk/links/eclipse/Speedoino/inc/libArduinoCore2560.a(wiring.c.o)
                              ./blinker.o (millis)
/home/kolja/Desk/links/eclipse/Speedoino/inc/libArduinoCore2560.a(wiring_analog.c.o)
                              ./temperature.o (analogRead)
/home/kolja/Desk/links/eclipse/Speedoino/inc/libArduinoCore2560.a(wiring_digital.c.o)
                              ./blinker.o (pinMode)
/home/kolja/Desk/links/eclipse/Speedoino/inc/libArduinoCore2560.a(HardwareSerial.cpp.o)
                              ./main.o (HardwareSerial::begin(long))
/home/kolja/Desk/links/eclipse/Speedoino/inc/libArduinoCore2560.a(Print.cpp.o)
                              /home/kolja/Desk/links/eclipse/Speedoino/inc/libArduinoCore2560.a(HardwareSerial.cpp.o) (Print::write(char const*))
/home/kolja/Desk/links/eclipse/Speedoino/inc/libArduinoCore2560.a(WString.cpp.o)
                              /home/kolja/Desk/links/eclipse/Speedoino/inc/libArduinoCore2560.a(Print.cpp.o) (String::operator[](unsigned int) const)
/usr/lib/gcc/avr/4.3.5/../../../avr/lib/avr6/libc.a(malloc.o)
                              ./config.o (malloc)
/usr/lib/gcc/avr/4.3.5/../../../avr/lib/avr6/libc.a(exit.o)
                              /usr/lib/gcc/avr/4.3.5/../../../avr/lib/avr6/crtm2560.o (exit)
/usr/lib/gcc/avr/4.3.5/../../../avr/lib/avr6/libc.a(isalpha.o)
                              ./inc/istream.o (isupper)
/usr/lib/gcc/avr/4.3.5/../../../avr/lib/avr6/libc.a(isspace.o)
                              ./inc/istream.o (isspace)
/usr/lib/gcc/avr/4.3.5/../../../avr/lib/avr6/libc.a(tolower.o)
                              /home/kolja/Desk/links/eclipse/Speedoino/inc/libArduinoCore2560.a(WString.cpp.o) (tolower)
/usr/lib/gcc/avr/4.3.5/../../../avr/lib/avr6/libc.a(toupper.o)
                              /home/kolja/Desk/links/eclipse/Speedoino/inc/libArduinoCore2560.a(WString.cpp.o) (toupper)
/usr/lib/gcc/avr/4.3.5/../../../avr/lib/avr6/libc.a(strcmp_P.o)
                              ./config.o (strcmp_P)
/usr/lib/gcc/avr/4.3.5/../../../avr/lib/avr6/libc.a(strcpy_P.o)
                              ./config.o (strcpy_P)
/usr/lib/gcc/avr/4.3.5/../../../avr/lib/avr6/libc.a(strlen_P.o)
                              ./inc/ostream.o (strlen_P)
/usr/lib/gcc/avr/4.3.5/../../../avr/lib/avr6/libc.a(memcmp.o)
                              ./inc/SdFile.o (memcmp)
/usr/lib/gcc/avr/4.3.5/../../../avr/lib/avr6/libc.a(memcpy.o)
                              ./inc/SdFile.o (memcpy)
/usr/lib/gcc/avr/4.3.5/../../../avr/lib/avr6/libc.a(memset.o)
                              ./gps.o (memset)
/usr/lib/gcc/avr/4.3.5/../../../avr/lib/avr6/libc.a(strcat.o)
                              /home/kolja/Desk/links/eclipse/Speedoino/inc/libArduinoCore2560.a(WString.cpp.o) (strcat)
/usr/lib/gcc/avr/4.3.5/../../../avr/lib/avr6/libc.a(strchr.o)
                              ./inc/SdFile.o (strchr)
/usr/lib/gcc/avr/4.3.5/../../../avr/lib/avr6/libc.a(strcmp.o)
                              ./config.o (strcmp)
/usr/lib/gcc/avr/4.3.5/../../../avr/lib/avr6/libc.a(strcpy.o)
                              ./config.o (strcpy)
/usr/lib/gcc/avr/4.3.5/../../../avr/lib/avr6/libc.a(strncmp.o)
                              ./config.o (strncmp)
/usr/lib/gcc/avr/4.3.5/../../../avr/lib/avr6/libc.a(strncpy.o)
                              /home/kolja/Desk/links/eclipse/Speedoino/inc/libArduinoCore2560.a(WString.cpp.o) (strncpy)
/usr/lib/gcc/avr/4.3.5/../../../avr/lib/avr6/libc.a(strrchr.o)
                              /home/kolja/Desk/links/eclipse/Speedoino/inc/libArduinoCore2560.a(WString.cpp.o) (strrchr)
/usr/lib/gcc/avr/4.3.5/../../../avr/lib/avr6/libc.a(strstr.o)
                              /home/kolja/Desk/links/eclipse/Speedoino/inc/libArduinoCore2560.a(WString.cpp.o) (strstr)
/usr/lib/gcc/avr/4.3.5/../../../avr/lib/avr6/libc.a(itoa.o)
                              /home/kolja/Desk/links/eclipse/Speedoino/inc/libArduinoCore2560.a(WString.cpp.o) (itoa)
/usr/lib/gcc/avr/4.3.5/../../../avr/lib/avr6/libc.a(ltoa.o)
                              /home/kolja/Desk/links/eclipse/Speedoino/inc/libArduinoCore2560.a(WString.cpp.o) (ltoa)
/usr/lib/gcc/avr/4.3.5/../../../avr/lib/avr6/libc.a(ultoa.o)
                              /home/kolja/Desk/links/eclipse/Speedoino/inc/libArduinoCore2560.a(WString.cpp.o) (ultoa)
/usr/lib/gcc/avr/4.3.5/../../../avr/lib/avr6/libc.a(sprintf.o)
                              ./clock_me.o (sprintf)
/usr/lib/gcc/avr/4.3.5/../../../avr/lib/avr6/libc.a(addsf3.o)
                              ./config.o (__subsf3)
/usr/lib/gcc/avr/4.3.5/../../../avr/lib/avr6/libc.a(addsf3x.o)
                              /usr/lib/gcc/avr/4.3.5/../../../avr/lib/avr6/libc.a(addsf3.o) (__addsf3x)
/usr/lib/gcc/avr/4.3.5/../../../avr/lib/avr6/libc.a(asin.o)
[...]
Memory Configuration

Name             Origin             Length             Attributes
text             0x0000000000000000 0x0000000000100000 xr
data             0x0000000000800200 0x000000000000fe00 rw !x
eeprom           0x0000000000810000 0x0000000000010000 rw !x
fuse             0x0000000000820000 0x0000000000000400 rw !x
lock             0x0000000000830000 0x0000000000000400 rw !x
signature        0x0000000000840000 0x0000000000000400 rw !x
*default*        0x0000000000000000 0xffffffffffffffff

Linker script and memory map

Address of section .data set to 0x800200
LOAD /usr/lib/gcc/avr/4.3.5/../../../avr/lib/avr6/crtm2560.o
LOAD ./blinker.o
LOAD ./clock_me.o
LOAD ./config.o
LOAD ./debug.o
LOAD ./display.o
LOAD ./dz.o
LOAD ./file_manager.o
LOAD ./fuel.o
LOAD ./gear.o
LOAD ./gps.o
LOAD ./helper.o
LOAD ./main.o
LOAD ./menu.o
LOAD ./oiler.o
LOAD ./reset.o
LOAD ./sd.o
LOAD ./sensors.o
LOAD ./speed.o
LOAD ./speedo.o
LOAD ./sprint.o
LOAD ./temperature.o
LOAD ./timer.o
LOAD ./inc/EEPROM.o
LOAD ./inc/Sd2Card.o
LOAD ./inc/SdFat.o
LOAD ./inc/SdFatUtil.o
LOAD ./inc/SdFile.o
LOAD ./inc/SdStream.o
LOAD ./inc/SdVolume.o
LOAD ./inc/Wire.o
LOAD ./inc/istream.o
LOAD ./inc/ostream.o
LOAD ./inc/pins_arduino.o
LOAD ./inc/ssd0323.o
LOAD ./inc/twi.o
LOAD /home/kolja/Desk/links/eclipse/Speedoino/inc/libArduinoCore2560.a
LOAD /usr/lib/gcc/avr/4.3.5/../../../avr/lib/avr6/libc.a
LOAD /usr/lib/gcc/avr/4.3.5/avr6/libgcc.a
LOAD /usr/lib/gcc/avr/4.3.5/../../../avr/lib/avr6/libm.a
LOAD /usr/lib/gcc/avr/4.3.5/../../../avr/lib/avr6/libc.a
LOAD /usr/lib/gcc/avr/4.3.5/avr6/libgcc.a
LOAD /usr/lib/gcc/avr/4.3.5/../../../avr/lib/avr6/libc.a
LOAD /usr/lib/gcc/avr/4.3.5/avr6/libgcc.a

.hash
 *(.hash)

.dynsym
 *(.dynsym)

.dynstr
 *(.dynstr)

.gnu.version
 *(.gnu.version)

.gnu.version_d
 *(.gnu.version_d)

.gnu.version_r
 *(.gnu.version_r)

.rel.init
 *(.rel.init)

.rela.init
 *(.rela.init)

.rel.text
 *(.rel.text)
 *(.rel.text.*)
 *(.rel.gnu.linkonce.t*)

.rela.text
 *(.rela.text)
 *(.rela.text.*)
 *(.rela.gnu.linkonce.t*)

.rel.fini
 *(.rel.fini)

.rela.fini
 *(.rela.fini)

.rel.rodata
 *(.rel.rodata)
 *(.rel.rodata.*)
 *(.rel.gnu.linkonce.r*)

.rela.rodata
 *(.rela.rodata)
 *(.rela.rodata.*)
 *(.rela.gnu.linkonce.r*)

.rel.data
 *(.rel.data)
 *(.rel.data.*)
 *(.rel.gnu.linkonce.d*)

.rela.data
 *(.rela.data)
 *(.rela.data.*)
 *(.rela.gnu.linkonce.d*)

.rel.ctors
 *(.rel.ctors)

.rela.ctors
 *(.rela.ctors)

.rel.dtors
 *(.rel.dtors)

.rela.dtors
 *(.rela.dtors)

.rel.got
 *(.rel.got)

.rela.got
 *(.rela.got)

.rel.bss
 *(.rel.bss)

.rela.bss
 *(.rela.bss)

.rel.plt
 *(.rel.plt)

.rela.plt
 *(.rela.plt)

.text           0x0000000000000000    0x1c886
 *(.vectors)
 .vectors       0x0000000000000000       0xe4 /usr/lib/gcc/avr/4.3.5/../../../avr/lib/avr6/crtm2560.o
                0x0000000000000000                __vectors
                0x0000000000000000                __vector_default
 *(.vectors)
 *(.progmem.gcc*)
 .progmem.gcc_fplib
                0x00000000000000e4       0x14 /usr/lib/gcc/avr/4.3.5/../../../avr/lib/avr6/libc.a(asin.o)
 .progmem.gcc_fplib
                0x00000000000000f8       0x28 /usr/lib/gcc/avr/4.3.5/../../../avr/lib/avr6/libc.a(fp_arccos.o)
 .progmem.gcc_fplib
                0x0000000000000120       0x1e /usr/lib/gcc/avr/4.3.5/../../../avr/lib/avr6/libc.a(fp_sinus.o)
 .progmem.gcc_fplib
                0x000000000000013e       0x28 /usr/lib/gcc/avr/4.3.5/../../../avr/lib/avr6/libc.a(exp.o)
 .progmem.gcc_fplib
                0x0000000000000166       0x5a /usr/lib/gcc/avr/4.3.5/../../../avr/lib/avr6/libc.a(log.o)
 *(.progmem*)
 .progmem.data  0x00000000000001c0       0x12 ./blinker.o
 .progmem.data  0x00000000000001d2       0x10 ./clock_me.o
 .progmem.data  0x00000000000001e2      0x509 ./config.o
 .progmem.data  0x00000000000006eb       0xaa ./display.o
 .progmem.data  0x0000000000000795      0x11a ./file_manager.o
 .progmem.data  0x00000000000008af       0x51 ./gear.o
 .progmem.data  0x0000000000000900       0x8a ./gps.o
 .progmem.data  0x000000000000098a       0x29 ./main.o
 .progmem.data  0x00000000000009b3      0x58f ./menu.o
                0x00000000000009b3                titel_0
                0x00000000000009c1                titel_1
                0x00000000000009c2                titel_2
                0x00000000000009c3                titel_3
                0x00000000000009d3                titel_4
                0x00000000000009de                titel_5
                0x00000000000009ec                titel_6
                0x00000000000009fa                titel_7
                0x00000000000009fb                titel_8
                0x0000000000000a05                titel_9
                0x0000000000000a16                menu_titel
                0x0000000000000a2a                main_m_0
                0x0000000000000a37                main_m_1
                0x0000000000000a46                main_m_2
                0x0000000000000a53                main_m_3
                0x0000000000000a61                main_m_4
                0x0000000000000a6e                main_m_5
                0x0000000000000a7e                main_m_6
                0x0000000000000a8d                main_m_7
                0x0000000000000a96                main_m_8
                0x0000000000000aa6                s_titel_0
                0x0000000000000aa7                s_titel_1
                0x0000000000000aa8                s_titel_2
                0x0000000000000aa9                s_titel_3
                0x0000000000000ab9                s_titel_4
                0x0000000000000ac6                s_titel_5
                0x0000000000000ad0                setup_titel
                0x0000000000000adc                menu_main
                0x0000000000000aee                setup_m_0
                0x0000000000000afd                setup_m_1
                0x0000000000000b0c                setup_m_2
                0x0000000000000b1a                setup_m_3
                0x0000000000000b2a                setup_m_4
                0x0000000000000b35                setup_m_5
                0x0000000000000b42                setup_m_6
                0x0000000000000b50                setup_m_7
                0x0000000000000b63                setup_m_8
                0x0000000000000b75                menu_setup
                0x0000000000000b87                navi_m_0
                0x0000000000000b92                navi_m_1
                0x0000000000000b9e                navi_m_2
                0x0000000000000ba7                navi_m_3
                0x0000000000000bb4                navi_m_4
                0x0000000000000bb6                navi_m_5
                0x0000000000000bb8                navi_m_6
                0x0000000000000bc7                navi_m_7
                0x0000000000000bd2                navi_m_8
                0x0000000000000be0                menu_navi
                0x0000000000000bf2                trip_setup_m_0
                0x0000000000000bf8                trip_setup_m_1
                0x0000000000000c05                trip_setup_m_2
                0x0000000000000c09                trip_setup_m_3
                0x0000000000000c0e                trip_setup_m_4
                0x0000000000000c16                trip_setup_m_5
                0x0000000000000c1e                trip_setup_m_6
                0x0000000000000c24                trip_setup_m_7
                0x0000000000000c2b                trip_setup_m_8
                0x0000000000000c31                menu_trip_setup
                0x0000000000000c43                quick_setup_m_0
                0x0000000000000c53                quick_setup_m_1
                0x0000000000000c64                quick_setup_m_2
                0x0000000000000c76                quick_setup_m_3
                0x0000000000000c88                quick_setup_m_4
                0x0000000000000c98                quick_setup_m_5
                0x0000000000000ca8                quick_setup_m_6
                0x0000000000000cb8                quick_setup_m_7
                0x0000000000000ccc                menu_quick_setup
                0x0000000000000cdc                flasher_m_0
                0x0000000000000ce0                flasher_m_1
                0x0000000000000ce9                flasher_m_2
                0x0000000000000cf1                menu_flasher
 .progmem.data  0x0000000000000f42       0x10 ./oiler.o
 .progmem.data  0x0000000000000f52       0x19 ./reset.o
 .progmem.data  0x0000000000000f6b       0x39 ./sd.o
 .progmem.data  0x0000000000000fa4       0x12 ./sensors.o
 .progmem.data  0x0000000000000fb6       0x12 ./speed.o
 .progmem.data  0x0000000000000fc8       0x64 ./speedo.o
 .progmem.data  0x000000000000102c        0xe ./sprint.o
 .progmem.data  0x000000000000103a       0xc0 ./inc/SdFat.o
 .progmem.data  0x00000000000010fa       0x13 ./inc/SdFile.o
 .progmem.data  0x000000000000110d        0xb ./inc/istream.o
 .progmem.data  0x0000000000001118       0x13 ./inc/ostream.o
 .progmem.data  0x000000000000112b      0x120 ./inc/pins_arduino.o
                0x000000000000112b                port_to_mode_PGM
                0x0000000000001145                port_to_output_PGM
                0x000000000000115f                port_to_input_PGM
                0x0000000000001179                digital_pin_to_port_PGM
                0x00000000000011bf                digital_pin_to_bit_mask_PGM
                0x0000000000001205                digital_pin_to_timer_PGM
 .progmem.data  0x000000000000124b      0xcc0 ./inc/ssd0323.o
                0x0000000000001f0c                . = ALIGN (0x2)
 *fill*         0x0000000000001f0b        0x1 00
                0x0000000000001f0c                __trampolines_start = .
 *(.trampolines)
 .trampolines   0x0000000000001f0c        0x0 linker stubs
 *(.trampolines*)
                0x0000000000001f0c                __trampolines_end = .
 *(.jumptables)
 *(.jumptables*)
 *(.lowtext)
 *(.lowtext*)
                0x0000000000001f0c                __ctors_start = .
 *(.ctors)
 .ctors         0x0000000000001f0c        0x2 ./main.o
 .ctors         0x0000000000001f0e        0x2 ./inc/Wire.o
 .ctors         0x0000000000001f10        0x2 /home/kolja/Desk/links/eclipse/Speedoino/inc/libArduinoCore2560.a(HardwareSerial.cpp.o)
                0x0000000000001f12                __ctors_end = .
                0x0000000000001f12                __dtors_start = .
 *(.dtors)
                0x0000000000001f12                __dtors_end = .
 SORT(*)(.ctors)
 SORT(*)(.dtors)
 *(.init0)
 .init0         0x0000000000001f12        0x0 /usr/lib/gcc/avr/4.3.5/../../../avr/lib/avr6/crtm2560.o
                0x0000000000001f12                __init
 *(.init0)
 *(.init1)
 *(.init1)
 *(.init2)
 .init2         0x0000000000001f12       0x10 /usr/lib/gcc/avr/4.3.5/../../../avr/lib/avr6/crtm2560.o
 *(.init2)
 *(.init3)
 *(.init3)
 *(.init4)
 .init4         0x0000000000001f22       0x1a /usr/lib/gcc/avr/4.3.5/../../../avr/lib/avr6/crtm2560.o
                0x0000000000001f22                __do_copy_data
 .init4         0x0000000000001f3c       0x10 /usr/lib/gcc/avr/4.3.5/avr6/libgcc.a(_clear_bss.o)
                0x0000000000001f3c                __do_clear_bss
 *(.init4)
 *(.init5)
 *(.init5)
 *(.init6)
 .init6         0x0000000000001f4c       0x16 /usr/lib/gcc/avr/4.3.5/avr6/libgcc.a(_ctors.o)
                0x0000000000001f4c                __do_global_ctors
 *(.init6)
 *(.init7)
 *(.init7)
 *(.init8)
 *(.init8)
 *(.init9)
 .init9         0x0000000000001f62        0x8 /usr/lib/gcc/avr/4.3.5/../../../avr/lib/avr6/crtm2560.o
 *(.init9)
 *(.text)
 .text          0x0000000000001f6a        0x4 /usr/lib/gcc/avr/4.3.5/../../../avr/lib/avr6/crtm2560.o
                0x0000000000001f6a                __vector_38
                0x0000000000001f6a                __vector_22
                0x0000000000001f6a                __vector_28
                0x0000000000001f6a                __vector_32
                0x0000000000001f6a                __vector_34
                0x0000000000001f6a                __vector_24
                0x0000000000001f6a                __vector_12
                0x0000000000001f6a                __vector_55
                0x0000000000001f6a                __vector_46
                0x0000000000001f6a                __bad_interrupt
                0x0000000000001f6a                __vector_31
                0x0000000000001f6a                __vector_35
                0x0000000000001f6a                __vector_30
                0x0000000000001f6a                __vector_45
                0x0000000000001f6a                __vector_11
                0x0000000000001f6a                __vector_13
                0x0000000000001f6a                __vector_17
                0x0000000000001f6a                __vector_19
                0x0000000000001f6a                __vector_56
                0x0000000000001f6a                __vector_49
                0x0000000000001f6a                __vector_41
                0x0000000000001f6a                __vector_43
                0x0000000000001f6a                __vector_27
                0x0000000000001f6a                __vector_33
                0x0000000000001f6a                __vector_47
                0x0000000000001f6a                __vector_52
                0x0000000000001f6a                __vector_37
                0x0000000000001f6a                __vector_44
                0x0000000000001f6a                __vector_9
                0x0000000000001f6a                __vector_21
                0x0000000000001f6a                __vector_15
                0x0000000000001f6a                __vector_29
                0x0000000000001f6a                __vector_40
                0x0000000000001f6a                __vector_26
                0x0000000000001f6a                __vector_48
                0x0000000000001f6a                __vector_14
                0x0000000000001f6a                __vector_53
                0x0000000000001f6a                __vector_10
                0x0000000000001f6a                __vector_50
                0x0000000000001f6a                __vector_16
                0x0000000000001f6a                __vector_18
                0x0000000000001f6a                __vector_20
                0x0000000000001f6a                __vector_42
 .text          0x0000000000001f6e      0x150 ./blinker.o
                0x0000000000001f6e                moped_blinker::moped_blinker()
                0x0000000000001f70                moped_blinker::moped_blinker()
                0x0000000000001f72                moped_blinker::~moped_blinker()
                0x0000000000001f74                moped_blinker::~moped_blinker()
                0x0000000000001f76                moped_blinker::set_start(unsigned long, int)
                0x0000000000001fa4                moped_blinker::warn(unsigned long)
                0x0000000000001fdc                moped_blinker::init()
                0x0000000000002016                moped_blinker::check()
 .text          0x00000000000020be      0x5e2 ./clock_me.o
                0x00000000000020be                speedo_clock::speedo_clock()
                0x00000000000020c0                speedo_clock::speedo_clock()
                0x00000000000020c2                speedo_clock::~speedo_clock()
                0x00000000000020c4                speedo_clock::~speedo_clock()
                0x00000000000020c6                speedo_clock::changed(int*)
                0x00000000000020ea                speedo_clock::decToBcd(char)
                0x000000000000210e                speedo_clock::bcdToDec(char)
                0x0000000000002124                speedo_clock::getdate()
                0x000000000000214a                speedo_clock::get_long_date()
                0x00000000000021dc                speedo_clock::get_dayls()
                0x00000000000021e4                speedo_clock::get_ss()
                0x00000000000021ee                speedo_clock::inc()
                0x0000000000002234                speedo_clock::copy(char*)
                0x00000000000022be                speedo_clock::store()
                0x000000000000238e                speedo_clock::init()
                0x000000000000255a                speedo_clock::set_date_time(int, int, int, int, int, int, int, int)
 .text          0x00000000000026a0     0x253e ./config.o
                0x00000000000026a0                configuration::configuration()
                0x00000000000026a2                configuration::configuration()
                0x00000000000026a4                configuration::~configuration()
                0x00000000000026a6                configuration::~configuration()
                0x00000000000026a8                configuration::parse_bool(char*, int, bool*)
                0x00000000000026e6                configuration::parse_ul(char*, int, unsigned long*)
                0x000000000000279a                configuration::parse_a(char*, int, char*, int)
                0x0000000000002810                configuration::parse_float(char*, int, float*)
                0x0000000000002a56                configuration::parse_short(char*, int, short*)
                0x0000000000002aa6                configuration::parse_int(char*, int, int*)
                0x0000000000002b02                configuration::parse(char*)
                0x00000000000034a8                configuration::ram_info()
                0x00000000000034e4                SdFile::~SdFile()
                0x00000000000034fc                configuration::read(char const*)
                0x000000000000374e                configuration::read_skin()
                0x00000000000037e0                configuration::init()
                0x0000000000003ae8                configuration::check()
                0x0000000000003bec                configuration::write(char const*)
                0x000000000000476c                configuration::EEPROM_init()
                0x0000000000004a1c                configuration::km_save()
 .text          0x0000000000004bde       0x72 ./debug.o
                0x0000000000004bde                debugging::debugging()
                0x0000000000004be0                debugging::debugging()
                0x0000000000004be2                debugging::~debugging()
                0x0000000000004be4                debugging::~debugging()
                0x0000000000004be6                debugging::parse_float(int, char*, int, int, int)
                0x0000000000004be8                debugging::parse_int()
                0x0000000000004bea                debugging::parse(int, char*)
                0x0000000000004bec                debugging::parse_a(int, char*)
                0x0000000000004bee                debugging::parse_ul(int, unsigned long)
                0x0000000000004bf0                debugging::speedo_loop(int, int, unsigned long, char*)
                0x0000000000004bf2                debugging::loop()
                0x0000000000004bf4                debugging::sprintp(char const*)
                0x0000000000004c1e                debugging::sprintlnp(char const*)
 .text          0x0000000000004c50     0x199c ./display.o
                0x0000000000004c50                speedo_disp::~speedo_disp()
                0x0000000000004c52                speedo_disp::~speedo_disp()
                0x0000000000004c54                speedo_disp::disp_waiting(int, unsigned char, unsigned char)
                0x0000000000004cd0                speedo_disp::show_storry(char*, unsigned int, char*, unsigned int)
                0x0000000000004f64                speedo_disp::draw_blitzer(unsigned char, unsigned char)
                0x000000000000527a                speedo_disp::draw_clock(unsigned char, unsigned char)
                0x00000000000053ec                speedo_disp::draw_fuel(unsigned char, unsigned char)
                0x000000000000555e                speedo_disp::draw_air(unsigned char, unsigned char)
                0x00000000000056a8                speedo_disp::draw_oil(unsigned char, unsigned char)
                0x0000000000005a22                speedo_disp::sd2ssd(char*)
                0x0000000000005bca                speedo_disp::show_animation(char*)
                0x0000000000005f0c                speedo_disp::init_speedo()
                0x0000000000006012                speedo_disp::animation(int)
                0x0000000000006084                speedo_disp::draw_arrow(int, int, int)
                0x00000000000065e0                speedo_disp::speedo_disp()
                0x00000000000065e6                speedo_disp::speedo_disp()
 .text          0x00000000000065ec      0x1f4 ./dz.o
                0x00000000000065ec                speedo_dz::speedo_dz()
                0x00000000000065ee                speedo_dz::speedo_dz()
                0x00000000000065f0                speedo_dz::counter()
                0x00000000000065fe                helper()
                0x0000000000006618                speedo_dz::init()
                0x000000000000665c                speedo_dz::calc()
 .text          0x00000000000067e0      0xa3a ./file_manager.o
                0x00000000000067e0                speedo_filemanager::get_filename(char*)
                0x000000000000686a                speedo_filemanager::~speedo_filemanager()
                0x0000000000006882                speedo_filemanager::~speedo_filemanager()
                0x000000000000689a                speedo_filemanager::rmdir()
                0x00000000000068ba                speedo_filemanager::cd(char*)
                0x00000000000069c2                speedo_filemanager::rm(char*)
                0x0000000000006a32                speedo_filemanager::mkdir(char*)
                0x0000000000006a6e                speedo_filemanager::ls()
                0x0000000000006a78                speedo_filemanager::send_file(char*)
                0x0000000000006b30                speedo_filemanager::recv_file(char*)
                0x0000000000006dd6                speedo_filemanager::run()
                0x00000000000071e2                speedo_filemanager::speedo_filemanager()
                0x00000000000071fe                speedo_filemanager::speedo_filemanager()
 .text          0x000000000000721a      0x206 ./fuel.o
                0x000000000000721a                speedo_fuel::speedo_fuel()
                0x000000000000721c                speedo_fuel::speedo_fuel()
                0x000000000000721e                speedo_fuel::~speedo_fuel()
                0x0000000000007220                speedo_fuel::~speedo_fuel()
                0x0000000000007222                speedo_fuel::init()
                0x000000000000723e                speedo_fuel::get_fuel(char*)
 .text          0x0000000000007420      0x624 ./gear.o
                0x0000000000007420                speedo_gear::speedo_gear()
                0x0000000000007422                speedo_gear::speedo_gear()
                0x0000000000007424                speedo_gear::~speedo_gear()
                0x0000000000007426                speedo_gear::~speedo_gear()
                0x0000000000007428                speedo_gear::get()
                0x000000000000743e                speedo_gear::calibrate()
                0x0000000000007818                speedo_gear::calc()
                0x0000000000007a1a                speedo_gear::init()
 .text          0x0000000000007a44     0x2504 ./gps.o
                0x0000000000007a44                speedo_gps::speedo_gps()
                0x0000000000007a46                speedo_gps::speedo_gps()
                0x0000000000007a48                speedo_gps::~speedo_gps()
                0x0000000000007a4a                speedo_gps::~speedo_gps()
                0x0000000000007a4c                speedo_gps::recv_data()
                0x0000000000007b92                __vector_36
                0x0000000000007bee                speedo_gps::get_info(int)
                0x0000000000007d3a                speedo_gps::loop()
                0x0000000000007fd6                speedo_gps::init()
                0x00000000000080be                speedo_gps::generate_new_order()
                0x0000000000008444                speedo_gps::get_order(char*)
                0x0000000000008714                speedo_gps::mod(unsigned long, unsigned long)
                0x00000000000087a0                speedo_gps::nmea_to_dec(unsigned long)
                0x000000000000887e                speedo_gps::calc_dist(unsigned long, unsigned long)
                0x0000000000008abe                speedo_gps::calc_navi()
                0x0000000000009278                speedo_gps::store_to_sd()
                0x0000000000009604                speedo_gps::parse(char*, int)
                0x0000000000009ef0                speedo_gps::check_flag()
 .text          0x0000000000009f48       0x3e ./helper.o
                0x0000000000009f48                __cxa_pure_virtual
                0x0000000000009f4c                __cxa_guard_acquire(long long*)
                0x0000000000009f60                __cxa_guard_release(long long*)
                0x0000000000009f68                __cxa_guard_abort(long long*)
                0x0000000000009f6a                operator delete[](void*)
                0x0000000000009f74                operator delete(void*)
                0x0000000000009f7a                operator new[](unsigned int)
                0x0000000000009f80                operator new(unsigned int)
 .text          0x0000000000009f86      0x3ae ./main.o
                0x000000000000a082                main
 .text          0x000000000000a334     0x3d2a ./menu.o
                0x000000000000a334                speedo_menu::speedo_menu()
                0x000000000000a336                speedo_menu::speedo_menu()
                0x000000000000a338                speedo_menu::~speedo_menu()
                0x000000000000a33a                speedo_menu::~speedo_menu()
                0x000000000000a33c                speedo_menu::init()
                0x000000000000a3c2                speedo_menu::button_test(bool)
                0x000000000000a94e                speedo_menu::back()
                0x000000000000aa58                speedo_menu::draw(char const**, int)
                0x000000000000ad0c                speedo_menu::yesno(char*, char*, char*)
                0x000000000000adce                speedo_menu::display()
                0x000000000000dfda                speedo_menu::del_conf(char*, char*)
 .text          0x000000000000e05e       0xe6 ./oiler.o
                0x000000000000e05e                speedo_oiler::speedo_oiler()
                0x000000000000e060                speedo_oiler::speedo_oiler()
                0x000000000000e062                speedo_oiler::~speedo_oiler()
                0x000000000000e064                speedo_oiler::~speedo_oiler()
                0x000000000000e066                speedo_oiler::send_impulse()
                0x000000000000e0b4                speedo_oiler::check_value()
                0x000000000000e118                speedo_oiler::init()
 .text          0x000000000000e144      0x264 ./reset.o
                0x000000000000e144                speedo_reset::speedo_reset()
                0x000000000000e146                speedo_reset::speedo_reset()
                0x000000000000e148                speedo_reset::~speedo_reset()
                0x000000000000e14a                speedo_reset::~speedo_reset()
                0x000000000000e14c                speedo_reset::ask_reset()
                0x000000000000e240                speedo_reset::toggle()
                0x000000000000e298                speedo_reset::set_deactive(bool, bool)
                0x000000000000e2ce                speedo_reset::set_active(bool, bool)
                0x000000000000e308                speedo_reset::restore()
                0x000000000000e328                speedo_reset::init()
 .text          0x000000000000e3a8      0x162 ./sd.o
                0x000000000000e3a8                speedo_sd::speedo_sd()
                0x000000000000e3c4                speedo_sd::speedo_sd()
                0x000000000000e3e0                speedo_sd::~speedo_sd()
                0x000000000000e3e2                speedo_sd::~speedo_sd()
                0x000000000000e3e4                speedo_sd::writeString(SdFile&, char*)
                0x000000000000e404                speedo_sd::writeCRLF(SdFile&)
                0x000000000000e414                speedo_sd::error_P(char const*)
                0x000000000000e46a                speedo_sd::init()
 .text          0x000000000000e50a      0x386 ./sensors.o
                0x000000000000e50a                Speedo_sensors::~Speedo_sensors()
                0x000000000000e50c                Speedo_sensors::~Speedo_sensors()
                0x000000000000e50e                Speedo_sensors::flatIt(int, short*, int, float)
                0x000000000000e630                Speedo_sensors::init()
                0x000000000000e6b0                Speedo_sensors::Speedo_sensors()
                0x000000000000e7a0                Speedo_sensors::Speedo_sensors()
 .text          0x000000000000e890      0x726 ./speed.o
                0x000000000000e890                speedo_speed::speedo_speed()
                0x000000000000e892                speedo_speed::speedo_speed()
                0x000000000000e894                speedo_speed::~speedo_speed()
                0x000000000000e896                speedo_speed::~speedo_speed()
                0x000000000000e898                speedo_speed::get_mag_speed()
                0x000000000000e8a0                speedo_speed::getSpeed()
                0x000000000000e912                speedo_speed::check_umfang()
                0x000000000000edb6                speedo_speed::calc()
                0x000000000000ef5c                helper_speed()
                0x000000000000ef6e                speedo_speed::init()
 .text          0x000000000000efb6     0x189a ./speedo.o
                0x000000000000efb6                speedo_speedo::reset_bak()
                0x000000000000efd0                speedo_speedo::loop(unsigned long)
 .text          0x0000000000010850      0x4ea ./sprint.o
                0x0000000000010850                speedo_sprint::speedo_sprint()
                0x000000000001085a                speedo_sprint::speedo_sprint()
                0x0000000000010864                speedo_sprint::~speedo_sprint()
                0x0000000000010866                speedo_sprint::~speedo_sprint()
                0x0000000000010868                speedo_sprint::init()
                0x0000000000010872                speedo_sprint::loop(unsigned long)
 .text          0x0000000000010d3a      0x356 ./temperature.o
                0x0000000000010d3a                speedo_temperature::speedo_temperature()
                0x0000000000010d3c                speedo_temperature::speedo_temperature()
                0x0000000000010d3e                speedo_temperature::~speedo_temperature()
                0x0000000000010d40                speedo_temperature::~speedo_temperature()
                0x0000000000010d42                speedo_temperature::get_air_temp()
                0x0000000000010d5e                speedo_temperature::get_oil_temp()
                0x0000000000010df8                speedo_temperature::read_air_temp()
                0x0000000000010ecc                speedo_temperature::read_oil_temp()
                0x000000000001104e                speedo_temperature::init()
 .text          0x0000000000011090      0x298 ./timer.o
                0x0000000000011090                speedo_timer::~speedo_timer()
                0x0000000000011092                speedo_timer::~speedo_timer()
                0x0000000000011094                speedo_timer::speedo_timer()
                0x00000000000110cc                speedo_timer::speedo_timer()
                0x0000000000011104                speedo_timer::every_custom()
                0x0000000000011216                speedo_timer::every_qsec()
                0x000000000001125c                speedo_timer::every_sec(configuration*)
                0x00000000000112fc                ram_info()
 .text          0x0000000000011328       0x12 ./inc/EEPROM.o
                0x0000000000011328                EEPROMClass::write(int, unsigned char)
                0x0000000000011332                EEPROMClass::read(int)
 .text          0x000000000001133a      0x938 ./inc/Sd2Card.o
                0x000000000001133a                Sd2Card::setSckRate(unsigned char)
                0x000000000001134e                Sd2Card::waitNotBusy(unsigned int)
                0x0000000000011394                Sd2Card::chipSelectLow()
                0x00000000000113c2                Sd2Card::cardCommand(unsigned char, unsigned long)
                0x0000000000011462                Sd2Card::chipSelectHigh()
                0x000000000001146e                Sd2Card::writeStop()
                0x00000000000114ba                Sd2Card::writeStart(unsigned long, unsigned long)
                0x000000000001154a                Sd2Card::writeData(unsigned char, unsigned char const*)
                0x00000000000115be                Sd2Card::writeData(unsigned char const*)
                0x000000000001160a                Sd2Card::writeBlock(unsigned long, unsigned char const*)
                0x00000000000116b6                Sd2Card::waitStartBlock()
                0x0000000000011710                Sd2Card::readData(unsigned char*, unsigned int)
                0x0000000000011778                Sd2Card::readRegister(unsigned char, void*)
                0x00000000000117c6                Sd2Card::eraseSingleBlockEnable()
                0x0000000000011806                Sd2Card::cardSize()
                0x000000000001191c                Sd2Card::readBlock(unsigned long, unsigned char*)
                0x0000000000011992                Sd2Card::erase(unsigned long, unsigned long)
                0x0000000000011acc                Sd2Card::init(unsigned char, unsigned char)
 .text          0x0000000000011c72      0x45c ./inc/SdFat.o
                0x0000000000011c8a                SdFat::truncate(char const*, unsigned long)
                0x0000000000011d06                SdFat::rmdir(char const*)
                0x0000000000011d68                SdFat::rename(char const*, char const*)
                0x0000000000011de8                SdFat::remove(char const*)
                0x0000000000011df0                SdFat::mkdir(char const*, bool)
                0x0000000000011e50                SdFat::ls(Print*, unsigned char)
                0x0000000000011e5a                SdFat::ls(unsigned char)
                0x0000000000011e6a                SdFat::exists(char const*)
                0x0000000000011e72                SdFat::errorPrint()
                0x0000000000011ea2                SdFat::initErrorPrint()
                0x0000000000011ef2                SdFat::initErrorHalt()
                0x0000000000011ef8                SdFat::errorPrint_P(char const*)
                0x0000000000011f22                SdFat::errorHalt_P(char const*)
                0x0000000000011f28                SdFat::errorPrint(char const*)
                0x0000000000011f56                SdFat::errorHalt(char const*)
                0x0000000000011f5c                SdFat::errorHalt()
                0x0000000000011f62                SdFat::chdir()
                0x0000000000011f9a                SdFat::init(unsigned char, unsigned char)
                0x0000000000011fe8                SdFat::chdir(char const*)
 .text          0x00000000000120ce       0x94 ./inc/SdFatUtil.o
                0x00000000000120ce                SdFatUtil::FreeRam()
                0x0000000000012108                SdFatUtil::print_P(Print*, char const*)
                0x0000000000012134                SdFatUtil::SerialPrint_P(char const*)
                0x0000000000012140                SdFatUtil::println_P(Print*, char const*)
                0x0000000000012156                SdFatUtil::SerialPrintln_P(char const*)
 .text          0x0000000000012162     0x2772 ./inc/SdFile.o
                0x0000000000012162                SdFile::dirName(directoryEntry const&, char*)
                0x00000000000121a4                SdFile::getpos(fpos_t*)
                0x00000000000121d4                SdFile::make83Name(char const*, unsigned char*, char const**)
                0x0000000000012264                SdFile::setpos(fpos_t*)
                0x0000000000012296                SdFile::write_P(char const*)
                0x00000000000122c8                SdFile::writeln_P(char const*)
                0x00000000000122e2                SdFile::seekSet(unsigned long)
                0x0000000000012434                SdFile::contiguousRange(unsigned long*, unsigned long*)
                0x00000000000125a0                SdFile::cacheDirEntry(unsigned char)
                0x00000000000125da                SdFile::sync()
                0x0000000000012676                SdFile::close()
                0x00000000000126a6                SdFile::timestamp(unsigned char, unsigned int, unsigned char, unsigned char, unsigned char, unsigned char, unsigned char)
                0x00000000000127cc                SdFile::getFilename(char*)
                0x0000000000012806                SdFile::dirEntry(directoryEntry*)
                0x000000000001284e                SdFile::truncate(unsigned long)
                0x00000000000129e8                SdFile::remove()
                0x0000000000012a20                SdFile::read(void*, unsigned int)
                0x0000000000012c2a                SdFile::readDir(directoryEntry*)
                0x0000000000012c96                SdFile::read()
                0x0000000000012cc8                SdFile::readDirCache()
                0x0000000000012d3e                SdFile::rmdir()
                0x0000000000012dd6                SdFile::peek()
                0x0000000000012e2e                SdFile::printName()
                0x0000000000012ea4                SdFile::printFatTime(Print*, unsigned int)
                0x0000000000012f02                SdFile::printFatTime(unsigned int)
                0x0000000000012f0e                SdFile::printDirName(Print*, directoryEntry const&, unsigned char, bool)
                0x0000000000012f9a                SdFile::printDirName(directoryEntry const&, unsigned char, bool)
                0x0000000000012fae                SdFile::printFatDate(Print*, unsigned int)
                0x0000000000013010                SdFile::printFatDate(unsigned int)
                0x000000000001301c                SdFile::openRoot(SdVolume*)
                0x00000000000130c2                SdFile::openCachedEntry(unsigned char, unsigned char)
                0x00000000000131d4                SdFile::openNext(SdFile*, unsigned char)
                0x000000000001325c                SdFile::open(SdFile*, unsigned int, unsigned char)
                0x00000000000132e4                SdFile::rmRfStar()
                0x0000000000013432                SdFile::openParent(SdFile*)
                0x0000000000013640                SdFile::lsPrintNext(Print*, unsigned char, unsigned char)
                0x00000000000137d4                SdFile::ls(Print*, unsigned char, unsigned char)
                0x00000000000138e4                SdFile::ls(unsigned char)
                0x00000000000138f2                SdFile::fgets(char*, int, char*)
                0x00000000000139c2                SdFile::addCluster()
                0x0000000000013a10                SdFile::write(void const*, unsigned int)
                0x0000000000013d74                SdFile::write(char const*)
                0x0000000000013d8a                SdFile::write(unsigned char)
                0x0000000000013dac                SdFile::addDirCluster()
                0x0000000000013ec4                SdFile::open(SdFile*, unsigned char const*, unsigned char)
                0x000000000001405c                SdFile::open(SdFile*, char const*, unsigned char)
                0x000000000001420c                SdFile::remove(SdFile*, char const*)
                0x0000000000014274                SdFile::open(char const*, unsigned char)
                0x0000000000014288                SdFile::SdFile(char const*, unsigned char)
                0x000000000001429e                SdFile::SdFile(char const*, unsigned char)
                0x00000000000142b4                SdFile::exists(char const*)
                0x0000000000014310                SdFile::mkdir(SdFile*, unsigned char const*)
                0x000000000001446e                SdFile::mkdir(SdFile*, char const*, bool)
                0x000000000001463a                SdFile::rename(SdFile*, char const*)
                0x0000000000014844                SdFile::createContiguous(SdFile*, char const*, unsigned long)
 .text          0x00000000000148d4      0x2aa ./inc/SdStream.o
                0x00000000000148d4                SdBase::putch(char)
                0x000000000001492c                SdBase::seekpos(unsigned long)
                0x0000000000014932                SdBase::seekoff(long, ios_base::seekdir)
                0x000000000001496a                SdBase::putstr(char const*)
                0x00000000000149fc                SdBase::open(char const*, unsigned char)
                0x0000000000014abc                SdBase::getch()
 .text          0x0000000000014b7e      0xa78 ./inc/SdVolume.o
                0x0000000000014b7e                SdVolume::cacheFlush()
                0x0000000000014bf4                SdVolume::cacheRawBlock(unsigned long, unsigned char)
                0x0000000000014c7a                SdVolume::init(Sd2Card*, unsigned char)
                0x0000000000014f0c                SdVolume::freeClusterCount()
                0x000000000001504a                SdVolume::fatPut(unsigned long, unsigned long)
                0x0000000000015158                SdVolume::fatGet(unsigned long, unsigned long*) const
                0x0000000000015244                SdVolume::freeChain(unsigned long)
                0x0000000000015300                SdVolume::chainSize(unsigned long, unsigned long*) const
                0x00000000000153d8                SdVolume::allocContiguous(unsigned long, unsigned long*)
 .text          0x00000000000155f6      0x1fe ./inc/Wire.o
                0x00000000000155f6                TwoWire::TwoWire()
                0x00000000000155f8                TwoWire::TwoWire()
                0x00000000000155fa                TwoWire::beginTransmission(unsigned char)
                0x000000000001560e                TwoWire::beginTransmission(int)
                0x0000000000015622                TwoWire::available()
                0x000000000001562e                TwoWire::receive()
                0x0000000000015650                TwoWire::onReceiveService(unsigned char*, int)
                0x000000000001569a                TwoWire::onRequestService()
                0x00000000000156b2                TwoWire::onReceive(void (*)(int))
                0x00000000000156bc                TwoWire::onRequest(void (*)())
                0x00000000000156c8                TwoWire::send(unsigned char)
                0x0000000000015710                TwoWire::send(int)
                0x0000000000015716                TwoWire::send(unsigned char*, unsigned char)
                0x000000000001575a                TwoWire::send(char*)
                0x0000000000015770                TwoWire::endTransmission()
                0x0000000000015790                TwoWire::requestFrom(unsigned char, unsigned char)
                0x00000000000157aa                TwoWire::requestFrom(int, int)
                0x00000000000157b0                TwoWire::begin()
                0x00000000000157c6                TwoWire::begin(unsigned char)
                0x00000000000157ee                TwoWire::begin(int)
 .text          0x00000000000157f4      0xd30 ./inc/istream.o
                0x00000000000157f4                istream::getch(fpos_t*)
                0x000000000001581e                istream::get()
                0x0000000000015862                istream::get(char&)
                0x0000000000015886                istream::get(char*, unsigned long, char)
                0x00000000000159a0                istream::getline(char*, unsigned long, char)
                0x0000000000015ad6                istream::ignore(unsigned long, int)
                0x0000000000015b3e                istream::peek()
                0x0000000000015bf0                istream::skipWhite()
                0x0000000000015c62                istream::readSkip()
                0x0000000000015cac                istream::getFloat(float*)
                0x0000000000015fc8                istream::getChar(char*)
                0x0000000000016002                istream::getStr(char*)
                0x0000000000016140                istream::getNumber(unsigned long, unsigned long, unsigned long*)
                0x00000000000163ee                istream::getBool(bool*)
 .text          0x0000000000016524      0x668 ./inc/ostream.o
                0x0000000000016524                ostream::do_fill(unsigned int)
                0x0000000000016572                ostream::fill_not_left(unsigned int)
                0x000000000001659a                ostream::fmtNum(unsigned long, char*, unsigned char)
                0x0000000000016650                ostream::putChar(char)
                0x0000000000016686                ostream::putNum(unsigned long, bool)
                0x00000000000167e6                ostream::putNum(long)
                0x0000000000016826                ostream::putStr(char const*)
                0x000000000001687e                ostream::putPgm(pgm const&)
                0x00000000000168d4                ostream::putDouble(double)
                0x0000000000016b28                ostream::putBool(bool)
 .text          0x0000000000016b8c        0x0 ./inc/pins_arduino.o
 .text          0x0000000000016b8c     0x1c48 ./inc/ssd0323.o
                0x0000000000016b8c                ssd0323::senden_spi(unsigned char)
                0x0000000000016bba                ssd0323::send_command(unsigned char)
                0x0000000000016bc4                ssd0323::send_char(unsigned char)
                0x0000000000016bcc                ssd0323::clear_screen()
                0x0000000000016c24                ssd0323::set2pixels(unsigned char, unsigned char, unsigned char, unsigned char)
                0x0000000000016c9a                ssd0323::ssd0323()
                0x0000000000016c9c                ssd0323::ssd0323()
                0x0000000000016c9e                ssd0323::init(unsigned char, unsigned char)
                0x0000000000016e72                ssd0323::highlight_bar(unsigned char, unsigned char, unsigned char, unsigned char)
                0x0000000000016f80                ssd0323::filled_rect(unsigned char, unsigned char, unsigned char, unsigned char, unsigned char)
                0x0000000000017070                ssd0323::zeichen_small_4x(unsigned char*, unsigned char, int, int, int, int, unsigned char)
                0x00000000000172f8                ssd0323::zeichen_small_3x(unsigned char*, unsigned char, int, int, int, int, unsigned char)
                0x00000000000175c2                ssd0323::zeichen_small_2x(unsigned char*, unsigned char, int, int, int, int, unsigned char)
                0x0000000000017800                ssd0323::zeichen_small_1x(unsigned char*, unsigned char, int, int, int, int, unsigned char)
                0x00000000000179d4                ssd0323::zeichen_big_1x(unsigned char*, unsigned char, int, int, int, int, unsigned char)
                0x0000000000017caa                ssd0323::line(unsigned char, unsigned char, unsigned char, unsigned char, unsigned char)
                0x00000000000181bc                ssd0323::string(short, char*, unsigned char, unsigned char, unsigned char, unsigned char, unsigned char)
                0x0000000000018716                ssd0323::string(short, char*, unsigned char, unsigned char)
                0x0000000000018734                ssd0323::string_P(short, char const*, unsigned char, unsigned char, unsigned char, unsigned char, unsigned char)
                0x00000000000187b6                ssd0323::string_P(short, char const*, unsigned char, unsigned char)
 .text          0x00000000000187d4      0x49a ./inc/twi.o
                0x00000000000187d4                twi_init
                0x00000000000187fa                twi_setAddress
                0x0000000000018802                twi_readFrom
                0x0000000000018870                twi_writeTo
                0x00000000000188f6                twi_transmit
                0x000000000001892c                twi_attachSlaveRxEvent
                0x0000000000018936                twi_attachSlaveTxEvent
                0x0000000000018940                twi_reply
                0x0000000000018950                twi_stop
                0x0000000000018964                twi_releaseBus
                0x0000000000018970                __vector_39
 .text          0x0000000000018c6e        0x0 /home/kolja/Desk/links/eclipse/Speedoino/inc/libArduinoCore2560.a(WInterrupts.c.o)
 .text          0x0000000000018c6e        0x0 /home/kolja/Desk/links/eclipse/Speedoino/inc/libArduinoCore2560.a(wiring.c.o)
 .text          0x0000000000018c6e        0x0 /home/kolja/Desk/links/eclipse/Speedoino/inc/libArduinoCore2560.a(wiring_analog.c.o)
 .text          0x0000000000018c6e        0x0 /home/kolja/Desk/links/eclipse/Speedoino/inc/libArduinoCore2560.a(wiring_digital.c.o)
 .text          0x0000000000018c6e        0x0 /home/kolja/Desk/links/eclipse/Speedoino/inc/libArduinoCore2560.a(HardwareSerial.cpp.o)
 .text          0x0000000000018c6e        0x0 /home/kolja/Desk/links/eclipse/Speedoino/inc/libArduinoCore2560.a(Print.cpp.o)
 .text          0x0000000000018c6e        0x0 /home/kolja/Desk/links/eclipse/Speedoino/inc/libArduinoCore2560.a(WString.cpp.o)
 .text          0x0000000000018c6e        0x0 /usr/lib/gcc/avr/4.3.5/../../../avr/lib/avr6/libc.a(malloc.o)
 .text          0x0000000000018c6e        0x0 /usr/lib/gcc/avr/4.3.5/../../../avr/lib/avr6/libc.a(exit.o)
 .text          0x0000000000018c6e        0x0 /usr/lib/gcc/avr/4.3.5/../../../avr/lib/avr6/libc.a(isalpha.o)
 .text          0x0000000000018c6e        0x0 /usr/lib/gcc/avr/4.3.5/../../../avr/lib/avr6/libc.a(isspace.o)
 .text          0x0000000000018c6e        0x0 /usr/lib/gcc/avr/4.3.5/../../../avr/lib/avr6/libc.a(tolower.o)
 .text          0x0000000000018c6e        0x0 /usr/lib/gcc/avr/4.3.5/../../../avr/lib/avr6/libc.a(toupper.o)
 .text          0x0000000000018c6e        0x0 /usr/lib/gcc/avr/4.3.5/../../../avr/lib/avr6/libc.a(strcmp_P.o)
 .text          0x0000000000018c6e        0x0 /usr/lib/gcc/avr/4.3.5/../../../avr/lib/avr6/libc.a(strcpy_P.o)
 .text          0x0000000000018c6e        0x0 /usr/lib/gcc/avr/4.3.5/../../../avr/lib/avr6/libc.a(strlen_P.o)
 .text          0x0000000000018c6e        0x0 /usr/lib/gcc/avr/4.3.5/../../../avr/lib/avr6/libc.a(memcmp.o)
 .text          0x0000000000018c6e        0x0 /usr/lib/gcc/avr/4.3.5/../../../avr/lib/avr6/libc.a(memcpy.o)
 .text          0x0000000000018c6e        0x0 /usr/lib/gcc/avr/4.3.5/../../../avr/lib/avr6/libc.a(memset.o)
 .text          0x0000000000018c6e        0x0 /usr/lib/gcc/avr/4.3.5/../../../avr/lib/avr6/libc.a(strcat.o)
 .text          0x0000000000018c6e        0x0 /usr/lib/gcc/avr/4.3.5/../../../avr/lib/avr6/libc.a(strchr.o)
 .text          0x0000000000018c6e        0x0 /usr/lib/gcc/avr/4.3.5/../../../avr/lib/avr6/libc.a(strcmp.o)
 .text          0x0000000000018c6e        0x0 /usr/lib/gcc/avr/4.3.5/../../../avr/lib/avr6/libc.a(strcpy.o)
 .text          0x0000000000018c6e        0x0 /usr/lib/gcc/avr/4.3.5/../../../avr/lib/avr6/libc.a(strncmp.o)
 .text          0x0000000000018c6e        0x0 /usr/lib/gcc/avr/4.3.5/../../../avr/lib/avr6/libc.a(strncpy.o)
 .text          0x0000000000018c6e        0x0 /usr/lib/gcc/avr/4.3.5/../../../avr/lib/avr6/libc.a(strrchr.o)
 .text          0x0000000000018c6e        0x0 /usr/lib/gcc/avr/4.3.5/../../../avr/lib/avr6/libc.a(strstr.o)
 .text          0x0000000000018c6e        0x0 /usr/lib/gcc/avr/4.3.5/../../../avr/lib/avr6/libc.a(itoa.o)
 .text          0x0000000000018c6e        0x0 /usr/lib/gcc/avr/4.3.5/../../../avr/lib/avr6/libc.a(ltoa.o)
 .text          0x0000000000018c6e        0x0 /usr/lib/gcc/avr/4.3.5/../../../avr/lib/avr6/libc.a(ultoa.o)
 .text          0x0000000000018c6e        0x0 /usr/lib/gcc/avr/4.3.5/../../../avr/lib/avr6/libc.a(sprintf.o)
 .text          0x0000000000018c6e        0x0 /usr/lib/gcc/avr/4.3.5/../../../avr/lib/avr6/libc.a(addsf3.o)
 .text          0x0000000000018c6e        0x0 /usr/lib/gcc/avr/4.3.5/../../../avr/lib/avr6/libc.a(addsf3x.o)
 .text          0x0000000000018c6e        0x0 /usr/lib/gcc/avr/4.3.5/../../../avr/lib/avr6/libc.a(asin.o)
 .text          0x0000000000018c6e        0x0 /usr/lib/gcc/avr/4.3.5/../../../avr/lib/avr6/libc.a(cmpsf2.o)
 .text          0x0000000000018c6e        0x0 /usr/lib/gcc/avr/4.3.5/../../../avr/lib/avr6/libc.a(cos.o)
 .text          0x0000000000018c6e        0x0 /usr/lib/gcc/avr/4.3.5/../../../avr/lib/avr6/libc.a(divsf3.o)
 .text          0x0000000000018c6e        0x0 /usr/lib/gcc/avr/4.3.5/../../../avr/lib/avr6/libc.a(divsf3x.o)
 .text          0x0000000000018c6e        0x0 /usr/lib/gcc/avr/4.3.5/../../../avr/lib/avr6/libc.a(fixsfsi.o)
 .text          0x0000000000018c6e        0x0 /usr/lib/gcc/avr/4.3.5/../../../avr/lib/avr6/libc.a(fixunssfsi.o)
 .text          0x0000000000018c6e        0x0 /usr/lib/gcc/avr/4.3.5/../../../avr/lib/avr6/libc.a(floatsisf.o)
 .text          0x0000000000018c6e        0x0 /usr/lib/gcc/avr/4.3.5/../../../avr/lib/avr6/libc.a(floor.o)
 .text          0x0000000000018c6e        0x0 /usr/lib/gcc/avr/4.3.5/../../../avr/lib/avr6/libc.a(fp_arccos.o)
 .text          0x0000000000018c6e        0x0 /usr/lib/gcc/avr/4.3.5/../../../avr/lib/avr6/libc.a(fp_cmp.o)
 .text          0x0000000000018c6e        0x0 /usr/lib/gcc/avr/4.3.5/../../../avr/lib/avr6/libc.a(fp_inf.o)
 .text          0x0000000000018c6e        0x0 /usr/lib/gcc/avr/4.3.5/../../../avr/lib/avr6/libc.a(fp_mintl.o)
 .text          0x0000000000018c6e        0x0 /usr/lib/gcc/avr/4.3.5/../../../avr/lib/avr6/libc.a(fp_mpack.o)
 .text          0x0000000000018c6e        0x0 /usr/lib/gcc/avr/4.3.5/../../../avr/lib/avr6/libc.a(fp_nan.o)
 .text          0x0000000000018c6e        0x0 /usr/lib/gcc/avr/4.3.5/../../../avr/lib/avr6/libc.a(fp_powser.o)
 .text          0x0000000000018c6e        0x0 /usr/lib/gcc/avr/4.3.5/../../../avr/lib/avr6/libc.a(fp_powsodd.o)
 .text          0x0000000000018c6e        0x0 /usr/lib/gcc/avr/4.3.5/../../../avr/lib/avr6/libc.a(fp_pscA.o)
 .text          0x0000000000018c6e        0x0 /usr/lib/gcc/avr/4.3.5/../../../avr/lib/avr6/libc.a(fp_pscB.o)
 .text          0x0000000000018c6e        0x0 /usr/lib/gcc/avr/4.3.5/../../../avr/lib/avr6/libc.a(fp_rempio2.o)
 .text          0x0000000000018c6e        0x0 /usr/lib/gcc/avr/4.3.5/../../../avr/lib/avr6/libc.a(fp_round.o)
 .text          0x0000000000018c6e        0x0 /usr/lib/gcc/avr/4.3.5/../../../avr/lib/avr6/libc.a(fp_sinus.o)
 .text          0x0000000000018c6e        0x0 /usr/lib/gcc/avr/4.3.5/../../../avr/lib/avr6/libc.a(fp_split3.o)
 .text          0x0000000000018c6e        0x0 /usr/lib/gcc/avr/4.3.5/../../../avr/lib/avr6/libc.a(fp_trunc.o)
 .text          0x0000000000018c6e        0x0 /usr/lib/gcc/avr/4.3.5/../../../avr/lib/avr6/libc.a(fp_zero.o)
 .text          0x0000000000018c6e        0x0 /usr/lib/gcc/avr/4.3.5/../../../avr/lib/avr6/libc.a(gesf2.o)
 .text          0x0000000000018c6e        0x0 /usr/lib/gcc/avr/4.3.5/../../../avr/lib/avr6/libc.a(mulsf3.o)
 .text          0x0000000000018c6e        0x0 /usr/lib/gcc/avr/4.3.5/../../../avr/lib/avr6/libc.a(mulsf3x.o)
 .text          0x0000000000018c6e        0x0 /usr/lib/gcc/avr/4.3.5/../../../avr/lib/avr6/libc.a(pow.o)
 .text          0x0000000000018c6e        0x0 /usr/lib/gcc/avr/4.3.5/../../../avr/lib/avr6/libc.a(sin.o)
 .text          0x0000000000018c6e        0x0 /usr/lib/gcc/avr/4.3.5/../../../avr/lib/avr6/libc.a(sqrt.o)
 .text          0x0000000000018c6e        0x0 /usr/lib/gcc/avr/4.3.5/../../../avr/lib/avr6/libc.a(vfprintf_std.o)
 .text          0x0000000000018c6e        0x0 /usr/lib/gcc/avr/4.3.5/../../../avr/lib/avr6/libc.a(eerd_byte_atmega2560.o)
 .text          0x0000000000018c6e        0x0 /usr/lib/gcc/avr/4.3.5/../../../avr/lib/avr6/libc.a(eewr_byte_atmega2560.o)
 .text          0x0000000000018c6e        0x0 /usr/lib/gcc/avr/4.3.5/../../../avr/lib/avr6/libc.a(cty_isfalse.o)
 .text          0x0000000000018c6e        0x0 /usr/lib/gcc/avr/4.3.5/../../../avr/lib/avr6/libc.a(strnlen_P.o)
 .text          0x0000000000018c6e        0x0 /usr/lib/gcc/avr/4.3.5/../../../avr/lib/avr6/libc.a(strnlen.o)
 .text          0x0000000000018c6e        0x0 /usr/lib/gcc/avr/4.3.5/../../../avr/lib/avr6/libc.a(strrev.o)
 .text          0x0000000000018c6e        0x0 /usr/lib/gcc/avr/4.3.5/../../../avr/lib/avr6/libc.a(fputc.o)
 .text          0x0000000000018c6e        0x0 /usr/lib/gcc/avr/4.3.5/../../../avr/lib/avr6/libc.a(ultoa_invert.o)
 .text          0x0000000000018c6e        0x0 /usr/lib/gcc/avr/4.3.5/../../../avr/lib/avr6/libc.a(exp.o)
 .text          0x0000000000018c6e        0x0 /usr/lib/gcc/avr/4.3.5/../../../avr/lib/avr6/libc.a(fp_norm2.o)
 .text          0x0000000000018c6e        0x0 /usr/lib/gcc/avr/4.3.5/../../../avr/lib/avr6/libc.a(inverse.o)
 .text          0x0000000000018c6e        0x0 /usr/lib/gcc/avr/4.3.5/../../../avr/lib/avr6/libc.a(ldexp.o)
 .text          0x0000000000018c6e        0x0 /usr/lib/gcc/avr/4.3.5/../../../avr/lib/avr6/libc.a(log.o)
 .text          0x0000000000018c6e        0x0 /usr/lib/gcc/avr/4.3.5/../../../avr/lib/avr6/libc.a(modf.o)
 .text          0x0000000000018c6e        0x0 /usr/lib/gcc/avr/4.3.5/avr6/libgcc.a(_mulsi3.o)
 .text          0x0000000000018c6e        0x0 /usr/lib/gcc/avr/4.3.5/avr6/libgcc.a(_udivmodqi4.o)
 .text          0x0000000000018c6e        0x0 /usr/lib/gcc/avr/4.3.5/avr6/libgcc.a(_udivmodhi4.o)
 .text          0x0000000000018c6e        0x0 /usr/lib/gcc/avr/4.3.5/avr6/libgcc.a(_divmodhi4.o)
 .text          0x0000000000018c6e        0x0 /usr/lib/gcc/avr/4.3.5/avr6/libgcc.a(_udivmodsi4.o)
 .text          0x0000000000018c6e        0x0 /usr/lib/gcc/avr/4.3.5/avr6/libgcc.a(_divmodsi4.o)
 .text          0x0000000000018c6e        0x0 /usr/lib/gcc/avr/4.3.5/avr6/libgcc.a(_exit.o)
 .text          0x0000000000018c6e        0x0 /usr/lib/gcc/avr/4.3.5/avr6/libgcc.a(_clear_bss.o)
 .text          0x0000000000018c6e        0x0 /usr/lib/gcc/avr/4.3.5/avr6/libgcc.a(_ctors.o)
 .text          0x0000000000018c6e        0x0 /usr/lib/gcc/avr/4.3.5/avr6/libgcc.a(_tablejump.o)
                0x0000000000018c6e                . = ALIGN (0x2)
 *(.text.*)
 .text.attachInterrupt
                0x0000000000018c6e       0xf8 /home/kolja/Desk/links/eclipse/Speedoino/inc/libArduinoCore2560.a(WInterrupts.c.o)
                0x0000000000018c6e                attachInterrupt
 .text.detachInterrupt
                0x0000000000018d66       0x58 /home/kolja/Desk/links/eclipse/Speedoino/inc/libArduinoCore2560.a(WInterrupts.c.o)
                0x0000000000018d66                detachInterrupt
 .text.__vector_1
                0x0000000000018dbe       0x62 /home/kolja/Desk/links/eclipse/Speedoino/inc/libArduinoCore2560.a(WInterrupts.c.o)
                0x0000000000018dbe                __vector_1
 .text.__vector_2
                0x0000000000018e20       0x62 /home/kolja/Desk/links/eclipse/Speedoino/inc/libArduinoCore2560.a(WInterrupts.c.o)
                0x0000000000018e20                __vector_2
 .text.__vector_3
                0x0000000000018e82       0x62 /home/kolja/Desk/links/eclipse/Speedoino/inc/libArduinoCore2560.a(WInterrupts.c.o)
                0x0000000000018e82                __vector_3
 .text.__vector_4
                0x0000000000018ee4       0x62 /home/kolja/Desk/links/eclipse/Speedoino/inc/libArduinoCore2560.a(WInterrupts.c.o)
                0x0000000000018ee4                __vector_4
 .text.__vector_5
                0x0000000000018f46       0x62 /home/kolja/Desk/links/eclipse/Speedoino/inc/libArduinoCore2560.a(WInterrupts.c.o)
                0x0000000000018f46                __vector_5
 .text.__vector_6
                0x0000000000018fa8       0x62 /home/kolja/Desk/links/eclipse/Speedoino/inc/libArduinoCore2560.a(WInterrupts.c.o)
                0x0000000000018fa8                __vector_6
 .text.__vector_7
                0x000000000001900a       0x62 /home/kolja/Desk/links/eclipse/Speedoino/inc/libArduinoCore2560.a(WInterrupts.c.o)
                0x000000000001900a                __vector_7
 .text.__vector_8
                0x000000000001906c       0x62 /home/kolja/Desk/links/eclipse/Speedoino/inc/libArduinoCore2560.a(WInterrupts.c.o)
                0x000000000001906c                __vector_8
 .text.__vector_23
                0x00000000000190ce       0x90 /home/kolja/Desk/links/eclipse/Speedoino/inc/libArduinoCore2560.a(wiring.c.o)
                0x00000000000190ce                __vector_23
 .text.millis   0x000000000001915e       0x1c /home/kolja/Desk/links/eclipse/Speedoino/inc/libArduinoCore2560.a(wiring.c.o)
                0x000000000001915e                millis
 .text.micros   0x000000000001917a       0x4c /home/kolja/Desk/links/eclipse/Speedoino/inc/libArduinoCore2560.a(wiring.c.o)
                0x000000000001917a                micros
 .text.delay    0x00000000000191c6       0x4c /home/kolja/Desk/links/eclipse/Speedoino/inc/libArduinoCore2560.a(wiring.c.o)
                0x00000000000191c6                delay
 .text.delayMicroseconds
                0x0000000000019212       0x14 /home/kolja/Desk/links/eclipse/Speedoino/inc/libArduinoCore2560.a(wiring.c.o)
                0x0000000000019212                delayMicroseconds
 .text.init     0x0000000000019226       0xc4 /home/kolja/Desk/links/eclipse/Speedoino/inc/libArduinoCore2560.a(wiring.c.o)
                0x0000000000019226                init
 .text.analogReference
                0x00000000000192ea        0x6 /home/kolja/Desk/links/eclipse/Speedoino/inc/libArduinoCore2560.a(wiring_analog.c.o)
                0x00000000000192ea                analogReference
 .text.analogRead
                0x00000000000192f0       0x68 /home/kolja/Desk/links/eclipse/Speedoino/inc/libArduinoCore2560.a(wiring_analog.c.o)
                0x00000000000192f0                analogRead
 .text.analogWrite
                0x0000000000019358      0x178 /home/kolja/Desk/links/eclipse/Speedoino/inc/libArduinoCore2560.a(wiring_analog.c.o)
                0x0000000000019358                analogWrite
 .text.pinMode  0x00000000000194d0       0x4c /home/kolja/Desk/links/eclipse/Speedoino/inc/libArduinoCore2560.a(wiring_digital.c.o)
                0x00000000000194d0                pinMode
 .text.digitalWrite
                0x000000000001951c      0x122 /home/kolja/Desk/links/eclipse/Speedoino/inc/libArduinoCore2560.a(wiring_digital.c.o)
                0x000000000001951c                digitalWrite
 .text.digitalRead
                0x000000000001963e      0x118 /home/kolja/Desk/links/eclipse/Speedoino/inc/libArduinoCore2560.a(wiring_digital.c.o)
                0x000000000001963e                digitalRead
 .text._Z10store_charhP11ring_buffer
                0x0000000000019756       0x4e /home/kolja/Desk/links/eclipse/Speedoino/inc/libArduinoCore2560.a(HardwareSerial.cpp.o)
                0x0000000000019756                store_char(unsigned char, ring_buffer*)
 .text.__vector_25
                0x00000000000197a4       0x58 /home/kolja/Desk/links/eclipse/Speedoino/inc/libArduinoCore2560.a(HardwareSerial.cpp.o)
                0x00000000000197a4                __vector_25
 .text.__vector_51
                0x00000000000197fc       0x58 /home/kolja/Desk/links/eclipse/Speedoino/inc/libArduinoCore2560.a(HardwareSerial.cpp.o)
                0x00000000000197fc                __vector_51
 .text.__vector_54
                0x0000000000019854       0x58 /home/kolja/Desk/links/eclipse/Speedoino/inc/libArduinoCore2560.a(HardwareSerial.cpp.o)
                0x0000000000019854                __vector_54
 .text._ZN14HardwareSerialC2EP11ring_bufferPVhS3_S3_S3_S3_hhhhh
                0x00000000000198ac       0x60 /home/kolja/Desk/links/eclipse/Speedoino/inc/libArduinoCore2560.a(HardwareSerial.cpp.o)
                0x00000000000198ac                HardwareSerial::HardwareSerial(ring_buffer*, unsigned char volatile*, unsigned char volatile*, unsigned char volatile*, unsigned char volatile*, unsigned char volatile*, unsigned char, unsigned char, unsigned char, unsigned char, unsigned char)
 .text._ZN14HardwareSerialC1EP11ring_bufferPVhS3_S3_S3_S3_hhhhh
                0x000000000001990c       0x60 /home/kolja/Desk/links/eclipse/Speedoino/inc/libArduinoCore2560.a(HardwareSerial.cpp.o)
                0x000000000001990c                HardwareSerial::HardwareSerial(ring_buffer*, unsigned char volatile*, unsigned char volatile*, unsigned char volatile*, unsigned char volatile*, unsigned char volatile*, unsigned char, unsigned char, unsigned char, unsigned char, unsigned char)
 .text._ZN14HardwareSerial5beginEl
                0x000000000001996c      0x1f2 /home/kolja/Desk/links/eclipse/Speedoino/inc/libArduinoCore2560.a(HardwareSerial.cpp.o)
                0x000000000001996c                HardwareSerial::begin(long)
 .text._ZN14HardwareSerial3endEv
                0x0000000000019b5e       0x54 /home/kolja/Desk/links/eclipse/Speedoino/inc/libArduinoCore2560.a(HardwareSerial.cpp.o)
                0x0000000000019b5e                HardwareSerial::end()
 .text._ZN14HardwareSerial9availableEv
                0x0000000000019bb2       0x28 /home/kolja/Desk/links/eclipse/Speedoino/inc/libArduinoCore2560.a(HardwareSerial.cpp.o)
                0x0000000000019bb2                HardwareSerial::available()
 .text._ZN14HardwareSerial4peekEv
                0x0000000000019bda       0x34 /home/kolja/Desk/links/eclipse/Speedoino/inc/libArduinoCore2560.a(HardwareSerial.cpp.o)
                0x0000000000019bda                HardwareSerial::peek()
 .text._ZN14HardwareSerial4readEv
                0x0000000000019c0e       0x50 /home/kolja/Desk/links/eclipse/Speedoino/inc/libArduinoCore2560.a(HardwareSerial.cpp.o)
                0x0000000000019c0e                HardwareSerial::read()
 .text._ZN14HardwareSerial5flushEv
                0x0000000000019c5e       0x18 /home/kolja/Desk/links/eclipse/Speedoino/inc/libArduinoCore2560.a(HardwareSerial.cpp.o)
                0x0000000000019c5e                HardwareSerial::flush()
 .text._ZN14HardwareSerial5writeEh
                0x0000000000019c76       0x26 /home/kolja/Desk/links/eclipse/Speedoino/inc/libArduinoCore2560.a(HardwareSerial.cpp.o)
                0x0000000000019c76                HardwareSerial::write(unsigned char)
 .text._GLOBAL__I_rx_buffer
                0x0000000000019c9c      0x13c /home/kolja/Desk/links/eclipse/Speedoino/inc/libArduinoCore2560.a(HardwareSerial.cpp.o)
 .text._ZN5Print5writeEPKc
                0x0000000000019dd8       0x30 /home/kolja/Desk/links/eclipse/Speedoino/inc/libArduinoCore2560.a(Print.cpp.o)
                0x0000000000019dd8                Print::write(char const*)
 .text._ZN5Print5writeEPKhj
                0x0000000000019e08       0x3e /home/kolja/Desk/links/eclipse/Speedoino/inc/libArduinoCore2560.a(Print.cpp.o)
                0x0000000000019e08                Print::write(unsigned char const*, unsigned int)
 .text._ZN5Print5printEPKc
                0x0000000000019e46       0x10 /home/kolja/Desk/links/eclipse/Speedoino/inc/libArduinoCore2560.a(Print.cpp.o)
                0x0000000000019e46                Print::print(char const*)
 .text._ZN5Print5printERK6String
                0x0000000000019e56       0x54 /home/kolja/Desk/links/eclipse/Speedoino/inc/libArduinoCore2560.a(Print.cpp.o)
                0x0000000000019e56                Print::print(String const&)
 .text._ZN5Print11printNumberEmh
                0x0000000000019eaa      0x134 /home/kolja/Desk/links/eclipse/Speedoino/inc/libArduinoCore2560.a(Print.cpp.o)
                0x0000000000019eaa                Print::printNumber(unsigned long, unsigned char)
 .text._ZN5Print5printEmi
                0x0000000000019fde       0x1e /home/kolja/Desk/links/eclipse/Speedoino/inc/libArduinoCore2560.a(Print.cpp.o)
                0x0000000000019fde                Print::print(unsigned long, int)
 .text._ZN5Print5printEji
                0x0000000000019ffc       0x22 /home/kolja/Desk/links/eclipse/Speedoino/inc/libArduinoCore2560.a(Print.cpp.o)
                0x0000000000019ffc                Print::print(unsigned int, int)
 .text._ZN5Print5printEhi
                0x000000000001a01e       0x24 /home/kolja/Desk/links/eclipse/Speedoino/inc/libArduinoCore2560.a(Print.cpp.o)
                0x000000000001a01e                Print::print(unsigned char, int)
 .text._ZN5Print5printEli
                0x000000000001a042       0x6c /home/kolja/Desk/links/eclipse/Speedoino/inc/libArduinoCore2560.a(Print.cpp.o)
                0x000000000001a042                Print::print(long, int)
 .text._ZN5Print5printEii
                0x000000000001a0ae       0x26 /home/kolja/Desk/links/eclipse/Speedoino/inc/libArduinoCore2560.a(Print.cpp.o)
                0x000000000001a0ae                Print::print(int, int)
 .text._ZN5Print5printEci
                0x000000000001a0d4       0x28 /home/kolja/Desk/links/eclipse/Speedoino/inc/libArduinoCore2560.a(Print.cpp.o)
                0x000000000001a0d4                Print::print(char, int)
 .text._ZN5Print7printlnEv
                0x000000000001a0fc       0x2e /home/kolja/Desk/links/eclipse/Speedoino/inc/libArduinoCore2560.a(Print.cpp.o)
                0x000000000001a0fc                Print::println()
 .text._ZN5Print7printlnEmi
                0x000000000001a12a       0x16 /home/kolja/Desk/links/eclipse/Speedoino/inc/libArduinoCore2560.a(Print.cpp.o)
                0x000000000001a12a                Print::println(unsigned long, int)
 .text._ZN5Print7printlnEji
                0x000000000001a140       0x32 /home/kolja/Desk/links/eclipse/Speedoino/inc/libArduinoCore2560.a(Print.cpp.o)
                0x000000000001a140                Print::println(unsigned int, int)
 .text._ZN5Print7printlnEhi
                0x000000000001a172       0x34 /home/kolja/Desk/links/eclipse/Speedoino/inc/libArduinoCore2560.a(Print.cpp.o)
                0x000000000001a172                Print::println(unsigned char, int)
 .text._ZN5Print7printlnEPKc
                0x000000000001a1a6       0x16 /home/kolja/Desk/links/eclipse/Speedoino/inc/libArduinoCore2560.a(Print.cpp.o)
                0x000000000001a1a6                Print::println(char const*)
 .text._ZN5Print7printlnERK6String
                0x000000000001a1bc       0x16 /home/kolja/Desk/links/eclipse/Speedoino/inc/libArduinoCore2560.a(Print.cpp.o)
                0x000000000001a1bc                Print::println(String const&)
 .text._ZN5Print7printlnEli
                0x000000000001a1d2       0x16 /home/kolja/Desk/links/eclipse/Speedoino/inc/libArduinoCore2560.a(Print.cpp.o)
                0x000000000001a1d2                Print::println(long, int)
 .text._ZN5Print7printlnEii
                0x000000000001a1e8       0x36 /home/kolja/Desk/links/eclipse/Speedoino/inc/libArduinoCore2560.a(Print.cpp.o)
                0x000000000001a1e8                Print::println(int, int)
 .text._ZN5Print7printlnEci
                0x000000000001a21e       0x38 /home/kolja/Desk/links/eclipse/Speedoino/inc/libArduinoCore2560.a(Print.cpp.o)
                0x000000000001a21e                Print::println(char, int)
 .text._ZN5Print10printFloatEdh
                0x000000000001a256      0x118 /home/kolja/Desk/links/eclipse/Speedoino/inc/libArduinoCore2560.a(Print.cpp.o)
                0x000000000001a256                Print::printFloat(double, unsigned char)
 .text._ZN5Print5printEdi
                0x000000000001a36e        0x6 /home/kolja/Desk/links/eclipse/Speedoino/inc/libArduinoCore2560.a(Print.cpp.o)
                0x000000000001a36e                Print::print(double, int)
 .text._ZN5Print7printlnEdi
                0x000000000001a374       0x16 /home/kolja/Desk/links/eclipse/Speedoino/inc/libArduinoCore2560.a(Print.cpp.o)
                0x000000000001a374                Print::println(double, int)
 .text._ZNK6String6charAtEj
                0x000000000001a38a       0x10 /home/kolja/Desk/links/eclipse/Speedoino/inc/libArduinoCore2560.a(WString.cpp.o)
                0x000000000001a38a                String::charAt(unsigned int) const
 .text._ZN6String9setCharAtEjc
                0x000000000001a39a       0x22 /home/kolja/Desk/links/eclipse/Speedoino/inc/libArduinoCore2560.a(WString.cpp.o)
                0x000000000001a39a                String::setCharAt(unsigned int, char)
 .text._ZN6StringixEj
                0x000000000001a3bc       0x2a /home/kolja/Desk/links/eclipse/Speedoino/inc/libArduinoCore2560.a(WString.cpp.o)
                0x000000000001a3bc                String::operator[](unsigned int)
 .text._ZNK6StringixEj
                0x000000000001a3e6       0x10 /home/kolja/Desk/links/eclipse/Speedoino/inc/libArduinoCore2560.a(WString.cpp.o)
                0x000000000001a3e6                String::operator[](unsigned int) const
 .text._ZN6String11toCharArrayEPcj
                0x000000000001a3f6       0x44 /home/kolja/Desk/links/eclipse/Speedoino/inc/libArduinoCore2560.a(WString.cpp.o)
                0x000000000001a3f6                String::toCharArray(char*, unsigned int)
 .text._ZN6String8getBytesEPhj
                0x000000000001a43a       0x44 /home/kolja/Desk/links/eclipse/Speedoino/inc/libArduinoCore2560.a(WString.cpp.o)
                0x000000000001a43a                String::getBytes(unsigned char*, unsigned int)
 .text._ZN6StringD1Ev
                0x000000000001a47e       0x20 /home/kolja/Desk/links/eclipse/Speedoino/inc/libArduinoCore2560.a(WString.cpp.o)
                0x000000000001a47e                String::~String()
 .text._ZNK6String10startsWithERKS_j
                0x000000000001a49e       0x3c /home/kolja/Desk/links/eclipse/Speedoino/inc/libArduinoCore2560.a(WString.cpp.o)
                0x000000000001a49e                String::startsWith(String const&, unsigned int) const
 .text._ZNK6String10startsWithERKS_
                0x000000000001a4da       0x26 /home/kolja/Desk/links/eclipse/Speedoino/inc/libArduinoCore2560.a(WString.cpp.o)
                0x000000000001a4da                String::startsWith(String const&) const
 .text._ZNK6String11lastIndexOfEcj
                0x000000000001a500       0x6e /home/kolja/Desk/links/eclipse/Speedoino/inc/libArduinoCore2560.a(WString.cpp.o)
                0x000000000001a500                String::lastIndexOf(char, unsigned int) const
 .text._ZNK6String11lastIndexOfEc
                0x000000000001a56e       0x10 /home/kolja/Desk/links/eclipse/Speedoino/inc/libArduinoCore2560.a(WString.cpp.o)
                0x000000000001a56e                String::lastIndexOf(char) const
 .text._ZNK6String7indexOfERKS_j
                0x000000000001a57e       0x3c /home/kolja/Desk/links/eclipse/Speedoino/inc/libArduinoCore2560.a(WString.cpp.o)
                0x000000000001a57e                String::indexOf(String const&, unsigned int) const
 .text._ZNK6String7indexOfERKS_
                0x000000000001a5ba        0xa /home/kolja/Desk/links/eclipse/Speedoino/inc/libArduinoCore2560.a(WString.cpp.o)
                0x000000000001a5ba                String::indexOf(String const&) const
 .text._ZNK6String7indexOfEcj
                0x000000000001a5c4       0x3c /home/kolja/Desk/links/eclipse/Speedoino/inc/libArduinoCore2560.a(WString.cpp.o)
                0x000000000001a5c4                String::indexOf(char, unsigned int) const
 .text._ZNK6String7indexOfEc
                0x000000000001a600        0xa /home/kolja/Desk/links/eclipse/Speedoino/inc/libArduinoCore2560.a(WString.cpp.o)
                0x000000000001a600                String::indexOf(char) const
 .text._ZNK6String6equalsERKS_
                0x000000000001a60a       0x32 /home/kolja/Desk/links/eclipse/Speedoino/inc/libArduinoCore2560.a(WString.cpp.o)
                0x000000000001a60a                String::equals(String const&) const
 .text._ZNK6String8endsWithERKS_
                0x000000000001a63c       0x3a /home/kolja/Desk/links/eclipse/Speedoino/inc/libArduinoCore2560.a(WString.cpp.o)
                0x000000000001a63c                String::endsWith(String const&) const
 .text._ZNK6StringgeERKS_
                0x000000000001a676       0x28 /home/kolja/Desk/links/eclipse/Speedoino/inc/libArduinoCore2560.a(WString.cpp.o)
                0x000000000001a676                String::operator>=(String const&) const
 .text._ZNK6StringleERKS_
                0x000000000001a69e       0x22 /home/kolja/Desk/links/eclipse/Speedoino/inc/libArduinoCore2560.a(WString.cpp.o)
                0x000000000001a69e                String::operator<=(String const&) const
 .text._ZNK6StringgtERKS_
                0x000000000001a6c0       0x22 /home/kolja/Desk/links/eclipse/Speedoino/inc/libArduinoCore2560.a(WString.cpp.o)
                0x000000000001a6c0                String::operator>(String const&) const
 .text._ZNK6StringltERKS_
                0x000000000001a6e2       0x24 /home/kolja/Desk/links/eclipse/Speedoino/inc/libArduinoCore2560.a(WString.cpp.o)
                0x000000000001a6e2                String::operator<(String const&) const
 .text._ZNK6StringneERKS_
                0x000000000001a706       0x30 /home/kolja/Desk/links/eclipse/Speedoino/inc/libArduinoCore2560.a(WString.cpp.o)
                0x000000000001a706                String::operator!=(String const&) const
 .text._ZNK6StringeqERKS_
                0x000000000001a736       0x34 /home/kolja/Desk/links/eclipse/Speedoino/inc/libArduinoCore2560.a(WString.cpp.o)
                0x000000000001a736                String::operator==(String const&) const
 .text._ZNK6String9compareToERKS_
                0x000000000001a76a       0x12 /home/kolja/Desk/links/eclipse/Speedoino/inc/libArduinoCore2560.a(WString.cpp.o)
                0x000000000001a76a                String::compareTo(String const&) const
 .text._ZN6String9getBufferEj
                0x000000000001a77c       0x28 /home/kolja/Desk/links/eclipse/Speedoino/inc/libArduinoCore2560.a(WString.cpp.o)
                0x000000000001a77c                String::getBuffer(unsigned int)
 .text._ZN6StringpLERKS_
                0x000000000001a7a4       0x6c /home/kolja/Desk/links/eclipse/Speedoino/inc/libArduinoCore2560.a(WString.cpp.o)
                0x000000000001a7a4                String::operator+=(String const&)
 .text._ZN6String6concatERKS_
                0x000000000001a810        0x6 /home/kolja/Desk/links/eclipse/Speedoino/inc/libArduinoCore2560.a(WString.cpp.o)
                0x000000000001a810                String::concat(String const&)
 .text._ZN6StringaSERKS_
                0x000000000001a816       0x60 /home/kolja/Desk/links/eclipse/Speedoino/inc/libArduinoCore2560.a(WString.cpp.o)
                0x000000000001a816                String::operator=(String const&)
 .text._ZN6StringC1Eh
                0x000000000001a876       0x34 /home/kolja/Desk/links/eclipse/Speedoino/inc/libArduinoCore2560.a(WString.cpp.o)
                0x000000000001a876                String::String(unsigned char)
 .text._ZN6StringC2Eh
                0x000000000001a8aa       0x34 /home/kolja/Desk/links/eclipse/Speedoino/inc/libArduinoCore2560.a(WString.cpp.o)
                0x000000000001a8aa                String::String(unsigned char)
 .text._ZN6StringC1Ec
                0x000000000001a8de       0x34 /home/kolja/Desk/links/eclipse/Speedoino/inc/libArduinoCore2560.a(WString.cpp.o)
                0x000000000001a8de                String::String(char)
 .text._ZN6StringC2Ec
                0x000000000001a912       0x34 /home/kolja/Desk/links/eclipse/Speedoino/inc/libArduinoCore2560.a(WString.cpp.o)
                0x000000000001a912                String::String(char)
 .text._ZN6StringC1ERKS_
                0x000000000001a946       0x36 /home/kolja/Desk/links/eclipse/Speedoino/inc/libArduinoCore2560.a(WString.cpp.o)
                0x000000000001a946                String::String(String const&)
 .text._ZN6StringC2ERKS_
                0x000000000001a97c       0x36 /home/kolja/Desk/links/eclipse/Speedoino/inc/libArduinoCore2560.a(WString.cpp.o)
                0x000000000001a97c                String::String(String const&)
 .text._ZN6StringC1Emi
                0x000000000001a9b2       0x7e /home/kolja/Desk/links/eclipse/Speedoino/inc/libArduinoCore2560.a(WString.cpp.o)
                0x000000000001a9b2                String::String(unsigned long, int)
 .text._ZN6StringC2Emi
                0x000000000001aa30       0x7e /home/kolja/Desk/links/eclipse/Speedoino/inc/libArduinoCore2560.a(WString.cpp.o)
                0x000000000001aa30                String::String(unsigned long, int)
 .text._ZN6StringC1Eji
                0x000000000001aaae       0x7c /home/kolja/Desk/links/eclipse/Speedoino/inc/libArduinoCore2560.a(WString.cpp.o)
                0x000000000001aaae                String::String(unsigned int, int)
 .text._ZN6StringC2Eji
                0x000000000001ab2a       0x7c /home/kolja/Desk/links/eclipse/Speedoino/inc/libArduinoCore2560.a(WString.cpp.o)
                0x000000000001ab2a                String::String(unsigned int, int)
 .text._ZN6StringC1EPKc
                0x000000000001aba6       0x50 /home/kolja/Desk/links/eclipse/Speedoino/inc/libArduinoCore2560.a(WString.cpp.o)
                0x000000000001aba6                String::String(char const*)
 .text._ZNK6String11toUpperCaseEv
                0x000000000001abf6       0x76 /home/kolja/Desk/links/eclipse/Speedoino/inc/libArduinoCore2560.a(WString.cpp.o)
                0x000000000001abf6                String::toUpperCase() const
 .text._ZNK6String11toLowerCaseEv
                0x000000000001ac6c       0x76 /home/kolja/Desk/links/eclipse/Speedoino/inc/libArduinoCore2560.a(WString.cpp.o)
                0x000000000001ac6c                String::toLowerCase() const
 .text._ZNK6String16equalsIgnoreCaseERKS_
                0x000000000001ace2       0x98 /home/kolja/Desk/links/eclipse/Speedoino/inc/libArduinoCore2560.a(WString.cpp.o)
                0x000000000001ace2                String::equalsIgnoreCase(String const&) const
 .text._ZNK6String9substringEjj
                0x000000000001ad7a       0x6e /home/kolja/Desk/links/eclipse/Speedoino/inc/libArduinoCore2560.a(WString.cpp.o)
                0x000000000001ad7a                String::substring(unsigned int, unsigned int) const
 .text._ZNK6String9substringEj
                0x000000000001ade8       0x18 /home/kolja/Desk/links/eclipse/Speedoino/inc/libArduinoCore2560.a(WString.cpp.o)
                0x000000000001ade8                String::substring(unsigned int) const
 .text._ZNK6String11lastIndexOfERKS_j
                0x000000000001ae00       0xc8 /home/kolja/Desk/links/eclipse/Speedoino/inc/libArduinoCore2560.a(WString.cpp.o)
                0x000000000001ae00                String::lastIndexOf(String const&, unsigned int) const
 .text._ZNK6String11lastIndexOfERKS_
                0x000000000001aec8       0x1c /home/kolja/Desk/links/eclipse/Speedoino/inc/libArduinoCore2560.a(WString.cpp.o)
                0x000000000001aec8                String::lastIndexOf(String const&) const
 .text._ZNK6String4trimEv
                0x000000000001aee4       0xdc /home/kolja/Desk/links/eclipse/Speedoino/inc/libArduinoCore2560.a(WString.cpp.o)
                0x000000000001aee4                String::trim() const
 .text._ZN6String7replaceERKS_S1_
                0x000000000001afc0      0x136 /home/kolja/Desk/links/eclipse/Speedoino/inc/libArduinoCore2560.a(WString.cpp.o)
                0x000000000001afc0                String::replace(String const&, String const&)
 .text._ZN6String7replaceEcc
                0x000000000001b0f6       0x86 /home/kolja/Desk/links/eclipse/Speedoino/inc/libArduinoCore2560.a(WString.cpp.o)
                0x000000000001b0f6                String::replace(char, char)
 .text._ZN6StringC2EPKc
                0x000000000001b17c       0x50 /home/kolja/Desk/links/eclipse/Speedoino/inc/libArduinoCore2560.a(WString.cpp.o)
                0x000000000001b17c                String::String(char const*)
 .text._ZN6StringC1Eli
                0x000000000001b1cc       0x7a /home/kolja/Desk/links/eclipse/Speedoino/inc/libArduinoCore2560.a(WString.cpp.o)
                0x000000000001b1cc                String::String(long, int)
 .text._ZN6StringC2Eli
                0x000000000001b246       0x7a /home/kolja/Desk/links/eclipse/Speedoino/inc/libArduinoCore2560.a(WString.cpp.o)
                0x000000000001b246                String::String(long, int)
 .text._ZN6StringC1Eii
                0x000000000001b2c0       0x78 /home/kolja/Desk/links/eclipse/Speedoino/inc/libArduinoCore2560.a(WString.cpp.o)
                0x000000000001b2c0                String::String(int, int)
 .text._ZN6StringC2Eii
                0x000000000001b338       0x78 /home/kolja/Desk/links/eclipse/Speedoino/inc/libArduinoCore2560.a(WString.cpp.o)
                0x000000000001b338                String::String(int, int)
 .text.avr-libc
                0x000000000001b3b0      0x20a /usr/lib/gcc/avr/4.3.5/../../../avr/lib/avr6/libc.a(malloc.o)
                0x000000000001b3b0                malloc
                0x000000000001b50a                free
 .text.avr-libc
                0x000000000001b5ba        0x6 /usr/lib/gcc/avr/4.3.5/../../../avr/lib/avr6/libc.a(exit.o)
                0x000000000001b5ba                exit
 .text.avr-libc
                0x000000000001b5c0       0x12 /usr/lib/gcc/avr/4.3.5/../../../avr/lib/avr6/libc.a(isalpha.o)
                0x000000000001b5c0                isupper
                0x000000000001b5c4                isalpha
                0x000000000001b5c6                islower
 .text.avr-libc
                0x000000000001b5d2       0x10 /usr/lib/gcc/avr/4.3.5/../../../avr/lib/avr6/libc.a(isspace.o)
                0x000000000001b5d2                isspace
 .text.avr-libc
                0x000000000001b5e2       0x10 /usr/lib/gcc/avr/4.3.5/../../../avr/lib/avr6/libc.a(tolower.o)
                0x000000000001b5e2                tolower
 .text.avr-libc
                0x000000000001b5f2       0x10 /usr/lib/gcc/avr/4.3.5/../../../avr/lib/avr6/libc.a(toupper.o)
                0x000000000001b5f2                toupper
 .text.avr-libc
                0x000000000001b602       0x12 /usr/lib/gcc/avr/4.3.5/../../../avr/lib/avr6/libc.a(strcmp_P.o)
                0x000000000001b602                strcmp_P
 .text.avr-libc
                0x000000000001b614        0xe /usr/lib/gcc/avr/4.3.5/../../../avr/lib/avr6/libc.a(strcpy_P.o)
                0x000000000001b614                strcpy_P
 .text.avr-libc
                0x000000000001b622       0x12 /usr/lib/gcc/avr/4.3.5/../../../avr/lib/avr6/libc.a(strlen_P.o)
                0x000000000001b622                strlen_P
 .text.avr-libc
                0x000000000001b634       0x1a /usr/lib/gcc/avr/4.3.5/../../../avr/lib/avr6/libc.a(memcmp.o)
                0x000000000001b634                memcmp
 .text.avr-libc
                0x000000000001b64e       0x12 /usr/lib/gcc/avr/4.3.5/../../../avr/lib/avr6/libc.a(memcpy.o)
                0x000000000001b64e                memcpy
 .text.avr-libc
                0x000000000001b660        0xe /usr/lib/gcc/avr/4.3.5/../../../avr/lib/avr6/libc.a(memset.o)
                0x000000000001b660                memset
 .text.avr-libc
                0x000000000001b66e       0x16 /usr/lib/gcc/avr/4.3.5/../../../avr/lib/avr6/libc.a(strcat.o)
                0x000000000001b66e                strcat
 .text.avr-libc
                0x000000000001b684       0x16 /usr/lib/gcc/avr/4.3.5/../../../avr/lib/avr6/libc.a(strchr.o)
                0x000000000001b684                strchr
 .text.avr-libc
                0x000000000001b69a       0x12 /usr/lib/gcc/avr/4.3.5/../../../avr/lib/avr6/libc.a(strcmp.o)
                0x000000000001b69a                strcmp
 .text.avr-libc
                0x000000000001b6ac        0xe /usr/lib/gcc/avr/4.3.5/../../../avr/lib/avr6/libc.a(strcpy.o)
                0x000000000001b6ac                strcpy
 .text.avr-libc
                0x000000000001b6ba       0x1c /usr/lib/gcc/avr/4.3.5/../../../avr/lib/avr6/libc.a(strncmp.o)
                0x000000000001b6ba                strncmp
 .text.avr-libc
                0x000000000001b6d6       0x1e /usr/lib/gcc/avr/4.3.5/../../../avr/lib/avr6/libc.a(strncpy.o)
                0x000000000001b6d6                strncpy
 .text.avr-libc
                0x000000000001b6f4       0x16 /usr/lib/gcc/avr/4.3.5/../../../avr/lib/avr6/libc.a(strrchr.o)
                0x000000000001b6f4                strrchr
 .text.avr-libc
                0x000000000001b70a       0x34 /usr/lib/gcc/avr/4.3.5/../../../avr/lib/avr6/libc.a(strstr.o)
                0x000000000001b70a                strstr
 .text.avr-libc
                0x000000000001b73e       0x42 /usr/lib/gcc/avr/4.3.5/../../../avr/lib/avr6/libc.a(itoa.o)
                0x000000000001b73e                itoa
 .text.avr-libc
                0x000000000001b780       0x68 /usr/lib/gcc/avr/4.3.5/../../../avr/lib/avr6/libc.a(ltoa.o)
                0x000000000001b780                ltoa
 .text.avr-libc
                0x000000000001b7e8       0x4a /usr/lib/gcc/avr/4.3.5/../../../avr/lib/avr6/libc.a(ultoa.o)
                0x000000000001b7e8                ultoa
 .text.avr-libc
                0x000000000001b832       0x62 /usr/lib/gcc/avr/4.3.5/../../../avr/lib/avr6/libc.a(sprintf.o)
                0x000000000001b832                sprintf
 .text.avr-libc.fplib
                0x000000000001b894        0xa /usr/lib/gcc/avr/4.3.5/../../../avr/lib/avr6/libc.a(addsf3.o)
                0x000000000001b894                __subsf3
                0x000000000001b896                __addsf3
 .text.avr-libc.fplib
                0x000000000001b89e       0xc0 /usr/lib/gcc/avr/4.3.5/../../../avr/lib/avr6/libc.a(addsf3x.o)
                0x000000000001b8b8                __addsf3x
 .text.avr-libc.fplib
                0x000000000001b95e       0x2e /usr/lib/gcc/avr/4.3.5/../../../avr/lib/avr6/libc.a(asin.o)
                0x000000000001b95e                asin
 .text.avr-libc.fplib
                0x000000000001b98c        0x8 /usr/lib/gcc/avr/4.3.5/../../../avr/lib/avr6/libc.a(cmpsf2.o)
                0x000000000001b98c                __lesf2
                0x000000000001b98c                __nesf2
                0x000000000001b98c                __eqsf2
                0x000000000001b98c                __cmpsf2
                0x000000000001b98c                __ltsf2
 .text.avr-libc.fplib
                0x000000000001b994        0x6 /usr/lib/gcc/avr/4.3.5/../../../avr/lib/avr6/libc.a(cos.o)
                0x000000000001b994                cos
 .text.avr-libc.fplib
                0x000000000001b99a        0x4 /usr/lib/gcc/avr/4.3.5/../../../avr/lib/avr6/libc.a(divsf3.o)
                0x000000000001b99a                __divsf3
 .text.avr-libc.fplib
                0x000000000001b99e       0xcc /usr/lib/gcc/avr/4.3.5/../../../avr/lib/avr6/libc.a(divsf3x.o)
                0x000000000001b9b4                __divsf3x
                0x000000000001b9b8                __divsf3_pse
 .text.avr-libc.fplib
                0x000000000001ba6a        0xa /usr/lib/gcc/avr/4.3.5/../../../avr/lib/avr6/libc.a(fixsfsi.o)
                0x000000000001ba6a                __fixsfsi
 .text.avr-libc.fplib
                0x000000000001ba74       0x58 /usr/lib/gcc/avr/4.3.5/../../../avr/lib/avr6/libc.a(fixunssfsi.o)
                0x000000000001ba74                __fixunssfsi
 .text.avr-libc.fplib
                0x000000000001bacc       0x7a /usr/lib/gcc/avr/4.3.5/../../../avr/lib/avr6/libc.a(floatsisf.o)
                0x000000000001bacc                __floatunsisf
                0x000000000001bad0                __floatsisf
 .text.avr-libc.fplib
                0x000000000001bb46       0x26 /usr/lib/gcc/avr/4.3.5/../../../avr/lib/avr6/libc.a(floor.o)
                0x000000000001bb46                floor
 .text.avr-libc.fplib
                0x000000000001bb6c       0x36 /usr/lib/gcc/avr/4.3.5/../../../avr/lib/avr6/libc.a(fp_arccos.o)
                0x000000000001bb6c                __fp_arccos
 .text.avr-libc.fplib
                0x000000000001bba2       0x48 /usr/lib/gcc/avr/4.3.5/../../../avr/lib/avr6/libc.a(fp_cmp.o)
                0x000000000001bba2                __fp_cmp
 .text.avr-libc.fplib
                0x000000000001bbea        0xc /usr/lib/gcc/avr/4.3.5/../../../avr/lib/avr6/libc.a(fp_inf.o)
                0x000000000001bbea                __fp_inf
 .text.avr-libc.fplib
                0x000000000001bbf6       0x36 /usr/lib/gcc/avr/4.3.5/../../../avr/lib/avr6/libc.a(fp_mintl.o)
                0x000000000001bbf6                __fp_mintl
 .text.avr-libc.fplib
                0x000000000001bc2c       0x1c /usr/lib/gcc/avr/4.3.5/../../../avr/lib/avr6/libc.a(fp_mpack.o)
                0x000000000001bc2c                __fp_mpack
                0x000000000001bc30                __fp_mpack_finite
 .text.avr-libc.fplib
                0x000000000001bc48        0x6 /usr/lib/gcc/avr/4.3.5/../../../avr/lib/avr6/libc.a(fp_nan.o)
                0x000000000001bc48                __fp_nan
 .text.avr-libc.fplib
                0x000000000001bc4e       0x4a /usr/lib/gcc/avr/4.3.5/../../../avr/lib/avr6/libc.a(fp_powser.o)
                0x000000000001bc4e                __fp_powser
 .text.avr-libc.fplib
                0x000000000001bc98       0x22 /usr/lib/gcc/avr/4.3.5/../../../avr/lib/avr6/libc.a(fp_powsodd.o)
                0x000000000001bc98                __fp_powsodd
 .text.avr-libc.fplib