Archive member included because of file (symbol)

/home/jkw/Store/17 - Speedmaster/Firmware/inc/libArduinoCore2560.a(WInterrupts.c.o)
                              ./dz.o (attachInterrupt)
/home/jkw/Store/17 - Speedmaster/Firmware/inc/libArduinoCore2560.a(wiring.c.o)
                              ./blinker.o (millis)
/home/jkw/Store/17 - Speedmaster/Firmware/inc/libArduinoCore2560.a(wiring_analog.c.o)
                              ./temperature.o (analogRead)
/home/jkw/Store/17 - Speedmaster/Firmware/inc/libArduinoCore2560.a(wiring_digital.c.o)
                              ./aktors.o (pinMode)
/home/jkw/Store/17 - Speedmaster/Firmware/inc/libArduinoCore2560.a(HardwareSerial.cpp.o)
                              ./main.o (_ZN14HardwareSerial5beginEl)
/home/jkw/Store/17 - Speedmaster/Firmware/inc/libArduinoCore2560.a(Print.cpp.o)
                              /home/jkw/Store/17 - Speedmaster/Firmware/inc/libArduinoCore2560.a(HardwareSerial.cpp.o) (_ZN5Print5writeEPKc)
/home/jkw/Store/17 - Speedmaster/Firmware/inc/libArduinoCore2560.a(WString.cpp.o)
                              /home/jkw/Store/17 - Speedmaster/Firmware/inc/libArduinoCore2560.a(Print.cpp.o) (_ZNK6StringixEj)
/usr/lib/gcc/avr/4.5.3/../../../avr/lib/avr6/libc.a(malloc.o)
                              ./config.o (malloc)
/usr/lib/gcc/avr/4.5.3/../../../avr/lib/avr6/libc.a(exit.o)
                              /usr/lib/gcc/avr/4.5.3/../../../avr/lib/avr6/crtm2560.o (exit)
/usr/lib/gcc/avr/4.5.3/../../../avr/lib/avr6/libc.a(isalpha.o)
                              ./inc/istream.o (isupper)
/usr/lib/gcc/avr/4.5.3/../../../avr/lib/avr6/libc.a(isspace.o)
                              ./inc/istream.o (isspace)
/usr/lib/gcc/avr/4.5.3/../../../avr/lib/avr6/libc.a(tolower.o)
                              /home/jkw/Store/17 - Speedmaster/Firmware/inc/libArduinoCore2560.a(WString.cpp.o) (tolower)
/usr/lib/gcc/avr/4.5.3/../../../avr/lib/avr6/libc.a(toupper.o)
                              /home/jkw/Store/17 - Speedmaster/Firmware/inc/libArduinoCore2560.a(WString.cpp.o) (toupper)
/usr/lib/gcc/avr/4.5.3/../../../avr/lib/avr6/libc.a(strcmp_P.o)
                              ./config.o (strcmp_P)
/usr/lib/gcc/avr/4.5.3/../../../avr/lib/avr6/libc.a(strcpy_P.o)
                              ./config.o (strcpy_P)
/usr/lib/gcc/avr/4.5.3/../../../avr/lib/avr6/libc.a(strlen_P.o)
                              ./inc/ostream.o (strlen_P)
/usr/lib/gcc/avr/4.5.3/../../../avr/lib/avr6/libc.a(memcmp.o)
                              ./inc/SdFile.o (memcmp)
/usr/lib/gcc/avr/4.5.3/../../../avr/lib/avr6/libc.a(memcpy.o)
                              ./inc/SdFile.o (memcpy)
/usr/lib/gcc/avr/4.5.3/../../../avr/lib/avr6/libc.a(memset.o)
                              ./gps.o (memset)
/usr/lib/gcc/avr/4.5.3/../../../avr/lib/avr6/libc.a(strcat.o)
                              /home/jkw/Store/17 - Speedmaster/Firmware/inc/libArduinoCore2560.a(WString.cpp.o) (strcat)
/usr/lib/gcc/avr/4.5.3/../../../avr/lib/avr6/libc.a(strchr.o)
                              ./inc/SdFile.o (strchr)
/usr/lib/gcc/avr/4.5.3/../../../avr/lib/avr6/libc.a(strcmp.o)
                              ./config.o (strcmp)
/usr/lib/gcc/avr/4.5.3/../../../avr/lib/avr6/libc.a(strcpy.o)
                              ./config.o (strcpy)
/usr/lib/gcc/avr/4.5.3/../../../avr/lib/avr6/libc.a(strncmp.o)
                              ./config.o (strncmp)
/usr/lib/gcc/avr/4.5.3/../../../avr/lib/avr6/libc.a(strncpy.o)
                              /home/jkw/Store/17 - Speedmaster/Firmware/inc/libArduinoCore2560.a(WString.cpp.o) (strncpy)
/usr/lib/gcc/avr/4.5.3/../../../avr/lib/avr6/libc.a(strrchr.o)
                              /home/jkw/Store/17 - Speedmaster/Firmware/inc/libArduinoCore2560.a(WString.cpp.o) (strrchr)
/usr/lib/gcc/avr/4.5.3/../../../avr/lib/avr6/libc.a(strstr.o)
                              /home/jkw/Store/17 - Speedmaster/Firmware/inc/libArduinoCore2560.a(WString.cpp.o) (strstr)
/usr/lib/gcc/avr/4.5.3/../../../avr/lib/avr6/libc.a(itoa.o)
                              /home/jkw/Store/17 - Speedmaster/Firmware/inc/libArduinoCore2560.a(WString.cpp.o) (itoa)
/usr/lib/gcc/avr/4.5.3/../../../avr/lib/avr6/libc.a(ltoa.o)
                              /home/jkw/Store/17 - Speedmaster/Firmware/inc/libArduinoCore2560.a(WString.cpp.o) (ltoa)
/usr/lib/gcc/avr/4.5.3/../../../avr/lib/avr6/libc.a(ultoa.o)
                              /home/jkw/Store/17 - Speedmaster/Firmware/inc/libArduinoCore2560.a(WString.cpp.o) (ultoa)
/usr/lib/gcc/avr/4.5.3/../../../avr/lib/avr6/libc.a(sprintf.o)
                              ./clock_me.o (sprintf)
/usr/lib/gcc/avr/4.5.3/../../../avr/lib/avr6/libc.a(addsf3.o)
                              ./aktors.o (__subsf3)
/usr/lib/gcc/avr/4.5.3/../../../avr/lib/avr6/libc.a(addsf3x.o)
                              /usr/lib/gcc/avr/4.5.3/../../../avr/lib/avr6/libc.a(addsf3.o) (__addsf3x)
/usr/lib/gcc/avr/4.5.3/../../../avr/lib/avr6/libc.a(asin.o)
                              ./gps.o (asin)
[...]
Memory Configuration

Name             Origin             Length             Attributes
text             0x0000000000000000 0x0000000000100000 xr
data             0x0000000000800200 0x000000000000fe00 rw !x
eeprom           0x0000000000810000 0x0000000000010000 rw !x
fuse             0x0000000000820000 0x0000000000000400 rw !x
lock             0x0000000000830000 0x0000000000000400 rw !x
signature        0x0000000000840000 0x0000000000000400 rw !x
*default*        0x0000000000000000 0xffffffffffffffff

Linker script and memory map

Address of section .data set to 0x800200
LOAD /usr/lib/gcc/avr/4.5.3/../../../avr/lib/avr6/crtm2560.o
LOAD ./aktors.o
LOAD ./blinker.o
LOAD ./clock_me.o
LOAD ./config.o
LOAD ./debug.o
LOAD ./display.o
LOAD ./dz.o
LOAD ./file_manager.o
LOAD ./fuel.o
LOAD ./gear.o
LOAD ./gps.o
LOAD ./helper.o
LOAD ./main.o
LOAD ./menu.o
LOAD ./oiler.o
LOAD ./reset.o
LOAD ./sd.o
LOAD ./sensors.o
LOAD ./speed.o
LOAD ./speedo.o
LOAD ./sprint.o
LOAD ./stepper.o
LOAD ./temperature.o
LOAD ./timer.o
LOAD ./inc/EEPROM.o
LOAD ./inc/Sd2Card.o
LOAD ./inc/SdFat.o
LOAD ./inc/SdFatUtil.o
LOAD ./inc/SdFile.o
LOAD ./inc/SdStream.o
LOAD ./inc/SdVolume.o
LOAD ./inc/Wire.o
LOAD ./inc/istream.o
LOAD ./inc/ostream.o
LOAD ./inc/pins_arduino.o
LOAD ./inc/ssd0323.o
LOAD ./inc/twi.o
LOAD /home/jkw/Store/17 - Speedmaster/Firmware/inc/libArduinoCore2560.a
LOAD /usr/lib/gcc/avr/4.5.3/../../../avr/lib/avr6/libc.a
LOAD /usr/lib/gcc/avr/4.5.3/avr6/libgcc.a
LOAD /usr/lib/gcc/avr/4.5.3/../../../avr/lib/avr6/libm.a
LOAD /usr/lib/gcc/avr/4.5.3/../../../avr/lib/avr6/libc.a
LOAD /usr/lib/gcc/avr/4.5.3/avr6/libgcc.a
LOAD /usr/lib/gcc/avr/4.5.3/../../../avr/lib/avr6/libc.a
LOAD /usr/lib/gcc/avr/4.5.3/avr6/libgcc.a

.hash
 *(.hash)

.dynsym
 *(.dynsym)

.dynstr
 *(.dynstr)

.gnu.version
 *(.gnu.version)

.gnu.version_d
 *(.gnu.version_d)

.gnu.version_r
 *(.gnu.version_r)

.rel.init
 *(.rel.init)

.rela.init
 *(.rela.init)

.rel.text
 *(.rel.text)
 *(.rel.text.*)
 *(.rel.gnu.linkonce.t*)

.rela.text
 *(.rela.text)
 *(.rela.text.*)
 *(.rela.gnu.linkonce.t*)

.rel.fini
 *(.rel.fini)

.rela.fini
 *(.rela.fini)

.rel.rodata
 *(.rel.rodata)
 *(.rel.rodata.*)
 *(.rel.gnu.linkonce.r*)

.rela.rodata
 *(.rela.rodata)
 *(.rela.rodata.*)
 *(.rela.gnu.linkonce.r*)

.rel.data
 *(.rel.data)
 *(.rel.data.*)
 *(.rel.gnu.linkonce.d*)

.rela.data
 *(.rela.data)
 *(.rela.data.*)
 *(.rela.gnu.linkonce.d*)

.rel.ctors
 *(.rel.ctors)

.rela.ctors
 *(.rela.ctors)

.rel.dtors
 *(.rel.dtors)

.rela.dtors
 *(.rela.dtors)

.rel.got
 *(.rel.got)

.rela.got
 *(.rela.got)

.rel.bss
 *(.rel.bss)

.rela.bss
 *(.rela.bss)

.rel.plt
 *(.rel.plt)

.rela.plt
 *(.rela.plt)

.text           0x0000000000000000    0x1c1dc
 *(.vectors)
 .vectors       0x0000000000000000       0xe4 /usr/lib/gcc/avr/4.5.3/../../../avr/lib/avr6/crtm2560.o
                0x0000000000000000                __vectors
                0x0000000000000000                __vector_default
 *(.vectors)
 *(.progmem.gcc*)
 .progmem.gcc_fplib
                0x00000000000000e4       0x14 /usr/lib/gcc/avr/4.5.3/../../../avr/lib/avr6/libc.a(asin.o)
 .progmem.gcc_fplib
                0x00000000000000f8       0x28 /usr/lib/gcc/avr/4.5.3/../../../avr/lib/avr6/libc.a(fp_arccos.o)
 .progmem.gcc_fplib
                0x0000000000000120       0x1e /usr/lib/gcc/avr/4.5.3/../../../avr/lib/avr6/libc.a(fp_sinus.o)
 .progmem.gcc_fplib
                0x000000000000013e       0x28 /usr/lib/gcc/avr/4.5.3/../../../avr/lib/avr6/libc.a(exp.o)
 .progmem.gcc_fplib
                0x0000000000000166       0x5a /usr/lib/gcc/avr/4.5.3/../../../avr/lib/avr6/libc.a(log.o)
 *(.progmem*)
 .progmem.data  0x00000000000001c0       0x12 ./blinker.o
 .progmem.data  0x00000000000001d2       0x10 ./clock_me.o
 .progmem.data  0x00000000000001e2      0x54e ./config.o
 .progmem.data  0x0000000000000730       0xaa ./display.o
 .progmem.data  0x00000000000007da      0x113 ./file_manager.o
 .progmem.data  0x00000000000008ed       0x51 ./gear.o
 .progmem.data  0x000000000000093e       0x45 ./gps.o
 .progmem.data  0x0000000000000983      0x2a6 ./menu.o
                0x0000000000000983                titel_0
                0x0000000000000991                titel_1
                0x0000000000000992                titel_2
                0x0000000000000993                titel_3
                0x00000000000009a3                titel_4
                0x00000000000009ae                titel_5
                0x00000000000009bc                titel_6
                0x00000000000009ca                titel_7
                0x00000000000009cb                titel_8
                0x00000000000009d5                titel_9
                0x00000000000009e6                menu_titel
                0x00000000000009fa                main_m_0
                0x0000000000000a07                main_m_1
                0x0000000000000a16                main_m_2
                0x0000000000000a23                main_m_3
                0x0000000000000a31                main_m_4
                0x0000000000000a3e                main_m_5
                0x0000000000000a4e                main_m_6
                0x0000000000000a5d                main_m_7
                0x0000000000000a66                main_m_8
                0x0000000000000a76                s_titel_0
                0x0000000000000a77                s_titel_1
                0x0000000000000a78                s_titel_2
                0x0000000000000a79                s_titel_3
                0x0000000000000a89                s_titel_4
                0x0000000000000a96                s_titel_5
                0x0000000000000aa0                setup_titel
                0x0000000000000aac                menu_main
                0x0000000000000abe                setup_m_0
                0x0000000000000acd                setup_m_1
                0x0000000000000adc                setup_m_2
                0x0000000000000aea                setup_m_3
                0x0000000000000afa                setup_m_4
                0x0000000000000b05                setup_m_5
                0x0000000000000b12                setup_m_6
                0x0000000000000b20                setup_m_7
                0x0000000000000b33                setup_m_8
                0x0000000000000b45                menu_setup
                0x0000000000000b57                navi_m_0
                0x0000000000000b62                navi_m_1
                0x0000000000000b6e                navi_m_2
                0x0000000000000b77                navi_m_3
                0x0000000000000b84                navi_m_4
                0x0000000000000b86                navi_m_5
                0x0000000000000b88                navi_m_6
                0x0000000000000b97                navi_m_7
                0x0000000000000ba2                navi_m_8
                0x0000000000000bb0                menu_navi
                0x0000000000000bc2                trip_setup_m_0
                0x0000000000000bc8                trip_setup_m_1
                0x0000000000000bd5                trip_setup_m_2
                0x0000000000000bd9                trip_setup_m_3
                0x0000000000000bde                trip_setup_m_4
                0x0000000000000be4                trip_setup_m_5
                0x0000000000000be9                trip_setup_m_6
                0x0000000000000bef                trip_setup_m_7
                0x0000000000000bf6                trip_setup_m_8
                0x0000000000000bfc                menu_trip_setup
                0x0000000000000c0e                flasher_m_0
                0x0000000000000c12                flasher_m_1
                0x0000000000000c1b                flasher_m_2
                0x0000000000000c23                menu_flasher
 .progmem.data  0x0000000000000c29       0x10 ./oiler.o
 .progmem.data  0x0000000000000c39       0x19 ./reset.o
 .progmem.data  0x0000000000000c52       0x39 ./sd.o
 .progmem.data  0x0000000000000c8b       0x12 ./sensors.o
 .progmem.data  0x0000000000000c9d       0x12 ./speed.o
 .progmem.data  0x0000000000000caf       0x64 ./speedo.o
 .progmem.data  0x0000000000000d13        0xe ./sprint.o
 .progmem.data  0x0000000000000d21       0xc0 ./inc/SdFat.o
 .progmem.data  0x0000000000000de1       0x13 ./inc/SdFile.o
 .progmem.data  0x0000000000000df4        0xb ./inc/istream.o
 .progmem.data  0x0000000000000dff       0x13 ./inc/ostream.o
 .progmem.data  0x0000000000000e12      0x120 ./inc/pins_arduino.o
                0x0000000000000e12                port_to_mode_PGM
                0x0000000000000e2c                port_to_output_PGM
                0x0000000000000e46                port_to_input_PGM
                0x0000000000000e60                digital_pin_to_port_PGM
                0x0000000000000ea6                digital_pin_to_bit_mask_PGM
                0x0000000000000eec                digital_pin_to_timer_PGM
 .progmem.data  0x0000000000000f32      0xcc0 ./inc/ssd0323.o
                0x0000000000001bf2                . = ALIGN (0x2)
                0x0000000000001bf2                __trampolines_start = .
 *(.trampolines)
 .trampolines   0x0000000000001bf2        0x0 linker stubs
 *(.trampolines*)
                0x0000000000001bf2                __trampolines_end = .
 *(.jumptables)
 *(.jumptables*)
 *(.lowtext)
 *(.lowtext*)
                0x0000000000001bf2                __ctors_start = .
 *(.ctors)
 .ctors         0x0000000000001bf2        0x2 ./main.o
 .ctors         0x0000000000001bf4        0x2 ./inc/Wire.o
 .ctors         0x0000000000001bf6        0x2 /home/jkw/Store/17 - Speedmaster/Firmware/inc/libArduinoCore2560.a(HardwareSerial.cpp.o)
                0x0000000000001bf8                __ctors_end = .
                0x0000000000001bf8                __dtors_start = .
 *(.dtors)
                0x0000000000001bf8                __dtors_end = .
 SORT(*)(.ctors)
 SORT(*)(.dtors)
 *(.init0)
 .init0         0x0000000000001bf8        0x0 /usr/lib/gcc/avr/4.5.3/../../../avr/lib/avr6/crtm2560.o
                0x0000000000001bf8                __init
 *(.init0)
 *(.init1)
 *(.init1)
 *(.init2)
 .init2         0x0000000000001bf8       0x10 /usr/lib/gcc/avr/4.5.3/../../../avr/lib/avr6/crtm2560.o
 *(.init2)
 *(.init3)
 *(.init3)
 *(.init4)
 .init4         0x0000000000001c08       0x1a /usr/lib/gcc/avr/4.5.3/avr6/libgcc.a(_copy_data.o)
                0x0000000000001c08                __do_copy_data
 .init4         0x0000000000001c22       0x10 /usr/lib/gcc/avr/4.5.3/avr6/libgcc.a(_clear_bss.o)
                0x0000000000001c22                __do_clear_bss
 *(.init4)
 *(.init5)
 *(.init5)
 *(.init6)
 .init6         0x0000000000001c32       0x20 /usr/lib/gcc/avr/4.5.3/avr6/libgcc.a(_ctors.o)
                0x0000000000001c32                __do_global_ctors
 *(.init6)
 *(.init7)
 *(.init7)
 *(.init8)
 *(.init8)
 *(.init9)
 .init9         0x0000000000001c52        0x8 /usr/lib/gcc/avr/4.5.3/../../../avr/lib/avr6/crtm2560.o
 *(.init9)
 *(.text)
 .text          0x0000000000001c5a        0x4 /usr/lib/gcc/avr/4.5.3/../../../avr/lib/avr6/crtm2560.o
                0x0000000000001c5a                __vector_38
                0x0000000000001c5a                __vector_22
                0x0000000000001c5a                __vector_28
                0x0000000000001c5a                __vector_32
                0x0000000000001c5a                __vector_34
                0x0000000000001c5a                __vector_24
                0x0000000000001c5a                __vector_12
                0x0000000000001c5a                __vector_55
                0x0000000000001c5a                __vector_46
                0x0000000000001c5a                __bad_interrupt
                0x0000000000001c5a                __vector_31
                0x0000000000001c5a                __vector_30
                0x0000000000001c5a                __vector_45
                0x0000000000001c5a                __vector_11
                0x0000000000001c5a                __vector_13
                0x0000000000001c5a                __vector_17
                0x0000000000001c5a                __vector_19
                0x0000000000001c5a                __vector_56
                0x0000000000001c5a                __vector_49
                0x0000000000001c5a                __vector_41
                0x0000000000001c5a                __vector_43
                0x0000000000001c5a                __vector_27
                0x0000000000001c5a                __vector_33
                0x0000000000001c5a                __vector_47
                0x0000000000001c5a                __vector_52
                0x0000000000001c5a                __vector_37
                0x0000000000001c5a                __vector_44
                0x0000000000001c5a                __vector_9
                0x0000000000001c5a                __vector_21
                0x0000000000001c5a                __vector_15
                0x0000000000001c5a                __vector_29
                0x0000000000001c5a                __vector_40
                0x0000000000001c5a                __vector_26
                0x0000000000001c5a                __vector_48
                0x0000000000001c5a                __vector_14
                0x0000000000001c5a                __vector_53
                0x0000000000001c5a                __vector_10
                0x0000000000001c5a                __vector_50
                0x0000000000001c5a                __vector_16
                0x0000000000001c5a                __vector_18
                0x0000000000001c5a                __vector_20
                0x0000000000001c5a                __vector_42
 .text          0x0000000000001c5e      0x712 ./aktors.o
                0x0000000000001c5e                _ZN13Speedo_aktorsC2Ev
                0x0000000000001c5e                _ZN13Speedo_aktorsC1Ev
                0x0000000000001c84                _ZN13Speedo_aktorsD2Ev
                0x0000000000001c84                _ZN13Speedo_aktorsD1Ev
                0x0000000000001c86                _ZN13Speedo_aktors10set_rgb_inEiii
                0x0000000000001d36                _ZN13Speedo_aktors11set_rgb_outEiii
                0x0000000000001dd4                _ZN13Speedo_aktors4initEv
                0x0000000000001e3c                _ZN13Speedo_aktors11dimm_rgb_toEiiiii
                0x0000000000001eba                _ZN13Speedo_aktors14timer_overflowEv
                0x0000000000002302                _ZN13Speedo_aktors14dimm_availableEv
                0x0000000000002318                __vector_35
 .text          0x0000000000002370      0x158 ./blinker.o
                0x0000000000002370                _ZN13moped_blinkerC1Ev
                0x0000000000002370                _ZN13moped_blinkerC2Ev
                0x0000000000002372                _ZN13moped_blinkerD2Ev
                0x0000000000002372                _ZN13moped_blinkerD1Ev
                0x0000000000002374                _ZN13moped_blinker5checkEv
                0x000000000000241e                _ZN13moped_blinker9set_startEmi
                0x000000000000244c                _ZN13moped_blinker4warnEm
                0x0000000000002490                _ZN13moped_blinker4initEv
 .text          0x00000000000024c8      0x326 ./clock_me.o
                0x00000000000024c8                _ZN12speedo_clockC2Ev
                0x00000000000024c8                _ZN12speedo_clockC1Ev
                0x00000000000024ca                _ZN12speedo_clockD1Ev
                0x00000000000024ca                _ZN12speedo_clockD2Ev
                0x00000000000024cc                _ZN12speedo_clock7changedEPi
                0x00000000000024f2                _ZN12speedo_clock8decToBcdEc
                0x0000000000002502                _ZN12speedo_clock8bcdToDecEc
                0x000000000000251a                _ZN12speedo_clock13set_date_timeEiiiiiiii
                0x0000000000002628                _ZN12speedo_clock4initEv
                0x0000000000002658                _ZN12speedo_clock7getdateEv
                0x000000000000267c                _ZN12speedo_clock13get_long_dateEv
                0x0000000000002708                _ZN12speedo_clock9get_daylsEv
                0x0000000000002710                _ZN12speedo_clock6get_ssEv
                0x000000000000271a                _ZN12speedo_clock3incEv
                0x0000000000002766                _ZN12speedo_clock4copyEPc
 .text          0x00000000000027ee     0x27b6 ./config.o
                0x00000000000027ee                _ZN6SdFileD1Ev
                0x0000000000002804                _ZN13configurationC2Ev
                0x0000000000002804                _ZN13configurationC1Ev
                0x0000000000002806                _ZN13configuration8ram_infoEv
                0x0000000000002842                _ZN13configurationD1Ev
                0x0000000000002842                _ZN13configurationD2Ev
                0x0000000000002844                _ZN13configuration5writeEPKc
                0x0000000000003558                _ZN13configuration5checkEv
                0x0000000000003658                _ZN13configuration4initEv
                0x00000000000039d2                _ZN13configuration11parse_floatEPciPf
                0x0000000000003c54                _ZN13configuration10parse_boolEPciPb
                0x0000000000003c90                _ZN13configuration9parse_intEPciPi
                0x0000000000003ce8                _ZN13configuration11parse_shortEPciPs
                0x0000000000003d34                _ZN13configuration7parse_aEPciS0_i
                0x0000000000003da2                _ZN13configuration8parse_ulEPciPm
                0x0000000000003e4c                _ZN13configuration5parseEPc
                0x000000000000485a                _ZN13configuration4readEPKc
                0x0000000000004ab0                _ZN13configuration9read_skinEv
                0x0000000000004b46                _ZN13configuration7km_saveEv
                0x0000000000004d1e                _ZN13configuration11EEPROM_initEv
 .text          0x0000000000004fa4       0x6e ./debug.o
                0x0000000000004fa4                _ZN9debuggingC1Ev
                0x0000000000004fa4                _ZN9debuggingC2Ev
                0x0000000000004fa6                _ZN9debuggingD1Ev
                0x0000000000004fa6                _ZN9debuggingD2Ev
                0x0000000000004fa8                _ZN9debugging7sprintpEPKc
                0x0000000000004fd2                _ZN9debugging9sprintlnpEPKc
                0x0000000000005004                _ZN9debugging11parse_floatEiPciii
                0x0000000000005006                _ZN9debugging9parse_intEv
                0x0000000000005008                _ZN9debugging5parseEiPc
                0x000000000000500a                _ZN9debugging7parse_aEiPc
                0x000000000000500c                _ZN9debugging8parse_ulEim
                0x000000000000500e                _ZN9debugging11speedo_loopEiimPKc
                0x0000000000005010                _ZN9debugging4loopEv
 .text          0x0000000000005012     0x17b6 ./display.o
                0x0000000000005028                _ZN11speedo_dispC1Ev
                0x0000000000005028                _ZN11speedo_dispC2Ev
                0x000000000000502e                _ZN11speedo_dispD2Ev
                0x000000000000502e                _ZN11speedo_dispD1Ev
                0x0000000000005030                _ZN11speedo_disp8draw_oilEhh
                0x00000000000052fa                _ZN11speedo_disp8draw_airEhh
                0x0000000000005404                _ZN11speedo_disp9draw_fuelEhh
                0x000000000000552e                _ZN11speedo_disp10draw_clockEhh
                0x0000000000005658                _ZN11speedo_disp12draw_blitzerEhh
                0x00000000000058d2                _ZN11speedo_disp10draw_arrowEiii
                0x0000000000005e8a                _ZN11speedo_disp6sd2ssdEPc
                0x000000000000600a                _ZN11speedo_disp11show_storryEPcjS0_j
                0x000000000000628e                _ZN11speedo_disp14show_animationEPKc
                0x00000000000065cc                _ZN11speedo_disp12disp_waitingEihh
                0x000000000000664a                _ZN11speedo_disp9animationEi
                0x00000000000066bc                _ZN11speedo_disp11init_speedoEv
 .text          0x00000000000067c8      0x378 ./dz.o
                0x00000000000067c8                _Z6helperv
                0x00000000000067e2                _ZN9speedo_dzC2Ev
                0x00000000000067e2                _ZN9speedo_dzC1Ev
                0x00000000000067e4                _ZN9speedo_dz7counterEv
                0x00000000000067f4                _ZN9speedo_dz4calcEv
                0x0000000000006af6                _ZN9speedo_dz4initEv
 .text          0x0000000000006b40      0xa5a ./file_manager.o
                0x0000000000006b56                _ZN6SdFile7makeDirEPS_PKc
                0x0000000000006b5e                _ZN18speedo_filemanagerC2Ev
                0x0000000000006b5e                _ZN18speedo_filemanagerC1Ev
                0x0000000000006b7a                _ZN18speedo_filemanagerD1Ev
                0x0000000000006b7a                _ZN18speedo_filemanagerD2Ev
                0x0000000000006b92                _ZN18speedo_filemanager2cdEPc
                0x0000000000006c9a                _ZN18speedo_filemanager9recv_fileEPc
                0x0000000000006f32                _ZN18speedo_filemanager9send_fileEPc
                0x0000000000007014                _ZN18speedo_filemanager2lsEv
                0x000000000000701e                _ZN18speedo_filemanager5mkdirEPc
                0x0000000000007058                _ZN18speedo_filemanager2rmEPc
                0x00000000000070c8                _ZN18speedo_filemanager5rmdirEv
                0x00000000000070e8                _ZN18speedo_filemanager12get_filenameEPc
                0x0000000000007156                _ZN18speedo_filemanager3runEv
 .text          0x000000000000759a      0x24c ./fuel.o
                0x000000000000759a                _ZN11speedo_fuelC1Ev
                0x000000000000759a                _ZN11speedo_fuelC2Ev
                0x000000000000759c                _ZN11speedo_fuelD2Ev
                0x000000000000759c                _ZN11speedo_fuelD1Ev
                0x000000000000759e                _ZN11speedo_fuel8get_fuelEPc
                0x00000000000077ca                _ZN11speedo_fuel4initEv
 .text          0x00000000000077e6      0x68a ./gear.o
                0x00000000000077e6                _ZN11speedo_gearC2Ev
                0x00000000000077e6                _ZN11speedo_gearC1Ev
                0x00000000000077e8                _ZN11speedo_gearD1Ev
                0x00000000000077e8                _ZN11speedo_gearD2Ev
                0x00000000000077ea                _ZN11speedo_gear4initEv
                0x0000000000007812                _ZN11speedo_gear4calcEv
                0x0000000000007a76                _ZN11speedo_gear3getEv
                0x0000000000007a8e                _ZN11speedo_gear9calibrateEv
 .text          0x0000000000007e70     0x1fb8 ./gps.o
                0x0000000000007e86                _ZN10speedo_gpsC1Ev
                0x0000000000007e86                _ZN10speedo_gpsC2Ev
                0x0000000000007e88                _ZN10speedo_gpsD1Ev
                0x0000000000007e88                _ZN10speedo_gpsD2Ev
                0x0000000000007e8a                _ZN10speedo_gps9recv_dataEv
                0x0000000000007fde                __vector_36
                0x000000000000803a                _ZN10speedo_gps8get_infoEi
                0x000000000000819a                _ZN10speedo_gps11store_to_sdEv
                0x0000000000008268                _ZN10speedo_gps3modEmm
                0x00000000000082ee                _ZN10speedo_gps11nmea_to_decEm
                0x00000000000083ac                _ZN10speedo_gps9calc_distEmm
                0x0000000000008638                _ZN10speedo_gps9get_orderEPc
                0x00000000000088b8                _ZN10speedo_gps18generate_new_orderEv
                0x0000000000008c72                _ZN10speedo_gps9calc_naviEv
                0x0000000000009104                _ZN10speedo_gps5parseEPci
                0x000000000000984a                _ZN10speedo_gps10check_flagEv
                0x00000000000098a2                _ZN10speedo_gps4loopEv
                0x0000000000009b78                _ZN10speedo_gps17get_logged_pointsEPci
                0x0000000000009cf4                _ZN10speedo_gps8SendByteEh
                0x0000000000009d02                _ZN10speedo_gps10SendStringEPKc
                0x0000000000009d34                _ZN10speedo_gps4initEv
 .text          0x0000000000009e28       0x3e ./helper.o
                0x0000000000009e28                __cxa_pure_virtual
                0x0000000000009e2c                _Znwj
                0x0000000000009e32                _ZdlPv
                0x0000000000009e38                _Znaj
                0x0000000000009e3e                _ZdaPv
                0x0000000000009e48                _Z19__cxa_guard_acquirePx
                0x0000000000009e5c                _Z19__cxa_guard_releasePx
                0x0000000000009e64                _Z17__cxa_guard_abortPx
 .text          0x0000000000009e66      0x3f8 ./main.o
                0x0000000000009e66                main
 .text          0x000000000000a25e     0x3960 ./menu.o
                0x000000000000a274                _ZN11speedo_menuC2Ev
                0x000000000000a274                _ZN11speedo_menuC1Ev
                0x000000000000a276                _ZN11speedo_menuD2Ev
                0x000000000000a276                _ZN11speedo_menuD1Ev
                0x000000000000a278                _ZN11speedo_menu4backEv
                0x000000000000a378                _ZN11speedo_menu5yesnoEPKcS1_S1_
                0x000000000000a420                _ZN11speedo_menu4drawEPPKci
                0x000000000000a6d6                _ZN11speedo_menu7displayEv
                0x000000000000d534                _ZN11speedo_menu8del_confEPcS0_
                0x000000000000d5b8                _ZN11speedo_menu11button_testEb
                0x000000000000db3e                _ZN11speedo_menu4initEv
 .text          0x000000000000dbbe       0xd4 ./oiler.o
                0x000000000000dbbe                _ZN12speedo_oilerC2Ev
                0x000000000000dbbe                _ZN12speedo_oilerC1Ev
                0x000000000000dbc0                _ZN12speedo_oilerD2Ev
                0x000000000000dbc0                _ZN12speedo_oilerD1Ev
                0x000000000000dbc2                _ZN12speedo_oiler4initEv
                0x000000000000dbe4                _ZN12speedo_oiler12send_impulseEv
                0x000000000000dc34                _ZN12speedo_oiler11check_valueEv
 .text          0x000000000000dc92      0x2a6 ./reset.o
                0x000000000000dc92                _ZN12speedo_resetC1Ev
                0x000000000000dc92                _ZN12speedo_resetC2Ev
                0x000000000000dc94                _ZN12speedo_resetD2Ev
                0x000000000000dc94                _ZN12speedo_resetD1Ev
                0x000000000000dc96                _ZN12speedo_reset10set_activeEbb
                0x000000000000dce0                _ZN12speedo_reset12set_deactiveEbb
                0x000000000000dd28                _ZN12speedo_reset7restoreEv
                0x000000000000dd44                _ZN12speedo_reset6toggleEv
                0x000000000000dda2                _ZN12speedo_reset9ask_resetEv
                0x000000000000dea8                _ZN12speedo_reset4initEv
 .text          0x000000000000df38      0x182 ./sd.o
                0x000000000000df38                _ZN8SdVolume4initEP7Sd2Card
                0x000000000000df66                _ZN9speedo_sdC1Ev
                0x000000000000df66                _ZN9speedo_sdC2Ev
                0x000000000000df82                _ZN9speedo_sdD1Ev
                0x000000000000df82                _ZN9speedo_sdD2Ev
                0x000000000000df84                _ZN9speedo_sd7error_PEPKc
                0x000000000000dfda                _ZN9speedo_sd9writeCRLFER6SdFile
                0x000000000000dfea                _ZN9speedo_sd11writeStringER6SdFilePc
                0x000000000000e00a                _ZN9speedo_sd4initEv
 .text          0x000000000000e0ba      0x23e ./sensors.o
                0x000000000000e0ba                _ZN14Speedo_sensorsC1Ev
                0x000000000000e0ba                _ZN14Speedo_sensorsC2Ev
                0x000000000000e182                _ZN14Speedo_sensorsD2Ev
                0x000000000000e182                _ZN14Speedo_sensorsD1Ev
                0x000000000000e184                _ZN14Speedo_sensors4initEv
                0x000000000000e1f0                _ZN14Speedo_sensors6flatItEiPsif
 .text          0x000000000000e2f8      0x73a ./speed.o
                0x000000000000e2f8                _ZN12speedo_speedC2Ev
                0x000000000000e2f8                _ZN12speedo_speedC1Ev
                0x000000000000e2fa                _ZN12speedo_speedD2Ev
                0x000000000000e2fa                _ZN12speedo_speedD1Ev
                0x000000000000e2fc                _ZN12speedo_speed4calcEv
                0x000000000000e4b2                _Z12helper_speedv
                0x000000000000e4c4                _ZN12speedo_speed4initEv
                0x000000000000e50a                _ZN12speedo_speed8getSpeedEv
                0x000000000000e52e                _ZN12speedo_speed13get_sat_speedEv
                0x000000000000e534                _ZN12speedo_speed13get_mag_speedEv
                0x000000000000e53a                _ZN12speedo_speed12check_umfangEv
 .text          0x000000000000ea32     0x1660 ./speedo.o
                0x000000000000ea32                _ZN13speedo_speedo9reset_bakEv
                0x000000000000ea48                _ZN13speedo_speedo4loopEm
 .text          0x0000000000010092      0x4b0 ./sprint.o
                0x0000000000010092                _ZN13speedo_sprintC2Ev
                0x0000000000010092                _ZN13speedo_sprintC1Ev
                0x000000000001009c                _ZN13speedo_sprintD2Ev
                0x000000000001009c                _ZN13speedo_sprintD1Ev
                0x000000000001009e                _ZN13speedo_sprint4initEv
                0x00000000000100a8                _ZN13speedo_sprint4loopEm
 .text          0x0000000000010542       0xb6 ./stepper.o
                0x0000000000010542                _ZN14speedo_stepperC2Ev
                0x0000000000010542                _ZN14speedo_stepperC1Ev
                0x0000000000010544                _ZN14speedo_stepperD2Ev
                0x0000000000010544                _ZN14speedo_stepperD1Ev
                0x0000000000010546                _ZN14speedo_stepper5go_toEii
                0x00000000000105ce                _ZN14speedo_stepper4initEv
 .text          0x00000000000105f8      0x3e6 ./temperature.o
                0x00000000000105f8                _ZN18speedo_temperatureC1Ev
                0x00000000000105f8                _ZN18speedo_temperatureC2Ev
                0x00000000000105fa                _ZN18speedo_temperatureD1Ev
                0x00000000000105fa                _ZN18speedo_temperatureD2Ev
                0x00000000000105fc                _ZN18speedo_temperature4initEv
                0x0000000000010640                _ZN18speedo_temperature13read_oil_tempEv
                0x00000000000107ac                _ZN18speedo_temperature13read_air_tempEv
                0x000000000001088a                _ZN18speedo_temperature12get_air_tempEv
                0x0000000000010934                _ZN18speedo_temperature12get_oil_tempEv
 .text          0x00000000000109de      0x268 ./timer.o
                0x00000000000109de                _ZN12speedo_timerC2Ev
                0x00000000000109de                _ZN12speedo_timerC1Ev
                0x0000000000010a10                _ZN12speedo_timerD2Ev
                0x0000000000010a10                _ZN12speedo_timerD1Ev
                0x0000000000010a12                _Z8ram_infov
                0x0000000000010a3e                _ZN12speedo_timer9every_secEP13configuration
                0x0000000000010ae4                _ZN12speedo_timer10every_qsecEv
                0x0000000000010b2a                _ZN12speedo_timer12every_customEv
 .text          0x0000000000010c46       0x12 ./inc/EEPROM.o
                0x0000000000010c46                _ZN11EEPROMClass4readEi
                0x0000000000010c4e                _ZN11EEPROMClass5writeEih
 .text          0x0000000000010c58      0x8ec ./inc/Sd2Card.o
                0x0000000000010c8e                _ZN7Sd2Card14chipSelectHighEv
                0x0000000000010c9a                _ZN7Sd2Card13chipSelectLowEv
                0x0000000000010cb4                _ZN7Sd2Card8readDataEPhj
                0x0000000000010d0c                _ZN7Sd2Card10setSckRateEh
                0x0000000000010d20                _ZN7Sd2Card11waitNotBusyEj
                0x0000000000010d58                _ZN7Sd2Card11cardCommandEhm
                0x0000000000010df2                _ZN7Sd2Card8cardAcmdEhm
                0x0000000000010e30                _ZN7Sd2Card4initEhh
                0x0000000000010fa4                _ZN7Sd2Card14waitStartBlockEv
                0x0000000000010ff2                _ZN7Sd2Card12readRegisterEhPv
                0x000000000001103e                _ZN7Sd2Card7readCSDEP5csd_t
                0x0000000000011048                _ZN7Sd2Card22eraseSingleBlockEnableEv
                0x0000000000011084                _ZN7Sd2Card5eraseEmm
                0x00000000000111b8                _ZN7Sd2Card8cardSizeEv
                0x00000000000112c0                _ZN7Sd2Card9readBlockEmPh
                0x0000000000011336                _ZN7Sd2Card9writeDataEhPKh
                0x000000000001139a                _ZN7Sd2Card9writeDataEPKh
                0x00000000000113e6                _ZN7Sd2Card10writeBlockEmPKh
                0x0000000000011488                _ZN7Sd2Card10writeStartEmm
                0x00000000000114fc                _ZN7Sd2Card9writeStopEv
 .text          0x0000000000011544      0x466 ./inc/SdFat.o
                0x0000000000011588                _ZN5SdFat5chdirEv
                0x00000000000115ba                _ZN5SdFat5chdirEPKc
                0x000000000001169e                _ZN5SdFat10errorPrintEv
                0x00000000000116ce                _ZN5SdFat9errorHaltEv
                0x00000000000116d4                _ZN5SdFat10errorPrintEPKc
                0x0000000000011702                _ZN5SdFat9errorHaltEPKc
                0x0000000000011708                _ZN5SdFat12errorPrint_PEPKc
                0x0000000000011732                _ZN5SdFat11errorHalt_PEPKc
                0x0000000000011738                _ZN5SdFat6existsEPKc
                0x0000000000011740                _ZN5SdFat4initEhh
                0x0000000000011778                _ZN5SdFat14initErrorPrintEv
                0x00000000000117c8                _ZN5SdFat13initErrorHaltEv
                0x00000000000117ce                _ZN5SdFat2lsEh
                0x00000000000117de                _ZN5SdFat2lsEP5Printh
                0x00000000000117e8                _ZN5SdFat5mkdirEPKcb
                0x0000000000011848                _ZN5SdFat6removeEPKc
                0x0000000000011850                _ZN5SdFat6renameEPKcS1_
                0x00000000000118ce                _ZN5SdFat5rmdirEPKc
                0x0000000000011930                _ZN5SdFat8truncateEPKcm
 .text          0x00000000000119aa       0x94 ./inc/SdFatUtil.o
                0x00000000000119aa                _ZN9SdFatUtil7FreeRamEv
                0x00000000000119e4                _ZN9SdFatUtil7print_PEP5PrintPKc
                0x0000000000011a10                _ZN9SdFatUtil9println_PEP5PrintPKc
                0x0000000000011a26                _ZN9SdFatUtil13SerialPrint_PEPKc
                0x0000000000011a32                _ZN9SdFatUtil15SerialPrintln_PEPKc
 .text          0x0000000000011a3e     0x2772 ./inc/SdFile.o
                0x0000000000011a6a                _ZN8SdVolume9fatPutEOCEm
                0x0000000000011a80                _ZN6SdFile10addClusterEv
                0x0000000000011ad4                _ZN6SdFile13addDirClusterEv
                0x0000000000011bf2                _ZN6SdFile13cacheDirEntryEh
                0x0000000000011c2e                _ZN6SdFile15contiguousRangeEPmS0_
                0x0000000000011d92                _ZN6SdFile7dirNameERK14directoryEntryPc
                0x0000000000011dce                _ZN6SdFile11getFilenameEPc
                0x0000000000011e06                _ZN6SdFile6getposEP6fpos_t
                0x0000000000011e34                _ZN6SdFile10make83NameEPKcPhPS1_
                0x0000000000011eb6                _ZN6SdFile8openRootEP8SdVolume
                0x0000000000011f5c                _ZN6SdFile12printDirNameEP5PrintRK14directoryEntryhb
                0x0000000000011fec                _ZN6SdFile12printDirNameERK14directoryEntryhb
                0x0000000000012000                _ZN6SdFile12printFatDateEP5Printj
                0x000000000001205e                _ZN6SdFile12printFatDateEj
                0x000000000001206a                _ZN6SdFile12printFatTimeEP5Printj
                0x00000000000120c4                _ZN6SdFile12printFatTimeEj
                0x00000000000120d0                _ZN6SdFile9printNameEv
                0x000000000001211e                _ZN6SdFile4readEPvj
                0x0000000000012382                _ZN6SdFile4readEv
                0x00000000000123b4                _ZN6SdFile4peekEv
                0x000000000001240c                _ZN6SdFile11lsPrintNextEP5Printhh
                0x0000000000012592                _ZN6SdFile5fgetsEPciS0_
                0x0000000000012668                _ZN6SdFile7readDirEP14directoryEntry
                0x00000000000126d4                _ZN6SdFile12readDirCacheEv
                0x000000000001274c                _ZN6SdFile7seekSetEm
                0x0000000000012884                _ZN6SdFile7seekEndEl
                0x00000000000128a4                _ZN6SdFile6rewindEv
                0x00000000000128b0                _ZN6SdFile6setposEP6fpos_t
                0x00000000000128dc                _ZN6SdFile4syncEv
                0x0000000000012972                _ZN6SdFile8dirEntryEP14directoryEntry
                0x00000000000129b8                _ZN6SdFile5closeEv
                0x00000000000129ea                _ZN6SdFile9timestampEhjhhhhh
                0x0000000000012b1e                _ZN6SdFile8truncateEm
                0x0000000000012c8c                _ZN6SdFile6removeEv
                0x0000000000012cc2                _ZN6SdFile5rmdirEv
                0x0000000000012d52                _ZN6SdFile15openCachedEntryEhh
                0x0000000000012e62                _ZN6SdFile8openNextEPS_h
                0x0000000000012efc                _ZN6SdFile4openEPS_jh
                0x0000000000012f82                _ZN6SdFile8rmRfStarEv
                0x00000000000130ca                _ZN6SdFile2lsEP5Printhh
                0x00000000000131d0                _ZN6SdFile2lsEh
                0x00000000000131de                _ZN6SdFile10openParentEPS_
                0x00000000000133e2                _ZN6SdFile4openEPS_PKhh
                0x0000000000013576                _ZN6SdFile4openEPS_PKch
                0x0000000000013714                _ZN6SdFile6removeEPS_PKc
                0x000000000001377c                _ZN6SdFile4openEPKch
                0x0000000000013790                _ZN6SdFileC1EPKch
                0x0000000000013790                _ZN6SdFileC2EPKch
                0x00000000000137a4                _ZN6SdFile6existsEPKc
                0x0000000000013800                _ZN6SdFile16createContiguousEPS_PKcm
                0x0000000000013892                _ZN6SdFile5mkdirEPS_PKh
                0x0000000000013a1c                _ZN6SdFile5mkdirEPS_PKcb
                0x0000000000013bd2                _ZN6SdFile6renameEPS_PKc
                0x0000000000013dd4                _ZN6SdFile5writeEPKvj
                0x000000000001412a                _ZN6SdFile5writeEPKc
                0x0000000000014142                _ZN6SdFile5writeEh
                0x0000000000014164                _ZN6SdFile7write_PEPKc
                0x0000000000014196                _ZN6SdFile9writeln_PEPKc
 .text          0x00000000000141b0      0x2d0 ./inc/SdStream.o
                0x00000000000141b0                _ZN6SdFile7seekCurEl
                0x00000000000141d0                _ZN6SdBase5getchEv
                0x000000000001428c                _ZN6SdBase4openEPKch
                0x000000000001434e                _ZN6SdBase5putchEc
                0x00000000000143ae                _ZN6SdBase6putstrEPKc
                0x0000000000014430                _ZN6SdBase7seekoffElN8ios_base7seekdirE
                0x000000000001447a                _ZN6SdBase7seekposEm
 .text          0x0000000000014480      0xaa8 ./inc/SdVolume.o
                0x0000000000014480                _ZN8SdVolume10cacheFlushEv
                0x00000000000144fa                _ZN8SdVolume13cacheRawBlockEmh
                0x0000000000014580                _ZNK8SdVolume6fatGetEmPm
                0x0000000000014682                _ZNK8SdVolume9chainSizeEmPm
                0x000000000001476a                _ZN8SdVolume6fatPutEmm
                0x00000000000148aa                _ZN8SdVolume15allocContiguousEmPm
                0x0000000000014ace                _ZN8SdVolume9freeChainEm
                0x0000000000014b88                _ZN8SdVolume16freeClusterCountEv
                0x0000000000014cbe                _ZN8SdVolume4initEP7Sd2Cardh
 .text          0x0000000000014f28      0x20e ./inc/Wire.o
                0x0000000000014f28                _ZN7TwoWire16onReceiveServiceEPhi
                0x0000000000014f78                _ZN7TwoWire16onRequestServiceEv
                0x0000000000014f90                _ZN7TwoWireC2Ev
                0x0000000000014f90                _ZN7TwoWireC1Ev
                0x0000000000014f92                _ZN7TwoWire5beginEv
                0x0000000000014fa8                _ZN7TwoWire5beginEh
                0x0000000000014fd0                _ZN7TwoWire5beginEi
                0x0000000000014fd6                _ZN7TwoWire11requestFromEhh
                0x0000000000014ff0                _ZN7TwoWire11requestFromEii
                0x0000000000014ff6                _ZN7TwoWire17beginTransmissionEh
                0x000000000001500a                _ZN7TwoWire17beginTransmissionEi
                0x0000000000015010                _ZN7TwoWire15endTransmissionEv
                0x0000000000015030                _ZN7TwoWire4sendEh
                0x0000000000015078                _ZN7TwoWire4sendEPhh
                0x00000000000150d4                _ZN7TwoWire4sendEPc
                0x00000000000150ec                _ZN7TwoWire4sendEi
                0x00000000000150f2                _ZN7TwoWire9availableEv
                0x00000000000150fe                _ZN7TwoWire7receiveEv
                0x0000000000015120                _ZN7TwoWire9onReceiveEPFviE
                0x000000000001512a                _ZN7TwoWire9onRequestEPFvvE
 .text          0x0000000000015136      0xd82 ./inc/istream.o
                0x0000000000015136                _ZN7istream5getchEP6fpos_t
                0x000000000001515c                _ZN7istream3getEv
                0x00000000000151a0                _ZN7istream3getERc
                0x00000000000151c0                _ZN7istream3getEPcmc
                0x00000000000152da                _ZN7istream7getlineEPcmc
                0x0000000000015414                _ZN7istream6ignoreEmi
                0x000000000001547c                _ZN7istream4peekEv
                0x0000000000015530                _ZN7istream8readSkipEv
                0x0000000000015576                _ZN7istream6getStrEPc
                0x00000000000156cc                _ZN7istream9getNumberEmmPm
                0x000000000001595a                _ZN7istream8getFloatEPf
                0x0000000000015cb4                _ZN7istream7getCharEPc
                0x0000000000015cee                _ZN7istream9skipWhiteEv
                0x0000000000015d60                _ZN7istream9getNumberIbEEvPT_
                0x0000000000015dcc                _ZN7istream7getBoolEPb
 .text          0x0000000000015eb8      0x670 ./inc/ostream.o
                0x0000000000015eb8                _ZN7ostream7do_fillEj
                0x0000000000015f08                _ZN7ostream13fill_not_leftEj
                0x0000000000015f30                _ZN7ostream6fmtNumEmPch
                0x0000000000015fcc                _ZN7ostream7putCharEc
                0x0000000000016000                _ZN7ostream6putNumEmb
                0x000000000001616a                _ZN7ostream6putNumEl
                0x00000000000161a8                _ZN7ostream6putPgmERK3pgm
                0x00000000000161fe                _ZN7ostream9putDoubleEd
                0x000000000001647c                _ZN7ostream7putBoolEb
                0x00000000000164dc                _ZN7ostream6putStrEPKc
 .text          0x0000000000016528        0x0 ./inc/pins_arduino.o
 .text          0x0000000000016528     0x1bec ./inc/ssd0323.o
                0x0000000000016528                _ZN7ssd032310senden_spiEh
                0x000000000001654c                _ZN7ssd032312send_commandEh
                0x0000000000016556                _ZN7ssd03239send_charEh
                0x000000000001655e                _ZN7ssd032312clear_screenEv
                0x00000000000165b2                _ZN7ssd032310set2pixelsEhhhh
                0x000000000001662e                _ZN7ssd03234lineEhhhhh
                0x0000000000016b0e                _ZN7ssd032314zeichen_big_1xEPhhiiiih
                0x0000000000016dae                _ZN7ssd032316zeichen_small_1xEPhhiiiih
                0x0000000000016f5a                _ZN7ssd032316zeichen_small_2xEPhhiiiih
                0x000000000001716c                _ZN7ssd032316zeichen_small_3xEPhhiiiih
                0x0000000000017412                _ZN7ssd032316zeichen_small_4xEPhhiiiih
                0x000000000001767c                _ZN7ssd03236stringEsPKchhhhh
                0x0000000000017c9e                _ZN7ssd03236stringEsPKchh
                0x0000000000017cbc                _ZN7ssd03238string_PEsPKchhhhh
                0x0000000000017d5a                _ZN7ssd03238string_PEsPKchh
                0x0000000000017d78                _ZN7ssd032311filled_rectEhhhhh
                0x0000000000017e4e                _ZN7ssd032313highlight_barEhhhh
                0x0000000000017f44                _ZN7ssd03234initEhh
                0x0000000000018112                _ZN7ssd0323C1Ev
                0x0000000000018112                _ZN7ssd0323C2Ev
 .text          0x0000000000018114      0x446 ./inc/twi.o
                0x0000000000018114                twi_init
                0x000000000001813a                twi_setAddress
                0x0000000000018142                twi_readFrom
                0x00000000000181ae                twi_writeTo
                0x000000000001822e                twi_transmit
                0x0000000000018262                twi_attachSlaveRxEvent
                0x000000000001826c                twi_attachSlaveTxEvent
                0x0000000000018276                twi_reply
                0x0000000000018286                twi_stop
                0x000000000001829a                twi_releaseBus
                0x00000000000182a6                __vector_39
 .text          0x000000000001855a        0x0 /home/jkw/Store/17 - Speedmaster/Firmware/inc/libArduinoCore2560.a(WInterrupts.c.o)
 .text          0x000000000001855a        0x0 /home/jkw/Store/17 - Speedmaster/Firmware/inc/libArduinoCore2560.a(wiring.c.o)
 .text          0x000000000001855a        0x0 /home/jkw/Store/17 - Speedmaster/Firmware/inc/libArduinoCore2560.a(wiring_analog.c.o)
 .text          0x000000000001855a        0x0 /home/jkw/Store/17 - Speedmaster/Firmware/inc/libArduinoCore2560.a(wiring_digital.c.o)
 .text          0x000000000001855a        0x0 /home/jkw/Store/17 - Speedmaster/Firmware/inc/libArduinoCore2560.a(HardwareSerial.cpp.o)
 .text          0x000000000001855a        0x0 /home/jkw/Store/17 - Speedmaster/Firmware/inc/libArduinoCore2560.a(Print.cpp.o)
 .text          0x000000000001855a        0x0 /home/jkw/Store/17 - Speedmaster/Firmware/inc/libArduinoCore2560.a(WString.cpp.o)
 .text          0x000000000001855a        0x0 /usr/lib/gcc/avr/4.5.3/../../../avr/lib/avr6/libc.a(malloc.o)
 .text          0x000000000001855a        0x0 /usr/lib/gcc/avr/4.5.3/../../../avr/lib/avr6/libc.a(exit.o)
 .text          0x000000000001855a        0x0 /usr/lib/gcc/avr/4.5.3/../../../avr/lib/avr6/libc.a(isalpha.o)
 .text          0x000000000001855a        0x0 /usr/lib/gcc/avr/4.5.3/../../../avr/lib/avr6/libc.a(isspace.o)
 .text          0x000000000001855a        0x0 /usr/lib/gcc/avr/4.5.3/../../../avr/lib/avr6/libc.a(tolower.o)
 .text          0x000000000001855a        0x0 /usr/lib/gcc/avr/4.5.3/../../../avr/lib/avr6/libc.a(toupper.o)
 .text          0x000000000001855a        0x0 /usr/lib/gcc/avr/4.5.3/../../../avr/lib/avr6/libc.a(strcmp_P.o)
 .text          0x000000000001855a        0x0 /usr/lib/gcc/avr/4.5.3/../../../avr/lib/avr6/libc.a(strcpy_P.o)
 .text          0x000000000001855a        0x0 /usr/lib/gcc/avr/4.5.3/../../../avr/lib/avr6/libc.a(strlen_P.o)
 .text          0x000000000001855a        0x0 /usr/lib/gcc/avr/4.5.3/../../../avr/lib/avr6/libc.a(memcmp.o)
 .text          0x000000000001855a        0x0 /usr/lib/gcc/avr/4.5.3/../../../avr/lib/avr6/libc.a(memcpy.o)
 .text          0x000000000001855a        0x0 /usr/lib/gcc/avr/4.5.3/../../../avr/lib/avr6/libc.a(memset.o)
 .text          0x000000000001855a        0x0 /usr/lib/gcc/avr/4.5.3/../../../avr/lib/avr6/libc.a(strcat.o)
 .text          0x000000000001855a        0x0 /usr/lib/gcc/avr/4.5.3/../../../avr/lib/avr6/libc.a(strchr.o)
 .text          0x000000000001855a        0x0 /usr/lib/gcc/avr/4.5.3/../../../avr/lib/avr6/libc.a(strcmp.o)
 .text          0x000000000001855a        0x0 /usr/lib/gcc/avr/4.5.3/../../../avr/lib/avr6/libc.a(strcpy.o)
 .text          0x000000000001855a        0x0 /usr/lib/gcc/avr/4.5.3/../../../avr/lib/avr6/libc.a(strncmp.o)
 .text          0x000000000001855a        0x0 /usr/lib/gcc/avr/4.5.3/../../../avr/lib/avr6/libc.a(strncpy.o)
 .text          0x000000000001855a        0x0 /usr/lib/gcc/avr/4.5.3/../../../avr/lib/avr6/libc.a(strrchr.o)
 .text          0x000000000001855a        0x0 /usr/lib/gcc/avr/4.5.3/../../../avr/lib/avr6/libc.a(strstr.o)
 .text          0x000000000001855a        0x0 /usr/lib/gcc/avr/4.5.3/../../../avr/lib/avr6/libc.a(itoa.o)
 .text          0x000000000001855a        0x0 /usr/lib/gcc/avr/4.5.3/../../../avr/lib/avr6/libc.a(ltoa.o)
 .text          0x000000000001855a        0x0 /usr/lib/gcc/avr/4.5.3/../../../avr/lib/avr6/libc.a(ultoa.o)
 .text          0x000000000001855a        0x0 /usr/lib/gcc/avr/4.5.3/../../../avr/lib/avr6/libc.a(sprintf.o)
 .text          0x000000000001855a        0x0 /usr/lib/gcc/avr/4.5.3/../../../avr/lib/avr6/libc.a(addsf3.o)
 .text          0x000000000001855a        0x0 /usr/lib/gcc/avr/4.5.3/../../../avr/lib/avr6/libc.a(addsf3x.o)
 .text          0x000000000001855a        0x0 /usr/lib/gcc/avr/4.5.3/../../../avr/lib/avr6/libc.a(asin.o)
 .text          0x000000000001855a        0x0 /usr/lib/gcc/avr/4.5.3/../../../avr/lib/avr6/libc.a(cmpsf2.o)
 .text          0x000000000001855a        0x0 /usr/lib/gcc/avr/4.5.3/../../../avr/lib/avr6/libc.a(cos.o)
 .text          0x000000000001855a        0x0 /usr/lib/gcc/avr/4.5.3/../../../avr/lib/avr6/libc.a(divsf3.o)
 .text          0x000000000001855a        0x0 /usr/lib/gcc/avr/4.5.3/../../../avr/lib/avr6/libc.a(divsf3x.o)
 .text          0x000000000001855a        0x0 /usr/lib/gcc/avr/4.5.3/../../../avr/lib/avr6/libc.a(fixsfsi.o)
 .text          0x000000000001855a        0x0 /usr/lib/gcc/avr/4.5.3/../../../avr/lib/avr6/libc.a(fixunssfsi.o)
 .text          0x000000000001855a        0x0 /usr/lib/gcc/avr/4.5.3/../../../avr/lib/avr6/libc.a(floatsisf.o)
 .text          0x000000000001855a        0x0 /usr/lib/gcc/avr/4.5.3/../../../avr/lib/avr6/libc.a(floor.o)
 .text          0x000000000001855a        0x0 /usr/lib/gcc/avr/4.5.3/../../../avr/lib/avr6/libc.a(fp_arccos.o)
 .text          0x000000000001855a        0x0 /usr/lib/gcc/avr/4.5.3/../../../avr/lib/avr6/libc.a(fp_cmp.o)
 .text          0x000000000001855a        0x0 /usr/lib/gcc/avr/4.5.3/../../../avr/lib/avr6/libc.a(fp_inf.o)
 .text          0x000000000001855a        0x0 /usr/lib/gcc/avr/4.5.3/../../../avr/lib/avr6/libc.a(fp_mintl.o)
 .text          0x000000000001855a        0x0 /usr/lib/gcc/avr/4.5.3/../../../avr/lib/avr6/libc.a(fp_mpack.o)
 .text          0x000000000001855a        0x0 /usr/lib/gcc/avr/4.5.3/../../../avr/lib/avr6/libc.a(fp_nan.o)
 .text          0x000000000001855a        0x0 /usr/lib/gcc/avr/4.5.3/../../../avr/lib/avr6/libc.a(fp_powser.o)
 .text          0x000000000001855a        0x0 /usr/lib/gcc/avr/4.5.3/../../../avr/lib/avr6/libc.a(fp_powsodd.o)
 .text          0x000000000001855a        0x0 /usr/lib/gcc/avr/4.5.3/../../../avr/lib/avr6/libc.a(fp_pscA.o)
 .text          0x000000000001855a        0x0 /usr/lib/gcc/avr/4.5.3/../../../avr/lib/avr6/libc.a(fp_pscB.o)
 .text          0x000000000001855a        0x0 /usr/lib/gcc/avr/4.5.3/../../../avr/lib/avr6/libc.a(fp_rempio2.o)
 .text          0x000000000001855a        0x0 /usr/lib/gcc/avr/4.5.3/../../../avr/lib/avr6/libc.a(fp_round.o)
 .text          0x000000000001855a        0x0 /usr/lib/gcc/avr/4.5.3/../../../avr/lib/avr6/libc.a(fp_sinus.o)
 .text          0x000000000001855a        0x0 /usr/lib/gcc/avr/4.5.3/../../../avr/lib/avr6/libc.a(fp_split3.o)
 .text          0x000000000001855a        0x0 /usr/lib/gcc/avr/4.5.3/../../../avr/lib/avr6/libc.a(fp_trunc.o)
 .text          0x000000000001855a        0x0 /usr/lib/gcc/avr/4.5.3/../../../avr/lib/avr6/libc.a(fp_zero.o)
 .text          0x000000000001855a        0x0 /usr/lib/gcc/avr/4.5.3/../../../avr/lib/avr6/libc.a(gesf2.o)
 .text          0x000000000001855a        0x0 /usr/lib/gcc/avr/4.5.3/../../../avr/lib/avr6/libc.a(mulsf3.o)
 .text          0x000000000001855a        0x0 /usr/lib/gcc/avr/4.5.3/../../../avr/lib/avr6/libc.a(mulsf3x.o)
 .text          0x000000000001855a        0x0 /usr/lib/gcc/avr/4.5.3/../../../avr/lib/avr6/libc.a(pow.o)
 .text          0x000000000001855a        0x0 /usr/lib/gcc/avr/4.5.3/../../../avr/lib/avr6/libc.a(sin.o)
 .text          0x000000000001855a        0x0 /usr/lib/gcc/avr/4.5.3/../../../avr/lib/avr6/libc.a(sqrt.o)
 .text          0x000000000001855a        0x0 /usr/lib/gcc/avr/4.5.3/../../../avr/lib/avr6/libc.a(vfprintf_std.o)
 .text          0x000000000001855a        0x0 /usr/lib/gcc/avr/4.5.3/../../../avr/lib/avr6/libc.a(eerd_byte_atmega2560.o)
 .text          0x000000000001855a        0x0 /usr/lib/gcc/avr/4.5.3/../../../avr/lib/avr6/libc.a(eewr_byte_atmega2560.o)
 .text          0x000000000001855a        0x0 /usr/lib/gcc/avr/4.5.3/../../../avr/lib/avr6/libc.a(cty_isfalse.o)
 .text          0x000000000001855a        0x0 /usr/lib/gcc/avr/4.5.3/../../../avr/lib/avr6/libc.a(strnlen_P.o)
 .text          0x000000000001855a        0x0 /usr/lib/gcc/avr/4.5.3/../../../avr/lib/avr6/libc.a(strnlen.o)
 .text          0x000000000001855a        0x0 /usr/lib/gcc/avr/4.5.3/../../../avr/lib/avr6/libc.a(strrev.o)
 .text          0x000000000001855a        0x0 /usr/lib/gcc/avr/4.5.3/../../../avr/lib/avr6/libc.a(fputc.o)
 .text          0x000000000001855a        0x0 /usr/lib/gcc/avr/4.5.3/../../../avr/lib/avr6/libc.a(ultoa_invert.o)
 .text          0x000000000001855a        0x0 /usr/lib/gcc/avr/4.5.3/../../../avr/lib/avr6/libc.a(exp.o)
 .text          0x000000000001855a        0x0 /usr/lib/gcc/avr/4.5.3/../../../avr/lib/avr6/libc.a(fp_norm2.o)
 .text          0x000000000001855a        0x0 /usr/lib/gcc/avr/4.5.3/../../../avr/lib/avr6/libc.a(inverse.o)
 .text          0x000000000001855a        0x0 /usr/lib/gcc/avr/4.5.3/../../../avr/lib/avr6/libc.a(ldexp.o)
 .text          0x000000000001855a        0x0 /usr/lib/gcc/avr/4.5.3/../../../avr/lib/avr6/libc.a(log.o)
 .text          0x000000000001855a        0x0 /usr/lib/gcc/avr/4.5.3/../../../avr/lib/avr6/libc.a(modf.o)
 .text          0x000000000001855a        0x0 /usr/lib/gcc/avr/4.5.3/avr6/libgcc.a(_mulsi3.o)
 .text          0x000000000001855a        0x0 /usr/lib/gcc/avr/4.5.3/avr6/libgcc.a(_udivmodqi4.o)
 .text          0x000000000001855a        0x0 /usr/lib/gcc/avr/4.5.3/avr6/libgcc.a(_udivmodhi4.o)
 .text          0x000000000001855a        0x0 /usr/lib/gcc/avr/4.5.3/avr6/libgcc.a(_divmodhi4.o)
 .text          0x000000000001855a        0x0 /usr/lib/gcc/avr/4.5.3/avr6/libgcc.a(_udivmodsi4.o)
 .text          0x000000000001855a        0x0 /usr/lib/gcc/avr/4.5.3/avr6/libgcc.a(_divmodsi4.o)
 .text          0x000000000001855a        0x0 /usr/lib/gcc/avr/4.5.3/avr6/libgcc.a(_exit.o)
 .text          0x000000000001855a        0x0 /usr/lib/gcc/avr/4.5.3/avr6/libgcc.a(_copy_data.o)
 .text          0x000000000001855a        0x0 /usr/lib/gcc/avr/4.5.3/avr6/libgcc.a(_clear_bss.o)
 .text          0x000000000001855a        0x0 /usr/lib/gcc/avr/4.5.3/avr6/libgcc.a(_ctors.o)
 .text          0x000000000001855a        0x0 /usr/lib/gcc/avr/4.5.3/avr6/libgcc.a(_tablejump_elpm.o)
                0x000000000001855a                . = ALIGN (0x2)
 *(.text.*)
 .text.attachInterrupt
                0x000000000001855a       0xf8 /home/jkw/Store/17 - Speedmaster/Firmware/inc/libArduinoCore2560.a(WInterrupts.c.o)
                0x000000000001855a                attachInterrupt
 .text.detachInterrupt
                0x0000000000018652       0x58 /home/jkw/Store/17 - Speedmaster/Firmware/inc/libArduinoCore2560.a(WInterrupts.c.o)
                0x0000000000018652                detachInterrupt
 .text.__vector_1
                0x00000000000186aa       0x62 /home/jkw/Store/17 - Speedmaster/Firmware/inc/libArduinoCore2560.a(WInterrupts.c.o)
                0x00000000000186aa                __vector_1
 .text.__vector_2
                0x000000000001870c       0x62 /home/jkw/Store/17 - Speedmaster/Firmware/inc/libArduinoCore2560.a(WInterrupts.c.o)
                0x000000000001870c                __vector_2
 .text.__vector_3
                0x000000000001876e       0x62 /home/jkw/Store/17 - Speedmaster/Firmware/inc/libArduinoCore2560.a(WInterrupts.c.o)
                0x000000000001876e                __vector_3
 .text.__vector_4
                0x00000000000187d0       0x62 /home/jkw/Store/17 - Speedmaster/Firmware/inc/libArduinoCore2560.a(WInterrupts.c.o)
                0x00000000000187d0                __vector_4
 .text.__vector_5
                0x0000000000018832       0x62 /home/jkw/Store/17 - Speedmaster/Firmware/inc/libArduinoCore2560.a(WInterrupts.c.o)
                0x0000000000018832                __vector_5
 .text.__vector_6
                0x0000000000018894       0x62 /home/jkw/Store/17 - Speedmaster/Firmware/inc/libArduinoCore2560.a(WInterrupts.c.o)
                0x0000000000018894                __vector_6
 .text.__vector_7
                0x00000000000188f6       0x62 /home/jkw/Store/17 - Speedmaster/Firmware/inc/libArduinoCore2560.a(WInterrupts.c.o)
                0x00000000000188f6                __vector_7
 .text.__vector_8
                0x0000000000018958       0x62 /home/jkw/Store/17 - Speedmaster/Firmware/inc/libArduinoCore2560.a(WInterrupts.c.o)
                0x0000000000018958                __vector_8
 .text.__vector_23
                0x00000000000189ba       0x90 /home/jkw/Store/17 - Speedmaster/Firmware/inc/libArduinoCore2560.a(wiring.c.o)
                0x00000000000189ba                __vector_23
 .text.millis   0x0000000000018a4a       0x1c /home/jkw/Store/17 - Speedmaster/Firmware/inc/libArduinoCore2560.a(wiring.c.o)
                0x0000000000018a4a                millis
 .text.micros   0x0000000000018a66       0x4c /home/jkw/Store/17 - Speedmaster/Firmware/inc/libArduinoCore2560.a(wiring.c.o)
                0x0000000000018a66                micros
 .text.delay    0x0000000000018ab2       0x4c /home/jkw/Store/17 - Speedmaster/Firmware/inc/libArduinoCore2560.a(wiring.c.o)
                0x0000000000018ab2                delay
 .text.delayMicroseconds
                0x0000000000018afe       0x14 /home/jkw/Store/17 - Speedmaster/Firmware/inc/libArduinoCore2560.a(wiring.c.o)
                0x0000000000018afe                delayMicroseconds
 .text.init     0x0000000000018b12       0xc4 /home/jkw/Store/17 - Speedmaster/Firmware/inc/libArduinoCore2560.a(wiring.c.o)
                0x0000000000018b12                init
 .text.analogReference
                0x0000000000018bd6        0x6 /home/jkw/Store/17 - Speedmaster/Firmware/inc/libArduinoCore2560.a(wiring_analog.c.o)
                0x0000000000018bd6                analogReference
 .text.analogRead
                0x0000000000018bdc       0x68 /home/jkw/Store/17 - Speedmaster/Firmware/inc/libArduinoCore2560.a(wiring_analog.c.o)
                0x0000000000018bdc                analogRead
 .text.analogWrite
                0x0000000000018c44      0x178 /home/jkw/Store/17 - Speedmaster/Firmware/inc/libArduinoCore2560.a(wiring_analog.c.o)
                0x0000000000018c44                analogWrite
 .text.pinMode  0x0000000000018dbc       0x4c /home/jkw/Store/17 - Speedmaster/Firmware/inc/libArduinoCore2560.a(wiring_digital.c.o)
                0x0000000000018dbc                pinMode
 .text.digitalWrite
                0x0000000000018e08      0x122 /home/jkw/Store/17 - Speedmaster/Firmware/inc/libArduinoCore2560.a(wiring_digital.c.o)
                0x0000000000018e08                digitalWrite
 .text.digitalRead
                0x0000000000018f2a      0x118 /home/jkw/Store/17 - Speedmaster/Firmware/inc/libArduinoCore2560.a(wiring_digital.c.o)
                0x0000000000018f2a                digitalRead
 .text._Z10store_charhP11ring_buffer
                0x0000000000019042       0x4e /home/jkw/Store/17 - Speedmaster/Firmware/inc/libArduinoCore2560.a(HardwareSerial.cpp.o)
                0x0000000000019042                _Z10store_charhP11ring_buffer
 .text.__vector_25
                0x0000000000019090       0x58 /home/jkw/Store/17 - Speedmaster/Firmware/inc/libArduinoCore2560.a(HardwareSerial.cpp.o)
                0x0000000000019090                __vector_25
 .text.__vector_51
                0x00000000000190e8       0x58 /home/jkw/Store/17 - Speedmaster/Firmware/inc/libArduinoCore2560.a(HardwareSerial.cpp.o)
                0x00000000000190e8                __vector_51
 .text.__vector_54
                0x0000000000019140       0x58 /home/jkw/Store/17 - Speedmaster/Firmware/inc/libArduinoCore2560.a(HardwareSerial.cpp.o)
                0x0000000000019140                __vector_54
 .text._ZN14HardwareSerialC2EP11ring_bufferPVhS3_S3_S3_S3_hhhhh
                0x0000000000019198       0x60 /home/jkw/Store/17 - Speedmaster/Firmware/inc/libArduinoCore2560.a(HardwareSerial.cpp.o)
                0x0000000000019198                _ZN14HardwareSerialC2EP11ring_bufferPVhS3_S3_S3_S3_hhhhh
 .text._ZN14HardwareSerialC1EP11ring_bufferPVhS3_S3_S3_S3_hhhhh
                0x00000000000191f8       0x60 /home/jkw/Store/17 - Speedmaster/Firmware/inc/libArduinoCore2560.a(HardwareSerial.cpp.o)
                0x00000000000191f8                _ZN14HardwareSerialC1EP11ring_bufferPVhS3_S3_S3_S3_hhhhh
 .text._ZN14HardwareSerial5beginEl
                0x0000000000019258      0x1f2 /home/jkw/Store/17 - Speedmaster/Firmware/inc/libArduinoCore2560.a(HardwareSerial.cpp.o)
                0x0000000000019258                _ZN14HardwareSerial5beginEl
 .text._ZN14HardwareSerial3endEv
                0x000000000001944a       0x54 /home/jkw/Store/17 - Speedmaster/Firmware/inc/libArduinoCore2560.a(HardwareSerial.cpp.o)
                0x000000000001944a                _ZN14HardwareSerial3endEv
 .text._ZN14HardwareSerial9availableEv
                0x000000000001949e       0x28 /home/jkw/Store/17 - Speedmaster/Firmware/inc/libArduinoCore2560.a(HardwareSerial.cpp.o)
                0x000000000001949e                _ZN14HardwareSerial9availableEv
 .text._ZN14HardwareSerial4peekEv
                0x00000000000194c6       0x34 /home/jkw/Store/17 - Speedmaster/Firmware/inc/libArduinoCore2560.a(HardwareSerial.cpp.o)
                0x00000000000194c6                _ZN14HardwareSerial4peekEv
 .text._ZN14HardwareSerial4readEv
                0x00000000000194fa       0x50 /home/jkw/Store/17 - Speedmaster/Firmware/inc/libArduinoCore2560.a(HardwareSerial.cpp.o)
                0x00000000000194fa                _ZN14HardwareSerial4readEv
 .text._ZN14HardwareSerial5flushEv
                0x000000000001954a       0x18 /home/jkw/Store/17 - Speedmaster/Firmware/inc/libArduinoCore2560.a(HardwareSerial.cpp.o)
                0x000000000001954a                _ZN14HardwareSerial5flushEv
 .text._ZN14HardwareSerial5writeEh
                0x0000000000019562       0x26 /home/jkw/Store/17 - Speedmaster/Firmware/inc/libArduinoCore2560.a(HardwareSerial.cpp.o)
                0x0000000000019562                _ZN14HardwareSerial5writeEh
 .text._GLOBAL__I_rx_buffer
                0x0000000000019588      0x13c /home/jkw/Store/17 - Speedmaster/Firmware/inc/libArduinoCore2560.a(HardwareSerial.cpp.o)
 .text._ZN5Print5writeEPKc
                0x00000000000196c4       0x30 /home/jkw/Store/17 - Speedmaster/Firmware/inc/libArduinoCore2560.a(Print.cpp.o)
                0x00000000000196c4                _ZN5Print5writeEPKc
 .text._ZN5Print5writeEPKhj
                0x00000000000196f4       0x3e /home/jkw/Store/17 - Speedmaster/Firmware/inc/libArduinoCore2560.a(Print.cpp.o)
                0x00000000000196f4                _ZN5Print5writeEPKhj
 .text._ZN5Print5printEPKc
                0x0000000000019732       0x10 /home/jkw/Store/17 - Speedmaster/Firmware/inc/libArduinoCore2560.a(Print.cpp.o)
                0x0000000000019732                _ZN5Print5printEPKc
 .text._ZN5Print5printERK6String
                0x0000000000019742       0x54 /home/jkw/Store/17 - Speedmaster/Firmware/inc/libArduinoCore2560.a(Print.cpp.o)
                0x0000000000019742                _ZN5Print5printERK6String
 .text._ZN5Print11printNumberEmh
                0x0000000000019796      0x134 /home/jkw/Store/17 - Speedmaster/Firmware/inc/libArduinoCore2560.a(Print.cpp.o)
                0x0000000000019796                _ZN5Print11printNumberEmh
 .text._ZN5Print5printEmi
                0x00000000000198ca       0x1e /home/jkw/Store/17 - Speedmaster/Firmware/inc/libArduinoCore2560.a(Print.cpp.o)
                0x00000000000198ca                _ZN5Print5printEmi
 .text._ZN5Print5printEji
                0x00000000000198e8       0x22 /home/jkw/Store/17 - Speedmaster/Firmware/inc/libArduinoCore2560.a(Print.cpp.o)
                0x00000000000198e8                _ZN5Print5printEji
 .text._ZN5Print5printEhi
                0x000000000001990a       0x24 /home/jkw/Store/17 - Speedmaster/Firmware/inc/libArduinoCore2560.a(Print.cpp.o)
                0x000000000001990a                _ZN5Print5printEhi
 .text._ZN5Print5printEli
                0x000000000001992e       0x6c /home/jkw/Store/17 - Speedmaster/Firmware/inc/libArduinoCore2560.a(Print.cpp.o)
                0x000000000001992e                _ZN5Print5printEli
 .text._ZN5Print5printEii
                0x000000000001999a       0x26 /home/jkw/Store/17 - Speedmaster/Firmware/inc/libArduinoCore2560.a(Print.cpp.o)
                0x000000000001999a                _ZN5Print5printEii
 .text._ZN5Print5printEci
                0x00000000000199c0       0x28 /home/jkw/Store/17 - Speedmaster/Firmware/inc/libArduinoCore2560.a(Print.cpp.o)
                0x00000000000199c0                _ZN5Print5printEci
 .text._ZN5Print7printlnEv
                0x00000000000199e8       0x2e /home/jkw/Store/17 - Speedmaster/Firmware/inc/libArduinoCore2560.a(Print.cpp.o)
                0x00000000000199e8                _ZN5Print7printlnEv
 .text._ZN5Print7printlnEmi
                0x0000000000019a16       0x16 /home/jkw/Store/17 - Speedmaster/Firmware/inc/libArduinoCore2560.a(Print.cpp.o)
                0x0000000000019a16                _ZN5Print7printlnEmi
 .text._ZN5Print7printlnEji
                0x0000000000019a2c       0x32 /home/jkw/Store/17 - Speedmaster/Firmware/inc/libArduinoCore2560.a(Print.cpp.o)
                0x0000000000019a2c                _ZN5Print7printlnEji
 .text._ZN5Print7printlnEhi
                0x0000000000019a5e       0x34 /home/jkw/Store/17 - Speedmaster/Firmware/inc/libArduinoCore2560.a(Print.cpp.o)
                0x0000000000019a5e                _ZN5Print7printlnEhi
 .text._ZN5Print7printlnEPKc
                0x0000000000019a92       0x16 /home/jkw/Store/17 - Speedmaster/Firmware/inc/libArduinoCore2560.a(Print.cpp.o)
                0x0000000000019a92                _ZN5Print7printlnEPKc
 .text._ZN5Print7printlnERK6String
                0x0000000000019aa8       0x16 /home/jkw/Store/17 - Speedmaster/Firmware/inc/libArduinoCore2560.a(Print.cpp.o)
                0x0000000000019aa8                _ZN5Print7printlnERK6String
 .text._ZN5Print7printlnEli
                0x0000000000019abe       0x16 /home/jkw/Store/17 - Speedmaster/Firmware/inc/libArduinoCore2560.a(Print.cpp.o)
                0x0000000000019abe                _ZN5Print7printlnEli
 .text._ZN5Print7printlnEii
                0x0000000000019ad4       0x36 /home/jkw/Store/17 - Speedmaster/Firmware/inc/libArduinoCore2560.a(Print.cpp.o)
                0x0000000000019ad4                _ZN5Print7printlnEii
 .text._ZN5Print7printlnEci
                0x0000000000019b0a       0x38 /home/jkw/Store/17 - Speedmaster/Firmware/inc/libArduinoCore2560.a(Print.cpp.o)
                0x0000000000019b0a                _ZN5Print7printlnEci
 .text._ZN5Print10printFloatEdh
                0x0000000000019b42      0x118 /home/jkw/Store/17 - Speedmaster/Firmware/inc/libArduinoCore2560.a(Print.cpp.o)
                0x0000000000019b42                _ZN5Print10printFloatEdh
 .text._ZN5Print5printEdi
                0x0000000000019c5a        0x6 /home/jkw/Store/17 - Speedmaster/Firmware/inc/libArduinoCore2560.a(Print.cpp.o)
                0x0000000000019c5a                _ZN5Print5printEdi
 .text._ZN5Print7printlnEdi
                0x0000000000019c60       0x16 /home/jkw/Store/17 - Speedmaster/Firmware/inc/libArduinoCore2560.a(Print.cpp.o)
                0x0000000000019c60                _ZN5Print7printlnEdi
 .text._ZNK6String6charAtEj
                0x0000000000019c76       0x10 /home/jkw/Store/17 - Speedmaster/Firmware/inc/libArduinoCore2560.a(WString.cpp.o)
                0x0000000000019c76                _ZNK6String6charAtEj
 .text._ZN6String9setCharAtEjc
                0x0000000000019c86       0x22 /home/jkw/Store/17 - Speedmaster/Firmware/inc/libArduinoCore2560.a(WString.cpp.o)
                0x0000000000019c86                _ZN6String9setCharAtEjc
 .text._ZN6StringixEj
                0x0000000000019ca8       0x2a /home/jkw/Store/17 - Speedmaster/Firmware/inc/libArduinoCore2560.a(WString.cpp.o)
                0x0000000000019ca8                _ZN6StringixEj
 .text._ZNK6StringixEj
                0x0000000000019cd2       0x10 /home/jkw/Store/17 - Speedmaster/Firmware/inc/libArduinoCore2560.a(WString.cpp.o)
                0x0000000000019cd2                _ZNK6StringixEj
 .text._ZN6String11toCharArrayEPcj
                0x0000000000019ce2       0x44 /home/jkw/Store/17 - Speedmaster/Firmware/inc/libArduinoCore2560.a(WString.cpp.o)
                0x0000000000019ce2                _ZN6String11toCharArrayEPcj
 .text._ZN6String8getBytesEPhj
                0x0000000000019d26       0x44 /home/jkw/Store/17 - Speedmaster/Firmware/inc/libArduinoCore2560.a(WString.cpp.o)
                0x0000000000019d26                _ZN6String8getBytesEPhj
 .text._ZN6StringD1Ev
                0x0000000000019d6a       0x20 /home/jkw/Store/17 - Speedmaster/Firmware/inc/libArduinoCore2560.a(WString.cpp.o)
                0x0000000000019d6a                _ZN6StringD1Ev
 .text._ZNK6String10startsWithERKS_j
                0x0000000000019d8a       0x3c /home/jkw/Store/17 - Speedmaster/Firmware/inc/libArduinoCore2560.a(WString.cpp.o)
                0x0000000000019d8a                _ZNK6String10startsWithERKS_j
 .text._ZNK6String10startsWithERKS_
                0x0000000000019dc6       0x26 /home/jkw/Store/17 - Speedmaster/Firmware/inc/libArduinoCore2560.a(WString.cpp.o)
                0x0000000000019dc6                _ZNK6String10startsWithERKS_
 .text._ZNK6String11lastIndexOfEcj
                0x0000000000019dec       0x6e /home/jkw/Store/17 - Speedmaster/Firmware/inc/libArduinoCore2560.a(WString.cpp.o)
                0x0000000000019dec                _ZNK6String11lastIndexOfEcj
 .text._ZNK6String11lastIndexOfEc
                0x0000000000019e5a       0x10 /home/jkw/Store/17 - Speedmaster/Firmware/inc/libArduinoCore2560.a(WString.cpp.o)
                0x0000000000019e5a                _ZNK6String11lastIndexOfEc
 .text._ZNK6String7indexOfERKS_j
                0x0000000000019e6a       0x3c /home/jkw/Store/17 - Speedmaster/Firmware/inc/libArduinoCore2560.a(WString.cpp.o)
                0x0000000000019e6a                _ZNK6String7indexOfERKS_j
 .text._ZNK6String7indexOfERKS_
                0x0000000000019ea6        0xa /home/jkw/Store/17 - Speedmaster/Firmware/inc/libArduinoCore2560.a(WString.cpp.o)
                0x0000000000019ea6                _ZNK6String7indexOfERKS_
 .text._ZNK6String7indexOfEcj
                0x0000000000019eb0       0x3c /home/jkw/Store/17 - Speedmaster/Firmware/inc/libArduinoCore2560.a(WString.cpp.o)
                0x0000000000019eb0                _ZNK6String7indexOfEcj
 .text._ZNK6String7indexOfEc
                0x0000000000019eec        0xa /home/jkw/Store/17 - Speedmaster/Firmware/inc/libArduinoCore2560.a(WString.cpp.o)
                0x0000000000019eec                _ZNK6String7indexOfEc
 .text._ZNK6String6equalsERKS_
                0x0000000000019ef6       0x32 /home/jkw/Store/17 - Speedmaster/Firmware/inc/libArduinoCore2560.a(WString.cpp.o)
                0x0000000000019ef6                _ZNK6String6equalsERKS_
 .text._ZNK6String8endsWithERKS_
                0x0000000000019f28       0x3a /home/jkw/Store/17 - Speedmaster/Firmware/inc/libArduinoCore2560.a(WString.cpp.o)
                0x0000000000019f28                _ZNK6String8endsWithERKS_
 .text._ZNK6StringgeERKS_
                0x0000000000019f62       0x28 /home/jkw/Store/17 - Speedmaster/Firmware/inc/libArduinoCore2560.a(WString.cpp.o)
                0x0000000000019f62                _ZNK6StringgeERKS_
 .text._ZNK6StringleERKS_
                0x0000000000019f8a       0x22 /home/jkw/Store/17 - Speedmaster/Firmware/inc/libArduinoCore2560.a(WString.cpp.o)
                0x0000000000019f8a                _ZNK6StringleERKS_
 .text._ZNK6StringgtERKS_
                0x0000000000019fac       0x22 /home/jkw/Store/17 - Speedmaster/Firmware/inc/libArduinoCore2560.a(WString.cpp.o)
                0x0000000000019fac                _ZNK6StringgtERKS_
 .text._ZNK6StringltERKS_
                0x0000000000019fce       0x24 /home/jkw/Store/17 - Speedmaster/Firmware/inc/libArduinoCore2560.a(WString.cpp.o)
                0x0000000000019fce                _ZNK6StringltERKS_
 .text._ZNK6StringneERKS_
                0x0000000000019ff2       0x30 /home/jkw/Store/17 - Speedmaster/Firmware/inc/libArduinoCore2560.a(WString.cpp.o)
                0x0000000000019ff2                _ZNK6StringneERKS_
 .text._ZNK6StringeqERKS_
                0x000000000001a022       0x34 /home/jkw/Store/17 - Speedmaster/Firmware/inc/libArduinoCore2560.a(WString.cpp.o)
                0x000000000001a022                _ZNK6StringeqERKS_
 .text._ZNK6String9compareToERKS_
                0x000000000001a056       0x12 /home/jkw/Store/17 - Speedmaster/Firmware/inc/libArduinoCore2560.a(WString.cpp.o)
                0x000000000001a056                _ZNK6String9compareToERKS_
 .text._ZN6String9getBufferEj
                0x000000000001a068       0x28 /home/jkw/Store/17 - Speedmaster/Firmware/inc/libArduinoCore2560.a(WString.cpp.o)
                0x000000000001a068                _ZN6String9getBufferEj
 .text._ZN6StringpLERKS_
                0x000000000001a090       0x6c /home/jkw/Store/17 - Speedmaster/Firmware/inc/libArduinoCore2560.a(WString.cpp.o)
                0x000000000001a090                _ZN6StringpLERKS_
 .text._ZN6String6concatERKS_
                0x000000000001a0fc        0x6 /home/jkw/Store/17 - Speedmaster/Firmware/inc/libArduinoCore2560.a(WString.cpp.o)
                0x000000000001a0fc                _ZN6String6concatERKS_
 .text._ZN6StringaSERKS_
                0x000000000001a102       0x60 /home/jkw/Store/17 - Speedmaster/Firmware/inc/libArduinoCore2560.a(WString.cpp.o)
                0x000000000001a102                _ZN6StringaSERKS_
 .text._ZN6StringC1Eh
                0x000000000001a162       0x34 /home/jkw/Store/17 - Speedmaster/Firmware/inc/libArduinoCore2560.a(WString.cpp.o)
                0x000000000001a162                _ZN6StringC1Eh
 .text._ZN6StringC2Eh
                0x000000000001a196       0x34 /home/jkw/Store/17 - Speedmaster/Firmware/inc/libArduinoCore2560.a(WString.cpp.o)
                0x000000000001a196                _ZN6StringC2Eh
 .text._ZN6StringC1Ec
                0x000000000001a1ca       0x34 /home/jkw/Store/17 - Speedmaster/Firmware/inc/libArduinoCore2560.a(WString.cpp.o)
                0x000000000001a1ca                _ZN6StringC1Ec
 .text._ZN6StringC2Ec
                0x000000000001a1fe       0x34 /home/jkw/Store/17 - Speedmaster/Firmware/inc/libArduinoCore2560.a(WString.cpp.o)
                0x000000000001a1fe                _ZN6StringC2Ec
 .text._ZN6StringC1ERKS_
                0x000000000001a232       0x36 /home/jkw/Store/17 - Speedmaster/Firmware/inc/libArduinoCore2560.a(WString.cpp.o)
                0x000000000001a232                _ZN6StringC1ERKS_
 .text._ZN6StringC2ERKS_
                0x000000000001a268       0x36 /home/jkw/Store/17 - Speedmaster/Firmware/inc/libArduinoCore2560.a(WString.cpp.o)
                0x000000000001a268                _ZN6StringC2ERKS_
 .text._ZN6StringC1Emi
                0x000000000001a29e       0x7e /home/jkw/Store/17 - Speedmaster/Firmware/inc/libArduinoCore2560.a(WString.cpp.o)
                0x000000000001a29e                _ZN6StringC1Emi
 .text._ZN6StringC2Emi
                0x000000000001a31c       0x7e /home/jkw/Store/17 - Speedmaster/Firmware/inc/libArduinoCore2560.a(WString.cpp.o)
                0x000000000001a31c                _ZN6StringC2Emi
 .text._ZN6StringC1Eji
                0x000000000001a39a       0x7c /home/jkw/Store/17 - Speedmaster/Firmware/inc/libArduinoCore2560.a(WString.cpp.o)
                0x000000000001a39a                _ZN6StringC1Eji
 .text._ZN6StringC2Eji
                0x000000000001a416       0x7c /home/jkw/Store/17 - Speedmaster/Firmware/inc/libArduinoCore2560.a(WString.cpp.o)
                0x000000000001a416                _ZN6StringC2Eji
 .text._ZN6StringC1EPKc
                0x000000000001a492       0x50 /home/jkw/Store/17 - Speedmaster/Firmware/inc/libArduinoCore2560.a(WString.cpp.o)
                0x000000000001a492                _ZN6StringC1EPKc
 .text._ZNK6String11toUpperCaseEv
                0x000000000001a4e2       0x76 /home/jkw/Store/17 - Speedmaster/Firmware/inc/libArduinoCore2560.a(WString.cpp.o)
                0x000000000001a4e2                _ZNK6String11toUpperCaseEv
 .text._ZNK6String11toLowerCaseEv
                0x000000000001a558       0x76 /home/jkw/Store/17 - Speedmaster/Firmware/inc/libArduinoCore2560.a(WString.cpp.o)
                0x000000000001a558                _ZNK6String11toLowerCaseEv
 .text._ZNK6String16equalsIgnoreCaseERKS_
                0x000000000001a5ce       0x98 /home/jkw/Store/17 - Speedmaster/Firmware/inc/libArduinoCore2560.a(WString.cpp.o)
                0x000000000001a5ce                _ZNK6String16equalsIgnoreCaseERKS_
 .text._ZNK6String9substringEjj
                0x000000000001a666       0x6e /home/jkw/Store/17 - Speedmaster/Firmware/inc/libArduinoCore2560.a(WString.cpp.o)
                0x000000000001a666                _ZNK6String9substringEjj
 .text._ZNK6String9substringEj
                0x000000000001a6d4       0x18 /home/jkw/Store/17 - Speedmaster/Firmware/inc/libArduinoCore2560.a(WString.cpp.o)
                0x000000000001a6d4                _ZNK6String9substringEj
 .text._ZNK6String11lastIndexOfERKS_j
                0x000000000001a6ec       0xc8 /home/jkw/Store/17 - Speedmaster/Firmware/inc/libArduinoCore2560.a(WString.cpp.o)
                0x000000000001a6ec                _ZNK6String11lastIndexOfERKS_j
 .text._ZNK6String11lastIndexOfERKS_
                0x000000000001a7b4       0x1c /home/jkw/Store/17 - Speedmaster/Firmware/inc/libArduinoCore2560.a(WString.cpp.o)
                0x000000000001a7b4                _ZNK6String11lastIndexOfERKS_
 .text._ZNK6String4trimEv
                0x000000000001a7d0       0xdc /home/jkw/Store/17 - Speedmaster/Firmware/inc/libArduinoCore2560.a(WString.cpp.o)
                0x000000000001a7d0                _ZNK6String4trimEv
 .text._ZN6String7replaceERKS_S1_
                0x000000000001a8ac      0x136 /home/jkw/Store/17 - Speedmaster/Firmware/inc/libArduinoCore2560.a(WString.cpp.o)
                0x000000000001a8ac                _ZN6String7replaceERKS_S1_
 .text._ZN6String7replaceEcc
                0x000000000001a9e2       0x86 /home/jkw/Store/17 - Speedmaster/Firmware/inc/libArduinoCore2560.a(WString.cpp.o)
                0x000000000001a9e2                _ZN6String7replaceEcc
 .text._ZN6StringC2EPKc
                0x000000000001aa68       0x50 /home/jkw/Store/17 - Speedmaster/Firmware/inc/libArduinoCore2560.a(WString.cpp.o)
                0x000000000001aa68                _ZN6StringC2EPKc
 .text._ZN6StringC1Eli
                0x000000000001aab8       0x7a /home/jkw/Store/17 - Speedmaster/Firmware/inc/libArduinoCore2560.a(WString.cpp.o)
                0x000000000001aab8                _ZN6StringC1Eli
 .text._ZN6StringC2Eli
                0x000000000001ab32       0x7a /home/jkw/Store/17 - Speedmaster/Firmware/inc/libArduinoCore2560.a(WString.cpp.o)
                0x000000000001ab32                _ZN6StringC2Eli
 .text._ZN6StringC1Eii
                0x000000000001abac       0x78 /home/jkw/Store/17 - Speedmaster/Firmware/inc/libArduinoCore2560.a(WString.cpp.o)
                0x000000000001abac                _ZN6StringC1Eii
 .text._ZN6StringC2Eii
                0x000000000001ac24       0x78 /home/jkw/Store/17 - Speedmaster/Firmware/inc/libArduinoCore2560.a(WString.cpp.o)
                0x000000000001ac24                _ZN6StringC2Eii
 .text.avr-libc
                0x000000000001ac9c      0x266 /usr/lib/gcc/avr/4.5.3/../../../avr/lib/avr6/libc.a(malloc.o)
                0x000000000001ac9c                malloc
                0x000000000001add0                free
 .text.avr-libc
                0x000000000001af02        0x6 /usr/lib/gcc/avr/4.5.3/../../../avr/lib/avr6/libc.a(exit.o)
                0x000000000001af02                exit
 .text.avr-libc
                0x000000000001af08       0x12 /usr/lib/gcc/avr/4.5.3/../../../avr/lib/avr6/libc.a(isalpha.o)
                0x000000000001af08                isupper
                0x000000000001af0c                isalpha
                0x000000000001af0e                islower
 .text.avr-libc
                0x000000000001af1a       0x10 /usr/lib/gcc/avr/4.5.3/../../../avr/lib/avr6/libc.a(isspace.o)
                0x000000000001af1a                isspace
 .text.avr-libc
                0x000000000001af2a       0x10 /usr/lib/gcc/avr/4.5.3/../../../avr/lib/avr6/libc.a(tolower.o)
                0x000000000001af2a                tolower
 .text.avr-libc
                0x000000000001af3a       0x10 /usr/lib/gcc/avr/4.5.3/../../../avr/lib/avr6/libc.a(toupper.o)
                0x000000000001af3a                toupper
 .text.avr-libc
                0x000000000001af4a       0x12 /usr/lib/gcc/avr/4.5.3/../../../avr/lib/avr6/libc.a(strcmp_P.o)
                0x000000000001af4a                strcmp_P
 .text.avr-libc
                0x000000000001af5c        0xe /usr/lib/gcc/avr/4.5.3/../../../avr/lib/avr6/libc.a(strcpy_P.o)
                0x000000000001af5c                strcpy_P
 .text.avr-libc
                0x000000000001af6a       0x12 /usr/lib/gcc/avr/4.5.3/../../../avr/lib/avr6/libc.a(strlen_P.o)
                0x000000000001af6a                strlen_P
 .text.avr-libc
                0x000000000001af7c       0x1a /usr/lib/gcc/avr/4.5.3/../../../avr/lib/avr6/libc.a(memcmp.o)
                0x000000000001af7c                memcmp
 .text.avr-libc
                0x000000000001af96       0x12 /usr/lib/gcc/avr/4.5.3/../../../avr/lib/avr6/libc.a(memcpy.o)
                0x000000000001af96                memcpy
 .text.avr-libc
                0x000000000001afa8        0xe /usr/lib/gcc/avr/4.5.3/../../../avr/lib/avr6/libc.a(memset.o)
                0x000000000001afa8                memset
 .text.avr-libc
                0x000000000001afb6       0x16 /usr/lib/gcc/avr/4.5.3/../../../avr/lib/avr6/libc.a(strcat.o)
                0x000000000001afb6                strcat
 .text.avr-libc
                0x000000000001afcc       0x16 /usr/lib/gcc/avr/4.5.3/../../../avr/lib/avr6/libc.a(strchr.o)
                0x000000000001afcc                strchr
 .text.avr-libc
                0x000000000001afe2       0x12 /usr/lib/gcc/avr/4.5.3/../../../avr/lib/avr6/libc.a(strcmp.o)
                0x000000000001afe2                strcmp
 .text.avr-libc
                0x000000000001aff4        0xe /usr/lib/gcc/avr/4.5.3/../../../avr/lib/avr6/libc.a(strcpy.o)
                0x000000000001aff4                strcpy
 .text.avr-libc
                0x000000000001b002       0x1c /usr/lib/gcc/avr/4.5.3/../../../avr/lib/avr6/libc.a(strncmp.o)
                0x000000000001b002                strncmp
 .text.avr-libc
                0x000000000001b01e       0x1e /usr/lib/gcc/avr/4.5.3/../../../avr/lib/avr6/libc.a(strncpy.o)
                0x000000000001b01e                strncpy
 .text.avr-libc
                0x000000000001b03c       0x16 /usr/lib/gcc/avr/4.5.3/../../../avr/lib/avr6/libc.a(strrchr.o)
                0x000000000001b03c                strrchr
 .text.avr-libc
                0x000000000001b052       0x34 /usr/lib/gcc/avr/4.5.3/../../../avr/lib/avr6/libc.a(strstr.o)
                0x000000000001b052                strstr
 .text.avr-libc
                0x000000000001b086       0x42 /usr/lib/gcc/avr/4.5.3/../../../avr/lib/avr6/libc.a(itoa.o)
                0x000000000001b086                itoa
 .text.avr-libc
                0x000000000001b0c8       0x68 /usr/lib/gcc/avr/4.5.3/../../../avr/lib/avr6/libc.a(ltoa.o)
                0x000000000001b0c8                ltoa
 .text.avr-libc
                0x000000000001b130       0x4a /usr/lib/gcc/avr/4.5.3/../../../avr/lib/avr6/libc.a(ultoa.o)
                0x000000000001b130                ultoa
 .text.avr-libc
                0x000000000001b17a       0x60 /usr/lib/gcc/avr/4.5.3/../../../avr/lib/avr6/libc.a(sprintf.o)
                0x000000000001b17a                sprintf
 .text.avr-libc.fplib
                0x000000000001b1da        0xa /usr/lib/gcc/avr/4.5.3/../../../avr/lib/avr6/libc.a(addsf3.o)
                0x000000000001b1da                __subsf3
                0x000000000001b1dc                __addsf3
 .text.avr-libc.fplib
                0x000000000001b1e4       0xc0 /usr/lib/gcc/avr/4.5.3/../../../avr/lib/avr6/libc.a(addsf3x.o)
                0x000000000001b1fe                __addsf3x
 .text.avr-libc.fplib
                0x000000000001b2a4       0x2e /usr/lib/gcc/avr/4.5.3/../../../avr/lib/avr6/libc.a(asin.o)
                0x000000000001b2a4                asin
 .text.avr-libc.fplib
                0x000000000001b2d2        0x8 /usr/lib/gcc/avr/4.5.3/../../../avr/lib/avr6/libc.a(cmpsf2.o)
                0x000000000001b2d2                __lesf2
                0x000000000001b2d2                __nesf2
                0x000000000001b2d2                __eqsf2
                0x000000000001b2d2                __cmpsf2
                0x000000000001b2d2                __ltsf2
 .text.avr-libc.fplib
                0x000000000001b2da        0x6 /usr/lib/gcc/avr/4.5.3/../../../avr/lib/avr6/libc.a(cos.o)
                0x000000000001b2da                cos
 .text.avr-libc.fplib
                0x000000000001b2e0        0x4 /usr/lib/gcc/avr/4.5.3/../../../avr/lib/avr6/libc.a(divsf3.o)
                0x000000000001b2e0                __divsf3
 .text.avr-libc.fplib
                0x000000000001b2e4       0xcc /usr/lib/gcc/avr/4.5.3/../../../avr/lib/avr6/libc.a(divsf3x.o)
                0x000000000001b2fa                __divsf3x
                0x000000000001b2fe                __divsf3_pse
 .text.avr-libc.fplib
                0x000000000001b3b0        0xa /usr/lib/gcc/avr/4.5.3/../../../avr/lib/avr6/libc.a(fixsfsi.o)
                0x000000000001b3b0                __fixsfsi
 .text.avr-libc.fplib
                0x000000000001b3ba       0x58 /usr/lib/gcc/avr/4.5.3/../../../avr/lib/avr6/libc.a(fixunssfsi.o)
                0x000000000001b3ba                __fixunssfsi
 .text.avr-libc.fplib
                0x000000000001b412       0x7a /usr/lib/gcc/avr/4.5.3/../../../avr/lib/avr6/libc.a(floatsisf.o)
                0x000000000001b412                __floatunsisf
                0x000000000001b416                __floatsisf
 .text.avr-libc.fplib
                0x000000000001b48c       0x26 /usr/lib/gcc/avr/4.5.3/../../../avr/lib/avr6/libc.a(floor.o)
                0x000000000001b48c                floor
 .text.avr-libc.fplib
                0x000000000001b4b2       0x36 /usr/lib/gcc/avr/4.5.3/../../../avr/lib/avr6/libc.a(fp_arccos.o)
                0x000000000001b4b2                __fp_arccos
 .text.avr-libc.fplib
                0x000000000001b4e8       0x48 /usr/lib/gcc/avr/4.5.3/../../../avr/lib/avr6/libc.a(fp_cmp.o)
                0x000000000001b4e8                __fp_cmp
 .text.avr-libc.fplib
                0x000000000001b530        0xc /usr/lib/gcc/avr/4.5.3/../../../avr/lib/avr6/libc.a(fp_inf.o)
                0x000000000001b530                __fp_inf
 .text.avr-libc.fplib
                0x000000000001b53c       0x36 /usr/lib/gcc/avr/4.5.3/../../../avr/lib/avr6/libc.a(fp_mintl.o)
                0x000000000001b53c                __fp_mintl
 .text.avr-libc.fplib
                0x000000000001b572       0x1c /usr/lib/gcc/avr/4.5.3/../../../avr/lib/avr6/libc.a(fp_mpack.o)
                0x000000000001b572                __fp_mpack
                0x000000000001b576                __fp_mpack_finite
 .text.avr-libc.fplib
                0x000000000001b58e        0x6 /usr/lib/gcc/avr/4.5.3/../../../avr/lib/avr6/libc.a(fp_nan.o)
                0x000000000001b58e                __fp_nan
 .text.avr-libc.fplib
                0x000000000001b594       0x4a /usr/lib/gcc/avr/4.5.3/../../../avr/lib/avr6/libc.a(fp_powser.o)
                0x000000000001b594                __fp_powser
 .text.avr-libc.fplib
                0x000000000001b5de       0x22 /usr/lib/gcc/avr/4.5.3/../../../avr/lib/avr6/libc.a(fp_powsodd.o)
                0x000000000001b5de                __fp_powsodd
 .text.avr-libc.fplib
                0x000000000001b600        0xe /usr/lib/gcc/avr/4.5.3/../../../avr/lib/avr6/libc.a(fp_pscA.o)
                0x000000000001b600                __fp_pscA
 .text.avr-libc.fplib
                0x000000000001b60e        0xe /usr/lib/gcc/avr/4.5.3/../../../avr/lib/avr6/libc.a(fp_pscB.o)
                0x000000000001b60e                __fp_pscB
 .text.avr-libc.fplib
                0x000000000001b61c       0x50 /usr/lib/gcc/avr/4.5.3/../../../avr/lib/avr6/libc.a(fp_rempio2.o)
                0x000000000001b61e                __fp_rempio2
 .text.avr-libc.fplib
                0x000000000001b66c       0x22 /usr/lib/gcc/avr/4.5.3/../../../avr/lib/avr6/libc.a(fp_round.o)
                0x000000000001b66c                __fp_round
 .text.avr-libc.fplib
                0x000000000001b68e       0x22 /usr/lib/gcc/avr/4.5.3/../../../avr/lib/avr6/libc.a(fp_sinus.o)
                0x000000000001b68e                __fp_sinus
 .text.avr-libc.fplib
                0x000000000001b6b0       0x44 /usr/lib/gcc/avr/4.5.3/../../../avr/lib/avr6/libc.a(fp_split3.o)
                0x000000000001b6b0                __fp_split3
                0x000000000001b6c0                __fp_splitA
 .text.avr-libc.fplib
                0x000000000001b6f4       0x2e /usr/lib/gcc/avr/4.5.3/../../../avr/lib/avr6/libc.a(fp_trunc.o)
                0x000000000001b6f4                __fp_trunc
 .text.avr-libc.fplib
                0x000000000001b722        0xe /usr/lib/gcc/avr/4.5.3/../../../avr/lib/avr6/libc.a(fp_zero.o)
                0x000000000001b722                __fp_zero
                0x000000000001b724                __fp_szero
 .text.avr-libc.fplib
                0x000000000001b730        0x8 /usr/lib/gcc/avr/4.5.3/../../../avr/lib/avr6/libc.a(gesf2.o)
                0x000000000001b730                __gtsf2
                0x000000000001b730                __gesf2
 .text.avr-libc.fplib
                0x000000000001b738        0x4 /usr/lib/gcc/avr/4.5.3/../../../avr/lib/avr6/libc.a(mulsf3.o)
                0x000000000001b738                __mulsf3
 .text.avr-libc.fplib
                0x000000000001b73c       0xc2 /usr/lib/gcc/avr/4.5.3/../../../avr/lib/avr6/libc.a(mulsf3x.o)
                0x000000000001b750                __mulsf3x
                0x000000000001b754                __mulsf3_pse
 .text.avr-libc.fplib
                0x000000000001b7fe       0x98 /usr/lib/gcc/avr/4.5.3/../../../avr/lib/avr6/libc.a(pow.o)
                0x000000000001b7fe                pow
 .text.avr-libc.fplib
                0x000000000001b896        0xc /usr/lib/gcc/avr/4.5.3/../../../avr/lib/avr6/libc.a(sin.o)