Archive member included because of file (symbol)

/home/jkw/Store/17 - Speedmaster/Firmware/inc/libArduinoCore2560.a(WInterrupts.c.o)
                              ./dz.o (attachInterrupt)
/home/jkw/Store/17 - Speedmaster/Firmware/inc/libArduinoCore2560.a(wiring.c.o)
                              ./inc/Sd2Card.o (millis)
/home/jkw/Store/17 - Speedmaster/Firmware/inc/libArduinoCore2560.a(wiring_analog.c.o)
                              ./temperature.o (analogRead)
/home/jkw/Store/17 - Speedmaster/Firmware/inc/libArduinoCore2560.a(wiring_digital.c.o)
                              ./inc/Sd2Card.o (pinMode)
/home/jkw/Store/17 - Speedmaster/Firmware/inc/libArduinoCore2560.a(HardwareSerial.cpp.o)
                              ./aktors.o (_ZN14HardwareSerial5beginEl)
/home/jkw/Store/17 - Speedmaster/Firmware/inc/libArduinoCore2560.a(Print.cpp.o)
                              /home/jkw/Store/17 - Speedmaster/Firmware/inc/libArduinoCore2560.a(HardwareSerial.cpp.o) (_ZN5Print5writeEPKc)
/home/jkw/Store/17 - Speedmaster/Firmware/inc/libArduinoCore2560.a(WString.cpp.o)
                              /home/jkw/Store/17 - Speedmaster/Firmware/inc/libArduinoCore2560.a(Print.cpp.o) (_ZNK6StringixEj)
/usr/lib/gcc/avr/4.5.3/../../../avr/lib/avr6/libc.a(malloc.o)
                              ./inc/ssd0323.o (malloc)
/usr/lib/gcc/avr/4.5.3/../../../avr/lib/avr6/libc.a(exit.o)
                              /usr/lib/gcc/avr/4.5.3/../../../avr/lib/avr6/crtm2560.o (exit)
/usr/lib/gcc/avr/4.5.3/../../../avr/lib/avr6/libc.a(isalpha.o)
                              ./inc/istream.o (isupper)
/usr/lib/gcc/avr/4.5.3/../../../avr/lib/avr6/libc.a(isspace.o)
                              ./inc/istream.o (isspace)
/usr/lib/gcc/avr/4.5.3/../../../avr/lib/avr6/libc.a(tolower.o)
                              /home/jkw/Store/17 - Speedmaster/Firmware/inc/libArduinoCore2560.a(WString.cpp.o) (tolower)
/usr/lib/gcc/avr/4.5.3/../../../avr/lib/avr6/libc.a(toupper.o)
                              /home/jkw/Store/17 - Speedmaster/Firmware/inc/libArduinoCore2560.a(WString.cpp.o) (toupper)
/usr/lib/gcc/avr/4.5.3/../../../avr/lib/avr6/libc.a(strcmp_P.o)
                              ./config.o (strcmp_P)
/usr/lib/gcc/avr/4.5.3/../../../avr/lib/avr6/libc.a(strcpy_P.o)
                              ./config.o (strcpy_P)
/usr/lib/gcc/avr/4.5.3/../../../avr/lib/avr6/libc.a(strlen_P.o)
                              ./inc/ostream.o (strlen_P)
/usr/lib/gcc/avr/4.5.3/../../../avr/lib/avr6/libc.a(memcmp.o)
                              ./inc/SdFile.o (memcmp)
/usr/lib/gcc/avr/4.5.3/../../../avr/lib/avr6/libc.a(memcpy.o)
                              ./inc/SdFile.o (memcpy)
/usr/lib/gcc/avr/4.5.3/../../../avr/lib/avr6/libc.a(memset.o)
                              ./gps.o (memset)
/usr/lib/gcc/avr/4.5.3/../../../avr/lib/avr6/libc.a(strcat.o)
                              /home/jkw/Store/17 - Speedmaster/Firmware/inc/libArduinoCore2560.a(WString.cpp.o) (strcat)
/usr/lib/gcc/avr/4.5.3/../../../avr/lib/avr6/libc.a(strchr.o)
                              ./inc/SdFile.o (strchr)
/usr/lib/gcc/avr/4.5.3/../../../avr/lib/avr6/libc.a(strcmp.o)
                              ./config.o (strcmp)
/usr/lib/gcc/avr/4.5.3/../../../avr/lib/avr6/libc.a(strcpy.o)
                              ./config.o (strcpy)
/usr/lib/gcc/avr/4.5.3/../../../avr/lib/avr6/libc.a(strncmp.o)
                              ./config.o (strncmp)
/usr/lib/gcc/avr/4.5.3/../../../avr/lib/avr6/libc.a(strncpy.o)
                              /home/jkw/Store/17 - Speedmaster/Firmware/inc/libArduinoCore2560.a(WString.cpp.o) (strncpy)
/usr/lib/gcc/avr/4.5.3/../../../avr/lib/avr6/libc.a(strrchr.o)
                              /home/jkw/Store/17 - Speedmaster/Firmware/inc/libArduinoCore2560.a(WString.cpp.o) (strrchr)
/usr/lib/gcc/avr/4.5.3/../../../avr/lib/avr6/libc.a(strstr.o)
                              /home/jkw/Store/17 - Speedmaster/Firmware/inc/libArduinoCore2560.a(WString.cpp.o) (strstr)
/usr/lib/gcc/avr/4.5.3/../../../avr/lib/avr6/libc.a(itoa.o)
                              /home/jkw/Store/17 - Speedmaster/Firmware/inc/libArduinoCore2560.a(WString.cpp.o) (itoa)
/usr/lib/gcc/avr/4.5.3/../../../avr/lib/avr6/libc.a(ltoa.o)
                              /home/jkw/Store/17 - Speedmaster/Firmware/inc/libArduinoCore2560.a(WString.cpp.o) (ltoa)
/usr/lib/gcc/avr/4.5.3/../../../avr/lib/avr6/libc.a(ultoa.o)
                              /home/jkw/Store/17 - Speedmaster/Firmware/inc/libArduinoCore2560.a(WString.cpp.o) (ultoa)
/usr/lib/gcc/avr/4.5.3/../../../avr/lib/avr6/libc.a(sprintf.o)
                              ./aktors.o (sprintf)
/usr/lib/gcc/avr/4.5.3/../../../avr/lib/avr6/libc.a(addsf3.o)
                              ./inc/ostream.o (__subsf3)
/usr/lib/gcc/avr/4.5.3/../../../avr/lib/avr6/libc.a(addsf3x.o)
                              /usr/lib/gcc/avr/4.5.3/../../../avr/lib/avr6/libc.a(addsf3.o) (__addsf3x)
/usr/lib/gcc/avr/4.5.3/../../../avr/lib/avr6/libc.a(asin.o)
[...]
Memory Configuration

Name             Origin             Length             Attributes
text             0x0000000000000000 0x0000000000100000 xr
data             0x0000000000800200 0x000000000000fe00 rw !x
eeprom           0x0000000000810000 0x0000000000010000 rw !x
fuse             0x0000000000820000 0x0000000000000400 rw !x
lock             0x0000000000830000 0x0000000000000400 rw !x
signature        0x0000000000840000 0x0000000000000400 rw !x
*default*        0x0000000000000000 0xffffffffffffffff

Linker script and memory map

Address of section .data set to 0x800200
LOAD /usr/lib/gcc/avr/4.5.3/../../../avr/lib/avr6/crtm2560.o
LOAD ./inc/EEPROM.o
LOAD ./inc/Sd2Card.o
LOAD ./inc/SdFat.o
LOAD ./inc/SdFatUtil.o
LOAD ./inc/SdFile.o
LOAD ./inc/SdStream.o
LOAD ./inc/SdVolume.o
LOAD ./inc/Wire.o
LOAD ./inc/istream.o
LOAD ./inc/ostream.o
LOAD ./inc/pins_arduino.o
LOAD ./inc/ssd0323.o
LOAD ./inc/twi.o
LOAD ./aktors.o
LOAD ./blinker.o
LOAD ./clock_me.o
LOAD ./config.o
LOAD ./debug.o
LOAD ./display.o
LOAD ./dz.o
LOAD ./file_manager_v2.o
LOAD ./fuel.o
LOAD ./gear.o
LOAD ./gps.o
LOAD ./helper.o
LOAD ./main.o
LOAD ./menu.o
LOAD ./oiler.o
LOAD ./reset.o
LOAD ./sd.o
LOAD ./sensors.o
LOAD ./speed.o
LOAD ./speedo.o
LOAD ./sprint.o
LOAD ./stepper.o
LOAD ./temperature.o
LOAD ./tetris.o
LOAD ./timer.o
LOAD ./voltage.o
LOAD /home/jkw/Store/17 - Speedmaster/Firmware/inc/libArduinoCore2560.a
LOAD /usr/lib/gcc/avr/4.5.3/../../../avr/lib/avr6/libc.a
LOAD /usr/lib/gcc/avr/4.5.3/avr6/libgcc.a
LOAD /usr/lib/gcc/avr/4.5.3/../../../avr/lib/avr6/libm.a
LOAD /usr/lib/gcc/avr/4.5.3/../../../avr/lib/avr6/libc.a
LOAD /usr/lib/gcc/avr/4.5.3/avr6/libgcc.a
LOAD /usr/lib/gcc/avr/4.5.3/../../../avr/lib/avr6/libc.a
LOAD /usr/lib/gcc/avr/4.5.3/avr6/libgcc.a

.hash
 *(.hash)

.dynsym
 *(.dynsym)

.dynstr
 *(.dynstr)

.gnu.version
 *(.gnu.version)

.gnu.version_d
 *(.gnu.version_d)

.gnu.version_r
 *(.gnu.version_r)

.rel.init
 *(.rel.init)

.rela.init
 *(.rela.init)

.rel.text
 *(.rel.text)
 *(.rel.text.*)
 *(.rel.gnu.linkonce.t*)

.rela.text
 *(.rela.text)
 *(.rela.text.*)
 *(.rela.gnu.linkonce.t*)

.rel.fini
 *(.rel.fini)

.rela.fini
 *(.rela.fini)

.rel.rodata
 *(.rel.rodata)
 *(.rel.rodata.*)
 *(.rel.gnu.linkonce.r*)

.rela.rodata
 *(.rela.rodata)
 *(.rela.rodata.*)
 *(.rela.gnu.linkonce.r*)

.rel.data
 *(.rel.data)
 *(.rel.data.*)
 *(.rel.gnu.linkonce.d*)

.rela.data
 *(.rela.data)
 *(.rela.data.*)
 *(.rela.gnu.linkonce.d*)

.rel.ctors
 *(.rel.ctors)

.rela.ctors
 *(.rela.ctors)

.rel.dtors
 *(.rel.dtors)

.rela.dtors
 *(.rela.dtors)

.rel.got
 *(.rel.got)

.rela.got
 *(.rela.got)

.rel.bss
 *(.rel.bss)

.rela.bss
 *(.rela.bss)

.rel.plt
 *(.rel.plt)

.rela.plt
 *(.rela.plt)

.text           0x0000000000000000    0x2890e
 *(.vectors)
 .vectors       0x0000000000000000       0xe4 /usr/lib/gcc/avr/4.5.3/../../../avr/lib/avr6/crtm2560.o
                0x0000000000000000                __vectors
                0x0000000000000000                __vector_default
 *(.vectors)
 *(.progmem.gcc*)
 .progmem.gcc_fplib
                0x00000000000000e4       0x14 /usr/lib/gcc/avr/4.5.3/../../../avr/lib/avr6/libc.a(asin.o)
 .progmem.gcc_fplib
                0x00000000000000f8       0x28 /usr/lib/gcc/avr/4.5.3/../../../avr/lib/avr6/libc.a(fp_arccos.o)
 .progmem.gcc_fplib
                0x0000000000000120       0x1e /usr/lib/gcc/avr/4.5.3/../../../avr/lib/avr6/libc.a(fp_sinus.o)
 .progmem.gcc_fplib
                0x000000000000013e       0x28 /usr/lib/gcc/avr/4.5.3/../../../avr/lib/avr6/libc.a(exp.o)
 .progmem.gcc_fplib
                0x0000000000000166       0x5a /usr/lib/gcc/avr/4.5.3/../../../avr/lib/avr6/libc.a(log.o)
 *(.progmem*)
 .progmem.data  0x00000000000001c0       0xc0 ./inc/SdFat.o
 .progmem.data  0x0000000000000280       0x13 ./inc/SdFile.o
 .progmem.data  0x0000000000000293        0xb ./inc/istream.o
 .progmem.data  0x000000000000029e       0x13 ./inc/ostream.o
 .progmem.data  0x00000000000002b1      0x120 ./inc/pins_arduino.o
                0x00000000000002b1                port_to_mode_PGM
                0x00000000000002cb                port_to_output_PGM
                0x00000000000002e5                port_to_input_PGM
                0x00000000000002ff                digital_pin_to_port_PGM
                0x0000000000000345                digital_pin_to_bit_mask_PGM
                0x000000000000038b                digital_pin_to_timer_PGM
 .progmem.data  0x00000000000003d1      0xcc0 ./inc/ssd0323.o
 .progmem.data  0x0000000000001091       0xbb ./aktors.o
 .progmem.data  0x000000000000114c       0x21 ./blinker.o
 .progmem.data  0x000000000000116d       0x10 ./clock_me.o
 .progmem.data  0x000000000000117d      0xaed ./config.o
 .progmem.data  0x0000000000001c6a       0x78 ./display.o
 .progmem.data  0x0000000000001ce2        0xa ./dz.o
 .progmem.data  0x0000000000001cec        0xc ./fuel.o
 .progmem.data  0x0000000000001cf8       0x5d ./gear.o
 .progmem.data  0x0000000000001d55       0x45 ./gps.o
 .progmem.data  0x0000000000001d9a       0x3c ./main.o
 .progmem.data  0x0000000000001dd6      0x92e ./menu.o
                0x0000000000001dd6                main_m_0
                0x0000000000001de3                main_m_1
                0x0000000000001df2                main_m_2
                0x0000000000001e00                main_m_3
                0x0000000000001e05                main_m_4
                0x0000000000001e16                main_m_5
                0x0000000000001e23                main_m_6
                0x0000000000001e2c                main_m_7
                0x0000000000001e3b                main_m_8
                0x0000000000001e4b                menu_main
                0x0000000000001e5d                setup_m_0
                0x0000000000001e6c                setup_m_1
                0x0000000000001e7c                setup_m_2
                0x0000000000001e8d                setup_m_3
                0x0000000000001e9d                setup_m_4
                0x0000000000001eb0                setup_m_5
                0x0000000000001ec2                setup_m_6
                0x0000000000001ed0                setup_m_7
                0x0000000000001edc                setup_m_8
                0x0000000000001ee5                menu_setup
                0x0000000000001ef7                custom_m_0
                0x0000000000001f04                custom_m_1
                0x0000000000001f12                custom_m_2
                0x0000000000001f20                custom_m_3
                0x0000000000001f2e                custom_m_4
                0x0000000000001f3b                custom_m_5
                0x0000000000001f4a                custom_m_6
                0x0000000000001f58                custom_m_7
                0x0000000000001f6a                custom_m_8
                0x0000000000001f6f                menu_custom
                0x0000000000001f81                fade_m_0
                0x0000000000001f91                fade_m_1
                0x0000000000001fa0                fade_m_2
                0x0000000000001fad                fade_m_3
                0x0000000000001fbf                fade_m_4
                0x0000000000001fd3                fade_m_5
                0x0000000000001fd8                fade_m_6
                0x0000000000001fdd                fade_m_7
                0x0000000000001fe2                fade_m_8
                0x0000000000001fe7                menu_fade
                0x0000000000001ff9                einfo_m_0
                0x000000000000200a                einfo_m_1
                0x000000000000201b                einfo_m_2
                0x0000000000002026                einfo_m_3
                0x000000000000202b                einfo_m_4
                0x0000000000002030                einfo_m_5
                0x0000000000002035                einfo_m_6
                0x000000000000203a                einfo_m_7
                0x000000000000203f                einfo_m_8
                0x0000000000002049                menu_einfo
                0x000000000000205b                navi_m_0
                0x0000000000002069                navi_m_1
                0x0000000000002078                navi_m_2
                0x0000000000002084                navi_m_3
                0x0000000000002094                navi_m_4
                0x0000000000002099                navi_m_5
                0x000000000000209e                navi_m_6
                0x00000000000020a3                navi_m_7
                0x00000000000020a8                navi_m_8
                0x00000000000020ad                menu_navi
                0x00000000000020bf                titel_0
                0x00000000000020cd                titel_1
                0x00000000000020ce                titel_2
                0x00000000000020cf                titel_3
                0x00000000000020de                titel_4
                0x00000000000020df                titel_5
                0x00000000000020ef                titel_6
                0x00000000000020fd                titel_7
                0x0000000000002107                titel_8
                0x0000000000002108                titel_9
                0x0000000000002115                menu_titel
                0x0000000000002129                trip_setup_m_0
                0x000000000000212f                trip_setup_m_1
                0x000000000000213c                trip_setup_m_2
                0x0000000000002140                trip_setup_m_3
                0x0000000000002145                trip_setup_m_4
                0x000000000000214b                trip_setup_m_5
                0x0000000000002150                trip_setup_m_6
                0x0000000000002156                trip_setup_m_7
                0x000000000000215d                trip_setup_m_8
                0x0000000000002163                menu_trip_setup
 .progmem.data  0x0000000000002704       0x1d ./oiler.o
 .progmem.data  0x0000000000002721       0x19 ./reset.o
 .progmem.data  0x000000000000273a       0x39 ./sd.o
 .progmem.data  0x0000000000002773       0x48 ./sensors.o
 .progmem.data  0x00000000000027bb       0x20 ./speed.o
 .progmem.data  0x00000000000027db       0xaa ./speedo.o
 .progmem.data  0x0000000000002885        0xe ./sprint.o
 .progmem.data  0x0000000000002893        0xc ./temperature.o
 .progmem.data  0x000000000000289f       0x45 ./tetris.o
 .progmem.data  0x00000000000028e4        0x9 ./voltage.o
                0x00000000000028ee                . = ALIGN (0x2)
 *fill*         0x00000000000028ed        0x1 00
                0x00000000000028ee                __trampolines_start = .
 *(.trampolines)
 .trampolines   0x00000000000028ee       0x24 linker stubs
 *(.trampolines*)
                0x0000000000002912                __trampolines_end = .
 *(.jumptables)
 *(.jumptables*)
 *(.lowtext)
 *(.lowtext*)
                0x0000000000002912                __ctors_start = .
 *(.ctors)
 .ctors         0x0000000000002912        0x2 ./inc/Wire.o
 .ctors         0x0000000000002914        0x2 ./main.o
 .ctors         0x0000000000002916        0x2 /home/jkw/Store/17 - Speedmaster/Firmware/inc/libArduinoCore2560.a(HardwareSerial.cpp.o)
                0x0000000000002918                __ctors_end = .
                0x0000000000002918                __dtors_start = .
 *(.dtors)
                0x0000000000002918                __dtors_end = .
 SORT(*)(.ctors)
 SORT(*)(.dtors)
 *(.init0)
 .init0         0x0000000000002918        0x0 /usr/lib/gcc/avr/4.5.3/../../../avr/lib/avr6/crtm2560.o
                0x0000000000002918                __init
 *(.init0)
 *(.init1)
 *(.init1)
 *(.init2)
 .init2         0x0000000000002918       0x10 /usr/lib/gcc/avr/4.5.3/../../../avr/lib/avr6/crtm2560.o
 *(.init2)
 *(.init3)
 *(.init3)
 *(.init4)
 .init4         0x0000000000002928       0x1a /usr/lib/gcc/avr/4.5.3/avr6/libgcc.a(_copy_data.o)
                0x0000000000002928                __do_copy_data
 .init4         0x0000000000002942       0x10 /usr/lib/gcc/avr/4.5.3/avr6/libgcc.a(_clear_bss.o)
                0x0000000000002942                __do_clear_bss
 *(.init4)
 *(.init5)
 *(.init5)
 *(.init6)
 .init6         0x0000000000002952       0x20 /usr/lib/gcc/avr/4.5.3/avr6/libgcc.a(_ctors.o)
                0x0000000000002952                __do_global_ctors
 *(.init6)
 *(.init7)
 *(.init7)
 *(.init8)
 *(.init8)
 *(.init9)
 .init9         0x0000000000002972        0x8 /usr/lib/gcc/avr/4.5.3/../../../avr/lib/avr6/crtm2560.o
 *(.init9)
 *(.text)
 .text          0x000000000000297a        0x4 /usr/lib/gcc/avr/4.5.3/../../../avr/lib/avr6/crtm2560.o
                0x000000000000297a                __vector_38
                0x000000000000297a                __vector_22
                0x000000000000297a                __vector_28
                0x000000000000297a                __vector_32
                0x000000000000297a                __vector_34
                0x000000000000297a                __vector_24
                0x000000000000297a                __vector_12
                0x000000000000297a                __vector_55
                0x000000000000297a                __vector_46
                0x000000000000297a                __bad_interrupt
                0x000000000000297a                __vector_31
                0x000000000000297a                __vector_30
                0x000000000000297a                __vector_45
                0x000000000000297a                __vector_11
                0x000000000000297a                __vector_13
                0x000000000000297a                __vector_17
                0x000000000000297a                __vector_19
                0x000000000000297a                __vector_56
                0x000000000000297a                __vector_49
                0x000000000000297a                __vector_41
                0x000000000000297a                __vector_43
                0x000000000000297a                __vector_27
                0x000000000000297a                __vector_33
                0x000000000000297a                __vector_47
                0x000000000000297a                __vector_52
                0x000000000000297a                __vector_37
                0x000000000000297a                __vector_44
                0x000000000000297a                __vector_9
                0x000000000000297a                __vector_21
                0x000000000000297a                __vector_15
                0x000000000000297a                __vector_29
                0x000000000000297a                __vector_40
                0x000000000000297a                __vector_26
                0x000000000000297a                __vector_48
                0x000000000000297a                __vector_14
                0x000000000000297a                __vector_53
                0x000000000000297a                __vector_50
                0x000000000000297a                __vector_16
                0x000000000000297a                __vector_18
                0x000000000000297a                __vector_20
                0x000000000000297a                __vector_42
 .text          0x000000000000297e        0xe ./inc/EEPROM.o
                0x000000000000297e                _ZN11EEPROMClass4readEi
                0x0000000000002984                _ZN11EEPROMClass5writeEih
 .text          0x000000000000298c      0x856 ./inc/Sd2Card.o
                0x00000000000029c2                _ZN7Sd2Card14chipSelectHighEv
                0x00000000000029cc                _ZN7Sd2Card13chipSelectLowEv
                0x00000000000029e4                _ZN7Sd2Card8readDataEPhj
                0x0000000000002a36                _ZN7Sd2Card10setSckRateEh
                0x0000000000002a4a                _ZN7Sd2Card11waitNotBusyEj
                0x0000000000002a80                _ZN7Sd2Card11cardCommandEhm
                0x0000000000002b0e                _ZN7Sd2Card8cardAcmdEhm
                0x0000000000002b48                _ZN7Sd2Card4initEhh
                0x0000000000002ca0                _ZN7Sd2Card14waitStartBlockEv
                0x0000000000002cea                _ZN7Sd2Card12readRegisterEhPv
                0x0000000000002d2e                _ZN7Sd2Card7readCSDEP5csd_t
                0x0000000000002d34                _ZN7Sd2Card22eraseSingleBlockEnableEv
                0x0000000000002d6e                _ZN7Sd2Card5eraseEmm
                0x0000000000002e94                _ZN7Sd2Card8cardSizeEv
                0x0000000000002f9a                _ZN7Sd2Card9readBlockEmPh
                0x0000000000003008                _ZN7Sd2Card9writeDataEhPKh
                0x0000000000003064                _ZN7Sd2Card9writeDataEPKh
                0x00000000000030a6                _ZN7Sd2Card10writeBlockEmPKh
                0x000000000000313a                _ZN7Sd2Card10writeStartEmm
                0x00000000000031a6                _ZN7Sd2Card9writeStopEv
 .text          0x00000000000031e2      0x42e ./inc/SdFat.o
                0x00000000000031e2                _ZN8SdVolume4initEP7Sd2Card
                0x0000000000003210                _ZN6SdFileD1Ev
                0x0000000000003226                _ZN5SdFat5chdirEv
                0x0000000000003256                _ZN5SdFat5chdirEPKc
                0x0000000000003336                _ZN5SdFat10errorPrintEv
                0x0000000000003364                _ZN5SdFat9errorHaltEv
                0x0000000000003368                _ZN5SdFat10errorPrintEPKc
                0x0000000000003392                _ZN5SdFat9errorHaltEPKc
                0x0000000000003396                _ZN5SdFat12errorPrint_PEPKc
                0x00000000000033ba                _ZN5SdFat11errorHalt_PEPKc
                0x00000000000033be                _ZN5SdFat6existsEPKc
                0x00000000000033c4                _ZN5SdFat4initEhh
                0x00000000000033f6                _ZN5SdFat14initErrorPrintEv
                0x000000000000343e                _ZN5SdFat13initErrorHaltEv
                0x0000000000003442                _ZN5SdFat2lsEh
                0x0000000000003450                _ZN5SdFat2lsEP5Printh
                0x0000000000003458                _ZN5SdFat5mkdirEPKcb
                0x00000000000034b6                _ZN5SdFat6removeEPKc
                0x00000000000034bc                _ZN5SdFat6renameEPKcS1_
                0x0000000000003538                _ZN5SdFat5rmdirEPKc
                0x0000000000003598                _ZN5SdFat8truncateEPKcm
 .text          0x0000000000003610       0x8a ./inc/SdFatUtil.o
                0x0000000000003610                _ZN9SdFatUtil7FreeRamEv
                0x000000000000364a                _ZN9SdFatUtil7print_PEP5PrintPKc
                0x0000000000003676                _ZN9SdFatUtil9println_PEP5PrintPKc
                0x000000000000368a                _ZN9SdFatUtil13SerialPrint_PEPKc
                0x0000000000003692                _ZN9SdFatUtil15SerialPrintln_PEPKc
 .text          0x000000000000369a     0x27b2 ./inc/SdFile.o
                0x00000000000036c6                _ZN8SdVolume9fatPutEOCEm
                0x00000000000036dc                _ZN6SdFile10addClusterEv
                0x0000000000003730                _ZN6SdFile13addDirClusterEv
                0x000000000000384a                _ZN6SdFile13cacheDirEntryEh
                0x0000000000003886                _ZN6SdFile15contiguousRangeEPmS0_
                0x00000000000039ea                _ZN6SdFile7dirNameERK14directoryEntryPc
                0x0000000000003a26                _ZN6SdFile11getFilenameEPc
                0x0000000000003a5a                _ZN6SdFile6getposEP6fpos_t
                0x0000000000003a88                _ZN6SdFile10make83NameEPKcPhPS1_
                0x0000000000003b0a                _ZN6SdFile8openRootEP8SdVolume
                0x0000000000003bb0                _ZN6SdFile12printDirNameEP5PrintRK14directoryEntryhb
                0x0000000000003c40                _ZN6SdFile12printDirNameERK14directoryEntryhb
                0x0000000000003c50                _ZN6SdFile12printFatDateEP5Printj
                0x0000000000003caa                _ZN6SdFile12printFatDateEj
                0x0000000000003cb2                _ZN6SdFile12printFatTimeEP5Printj
                0x0000000000003d06                _ZN6SdFile12printFatTimeEj
                0x0000000000003d0e                _ZN6SdFile9printNameEv
                0x0000000000003d5a                _ZN6SdFile4readEPvj
                0x0000000000003fbc                _ZN6SdFile4readEv
                0x0000000000003fec                _ZN6SdFile4peekEv
                0x0000000000004042                _ZN6SdFile11lsPrintNextEP5Printhh
                0x00000000000041c2                _ZN6SdFile9lsJKWNextEPciPm
                0x00000000000042d6                _ZN6SdFile5fgetsEPciS0_
                0x00000000000043aa                _ZN6SdFile7readDirEP14directoryEntry
                0x0000000000004414                _ZN6SdFile12readDirCacheEv
                0x000000000000448a                _ZN6SdFile7seekSetEm
                0x00000000000045c2                _ZN6SdFile7seekEndEl
                0x00000000000045e0                _ZN6SdFile6rewindEv
                0x00000000000045e8                _ZN6SdFile6setposEP6fpos_t
                0x0000000000004614                _ZN6SdFile4syncEv
                0x00000000000046a8                _ZN6SdFile8dirEntryEP14directoryEntry
                0x00000000000046ea                _ZN6SdFile5closeEv
                0x0000000000004718                _ZN6SdFile9timestampEhjhhhhh
                0x0000000000004848                _ZN6SdFile8truncateEm
                0x00000000000049b0                _ZN6SdFile6removeEv
                0x00000000000049e4                _ZN6SdFile5rmdirEv
                0x0000000000004a6e                _ZN6SdFile15openCachedEntryEhh
                0x0000000000004b7a                _ZN6SdFile8openNextEPS_h
                0x0000000000004c10                _ZN6SdFile4openEPS_jh
                0x0000000000004c90                _ZN6SdFile8rmRfStarEv
                0x0000000000004dca                _ZN6SdFile2lsEP5Printhh
                0x0000000000004ec6                _ZN6SdFile2lsEh
                0x0000000000004ed0                _ZN6SdFile10openParentEPS_
                0x00000000000050cc                _ZN6SdFile4openEPS_PKhh
                0x0000000000005258                _ZN6SdFile4openEPS_PKch
                0x00000000000053f0                _ZN6SdFile6removeEPS_PKc
                0x0000000000005454                _ZN6SdFile4openEPKch
                0x0000000000005464                _ZN6SdFileC1EPKch
                0x0000000000005464                _ZN6SdFileC2EPKch
                0x0000000000005474                _ZN6SdFile6existsEPKc
                0x00000000000054ce                _ZN6SdFile16createContiguousEPS_PKcm
                0x000000000000555a                _ZN6SdFile5mkdirEPS_PKh
                0x00000000000056dc                _ZN6SdFile5mkdirEPS_PKcb
                0x000000000000588c                _ZN6SdFile6renameEPS_PKc
                0x0000000000005a80                _ZN6SdFile5writeEPKvj
                0x0000000000005dd0                _ZN6SdFile5writeEPKc
                0x0000000000005de4                _ZN6SdFile5writeEh
                0x0000000000005e04                _ZN6SdFile7write_PEPKc
                0x0000000000005e36                _ZN6SdFile9writeln_PEPKc
 .text          0x0000000000005e4c      0x2c8 ./inc/SdStream.o
                0x0000000000005e4c                _ZN6SdFile7seekCurEl
                0x0000000000005e6c                _ZN6SdBase5getchEv
                0x0000000000005f26                _ZN6SdBase4openEPKch
                0x0000000000005fe6                _ZN6SdBase5putchEc
                0x0000000000006046                _ZN6SdBase6putstrEPKc
                0x00000000000060c6                _ZN6SdBase7seekoffElN8ios_base7seekdirE
                0x0000000000006110                _ZN6SdBase7seekposEm
 .text          0x0000000000006114      0xa8e ./inc/SdVolume.o
                0x0000000000006114                _ZN8SdVolume10cacheFlushEv
                0x000000000000618e                _ZN8SdVolume13cacheRawBlockEmh
                0x0000000000006212                _ZNK8SdVolume6fatGetEmPm
                0x0000000000006312                _ZNK8SdVolume9chainSizeEmPm
                0x00000000000063f8                _ZN8SdVolume6fatPutEmm
                0x0000000000006534                _ZN8SdVolume15allocContiguousEmPm
                0x0000000000006752                _ZN8SdVolume9freeChainEm
                0x0000000000006808                _ZN8SdVolume16freeClusterCountEv
                0x000000000000693c                _ZN8SdVolume4initEP7Sd2Cardh
 .text          0x0000000000006ba2      0x1f4 ./inc/Wire.o
                0x0000000000006ba2                _ZN7TwoWire16onReceiveServiceEPhi
                0x0000000000006bf2                _ZN7TwoWire16onRequestServiceEv
                0x0000000000006c0a                _ZN7TwoWireC2Ev
                0x0000000000006c0a                _ZN7TwoWireC1Ev
                0x0000000000006c0c                _ZN7TwoWire5beginEv
                0x0000000000006c20                _ZN7TwoWire5beginEh
                0x0000000000006c46                _ZN7TwoWire5beginEi
                0x0000000000006c48                _ZN7TwoWire11requestFromEhh
                0x0000000000006c62                _ZN7TwoWire11requestFromEii
                0x0000000000006c64                _ZN7TwoWire17beginTransmissionEh
                0x0000000000006c78                _ZN7TwoWire17beginTransmissionEi
                0x0000000000006c7a                _ZN7TwoWire15endTransmissionEv
                0x0000000000006c9a                _ZN7TwoWire4sendEh
                0x0000000000006ce2                _ZN7TwoWire4sendEPhh
                0x0000000000006d3c                _ZN7TwoWire4sendEPc
                0x0000000000006d50                _ZN7TwoWire4sendEi
                0x0000000000006d52                _ZN7TwoWire9availableEv
                0x0000000000006d5e                _ZN7TwoWire7receiveEv
                0x0000000000006d80                _ZN7TwoWire9onReceiveEPFviE
                0x0000000000006d8a                _ZN7TwoWire9onRequestEPFvvE
 .text          0x0000000000006d96      0xd62 ./inc/istream.o
                0x0000000000006d96                _ZN7istream5getchEP6fpos_t
                0x0000000000006dbc                _ZN7istream3getEv
                0x0000000000006e00                _ZN7istream3getERc
                0x0000000000006e1e                _ZN7istream3getEPcmc
                0x0000000000006f36                _ZN7istream7getlineEPcmc
                0x000000000000706e                _ZN7istream6ignoreEmi
                0x00000000000070d6                _ZN7istream4peekEv
                0x000000000000718a                _ZN7istream8readSkipEv
                0x00000000000071d0                _ZN7istream6getStrEPc
                0x0000000000007322                _ZN7istream9getNumberEmmPm
                0x00000000000075aa                _ZN7istream8getFloatEPf
                0x00000000000078fe                _ZN7istream7getCharEPc
                0x0000000000007936                _ZN7istream9skipWhiteEv
                0x00000000000079a6                _ZN7istream9getNumberIbEEvPT_
                0x0000000000007a10                _ZN7istream7getBoolEPb
 .text          0x0000000000007af8      0x64a ./inc/ostream.o
                0x0000000000007af8                _ZN7ostream7do_fillEj
                0x0000000000007b48                _ZN7ostream13fill_not_leftEj
                0x0000000000007b6e                _ZN7ostream6fmtNumEmPch
                0x0000000000007c0a                _ZN7ostream7putCharEc
                0x0000000000007c3a                _ZN7ostream6putNumEmb
                0x0000000000007d9e                _ZN7ostream6putNumEl
                0x0000000000007dd8                _ZN7ostream6putPgmERK3pgm
                0x0000000000007e2a                _ZN7ostream9putDoubleEd
                0x000000000000809e                _ZN7ostream7putBoolEb
                0x00000000000080fa                _ZN7ostream6putStrEPKc
 .text          0x0000000000008142        0x0 ./inc/pins_arduino.o
 .text          0x0000000000008142     0x1af6 ./inc/ssd0323.o
                0x0000000000008142                _ZN7ssd032310senden_spiEh
                0x0000000000008166                _ZN7ssd032312send_commandEh
                0x000000000000816e                _ZN7ssd03239send_charEh
                0x0000000000008172                _ZN7ssd032312clear_screenEv
                0x00000000000081b8                _ZN7ssd032310set2pixelsEhhhh
                0x0000000000008226                _ZN7ssd03234lineEhhhhh
                0x00000000000086e0                _ZN7ssd032314zeichen_big_1xEPhhiiiih
                0x000000000000895c                _ZN7ssd032316zeichen_small_1xEPhhiiiih
                0x0000000000008af6                _ZN7ssd032316zeichen_small_2xEPhhiiiih
                0x0000000000008cf0                _ZN7ssd032316zeichen_small_3xEPhhiiiih
                0x0000000000008f78                _ZN7ssd032316zeichen_small_4xEPhhiiiih
                0x00000000000091c0                _ZN7ssd03236stringEsPKchhhhh
                0x00000000000097c8                _ZN7ssd03236stringEsPKchh
                0x00000000000097e4                _ZN7ssd03238string_PEsPKchhhhh
                0x0000000000009880                _ZN7ssd03238string_PEsPKchh
                0x000000000000989c                _ZN7ssd032311filled_rectEhhhhh
                0x0000000000009972                _ZN7ssd032313highlight_barEhhhh
                0x0000000000009a68                _ZN7ssd03234initEhh
                0x0000000000009c36                _ZN7ssd0323C1Ev
                0x0000000000009c36                _ZN7ssd0323C2Ev
 .text          0x0000000000009c38      0x43c ./inc/twi.o
                0x0000000000009c38                twi_init
                0x0000000000009c5e                twi_setAddress
                0x0000000000009c66                twi_readFrom
                0x0000000000009cd2                twi_writeTo
                0x0000000000009d52                twi_transmit
                0x0000000000009d86                twi_attachSlaveRxEvent
                0x0000000000009d90                twi_attachSlaveTxEvent
                0x0000000000009d9a                twi_reply
                0x0000000000009daa                twi_stop
                0x0000000000009dbe                twi_releaseBus
                0x0000000000009dca                __vector_39
 .text          0x000000000000a074     0x1db2 ./aktors.o
                0x000000000000a074                _ZN13Speedo_aktorsC2Ev
                0x000000000000a074                _ZN13Speedo_aktorsC1Ev
                0x000000000000a09a                _ZN13Speedo_aktorsD2Ev
                0x000000000000a09a                _ZN13Speedo_aktorsD1Ev
                0x000000000000a09c                _ZN13Speedo_aktors10clear_varsEv
                0x000000000000a0e2                _ZN13Speedo_aktors10check_varsEv
                0x000000000000a1ba                _ZN13Speedo_aktors10set_rgb_inEiiii
                0x000000000000a27a                _ZN13Speedo_aktors10set_rgb_inEiii
                0x000000000000a28a                _ZN13Speedo_aktors11set_rgb_outEiiii
                0x000000000000a338                _ZN13Speedo_aktors11set_rgb_outEiii
                0x000000000000a348                _ZN13Speedo_aktors11dimm_rgb_toEiiiii
                0x000000000000a400                _ZN13Speedo_aktors14timer_overflowEv
                0x000000000000a8a6                _ZN13Speedo_aktors14dimm_availableEv
                0x000000000000a8c8                __vector_35
                0x000000000000a91e                _ZN13Speedo_aktors17update_outer_ledsEb
                0x000000000000b65c                _ZN13Speedo_aktors4initEv
                0x000000000000b6fe                _ZN13Speedo_aktors6ask_btEPc
                0x000000000000b7fc                _ZN13Speedo_aktors10set_bt_pinEv
 .text          0x000000000000be26      0x182 ./blinker.o
                0x000000000000be26                _ZN13moped_blinkerC1Ev
                0x000000000000be26                _ZN13moped_blinkerC2Ev
                0x000000000000be28                _ZN13moped_blinkerD2Ev
                0x000000000000be28                _ZN13moped_blinkerD1Ev
                0x000000000000be2a                _ZN13moped_blinker5checkEv
                0x000000000000bed4                _ZN13moped_blinker9set_startEmi
                0x000000000000bf02                _ZN13moped_blinker4warnEm
                0x000000000000bf46                _ZN13moped_blinker4initEv
                0x000000000000bf5e                _ZN13moped_blinker10clear_varsEv
                0x000000000000bf72                _ZN13moped_blinker10check_varsEv
 .text          0x000000000000bfa8      0x32a ./clock_me.o
                0x000000000000bfa8                _ZN12speedo_clockC2Ev
                0x000000000000bfa8                _ZN12speedo_clockC1Ev
                0x000000000000bfaa                _ZN12speedo_clockD1Ev
                0x000000000000bfaa                _ZN12speedo_clockD2Ev
                0x000000000000bfac                _ZN12speedo_clock7changedEPi
                0x000000000000bfd2                _ZN12speedo_clock8decToBcdEc
                0x000000000000bfe2                _ZN12speedo_clock8bcdToDecEc
                0x000000000000bffa                _ZN12speedo_clock13set_date_timeEiiiiiiii
                0x000000000000c108                _ZN12speedo_clock4initEv
                0x000000000000c118                _ZN12speedo_clock10clear_varsEv
                0x000000000000c138                _ZN12speedo_clock10check_varsEv
                0x000000000000c13c                _ZN12speedo_clock7getdateEv
                0x000000000000c160                _ZN12speedo_clock13get_long_dateEv
                0x000000000000c1ec                _ZN12speedo_clock9get_daylsEv
                0x000000000000c1f4                _ZN12speedo_clock6get_ssEv
                0x000000000000c1fe                _ZN12speedo_clock3incEv
                0x000000000000c24a                _ZN12speedo_clock4copyEPc
 .text          0x000000000000c2d2     0x453e ./config.o
                0x000000000000c2e8                _ZN13configurationC2Ev
                0x000000000000c2e8                _ZN13configurationC1Ev
                0x000000000000c2ea                _ZN13configuration8ram_infoEv
                0x000000000000c326                _ZN13configurationD1Ev
                0x000000000000c326                _ZN13configurationD2Ev
                0x000000000000c328                _ZN13configuration5writeEPKc
                0x000000000000e3cc                _ZN13configuration10clear_varsEv
                0x000000000000e3ea                _ZN13configuration11parse_floatEPciPf
                0x000000000000e66c                _ZN13configuration10parse_boolEPciPb
                0x000000000000e6a8                _ZN13configuration9parse_intEPciPi
                0x000000000000e6fe                _ZN13configuration11parse_shortEPciPs
                0x000000000000e748                _ZN13configuration7parse_aEPciS0_i
                0x000000000000e7b6                _ZN13configuration8parse_ulEPciPm
                0x000000000000e860                _ZN13configuration5parseEPc
                0x00000000000100aa                _ZN13configuration4readEPKc
                0x000000000001032e                _ZN13configuration9read_skinEv
                0x00000000000103c2                _ZN13configuration7km_saveEv
                0x000000000001059a                _ZN13configuration14day_trip_checkEv
                0x00000000000106ba                _ZN13configuration11EEPROM_initEv
 .text          0x0000000000010810       0x6e ./debug.o
                0x0000000000010810                _ZN9debuggingC1Ev
                0x0000000000010810                _ZN9debuggingC2Ev
                0x0000000000010812                _ZN9debuggingD1Ev
                0x0000000000010812                _ZN9debuggingD2Ev
                0x0000000000010814                _ZN9debugging7sprintpEPKc
                0x000000000001083e                _ZN9debugging9sprintlnpEPKc
                0x0000000000010870                _ZN9debugging11parse_floatEiPciii
                0x0000000000010872                _ZN9debugging9parse_intEv
                0x0000000000010874                _ZN9debugging5parseEiPc
                0x0000000000010876                _ZN9debugging7parse_aEiPc
                0x0000000000010878                _ZN9debugging8parse_ulEim
                0x000000000001087a                _ZN9debugging11speedo_loopEiimPKc
                0x000000000001087c                _ZN9debugging4loopEv
 .text          0x000000000001087e     0x1b30 ./display.o
                0x0000000000010894                _ZN11speedo_dispC1Ev
                0x0000000000010894                _ZN11speedo_dispC2Ev
                0x0000000000010898                _ZN11speedo_dispD2Ev
                0x0000000000010898                _ZN11speedo_dispD1Ev
                0x000000000001089a                _ZN11speedo_disp8draw_oilEhh
                0x0000000000010b64                _ZN11speedo_disp10draw_waterEhh
                0x0000000000010e2e                _ZN11speedo_disp8draw_airEhh
                0x0000000000010f38                _ZN11speedo_disp9draw_fuelEhh
                0x0000000000011062                _ZN11speedo_disp10draw_clockEhh
                0x000000000001118c                _ZN11speedo_disp12draw_blitzerEhh
                0x0000000000011406                _ZN11speedo_disp10draw_arrowEiii
                0x00000000000119e2                _ZN11speedo_disp6sd2ssdEPci
                0x0000000000011bae                _ZN11speedo_disp11show_storryEPcjS0_j
                0x0000000000011e4a                _ZN11speedo_disp14show_animationEPKc
                0x0000000000012168                _ZN11speedo_disp12disp_waitingEihh
                0x000000000001221c                _ZN11speedo_disp9animationEi
                0x0000000000012298                _ZN11speedo_disp11init_speedoEv
 .text          0x00000000000123ae      0x20a ./dz.o
                0x00000000000123ae                _Z6helperv
                0x00000000000123c8                _ZN9speedo_dzC2Ev
                0x00000000000123c8                _ZN9speedo_dzC1Ev
                0x00000000000123ca                _ZN9speedo_dz7counterEv
                0x00000000000123da                _ZN9speedo_dz4calcEv
                0x000000000001252a                _ZN9speedo_dz4initEv
                0x000000000001255a                _ZN9speedo_dz10clear_varsEv
                0x0000000000012584                _ZN9speedo_dz10check_varsEv
 .text          0x00000000000125b8      0xbd0 ./file_manager_v2.o
                0x00000000000125ce                _ZN21speedo_filemanager_v2C1Ev
                0x00000000000125ce                _ZN21speedo_filemanager_v2C2Ev
                0x00000000000125e6                _ZN21speedo_filemanager_v2D1Ev
                0x00000000000125e6                _ZN21speedo_filemanager_v2D2Ev
                0x00000000000125fe                _ZN21speedo_filemanager_v215get_file_handleEPhS0_P6SdFileS2_h
                0x000000000001288e                _ZN21speedo_filemanager_v213parse_commandEv
 .text          0x0000000000013188      0x280 ./fuel.o
                0x0000000000013188                _ZN11speedo_fuelC1Ev
                0x0000000000013188                _ZN11speedo_fuelC2Ev
                0x000000000001318a                _ZN11speedo_fuelD2Ev
                0x000000000001318a                _ZN11speedo_fuelD1Ev
                0x000000000001318c                _ZN11speedo_fuel8get_fuelEPc
                0x00000000000133b8                _ZN11speedo_fuel4initEv
                0x00000000000133ba                _ZN11speedo_fuel10clear_varsEv
                0x00000000000133ce                _ZN11speedo_fuel10check_varsEv
 .text          0x0000000000013408      0x78c ./gear.o
                0x0000000000013408                _ZN11speedo_gearC2Ev
                0x0000000000013408                _ZN11speedo_gearC1Ev
                0x000000000001340a                _ZN11speedo_gearD1Ev
                0x000000000001340a                _ZN11speedo_gearD2Ev
                0x000000000001340c                _ZN11speedo_gear4initEv
                0x000000000001341c                _ZN11speedo_gear10check_varsEv
                0x000000000001349a                _ZN11speedo_gear10clear_varsEv
                0x00000000000134c6                _ZN11speedo_gear4calcEv
                0x000000000001372a                _ZN11speedo_gear3getEv
                0x0000000000013742                _ZN11speedo_gear9calibrateEv
 .text          0x0000000000013b94     0x206c ./gps.o
                0x0000000000013baa                _ZN10speedo_gpsC1Ev
                0x0000000000013baa                _ZN10speedo_gpsC2Ev
                0x0000000000013bac                _ZN10speedo_gpsD1Ev
                0x0000000000013bac                _ZN10speedo_gpsD2Ev
                0x0000000000013bae                _ZN10speedo_gps10clear_varsEv
                0x0000000000013c94                _ZN10speedo_gps10check_varsEv
                0x0000000000013c98                _ZN10speedo_gps9recv_dataEv
                0x0000000000013dec                __vector_36
                0x0000000000013e46                _ZN10speedo_gps8get_infoEi
                0x0000000000013f72                _ZN10speedo_gps11store_to_sdEv
                0x0000000000014040                _ZN10speedo_gps3modEmm
                0x00000000000140c6                _ZN10speedo_gps11nmea_to_decEm
                0x0000000000014182                _ZN10speedo_gps9calc_distEmm
                0x000000000001440a                _ZN10speedo_gps9get_orderEPc
                0x000000000001468a                _ZN10speedo_gps18generate_new_orderEv
                0x0000000000014a42                _ZN10speedo_gps9calc_naviEv
                0x0000000000014eca                _ZN10speedo_gps5parseEPci
                0x00000000000156b6                _ZN10speedo_gps10check_flagEv
                0x000000000001572a                _ZN10speedo_gps4loopEv
                0x0000000000015a0c                _ZN10speedo_gps17get_logged_pointsEPci
                0x0000000000015b96                _ZN10speedo_gps8SendByteEh
                0x0000000000015ba4                _ZN10speedo_gps10SendStringEPKc
                0x0000000000015bd4                _ZN10speedo_gps4initEv
 .text          0x0000000000015c00       0x38 ./helper.o
                0x0000000000015c00                __cxa_pure_virtual
                0x0000000000015c04                _Znwj
                0x0000000000015c08                _ZdlPv
                0x0000000000015c0c                _Znaj
                0x0000000000015c10                _ZdaPv
                0x0000000000015c1a                _Z19__cxa_guard_acquirePx
                0x0000000000015c2e                _Z19__cxa_guard_releasePx
                0x0000000000015c36                _Z17__cxa_guard_abortPx
 .text          0x0000000000015c38      0x3f4 ./main.o
                0x0000000000015c38                main
 .text          0x000000000001602c     0x952c ./menu.o
                0x0000000000016042                _ZN11speedo_menuC2Ev
                0x0000000000016042                _ZN11speedo_menuC1Ev
                0x0000000000016044                _ZN11speedo_menuD2Ev
                0x0000000000016044                _ZN11speedo_menuD1Ev
                0x0000000000016046                _ZN11speedo_menu4backEv
                0x0000000000016146                _ZN11speedo_menu5yesnoEPKcS1_S1_
                0x000000000001628c                _ZN11speedo_menu4drawEPPKci
                0x0000000000016564                _ZN11speedo_menu7go_leftEv
                0x000000000001662e                _ZN11speedo_menu8go_rightEv
                0x000000000001669e                _ZN11speedo_menu5go_upEv
                0x00000000000167aa                _ZN11speedo_menu7go_downEv
                0x00000000000168a0                _ZN11speedo_menu4initEv
                0x0000000000016912                _ZN11speedo_menu11set_buttonsEbbbb
                0x0000000000016922                _ZN11speedo_menu9center_meEPci
                0x0000000000016a68                _ZN11speedo_menu7displayEv
                0x000000000001f1c8                _ZN11speedo_menu11button_testEbb
                0x000000000001f45c                __vector_10
                0x000000000001f4b6                _ZN11speedo_menu8del_confEPcS0_
 .text          0x000000000001f558      0x106 ./oiler.o
                0x000000000001f558                _ZN12speedo_oilerC2Ev
                0x000000000001f558                _ZN12speedo_oilerC1Ev
                0x000000000001f55a                _ZN12speedo_oilerD2Ev
                0x000000000001f55a                _ZN12speedo_oilerD1Ev
                0x000000000001f55c                _ZN12speedo_oiler4initEv
                0x000000000001f57c                _ZN12speedo_oiler10check_varsEv
                0x000000000001f5a6                _ZN12speedo_oiler10clear_varsEv
                0x000000000001f5ae                _ZN12speedo_oiler12send_impulseEv
                0x000000000001f602                _ZN12speedo_oiler11check_valueEv
 .text          0x000000000001f65e      0x2a8 ./reset.o
                0x000000000001f65e                _ZN12speedo_resetC1Ev
                0x000000000001f65e                _ZN12speedo_resetC2Ev
                0x000000000001f660                _ZN12speedo_resetD2Ev
                0x000000000001f660                _ZN12speedo_resetD1Ev
                0x000000000001f662                _ZN12speedo_reset10check_varsEv
                0x000000000001f666                _ZN12speedo_reset10set_activeEbb
                0x000000000001f6b0                _ZN12speedo_reset12set_deactiveEbb
                0x000000000001f6f8                _ZN12speedo_reset4initEv
                0x000000000001f766                _ZN12speedo_reset7restoreEv
                0x000000000001f77a                _ZN12speedo_reset6toggleEv
                0x000000000001f7d8                _ZN12speedo_reset9ask_resetEv
                0x000000000001f8de                _ZN12speedo_reset10clear_varsEv
 .text          0x000000000001f906      0x17e ./sd.o
                0x000000000001f934                _ZN9speedo_sdC1Ev
                0x000000000001f934                _ZN9speedo_sdC2Ev
                0x000000000001f950                _ZN9speedo_sdD1Ev
                0x000000000001f950                _ZN9speedo_sdD2Ev
                0x000000000001f952                _ZN9speedo_sd7error_PEPKc
                0x000000000001f9a8                _ZN9speedo_sd9writeCRLFER6SdFile
                0x000000000001f9b6                _ZN9speedo_sd11writeStringER6SdFilePc
                0x000000000001f9d4                _ZN9speedo_sd10power_downEv
                0x000000000001f9d6                _ZN9speedo_sd8power_upEv
                0x000000000001fa66                _ZN9speedo_sd4initEv
 .text          0x000000000001fa84      0x42e ./sensors.o
                0x000000000001fa84                _ZN14Speedo_sensorsC1Ev
                0x000000000001fa84                _ZN14Speedo_sensorsC2Ev
                0x000000000001fb58                _ZN14Speedo_sensorsD2Ev
                0x000000000001fb58                _ZN14Speedo_sensorsD1Ev
                0x000000000001fb5a                _ZN14Speedo_sensors10clear_varsEv
                0x000000000001fbb8                _ZN14Speedo_sensors10check_varsEv
                0x000000000001fcc4                _ZN14Speedo_sensors11single_readEv
                0x000000000001fd3c                _ZN14Speedo_sensors4initEv
                0x000000000001fdaa                _ZN14Speedo_sensors6flatItEiPsif
 .text          0x000000000001feb2      0x8b4 ./speed.o
                0x000000000001feb2                _ZN12speedo_speedC2Ev
                0x000000000001feb2                _ZN12speedo_speedC1Ev
                0x000000000001feb4                _ZN12speedo_speedD2Ev
                0x000000000001feb4                _ZN12speedo_speedD1Ev
                0x000000000001feb6                _ZN12speedo_speed4calcEv
                0x000000000002006c                _Z12helper_speedv
                0x000000000002007a                _ZN12speedo_speed4initEv
                0x000000000002009c                _ZN12speedo_speed10clear_varsEv
                0x0000000000020108                _ZN12speedo_speed10check_varsEv
                0x0000000000020184                _ZN12speedo_speed8getSpeedEv
                0x00000000000201fe                _ZN12speedo_speed13get_sat_speedEv
                0x000000000002023a                _ZN12speedo_speed13get_mag_speedEv
                0x0000000000020242                _ZN12speedo_speed12check_umfangEv
 .text          0x0000000000020766     0x1db6 ./speedo.o
                0x0000000000020766                _ZN13speedo_speedo9reset_bakEv
                0x000000000002077c                _ZN13speedo_speedo4loopEm
                0x0000000000022306                _ZN13speedo_speedo10clear_varsEv
                0x000000000002233c                _ZN13speedo_speedo10check_varsEv
 .text          0x000000000002251c      0x4f6 ./sprint.o
                0x000000000002251c                _ZN13speedo_sprintC2Ev
                0x000000000002251c                _ZN13speedo_sprintC1Ev
                0x000000000002253a                _ZN13speedo_sprintD2Ev
                0x000000000002253a                _ZN13speedo_sprintD1Ev
                0x000000000002253c                _ZN13speedo_sprint4initEv
                0x000000000002255a                _ZN13speedo_sprint4loopEv
 .text          0x0000000000022a12      0x150 ./stepper.o
                0x0000000000022a12                _ZN14speedo_stepperC2Ev
                0x0000000000022a12                _ZN14speedo_stepperC1Ev
                0x0000000000022a14                _ZN14speedo_stepperD2Ev
                0x0000000000022a14                _ZN14speedo_stepperD1Ev
                0x0000000000022a16                _ZN14speedo_stepper5go_toEii
                0x0000000000022aec                _ZN14speedo_stepper4initEv
 .text          0x0000000000022b62      0x84a ./temperature.o
                0x0000000000022b62                _ZN18speedo_temperatureC1Ev
                0x0000000000022b62                _ZN18speedo_temperatureC2Ev
                0x0000000000022b64                _ZN18speedo_temperatureD1Ev
                0x0000000000022b64                _ZN18speedo_temperatureD2Ev
                0x0000000000022b66                _ZN18speedo_temperature10clear_varsEv
                0x0000000000022be6                _ZN18speedo_temperature10check_varsEv
                0x0000000000022d74                _ZN18speedo_temperature4initEv
                0x0000000000022d80                _ZN18speedo_temperature13read_oil_tempEv
                0x0000000000022f16                _ZN18speedo_temperature15read_water_tempEv
                0x00000000000230d4                _ZN18speedo_temperature13read_air_tempEv
                0x00000000000231b2                _ZN18speedo_temperature12get_air_tempEv
                0x00000000000231cc                _ZN18speedo_temperature12get_oil_tempEv
                0x00000000000232bc                _ZN18speedo_temperature14get_water_tempEv
 .text          0x00000000000233ac     0x1538 ./tetris.o
                0x00000000000233ac                _ZN6tetrisC1Ev
                0x00000000000233ac                _ZN6tetrisC2Ev
                0x00000000000233ae                _ZN6tetrisD2Ev
                0x00000000000233ae                _ZN6tetrisD1Ev
                0x00000000000233b0                _ZN6tetris22copy_element_to_bufferEi
                0x0000000000023460                _ZN6tetris11new_elementEv
                0x0000000000023558                _ZN6tetris4initEv
                0x00000000000235a0                _ZN6tetris13initDrawFieldEv
                0x00000000000238d0                _ZN6tetris11updateFieldEv
                0x0000000000023a02                _ZN6tetris11check_stackEv
                0x0000000000023e60                _ZN6tetris4loopEv
                0x0000000000024802                _ZN6tetris3runEv
                0x0000000000024836                _ZN6tetris19show_grid_on_serialEv
 .text          0x00000000000248e4      0x28a ./timer.o
                0x00000000000248e4                _ZN12speedo_timerC2Ev
                0x00000000000248e4                _ZN12speedo_timerC1Ev
                0x0000000000024916                _ZN12speedo_timerD2Ev
                0x0000000000024916                _ZN12speedo_timerD1Ev
                0x0000000000024918                _Z8ram_infov
                0x0000000000024944                _ZN12speedo_timer9every_secEP13configuration
                0x0000000000024a06                _ZN12speedo_timer10every_qsecEv
                0x0000000000024a56                _ZN12speedo_timer12every_customEv
 .text          0x0000000000024b6e      0x26c ./voltage.o
                0x0000000000024b6e                _ZN14speedo_voltageC2Ev
                0x0000000000024b6e                _ZN14speedo_voltageC1Ev
                0x0000000000024b70                _ZN14speedo_voltageD2Ev
                0x0000000000024b70                _ZN14speedo_voltageD1Ev
                0x0000000000024b72                _ZN14speedo_voltage4calcEv
                0x0000000000024c74                _ZN14speedo_voltage3getEv
                0x0000000000024c88                _ZN14speedo_voltage10check_varsEv
                0x0000000000024c8c                _ZN14speedo_voltage10clear_varsEv
                0x0000000000024c98                _ZN14speedo_voltage4initEv
                0x0000000000024c9e                _ZN14speedo_voltage4loopEv
 .text          0x0000000000024dda        0x0 /home/jkw/Store/17 - Speedmaster/Firmware/inc/libArduinoCore2560.a(WInterrupts.c.o)
 .text          0x0000000000024dda        0x0 /home/jkw/Store/17 - Speedmaster/Firmware/inc/libArduinoCore2560.a(wiring.c.o)
 .text          0x0000000000024dda        0x0 /home/jkw/Store/17 - Speedmaster/Firmware/inc/libArduinoCore2560.a(wiring_analog.c.o)
 .text          0x0000000000024dda        0x0 /home/jkw/Store/17 - Speedmaster/Firmware/inc/libArduinoCore2560.a(wiring_digital.c.o)
 .text          0x0000000000024dda        0x0 /home/jkw/Store/17 - Speedmaster/Firmware/inc/libArduinoCore2560.a(HardwareSerial.cpp.o)
 .text          0x0000000000024dda        0x0 /home/jkw/Store/17 - Speedmaster/Firmware/inc/libArduinoCore2560.a(Print.cpp.o)
 .text          0x0000000000024dda        0x0 /home/jkw/Store/17 - Speedmaster/Firmware/inc/libArduinoCore2560.a(WString.cpp.o)
 .text          0x0000000000024dda        0x0 /usr/lib/gcc/avr/4.5.3/../../../avr/lib/avr6/libc.a(malloc.o)
 .text          0x0000000000024dda        0x0 /usr/lib/gcc/avr/4.5.3/../../../avr/lib/avr6/libc.a(exit.o)
 .text          0x0000000000024dda        0x0 /usr/lib/gcc/avr/4.5.3/../../../avr/lib/avr6/libc.a(isalpha.o)
 .text          0x0000000000024dda        0x0 /usr/lib/gcc/avr/4.5.3/../../../avr/lib/avr6/libc.a(isspace.o)
 .text          0x0000000000024dda        0x0 /usr/lib/gcc/avr/4.5.3/../../../avr/lib/avr6/libc.a(tolower.o)
 .text          0x0000000000024dda        0x0 /usr/lib/gcc/avr/4.5.3/../../../avr/lib/avr6/libc.a(toupper.o)
 .text          0x0000000000024dda        0x0 /usr/lib/gcc/avr/4.5.3/../../../avr/lib/avr6/libc.a(strcmp_P.o)
 .text          0x0000000000024dda        0x0 /usr/lib/gcc/avr/4.5.3/../../../avr/lib/avr6/libc.a(strcpy_P.o)
 .text          0x0000000000024dda        0x0 /usr/lib/gcc/avr/4.5.3/../../../avr/lib/avr6/libc.a(strlen_P.o)
 .text          0x0000000000024dda        0x0 /usr/lib/gcc/avr/4.5.3/../../../avr/lib/avr6/libc.a(memcmp.o)
 .text          0x0000000000024dda        0x0 /usr/lib/gcc/avr/4.5.3/../../../avr/lib/avr6/libc.a(memcpy.o)
 .text          0x0000000000024dda        0x0 /usr/lib/gcc/avr/4.5.3/../../../avr/lib/avr6/libc.a(memset.o)
 .text          0x0000000000024dda        0x0 /usr/lib/gcc/avr/4.5.3/../../../avr/lib/avr6/libc.a(strcat.o)
 .text          0x0000000000024dda        0x0 /usr/lib/gcc/avr/4.5.3/../../../avr/lib/avr6/libc.a(strchr.o)
 .text          0x0000000000024dda        0x0 /usr/lib/gcc/avr/4.5.3/../../../avr/lib/avr6/libc.a(strcmp.o)
 .text          0x0000000000024dda        0x0 /usr/lib/gcc/avr/4.5.3/../../../avr/lib/avr6/libc.a(strcpy.o)
 .text          0x0000000000024dda        0x0 /usr/lib/gcc/avr/4.5.3/../../../avr/lib/avr6/libc.a(strncmp.o)
 .text          0x0000000000024dda        0x0 /usr/lib/gcc/avr/4.5.3/../../../avr/lib/avr6/libc.a(strncpy.o)
 .text          0x0000000000024dda        0x0 /usr/lib/gcc/avr/4.5.3/../../../avr/lib/avr6/libc.a(strrchr.o)
 .text          0x0000000000024dda        0x0 /usr/lib/gcc/avr/4.5.3/../../../avr/lib/avr6/libc.a(strstr.o)
 .text          0x0000000000024dda        0x0 /usr/lib/gcc/avr/4.5.3/../../../avr/lib/avr6/libc.a(itoa.o)
 .text          0x0000000000024dda        0x0 /usr/lib/gcc/avr/4.5.3/../../../avr/lib/avr6/libc.a(ltoa.o)
 .text          0x0000000000024dda        0x0 /usr/lib/gcc/avr/4.5.3/../../../avr/lib/avr6/libc.a(ultoa.o)
 .text          0x0000000000024dda        0x0 /usr/lib/gcc/avr/4.5.3/../../../avr/lib/avr6/libc.a(sprintf.o)
 .text          0x0000000000024dda        0x0 /usr/lib/gcc/avr/4.5.3/../../../avr/lib/avr6/libc.a(addsf3.o)
 .text          0x0000000000024dda        0x0 /usr/lib/gcc/avr/4.5.3/../../../avr/lib/avr6/libc.a(addsf3x.o)
 .text          0x0000000000024dda        0x0 /usr/lib/gcc/avr/4.5.3/../../../avr/lib/avr6/libc.a(asin.o)
 .text          0x0000000000024dda        0x0 /usr/lib/gcc/avr/4.5.3/../../../avr/lib/avr6/libc.a(cmpsf2.o)
 .text          0x0000000000024dda        0x0 /usr/lib/gcc/avr/4.5.3/../../../avr/lib/avr6/libc.a(cos.o)
 .text          0x0000000000024dda        0x0 /usr/lib/gcc/avr/4.5.3/../../../avr/lib/avr6/libc.a(divsf3.o)
 .text          0x0000000000024dda        0x0 /usr/lib/gcc/avr/4.5.3/../../../avr/lib/avr6/libc.a(divsf3x.o)
 .text          0x0000000000024dda        0x0 /usr/lib/gcc/avr/4.5.3/../../../avr/lib/avr6/libc.a(fixsfsi.o)
 .text          0x0000000000024dda        0x0 /usr/lib/gcc/avr/4.5.3/../../../avr/lib/avr6/libc.a(fixunssfsi.o)
 .text          0x0000000000024dda        0x0 /usr/lib/gcc/avr/4.5.3/../../../avr/lib/avr6/libc.a(floatsisf.o)
 .text          0x0000000000024dda        0x0 /usr/lib/gcc/avr/4.5.3/../../../avr/lib/avr6/libc.a(floor.o)
 .text          0x0000000000024dda        0x0 /usr/lib/gcc/avr/4.5.3/../../../avr/lib/avr6/libc.a(fp_arccos.o)
 .text          0x0000000000024dda        0x0 /usr/lib/gcc/avr/4.5.3/../../../avr/lib/avr6/libc.a(fp_cmp.o)
 .text          0x0000000000024dda        0x0 /usr/lib/gcc/avr/4.5.3/../../../avr/lib/avr6/libc.a(fp_inf.o)
 .text          0x0000000000024dda        0x0 /usr/lib/gcc/avr/4.5.3/../../../avr/lib/avr6/libc.a(fp_mintl.o)
 .text          0x0000000000024dda        0x0 /usr/lib/gcc/avr/4.5.3/../../../avr/lib/avr6/libc.a(fp_mpack.o)
 .text          0x0000000000024dda        0x0 /usr/lib/gcc/avr/4.5.3/../../../avr/lib/avr6/libc.a(fp_nan.o)
 .text          0x0000000000024dda        0x0 /usr/lib/gcc/avr/4.5.3/../../../avr/lib/avr6/libc.a(fp_powser.o)
 .text          0x0000000000024dda        0x0 /usr/lib/gcc/avr/4.5.3/../../../avr/lib/avr6/libc.a(fp_powsodd.o)
 .text          0x0000000000024dda        0x0 /usr/lib/gcc/avr/4.5.3/../../../avr/lib/avr6/libc.a(fp_pscA.o)
 .text          0x0000000000024dda        0x0 /usr/lib/gcc/avr/4.5.3/../../../avr/lib/avr6/libc.a(fp_pscB.o)
 .text          0x0000000000024dda        0x0 /usr/lib/gcc/avr/4.5.3/../../../avr/lib/avr6/libc.a(fp_rempio2.o)
 .text          0x0000000000024dda        0x0 /usr/lib/gcc/avr/4.5.3/../../../avr/lib/avr6/libc.a(fp_round.o)
 .text          0x0000000000024dda        0x0 /usr/lib/gcc/avr/4.5.3/../../../avr/lib/avr6/libc.a(fp_sinus.o)
 .text          0x0000000000024dda        0x0 /usr/lib/gcc/avr/4.5.3/../../../avr/lib/avr6/libc.a(fp_split3.o)
 .text          0x0000000000024dda        0x0 /usr/lib/gcc/avr/4.5.3/../../../avr/lib/avr6/libc.a(fp_trunc.o)
 .text          0x0000000000024dda        0x0 /usr/lib/gcc/avr/4.5.3/../../../avr/lib/avr6/libc.a(fp_zero.o)
 .text          0x0000000000024dda        0x0 /usr/lib/gcc/avr/4.5.3/../../../avr/lib/avr6/libc.a(gesf2.o)
 .text          0x0000000000024dda        0x0 /usr/lib/gcc/avr/4.5.3/../../../avr/lib/avr6/libc.a(mulsf3.o)
 .text          0x0000000000024dda        0x0 /usr/lib/gcc/avr/4.5.3/../../../avr/lib/avr6/libc.a(mulsf3x.o)
 .text          0x0000000000024dda        0x0 /usr/lib/gcc/avr/4.5.3/../../../avr/lib/avr6/libc.a(pow.o)
 .text          0x0000000000024dda        0x0 /usr/lib/gcc/avr/4.5.3/../../../avr/lib/avr6/libc.a(sin.o)
 .text          0x0000000000024dda        0x0 /usr/lib/gcc/avr/4.5.3/../../../avr/lib/avr6/libc.a(sqrt.o)
 .text          0x0000000000024dda        0x0 /usr/lib/gcc/avr/4.5.3/../../../avr/lib/avr6/libc.a(vfprintf_std.o)
 .text          0x0000000000024dda        0x0 /usr/lib/gcc/avr/4.5.3/../../../avr/lib/avr6/libc.a(eerd_byte_atmega2560.o)
 .text          0x0000000000024dda        0x0 /usr/lib/gcc/avr/4.5.3/../../../avr/lib/avr6/libc.a(eewr_byte_atmega2560.o)
 .text          0x0000000000024dda        0x0 /usr/lib/gcc/avr/4.5.3/../../../avr/lib/avr6/libc.a(cty_isfalse.o)
 .text          0x0000000000024dda        0x0 /usr/lib/gcc/avr/4.5.3/../../../avr/lib/avr6/libc.a(strnlen_P.o)
 .text          0x0000000000024dda        0x0 /usr/lib/gcc/avr/4.5.3/../../../avr/lib/avr6/libc.a(strnlen.o)
 .text          0x0000000000024dda        0x0 /usr/lib/gcc/avr/4.5.3/../../../avr/lib/avr6/libc.a(strrev.o)
 .text          0x0000000000024dda        0x0 /usr/lib/gcc/avr/4.5.3/../../../avr/lib/avr6/libc.a(fputc.o)
 .text          0x0000000000024dda        0x0 /usr/lib/gcc/avr/4.5.3/../../../avr/lib/avr6/libc.a(ultoa_invert.o)
 .text          0x0000000000024dda        0x0 /usr/lib/gcc/avr/4.5.3/../../../avr/lib/avr6/libc.a(exp.o)
 .text          0x0000000000024dda        0x0 /usr/lib/gcc/avr/4.5.3/../../../avr/lib/avr6/libc.a(fp_norm2.o)
 .text          0x0000000000024dda        0x0 /usr/lib/gcc/avr/4.5.3/../../../avr/lib/avr6/libc.a(inverse.o)
 .text          0x0000000000024dda        0x0 /usr/lib/gcc/avr/4.5.3/../../../avr/lib/avr6/libc.a(ldexp.o)
 .text          0x0000000000024dda        0x0 /usr/lib/gcc/avr/4.5.3/../../../avr/lib/avr6/libc.a(log.o)
 .text          0x0000000000024dda        0x0 /usr/lib/gcc/avr/4.5.3/../../../avr/lib/avr6/libc.a(modf.o)
 .text          0x0000000000024dda        0x0 /usr/lib/gcc/avr/4.5.3/avr6/libgcc.a(_mulsi3.o)
 .text          0x0000000000024dda        0x0 /usr/lib/gcc/avr/4.5.3/avr6/libgcc.a(_udivmodqi4.o)
 .text          0x0000000000024dda        0x0 /usr/lib/gcc/avr/4.5.3/avr6/libgcc.a(_udivmodhi4.o)
 .text          0x0000000000024dda        0x0 /usr/lib/gcc/avr/4.5.3/avr6/libgcc.a(_divmodhi4.o)
 .text          0x0000000000024dda        0x0 /usr/lib/gcc/avr/4.5.3/avr6/libgcc.a(_udivmodsi4.o)
 .text          0x0000000000024dda        0x0 /usr/lib/gcc/avr/4.5.3/avr6/libgcc.a(_divmodsi4.o)
 .text          0x0000000000024dda        0x0 /usr/lib/gcc/avr/4.5.3/avr6/libgcc.a(_exit.o)
 .text          0x0000000000024dda        0x0 /usr/lib/gcc/avr/4.5.3/avr6/libgcc.a(_copy_data.o)
 .text          0x0000000000024dda        0x0 /usr/lib/gcc/avr/4.5.3/avr6/libgcc.a(_clear_bss.o)
 .text          0x0000000000024dda        0x0 /usr/lib/gcc/avr/4.5.3/avr6/libgcc.a(_ctors.o)
 .text          0x0000000000024dda        0x0 /usr/lib/gcc/avr/4.5.3/avr6/libgcc.a(_tablejump_elpm.o)
                0x0000000000024dda                . = ALIGN (0x2)
 *(.text.*)
 .text.attachInterrupt
                0x0000000000024dda       0xf8 /home/jkw/Store/17 - Speedmaster/Firmware/inc/libArduinoCore2560.a(WInterrupts.c.o)
                0x0000000000024dda                attachInterrupt
 .text.detachInterrupt
                0x0000000000024ed2       0x58 /home/jkw/Store/17 - Speedmaster/Firmware/inc/libArduinoCore2560.a(WInterrupts.c.o)
                0x0000000000024ed2                detachInterrupt
 .text.__vector_1
                0x0000000000024f2a       0x62 /home/jkw/Store/17 - Speedmaster/Firmware/inc/libArduinoCore2560.a(WInterrupts.c.o)
                0x0000000000024f2a                __vector_1
 .text.__vector_2
                0x0000000000024f8c       0x62 /home/jkw/Store/17 - Speedmaster/Firmware/inc/libArduinoCore2560.a(WInterrupts.c.o)
                0x0000000000024f8c                __vector_2
 .text.__vector_3
                0x0000000000024fee       0x62 /home/jkw/Store/17 - Speedmaster/Firmware/inc/libArduinoCore2560.a(WInterrupts.c.o)
                0x0000000000024fee                __vector_3
 .text.__vector_4
                0x0000000000025050       0x62 /home/jkw/Store/17 - Speedmaster/Firmware/inc/libArduinoCore2560.a(WInterrupts.c.o)
                0x0000000000025050                __vector_4
 .text.__vector_5
                0x00000000000250b2       0x62 /home/jkw/Store/17 - Speedmaster/Firmware/inc/libArduinoCore2560.a(WInterrupts.c.o)
                0x00000000000250b2                __vector_5
 .text.__vector_6
                0x0000000000025114       0x62 /home/jkw/Store/17 - Speedmaster/Firmware/inc/libArduinoCore2560.a(WInterrupts.c.o)
                0x0000000000025114                __vector_6
 .text.__vector_7
                0x0000000000025176       0x62 /home/jkw/Store/17 - Speedmaster/Firmware/inc/libArduinoCore2560.a(WInterrupts.c.o)
                0x0000000000025176                __vector_7
 .text.__vector_8
                0x00000000000251d8       0x62 /home/jkw/Store/17 - Speedmaster/Firmware/inc/libArduinoCore2560.a(WInterrupts.c.o)
                0x00000000000251d8                __vector_8
 .text.__vector_23
                0x000000000002523a       0x90 /home/jkw/Store/17 - Speedmaster/Firmware/inc/libArduinoCore2560.a(wiring.c.o)
                0x000000000002523a                __vector_23
 .text.millis   0x00000000000252ca       0x1c /home/jkw/Store/17 - Speedmaster/Firmware/inc/libArduinoCore2560.a(wiring.c.o)
                0x00000000000252ca                millis
 .text.micros   0x00000000000252e6       0x4c /home/jkw/Store/17 - Speedmaster/Firmware/inc/libArduinoCore2560.a(wiring.c.o)
                0x00000000000252e6                micros
 .text.delay    0x0000000000025332       0x48 /home/jkw/Store/17 - Speedmaster/Firmware/inc/libArduinoCore2560.a(wiring.c.o)
                0x0000000000025332                delay
 .text.delayMicroseconds
                0x000000000002537a       0x14 /home/jkw/Store/17 - Speedmaster/Firmware/inc/libArduinoCore2560.a(wiring.c.o)
                0x000000000002537a                delayMicroseconds
 .text.init     0x000000000002538e       0xc4 /home/jkw/Store/17 - Speedmaster/Firmware/inc/libArduinoCore2560.a(wiring.c.o)
                0x000000000002538e                init
 .text.analogReference
                0x0000000000025452        0x6 /home/jkw/Store/17 - Speedmaster/Firmware/inc/libArduinoCore2560.a(wiring_analog.c.o)
                0x0000000000025452                analogReference
 .text.analogRead
                0x0000000000025458       0x68 /home/jkw/Store/17 - Speedmaster/Firmware/inc/libArduinoCore2560.a(wiring_analog.c.o)
                0x0000000000025458                analogRead
 .text.analogWrite
                0x00000000000254c0      0x174 /home/jkw/Store/17 - Speedmaster/Firmware/inc/libArduinoCore2560.a(wiring_analog.c.o)
                0x00000000000254c0                analogWrite
 .text.pinMode  0x0000000000025634       0x4c /home/jkw/Store/17 - Speedmaster/Firmware/inc/libArduinoCore2560.a(wiring_digital.c.o)
                0x0000000000025634                pinMode
 .text.digitalWrite
                0x0000000000025680      0x122 /home/jkw/Store/17 - Speedmaster/Firmware/inc/libArduinoCore2560.a(wiring_digital.c.o)
                0x0000000000025680                digitalWrite
 .text.digitalRead
                0x00000000000257a2      0x118 /home/jkw/Store/17 - Speedmaster/Firmware/inc/libArduinoCore2560.a(wiring_digital.c.o)
                0x00000000000257a2                digitalRead
 .text._Z10store_charhP11ring_buffer
                0x00000000000258ba       0x4e /home/jkw/Store/17 - Speedmaster/Firmware/inc/libArduinoCore2560.a(HardwareSerial.cpp.o)
                0x00000000000258ba                _Z10store_charhP11ring_buffer
 .text.__vector_25
                0x0000000000025908       0x56 /home/jkw/Store/17 - Speedmaster/Firmware/inc/libArduinoCore2560.a(HardwareSerial.cpp.o)
                0x0000000000025908                __vector_25
 .text.__vector_51
                0x000000000002595e       0x56 /home/jkw/Store/17 - Speedmaster/Firmware/inc/libArduinoCore2560.a(HardwareSerial.cpp.o)
                0x000000000002595e                __vector_51
 .text.__vector_54
                0x00000000000259b4       0x56 /home/jkw/Store/17 - Speedmaster/Firmware/inc/libArduinoCore2560.a(HardwareSerial.cpp.o)
                0x00000000000259b4                __vector_54
 .text._ZN14HardwareSerialC2EP11ring_bufferPVhS3_S3_S3_S3_hhhhh
                0x0000000000025a0a       0x60 /home/jkw/Store/17 - Speedmaster/Firmware/inc/libArduinoCore2560.a(HardwareSerial.cpp.o)
                0x0000000000025a0a                _ZN14HardwareSerialC2EP11ring_bufferPVhS3_S3_S3_S3_hhhhh
 .text._ZN14HardwareSerialC1EP11ring_bufferPVhS3_S3_S3_S3_hhhhh
                0x0000000000025a6a       0x60 /home/jkw/Store/17 - Speedmaster/Firmware/inc/libArduinoCore2560.a(HardwareSerial.cpp.o)
                0x0000000000025a6a                _ZN14HardwareSerialC1EP11ring_bufferPVhS3_S3_S3_S3_hhhhh
 .text._ZN14HardwareSerial5beginEl
                0x0000000000025aca      0x1f2 /home/jkw/Store/17 - Speedmaster/Firmware/inc/libArduinoCore2560.a(HardwareSerial.cpp.o)
                0x0000000000025aca                _ZN14HardwareSerial5beginEl
 .text._ZN14HardwareSerial3endEv
                0x0000000000025cbc       0x54 /home/jkw/Store/17 - Speedmaster/Firmware/inc/libArduinoCore2560.a(HardwareSerial.cpp.o)
                0x0000000000025cbc                _ZN14HardwareSerial3endEv
 .text._ZN14HardwareSerial9availableEv
                0x0000000000025d10       0x26 /home/jkw/Store/17 - Speedmaster/Firmware/inc/libArduinoCore2560.a(HardwareSerial.cpp.o)
                0x0000000000025d10                _ZN14HardwareSerial9availableEv
 .text._ZN14HardwareSerial4peekEv
                0x0000000000025d36       0x34 /home/jkw/Store/17 - Speedmaster/Firmware/inc/libArduinoCore2560.a(HardwareSerial.cpp.o)
                0x0000000000025d36                _ZN14HardwareSerial4peekEv
 .text._ZN14HardwareSerial4readEv
                0x0000000000025d6a       0x50 /home/jkw/Store/17 - Speedmaster/Firmware/inc/libArduinoCore2560.a(HardwareSerial.cpp.o)
                0x0000000000025d6a                _ZN14HardwareSerial4readEv
 .text._ZN14HardwareSerial5flushEv
                0x0000000000025dba       0x18 /home/jkw/Store/17 - Speedmaster/Firmware/inc/libArduinoCore2560.a(HardwareSerial.cpp.o)
                0x0000000000025dba                _ZN14HardwareSerial5flushEv
 .text._ZN14HardwareSerial5writeEh
                0x0000000000025dd2       0x26 /home/jkw/Store/17 - Speedmaster/Firmware/inc/libArduinoCore2560.a(HardwareSerial.cpp.o)
                0x0000000000025dd2                _ZN14HardwareSerial5writeEh
 .text._GLOBAL__I_rx_buffer
                0x0000000000025df8      0x13c /home/jkw/Store/17 - Speedmaster/Firmware/inc/libArduinoCore2560.a(HardwareSerial.cpp.o)
 .text._ZN5Print5writeEPKc
                0x0000000000025f34       0x30 /home/jkw/Store/17 - Speedmaster/Firmware/inc/libArduinoCore2560.a(Print.cpp.o)
                0x0000000000025f34                _ZN5Print5writeEPKc
 .text._ZN5Print5writeEPKhj
                0x0000000000025f64       0x3e /home/jkw/Store/17 - Speedmaster/Firmware/inc/libArduinoCore2560.a(Print.cpp.o)
                0x0000000000025f64                _ZN5Print5writeEPKhj
 .text._ZN5Print5printEPKc
                0x0000000000025fa2       0x10 /home/jkw/Store/17 - Speedmaster/Firmware/inc/libArduinoCore2560.a(Print.cpp.o)
                0x0000000000025fa2                _ZN5Print5printEPKc
 .text._ZN5Print5printERK6String
                0x0000000000025fb2       0x52 /home/jkw/Store/17 - Speedmaster/Firmware/inc/libArduinoCore2560.a(Print.cpp.o)
                0x0000000000025fb2                _ZN5Print5printERK6String
 .text._ZN5Print11printNumberEmh
                0x0000000000026004      0x130 /home/jkw/Store/17 - Speedmaster/Firmware/inc/libArduinoCore2560.a(Print.cpp.o)
                0x0000000000026004                _ZN5Print11printNumberEmh
 .text._ZN5Print5printEmi
                0x0000000000026134       0x1a /home/jkw/Store/17 - Speedmaster/Firmware/inc/libArduinoCore2560.a(Print.cpp.o)
                0x0000000000026134                _ZN5Print5printEmi
 .text._ZN5Print5printEji
                0x000000000002614e       0x20 /home/jkw/Store/17 - Speedmaster/Firmware/inc/libArduinoCore2560.a(Print.cpp.o)
                0x000000000002614e                _ZN5Print5printEji
 .text._ZN5Print5printEhi
                0x000000000002616e       0x22 /home/jkw/Store/17 - Speedmaster/Firmware/inc/libArduinoCore2560.a(Print.cpp.o)
                0x000000000002616e                _ZN5Print5printEhi
 .text._ZN5Print5printEli
                0x0000000000026190       0x68 /home/jkw/Store/17 - Speedmaster/Firmware/inc/libArduinoCore2560.a(Print.cpp.o)
                0x0000000000026190                _ZN5Print5printEli
 .text._ZN5Print5printEii
                0x00000000000261f8       0x24 /home/jkw/Store/17 - Speedmaster/Firmware/inc/libArduinoCore2560.a(Print.cpp.o)
                0x00000000000261f8                _ZN5Print5printEii
 .text._ZN5Print5printEci
                0x000000000002621c       0x26 /home/jkw/Store/17 - Speedmaster/Firmware/inc/libArduinoCore2560.a(Print.cpp.o)
                0x000000000002621c                _ZN5Print5printEci
 .text._ZN5Print7printlnEv
                0x0000000000026242       0x2a /home/jkw/Store/17 - Speedmaster/Firmware/inc/libArduinoCore2560.a(Print.cpp.o)
                0x0000000000026242                _ZN5Print7printlnEv
 .text._ZN5Print7printlnEmi
                0x000000000002626c       0x12 /home/jkw/Store/17 - Speedmaster/Firmware/inc/libArduinoCore2560.a(Print.cpp.o)
                0x000000000002626c                _ZN5Print7printlnEmi
 .text._ZN5Print7printlnEji
                0x000000000002627e       0x2e /home/jkw/Store/17 - Speedmaster/Firmware/inc/libArduinoCore2560.a(Print.cpp.o)
                0x000000000002627e                _ZN5Print7printlnEji
 .text._ZN5Print7printlnEhi
                0x00000000000262ac       0x30 /home/jkw/Store/17 - Speedmaster/Firmware/inc/libArduinoCore2560.a(Print.cpp.o)
                0x00000000000262ac                _ZN5Print7printlnEhi
 .text._ZN5Print7printlnEPKc
                0x00000000000262dc       0x12 /home/jkw/Store/17 - Speedmaster/Firmware/inc/libArduinoCore2560.a(Print.cpp.o)
                0x00000000000262dc                _ZN5Print7printlnEPKc
 .text._ZN5Print7printlnERK6String
                0x00000000000262ee       0x12 /home/jkw/Store/17 - Speedmaster/Firmware/inc/libArduinoCore2560.a(Print.cpp.o)
                0x00000000000262ee                _ZN5Print7printlnERK6String
 .text._ZN5Print7printlnEli
                0x0000000000026300       0x12 /home/jkw/Store/17 - Speedmaster/Firmware/inc/libArduinoCore2560.a(Print.cpp.o)
                0x0000000000026300                _ZN5Print7printlnEli
 .text._ZN5Print7printlnEii
                0x0000000000026312       0x32 /home/jkw/Store/17 - Speedmaster/Firmware/inc/libArduinoCore2560.a(Print.cpp.o)
                0x0000000000026312                _ZN5Print7printlnEii
 .text._ZN5Print7printlnEci
                0x0000000000026344       0x34 /home/jkw/Store/17 - Speedmaster/Firmware/inc/libArduinoCore2560.a(Print.cpp.o)
                0x0000000000026344                _ZN5Print7printlnEci
 .text._ZN5Print10printFloatEdh
                0x0000000000026378      0x110 /home/jkw/Store/17 - Speedmaster/Firmware/inc/libArduinoCore2560.a(Print.cpp.o)
                0x0000000000026378                _ZN5Print10printFloatEdh
 .text._ZN5Print5printEdi
                0x0000000000026488        0x4 /home/jkw/Store/17 - Speedmaster/Firmware/inc/libArduinoCore2560.a(Print.cpp.o)
                0x0000000000026488                _ZN5Print5printEdi
 .text._ZN5Print7printlnEdi
                0x000000000002648c       0x12 /home/jkw/Store/17 - Speedmaster/Firmware/inc/libArduinoCore2560.a(Print.cpp.o)
                0x000000000002648c                _ZN5Print7printlnEdi
 .text._ZNK6String6charAtEj
                0x000000000002649e       0x10 /home/jkw/Store/17 - Speedmaster/Firmware/inc/libArduinoCore2560.a(WString.cpp.o)
                0x000000000002649e                _ZNK6String6charAtEj
 .text._ZN6String9setCharAtEjc
                0x00000000000264ae       0x22 /home/jkw/Store/17 - Speedmaster/Firmware/inc/libArduinoCore2560.a(WString.cpp.o)
                0x00000000000264ae                _ZN6String9setCharAtEjc
 .text._ZN6StringixEj
                0x00000000000264d0       0x2a /home/jkw/Store/17 - Speedmaster/Firmware/inc/libArduinoCore2560.a(WString.cpp.o)
                0x00000000000264d0                _ZN6StringixEj
 .text._ZNK6StringixEj
                0x00000000000264fa       0x10 /home/jkw/Store/17 - Speedmaster/Firmware/inc/libArduinoCore2560.a(WString.cpp.o)
                0x00000000000264fa                _ZNK6StringixEj
 .text._ZN6String11toCharArrayEPcj
                0x000000000002650a       0x44 /home/jkw/Store/17 - Speedmaster/Firmware/inc/libArduinoCore2560.a(WString.cpp.o)
                0x000000000002650a                _ZN6String11toCharArrayEPcj
 .text._ZN6String8getBytesEPhj
                0x000000000002654e       0x44 /home/jkw/Store/17 - Speedmaster/Firmware/inc/libArduinoCore2560.a(WString.cpp.o)
                0x000000000002654e                _ZN6String8getBytesEPhj
 .text._ZN6StringD1Ev
                0x0000000000026592       0x1e /home/jkw/Store/17 - Speedmaster/Firmware/inc/libArduinoCore2560.a(WString.cpp.o)
                0x0000000000026592                _ZN6StringD1Ev
 .text._ZNK6String10startsWithERKS_j
                0x00000000000265b0       0x3c /home/jkw/Store/17 - Speedmaster/Firmware/inc/libArduinoCore2560.a(WString.cpp.o)
                0x00000000000265b0                _ZNK6String10startsWithERKS_j
 .text._ZNK6String10startsWithERKS_
                0x00000000000265ec       0x22 /home/jkw/Store/17 - Speedmaster/Firmware/inc/libArduinoCore2560.a(WString.cpp.o)
                0x00000000000265ec                _ZNK6String10startsWithERKS_
 .text._ZNK6String11lastIndexOfEcj
                0x000000000002660e       0x6e /home/jkw/Store/17 - Speedmaster/Firmware/inc/libArduinoCore2560.a(WString.cpp.o)
                0x000000000002660e                _ZNK6String11lastIndexOfEcj
 .text._ZNK6String11lastIndexOfEc
                0x000000000002667c        0xc /home/jkw/Store/17 - Speedmaster/Firmware/inc/libArduinoCore2560.a(WString.cpp.o)
                0x000000000002667c                _ZNK6String11lastIndexOfEc
 .text._ZNK6String7indexOfERKS_j
                0x0000000000026688       0x3c /home/jkw/Store/17 - Speedmaster/Firmware/inc/libArduinoCore2560.a(WString.cpp.o)
                0x0000000000026688                _ZNK6String7indexOfERKS_j
 .text._ZNK6String7indexOfERKS_
                0x00000000000266c4        0x6 /home/jkw/Store/17 - Speedmaster/Firmware/inc/libArduinoCore2560.a(WString.cpp.o)
                0x00000000000266c4                _ZNK6String7indexOfERKS_
 .text._ZNK6String7indexOfEcj
                0x00000000000266ca       0x3c /home/jkw/Store/17 - Speedmaster/Firmware/inc/libArduinoCore2560.a(WString.cpp.o)
                0x00000000000266ca                _ZNK6String7indexOfEcj
 .text._ZNK6String7indexOfEc
                0x0000000000026706        0x6 /home/jkw/Store/17 - Speedmaster/Firmware/inc/libArduinoCore2560.a(WString.cpp.o)
                0x0000000000026706                _ZNK6String7indexOfEc
 .text._ZNK6String6equalsERKS_
                0x000000000002670c       0x32 /home/jkw/Store/17 - Speedmaster/Firmware/inc/libArduinoCore2560.a(WString.cpp.o)
                0x000000000002670c                _ZNK6String6equalsERKS_
 .text._ZNK6String8endsWithERKS_
                0x000000000002673e       0x38 /home/jkw/Store/17 - Speedmaster/Firmware/inc/libArduinoCore2560.a(WString.cpp.o)
                0x000000000002673e                _ZNK6String8endsWithERKS_
 .text._ZNK6StringgeERKS_
                0x0000000000026776       0x26 /home/jkw/Store/17 - Speedmaster/Firmware/inc/libArduinoCore2560.a(WString.cpp.o)
                0x0000000000026776                _ZNK6StringgeERKS_
 .text._ZNK6StringleERKS_
                0x000000000002679c       0x20 /home/jkw/Store/17 - Speedmaster/Firmware/inc/libArduinoCore2560.a(WString.cpp.o)
                0x000000000002679c                _ZNK6StringleERKS_
 .text._ZNK6StringgtERKS_
                0x00000000000267bc       0x20 /home/jkw/Store/17 - Speedmaster/Firmware/inc/libArduinoCore2560.a(WString.cpp.o)
                0x00000000000267bc                _ZNK6StringgtERKS_
 .text._ZNK6StringltERKS_
                0x00000000000267dc       0x22 /home/jkw/Store/17 - Speedmaster/Firmware/inc/libArduinoCore2560.a(WString.cpp.o)
                0x00000000000267dc                _ZNK6StringltERKS_
 .text._ZNK6StringneERKS_
                0x00000000000267fe       0x2e /home/jkw/Store/17 - Speedmaster/Firmware/inc/libArduinoCore2560.a(WString.cpp.o)
                0x00000000000267fe                _ZNK6StringneERKS_
 .text._ZNK6StringeqERKS_
                0x000000000002682c       0x32 /home/jkw/Store/17 - Speedmaster/Firmware/inc/libArduinoCore2560.a(WString.cpp.o)
                0x000000000002682c                _ZNK6StringeqERKS_
 .text._ZNK6String9compareToERKS_
                0x000000000002685e        0xe /home/jkw/Store/17 - Speedmaster/Firmware/inc/libArduinoCore2560.a(WString.cpp.o)
                0x000000000002685e                _ZNK6String9compareToERKS_
 .text._ZN6String9getBufferEj
                0x000000000002686c       0x26 /home/jkw/Store/17 - Speedmaster/Firmware/inc/libArduinoCore2560.a(WString.cpp.o)
                0x000000000002686c                _ZN6String9getBufferEj
 .text._ZN6StringpLERKS_
                0x0000000000026892       0x64 /home/jkw/Store/17 - Speedmaster/Firmware/inc/libArduinoCore2560.a(WString.cpp.o)
                0x0000000000026892                _ZN6StringpLERKS_
 .text._ZN6String6concatERKS_
                0x00000000000268f6        0x4 /home/jkw/Store/17 - Speedmaster/Firmware/inc/libArduinoCore2560.a(WString.cpp.o)
                0x00000000000268f6                _ZN6String6concatERKS_
 .text._ZN6StringaSERKS_
                0x00000000000268fa       0x5a /home/jkw/Store/17 - Speedmaster/Firmware/inc/libArduinoCore2560.a(WString.cpp.o)
                0x00000000000268fa                _ZN6StringaSERKS_
 .text._ZN6StringC1Eh
                0x0000000000026954       0x32 /home/jkw/Store/17 - Speedmaster/Firmware/inc/libArduinoCore2560.a(WString.cpp.o)
                0x0000000000026954                _ZN6StringC1Eh
 .text._ZN6StringC2Eh
                0x0000000000026986       0x32 /home/jkw/Store/17 - Speedmaster/Firmware/inc/libArduinoCore2560.a(WString.cpp.o)
                0x0000000000026986                _ZN6StringC2Eh
 .text._ZN6StringC1Ec
                0x00000000000269b8       0x32 /home/jkw/Store/17 - Speedmaster/Firmware/inc/libArduinoCore2560.a(WString.cpp.o)
                0x00000000000269b8                _ZN6StringC1Ec
 .text._ZN6StringC2Ec
                0x00000000000269ea       0x32 /home/jkw/Store/17 - Speedmaster/Firmware/inc/libArduinoCore2560.a(WString.cpp.o)
                0x00000000000269ea                _ZN6StringC2Ec
 .text._ZN6StringC1ERKS_
                0x0000000000026a1c       0x32 /home/jkw/Store/17 - Speedmaster/Firmware/inc/libArduinoCore2560.a(WString.cpp.o)
                0x0000000000026a1c                _ZN6StringC1ERKS_
 .text._ZN6StringC2ERKS_
                0x0000000000026a4e       0x32 /home/jkw/Store/17 - Speedmaster/Firmware/inc/libArduinoCore2560.a(WString.cpp.o)
                0x0000000000026a4e                _ZN6StringC2ERKS_
 .text._ZN6StringC1Emi
                0x0000000000026a80       0x78 /home/jkw/Store/17 - Speedmaster/Firmware/inc/libArduinoCore2560.a(WString.cpp.o)
                0x0000000000026a80                _ZN6StringC1Emi
 .text._ZN6StringC2Emi
                0x0000000000026af8       0x78 /home/jkw/Store/17 - Speedmaster/Firmware/inc/libArduinoCore2560.a(WString.cpp.o)
                0x0000000000026af8                _ZN6StringC2Emi
 .text._ZN6StringC1Eji
                0x0000000000026b70       0x76 /home/jkw/Store/17 - Speedmaster/Firmware/inc/libArduinoCore2560.a(WString.cpp.o)
                0x0000000000026b70                _ZN6StringC1Eji
 .text._ZN6StringC2Eji
                0x0000000000026be6       0x76 /home/jkw/Store/17 - Speedmaster/Firmware/inc/libArduinoCore2560.a(WString.cpp.o)
                0x0000000000026be6                _ZN6StringC2Eji
 .text._ZN6StringC1EPKc
                0x0000000000026c5c       0x4c /home/jkw/Store/17 - Speedmaster/Firmware/inc/libArduinoCore2560.a(WString.cpp.o)
                0x0000000000026c5c                _ZN6StringC1EPKc
 .text._ZNK6String11toUpperCaseEv
                0x0000000000026ca8       0x72 /home/jkw/Store/17 - Speedmaster/Firmware/inc/libArduinoCore2560.a(WString.cpp.o)
                0x0000000000026ca8                _ZNK6String11toUpperCaseEv
 .text._ZNK6String11toLowerCaseEv
                0x0000000000026d1a       0x72 /home/jkw/Store/17 - Speedmaster/Firmware/inc/libArduinoCore2560.a(WString.cpp.o)
                0x0000000000026d1a                _ZNK6String11toLowerCaseEv
 .text._ZNK6String16equalsIgnoreCaseERKS_
                0x0000000000026d8c       0x8e /home/jkw/Store/17 - Speedmaster/Firmware/inc/libArduinoCore2560.a(WString.cpp.o)
                0x0000000000026d8c                _ZNK6String16equalsIgnoreCaseERKS_
 .text._ZNK6String9substringEjj
                0x0000000000026e1a       0x6c /home/jkw/Store/17 - Speedmaster/Firmware/inc/libArduinoCore2560.a(WString.cpp.o)
                0x0000000000026e1a                _ZNK6String9substringEjj
 .text._ZNK6String9substringEj
                0x0000000000026e86       0x16 /home/jkw/Store/17 - Speedmaster/Firmware/inc/libArduinoCore2560.a(WString.cpp.o)
                0x0000000000026e86                _ZNK6String9substringEj
 .text._ZNK6String11lastIndexOfERKS_j
                0x0000000000026e9c       0xc2 /home/jkw/Store/17 - Speedmaster/Firmware/inc/libArduinoCore2560.a(WString.cpp.o)
                0x0000000000026e9c                _ZNK6String11lastIndexOfERKS_j
 .text._ZNK6String11lastIndexOfERKS_
                0x0000000000026f5e       0x18 /home/jkw/Store/17 - Speedmaster/Firmware/inc/libArduinoCore2560.a(WString.cpp.o)
                0x0000000000026f5e                _ZNK6String11lastIndexOfERKS_
 .text._ZNK6String4trimEv
                0x0000000000026f76       0xd0 /home/jkw/Store/17 - Speedmaster/Firmware/inc/libArduinoCore2560.a(WString.cpp.o)
                0x0000000000026f76                _ZNK6String4trimEv
 .text._ZN6String7replaceERKS_S1_
                0x0000000000027046      0x118 /home/jkw/Store/17 - Speedmaster/Firmware/inc/libArduinoCore2560.a(WString.cpp.o)
                0x0000000000027046                _ZN6String7replaceERKS_S1_
 .text._ZN6String7replaceEcc
                0x000000000002715e       0x7c /home/jkw/Store/17 - Speedmaster/Firmware/inc/libArduinoCore2560.a(WString.cpp.o)
                0x000000000002715e                _ZN6String7replaceEcc
 .text._ZN6StringC2EPKc
                0x00000000000271da       0x4c /home/jkw/Store/17 - Speedmaster/Firmware/inc/libArduinoCore2560.a(WString.cpp.o)
                0x00000000000271da                _ZN6StringC2EPKc
 .text._ZN6StringC1Eli
                0x0000000000027226       0x74 /home/jkw/Store/17 - Speedmaster/Firmware/inc/libArduinoCore2560.a(WString.cpp.o)
                0x0000000000027226                _ZN6StringC1Eli
 .text._ZN6StringC2Eli
                0x000000000002729a       0x74 /home/jkw/Store/17 - Speedmaster/Firmware/inc/libArduinoCore2560.a(WString.cpp.o)
                0x000000000002729a                _ZN6StringC2Eli
 .text._ZN6StringC1Eii
                0x000000000002730e       0x72 /home/jkw/Store/17 - Speedmaster/Firmware/inc/libArduinoCore2560.a(WString.cpp.o)
                0x000000000002730e                _ZN6StringC1Eii
 .text._ZN6StringC2Eii
                0x0000000000027380       0x72 /home/jkw/Store/17 - Speedmaster/Firmware/inc/libArduinoCore2560.a(WString.cpp.o)
                0x0000000000027380                _ZN6StringC2Eii
 .text.avr-libc
                0x00000000000273f2      0x266 /usr/lib/gcc/avr/4.5.3/../../../avr/lib/avr6/libc.a(malloc.o)
                0x00000000000273f2                malloc
                0x0000000000027526                free
 .text.avr-libc
                0x0000000000027658        0x6 /usr/lib/gcc/avr/4.5.3/../../../avr/lib/avr6/libc.a(exit.o)
                0x0000000000027658                exit
 .text.avr-libc
                0x000000000002765e       0x12 /usr/lib/gcc/avr/4.5.3/../../../avr/lib/avr6/libc.a(isalpha.o)
                0x000000000002765e                isupper
                0x0000000000027662                isalpha
                0x0000000000027664                islower
 .text.avr-libc
                0x0000000000027670       0x10 /usr/lib/gcc/avr/4.5.3/../../../avr/lib/avr6/libc.a(isspace.o)
                0x0000000000027670                isspace
 .text.avr-libc
                0x0000000000027680       0x10 /usr/lib/gcc/avr/4.5.3/../../../avr/lib/avr6/libc.a(tolower.o)
                0x0000000000027680                tolower
 .text.avr-libc
                0x0000000000027690       0x10 /usr/lib/gcc/avr/4.5.3/../../../avr/lib/avr6/libc.a(toupper.o)
                0x0000000000027690                toupper
 .text.avr-libc
                0x00000000000276a0       0x12 /usr/lib/gcc/avr/4.5.3/../../../avr/lib/avr6/libc.a(strcmp_P.o)
                0x00000000000276a0                strcmp_P
 .text.avr-libc
                0x00000000000276b2        0xe /usr/lib/gcc/avr/4.5.3/../../../avr/lib/avr6/libc.a(strcpy_P.o)
                0x00000000000276b2                strcpy_P
 .text.avr-libc
                0x00000000000276c0       0x12 /usr/lib/gcc/avr/4.5.3/../../../avr/lib/avr6/libc.a(strlen_P.o)
                0x00000000000276c0                strlen_P
 .text.avr-libc
                0x00000000000276d2       0x1a /usr/lib/gcc/avr/4.5.3/../../../avr/lib/avr6/libc.a(memcmp.o)
                0x00000000000276d2                memcmp
 .text.avr-libc
                0x00000000000276ec       0x12 /usr/lib/gcc/avr/4.5.3/../../../avr/lib/avr6/libc.a(memcpy.o)
                0x00000000000276ec                memcpy
 .text.avr-libc
                0x00000000000276fe        0xe /usr/lib/gcc/avr/4.5.3/../../../avr/lib/avr6/libc.a(memset.o)
                0x00000000000276fe                memset
 .text.avr-libc
                0x000000000002770c       0x16 /usr/lib/gcc/avr/4.5.3/../../../avr/lib/avr6/libc.a(strcat.o)
                0x000000000002770c                strcat
 .text.avr-libc
                0x0000000000027722       0x16 /usr/lib/gcc/avr/4.5.3/../../../avr/lib/avr6/libc.a(strchr.o)
                0x0000000000027722                strchr
 .text.avr-libc
                0x0000000000027738       0x12 /usr/lib/gcc/avr/4.5.3/../../../avr/lib/avr6/libc.a(strcmp.o)
                0x0000000000027738                strcmp
 .text.avr-libc
                0x000000000002774a        0xe /usr/lib/gcc/avr/4.5.3/../../../avr/lib/avr6/libc.a(strcpy.o)
                0x000000000002774a                strcpy
 .text.avr-libc
                0x0000000000027758       0x1c /usr/lib/gcc/avr/4.5.3/../../../avr/lib/avr6/libc.a(strncmp.o)
                0x0000000000027758                strncmp
 .text.avr-libc
                0x0000000000027774       0x1e /usr/lib/gcc/avr/4.5.3/../../../avr/lib/avr6/libc.a(strncpy.o)
                0x0000000000027774                strncpy
 .text.avr-libc
                0x0000000000027792       0x16 /usr/lib/gcc/avr/4.5.3/../../../avr/lib/avr6/libc.a(strrchr.o)
                0x0000000000027792                strrchr
 .text.avr-libc
                0x00000000000277a8       0x34 /usr/lib/gcc/avr/4.5.3/../../../avr/lib/avr6/libc.a(strstr.o)
                0x00000000000277a8                strstr
 .text.avr-libc
                0x00000000000277dc       0x40 /usr/lib/gcc/avr/4.5.3/../../../avr/lib/avr6/libc.a(itoa.o)
                0x00000000000277dc                itoa
 .text.avr-libc
                0x000000000002781c       0x66 /usr/lib/gcc/avr/4.5.3/../../../avr/lib/avr6/libc.a(ltoa.o)
                0x000000000002781c                ltoa
 .text.avr-libc
                0x0000000000027882       0x46 /usr/lib/gcc/avr/4.5.3/../../../avr/lib/avr6/libc.a(ultoa.o)
                0x0000000000027882                ultoa
 .text.avr-libc
                0x00000000000278c8       0x5e /usr/lib/gcc/avr/4.5.3/../../../avr/lib/avr6/libc.a(sprintf.o)
                0x00000000000278c8                sprintf
 .text.avr-libc.fplib
                0x0000000000027926        0xa /usr/lib/gcc/avr/4.5.3/../../../avr/lib/avr6/libc.a(addsf3.o)
                0x0000000000027926                __subsf3
                0x0000000000027928                __addsf3
 .text.avr-libc.fplib
                0x0000000000027930       0xc0 /usr/lib/gcc/avr/4.5.3/../../../avr/lib/avr6/libc.a(addsf3x.o)