Archive member included because of file (symbol)

/home/kolja/links/eclipse/Speedmaster/inc/libArduinoCore2560.a(WInterrupts.c.o)
                              ./dz.o (attachInterrupt)
/home/kolja/links/eclipse/Speedmaster/inc/libArduinoCore2560.a(wiring.c.o)
                              ./blinker.o (millis)
/home/kolja/links/eclipse/Speedmaster/inc/libArduinoCore2560.a(wiring_analog.c.o)
                              ./temperature.o (analogRead)
/home/kolja/links/eclipse/Speedmaster/inc/libArduinoCore2560.a(wiring_digital.c.o)
                              ./blinker.o (pinMode)
/home/kolja/links/eclipse/Speedmaster/inc/libArduinoCore2560.a(HardwareSerial.cpp.o)
                              ./main.o (HardwareSerial::begin(long))
/home/kolja/links/eclipse/Speedmaster/inc/libArduinoCore2560.a(Print.cpp.o)
                              /home/kolja/links/eclipse/Speedmaster/inc/libArduinoCore2560.a(HardwareSerial.cpp.o) (Print::write(char const*))
/home/kolja/links/eclipse/Speedmaster/inc/libArduinoCore2560.a(WString.cpp.o)
                              /home/kolja/links/eclipse/Speedmaster/inc/libArduinoCore2560.a(Print.cpp.o) (String::operator[](unsigned int) const)
/usr/lib/gcc/avr/4.3.5/../../../avr/lib/avr6/libc.a(malloc.o)
                              ./config.o (malloc)
/usr/lib/gcc/avr/4.3.5/../../../avr/lib/avr6/libc.a(exit.o)
                              /usr/lib/gcc/avr/4.3.5/../../../avr/lib/avr6/crtm2560.o (exit)
/usr/lib/gcc/avr/4.3.5/../../../avr/lib/avr6/libc.a(isalpha.o)
                              ./inc/istream.o (isupper)
/usr/lib/gcc/avr/4.3.5/../../../avr/lib/avr6/libc.a(isspace.o)
                              ./inc/istream.o (isspace)
/usr/lib/gcc/avr/4.3.5/../../../avr/lib/avr6/libc.a(tolower.o)
                              /home/kolja/links/eclipse/Speedmaster/inc/libArduinoCore2560.a(WString.cpp.o) (tolower)
/usr/lib/gcc/avr/4.3.5/../../../avr/lib/avr6/libc.a(toupper.o)
                              /home/kolja/links/eclipse/Speedmaster/inc/libArduinoCore2560.a(WString.cpp.o) (toupper)
/usr/lib/gcc/avr/4.3.5/../../../avr/lib/avr6/libc.a(strcmp_P.o)
                              ./config.o (strcmp_P)
/usr/lib/gcc/avr/4.3.5/../../../avr/lib/avr6/libc.a(strcpy_P.o)
                              ./config.o (strcpy_P)
/usr/lib/gcc/avr/4.3.5/../../../avr/lib/avr6/libc.a(strlen_P.o)
                              ./inc/ostream.o (strlen_P)
/usr/lib/gcc/avr/4.3.5/../../../avr/lib/avr6/libc.a(memcmp.o)
                              ./inc/SdFile.o (memcmp)
/usr/lib/gcc/avr/4.3.5/../../../avr/lib/avr6/libc.a(memcpy.o)
                              ./inc/SdFile.o (memcpy)
/usr/lib/gcc/avr/4.3.5/../../../avr/lib/avr6/libc.a(memset.o)
                              ./gps.o (memset)
/usr/lib/gcc/avr/4.3.5/../../../avr/lib/avr6/libc.a(strcat.o)
                              /home/kolja/links/eclipse/Speedmaster/inc/libArduinoCore2560.a(WString.cpp.o) (strcat)
/usr/lib/gcc/avr/4.3.5/../../../avr/lib/avr6/libc.a(strchr.o)
                              ./inc/SdFile.o (strchr)
/usr/lib/gcc/avr/4.3.5/../../../avr/lib/avr6/libc.a(strcmp.o)
                              ./config.o (strcmp)
/usr/lib/gcc/avr/4.3.5/../../../avr/lib/avr6/libc.a(strcpy.o)
                              ./config.o (strcpy)
/usr/lib/gcc/avr/4.3.5/../../../avr/lib/avr6/libc.a(strncmp.o)
                              ./config.o (strncmp)
/usr/lib/gcc/avr/4.3.5/../../../avr/lib/avr6/libc.a(strncpy.o)
                              /home/kolja/links/eclipse/Speedmaster/inc/libArduinoCore2560.a(WString.cpp.o) (strncpy)
/usr/lib/gcc/avr/4.3.5/../../../avr/lib/avr6/libc.a(strrchr.o)
                              /home/kolja/links/eclipse/Speedmaster/inc/libArduinoCore2560.a(WString.cpp.o) (strrchr)
/usr/lib/gcc/avr/4.3.5/../../../avr/lib/avr6/libc.a(strstr.o)
                              /home/kolja/links/eclipse/Speedmaster/inc/libArduinoCore2560.a(WString.cpp.o) (strstr)
/usr/lib/gcc/avr/4.3.5/../../../avr/lib/avr6/libc.a(itoa.o)
                              /home/kolja/links/eclipse/Speedmaster/inc/libArduinoCore2560.a(WString.cpp.o) (itoa)
/usr/lib/gcc/avr/4.3.5/../../../avr/lib/avr6/libc.a(ltoa.o)
                              /home/kolja/links/eclipse/Speedmaster/inc/libArduinoCore2560.a(WString.cpp.o) (ltoa)
/usr/lib/gcc/avr/4.3.5/../../../avr/lib/avr6/libc.a(ultoa.o)
                              /home/kolja/links/eclipse/Speedmaster/inc/libArduinoCore2560.a(WString.cpp.o) (ultoa)
/usr/lib/gcc/avr/4.3.5/../../../avr/lib/avr6/libc.a(sprintf.o)
                              ./clock_me.o (sprintf)
/usr/lib/gcc/avr/4.3.5/../../../avr/lib/avr6/libc.a(addsf3.o)
                              ./config.o (__subsf3)
/usr/lib/gcc/avr/4.3.5/../../../avr/lib/avr6/libc.a(addsf3x.o)
                              /usr/lib/gcc/avr/4.3.5/../../../avr/lib/avr6/libc.a(addsf3.o) (__addsf3x)
/usr/lib/gcc/avr/4.3.5/../../../avr/lib/avr6/libc.a(asin.o)
                              ./gps.o (asin)
[...]
Memory Configuration

Name             Origin             Length             Attributes
text             0x0000000000000000 0x0000000000100000 xr
data             0x0000000000800200 0x000000000000fe00 rw !x
eeprom           0x0000000000810000 0x0000000000010000 rw !x
fuse             0x0000000000820000 0x0000000000000400 rw !x
lock             0x0000000000830000 0x0000000000000400 rw !x
signature        0x0000000000840000 0x0000000000000400 rw !x
*default*        0x0000000000000000 0xffffffffffffffff

Linker script and memory map

Address of section .data set to 0x800200
LOAD /usr/lib/gcc/avr/4.3.5/../../../avr/lib/avr6/crtm2560.o
LOAD ./blinker.o
LOAD ./clock_me.o
LOAD ./config.o
LOAD ./debug.o
LOAD ./display.o
LOAD ./dz.o
LOAD ./file_manager.o
LOAD ./fuel.o
LOAD ./gear.o
LOAD ./gps.o
LOAD ./helper.o
LOAD ./main.o
LOAD ./menu.o
LOAD ./oiler.o
LOAD ./reset.o
LOAD ./sd.o
LOAD ./sensors.o
LOAD ./speed.o
LOAD ./speedo.o
LOAD ./sprint.o
LOAD ./temperature.o
LOAD ./timer.o
LOAD ./inc/EEPROM.o
LOAD ./inc/Sd2Card.o
LOAD ./inc/SdFat.o
LOAD ./inc/SdFatUtil.o
LOAD ./inc/SdFile.o
LOAD ./inc/SdStream.o
LOAD ./inc/SdVolume.o
LOAD ./inc/Wire.o
LOAD ./inc/istream.o
LOAD ./inc/ostream.o
LOAD ./inc/pins_arduino.o
LOAD ./inc/ssd0323.o
LOAD ./inc/twi.o
LOAD /home/kolja/links/eclipse/Speedmaster/inc/libArduinoCore2560.a
LOAD /usr/lib/gcc/avr/4.3.5/../../../avr/lib/avr6/libc.a
LOAD /usr/lib/gcc/avr/4.3.5/avr6/libgcc.a
LOAD /usr/lib/gcc/avr/4.3.5/../../../avr/lib/avr6/libm.a
LOAD /usr/lib/gcc/avr/4.3.5/../../../avr/lib/avr6/libc.a
LOAD /usr/lib/gcc/avr/4.3.5/avr6/libgcc.a
LOAD /usr/lib/gcc/avr/4.3.5/../../../avr/lib/avr6/libc.a
LOAD /usr/lib/gcc/avr/4.3.5/avr6/libgcc.a

.hash
 *(.hash)

.dynsym
 *(.dynsym)

.dynstr
 *(.dynstr)

.gnu.version
 *(.gnu.version)

.gnu.version_d
 *(.gnu.version_d)

.gnu.version_r
 *(.gnu.version_r)

.rel.init
 *(.rel.init)

.rela.init
 *(.rela.init)

.rel.text
 *(.rel.text)
 *(.rel.text.*)
 *(.rel.gnu.linkonce.t*)

.rela.text
 *(.rela.text)
 *(.rela.text.*)
 *(.rela.gnu.linkonce.t*)

.rel.fini
 *(.rel.fini)

.rela.fini
 *(.rela.fini)

.rel.rodata
 *(.rel.rodata)
 *(.rel.rodata.*)
 *(.rel.gnu.linkonce.r*)

.rela.rodata
 *(.rela.rodata)
 *(.rela.rodata.*)
 *(.rela.gnu.linkonce.r*)

.rel.data
 *(.rel.data)
 *(.rel.data.*)
 *(.rel.gnu.linkonce.d*)

.rela.data
 *(.rela.data)
 *(.rela.data.*)
 *(.rela.gnu.linkonce.d*)

.rel.ctors
 *(.rel.ctors)

.rela.ctors
 *(.rela.ctors)

.rel.dtors
 *(.rel.dtors)

.rela.dtors
 *(.rela.dtors)

.rel.got
 *(.rel.got)

.rela.got
 *(.rela.got)

.rel.bss
 *(.rel.bss)

.rela.bss
 *(.rela.bss)

.rel.plt
 *(.rel.plt)

.rela.plt
 *(.rela.plt)

.text           0x0000000000000000    0x1c9ee
 *(.vectors)
 .vectors       0x0000000000000000       0xe4 /usr/lib/gcc/avr/4.3.5/../../../avr/lib/avr6/crtm2560.o
                0x0000000000000000                __vectors
                0x0000000000000000                __vector_default
 *(.vectors)
 *(.progmem.gcc*)
 .progmem.gcc_fplib
                0x00000000000000e4       0x14 /usr/lib/gcc/avr/4.3.5/../../../avr/lib/avr6/libc.a(asin.o)
 .progmem.gcc_fplib
                0x00000000000000f8       0x28 /usr/lib/gcc/avr/4.3.5/../../../avr/lib/avr6/libc.a(fp_arccos.o)
 .progmem.gcc_fplib
                0x0000000000000120       0x1e /usr/lib/gcc/avr/4.3.5/../../../avr/lib/avr6/libc.a(fp_sinus.o)
 .progmem.gcc_fplib
                0x000000000000013e       0x28 /usr/lib/gcc/avr/4.3.5/../../../avr/lib/avr6/libc.a(exp.o)
 .progmem.gcc_fplib
                0x0000000000000166       0x5a /usr/lib/gcc/avr/4.3.5/../../../avr/lib/avr6/libc.a(log.o)
 *(.progmem*)
 .progmem.data  0x00000000000001c0       0x12 ./blinker.o
 .progmem.data  0x00000000000001d2       0x10 ./clock_me.o
 .progmem.data  0x00000000000001e2      0x54e ./config.o
 .progmem.data  0x0000000000000730       0xaa ./display.o
 .progmem.data  0x00000000000007da      0x11a ./file_manager.o
 .progmem.data  0x00000000000008f4       0x51 ./gear.o
 .progmem.data  0x0000000000000945       0x45 ./gps.o
 .progmem.data  0x000000000000098a       0x29 ./main.o
 .progmem.data  0x00000000000009b3      0x4e3 ./menu.o
                0x00000000000009b3                titel_0
                0x00000000000009c1                titel_1
                0x00000000000009c2                titel_2
                0x00000000000009c3                titel_3
                0x00000000000009d3                titel_4
                0x00000000000009de                titel_5
                0x00000000000009ec                titel_6
                0x00000000000009fa                titel_7
                0x00000000000009fb                titel_8
                0x0000000000000a05                titel_9
                0x0000000000000a16                menu_titel
                0x0000000000000a2a                main_m_0
                0x0000000000000a37                main_m_1
                0x0000000000000a46                main_m_2
                0x0000000000000a53                main_m_3
                0x0000000000000a61                main_m_4
                0x0000000000000a6e                main_m_5
                0x0000000000000a7e                main_m_6
                0x0000000000000a8d                main_m_7
                0x0000000000000a96                main_m_8
                0x0000000000000aa6                s_titel_0
                0x0000000000000aa7                s_titel_1
                0x0000000000000aa8                s_titel_2
                0x0000000000000aa9                s_titel_3
                0x0000000000000ab9                s_titel_4
                0x0000000000000ac6                s_titel_5
                0x0000000000000ad0                setup_titel
                0x0000000000000adc                menu_main
                0x0000000000000aee                setup_m_0
                0x0000000000000afd                setup_m_1
                0x0000000000000b0c                setup_m_2
                0x0000000000000b1a                setup_m_3
                0x0000000000000b2a                setup_m_4
                0x0000000000000b35                setup_m_5
                0x0000000000000b42                setup_m_6
                0x0000000000000b50                setup_m_7
                0x0000000000000b63                setup_m_8
                0x0000000000000b75                menu_setup
                0x0000000000000b87                navi_m_0
                0x0000000000000b92                navi_m_1
                0x0000000000000b9e                navi_m_2
                0x0000000000000ba7                navi_m_3
                0x0000000000000bb4                navi_m_4
                0x0000000000000bb6                navi_m_5
                0x0000000000000bb8                navi_m_6
                0x0000000000000bc7                navi_m_7
                0x0000000000000bd2                navi_m_8
                0x0000000000000be0                menu_navi
                0x0000000000000bf2                trip_setup_m_0
                0x0000000000000bf8                trip_setup_m_1
                0x0000000000000c05                trip_setup_m_2
                0x0000000000000c09                trip_setup_m_3
                0x0000000000000c0e                trip_setup_m_4
                0x0000000000000c14                trip_setup_m_5
                0x0000000000000c19                trip_setup_m_6
                0x0000000000000c1f                trip_setup_m_7
                0x0000000000000c26                trip_setup_m_8
                0x0000000000000c2c                menu_trip_setup
                0x0000000000000c3e                flasher_m_0
                0x0000000000000c42                flasher_m_1
                0x0000000000000c4b                flasher_m_2
                0x0000000000000c53                menu_flasher
 .progmem.data  0x0000000000000e96       0x10 ./oiler.o
 .progmem.data  0x0000000000000ea6       0x19 ./reset.o
 .progmem.data  0x0000000000000ebf       0x39 ./sd.o
 .progmem.data  0x0000000000000ef8       0x12 ./sensors.o
 .progmem.data  0x0000000000000f0a       0x12 ./speed.o
 .progmem.data  0x0000000000000f1c       0x64 ./speedo.o
 .progmem.data  0x0000000000000f80        0xe ./sprint.o
 .progmem.data  0x0000000000000f8e       0xc0 ./inc/SdFat.o
 .progmem.data  0x000000000000104e       0x13 ./inc/SdFile.o
 .progmem.data  0x0000000000001061        0xb ./inc/istream.o
 .progmem.data  0x000000000000106c       0x13 ./inc/ostream.o
 .progmem.data  0x000000000000107f      0x120 ./inc/pins_arduino.o
                0x000000000000107f                port_to_mode_PGM
                0x0000000000001099                port_to_output_PGM
                0x00000000000010b3                port_to_input_PGM
                0x00000000000010cd                digital_pin_to_port_PGM
                0x0000000000001113                digital_pin_to_bit_mask_PGM
                0x0000000000001159                digital_pin_to_timer_PGM
 .progmem.data  0x000000000000119f      0xcc0 ./inc/ssd0323.o
                0x0000000000001e60                . = ALIGN (0x2)
 *fill*         0x0000000000001e5f        0x1 00
                0x0000000000001e60                __trampolines_start = .
 *(.trampolines)
 .trampolines   0x0000000000001e60        0x0 linker stubs
 *(.trampolines*)
                0x0000000000001e60                __trampolines_end = .
 *(.jumptables)
 *(.jumptables*)
 *(.lowtext)
 *(.lowtext*)
                0x0000000000001e60                __ctors_start = .
 *(.ctors)
 .ctors         0x0000000000001e60        0x2 ./main.o
 .ctors         0x0000000000001e62        0x2 ./inc/Wire.o
 .ctors         0x0000000000001e64        0x2 /home/kolja/links/eclipse/Speedmaster/inc/libArduinoCore2560.a(HardwareSerial.cpp.o)
                0x0000000000001e66                __ctors_end = .
                0x0000000000001e66                __dtors_start = .
 *(.dtors)
                0x0000000000001e66                __dtors_end = .
 SORT(*)(.ctors)
 SORT(*)(.dtors)
 *(.init0)
 .init0         0x0000000000001e66        0x0 /usr/lib/gcc/avr/4.3.5/../../../avr/lib/avr6/crtm2560.o
                0x0000000000001e66                __init
 *(.init0)
 *(.init1)
 *(.init1)
 *(.init2)
 .init2         0x0000000000001e66       0x10 /usr/lib/gcc/avr/4.3.5/../../../avr/lib/avr6/crtm2560.o
 *(.init2)
 *(.init3)
 *(.init3)
 *(.init4)
 .init4         0x0000000000001e76       0x1a /usr/lib/gcc/avr/4.3.5/../../../avr/lib/avr6/crtm2560.o
                0x0000000000001e76                __do_copy_data
 .init4         0x0000000000001e90       0x10 /usr/lib/gcc/avr/4.3.5/avr6/libgcc.a(_clear_bss.o)
                0x0000000000001e90                __do_clear_bss
 *(.init4)
 *(.init5)
 *(.init5)
 *(.init6)
 .init6         0x0000000000001ea0       0x16 /usr/lib/gcc/avr/4.3.5/avr6/libgcc.a(_ctors.o)
                0x0000000000001ea0                __do_global_ctors
 *(.init6)
 *(.init7)
 *(.init7)
 *(.init8)
 *(.init8)
 *(.init9)
 .init9         0x0000000000001eb6        0x8 /usr/lib/gcc/avr/4.3.5/../../../avr/lib/avr6/crtm2560.o
 *(.init9)
 *(.text)
 .text          0x0000000000001ebe        0x4 /usr/lib/gcc/avr/4.3.5/../../../avr/lib/avr6/crtm2560.o
                0x0000000000001ebe                __vector_38
                0x0000000000001ebe                __vector_22
                0x0000000000001ebe                __vector_28
                0x0000000000001ebe                __vector_32
                0x0000000000001ebe                __vector_34
                0x0000000000001ebe                __vector_24
                0x0000000000001ebe                __vector_12
                0x0000000000001ebe                __vector_55
                0x0000000000001ebe                __vector_46
                0x0000000000001ebe                __bad_interrupt
                0x0000000000001ebe                __vector_31
                0x0000000000001ebe                __vector_35
                0x0000000000001ebe                __vector_30
                0x0000000000001ebe                __vector_45
                0x0000000000001ebe                __vector_11
                0x0000000000001ebe                __vector_13
                0x0000000000001ebe                __vector_17
                0x0000000000001ebe                __vector_19
                0x0000000000001ebe                __vector_56
                0x0000000000001ebe                __vector_49
                0x0000000000001ebe                __vector_41
                0x0000000000001ebe                __vector_43
                0x0000000000001ebe                __vector_27
                0x0000000000001ebe                __vector_33
                0x0000000000001ebe                __vector_47
                0x0000000000001ebe                __vector_52
                0x0000000000001ebe                __vector_37
                0x0000000000001ebe                __vector_44
                0x0000000000001ebe                __vector_9
                0x0000000000001ebe                __vector_21
                0x0000000000001ebe                __vector_15
                0x0000000000001ebe                __vector_29
                0x0000000000001ebe                __vector_40
                0x0000000000001ebe                __vector_26
                0x0000000000001ebe                __vector_48
                0x0000000000001ebe                __vector_14
                0x0000000000001ebe                __vector_53
                0x0000000000001ebe                __vector_10
                0x0000000000001ebe                __vector_50
                0x0000000000001ebe                __vector_16
                0x0000000000001ebe                __vector_18
                0x0000000000001ebe                __vector_20
                0x0000000000001ebe                __vector_42
 .text          0x0000000000001ec2      0x150 ./blinker.o
                0x0000000000001ec2                moped_blinker::moped_blinker()
                0x0000000000001ec4                moped_blinker::moped_blinker()
                0x0000000000001ec6                moped_blinker::~moped_blinker()
                0x0000000000001ec8                moped_blinker::~moped_blinker()
                0x0000000000001eca                moped_blinker::set_start(unsigned long, int)
                0x0000000000001ef8                moped_blinker::warn(unsigned long)
                0x0000000000001f30                moped_blinker::init()
                0x0000000000001f6a                moped_blinker::check()
 .text          0x0000000000002012      0x5e2 ./clock_me.o
                0x0000000000002012                speedo_clock::speedo_clock()
                0x0000000000002014                speedo_clock::speedo_clock()
                0x0000000000002016                speedo_clock::~speedo_clock()
                0x0000000000002018                speedo_clock::~speedo_clock()
                0x000000000000201a                speedo_clock::changed(int*)
                0x000000000000203e                speedo_clock::decToBcd(char)
                0x0000000000002062                speedo_clock::bcdToDec(char)
                0x0000000000002078                speedo_clock::getdate()
                0x000000000000209e                speedo_clock::get_long_date()
                0x0000000000002130                speedo_clock::get_dayls()
                0x0000000000002138                speedo_clock::get_ss()
                0x0000000000002142                speedo_clock::inc()
                0x0000000000002188                speedo_clock::copy(char*)
                0x0000000000002212                speedo_clock::store()
                0x00000000000022e2                speedo_clock::init()
                0x00000000000024ae                speedo_clock::set_date_time(int, int, int, int, int, int, int, int)
 .text          0x00000000000025f4     0x2786 ./config.o
                0x00000000000025f4                configuration::configuration()
                0x00000000000025f6                configuration::configuration()
                0x00000000000025f8                configuration::~configuration()
                0x00000000000025fa                configuration::~configuration()
                0x00000000000025fc                configuration::parse_bool(char*, int, bool*)
                0x000000000000263a                configuration::parse_ul(char*, int, unsigned long*)
                0x00000000000026ee                configuration::parse_a(char*, int, char*, int)
                0x0000000000002764                configuration::parse_float(char*, int, float*)
                0x00000000000029aa                configuration::parse_short(char*, int, short*)
                0x00000000000029fa                configuration::parse_int(char*, int, int*)
                0x0000000000002a56                configuration::parse(char*)
                0x0000000000003434                configuration::ram_info()
                0x0000000000003470                SdFile::~SdFile()
                0x0000000000003488                configuration::read(char const*)
                0x00000000000036da                configuration::read_skin()
                0x000000000000376c                configuration::init()
                0x0000000000003a88                configuration::check()
                0x0000000000003b8c                configuration::write(char const*)
                0x0000000000004922                configuration::EEPROM_init()
                0x0000000000004bb8                configuration::km_save()
 .text          0x0000000000004d7a       0x72 ./debug.o
                0x0000000000004d7a                debugging::debugging()
                0x0000000000004d7c                debugging::debugging()
                0x0000000000004d7e                debugging::~debugging()
                0x0000000000004d80                debugging::~debugging()
                0x0000000000004d82                debugging::parse_float(int, char*, int, int, int)
                0x0000000000004d84                debugging::parse_int()
                0x0000000000004d86                debugging::parse(int, char*)
                0x0000000000004d88                debugging::parse_a(int, char*)
                0x0000000000004d8a                debugging::parse_ul(int, unsigned long)
                0x0000000000004d8c                debugging::speedo_loop(int, int, unsigned long, char*)
                0x0000000000004d8e                debugging::loop()
                0x0000000000004d90                debugging::sprintp(char const*)
                0x0000000000004dba                debugging::sprintlnp(char const*)
 .text          0x0000000000004dec     0x199c ./display.o
                0x0000000000004dec                speedo_disp::~speedo_disp()
                0x0000000000004dee                speedo_disp::~speedo_disp()
                0x0000000000004df0                speedo_disp::disp_waiting(int, unsigned char, unsigned char)
                0x0000000000004e6c                speedo_disp::show_storry(char*, unsigned int, char*, unsigned int)
                0x0000000000005100                speedo_disp::draw_blitzer(unsigned char, unsigned char)
                0x0000000000005416                speedo_disp::draw_clock(unsigned char, unsigned char)
                0x0000000000005588                speedo_disp::draw_fuel(unsigned char, unsigned char)
                0x00000000000056fa                speedo_disp::draw_air(unsigned char, unsigned char)
                0x0000000000005844                speedo_disp::draw_oil(unsigned char, unsigned char)
                0x0000000000005bbe                speedo_disp::sd2ssd(char*)
                0x0000000000005d66                speedo_disp::show_animation(char*)
                0x00000000000060a8                speedo_disp::init_speedo()
                0x00000000000061ae                speedo_disp::animation(int)
                0x0000000000006220                speedo_disp::draw_arrow(int, int, int)
                0x000000000000677c                speedo_disp::speedo_disp()
                0x0000000000006782                speedo_disp::speedo_disp()
 .text          0x0000000000006788      0x1f4 ./dz.o
                0x0000000000006788                speedo_dz::speedo_dz()
                0x000000000000678a                speedo_dz::speedo_dz()
                0x000000000000678c                speedo_dz::counter()
                0x000000000000679a                helper()
                0x00000000000067b4                speedo_dz::init()
                0x00000000000067f8                speedo_dz::calc()
 .text          0x000000000000697c      0xa3a ./file_manager.o
                0x000000000000697c                speedo_filemanager::get_filename(char*)
                0x0000000000006a06                speedo_filemanager::~speedo_filemanager()
                0x0000000000006a1e                speedo_filemanager::~speedo_filemanager()
                0x0000000000006a36                speedo_filemanager::rmdir()
                0x0000000000006a56                speedo_filemanager::cd(char*)
                0x0000000000006b5e                speedo_filemanager::rm(char*)
                0x0000000000006bce                speedo_filemanager::mkdir(char*)
                0x0000000000006c0a                speedo_filemanager::ls()
                0x0000000000006c14                speedo_filemanager::send_file(char*)
                0x0000000000006ccc                speedo_filemanager::recv_file(char*)
                0x0000000000006f72                speedo_filemanager::run()
                0x000000000000737e                speedo_filemanager::speedo_filemanager()
                0x000000000000739a                speedo_filemanager::speedo_filemanager()
 .text          0x00000000000073b6      0x206 ./fuel.o
                0x00000000000073b6                speedo_fuel::speedo_fuel()
                0x00000000000073b8                speedo_fuel::speedo_fuel()
                0x00000000000073ba                speedo_fuel::~speedo_fuel()
                0x00000000000073bc                speedo_fuel::~speedo_fuel()
                0x00000000000073be                speedo_fuel::init()
                0x00000000000073da                speedo_fuel::get_fuel(char*)
 .text          0x00000000000075bc      0x634 ./gear.o
                0x00000000000075bc                speedo_gear::speedo_gear()
                0x00000000000075be                speedo_gear::speedo_gear()
                0x00000000000075c0                speedo_gear::~speedo_gear()
                0x00000000000075c2                speedo_gear::~speedo_gear()
                0x00000000000075c4                speedo_gear::get()
                0x00000000000075da                speedo_gear::calibrate()
                0x00000000000079c4                speedo_gear::calc()
                0x0000000000007bc6                speedo_gear::init()
 .text          0x0000000000007bf0     0x241c ./gps.o
                0x0000000000007bf0                speedo_gps::speedo_gps()
                0x0000000000007bf2                speedo_gps::speedo_gps()
                0x0000000000007bf4                speedo_gps::~speedo_gps()
                0x0000000000007bf6                speedo_gps::~speedo_gps()
                0x0000000000007bf8                speedo_gps::recv_data()
                0x0000000000007d3e                __vector_36
                0x0000000000007d9a                speedo_gps::get_info(int)
                0x0000000000007ee6                speedo_gps::get_logged_points(char*, int)
                0x0000000000008076                speedo_gps::loop()
                0x000000000000831a                speedo_gps::init()
                0x00000000000083f6                speedo_gps::generate_new_order()
                0x00000000000087aa                speedo_gps::get_order(char*)
                0x0000000000008a7a                speedo_gps::mod(unsigned long, unsigned long)
                0x0000000000008b06                speedo_gps::nmea_to_dec(unsigned long)
                0x0000000000008be4                speedo_gps::calc_dist(unsigned long, unsigned long)
                0x0000000000008e24                speedo_gps::calc_navi()
                0x00000000000095de                speedo_gps::store_to_sd()
                0x00000000000096b2                speedo_gps::parse(char*, int)
                0x0000000000009fb4                speedo_gps::check_flag()
 .text          0x000000000000a00c       0x3e ./helper.o
                0x000000000000a00c                __cxa_pure_virtual
                0x000000000000a010                __cxa_guard_acquire(long long*)
                0x000000000000a024                __cxa_guard_release(long long*)
                0x000000000000a02c                __cxa_guard_abort(long long*)
                0x000000000000a02e                operator delete[](void*)
                0x000000000000a038                operator delete(void*)
                0x000000000000a03e                operator new[](unsigned int)
                0x000000000000a044                operator new(unsigned int)
 .text          0x000000000000a04a      0x39e ./main.o
                0x000000000000a146                main
 .text          0x000000000000a3e8     0x3d06 ./menu.o
                0x000000000000a3e8                speedo_menu::speedo_menu()
                0x000000000000a3ea                speedo_menu::speedo_menu()
                0x000000000000a3ec                speedo_menu::~speedo_menu()
                0x000000000000a3ee                speedo_menu::~speedo_menu()
                0x000000000000a3f0                speedo_menu::init()
                0x000000000000a476                speedo_menu::button_test(bool)
                0x000000000000aa02                speedo_menu::back()
                0x000000000000ab0c                speedo_menu::draw(char const**, int)
                0x000000000000adca                speedo_menu::yesno(char*, char*, char*)
                0x000000000000ae8c                speedo_menu::display()
                0x000000000000e06a                speedo_menu::del_conf(char*, char*)
 .text          0x000000000000e0ee       0xdc ./oiler.o
                0x000000000000e0ee                speedo_oiler::speedo_oiler()
                0x000000000000e0f0                speedo_oiler::speedo_oiler()
                0x000000000000e0f2                speedo_oiler::~speedo_oiler()
                0x000000000000e0f4                speedo_oiler::~speedo_oiler()
                0x000000000000e0f6                speedo_oiler::send_impulse()
                0x000000000000e144                speedo_oiler::check_value()
                0x000000000000e1a8                speedo_oiler::init()
 .text          0x000000000000e1ca      0x264 ./reset.o
                0x000000000000e1ca                speedo_reset::speedo_reset()
                0x000000000000e1cc                speedo_reset::speedo_reset()
                0x000000000000e1ce                speedo_reset::~speedo_reset()
                0x000000000000e1d0                speedo_reset::~speedo_reset()
                0x000000000000e1d2                speedo_reset::ask_reset()
                0x000000000000e2c6                speedo_reset::toggle()
                0x000000000000e31e                speedo_reset::set_deactive(bool, bool)
                0x000000000000e354                speedo_reset::set_active(bool, bool)
                0x000000000000e38e                speedo_reset::restore()
                0x000000000000e3ae                speedo_reset::init()
 .text          0x000000000000e42e      0x162 ./sd.o
                0x000000000000e42e                speedo_sd::speedo_sd()
                0x000000000000e44a                speedo_sd::speedo_sd()
                0x000000000000e466                speedo_sd::~speedo_sd()
                0x000000000000e468                speedo_sd::~speedo_sd()
                0x000000000000e46a                speedo_sd::writeString(SdFile&, char*)
                0x000000000000e48a                speedo_sd::writeCRLF(SdFile&)
                0x000000000000e49a                speedo_sd::error_P(char const*)
                0x000000000000e4f0                speedo_sd::init()
 .text          0x000000000000e590      0x386 ./sensors.o
                0x000000000000e590                Speedo_sensors::~Speedo_sensors()
                0x000000000000e592                Speedo_sensors::~Speedo_sensors()
                0x000000000000e594                Speedo_sensors::flatIt(int, short*, int, float)
                0x000000000000e6b6                Speedo_sensors::init()
                0x000000000000e736                Speedo_sensors::Speedo_sensors()
                0x000000000000e826                Speedo_sensors::Speedo_sensors()
 .text          0x000000000000e916      0x7b6 ./speed.o
                0x000000000000e916                speedo_speed::speedo_speed()
                0x000000000000e918                speedo_speed::speedo_speed()
                0x000000000000e91a                speedo_speed::~speedo_speed()
                0x000000000000e91c                speedo_speed::~speedo_speed()
                0x000000000000e91e                speedo_speed::get_mag_speed()
                0x000000000000e926                speedo_speed::get_sat_speed()
                0x000000000000e962                speedo_speed::check_umfang()
                0x000000000000ee5a                speedo_speed::getSpeed()
                0x000000000000eecc                speedo_speed::calc()
                0x000000000000f072                helper_speed()
                0x000000000000f084                speedo_speed::init()
 .text          0x000000000000f0cc     0x18ec ./speedo.o
                0x000000000000f0cc                speedo_speedo::reset_bak()
                0x000000000000f0e6                speedo_speedo::loop(unsigned long)
 .text          0x00000000000109b8      0x4ea ./sprint.o
                0x00000000000109b8                speedo_sprint::speedo_sprint()
                0x00000000000109c2                speedo_sprint::speedo_sprint()
                0x00000000000109cc                speedo_sprint::~speedo_sprint()
                0x00000000000109ce                speedo_sprint::~speedo_sprint()
                0x00000000000109d0                speedo_sprint::init()
                0x00000000000109da                speedo_sprint::loop(unsigned long)
 .text          0x0000000000010ea2      0x356 ./temperature.o
                0x0000000000010ea2                speedo_temperature::speedo_temperature()
                0x0000000000010ea4                speedo_temperature::speedo_temperature()
                0x0000000000010ea6                speedo_temperature::~speedo_temperature()
                0x0000000000010ea8                speedo_temperature::~speedo_temperature()
                0x0000000000010eaa                speedo_temperature::get_air_temp()
                0x0000000000010ec6                speedo_temperature::get_oil_temp()
                0x0000000000010f60                speedo_temperature::read_air_temp()
                0x0000000000011034                speedo_temperature::read_oil_temp()
                0x00000000000111b6                speedo_temperature::init()
 .text          0x00000000000111f8      0x298 ./timer.o
                0x00000000000111f8                speedo_timer::~speedo_timer()
                0x00000000000111fa                speedo_timer::~speedo_timer()
                0x00000000000111fc                speedo_timer::speedo_timer()
                0x0000000000011234                speedo_timer::speedo_timer()
                0x000000000001126c                speedo_timer::every_custom()
                0x000000000001137e                speedo_timer::every_qsec()
                0x00000000000113c4                speedo_timer::every_sec(configuration*)
                0x0000000000011464                ram_info()
 .text          0x0000000000011490       0x12 ./inc/EEPROM.o
                0x0000000000011490                EEPROMClass::write(int, unsigned char)
                0x000000000001149a                EEPROMClass::read(int)
 .text          0x00000000000114a2      0x938 ./inc/Sd2Card.o
                0x00000000000114a2                Sd2Card::setSckRate(unsigned char)
                0x00000000000114b6                Sd2Card::waitNotBusy(unsigned int)
                0x00000000000114fc                Sd2Card::chipSelectLow()
                0x000000000001152a                Sd2Card::cardCommand(unsigned char, unsigned long)
                0x00000000000115ca                Sd2Card::chipSelectHigh()
                0x00000000000115d6                Sd2Card::writeStop()
                0x0000000000011622                Sd2Card::writeStart(unsigned long, unsigned long)
                0x00000000000116b2                Sd2Card::writeData(unsigned char, unsigned char const*)
                0x0000000000011726                Sd2Card::writeData(unsigned char const*)
                0x0000000000011772                Sd2Card::writeBlock(unsigned long, unsigned char const*)
                0x000000000001181e                Sd2Card::waitStartBlock()
                0x0000000000011878                Sd2Card::readData(unsigned char*, unsigned int)
                0x00000000000118e0                Sd2Card::readRegister(unsigned char, void*)
                0x000000000001192e                Sd2Card::eraseSingleBlockEnable()
                0x000000000001196e                Sd2Card::cardSize()
                0x0000000000011a84                Sd2Card::readBlock(unsigned long, unsigned char*)
                0x0000000000011afa                Sd2Card::erase(unsigned long, unsigned long)
                0x0000000000011c34                Sd2Card::init(unsigned char, unsigned char)
 .text          0x0000000000011dda      0x45c ./inc/SdFat.o
                0x0000000000011df2                SdFat::truncate(char const*, unsigned long)
                0x0000000000011e6e                SdFat::rmdir(char const*)
                0x0000000000011ed0                SdFat::rename(char const*, char const*)
                0x0000000000011f50                SdFat::remove(char const*)
                0x0000000000011f58                SdFat::mkdir(char const*, bool)
                0x0000000000011fb8                SdFat::ls(Print*, unsigned char)
                0x0000000000011fc2                SdFat::ls(unsigned char)
                0x0000000000011fd2                SdFat::exists(char const*)
                0x0000000000011fda                SdFat::errorPrint()
                0x000000000001200a                SdFat::initErrorPrint()
                0x000000000001205a                SdFat::initErrorHalt()
                0x0000000000012060                SdFat::errorPrint_P(char const*)
                0x000000000001208a                SdFat::errorHalt_P(char const*)
                0x0000000000012090                SdFat::errorPrint(char const*)
                0x00000000000120be                SdFat::errorHalt(char const*)
                0x00000000000120c4                SdFat::errorHalt()
                0x00000000000120ca                SdFat::chdir()
                0x0000000000012102                SdFat::init(unsigned char, unsigned char)
                0x0000000000012150                SdFat::chdir(char const*)
 .text          0x0000000000012236       0x94 ./inc/SdFatUtil.o
                0x0000000000012236                SdFatUtil::FreeRam()
                0x0000000000012270                SdFatUtil::print_P(Print*, char const*)
                0x000000000001229c                SdFatUtil::SerialPrint_P(char const*)
                0x00000000000122a8                SdFatUtil::println_P(Print*, char const*)
                0x00000000000122be                SdFatUtil::SerialPrintln_P(char const*)
 .text          0x00000000000122ca     0x2772 ./inc/SdFile.o
                0x00000000000122ca                SdFile::dirName(directoryEntry const&, char*)
                0x000000000001230c                SdFile::getpos(fpos_t*)
                0x000000000001233c                SdFile::make83Name(char const*, unsigned char*, char const**)
                0x00000000000123cc                SdFile::setpos(fpos_t*)
                0x00000000000123fe                SdFile::write_P(char const*)
                0x0000000000012430                SdFile::writeln_P(char const*)
                0x000000000001244a                SdFile::seekSet(unsigned long)
                0x000000000001259c                SdFile::contiguousRange(unsigned long*, unsigned long*)
                0x0000000000012708                SdFile::cacheDirEntry(unsigned char)
                0x0000000000012742                SdFile::sync()
                0x00000000000127de                SdFile::close()
                0x000000000001280e                SdFile::timestamp(unsigned char, unsigned int, unsigned char, unsigned char, unsigned char, unsigned char, unsigned char)
                0x0000000000012934                SdFile::getFilename(char*)
                0x000000000001296e                SdFile::dirEntry(directoryEntry*)
                0x00000000000129b6                SdFile::truncate(unsigned long)
                0x0000000000012b50                SdFile::remove()
                0x0000000000012b88                SdFile::read(void*, unsigned int)
                0x0000000000012d92                SdFile::readDir(directoryEntry*)
                0x0000000000012dfe                SdFile::read()
                0x0000000000012e30                SdFile::readDirCache()
                0x0000000000012ea6                SdFile::rmdir()
                0x0000000000012f3e                SdFile::peek()
                0x0000000000012f96                SdFile::printName()
                0x000000000001300c                SdFile::printFatTime(Print*, unsigned int)
                0x000000000001306a                SdFile::printFatTime(unsigned int)
                0x0000000000013076                SdFile::printDirName(Print*, directoryEntry const&, unsigned char, bool)
                0x0000000000013102                SdFile::printDirName(directoryEntry const&, unsigned char, bool)
                0x0000000000013116                SdFile::printFatDate(Print*, unsigned int)
                0x0000000000013178                SdFile::printFatDate(unsigned int)
                0x0000000000013184                SdFile::openRoot(SdVolume*)
                0x000000000001322a                SdFile::openCachedEntry(unsigned char, unsigned char)
                0x000000000001333c                SdFile::openNext(SdFile*, unsigned char)
                0x00000000000133c4                SdFile::open(SdFile*, unsigned int, unsigned char)
                0x000000000001344c                SdFile::rmRfStar()
                0x000000000001359a                SdFile::openParent(SdFile*)
                0x00000000000137a8                SdFile::lsPrintNext(Print*, unsigned char, unsigned char)
                0x000000000001393c                SdFile::ls(Print*, unsigned char, unsigned char)
                0x0000000000013a4c                SdFile::ls(unsigned char)
                0x0000000000013a5a                SdFile::fgets(char*, int, char*)
                0x0000000000013b2a                SdFile::addCluster()
                0x0000000000013b78                SdFile::write(void const*, unsigned int)
                0x0000000000013edc                SdFile::write(char const*)
                0x0000000000013ef2                SdFile::write(unsigned char)
                0x0000000000013f14                SdFile::addDirCluster()
                0x000000000001402c                SdFile::open(SdFile*, unsigned char const*, unsigned char)
                0x00000000000141c4                SdFile::open(SdFile*, char const*, unsigned char)
                0x0000000000014374                SdFile::remove(SdFile*, char const*)
                0x00000000000143dc                SdFile::open(char const*, unsigned char)
                0x00000000000143f0                SdFile::SdFile(char const*, unsigned char)
                0x0000000000014406                SdFile::SdFile(char const*, unsigned char)
                0x000000000001441c                SdFile::exists(char const*)
                0x0000000000014478                SdFile::mkdir(SdFile*, unsigned char const*)
                0x00000000000145d6                SdFile::mkdir(SdFile*, char const*, bool)
                0x00000000000147a2                SdFile::rename(SdFile*, char const*)
                0x00000000000149ac                SdFile::createContiguous(SdFile*, char const*, unsigned long)
 .text          0x0000000000014a3c      0x2aa ./inc/SdStream.o
                0x0000000000014a3c                SdBase::putch(char)
                0x0000000000014a94                SdBase::seekpos(unsigned long)
                0x0000000000014a9a                SdBase::seekoff(long, ios_base::seekdir)
                0x0000000000014ad2                SdBase::putstr(char const*)
                0x0000000000014b64                SdBase::open(char const*, unsigned char)
                0x0000000000014c24                SdBase::getch()
 .text          0x0000000000014ce6      0xa78 ./inc/SdVolume.o
                0x0000000000014ce6                SdVolume::cacheFlush()
                0x0000000000014d5c                SdVolume::cacheRawBlock(unsigned long, unsigned char)
                0x0000000000014de2                SdVolume::init(Sd2Card*, unsigned char)
                0x0000000000015074                SdVolume::freeClusterCount()
                0x00000000000151b2                SdVolume::fatPut(unsigned long, unsigned long)
                0x00000000000152c0                SdVolume::fatGet(unsigned long, unsigned long*) const
                0x00000000000153ac                SdVolume::freeChain(unsigned long)
                0x0000000000015468                SdVolume::chainSize(unsigned long, unsigned long*) const
                0x0000000000015540                SdVolume::allocContiguous(unsigned long, unsigned long*)
 .text          0x000000000001575e      0x1fe ./inc/Wire.o
                0x000000000001575e                TwoWire::TwoWire()
                0x0000000000015760                TwoWire::TwoWire()
                0x0000000000015762                TwoWire::beginTransmission(unsigned char)
                0x0000000000015776                TwoWire::beginTransmission(int)
                0x000000000001578a                TwoWire::available()
                0x0000000000015796                TwoWire::receive()
                0x00000000000157b8                TwoWire::onReceiveService(unsigned char*, int)
                0x0000000000015802                TwoWire::onRequestService()
                0x000000000001581a                TwoWire::onReceive(void (*)(int))
                0x0000000000015824                TwoWire::onRequest(void (*)())
                0x0000000000015830                TwoWire::send(unsigned char)
                0x0000000000015878                TwoWire::send(int)
                0x000000000001587e                TwoWire::send(unsigned char*, unsigned char)
                0x00000000000158c2                TwoWire::send(char*)
                0x00000000000158d8                TwoWire::endTransmission()
                0x00000000000158f8                TwoWire::requestFrom(unsigned char, unsigned char)
                0x0000000000015912                TwoWire::requestFrom(int, int)
                0x0000000000015918                TwoWire::begin()
                0x000000000001592e                TwoWire::begin(unsigned char)
                0x0000000000015956                TwoWire::begin(int)
 .text          0x000000000001595c      0xd30 ./inc/istream.o
                0x000000000001595c                istream::getch(fpos_t*)
                0x0000000000015986                istream::get()
                0x00000000000159ca                istream::get(char&)
                0x00000000000159ee                istream::get(char*, unsigned long, char)
                0x0000000000015b08                istream::getline(char*, unsigned long, char)
                0x0000000000015c3e                istream::ignore(unsigned long, int)
                0x0000000000015ca6                istream::peek()
                0x0000000000015d58                istream::skipWhite()
                0x0000000000015dca                istream::readSkip()
                0x0000000000015e14                istream::getFloat(float*)
                0x0000000000016130                istream::getChar(char*)
                0x000000000001616a                istream::getStr(char*)
                0x00000000000162a8                istream::getNumber(unsigned long, unsigned long, unsigned long*)
                0x0000000000016556                istream::getBool(bool*)
 .text          0x000000000001668c      0x668 ./inc/ostream.o
                0x000000000001668c                ostream::do_fill(unsigned int)
                0x00000000000166da                ostream::fill_not_left(unsigned int)
                0x0000000000016702                ostream::fmtNum(unsigned long, char*, unsigned char)
                0x00000000000167b8                ostream::putChar(char)
                0x00000000000167ee                ostream::putNum(unsigned long, bool)
                0x000000000001694e                ostream::putNum(long)
                0x000000000001698e                ostream::putStr(char const*)
                0x00000000000169e6                ostream::putPgm(pgm const&)
                0x0000000000016a3c                ostream::putDouble(double)
                0x0000000000016c90                ostream::putBool(bool)
 .text          0x0000000000016cf4        0x0 ./inc/pins_arduino.o
 .text          0x0000000000016cf4     0x1c48 ./inc/ssd0323.o
                0x0000000000016cf4                ssd0323::senden_spi(unsigned char)
                0x0000000000016d22                ssd0323::send_command(unsigned char)
                0x0000000000016d2c                ssd0323::send_char(unsigned char)
                0x0000000000016d34                ssd0323::clear_screen()
                0x0000000000016d8c                ssd0323::set2pixels(unsigned char, unsigned char, unsigned char, unsigned char)
                0x0000000000016e02                ssd0323::ssd0323()
                0x0000000000016e04                ssd0323::ssd0323()
                0x0000000000016e06                ssd0323::init(unsigned char, unsigned char)
                0x0000000000016fda                ssd0323::highlight_bar(unsigned char, unsigned char, unsigned char, unsigned char)
                0x00000000000170e8                ssd0323::filled_rect(unsigned char, unsigned char, unsigned char, unsigned char, unsigned char)
                0x00000000000171d8                ssd0323::zeichen_small_4x(unsigned char*, unsigned char, int, int, int, int, unsigned char)
                0x0000000000017460                ssd0323::zeichen_small_3x(unsigned char*, unsigned char, int, int, int, int, unsigned char)
                0x000000000001772a                ssd0323::zeichen_small_2x(unsigned char*, unsigned char, int, int, int, int, unsigned char)
                0x0000000000017968                ssd0323::zeichen_small_1x(unsigned char*, unsigned char, int, int, int, int, unsigned char)
                0x0000000000017b3c                ssd0323::zeichen_big_1x(unsigned char*, unsigned char, int, int, int, int, unsigned char)
                0x0000000000017e12                ssd0323::line(unsigned char, unsigned char, unsigned char, unsigned char, unsigned char)
                0x0000000000018324                ssd0323::string(short, char*, unsigned char, unsigned char, unsigned char, unsigned char, unsigned char)
                0x000000000001887e                ssd0323::string(short, char*, unsigned char, unsigned char)
                0x000000000001889c                ssd0323::string_P(short, char const*, unsigned char, unsigned char, unsigned char, unsigned char, unsigned char)
                0x000000000001891e                ssd0323::string_P(short, char const*, unsigned char, unsigned char)
 .text          0x000000000001893c      0x49a ./inc/twi.o
                0x000000000001893c                twi_init
                0x0000000000018962                twi_setAddress
                0x000000000001896a                twi_readFrom
                0x00000000000189d8                twi_writeTo
                0x0000000000018a5e                twi_transmit
                0x0000000000018a94                twi_attachSlaveRxEvent
                0x0000000000018a9e                twi_attachSlaveTxEvent
                0x0000000000018aa8                twi_reply
                0x0000000000018ab8                twi_stop
                0x0000000000018acc                twi_releaseBus
                0x0000000000018ad8                __vector_39
 .text          0x0000000000018dd6        0x0 /home/kolja/links/eclipse/Speedmaster/inc/libArduinoCore2560.a(WInterrupts.c.o)
 .text          0x0000000000018dd6        0x0 /home/kolja/links/eclipse/Speedmaster/inc/libArduinoCore2560.a(wiring.c.o)
 .text          0x0000000000018dd6        0x0 /home/kolja/links/eclipse/Speedmaster/inc/libArduinoCore2560.a(wiring_analog.c.o)
 .text          0x0000000000018dd6        0x0 /home/kolja/links/eclipse/Speedmaster/inc/libArduinoCore2560.a(wiring_digital.c.o)
 .text          0x0000000000018dd6        0x0 /home/kolja/links/eclipse/Speedmaster/inc/libArduinoCore2560.a(HardwareSerial.cpp.o)
 .text          0x0000000000018dd6        0x0 /home/kolja/links/eclipse/Speedmaster/inc/libArduinoCore2560.a(Print.cpp.o)
 .text          0x0000000000018dd6        0x0 /home/kolja/links/eclipse/Speedmaster/inc/libArduinoCore2560.a(WString.cpp.o)
 .text          0x0000000000018dd6        0x0 /usr/lib/gcc/avr/4.3.5/../../../avr/lib/avr6/libc.a(malloc.o)
 .text          0x0000000000018dd6        0x0 /usr/lib/gcc/avr/4.3.5/../../../avr/lib/avr6/libc.a(exit.o)
 .text          0x0000000000018dd6        0x0 /usr/lib/gcc/avr/4.3.5/../../../avr/lib/avr6/libc.a(isalpha.o)
 .text          0x0000000000018dd6        0x0 /usr/lib/gcc/avr/4.3.5/../../../avr/lib/avr6/libc.a(isspace.o)
 .text          0x0000000000018dd6        0x0 /usr/lib/gcc/avr/4.3.5/../../../avr/lib/avr6/libc.a(tolower.o)
 .text          0x0000000000018dd6        0x0 /usr/lib/gcc/avr/4.3.5/../../../avr/lib/avr6/libc.a(toupper.o)
 .text          0x0000000000018dd6        0x0 /usr/lib/gcc/avr/4.3.5/../../../avr/lib/avr6/libc.a(strcmp_P.o)
 .text          0x0000000000018dd6        0x0 /usr/lib/gcc/avr/4.3.5/../../../avr/lib/avr6/libc.a(strcpy_P.o)
 .text          0x0000000000018dd6        0x0 /usr/lib/gcc/avr/4.3.5/../../../avr/lib/avr6/libc.a(strlen_P.o)
 .text          0x0000000000018dd6        0x0 /usr/lib/gcc/avr/4.3.5/../../../avr/lib/avr6/libc.a(memcmp.o)
 .text          0x0000000000018dd6        0x0 /usr/lib/gcc/avr/4.3.5/../../../avr/lib/avr6/libc.a(memcpy.o)
 .text          0x0000000000018dd6        0x0 /usr/lib/gcc/avr/4.3.5/../../../avr/lib/avr6/libc.a(memset.o)
 .text          0x0000000000018dd6        0x0 /usr/lib/gcc/avr/4.3.5/../../../avr/lib/avr6/libc.a(strcat.o)
 .text          0x0000000000018dd6        0x0 /usr/lib/gcc/avr/4.3.5/../../../avr/lib/avr6/libc.a(strchr.o)
 .text          0x0000000000018dd6        0x0 /usr/lib/gcc/avr/4.3.5/../../../avr/lib/avr6/libc.a(strcmp.o)
 .text          0x0000000000018dd6        0x0 /usr/lib/gcc/avr/4.3.5/../../../avr/lib/avr6/libc.a(strcpy.o)
 .text          0x0000000000018dd6        0x0 /usr/lib/gcc/avr/4.3.5/../../../avr/lib/avr6/libc.a(strncmp.o)
 .text          0x0000000000018dd6        0x0 /usr/lib/gcc/avr/4.3.5/../../../avr/lib/avr6/libc.a(strncpy.o)
 .text          0x0000000000018dd6        0x0 /usr/lib/gcc/avr/4.3.5/../../../avr/lib/avr6/libc.a(strrchr.o)
 .text          0x0000000000018dd6        0x0 /usr/lib/gcc/avr/4.3.5/../../../avr/lib/avr6/libc.a(strstr.o)
 .text          0x0000000000018dd6        0x0 /usr/lib/gcc/avr/4.3.5/../../../avr/lib/avr6/libc.a(itoa.o)
 .text          0x0000000000018dd6        0x0 /usr/lib/gcc/avr/4.3.5/../../../avr/lib/avr6/libc.a(ltoa.o)
 .text          0x0000000000018dd6        0x0 /usr/lib/gcc/avr/4.3.5/../../../avr/lib/avr6/libc.a(ultoa.o)
 .text          0x0000000000018dd6        0x0 /usr/lib/gcc/avr/4.3.5/../../../avr/lib/avr6/libc.a(sprintf.o)
 .text          0x0000000000018dd6        0x0 /usr/lib/gcc/avr/4.3.5/../../../avr/lib/avr6/libc.a(addsf3.o)
 .text          0x0000000000018dd6        0x0 /usr/lib/gcc/avr/4.3.5/../../../avr/lib/avr6/libc.a(addsf3x.o)
 .text          0x0000000000018dd6        0x0 /usr/lib/gcc/avr/4.3.5/../../../avr/lib/avr6/libc.a(asin.o)
 .text          0x0000000000018dd6        0x0 /usr/lib/gcc/avr/4.3.5/../../../avr/lib/avr6/libc.a(cmpsf2.o)
 .text          0x0000000000018dd6        0x0 /usr/lib/gcc/avr/4.3.5/../../../avr/lib/avr6/libc.a(cos.o)
 .text          0x0000000000018dd6        0x0 /usr/lib/gcc/avr/4.3.5/../../../avr/lib/avr6/libc.a(divsf3.o)
 .text          0x0000000000018dd6        0x0 /usr/lib/gcc/avr/4.3.5/../../../avr/lib/avr6/libc.a(divsf3x.o)
 .text          0x0000000000018dd6        0x0 /usr/lib/gcc/avr/4.3.5/../../../avr/lib/avr6/libc.a(fixsfsi.o)
 .text          0x0000000000018dd6        0x0 /usr/lib/gcc/avr/4.3.5/../../../avr/lib/avr6/libc.a(fixunssfsi.o)
 .text          0x0000000000018dd6        0x0 /usr/lib/gcc/avr/4.3.5/../../../avr/lib/avr6/libc.a(floatsisf.o)
 .text          0x0000000000018dd6        0x0 /usr/lib/gcc/avr/4.3.5/../../../avr/lib/avr6/libc.a(floor.o)
 .text          0x0000000000018dd6        0x0 /usr/lib/gcc/avr/4.3.5/../../../avr/lib/avr6/libc.a(fp_arccos.o)
 .text          0x0000000000018dd6        0x0 /usr/lib/gcc/avr/4.3.5/../../../avr/lib/avr6/libc.a(fp_cmp.o)
 .text          0x0000000000018dd6        0x0 /usr/lib/gcc/avr/4.3.5/../../../avr/lib/avr6/libc.a(fp_inf.o)
 .text          0x0000000000018dd6        0x0 /usr/lib/gcc/avr/4.3.5/../../../avr/lib/avr6/libc.a(fp_mintl.o)
 .text          0x0000000000018dd6        0x0 /usr/lib/gcc/avr/4.3.5/../../../avr/lib/avr6/libc.a(fp_mpack.o)
 .text          0x0000000000018dd6        0x0 /usr/lib/gcc/avr/4.3.5/../../../avr/lib/avr6/libc.a(fp_nan.o)
 .text          0x0000000000018dd6        0x0 /usr/lib/gcc/avr/4.3.5/../../../avr/lib/avr6/libc.a(fp_powser.o)
 .text          0x0000000000018dd6        0x0 /usr/lib/gcc/avr/4.3.5/../../../avr/lib/avr6/libc.a(fp_powsodd.o)
 .text          0x0000000000018dd6        0x0 /usr/lib/gcc/avr/4.3.5/../../../avr/lib/avr6/libc.a(fp_pscA.o)
 .text          0x0000000000018dd6        0x0 /usr/lib/gcc/avr/4.3.5/../../../avr/lib/avr6/libc.a(fp_pscB.o)
 .text          0x0000000000018dd6        0x0 /usr/lib/gcc/avr/4.3.5/../../../avr/lib/avr6/libc.a(fp_rempio2.o)
 .text          0x0000000000018dd6        0x0 /usr/lib/gcc/avr/4.3.5/../../../avr/lib/avr6/libc.a(fp_round.o)
 .text          0x0000000000018dd6        0x0 /usr/lib/gcc/avr/4.3.5/../../../avr/lib/avr6/libc.a(fp_sinus.o)
 .text          0x0000000000018dd6        0x0 /usr/lib/gcc/avr/4.3.5/../../../avr/lib/avr6/libc.a(fp_split3.o)
 .text          0x0000000000018dd6        0x0 /usr/lib/gcc/avr/4.3.5/../../../avr/lib/avr6/libc.a(fp_trunc.o)
 .text          0x0000000000018dd6        0x0 /usr/lib/gcc/avr/4.3.5/../../../avr/lib/avr6/libc.a(fp_zero.o)
 .text          0x0000000000018dd6        0x0 /usr/lib/gcc/avr/4.3.5/../../../avr/lib/avr6/libc.a(gesf2.o)
 .text          0x0000000000018dd6        0x0 /usr/lib/gcc/avr/4.3.5/../../../avr/lib/avr6/libc.a(mulsf3.o)
 .text          0x0000000000018dd6        0x0 /usr/lib/gcc/avr/4.3.5/../../../avr/lib/avr6/libc.a(mulsf3x.o)
 .text          0x0000000000018dd6        0x0 /usr/lib/gcc/avr/4.3.5/../../../avr/lib/avr6/libc.a(pow.o)
 .text          0x0000000000018dd6        0x0 /usr/lib/gcc/avr/4.3.5/../../../avr/lib/avr6/libc.a(sin.o)
 .text          0x0000000000018dd6        0x0 /usr/lib/gcc/avr/4.3.5/../../../avr/lib/avr6/libc.a(sqrt.o)
 .text          0x0000000000018dd6        0x0 /usr/lib/gcc/avr/4.3.5/../../../avr/lib/avr6/libc.a(vfprintf_std.o)
 .text          0x0000000000018dd6        0x0 /usr/lib/gcc/avr/4.3.5/../../../avr/lib/avr6/libc.a(eerd_byte_atmega2560.o)
 .text          0x0000000000018dd6        0x0 /usr/lib/gcc/avr/4.3.5/../../../avr/lib/avr6/libc.a(eewr_byte_atmega2560.o)
 .text          0x0000000000018dd6        0x0 /usr/lib/gcc/avr/4.3.5/../../../avr/lib/avr6/libc.a(cty_isfalse.o)
 .text          0x0000000000018dd6        0x0 /usr/lib/gcc/avr/4.3.5/../../../avr/lib/avr6/libc.a(strnlen_P.o)
 .text          0x0000000000018dd6        0x0 /usr/lib/gcc/avr/4.3.5/../../../avr/lib/avr6/libc.a(strnlen.o)
 .text          0x0000000000018dd6        0x0 /usr/lib/gcc/avr/4.3.5/../../../avr/lib/avr6/libc.a(strrev.o)
 .text          0x0000000000018dd6        0x0 /usr/lib/gcc/avr/4.3.5/../../../avr/lib/avr6/libc.a(fputc.o)
 .text          0x0000000000018dd6        0x0 /usr/lib/gcc/avr/4.3.5/../../../avr/lib/avr6/libc.a(ultoa_invert.o)
 .text          0x0000000000018dd6        0x0 /usr/lib/gcc/avr/4.3.5/../../../avr/lib/avr6/libc.a(exp.o)
 .text          0x0000000000018dd6        0x0 /usr/lib/gcc/avr/4.3.5/../../../avr/lib/avr6/libc.a(fp_norm2.o)
 .text          0x0000000000018dd6        0x0 /usr/lib/gcc/avr/4.3.5/../../../avr/lib/avr6/libc.a(inverse.o)
 .text          0x0000000000018dd6        0x0 /usr/lib/gcc/avr/4.3.5/../../../avr/lib/avr6/libc.a(ldexp.o)
 .text          0x0000000000018dd6        0x0 /usr/lib/gcc/avr/4.3.5/../../../avr/lib/avr6/libc.a(log.o)
 .text          0x0000000000018dd6        0x0 /usr/lib/gcc/avr/4.3.5/../../../avr/lib/avr6/libc.a(modf.o)
 .text          0x0000000000018dd6        0x0 /usr/lib/gcc/avr/4.3.5/avr6/libgcc.a(_mulsi3.o)
 .text          0x0000000000018dd6        0x0 /usr/lib/gcc/avr/4.3.5/avr6/libgcc.a(_udivmodqi4.o)
 .text          0x0000000000018dd6        0x0 /usr/lib/gcc/avr/4.3.5/avr6/libgcc.a(_udivmodhi4.o)
 .text          0x0000000000018dd6        0x0 /usr/lib/gcc/avr/4.3.5/avr6/libgcc.a(_divmodhi4.o)
 .text          0x0000000000018dd6        0x0 /usr/lib/gcc/avr/4.3.5/avr6/libgcc.a(_udivmodsi4.o)
 .text          0x0000000000018dd6        0x0 /usr/lib/gcc/avr/4.3.5/avr6/libgcc.a(_divmodsi4.o)
 .text          0x0000000000018dd6        0x0 /usr/lib/gcc/avr/4.3.5/avr6/libgcc.a(_exit.o)
 .text          0x0000000000018dd6        0x0 /usr/lib/gcc/avr/4.3.5/avr6/libgcc.a(_clear_bss.o)
 .text          0x0000000000018dd6        0x0 /usr/lib/gcc/avr/4.3.5/avr6/libgcc.a(_ctors.o)
 .text          0x0000000000018dd6        0x0 /usr/lib/gcc/avr/4.3.5/avr6/libgcc.a(_tablejump.o)
                0x0000000000018dd6                . = ALIGN (0x2)
 *(.text.*)
 .text.attachInterrupt
                0x0000000000018dd6       0xf8 /home/kolja/links/eclipse/Speedmaster/inc/libArduinoCore2560.a(WInterrupts.c.o)
                0x0000000000018dd6                attachInterrupt
 .text.detachInterrupt
                0x0000000000018ece       0x58 /home/kolja/links/eclipse/Speedmaster/inc/libArduinoCore2560.a(WInterrupts.c.o)
                0x0000000000018ece                detachInterrupt
 .text.__vector_1
                0x0000000000018f26       0x62 /home/kolja/links/eclipse/Speedmaster/inc/libArduinoCore2560.a(WInterrupts.c.o)
                0x0000000000018f26                __vector_1
 .text.__vector_2
                0x0000000000018f88       0x62 /home/kolja/links/eclipse/Speedmaster/inc/libArduinoCore2560.a(WInterrupts.c.o)
                0x0000000000018f88                __vector_2
 .text.__vector_3
                0x0000000000018fea       0x62 /home/kolja/links/eclipse/Speedmaster/inc/libArduinoCore2560.a(WInterrupts.c.o)
                0x0000000000018fea                __vector_3
 .text.__vector_4
                0x000000000001904c       0x62 /home/kolja/links/eclipse/Speedmaster/inc/libArduinoCore2560.a(WInterrupts.c.o)
                0x000000000001904c                __vector_4
 .text.__vector_5
                0x00000000000190ae       0x62 /home/kolja/links/eclipse/Speedmaster/inc/libArduinoCore2560.a(WInterrupts.c.o)
                0x00000000000190ae                __vector_5
 .text.__vector_6
                0x0000000000019110       0x62 /home/kolja/links/eclipse/Speedmaster/inc/libArduinoCore2560.a(WInterrupts.c.o)
                0x0000000000019110                __vector_6
 .text.__vector_7
                0x0000000000019172       0x62 /home/kolja/links/eclipse/Speedmaster/inc/libArduinoCore2560.a(WInterrupts.c.o)
                0x0000000000019172                __vector_7
 .text.__vector_8
                0x00000000000191d4       0x62 /home/kolja/links/eclipse/Speedmaster/inc/libArduinoCore2560.a(WInterrupts.c.o)
                0x00000000000191d4                __vector_8
 .text.__vector_23
                0x0000000000019236       0x90 /home/kolja/links/eclipse/Speedmaster/inc/libArduinoCore2560.a(wiring.c.o)
                0x0000000000019236                __vector_23
 .text.millis   0x00000000000192c6       0x1c /home/kolja/links/eclipse/Speedmaster/inc/libArduinoCore2560.a(wiring.c.o)
                0x00000000000192c6                millis
 .text.micros   0x00000000000192e2       0x4c /home/kolja/links/eclipse/Speedmaster/inc/libArduinoCore2560.a(wiring.c.o)
                0x00000000000192e2                micros
 .text.delay    0x000000000001932e       0x4c /home/kolja/links/eclipse/Speedmaster/inc/libArduinoCore2560.a(wiring.c.o)
                0x000000000001932e                delay
 .text.delayMicroseconds
                0x000000000001937a       0x14 /home/kolja/links/eclipse/Speedmaster/inc/libArduinoCore2560.a(wiring.c.o)
                0x000000000001937a                delayMicroseconds
 .text.init     0x000000000001938e       0xc4 /home/kolja/links/eclipse/Speedmaster/inc/libArduinoCore2560.a(wiring.c.o)
                0x000000000001938e                init
 .text.analogReference
                0x0000000000019452        0x6 /home/kolja/links/eclipse/Speedmaster/inc/libArduinoCore2560.a(wiring_analog.c.o)
                0x0000000000019452                analogReference
 .text.analogRead
                0x0000000000019458       0x68 /home/kolja/links/eclipse/Speedmaster/inc/libArduinoCore2560.a(wiring_analog.c.o)
                0x0000000000019458                analogRead
 .text.analogWrite
                0x00000000000194c0      0x178 /home/kolja/links/eclipse/Speedmaster/inc/libArduinoCore2560.a(wiring_analog.c.o)
                0x00000000000194c0                analogWrite
 .text.pinMode  0x0000000000019638       0x4c /home/kolja/links/eclipse/Speedmaster/inc/libArduinoCore2560.a(wiring_digital.c.o)
                0x0000000000019638                pinMode
 .text.digitalWrite
                0x0000000000019684      0x122 /home/kolja/links/eclipse/Speedmaster/inc/libArduinoCore2560.a(wiring_digital.c.o)
                0x0000000000019684                digitalWrite
 .text.digitalRead
                0x00000000000197a6      0x118 /home/kolja/links/eclipse/Speedmaster/inc/libArduinoCore2560.a(wiring_digital.c.o)
                0x00000000000197a6                digitalRead
 .text._Z10store_charhP11ring_buffer
                0x00000000000198be       0x4e /home/kolja/links/eclipse/Speedmaster/inc/libArduinoCore2560.a(HardwareSerial.cpp.o)
                0x00000000000198be                store_char(unsigned char, ring_buffer*)
 .text.__vector_25
                0x000000000001990c       0x58 /home/kolja/links/eclipse/Speedmaster/inc/libArduinoCore2560.a(HardwareSerial.cpp.o)
                0x000000000001990c                __vector_25
 .text.__vector_51
                0x0000000000019964       0x58 /home/kolja/links/eclipse/Speedmaster/inc/libArduinoCore2560.a(HardwareSerial.cpp.o)
                0x0000000000019964                __vector_51
 .text.__vector_54
                0x00000000000199bc       0x58 /home/kolja/links/eclipse/Speedmaster/inc/libArduinoCore2560.a(HardwareSerial.cpp.o)
                0x00000000000199bc                __vector_54
 .text._ZN14HardwareSerialC2EP11ring_bufferPVhS3_S3_S3_S3_hhhhh
                0x0000000000019a14       0x60 /home/kolja/links/eclipse/Speedmaster/inc/libArduinoCore2560.a(HardwareSerial.cpp.o)
                0x0000000000019a14                HardwareSerial::HardwareSerial(ring_buffer*, unsigned char volatile*, unsigned char volatile*, unsigned char volatile*, unsigned char volatile*, unsigned char volatile*, unsigned char, unsigned char, unsigned char, unsigned char, unsigned char)
 .text._ZN14HardwareSerialC1EP11ring_bufferPVhS3_S3_S3_S3_hhhhh
                0x0000000000019a74       0x60 /home/kolja/links/eclipse/Speedmaster/inc/libArduinoCore2560.a(HardwareSerial.cpp.o)
                0x0000000000019a74                HardwareSerial::HardwareSerial(ring_buffer*, unsigned char volatile*, unsigned char volatile*, unsigned char volatile*, unsigned char volatile*, unsigned char volatile*, unsigned char, unsigned char, unsigned char, unsigned char, unsigned char)
 .text._ZN14HardwareSerial5beginEl
                0x0000000000019ad4      0x1f2 /home/kolja/links/eclipse/Speedmaster/inc/libArduinoCore2560.a(HardwareSerial.cpp.o)
                0x0000000000019ad4                HardwareSerial::begin(long)
 .text._ZN14HardwareSerial3endEv
                0x0000000000019cc6       0x54 /home/kolja/links/eclipse/Speedmaster/inc/libArduinoCore2560.a(HardwareSerial.cpp.o)
                0x0000000000019cc6                HardwareSerial::end()
 .text._ZN14HardwareSerial9availableEv
                0x0000000000019d1a       0x28 /home/kolja/links/eclipse/Speedmaster/inc/libArduinoCore2560.a(HardwareSerial.cpp.o)
                0x0000000000019d1a                HardwareSerial::available()
 .text._ZN14HardwareSerial4peekEv
                0x0000000000019d42       0x34 /home/kolja/links/eclipse/Speedmaster/inc/libArduinoCore2560.a(HardwareSerial.cpp.o)
                0x0000000000019d42                HardwareSerial::peek()
 .text._ZN14HardwareSerial4readEv
                0x0000000000019d76       0x50 /home/kolja/links/eclipse/Speedmaster/inc/libArduinoCore2560.a(HardwareSerial.cpp.o)
                0x0000000000019d76                HardwareSerial::read()
 .text._ZN14HardwareSerial5flushEv
                0x0000000000019dc6       0x18 /home/kolja/links/eclipse/Speedmaster/inc/libArduinoCore2560.a(HardwareSerial.cpp.o)
                0x0000000000019dc6                HardwareSerial::flush()
 .text._ZN14HardwareSerial5writeEh
                0x0000000000019dde       0x26 /home/kolja/links/eclipse/Speedmaster/inc/libArduinoCore2560.a(HardwareSerial.cpp.o)
                0x0000000000019dde                HardwareSerial::write(unsigned char)
 .text._GLOBAL__I_rx_buffer
                0x0000000000019e04      0x13c /home/kolja/links/eclipse/Speedmaster/inc/libArduinoCore2560.a(HardwareSerial.cpp.o)
 .text._ZN5Print5writeEPKc
                0x0000000000019f40       0x30 /home/kolja/links/eclipse/Speedmaster/inc/libArduinoCore2560.a(Print.cpp.o)
                0x0000000000019f40                Print::write(char const*)
 .text._ZN5Print5writeEPKhj
                0x0000000000019f70       0x3e /home/kolja/links/eclipse/Speedmaster/inc/libArduinoCore2560.a(Print.cpp.o)
                0x0000000000019f70                Print::write(unsigned char const*, unsigned int)
 .text._ZN5Print5printEPKc
                0x0000000000019fae       0x10 /home/kolja/links/eclipse/Speedmaster/inc/libArduinoCore2560.a(Print.cpp.o)
                0x0000000000019fae                Print::print(char const*)
 .text._ZN5Print5printERK6String
                0x0000000000019fbe       0x54 /home/kolja/links/eclipse/Speedmaster/inc/libArduinoCore2560.a(Print.cpp.o)
                0x0000000000019fbe                Print::print(String const&)
 .text._ZN5Print11printNumberEmh
                0x000000000001a012      0x134 /home/kolja/links/eclipse/Speedmaster/inc/libArduinoCore2560.a(Print.cpp.o)
                0x000000000001a012                Print::printNumber(unsigned long, unsigned char)
 .text._ZN5Print5printEmi
                0x000000000001a146       0x1e /home/kolja/links/eclipse/Speedmaster/inc/libArduinoCore2560.a(Print.cpp.o)
                0x000000000001a146                Print::print(unsigned long, int)
 .text._ZN5Print5printEji
                0x000000000001a164       0x22 /home/kolja/links/eclipse/Speedmaster/inc/libArduinoCore2560.a(Print.cpp.o)
                0x000000000001a164                Print::print(unsigned int, int)
 .text._ZN5Print5printEhi
                0x000000000001a186       0x24 /home/kolja/links/eclipse/Speedmaster/inc/libArduinoCore2560.a(Print.cpp.o)
                0x000000000001a186                Print::print(unsigned char, int)
 .text._ZN5Print5printEli
                0x000000000001a1aa       0x6c /home/kolja/links/eclipse/Speedmaster/inc/libArduinoCore2560.a(Print.cpp.o)
                0x000000000001a1aa                Print::print(long, int)
 .text._ZN5Print5printEii
                0x000000000001a216       0x26 /home/kolja/links/eclipse/Speedmaster/inc/libArduinoCore2560.a(Print.cpp.o)
                0x000000000001a216                Print::print(int, int)
 .text._ZN5Print5printEci
                0x000000000001a23c       0x28 /home/kolja/links/eclipse/Speedmaster/inc/libArduinoCore2560.a(Print.cpp.o)
                0x000000000001a23c                Print::print(char, int)
 .text._ZN5Print7printlnEv
                0x000000000001a264       0x2e /home/kolja/links/eclipse/Speedmaster/inc/libArduinoCore2560.a(Print.cpp.o)
                0x000000000001a264                Print::println()
 .text._ZN5Print7printlnEmi
                0x000000000001a292       0x16 /home/kolja/links/eclipse/Speedmaster/inc/libArduinoCore2560.a(Print.cpp.o)
                0x000000000001a292                Print::println(unsigned long, int)
 .text._ZN5Print7printlnEji
                0x000000000001a2a8       0x32 /home/kolja/links/eclipse/Speedmaster/inc/libArduinoCore2560.a(Print.cpp.o)
                0x000000000001a2a8                Print::println(unsigned int, int)
 .text._ZN5Print7printlnEhi
                0x000000000001a2da       0x34 /home/kolja/links/eclipse/Speedmaster/inc/libArduinoCore2560.a(Print.cpp.o)
                0x000000000001a2da                Print::println(unsigned char, int)
 .text._ZN5Print7printlnEPKc
                0x000000000001a30e       0x16 /home/kolja/links/eclipse/Speedmaster/inc/libArduinoCore2560.a(Print.cpp.o)
                0x000000000001a30e                Print::println(char const*)
 .text._ZN5Print7printlnERK6String
                0x000000000001a324       0x16 /home/kolja/links/eclipse/Speedmaster/inc/libArduinoCore2560.a(Print.cpp.o)
                0x000000000001a324                Print::println(String const&)
 .text._ZN5Print7printlnEli
                0x000000000001a33a       0x16 /home/kolja/links/eclipse/Speedmaster/inc/libArduinoCore2560.a(Print.cpp.o)
                0x000000000001a33a                Print::println(long, int)
 .text._ZN5Print7printlnEii
                0x000000000001a350       0x36 /home/kolja/links/eclipse/Speedmaster/inc/libArduinoCore2560.a(Print.cpp.o)
                0x000000000001a350                Print::println(int, int)
 .text._ZN5Print7printlnEci
                0x000000000001a386       0x38 /home/kolja/links/eclipse/Speedmaster/inc/libArduinoCore2560.a(Print.cpp.o)
                0x000000000001a386                Print::println(char, int)
 .text._ZN5Print10printFloatEdh
                0x000000000001a3be      0x118 /home/kolja/links/eclipse/Speedmaster/inc/libArduinoCore2560.a(Print.cpp.o)
                0x000000000001a3be                Print::printFloat(double, unsigned char)
 .text._ZN5Print5printEdi
                0x000000000001a4d6        0x6 /home/kolja/links/eclipse/Speedmaster/inc/libArduinoCore2560.a(Print.cpp.o)
                0x000000000001a4d6                Print::print(double, int)
 .text._ZN5Print7printlnEdi
                0x000000000001a4dc       0x16 /home/kolja/links/eclipse/Speedmaster/inc/libArduinoCore2560.a(Print.cpp.o)
                0x000000000001a4dc                Print::println(double, int)
 .text._ZNK6String6charAtEj
                0x000000000001a4f2       0x10 /home/kolja/links/eclipse/Speedmaster/inc/libArduinoCore2560.a(WString.cpp.o)
                0x000000000001a4f2                String::charAt(unsigned int) const
 .text._ZN6String9setCharAtEjc
                0x000000000001a502       0x22 /home/kolja/links/eclipse/Speedmaster/inc/libArduinoCore2560.a(WString.cpp.o)
                0x000000000001a502                String::setCharAt(unsigned int, char)
 .text._ZN6StringixEj
                0x000000000001a524       0x2a /home/kolja/links/eclipse/Speedmaster/inc/libArduinoCore2560.a(WString.cpp.o)
                0x000000000001a524                String::operator[](unsigned int)
 .text._ZNK6StringixEj
                0x000000000001a54e       0x10 /home/kolja/links/eclipse/Speedmaster/inc/libArduinoCore2560.a(WString.cpp.o)
                0x000000000001a54e                String::operator[](unsigned int) const
 .text._ZN6String11toCharArrayEPcj
                0x000000000001a55e       0x44 /home/kolja/links/eclipse/Speedmaster/inc/libArduinoCore2560.a(WString.cpp.o)
                0x000000000001a55e                String::toCharArray(char*, unsigned int)
 .text._ZN6String8getBytesEPhj
                0x000000000001a5a2       0x44 /home/kolja/links/eclipse/Speedmaster/inc/libArduinoCore2560.a(WString.cpp.o)
                0x000000000001a5a2                String::getBytes(unsigned char*, unsigned int)
 .text._ZN6StringD1Ev
                0x000000000001a5e6       0x20 /home/kolja/links/eclipse/Speedmaster/inc/libArduinoCore2560.a(WString.cpp.o)
                0x000000000001a5e6                String::~String()
 .text._ZNK6String10startsWithERKS_j
                0x000000000001a606       0x3c /home/kolja/links/eclipse/Speedmaster/inc/libArduinoCore2560.a(WString.cpp.o)
                0x000000000001a606                String::startsWith(String const&, unsigned int) const
 .text._ZNK6String10startsWithERKS_
                0x000000000001a642       0x26 /home/kolja/links/eclipse/Speedmaster/inc/libArduinoCore2560.a(WString.cpp.o)
                0x000000000001a642                String::startsWith(String const&) const
 .text._ZNK6String11lastIndexOfEcj
                0x000000000001a668       0x6e /home/kolja/links/eclipse/Speedmaster/inc/libArduinoCore2560.a(WString.cpp.o)
                0x000000000001a668                String::lastIndexOf(char, unsigned int) const
 .text._ZNK6String11lastIndexOfEc
                0x000000000001a6d6       0x10 /home/kolja/links/eclipse/Speedmaster/inc/libArduinoCore2560.a(WString.cpp.o)
                0x000000000001a6d6                String::lastIndexOf(char) const
 .text._ZNK6String7indexOfERKS_j
                0x000000000001a6e6       0x3c /home/kolja/links/eclipse/Speedmaster/inc/libArduinoCore2560.a(WString.cpp.o)
                0x000000000001a6e6                String::indexOf(String const&, unsigned int) const
 .text._ZNK6String7indexOfERKS_
                0x000000000001a722        0xa /home/kolja/links/eclipse/Speedmaster/inc/libArduinoCore2560.a(WString.cpp.o)
                0x000000000001a722                String::indexOf(String const&) const
 .text._ZNK6String7indexOfEcj
                0x000000000001a72c       0x3c /home/kolja/links/eclipse/Speedmaster/inc/libArduinoCore2560.a(WString.cpp.o)
                0x000000000001a72c                String::indexOf(char, unsigned int) const
 .text._ZNK6String7indexOfEc
                0x000000000001a768        0xa /home/kolja/links/eclipse/Speedmaster/inc/libArduinoCore2560.a(WString.cpp.o)
                0x000000000001a768                String::indexOf(char) const
 .text._ZNK6String6equalsERKS_
                0x000000000001a772       0x32 /home/kolja/links/eclipse/Speedmaster/inc/libArduinoCore2560.a(WString.cpp.o)
                0x000000000001a772                String::equals(String const&) const
 .text._ZNK6String8endsWithERKS_
                0x000000000001a7a4       0x3a /home/kolja/links/eclipse/Speedmaster/inc/libArduinoCore2560.a(WString.cpp.o)
                0x000000000001a7a4                String::endsWith(String const&) const
 .text._ZNK6StringgeERKS_
                0x000000000001a7de       0x28 /home/kolja/links/eclipse/Speedmaster/inc/libArduinoCore2560.a(WString.cpp.o)
                0x000000000001a7de                String::operator>=(String const&) const
 .text._ZNK6StringleERKS_
                0x000000000001a806       0x22 /home/kolja/links/eclipse/Speedmaster/inc/libArduinoCore2560.a(WString.cpp.o)
                0x000000000001a806                String::operator<=(String const&) const
 .text._ZNK6StringgtERKS_
                0x000000000001a828       0x22 /home/kolja/links/eclipse/Speedmaster/inc/libArduinoCore2560.a(WString.cpp.o)
                0x000000000001a828                String::operator>(String const&) const
 .text._ZNK6StringltERKS_
                0x000000000001a84a       0x24 /home/kolja/links/eclipse/Speedmaster/inc/libArduinoCore2560.a(WString.cpp.o)
                0x000000000001a84a                String::operator<(String const&) const
 .text._ZNK6StringneERKS_
                0x000000000001a86e       0x30 /home/kolja/links/eclipse/Speedmaster/inc/libArduinoCore2560.a(WString.cpp.o)
                0x000000000001a86e                String::operator!=(String const&) const
 .text._ZNK6StringeqERKS_
                0x000000000001a89e       0x34 /home/kolja/links/eclipse/Speedmaster/inc/libArduinoCore2560.a(WString.cpp.o)
                0x000000000001a89e                String::operator==(String const&) const
 .text._ZNK6String9compareToERKS_
                0x000000000001a8d2       0x12 /home/kolja/links/eclipse/Speedmaster/inc/libArduinoCore2560.a(WString.cpp.o)
                0x000000000001a8d2                String::compareTo(String const&) const
 .text._ZN6String9getBufferEj
                0x000000000001a8e4       0x28 /home/kolja/links/eclipse/Speedmaster/inc/libArduinoCore2560.a(WString.cpp.o)
                0x000000000001a8e4                String::getBuffer(unsigned int)
 .text._ZN6StringpLERKS_
                0x000000000001a90c       0x6c /home/kolja/links/eclipse/Speedmaster/inc/libArduinoCore2560.a(WString.cpp.o)
                0x000000000001a90c                String::operator+=(String const&)
 .text._ZN6String6concatERKS_
                0x000000000001a978        0x6 /home/kolja/links/eclipse/Speedmaster/inc/libArduinoCore2560.a(WString.cpp.o)
                0x000000000001a978                String::concat(String const&)
 .text._ZN6StringaSERKS_
                0x000000000001a97e       0x60 /home/kolja/links/eclipse/Speedmaster/inc/libArduinoCore2560.a(WString.cpp.o)
                0x000000000001a97e                String::operator=(String const&)
 .text._ZN6StringC1Eh
                0x000000000001a9de       0x34 /home/kolja/links/eclipse/Speedmaster/inc/libArduinoCore2560.a(WString.cpp.o)
                0x000000000001a9de                String::String(unsigned char)
 .text._ZN6StringC2Eh
                0x000000000001aa12       0x34 /home/kolja/links/eclipse/Speedmaster/inc/libArduinoCore2560.a(WString.cpp.o)
                0x000000000001aa12                String::String(unsigned char)
 .text._ZN6StringC1Ec
                0x000000000001aa46       0x34 /home/kolja/links/eclipse/Speedmaster/inc/libArduinoCore2560.a(WString.cpp.o)
                0x000000000001aa46                String::String(char)
 .text._ZN6StringC2Ec
                0x000000000001aa7a       0x34 /home/kolja/links/eclipse/Speedmaster/inc/libArduinoCore2560.a(WString.cpp.o)
                0x000000000001aa7a                String::String(char)
 .text._ZN6StringC1ERKS_
                0x000000000001aaae       0x36 /home/kolja/links/eclipse/Speedmaster/inc/libArduinoCore2560.a(WString.cpp.o)
                0x000000000001aaae                String::String(String const&)
 .text._ZN6StringC2ERKS_
                0x000000000001aae4       0x36 /home/kolja/links/eclipse/Speedmaster/inc/libArduinoCore2560.a(WString.cpp.o)
                0x000000000001aae4                String::String(String const&)
 .text._ZN6StringC1Emi
                0x000000000001ab1a       0x7e /home/kolja/links/eclipse/Speedmaster/inc/libArduinoCore2560.a(WString.cpp.o)
                0x000000000001ab1a                String::String(unsigned long, int)
 .text._ZN6StringC2Emi
                0x000000000001ab98       0x7e /home/kolja/links/eclipse/Speedmaster/inc/libArduinoCore2560.a(WString.cpp.o)
                0x000000000001ab98                String::String(unsigned long, int)
 .text._ZN6StringC1Eji
                0x000000000001ac16       0x7c /home/kolja/links/eclipse/Speedmaster/inc/libArduinoCore2560.a(WString.cpp.o)
                0x000000000001ac16                String::String(unsigned int, int)
 .text._ZN6StringC2Eji
                0x000000000001ac92       0x7c /home/kolja/links/eclipse/Speedmaster/inc/libArduinoCore2560.a(WString.cpp.o)
                0x000000000001ac92                String::String(unsigned int, int)
 .text._ZN6StringC1EPKc
                0x000000000001ad0e       0x50 /home/kolja/links/eclipse/Speedmaster/inc/libArduinoCore2560.a(WString.cpp.o)
                0x000000000001ad0e                String::String(char const*)
 .text._ZNK6String11toUpperCaseEv
                0x000000000001ad5e       0x76 /home/kolja/links/eclipse/Speedmaster/inc/libArduinoCore2560.a(WString.cpp.o)
                0x000000000001ad5e                String::toUpperCase() const
 .text._ZNK6String11toLowerCaseEv
                0x000000000001add4       0x76 /home/kolja/links/eclipse/Speedmaster/inc/libArduinoCore2560.a(WString.cpp.o)
                0x000000000001add4                String::toLowerCase() const
 .text._ZNK6String16equalsIgnoreCaseERKS_
                0x000000000001ae4a       0x98 /home/kolja/links/eclipse/Speedmaster/inc/libArduinoCore2560.a(WString.cpp.o)
                0x000000000001ae4a                String::equalsIgnoreCase(String const&) const
 .text._ZNK6String9substringEjj
                0x000000000001aee2       0x6e /home/kolja/links/eclipse/Speedmaster/inc/libArduinoCore2560.a(WString.cpp.o)
                0x000000000001aee2                String::substring(unsigned int, unsigned int) const
 .text._ZNK6String9substringEj
                0x000000000001af50       0x18 /home/kolja/links/eclipse/Speedmaster/inc/libArduinoCore2560.a(WString.cpp.o)
                0x000000000001af50                String::substring(unsigned int) const
 .text._ZNK6String11lastIndexOfERKS_j
                0x000000000001af68       0xc8 /home/kolja/links/eclipse/Speedmaster/inc/libArduinoCore2560.a(WString.cpp.o)
                0x000000000001af68                String::lastIndexOf(String const&, unsigned int) const
 .text._ZNK6String11lastIndexOfERKS_
                0x000000000001b030       0x1c /home/kolja/links/eclipse/Speedmaster/inc/libArduinoCore2560.a(WString.cpp.o)
                0x000000000001b030                String::lastIndexOf(String const&) const
 .text._ZNK6String4trimEv
                0x000000000001b04c       0xdc /home/kolja/links/eclipse/Speedmaster/inc/libArduinoCore2560.a(WString.cpp.o)
                0x000000000001b04c                String::trim() const
 .text._ZN6String7replaceERKS_S1_
                0x000000000001b128      0x136 /home/kolja/links/eclipse/Speedmaster/inc/libArduinoCore2560.a(WString.cpp.o)
                0x000000000001b128                String::replace(String const&, String const&)
 .text._ZN6String7replaceEcc
                0x000000000001b25e       0x86 /home/kolja/links/eclipse/Speedmaster/inc/libArduinoCore2560.a(WString.cpp.o)
                0x000000000001b25e                String::replace(char, char)
 .text._ZN6StringC2EPKc
                0x000000000001b2e4       0x50 /home/kolja/links/eclipse/Speedmaster/inc/libArduinoCore2560.a(WString.cpp.o)
                0x000000000001b2e4                String::String(char const*)
 .text._ZN6StringC1Eli
                0x000000000001b334       0x7a /home/kolja/links/eclipse/Speedmaster/inc/libArduinoCore2560.a(WString.cpp.o)
                0x000000000001b334                String::String(long, int)
 .text._ZN6StringC2Eli
                0x000000000001b3ae       0x7a /home/kolja/links/eclipse/Speedmaster/inc/libArduinoCore2560.a(WString.cpp.o)
                0x000000000001b3ae                String::String(long, int)
 .text._ZN6StringC1Eii
                0x000000000001b428       0x78 /home/kolja/links/eclipse/Speedmaster/inc/libArduinoCore2560.a(WString.cpp.o)
                0x000000000001b428                String::String(int, int)
 .text._ZN6StringC2Eii
                0x000000000001b4a0       0x78 /home/kolja/links/eclipse/Speedmaster/inc/libArduinoCore2560.a(WString.cpp.o)
                0x000000000001b4a0                String::String(int, int)
 .text.avr-libc
                0x000000000001b518      0x20a /usr/lib/gcc/avr/4.3.5/../../../avr/lib/avr6/libc.a(malloc.o)
                0x000000000001b518                malloc
                0x000000000001b672                free
 .text.avr-libc
                0x000000000001b722        0x6 /usr/lib/gcc/avr/4.3.5/../../../avr/lib/avr6/libc.a(exit.o)
                0x000000000001b722                exit
 .text.avr-libc
                0x000000000001b728       0x12 /usr/lib/gcc/avr/4.3.5/../../../avr/lib/avr6/libc.a(isalpha.o)
                0x000000000001b728                isupper
                0x000000000001b72c                isalpha
                0x000000000001b72e                islower
 .text.avr-libc
                0x000000000001b73a       0x10 /usr/lib/gcc/avr/4.3.5/../../../avr/lib/avr6/libc.a(isspace.o)
                0x000000000001b73a                isspace
 .text.avr-libc
                0x000000000001b74a       0x10 /usr/lib/gcc/avr/4.3.5/../../../avr/lib/avr6/libc.a(tolower.o)
                0x000000000001b74a                tolower
 .text.avr-libc
                0x000000000001b75a       0x10 /usr/lib/gcc/avr/4.3.5/../../../avr/lib/avr6/libc.a(toupper.o)
                0x000000000001b75a                toupper
 .text.avr-libc
                0x000000000001b76a       0x12 /usr/lib/gcc/avr/4.3.5/../../../avr/lib/avr6/libc.a(strcmp_P.o)
                0x000000000001b76a                strcmp_P
 .text.avr-libc
                0x000000000001b77c        0xe /usr/lib/gcc/avr/4.3.5/../../../avr/lib/avr6/libc.a(strcpy_P.o)
                0x000000000001b77c                strcpy_P
 .text.avr-libc
                0x000000000001b78a       0x12 /usr/lib/gcc/avr/4.3.5/../../../avr/lib/avr6/libc.a(strlen_P.o)
                0x000000000001b78a                strlen_P
 .text.avr-libc
                0x000000000001b79c       0x1a /usr/lib/gcc/avr/4.3.5/../../../avr/lib/avr6/libc.a(memcmp.o)
                0x000000000001b79c                memcmp
 .text.avr-libc
                0x000000000001b7b6       0x12 /usr/lib/gcc/avr/4.3.5/../../../avr/lib/avr6/libc.a(memcpy.o)
                0x000000000001b7b6                memcpy
 .text.avr-libc
                0x000000000001b7c8        0xe /usr/lib/gcc/avr/4.3.5/../../../avr/lib/avr6/libc.a(memset.o)
                0x000000000001b7c8                memset
 .text.avr-libc
                0x000000000001b7d6       0x16 /usr/lib/gcc/avr/4.3.5/../../../avr/lib/avr6/libc.a(strcat.o)
                0x000000000001b7d6                strcat
 .text.avr-libc
                0x000000000001b7ec       0x16 /usr/lib/gcc/avr/4.3.5/../../../avr/lib/avr6/libc.a(strchr.o)
                0x000000000001b7ec                strchr
 .text.avr-libc
                0x000000000001b802       0x12 /usr/lib/gcc/avr/4.3.5/../../../avr/lib/avr6/libc.a(strcmp.o)
                0x000000000001b802                strcmp
 .text.avr-libc
                0x000000000001b814        0xe /usr/lib/gcc/avr/4.3.5/../../../avr/lib/avr6/libc.a(strcpy.o)
                0x000000000001b814                strcpy
 .text.avr-libc
                0x000000000001b822       0x1c /usr/lib/gcc/avr/4.3.5/../../../avr/lib/avr6/libc.a(strncmp.o)
                0x000000000001b822                strncmp
 .text.avr-libc
                0x000000000001b83e       0x1e /usr/lib/gcc/avr/4.3.5/../../../avr/lib/avr6/libc.a(strncpy.o)
                0x000000000001b83e                strncpy
 .text.avr-libc
                0x000000000001b85c       0x16 /usr/lib/gcc/avr/4.3.5/../../../avr/lib/avr6/libc.a(strrchr.o)
                0x000000000001b85c                strrchr
 .text.avr-libc
                0x000000000001b872       0x34 /usr/lib/gcc/avr/4.3.5/../../../avr/lib/avr6/libc.a(strstr.o)
                0x000000000001b872                strstr
 .text.avr-libc
                0x000000000001b8a6       0x42 /usr/lib/gcc/avr/4.3.5/../../../avr/lib/avr6/libc.a(itoa.o)
                0x000000000001b8a6                itoa
 .text.avr-libc
                0x000000000001b8e8       0x68 /usr/lib/gcc/avr/4.3.5/../../../avr/lib/avr6/libc.a(ltoa.o)
                0x000000000001b8e8                ltoa
 .text.avr-libc
                0x000000000001b950       0x4a /usr/lib/gcc/avr/4.3.5/../../../avr/lib/avr6/libc.a(ultoa.o)
                0x000000000001b950                ultoa
 .text.avr-libc
                0x000000000001b99a       0x62 /usr/lib/gcc/avr/4.3.5/../../../avr/lib/avr6/libc.a(sprintf.o)
                0x000000000001b99a                sprintf
 .text.avr-libc.fplib
                0x000000000001b9fc        0xa /usr/lib/gcc/avr/4.3.5/../../../avr/lib/avr6/libc.a(addsf3.o)
                0x000000000001b9fc                __subsf3
                0x000000000001b9fe                __addsf3
 .text.avr-libc.fplib
                0x000000000001ba06       0xc0 /usr/lib/gcc/avr/4.3.5/../../../avr/lib/avr6/libc.a(addsf3x.o)
                0x000000000001ba20                __addsf3x
 .text.avr-libc.fplib
                0x000000000001bac6       0x2e /usr/lib/gcc/avr/4.3.5/../../../avr/lib/avr6/libc.a(asin.o)
                0x000000000001bac6                asin
 .text.avr-libc.fplib
                0x000000000001baf4        0x8 /usr/lib/gcc/avr/4.3.5/../../../avr/lib/avr6/libc.a(cmpsf2.o)
                0x000000000001baf4                __lesf2
                0x000000000001baf4                __nesf2
                0x000000000001baf4                __eqsf2
                0x000000000001baf4                __cmpsf2
                0x000000000001baf4                __ltsf2
 .text.avr-libc.fplib
                0x000000000001bafc        0x6 /usr/lib/gcc/avr/4.3.5/../../../avr/lib/avr6/libc.a(cos.o)
                0x000000000001bafc                cos
 .text.avr-libc.fplib
                0x000000000001bb02        0x4 /usr/lib/gcc/avr/4.3.5/../../../avr/lib/avr6/libc.a(divsf3.o)
                0x000000000001bb02                __divsf3
 .text.avr-libc.fplib
                0x000000000001bb06       0xcc /usr/lib/gcc/avr/4.3.5/../../../avr/lib/avr6/libc.a(divsf3x.o)
                0x000000000001bb1c                __divsf3x
                0x000000000001bb20                __divsf3_pse
 .text.avr-libc.fplib
                0x000000000001bbd2        0xa /usr/lib/gcc/avr/4.3.5/../../../avr/lib/avr6/libc.a(fixsfsi.o)
                0x000000000001bbd2                __fixsfsi
 .text.avr-libc.fplib
                0x000000000001bbdc       0x58 /usr/lib/gcc/avr/4.3.5/../../../avr/lib/avr6/libc.a(fixunssfsi.o)
                0x000000000001bbdc                __fixunssfsi
 .text.avr-libc.fplib
                0x000000000001bc34       0x7a /usr/lib/gcc/avr/4.3.5/../../../avr/lib/avr6/libc.a(floatsisf.o)
                0x000000000001bc34                __floatunsisf
                0x000000000001bc38                __floatsisf
 .text.avr-libc.fplib
                0x000000000001bcae       0x26 /usr/lib/gcc/avr/4.3.5/../../../avr/lib/avr6/libc.a(floor.o)
                0x000000000001bcae                floor
 .text.avr-libc.fplib
                0x000000000001bcd4       0x36 /usr/lib/gcc/avr/4.3.5/../../../avr/lib/avr6/libc.a(fp_arccos.o)
                0x000000000001bcd4                __fp_arccos
 .text.avr-libc.fplib
                0x000000000001bd0a       0x48 /usr/lib/gcc/avr/4.3.5/../../../avr/lib/avr6/libc.a(fp_cmp.o)
                0x000000000001bd0a                __fp_cmp
 .text.avr-libc.fplib
                0x000000000001bd52        0xc /usr/lib/gcc/avr/4.3.5/../../../avr/lib/avr6/libc.a(fp_inf.o)
                0x000000000001bd52                __fp_inf
 .text.avr-libc.fplib
                0x000000000001bd5e       0x36 /usr/lib/gcc/avr/4.3.5/../../../avr/lib/avr6/libc.a(fp_mintl.o)
                0x000000000001bd5e                __fp_mintl
 .text.avr-libc.fplib
                0x000000000001bd94       0x1c /usr/lib/gcc/avr/4.3.5/../../../avr/lib/avr6/libc.a(fp_mpack.o)
                0x000000000001bd94                __fp_mpack
                0x000000000001bd98                __fp_mpack_finite
 .text.avr-libc.fplib
                0x000000000001bdb0        0x6 /usr/lib/gcc/avr/4.3.5/../../../avr/lib/avr6/libc.a(fp_nan.o)
                0x000000000001bdb0                __fp_nan
 .text.avr-libc.fplib
                0x000000000001bdb6       0x4a /usr/lib/gcc/avr/4.3.5/../../../avr/lib/avr6/libc.a(fp_powser.o)
                0x000000000001bdb6                __fp_powser
 .text.avr-libc.fplib
                0x000000000001be00       0x22 /usr/lib/gcc/avr/4.3.5/../../../avr/lib/avr6/libc.a(fp_powsodd.o)
                0x000000000001be00                __fp_powsodd
 .text.avr-libc.fplib
                0x000000000001be22        0xe /usr/lib/gcc/avr/4.3.5/../../../avr/lib/avr6/libc.a(fp_pscA.o)
                0x000000000001be22                __fp_pscA
 .text.avr-libc.fplib
                0x000000000001be30        0xe /usr/lib/gcc/avr/4.3.5/../../../avr/lib/avr6/libc.a(fp_pscB.o)
                0x000000000001be30                __fp_pscB
 .text.avr-libc.fplib
                0x000000000001be3e       0x50 /usr/lib/gcc/avr/4.3.5/../../../avr/lib/avr6/libc.a(fp_rempio2.o)
                0x000000000001be40                __fp_rempio2
 .text.avr-libc.fplib
                0x000000000001be8e       0x22 /usr/lib/gcc/avr/4.3.5/../../../avr/lib/avr6/libc.a(fp_round.o)
                0x000000000001be8e                __fp_round
 .text.avr-libc.fplib
                0x000000000001beb0       0x22 /usr/lib/gcc/avr/4.3.5/../../../avr/lib/avr6/libc.a(fp_sinus.o)