Archive member included because of file (symbol)

/home/jkw/Store/17 - Speedmaster/Firmware/inc/libArduinoCore2560.a(WInterrupts.c.o)
                              ./dz.o (attachInterrupt)
/home/jkw/Store/17 - Speedmaster/Firmware/inc/libArduinoCore2560.a(wiring.c.o)
                              ./blinker.o (millis)
/home/jkw/Store/17 - Speedmaster/Firmware/inc/libArduinoCore2560.a(wiring_analog.c.o)
                              ./temperature.o (analogRead)
/home/jkw/Store/17 - Speedmaster/Firmware/inc/libArduinoCore2560.a(wiring_digital.c.o)
                              ./blinker.o (pinMode)
/home/jkw/Store/17 - Speedmaster/Firmware/inc/libArduinoCore2560.a(HardwareSerial.cpp.o)
                              ./main.o (_ZN14HardwareSerial5beginEl)
/home/jkw/Store/17 - Speedmaster/Firmware/inc/libArduinoCore2560.a(Print.cpp.o)
                              /home/jkw/Store/17 - Speedmaster/Firmware/inc/libArduinoCore2560.a(HardwareSerial.cpp.o) (_ZN5Print5writeEPKc)
/home/jkw/Store/17 - Speedmaster/Firmware/inc/libArduinoCore2560.a(WString.cpp.o)
                              /home/jkw/Store/17 - Speedmaster/Firmware/inc/libArduinoCore2560.a(Print.cpp.o) (_ZNK6StringixEj)
/usr/lib/gcc/avr/4.5.3/../../../avr/lib/avr6/libc.a(malloc.o)
                              ./config.o (malloc)
/usr/lib/gcc/avr/4.5.3/../../../avr/lib/avr6/libc.a(exit.o)
                              /usr/lib/gcc/avr/4.5.3/../../../avr/lib/avr6/crtm2560.o (exit)
/usr/lib/gcc/avr/4.5.3/../../../avr/lib/avr6/libc.a(isalpha.o)
                              ./inc/istream.o (isupper)
/usr/lib/gcc/avr/4.5.3/../../../avr/lib/avr6/libc.a(isspace.o)
                              ./inc/istream.o (isspace)
/usr/lib/gcc/avr/4.5.3/../../../avr/lib/avr6/libc.a(tolower.o)
                              /home/jkw/Store/17 - Speedmaster/Firmware/inc/libArduinoCore2560.a(WString.cpp.o) (tolower)
/usr/lib/gcc/avr/4.5.3/../../../avr/lib/avr6/libc.a(toupper.o)
                              /home/jkw/Store/17 - Speedmaster/Firmware/inc/libArduinoCore2560.a(WString.cpp.o) (toupper)
/usr/lib/gcc/avr/4.5.3/../../../avr/lib/avr6/libc.a(strcmp_P.o)
                              ./config.o (strcmp_P)
/usr/lib/gcc/avr/4.5.3/../../../avr/lib/avr6/libc.a(strcpy_P.o)
                              ./config.o (strcpy_P)
/usr/lib/gcc/avr/4.5.3/../../../avr/lib/avr6/libc.a(strlen_P.o)
                              ./inc/ostream.o (strlen_P)
/usr/lib/gcc/avr/4.5.3/../../../avr/lib/avr6/libc.a(memcmp.o)
                              ./inc/SdFile.o (memcmp)
/usr/lib/gcc/avr/4.5.3/../../../avr/lib/avr6/libc.a(memcpy.o)
                              ./inc/SdFile.o (memcpy)
/usr/lib/gcc/avr/4.5.3/../../../avr/lib/avr6/libc.a(memset.o)
                              ./gps.o (memset)
/usr/lib/gcc/avr/4.5.3/../../../avr/lib/avr6/libc.a(strcat.o)
                              /home/jkw/Store/17 - Speedmaster/Firmware/inc/libArduinoCore2560.a(WString.cpp.o) (strcat)
/usr/lib/gcc/avr/4.5.3/../../../avr/lib/avr6/libc.a(strchr.o)
                              ./inc/SdFile.o (strchr)
/usr/lib/gcc/avr/4.5.3/../../../avr/lib/avr6/libc.a(strcmp.o)
                              ./config.o (strcmp)
/usr/lib/gcc/avr/4.5.3/../../../avr/lib/avr6/libc.a(strcpy.o)
                              ./config.o (strcpy)
/usr/lib/gcc/avr/4.5.3/../../../avr/lib/avr6/libc.a(strncmp.o)
                              ./config.o (strncmp)
/usr/lib/gcc/avr/4.5.3/../../../avr/lib/avr6/libc.a(strncpy.o)
                              /home/jkw/Store/17 - Speedmaster/Firmware/inc/libArduinoCore2560.a(WString.cpp.o) (strncpy)
/usr/lib/gcc/avr/4.5.3/../../../avr/lib/avr6/libc.a(strrchr.o)
                              /home/jkw/Store/17 - Speedmaster/Firmware/inc/libArduinoCore2560.a(WString.cpp.o) (strrchr)
/usr/lib/gcc/avr/4.5.3/../../../avr/lib/avr6/libc.a(strstr.o)
                              /home/jkw/Store/17 - Speedmaster/Firmware/inc/libArduinoCore2560.a(WString.cpp.o) (strstr)
/usr/lib/gcc/avr/4.5.3/../../../avr/lib/avr6/libc.a(itoa.o)
                              /home/jkw/Store/17 - Speedmaster/Firmware/inc/libArduinoCore2560.a(WString.cpp.o) (itoa)
/usr/lib/gcc/avr/4.5.3/../../../avr/lib/avr6/libc.a(ltoa.o)
                              /home/jkw/Store/17 - Speedmaster/Firmware/inc/libArduinoCore2560.a(WString.cpp.o) (ltoa)
/usr/lib/gcc/avr/4.5.3/../../../avr/lib/avr6/libc.a(ultoa.o)
                              /home/jkw/Store/17 - Speedmaster/Firmware/inc/libArduinoCore2560.a(WString.cpp.o) (ultoa)
/usr/lib/gcc/avr/4.5.3/../../../avr/lib/avr6/libc.a(sprintf.o)
                              ./clock_me.o (sprintf)
/usr/lib/gcc/avr/4.5.3/../../../avr/lib/avr6/libc.a(addsf3.o)
                              ./config.o (__subsf3)
/usr/lib/gcc/avr/4.5.3/../../../avr/lib/avr6/libc.a(addsf3x.o)
                              /usr/lib/gcc/avr/4.5.3/../../../avr/lib/avr6/libc.a(addsf3.o) (__addsf3x)
/usr/lib/gcc/avr/4.5.3/../../../avr/lib/avr6/libc.a(asin.o)
                              ./gps.o (asin)
[...]
Memory Configuration

Name             Origin             Length             Attributes
text             0x0000000000000000 0x0000000000100000 xr
data             0x0000000000800200 0x000000000000fe00 rw !x
eeprom           0x0000000000810000 0x0000000000010000 rw !x
fuse             0x0000000000820000 0x0000000000000400 rw !x
lock             0x0000000000830000 0x0000000000000400 rw !x
signature        0x0000000000840000 0x0000000000000400 rw !x
*default*        0x0000000000000000 0xffffffffffffffff

Linker script and memory map

Address of section .data set to 0x800200
LOAD /usr/lib/gcc/avr/4.5.3/../../../avr/lib/avr6/crtm2560.o
LOAD ./blinker.o
LOAD ./clock_me.o
LOAD ./config.o
LOAD ./debug.o
LOAD ./display.o
LOAD ./dz.o
LOAD ./file_manager.o
LOAD ./fuel.o
LOAD ./gear.o
LOAD ./gps.o
LOAD ./helper.o
LOAD ./main.o
LOAD ./menu.o
LOAD ./oiler.o
LOAD ./reset.o
LOAD ./sd.o
LOAD ./sensors.o
LOAD ./speed.o
LOAD ./speedo.o
LOAD ./sprint.o
LOAD ./temperature.o
LOAD ./timer.o
LOAD ./inc/EEPROM.o
LOAD ./inc/Sd2Card.o
LOAD ./inc/SdFat.o
LOAD ./inc/SdFatUtil.o
LOAD ./inc/SdFile.o
LOAD ./inc/SdStream.o
LOAD ./inc/SdVolume.o
LOAD ./inc/Wire.o
LOAD ./inc/istream.o
LOAD ./inc/ostream.o
LOAD ./inc/pins_arduino.o
LOAD ./inc/ssd0323.o
LOAD ./inc/twi.o
LOAD /home/jkw/Store/17 - Speedmaster/Firmware/inc/libArduinoCore2560.a
LOAD /usr/lib/gcc/avr/4.5.3/../../../avr/lib/avr6/libc.a
LOAD /usr/lib/gcc/avr/4.5.3/avr6/libgcc.a
LOAD /usr/lib/gcc/avr/4.5.3/../../../avr/lib/avr6/libm.a
LOAD /usr/lib/gcc/avr/4.5.3/../../../avr/lib/avr6/libc.a
LOAD /usr/lib/gcc/avr/4.5.3/avr6/libgcc.a
LOAD /usr/lib/gcc/avr/4.5.3/../../../avr/lib/avr6/libc.a
LOAD /usr/lib/gcc/avr/4.5.3/avr6/libgcc.a

.hash
 *(.hash)

.dynsym
 *(.dynsym)

.dynstr
 *(.dynstr)

.gnu.version
 *(.gnu.version)

.gnu.version_d
 *(.gnu.version_d)

.gnu.version_r
 *(.gnu.version_r)

.rel.init
 *(.rel.init)

.rela.init
 *(.rela.init)

.rel.text
 *(.rel.text)
 *(.rel.text.*)
 *(.rel.gnu.linkonce.t*)

.rela.text
 *(.rela.text)
 *(.rela.text.*)
 *(.rela.gnu.linkonce.t*)

.rel.fini
 *(.rel.fini)

.rela.fini
 *(.rela.fini)

.rel.rodata
 *(.rel.rodata)
 *(.rel.rodata.*)
 *(.rel.gnu.linkonce.r*)

.rela.rodata
 *(.rela.rodata)
 *(.rela.rodata.*)
 *(.rela.gnu.linkonce.r*)

.rel.data
 *(.rel.data)
 *(.rel.data.*)
 *(.rel.gnu.linkonce.d*)

.rela.data
 *(.rela.data)
 *(.rela.data.*)
 *(.rela.gnu.linkonce.d*)

.rel.ctors
 *(.rel.ctors)

.rela.ctors
 *(.rela.ctors)

.rel.dtors
 *(.rel.dtors)

.rela.dtors
 *(.rela.dtors)

.rel.got
 *(.rel.got)

.rela.got
 *(.rela.got)

.rel.bss
 *(.rel.bss)

.rela.bss
 *(.rela.bss)

.rel.plt
 *(.rel.plt)

.rela.plt
 *(.rela.plt)

.text           0x0000000000000000    0x1c658
 *(.vectors)
 .vectors       0x0000000000000000       0xe4 /usr/lib/gcc/avr/4.5.3/../../../avr/lib/avr6/crtm2560.o
                0x0000000000000000                __vectors
                0x0000000000000000                __vector_default
 *(.vectors)
 *(.progmem.gcc*)
 .progmem.gcc_fplib
                0x00000000000000e4       0x14 /usr/lib/gcc/avr/4.5.3/../../../avr/lib/avr6/libc.a(asin.o)
 .progmem.gcc_fplib
                0x00000000000000f8       0x28 /usr/lib/gcc/avr/4.5.3/../../../avr/lib/avr6/libc.a(fp_arccos.o)
 .progmem.gcc_fplib
                0x0000000000000120       0x1e /usr/lib/gcc/avr/4.5.3/../../../avr/lib/avr6/libc.a(fp_sinus.o)
 .progmem.gcc_fplib
                0x000000000000013e       0x28 /usr/lib/gcc/avr/4.5.3/../../../avr/lib/avr6/libc.a(exp.o)
 .progmem.gcc_fplib
                0x0000000000000166       0x5a /usr/lib/gcc/avr/4.5.3/../../../avr/lib/avr6/libc.a(log.o)
 *(.progmem*)
 .progmem.data  0x00000000000001c0       0x12 ./blinker.o
 .progmem.data  0x00000000000001d2       0x10 ./clock_me.o
 .progmem.data  0x00000000000001e2      0x54e ./config.o
 .progmem.data  0x0000000000000730       0xaa ./display.o
 .progmem.data  0x00000000000007da      0x113 ./file_manager.o
 .progmem.data  0x00000000000008ed       0x51 ./gear.o
 .progmem.data  0x000000000000093e       0x45 ./gps.o
 .progmem.data  0x0000000000000983       0x29 ./main.o
 .progmem.data  0x00000000000009ac      0x508 ./menu.o
                0x00000000000009ac                titel_0
                0x00000000000009ba                titel_1
                0x00000000000009bb                titel_2
                0x00000000000009bc                titel_3
                0x00000000000009cc                titel_4
                0x00000000000009d7                titel_5
                0x00000000000009e5                titel_6
                0x00000000000009f3                titel_7
                0x00000000000009f4                titel_8
                0x00000000000009fe                titel_9
                0x0000000000000a0f                menu_titel
                0x0000000000000a23                main_m_0
                0x0000000000000a30                main_m_1
                0x0000000000000a3f                main_m_2
                0x0000000000000a4c                main_m_3
                0x0000000000000a5a                main_m_4
                0x0000000000000a67                main_m_5
                0x0000000000000a77                main_m_6
                0x0000000000000a86                main_m_7
                0x0000000000000a8f                main_m_8
                0x0000000000000a9f                s_titel_0
                0x0000000000000aa0                s_titel_1
                0x0000000000000aa1                s_titel_2
                0x0000000000000aa2                s_titel_3
                0x0000000000000ab2                s_titel_4
                0x0000000000000abf                s_titel_5
                0x0000000000000ac9                setup_titel
                0x0000000000000ad5                menu_main
                0x0000000000000ae7                setup_m_0
                0x0000000000000af6                setup_m_1
                0x0000000000000b05                setup_m_2
                0x0000000000000b13                setup_m_3
                0x0000000000000b23                setup_m_4
                0x0000000000000b2e                setup_m_5
                0x0000000000000b3b                setup_m_6
                0x0000000000000b49                setup_m_7
                0x0000000000000b5c                setup_m_8
                0x0000000000000b6e                menu_setup
                0x0000000000000b80                navi_m_0
                0x0000000000000b8b                navi_m_1
                0x0000000000000b97                navi_m_2
                0x0000000000000ba0                navi_m_3
                0x0000000000000bad                navi_m_4
                0x0000000000000bba                navi_m_5
                0x0000000000000bc8                navi_m_6
                0x0000000000000bd7                navi_m_7
                0x0000000000000be2                navi_m_8
                0x0000000000000bf0                menu_navi
                0x0000000000000c02                trip_setup_m_0
                0x0000000000000c08                trip_setup_m_1
                0x0000000000000c15                trip_setup_m_2
                0x0000000000000c19                trip_setup_m_3
                0x0000000000000c1e                trip_setup_m_4
                0x0000000000000c24                trip_setup_m_5
                0x0000000000000c29                trip_setup_m_6
                0x0000000000000c2f                trip_setup_m_7
                0x0000000000000c36                trip_setup_m_8
                0x0000000000000c3c                menu_trip_setup
                0x0000000000000c4e                flasher_m_0
                0x0000000000000c52                flasher_m_1
                0x0000000000000c5b                flasher_m_2
                0x0000000000000c63                menu_flasher
 .progmem.data  0x0000000000000eb4       0x10 ./oiler.o
 .progmem.data  0x0000000000000ec4       0x19 ./reset.o
 .progmem.data  0x0000000000000edd       0x39 ./sd.o
 .progmem.data  0x0000000000000f16       0x12 ./sensors.o
 .progmem.data  0x0000000000000f28       0x12 ./speed.o
 .progmem.data  0x0000000000000f3a       0x64 ./speedo.o
 .progmem.data  0x0000000000000f9e        0xe ./sprint.o
 .progmem.data  0x0000000000000fac       0xc0 ./inc/SdFat.o
 .progmem.data  0x000000000000106c       0x13 ./inc/SdFile.o
 .progmem.data  0x000000000000107f        0xb ./inc/istream.o
 .progmem.data  0x000000000000108a       0x13 ./inc/ostream.o
 .progmem.data  0x000000000000109d      0x120 ./inc/pins_arduino.o
                0x000000000000109d                port_to_mode_PGM
                0x00000000000010b7                port_to_output_PGM
                0x00000000000010d1                port_to_input_PGM
                0x00000000000010eb                digital_pin_to_port_PGM
                0x0000000000001131                digital_pin_to_bit_mask_PGM
                0x0000000000001177                digital_pin_to_timer_PGM
 .progmem.data  0x00000000000011bd      0xcc0 ./inc/ssd0323.o
                0x0000000000001e7e                . = ALIGN (0x2)
 *fill*         0x0000000000001e7d        0x1 00
                0x0000000000001e7e                __trampolines_start = .
 *(.trampolines)
 .trampolines   0x0000000000001e7e        0x0 linker stubs
 *(.trampolines*)
                0x0000000000001e7e                __trampolines_end = .
 *(.jumptables)
 *(.jumptables*)
 *(.lowtext)
 *(.lowtext*)
                0x0000000000001e7e                __ctors_start = .
 *(.ctors)
 .ctors         0x0000000000001e7e        0x2 ./main.o
 .ctors         0x0000000000001e80        0x2 ./inc/Wire.o
 .ctors         0x0000000000001e82        0x2 /home/jkw/Store/17 - Speedmaster/Firmware/inc/libArduinoCore2560.a(HardwareSerial.cpp.o)
                0x0000000000001e84                __ctors_end = .
                0x0000000000001e84                __dtors_start = .
 *(.dtors)
                0x0000000000001e84                __dtors_end = .
 SORT(*)(.ctors)
 SORT(*)(.dtors)
 *(.init0)
 .init0         0x0000000000001e84        0x0 /usr/lib/gcc/avr/4.5.3/../../../avr/lib/avr6/crtm2560.o
                0x0000000000001e84                __init
 *(.init0)
 *(.init1)
 *(.init1)
 *(.init2)
 .init2         0x0000000000001e84       0x10 /usr/lib/gcc/avr/4.5.3/../../../avr/lib/avr6/crtm2560.o
 *(.init2)
 *(.init3)
 *(.init3)
 *(.init4)
 .init4         0x0000000000001e94       0x1a /usr/lib/gcc/avr/4.5.3/avr6/libgcc.a(_copy_data.o)
                0x0000000000001e94                __do_copy_data
 .init4         0x0000000000001eae       0x10 /usr/lib/gcc/avr/4.5.3/avr6/libgcc.a(_clear_bss.o)
                0x0000000000001eae                __do_clear_bss
 *(.init4)
 *(.init5)
 *(.init5)
 *(.init6)
 .init6         0x0000000000001ebe       0x20 /usr/lib/gcc/avr/4.5.3/avr6/libgcc.a(_ctors.o)
                0x0000000000001ebe                __do_global_ctors
 *(.init6)
 *(.init7)
 *(.init7)
 *(.init8)
 *(.init8)
 *(.init9)
 .init9         0x0000000000001ede        0x8 /usr/lib/gcc/avr/4.5.3/../../../avr/lib/avr6/crtm2560.o
 *(.init9)
 *(.text)
 .text          0x0000000000001ee6        0x4 /usr/lib/gcc/avr/4.5.3/../../../avr/lib/avr6/crtm2560.o
                0x0000000000001ee6                __vector_38
                0x0000000000001ee6                __vector_22
                0x0000000000001ee6                __vector_28
                0x0000000000001ee6                __vector_32
                0x0000000000001ee6                __vector_34
                0x0000000000001ee6                __vector_24
                0x0000000000001ee6                __vector_12
                0x0000000000001ee6                __vector_55
                0x0000000000001ee6                __vector_46
                0x0000000000001ee6                __bad_interrupt
                0x0000000000001ee6                __vector_31
                0x0000000000001ee6                __vector_35
                0x0000000000001ee6                __vector_30
                0x0000000000001ee6                __vector_45
                0x0000000000001ee6                __vector_11
                0x0000000000001ee6                __vector_13
                0x0000000000001ee6                __vector_17
                0x0000000000001ee6                __vector_19
                0x0000000000001ee6                __vector_56
                0x0000000000001ee6                __vector_49
                0x0000000000001ee6                __vector_41
                0x0000000000001ee6                __vector_43
                0x0000000000001ee6                __vector_27
                0x0000000000001ee6                __vector_33
                0x0000000000001ee6                __vector_47
                0x0000000000001ee6                __vector_52
                0x0000000000001ee6                __vector_37
                0x0000000000001ee6                __vector_44
                0x0000000000001ee6                __vector_9
                0x0000000000001ee6                __vector_21
                0x0000000000001ee6                __vector_15
                0x0000000000001ee6                __vector_29
                0x0000000000001ee6                __vector_40
                0x0000000000001ee6                __vector_26
                0x0000000000001ee6                __vector_48
                0x0000000000001ee6                __vector_14
                0x0000000000001ee6                __vector_53
                0x0000000000001ee6                __vector_10
                0x0000000000001ee6                __vector_50
                0x0000000000001ee6                __vector_16
                0x0000000000001ee6                __vector_18
                0x0000000000001ee6                __vector_20
                0x0000000000001ee6                __vector_42
 .text          0x0000000000001eea      0x158 ./blinker.o
                0x0000000000001eea                _ZN13moped_blinkerC1Ev
                0x0000000000001eea                _ZN13moped_blinkerC2Ev
                0x0000000000001eec                _ZN13moped_blinkerD2Ev
                0x0000000000001eec                _ZN13moped_blinkerD1Ev
                0x0000000000001eee                _ZN13moped_blinker5checkEv
                0x0000000000001f98                _ZN13moped_blinker9set_startEmi
                0x0000000000001fc6                _ZN13moped_blinker4warnEm
                0x000000000000200a                _ZN13moped_blinker4initEv
 .text          0x0000000000002042      0x664 ./clock_me.o
                0x0000000000002042                _ZN12speedo_clockC2Ev
                0x0000000000002042                _ZN12speedo_clockC1Ev
                0x0000000000002044                _ZN12speedo_clockD1Ev
                0x0000000000002044                _ZN12speedo_clockD2Ev
                0x0000000000002046                _ZN12speedo_clock7changedEPi
                0x000000000000206c                _ZN12speedo_clock8decToBcdEc
                0x000000000000207c                _ZN12speedo_clock8bcdToDecEc
                0x0000000000002094                _ZN12speedo_clock4initEv
                0x00000000000022c6                _ZN12speedo_clock5storeEv
                0x00000000000023c6                _ZN12speedo_clock13set_date_timeEiiiiiiii
                0x0000000000002510                _ZN12speedo_clock7getdateEv
                0x0000000000002534                _ZN12speedo_clock13get_long_dateEv
                0x00000000000025c0                _ZN12speedo_clock9get_daylsEv
                0x00000000000025c8                _ZN12speedo_clock6get_ssEv
                0x00000000000025d2                _ZN12speedo_clock3incEv
                0x000000000000261e                _ZN12speedo_clock4copyEPc
 .text          0x00000000000026a6     0x27f2 ./config.o
                0x00000000000026a6                _ZN6SdFileD1Ev
                0x00000000000026bc                _ZN13configurationC2Ev
                0x00000000000026bc                _ZN13configurationC1Ev
                0x00000000000026be                _ZN13configuration8ram_infoEv
                0x00000000000026fa                _ZN13configurationD1Ev
                0x00000000000026fa                _ZN13configurationD2Ev
                0x00000000000026fc                _ZN13configuration5writeEPKc
                0x0000000000003434                _ZN13configuration5checkEv
                0x0000000000003534                _ZN13configuration4initEv
                0x00000000000038ae                _ZN13configuration11parse_floatEPciPf
                0x0000000000003b30                _ZN13configuration10parse_boolEPciPb
                0x0000000000003b6c                _ZN13configuration9parse_intEPciPi
                0x0000000000003bc4                _ZN13configuration11parse_shortEPciPs
                0x0000000000003c10                _ZN13configuration7parse_aEPciS0_i
                0x0000000000003c7e                _ZN13configuration8parse_ulEPciPm
                0x0000000000003d28                _ZN13configuration5parseEPc
                0x0000000000004736                _ZN13configuration4readEPKc
                0x00000000000049a4                _ZN13configuration9read_skinEv
                0x0000000000004a3a                _ZN13configuration7km_saveEv
                0x0000000000004c12                _ZN13configuration11EEPROM_initEv
 .text          0x0000000000004e98       0x6e ./debug.o
                0x0000000000004e98                _ZN9debuggingC1Ev
                0x0000000000004e98                _ZN9debuggingC2Ev
                0x0000000000004e9a                _ZN9debuggingD1Ev
                0x0000000000004e9a                _ZN9debuggingD2Ev
                0x0000000000004e9c                _ZN9debugging7sprintpEPKc
                0x0000000000004ec6                _ZN9debugging9sprintlnpEPKc
                0x0000000000004ef8                _ZN9debugging11parse_floatEiPciii
                0x0000000000004efa                _ZN9debugging9parse_intEv
                0x0000000000004efc                _ZN9debugging5parseEiPc
                0x0000000000004efe                _ZN9debugging7parse_aEiPc
                0x0000000000004f00                _ZN9debugging8parse_ulEim
                0x0000000000004f02                _ZN9debugging11speedo_loopEiimPc
                0x0000000000004f04                _ZN9debugging4loopEv
 .text          0x0000000000004f06     0x17d0 ./display.o
                0x0000000000004f1c                _ZN11speedo_dispC1Ev
                0x0000000000004f1c                _ZN11speedo_dispC2Ev
                0x0000000000004f22                _ZN11speedo_dispD2Ev
                0x0000000000004f22                _ZN11speedo_dispD1Ev
                0x0000000000004f24                _ZN11speedo_disp8draw_oilEhh
                0x00000000000051ee                _ZN11speedo_disp8draw_airEhh
                0x00000000000052f8                _ZN11speedo_disp9draw_fuelEhh
                0x0000000000005422                _ZN11speedo_disp10draw_clockEhh
                0x000000000000554c                _ZN11speedo_disp12draw_blitzerEhh
                0x00000000000057c6                _ZN11speedo_disp10draw_arrowEiii
                0x0000000000005d7e                _ZN11speedo_disp6sd2ssdEPc
                0x0000000000005f18                _ZN11speedo_disp11show_storryEPcjS0_j
                0x000000000000619c                _ZN11speedo_disp14show_animationEPc
                0x00000000000064da                _ZN11speedo_disp12disp_waitingEihh
                0x0000000000006558                _ZN11speedo_disp9animationEi
                0x00000000000065ca                _ZN11speedo_disp11init_speedoEv
 .text          0x00000000000066d6      0x2c2 ./dz.o
                0x00000000000066d6                _Z6helperv
                0x00000000000066f0                _ZN9speedo_dzC2Ev
                0x00000000000066f0                _ZN9speedo_dzC1Ev
                0x00000000000066f2                _ZN9speedo_dz7counterEv
                0x0000000000006702                _ZN9speedo_dz4calcEv
                0x0000000000006958                _ZN9speedo_dz4initEv
 .text          0x0000000000006998      0xa72 ./file_manager.o
                0x00000000000069ae                _ZN6SdFile7makeDirEPS_PKc
                0x00000000000069b6                _ZN18speedo_filemanagerC2Ev
                0x00000000000069b6                _ZN18speedo_filemanagerC1Ev
                0x00000000000069d2                _ZN18speedo_filemanagerD1Ev
                0x00000000000069d2                _ZN18speedo_filemanagerD2Ev
                0x00000000000069ea                _ZN18speedo_filemanager2cdEPc
                0x0000000000006af2                _ZN18speedo_filemanager9recv_fileEPc
                0x0000000000006d8a                _ZN18speedo_filemanager9send_fileEPc
                0x0000000000006e6c                _ZN18speedo_filemanager2lsEv
                0x0000000000006e76                _ZN18speedo_filemanager5mkdirEPc
                0x0000000000006eb0                _ZN18speedo_filemanager2rmEPc
                0x0000000000006f20                _ZN18speedo_filemanager5rmdirEv
                0x0000000000006f40                _ZN18speedo_filemanager12get_filenameEPc
                0x0000000000006fae                _ZN18speedo_filemanager3runEv
 .text          0x000000000000740a      0x24c ./fuel.o
                0x000000000000740a                _ZN11speedo_fuelC1Ev
                0x000000000000740a                _ZN11speedo_fuelC2Ev
                0x000000000000740c                _ZN11speedo_fuelD2Ev
                0x000000000000740c                _ZN11speedo_fuelD1Ev
                0x000000000000740e                _ZN11speedo_fuel8get_fuelEPc
                0x000000000000763a                _ZN11speedo_fuel4initEv
 .text          0x0000000000007656      0x68a ./gear.o
                0x0000000000007656                _ZN11speedo_gearC2Ev
                0x0000000000007656                _ZN11speedo_gearC1Ev
                0x0000000000007658                _ZN11speedo_gearD1Ev
                0x0000000000007658                _ZN11speedo_gearD2Ev
                0x000000000000765a                _ZN11speedo_gear4initEv
                0x0000000000007682                _ZN11speedo_gear4calcEv
                0x00000000000078e6                _ZN11speedo_gear3getEv
                0x00000000000078fe                _ZN11speedo_gear9calibrateEv
 .text          0x0000000000007ce0     0x1ffe ./gps.o
                0x0000000000007cf6                _ZN10speedo_gpsC1Ev
                0x0000000000007cf6                _ZN10speedo_gpsC2Ev
                0x0000000000007cf8                _ZN10speedo_gpsD1Ev
                0x0000000000007cf8                _ZN10speedo_gpsD2Ev
                0x0000000000007cfa                _ZN10speedo_gps4initEv
                0x0000000000007de2                _ZN10speedo_gps9recv_dataEv
                0x0000000000007f36                __vector_36
                0x0000000000007f92                _ZN10speedo_gps8get_infoEi
                0x00000000000080f2                _ZN10speedo_gps11store_to_sdEv
                0x00000000000081da                _ZN10speedo_gps3modEmm
                0x0000000000008260                _ZN10speedo_gps11nmea_to_decEm
                0x000000000000831e                _ZN10speedo_gps9calc_distEmm
                0x00000000000085aa                _ZN10speedo_gps9get_orderEPc
                0x000000000000882a                _ZN10speedo_gps18generate_new_orderEv
                0x0000000000008bfc                _ZN10speedo_gps9calc_naviEv
                0x000000000000908e                _ZN10speedo_gps5parseEPci
                0x0000000000009834                _ZN10speedo_gps10check_flagEv
                0x000000000000988c                _ZN10speedo_gps4loopEv
                0x0000000000009b62                _ZN10speedo_gps17get_logged_pointsEPci
 .text          0x0000000000009cde       0x3e ./helper.o
                0x0000000000009cde                __cxa_pure_virtual
                0x0000000000009ce2                _Znwj
                0x0000000000009ce8                _ZdlPv
                0x0000000000009cee                _Znaj
                0x0000000000009cf4                _ZdaPv
                0x0000000000009cfe                _Z19__cxa_guard_acquirePx
                0x0000000000009d12                _Z19__cxa_guard_releasePx
                0x0000000000009d1a                _Z17__cxa_guard_abortPx
 .text          0x0000000000009d1c      0x394 ./main.o
                0x0000000000009d1c                main
 .text          0x000000000000a0b0     0x4014 ./menu.o
                0x000000000000a0c6                _ZN11speedo_menuC2Ev
                0x000000000000a0c6                _ZN11speedo_menuC1Ev
                0x000000000000a0c8                _ZN11speedo_menuD2Ev
                0x000000000000a0c8                _ZN11speedo_menuD1Ev
                0x000000000000a0ca                _ZN11speedo_menu4backEv
                0x000000000000a1ca                _ZN11speedo_menu5yesnoEPcS0_S0_
                0x000000000000a272                _ZN11speedo_menu4drawEPPKci
                0x000000000000a528                _ZN11speedo_menu7displayEv
                0x000000000000da3a                _ZN11speedo_menu8del_confEPcS0_
                0x000000000000dabe                _ZN11speedo_menu11button_testEb
                0x000000000000e044                _ZN11speedo_menu4initEv
 .text          0x000000000000e0c4       0xd4 ./oiler.o
                0x000000000000e0c4                _ZN12speedo_oilerC2Ev
                0x000000000000e0c4                _ZN12speedo_oilerC1Ev
                0x000000000000e0c6                _ZN12speedo_oilerD2Ev
                0x000000000000e0c6                _ZN12speedo_oilerD1Ev
                0x000000000000e0c8                _ZN12speedo_oiler4initEv
                0x000000000000e0ea                _ZN12speedo_oiler12send_impulseEv
                0x000000000000e13a                _ZN12speedo_oiler11check_valueEv
 .text          0x000000000000e198      0x29e ./reset.o
                0x000000000000e198                _ZN12speedo_resetC1Ev
                0x000000000000e198                _ZN12speedo_resetC2Ev
                0x000000000000e19a                _ZN12speedo_resetD2Ev
                0x000000000000e19a                _ZN12speedo_resetD1Ev
                0x000000000000e19c                _ZN12speedo_reset10set_activeEbb
                0x000000000000e1e6                _ZN12speedo_reset12set_deactiveEbb
                0x000000000000e22e                _ZN12speedo_reset7restoreEv
                0x000000000000e24a                _ZN12speedo_reset6toggleEv
                0x000000000000e2a8                _ZN12speedo_reset9ask_resetEv
                0x000000000000e3a6                _ZN12speedo_reset4initEv
 .text          0x000000000000e436      0x19e ./sd.o
                0x000000000000e436                _ZN8SdVolume4initEP7Sd2Card
                0x000000000000e464                _ZN9speedo_sdC1Ev
                0x000000000000e464                _ZN9speedo_sdC2Ev
                0x000000000000e480                _ZN9speedo_sdD1Ev
                0x000000000000e480                _ZN9speedo_sdD2Ev
                0x000000000000e482                _ZN9speedo_sd7error_PEPKc
                0x000000000000e4d8                _ZN9speedo_sd9writeCRLFER6SdFile
                0x000000000000e4e8                _ZN9speedo_sd11writeStringER6SdFilePc
                0x000000000000e508                _ZN9speedo_sd8power_onEv
                0x000000000000e51a                _ZN9speedo_sd9power_offEv
                0x000000000000e52c                _ZN9speedo_sd4initEv
 .text          0x000000000000e5d4      0x23e ./sensors.o
                0x000000000000e5d4                _ZN14Speedo_sensorsC1Ev
                0x000000000000e5d4                _ZN14Speedo_sensorsC2Ev
                0x000000000000e69c                _ZN14Speedo_sensorsD2Ev
                0x000000000000e69c                _ZN14Speedo_sensorsD1Ev
                0x000000000000e69e                _ZN14Speedo_sensors4initEv
                0x000000000000e70a                _ZN14Speedo_sensors6flatItEiPsif
 .text          0x000000000000e812      0x73a ./speed.o
                0x000000000000e812                _ZN12speedo_speedC2Ev
                0x000000000000e812                _ZN12speedo_speedC1Ev
                0x000000000000e814                _ZN12speedo_speedD2Ev
                0x000000000000e814                _ZN12speedo_speedD1Ev
                0x000000000000e816                _ZN12speedo_speed4calcEv
                0x000000000000e9cc                _Z12helper_speedv
                0x000000000000e9de                _ZN12speedo_speed4initEv
                0x000000000000ea24                _ZN12speedo_speed8getSpeedEv
                0x000000000000ea48                _ZN12speedo_speed13get_sat_speedEv
                0x000000000000ea4e                _ZN12speedo_speed13get_mag_speedEv
                0x000000000000ea54                _ZN12speedo_speed12check_umfangEv
 .text          0x000000000000ef4c     0x1664 ./speedo.o
                0x000000000000ef4c                _ZN13speedo_speedo9reset_bakEv
                0x000000000000ef62                _ZN13speedo_speedo4loopEm
 .text          0x00000000000105b0      0x4b0 ./sprint.o
                0x00000000000105b0                _ZN13speedo_sprintC2Ev
                0x00000000000105b0                _ZN13speedo_sprintC1Ev
                0x00000000000105ba                _ZN13speedo_sprintD2Ev
                0x00000000000105ba                _ZN13speedo_sprintD1Ev
                0x00000000000105bc                _ZN13speedo_sprint4initEv
                0x00000000000105c6                _ZN13speedo_sprint4loopEm
 .text          0x0000000000010a60      0x3e6 ./temperature.o
                0x0000000000010a60                _ZN18speedo_temperatureC1Ev
                0x0000000000010a60                _ZN18speedo_temperatureC2Ev
                0x0000000000010a62                _ZN18speedo_temperatureD1Ev
                0x0000000000010a62                _ZN18speedo_temperatureD2Ev
                0x0000000000010a64                _ZN18speedo_temperature4initEv
                0x0000000000010aa8                _ZN18speedo_temperature13read_oil_tempEv
                0x0000000000010c14                _ZN18speedo_temperature13read_air_tempEv
                0x0000000000010cf2                _ZN18speedo_temperature12get_air_tempEv
                0x0000000000010d9c                _ZN18speedo_temperature12get_oil_tempEv
 .text          0x0000000000010e46      0x268 ./timer.o
                0x0000000000010e46                _ZN12speedo_timerC2Ev
                0x0000000000010e46                _ZN12speedo_timerC1Ev
                0x0000000000010e78                _ZN12speedo_timerD2Ev
                0x0000000000010e78                _ZN12speedo_timerD1Ev
                0x0000000000010e7a                _Z8ram_infov
                0x0000000000010ea6                _ZN12speedo_timer9every_secEP13configuration
                0x0000000000010f4c                _ZN12speedo_timer10every_qsecEv
                0x0000000000010f92                _ZN12speedo_timer12every_customEv
 .text          0x00000000000110ae       0x12 ./inc/EEPROM.o
                0x00000000000110ae                _ZN11EEPROMClass4readEi
                0x00000000000110b6                _ZN11EEPROMClass5writeEih
 .text          0x00000000000110c0      0x8ec ./inc/Sd2Card.o
                0x00000000000110f6                _ZN7Sd2Card14chipSelectHighEv
                0x0000000000011102                _ZN7Sd2Card13chipSelectLowEv
                0x000000000001111c                _ZN7Sd2Card8readDataEPhj
                0x0000000000011174                _ZN7Sd2Card10setSckRateEh
                0x0000000000011188                _ZN7Sd2Card11waitNotBusyEj
                0x00000000000111c0                _ZN7Sd2Card11cardCommandEhm
                0x000000000001125a                _ZN7Sd2Card8cardAcmdEhm
                0x0000000000011298                _ZN7Sd2Card4initEhh
                0x000000000001140c                _ZN7Sd2Card14waitStartBlockEv
                0x000000000001145a                _ZN7Sd2Card12readRegisterEhPv
                0x00000000000114a6                _ZN7Sd2Card7readCSDEP5csd_t
                0x00000000000114b0                _ZN7Sd2Card22eraseSingleBlockEnableEv
                0x00000000000114ec                _ZN7Sd2Card5eraseEmm
                0x0000000000011620                _ZN7Sd2Card8cardSizeEv
                0x0000000000011728                _ZN7Sd2Card9readBlockEmPh
                0x000000000001179e                _ZN7Sd2Card9writeDataEhPKh
                0x0000000000011802                _ZN7Sd2Card9writeDataEPKh
                0x000000000001184e                _ZN7Sd2Card10writeBlockEmPKh
                0x00000000000118f0                _ZN7Sd2Card10writeStartEmm
                0x0000000000011964                _ZN7Sd2Card9writeStopEv
 .text          0x00000000000119ac      0x466 ./inc/SdFat.o
                0x00000000000119f0                _ZN5SdFat5chdirEv
                0x0000000000011a22                _ZN5SdFat5chdirEPKc
                0x0000000000011b06                _ZN5SdFat10errorPrintEv
                0x0000000000011b36                _ZN5SdFat9errorHaltEv
                0x0000000000011b3c                _ZN5SdFat10errorPrintEPKc
                0x0000000000011b6a                _ZN5SdFat9errorHaltEPKc
                0x0000000000011b70                _ZN5SdFat12errorPrint_PEPKc
                0x0000000000011b9a                _ZN5SdFat11errorHalt_PEPKc
                0x0000000000011ba0                _ZN5SdFat6existsEPKc
                0x0000000000011ba8                _ZN5SdFat4initEhh
                0x0000000000011be0                _ZN5SdFat14initErrorPrintEv
                0x0000000000011c30                _ZN5SdFat13initErrorHaltEv
                0x0000000000011c36                _ZN5SdFat2lsEh
                0x0000000000011c46                _ZN5SdFat2lsEP5Printh
                0x0000000000011c50                _ZN5SdFat5mkdirEPKcb
                0x0000000000011cb0                _ZN5SdFat6removeEPKc
                0x0000000000011cb8                _ZN5SdFat6renameEPKcS1_
                0x0000000000011d36                _ZN5SdFat5rmdirEPKc
                0x0000000000011d98                _ZN5SdFat8truncateEPKcm
 .text          0x0000000000011e12       0x94 ./inc/SdFatUtil.o
                0x0000000000011e12                _ZN9SdFatUtil7FreeRamEv
                0x0000000000011e4c                _ZN9SdFatUtil7print_PEP5PrintPKc
                0x0000000000011e78                _ZN9SdFatUtil9println_PEP5PrintPKc
                0x0000000000011e8e                _ZN9SdFatUtil13SerialPrint_PEPKc
                0x0000000000011e9a                _ZN9SdFatUtil15SerialPrintln_PEPKc
 .text          0x0000000000011ea6     0x2772 ./inc/SdFile.o
                0x0000000000011ed2                _ZN8SdVolume9fatPutEOCEm
                0x0000000000011ee8                _ZN6SdFile10addClusterEv
                0x0000000000011f3c                _ZN6SdFile13addDirClusterEv
                0x000000000001205a                _ZN6SdFile13cacheDirEntryEh
                0x0000000000012096                _ZN6SdFile15contiguousRangeEPmS0_
                0x00000000000121fa                _ZN6SdFile7dirNameERK14directoryEntryPc
                0x0000000000012236                _ZN6SdFile11getFilenameEPc
                0x000000000001226e                _ZN6SdFile6getposEP6fpos_t
                0x000000000001229c                _ZN6SdFile10make83NameEPKcPhPS1_
                0x000000000001231e                _ZN6SdFile8openRootEP8SdVolume
                0x00000000000123c4                _ZN6SdFile12printDirNameEP5PrintRK14directoryEntryhb
                0x0000000000012454                _ZN6SdFile12printDirNameERK14directoryEntryhb
                0x0000000000012468                _ZN6SdFile12printFatDateEP5Printj
                0x00000000000124c6                _ZN6SdFile12printFatDateEj
                0x00000000000124d2                _ZN6SdFile12printFatTimeEP5Printj
                0x000000000001252c                _ZN6SdFile12printFatTimeEj
                0x0000000000012538                _ZN6SdFile9printNameEv
                0x0000000000012586                _ZN6SdFile4readEPvj
                0x00000000000127ea                _ZN6SdFile4readEv
                0x000000000001281c                _ZN6SdFile4peekEv
                0x0000000000012874                _ZN6SdFile11lsPrintNextEP5Printhh
                0x00000000000129fa                _ZN6SdFile5fgetsEPciS0_
                0x0000000000012ad0                _ZN6SdFile7readDirEP14directoryEntry
                0x0000000000012b3c                _ZN6SdFile12readDirCacheEv
                0x0000000000012bb4                _ZN6SdFile7seekSetEm
                0x0000000000012cec                _ZN6SdFile7seekEndEl
                0x0000000000012d0c                _ZN6SdFile6rewindEv
                0x0000000000012d18                _ZN6SdFile6setposEP6fpos_t
                0x0000000000012d44                _ZN6SdFile4syncEv
                0x0000000000012dda                _ZN6SdFile8dirEntryEP14directoryEntry
                0x0000000000012e20                _ZN6SdFile5closeEv
                0x0000000000012e52                _ZN6SdFile9timestampEhjhhhhh
                0x0000000000012f86                _ZN6SdFile8truncateEm
                0x00000000000130f4                _ZN6SdFile6removeEv
                0x000000000001312a                _ZN6SdFile5rmdirEv
                0x00000000000131ba                _ZN6SdFile15openCachedEntryEhh
                0x00000000000132ca                _ZN6SdFile8openNextEPS_h
                0x0000000000013364                _ZN6SdFile4openEPS_jh
                0x00000000000133ea                _ZN6SdFile8rmRfStarEv
                0x0000000000013532                _ZN6SdFile2lsEP5Printhh
                0x0000000000013638                _ZN6SdFile2lsEh
                0x0000000000013646                _ZN6SdFile10openParentEPS_
                0x000000000001384a                _ZN6SdFile4openEPS_PKhh
                0x00000000000139de                _ZN6SdFile4openEPS_PKch
                0x0000000000013b7c                _ZN6SdFile6removeEPS_PKc
                0x0000000000013be4                _ZN6SdFile4openEPKch
                0x0000000000013bf8                _ZN6SdFileC1EPKch
                0x0000000000013bf8                _ZN6SdFileC2EPKch
                0x0000000000013c0c                _ZN6SdFile6existsEPKc
                0x0000000000013c68                _ZN6SdFile16createContiguousEPS_PKcm
                0x0000000000013cfa                _ZN6SdFile5mkdirEPS_PKh
                0x0000000000013e84                _ZN6SdFile5mkdirEPS_PKcb
                0x000000000001403a                _ZN6SdFile6renameEPS_PKc
                0x000000000001423c                _ZN6SdFile5writeEPKvj
                0x0000000000014592                _ZN6SdFile5writeEPKc
                0x00000000000145aa                _ZN6SdFile5writeEh
                0x00000000000145cc                _ZN6SdFile7write_PEPKc
                0x00000000000145fe                _ZN6SdFile9writeln_PEPKc
 .text          0x0000000000014618      0x2d0 ./inc/SdStream.o
                0x0000000000014618                _ZN6SdFile7seekCurEl
                0x0000000000014638                _ZN6SdBase5getchEv
                0x00000000000146f4                _ZN6SdBase4openEPKch
                0x00000000000147b6                _ZN6SdBase5putchEc
                0x0000000000014816                _ZN6SdBase6putstrEPKc
                0x0000000000014898                _ZN6SdBase7seekoffElN8ios_base7seekdirE
                0x00000000000148e2                _ZN6SdBase7seekposEm
 .text          0x00000000000148e8      0xaa8 ./inc/SdVolume.o
                0x00000000000148e8                _ZN8SdVolume10cacheFlushEv
                0x0000000000014962                _ZN8SdVolume13cacheRawBlockEmh
                0x00000000000149e8                _ZNK8SdVolume6fatGetEmPm
                0x0000000000014aea                _ZNK8SdVolume9chainSizeEmPm
                0x0000000000014bd2                _ZN8SdVolume6fatPutEmm
                0x0000000000014d12                _ZN8SdVolume15allocContiguousEmPm
                0x0000000000014f36                _ZN8SdVolume9freeChainEm
                0x0000000000014ff0                _ZN8SdVolume16freeClusterCountEv
                0x0000000000015126                _ZN8SdVolume4initEP7Sd2Cardh
 .text          0x0000000000015390      0x20e ./inc/Wire.o
                0x0000000000015390                _ZN7TwoWire16onReceiveServiceEPhi
                0x00000000000153e0                _ZN7TwoWire16onRequestServiceEv
                0x00000000000153f8                _ZN7TwoWireC2Ev
                0x00000000000153f8                _ZN7TwoWireC1Ev
                0x00000000000153fa                _ZN7TwoWire5beginEv
                0x0000000000015410                _ZN7TwoWire5beginEh
                0x0000000000015438                _ZN7TwoWire5beginEi
                0x000000000001543e                _ZN7TwoWire11requestFromEhh
                0x0000000000015458                _ZN7TwoWire11requestFromEii
                0x000000000001545e                _ZN7TwoWire17beginTransmissionEh
                0x0000000000015472                _ZN7TwoWire17beginTransmissionEi
                0x0000000000015478                _ZN7TwoWire15endTransmissionEv
                0x0000000000015498                _ZN7TwoWire4sendEh
                0x00000000000154e0                _ZN7TwoWire4sendEPhh
                0x000000000001553c                _ZN7TwoWire4sendEPc
                0x0000000000015554                _ZN7TwoWire4sendEi
                0x000000000001555a                _ZN7TwoWire9availableEv
                0x0000000000015566                _ZN7TwoWire7receiveEv
                0x0000000000015588                _ZN7TwoWire9onReceiveEPFviE
                0x0000000000015592                _ZN7TwoWire9onRequestEPFvvE
 .text          0x000000000001559e      0xd82 ./inc/istream.o
                0x000000000001559e                _ZN7istream5getchEP6fpos_t
                0x00000000000155c4                _ZN7istream3getEv
                0x0000000000015608                _ZN7istream3getERc
                0x0000000000015628                _ZN7istream3getEPcmc
                0x0000000000015742                _ZN7istream7getlineEPcmc
                0x000000000001587c                _ZN7istream6ignoreEmi
                0x00000000000158e4                _ZN7istream4peekEv
                0x0000000000015998                _ZN7istream8readSkipEv
                0x00000000000159de                _ZN7istream6getStrEPc
                0x0000000000015b34                _ZN7istream9getNumberEmmPm
                0x0000000000015dc2                _ZN7istream8getFloatEPf
                0x000000000001611c                _ZN7istream7getCharEPc
                0x0000000000016156                _ZN7istream9skipWhiteEv
                0x00000000000161c8                _ZN7istream9getNumberIbEEvPT_
                0x0000000000016234                _ZN7istream7getBoolEPb
 .text          0x0000000000016320      0x670 ./inc/ostream.o
                0x0000000000016320                _ZN7ostream7do_fillEj
                0x0000000000016370                _ZN7ostream13fill_not_leftEj
                0x0000000000016398                _ZN7ostream6fmtNumEmPch
                0x0000000000016434                _ZN7ostream7putCharEc
                0x0000000000016468                _ZN7ostream6putNumEmb
                0x00000000000165d2                _ZN7ostream6putNumEl
                0x0000000000016610                _ZN7ostream6putPgmERK3pgm
                0x0000000000016666                _ZN7ostream9putDoubleEd
                0x00000000000168e4                _ZN7ostream7putBoolEb
                0x0000000000016944                _ZN7ostream6putStrEPKc
 .text          0x0000000000016990        0x0 ./inc/pins_arduino.o
 .text          0x0000000000016990     0x1c00 ./inc/ssd0323.o
                0x0000000000016990                _ZN7ssd032310senden_spiEh
                0x00000000000169b4                _ZN7ssd032312send_commandEh
                0x00000000000169be                _ZN7ssd03239send_charEh
                0x00000000000169c6                _ZN7ssd032312clear_screenEv
                0x0000000000016a1a                _ZN7ssd032310set2pixelsEhhhh
                0x0000000000016a96                _ZN7ssd03234lineEhhhhh
                0x0000000000016f76                _ZN7ssd032314zeichen_big_1xEPhhiiiih
                0x0000000000017216                _ZN7ssd032316zeichen_small_1xEPhhiiiih
                0x00000000000173c2                _ZN7ssd032316zeichen_small_2xEPhhiiiih
                0x00000000000175d4                _ZN7ssd032316zeichen_small_3xEPhhiiiih
                0x000000000001787a                _ZN7ssd032316zeichen_small_4xEPhhiiiih
                0x0000000000017ae4                _ZN7ssd03236stringEsPchhhhh
                0x0000000000018106                _ZN7ssd03236stringEsPchh
                0x0000000000018124                _ZN7ssd03238string_PEsPKchhhhh
                0x00000000000181c2                _ZN7ssd03238string_PEsPKchh
                0x00000000000181e0                _ZN7ssd032311filled_rectEhhhhh
                0x00000000000182b6                _ZN7ssd032313highlight_barEhhhh
                0x00000000000183ac                _ZN7ssd03234initEhh
                0x000000000001858e                _ZN7ssd0323C1Ev
                0x000000000001858e                _ZN7ssd0323C2Ev
 .text          0x0000000000018590      0x446 ./inc/twi.o
                0x0000000000018590                twi_init
                0x00000000000185b6                twi_setAddress
                0x00000000000185be                twi_readFrom
                0x000000000001862a                twi_writeTo
                0x00000000000186aa                twi_transmit
                0x00000000000186de                twi_attachSlaveRxEvent
                0x00000000000186e8                twi_attachSlaveTxEvent
                0x00000000000186f2                twi_reply
                0x0000000000018702                twi_stop
                0x0000000000018716                twi_releaseBus
                0x0000000000018722                __vector_39
 .text          0x00000000000189d6        0x0 /home/jkw/Store/17 - Speedmaster/Firmware/inc/libArduinoCore2560.a(WInterrupts.c.o)
 .text          0x00000000000189d6        0x0 /home/jkw/Store/17 - Speedmaster/Firmware/inc/libArduinoCore2560.a(wiring.c.o)
 .text          0x00000000000189d6        0x0 /home/jkw/Store/17 - Speedmaster/Firmware/inc/libArduinoCore2560.a(wiring_analog.c.o)
 .text          0x00000000000189d6        0x0 /home/jkw/Store/17 - Speedmaster/Firmware/inc/libArduinoCore2560.a(wiring_digital.c.o)
 .text          0x00000000000189d6        0x0 /home/jkw/Store/17 - Speedmaster/Firmware/inc/libArduinoCore2560.a(HardwareSerial.cpp.o)
 .text          0x00000000000189d6        0x0 /home/jkw/Store/17 - Speedmaster/Firmware/inc/libArduinoCore2560.a(Print.cpp.o)
 .text          0x00000000000189d6        0x0 /home/jkw/Store/17 - Speedmaster/Firmware/inc/libArduinoCore2560.a(WString.cpp.o)
 .text          0x00000000000189d6        0x0 /usr/lib/gcc/avr/4.5.3/../../../avr/lib/avr6/libc.a(malloc.o)
 .text          0x00000000000189d6        0x0 /usr/lib/gcc/avr/4.5.3/../../../avr/lib/avr6/libc.a(exit.o)
 .text          0x00000000000189d6        0x0 /usr/lib/gcc/avr/4.5.3/../../../avr/lib/avr6/libc.a(isalpha.o)
 .text          0x00000000000189d6        0x0 /usr/lib/gcc/avr/4.5.3/../../../avr/lib/avr6/libc.a(isspace.o)
 .text          0x00000000000189d6        0x0 /usr/lib/gcc/avr/4.5.3/../../../avr/lib/avr6/libc.a(tolower.o)
 .text          0x00000000000189d6        0x0 /usr/lib/gcc/avr/4.5.3/../../../avr/lib/avr6/libc.a(toupper.o)
 .text          0x00000000000189d6        0x0 /usr/lib/gcc/avr/4.5.3/../../../avr/lib/avr6/libc.a(strcmp_P.o)
 .text          0x00000000000189d6        0x0 /usr/lib/gcc/avr/4.5.3/../../../avr/lib/avr6/libc.a(strcpy_P.o)
 .text          0x00000000000189d6        0x0 /usr/lib/gcc/avr/4.5.3/../../../avr/lib/avr6/libc.a(strlen_P.o)
 .text          0x00000000000189d6        0x0 /usr/lib/gcc/avr/4.5.3/../../../avr/lib/avr6/libc.a(memcmp.o)
 .text          0x00000000000189d6        0x0 /usr/lib/gcc/avr/4.5.3/../../../avr/lib/avr6/libc.a(memcpy.o)
 .text          0x00000000000189d6        0x0 /usr/lib/gcc/avr/4.5.3/../../../avr/lib/avr6/libc.a(memset.o)
 .text          0x00000000000189d6        0x0 /usr/lib/gcc/avr/4.5.3/../../../avr/lib/avr6/libc.a(strcat.o)
 .text          0x00000000000189d6        0x0 /usr/lib/gcc/avr/4.5.3/../../../avr/lib/avr6/libc.a(strchr.o)
 .text          0x00000000000189d6        0x0 /usr/lib/gcc/avr/4.5.3/../../../avr/lib/avr6/libc.a(strcmp.o)
 .text          0x00000000000189d6        0x0 /usr/lib/gcc/avr/4.5.3/../../../avr/lib/avr6/libc.a(strcpy.o)
 .text          0x00000000000189d6        0x0 /usr/lib/gcc/avr/4.5.3/../../../avr/lib/avr6/libc.a(strncmp.o)
 .text          0x00000000000189d6        0x0 /usr/lib/gcc/avr/4.5.3/../../../avr/lib/avr6/libc.a(strncpy.o)
 .text          0x00000000000189d6        0x0 /usr/lib/gcc/avr/4.5.3/../../../avr/lib/avr6/libc.a(strrchr.o)
 .text          0x00000000000189d6        0x0 /usr/lib/gcc/avr/4.5.3/../../../avr/lib/avr6/libc.a(strstr.o)
 .text          0x00000000000189d6        0x0 /usr/lib/gcc/avr/4.5.3/../../../avr/lib/avr6/libc.a(itoa.o)
 .text          0x00000000000189d6        0x0 /usr/lib/gcc/avr/4.5.3/../../../avr/lib/avr6/libc.a(ltoa.o)
 .text          0x00000000000189d6        0x0 /usr/lib/gcc/avr/4.5.3/../../../avr/lib/avr6/libc.a(ultoa.o)
 .text          0x00000000000189d6        0x0 /usr/lib/gcc/avr/4.5.3/../../../avr/lib/avr6/libc.a(sprintf.o)
 .text          0x00000000000189d6        0x0 /usr/lib/gcc/avr/4.5.3/../../../avr/lib/avr6/libc.a(addsf3.o)
 .text          0x00000000000189d6        0x0 /usr/lib/gcc/avr/4.5.3/../../../avr/lib/avr6/libc.a(addsf3x.o)
 .text          0x00000000000189d6        0x0 /usr/lib/gcc/avr/4.5.3/../../../avr/lib/avr6/libc.a(asin.o)
 .text          0x00000000000189d6        0x0 /usr/lib/gcc/avr/4.5.3/../../../avr/lib/avr6/libc.a(cmpsf2.o)
 .text          0x00000000000189d6        0x0 /usr/lib/gcc/avr/4.5.3/../../../avr/lib/avr6/libc.a(cos.o)
 .text          0x00000000000189d6        0x0 /usr/lib/gcc/avr/4.5.3/../../../avr/lib/avr6/libc.a(divsf3.o)
 .text          0x00000000000189d6        0x0 /usr/lib/gcc/avr/4.5.3/../../../avr/lib/avr6/libc.a(divsf3x.o)
 .text          0x00000000000189d6        0x0 /usr/lib/gcc/avr/4.5.3/../../../avr/lib/avr6/libc.a(fixsfsi.o)
 .text          0x00000000000189d6        0x0 /usr/lib/gcc/avr/4.5.3/../../../avr/lib/avr6/libc.a(fixunssfsi.o)
 .text          0x00000000000189d6        0x0 /usr/lib/gcc/avr/4.5.3/../../../avr/lib/avr6/libc.a(floatsisf.o)
 .text          0x00000000000189d6        0x0 /usr/lib/gcc/avr/4.5.3/../../../avr/lib/avr6/libc.a(floor.o)
 .text          0x00000000000189d6        0x0 /usr/lib/gcc/avr/4.5.3/../../../avr/lib/avr6/libc.a(fp_arccos.o)
 .text          0x00000000000189d6        0x0 /usr/lib/gcc/avr/4.5.3/../../../avr/lib/avr6/libc.a(fp_cmp.o)
 .text          0x00000000000189d6        0x0 /usr/lib/gcc/avr/4.5.3/../../../avr/lib/avr6/libc.a(fp_inf.o)
 .text          0x00000000000189d6        0x0 /usr/lib/gcc/avr/4.5.3/../../../avr/lib/avr6/libc.a(fp_mintl.o)
 .text          0x00000000000189d6        0x0 /usr/lib/gcc/avr/4.5.3/../../../avr/lib/avr6/libc.a(fp_mpack.o)
 .text          0x00000000000189d6        0x0 /usr/lib/gcc/avr/4.5.3/../../../avr/lib/avr6/libc.a(fp_nan.o)
 .text          0x00000000000189d6        0x0 /usr/lib/gcc/avr/4.5.3/../../../avr/lib/avr6/libc.a(fp_powser.o)
 .text          0x00000000000189d6        0x0 /usr/lib/gcc/avr/4.5.3/../../../avr/lib/avr6/libc.a(fp_powsodd.o)
 .text          0x00000000000189d6        0x0 /usr/lib/gcc/avr/4.5.3/../../../avr/lib/avr6/libc.a(fp_pscA.o)
 .text          0x00000000000189d6        0x0 /usr/lib/gcc/avr/4.5.3/../../../avr/lib/avr6/libc.a(fp_pscB.o)
 .text          0x00000000000189d6        0x0 /usr/lib/gcc/avr/4.5.3/../../../avr/lib/avr6/libc.a(fp_rempio2.o)
 .text          0x00000000000189d6        0x0 /usr/lib/gcc/avr/4.5.3/../../../avr/lib/avr6/libc.a(fp_round.o)
 .text          0x00000000000189d6        0x0 /usr/lib/gcc/avr/4.5.3/../../../avr/lib/avr6/libc.a(fp_sinus.o)
 .text          0x00000000000189d6        0x0 /usr/lib/gcc/avr/4.5.3/../../../avr/lib/avr6/libc.a(fp_split3.o)
 .text          0x00000000000189d6        0x0 /usr/lib/gcc/avr/4.5.3/../../../avr/lib/avr6/libc.a(fp_trunc.o)
 .text          0x00000000000189d6        0x0 /usr/lib/gcc/avr/4.5.3/../../../avr/lib/avr6/libc.a(fp_zero.o)
 .text          0x00000000000189d6        0x0 /usr/lib/gcc/avr/4.5.3/../../../avr/lib/avr6/libc.a(gesf2.o)
 .text          0x00000000000189d6        0x0 /usr/lib/gcc/avr/4.5.3/../../../avr/lib/avr6/libc.a(mulsf3.o)
 .text          0x00000000000189d6        0x0 /usr/lib/gcc/avr/4.5.3/../../../avr/lib/avr6/libc.a(mulsf3x.o)
 .text          0x00000000000189d6        0x0 /usr/lib/gcc/avr/4.5.3/../../../avr/lib/avr6/libc.a(pow.o)
 .text          0x00000000000189d6        0x0 /usr/lib/gcc/avr/4.5.3/../../../avr/lib/avr6/libc.a(sin.o)
 .text          0x00000000000189d6        0x0 /usr/lib/gcc/avr/4.5.3/../../../avr/lib/avr6/libc.a(sqrt.o)
 .text          0x00000000000189d6        0x0 /usr/lib/gcc/avr/4.5.3/../../../avr/lib/avr6/libc.a(vfprintf_std.o)
 .text          0x00000000000189d6        0x0 /usr/lib/gcc/avr/4.5.3/../../../avr/lib/avr6/libc.a(eerd_byte_atmega2560.o)
 .text          0x00000000000189d6        0x0 /usr/lib/gcc/avr/4.5.3/../../../avr/lib/avr6/libc.a(eewr_byte_atmega2560.o)
 .text          0x00000000000189d6        0x0 /usr/lib/gcc/avr/4.5.3/../../../avr/lib/avr6/libc.a(cty_isfalse.o)
 .text          0x00000000000189d6        0x0 /usr/lib/gcc/avr/4.5.3/../../../avr/lib/avr6/libc.a(strnlen_P.o)
 .text          0x00000000000189d6        0x0 /usr/lib/gcc/avr/4.5.3/../../../avr/lib/avr6/libc.a(strnlen.o)
 .text          0x00000000000189d6        0x0 /usr/lib/gcc/avr/4.5.3/../../../avr/lib/avr6/libc.a(strrev.o)
 .text          0x00000000000189d6        0x0 /usr/lib/gcc/avr/4.5.3/../../../avr/lib/avr6/libc.a(fputc.o)
 .text          0x00000000000189d6        0x0 /usr/lib/gcc/avr/4.5.3/../../../avr/lib/avr6/libc.a(ultoa_invert.o)
 .text          0x00000000000189d6        0x0 /usr/lib/gcc/avr/4.5.3/../../../avr/lib/avr6/libc.a(exp.o)
 .text          0x00000000000189d6        0x0 /usr/lib/gcc/avr/4.5.3/../../../avr/lib/avr6/libc.a(fp_norm2.o)
 .text          0x00000000000189d6        0x0 /usr/lib/gcc/avr/4.5.3/../../../avr/lib/avr6/libc.a(inverse.o)
 .text          0x00000000000189d6        0x0 /usr/lib/gcc/avr/4.5.3/../../../avr/lib/avr6/libc.a(ldexp.o)
 .text          0x00000000000189d6        0x0 /usr/lib/gcc/avr/4.5.3/../../../avr/lib/avr6/libc.a(log.o)
 .text          0x00000000000189d6        0x0 /usr/lib/gcc/avr/4.5.3/../../../avr/lib/avr6/libc.a(modf.o)
 .text          0x00000000000189d6        0x0 /usr/lib/gcc/avr/4.5.3/avr6/libgcc.a(_mulsi3.o)
 .text          0x00000000000189d6        0x0 /usr/lib/gcc/avr/4.5.3/avr6/libgcc.a(_udivmodqi4.o)
 .text          0x00000000000189d6        0x0 /usr/lib/gcc/avr/4.5.3/avr6/libgcc.a(_udivmodhi4.o)
 .text          0x00000000000189d6        0x0 /usr/lib/gcc/avr/4.5.3/avr6/libgcc.a(_divmodhi4.o)
 .text          0x00000000000189d6        0x0 /usr/lib/gcc/avr/4.5.3/avr6/libgcc.a(_udivmodsi4.o)
 .text          0x00000000000189d6        0x0 /usr/lib/gcc/avr/4.5.3/avr6/libgcc.a(_divmodsi4.o)
 .text          0x00000000000189d6        0x0 /usr/lib/gcc/avr/4.5.3/avr6/libgcc.a(_exit.o)
 .text          0x00000000000189d6        0x0 /usr/lib/gcc/avr/4.5.3/avr6/libgcc.a(_copy_data.o)
 .text          0x00000000000189d6        0x0 /usr/lib/gcc/avr/4.5.3/avr6/libgcc.a(_clear_bss.o)
 .text          0x00000000000189d6        0x0 /usr/lib/gcc/avr/4.5.3/avr6/libgcc.a(_ctors.o)
 .text          0x00000000000189d6        0x0 /usr/lib/gcc/avr/4.5.3/avr6/libgcc.a(_tablejump_elpm.o)
                0x00000000000189d6                . = ALIGN (0x2)
 *(.text.*)
 .text.attachInterrupt
                0x00000000000189d6       0xf8 /home/jkw/Store/17 - Speedmaster/Firmware/inc/libArduinoCore2560.a(WInterrupts.c.o)
                0x00000000000189d6                attachInterrupt
 .text.detachInterrupt
                0x0000000000018ace       0x58 /home/jkw/Store/17 - Speedmaster/Firmware/inc/libArduinoCore2560.a(WInterrupts.c.o)
                0x0000000000018ace                detachInterrupt
 .text.__vector_1
                0x0000000000018b26       0x62 /home/jkw/Store/17 - Speedmaster/Firmware/inc/libArduinoCore2560.a(WInterrupts.c.o)
                0x0000000000018b26                __vector_1
 .text.__vector_2
                0x0000000000018b88       0x62 /home/jkw/Store/17 - Speedmaster/Firmware/inc/libArduinoCore2560.a(WInterrupts.c.o)
                0x0000000000018b88                __vector_2
 .text.__vector_3
                0x0000000000018bea       0x62 /home/jkw/Store/17 - Speedmaster/Firmware/inc/libArduinoCore2560.a(WInterrupts.c.o)
                0x0000000000018bea                __vector_3
 .text.__vector_4
                0x0000000000018c4c       0x62 /home/jkw/Store/17 - Speedmaster/Firmware/inc/libArduinoCore2560.a(WInterrupts.c.o)
                0x0000000000018c4c                __vector_4
 .text.__vector_5
                0x0000000000018cae       0x62 /home/jkw/Store/17 - Speedmaster/Firmware/inc/libArduinoCore2560.a(WInterrupts.c.o)
                0x0000000000018cae                __vector_5
 .text.__vector_6
                0x0000000000018d10       0x62 /home/jkw/Store/17 - Speedmaster/Firmware/inc/libArduinoCore2560.a(WInterrupts.c.o)
                0x0000000000018d10                __vector_6
 .text.__vector_7
                0x0000000000018d72       0x62 /home/jkw/Store/17 - Speedmaster/Firmware/inc/libArduinoCore2560.a(WInterrupts.c.o)
                0x0000000000018d72                __vector_7
 .text.__vector_8
                0x0000000000018dd4       0x62 /home/jkw/Store/17 - Speedmaster/Firmware/inc/libArduinoCore2560.a(WInterrupts.c.o)
                0x0000000000018dd4                __vector_8
 .text.__vector_23
                0x0000000000018e36       0x90 /home/jkw/Store/17 - Speedmaster/Firmware/inc/libArduinoCore2560.a(wiring.c.o)
                0x0000000000018e36                __vector_23
 .text.millis   0x0000000000018ec6       0x1c /home/jkw/Store/17 - Speedmaster/Firmware/inc/libArduinoCore2560.a(wiring.c.o)
                0x0000000000018ec6                millis
 .text.micros   0x0000000000018ee2       0x4c /home/jkw/Store/17 - Speedmaster/Firmware/inc/libArduinoCore2560.a(wiring.c.o)
                0x0000000000018ee2                micros
 .text.delay    0x0000000000018f2e       0x4c /home/jkw/Store/17 - Speedmaster/Firmware/inc/libArduinoCore2560.a(wiring.c.o)
                0x0000000000018f2e                delay
 .text.delayMicroseconds
                0x0000000000018f7a       0x14 /home/jkw/Store/17 - Speedmaster/Firmware/inc/libArduinoCore2560.a(wiring.c.o)
                0x0000000000018f7a                delayMicroseconds
 .text.init     0x0000000000018f8e       0xc4 /home/jkw/Store/17 - Speedmaster/Firmware/inc/libArduinoCore2560.a(wiring.c.o)
                0x0000000000018f8e                init
 .text.analogReference
                0x0000000000019052        0x6 /home/jkw/Store/17 - Speedmaster/Firmware/inc/libArduinoCore2560.a(wiring_analog.c.o)
                0x0000000000019052                analogReference
 .text.analogRead
                0x0000000000019058       0x68 /home/jkw/Store/17 - Speedmaster/Firmware/inc/libArduinoCore2560.a(wiring_analog.c.o)
                0x0000000000019058                analogRead
 .text.analogWrite
                0x00000000000190c0      0x178 /home/jkw/Store/17 - Speedmaster/Firmware/inc/libArduinoCore2560.a(wiring_analog.c.o)
                0x00000000000190c0                analogWrite
 .text.pinMode  0x0000000000019238       0x4c /home/jkw/Store/17 - Speedmaster/Firmware/inc/libArduinoCore2560.a(wiring_digital.c.o)
                0x0000000000019238                pinMode
 .text.digitalWrite
                0x0000000000019284      0x122 /home/jkw/Store/17 - Speedmaster/Firmware/inc/libArduinoCore2560.a(wiring_digital.c.o)
                0x0000000000019284                digitalWrite
 .text.digitalRead
                0x00000000000193a6      0x118 /home/jkw/Store/17 - Speedmaster/Firmware/inc/libArduinoCore2560.a(wiring_digital.c.o)
                0x00000000000193a6                digitalRead
 .text._Z10store_charhP11ring_buffer
                0x00000000000194be       0x4e /home/jkw/Store/17 - Speedmaster/Firmware/inc/libArduinoCore2560.a(HardwareSerial.cpp.o)
                0x00000000000194be                _Z10store_charhP11ring_buffer
 .text.__vector_25
                0x000000000001950c       0x58 /home/jkw/Store/17 - Speedmaster/Firmware/inc/libArduinoCore2560.a(HardwareSerial.cpp.o)
                0x000000000001950c                __vector_25
 .text.__vector_51
                0x0000000000019564       0x58 /home/jkw/Store/17 - Speedmaster/Firmware/inc/libArduinoCore2560.a(HardwareSerial.cpp.o)
                0x0000000000019564                __vector_51
 .text.__vector_54
                0x00000000000195bc       0x58 /home/jkw/Store/17 - Speedmaster/Firmware/inc/libArduinoCore2560.a(HardwareSerial.cpp.o)
                0x00000000000195bc                __vector_54
 .text._ZN14HardwareSerialC2EP11ring_bufferPVhS3_S3_S3_S3_hhhhh
                0x0000000000019614       0x60 /home/jkw/Store/17 - Speedmaster/Firmware/inc/libArduinoCore2560.a(HardwareSerial.cpp.o)
                0x0000000000019614                _ZN14HardwareSerialC2EP11ring_bufferPVhS3_S3_S3_S3_hhhhh
 .text._ZN14HardwareSerialC1EP11ring_bufferPVhS3_S3_S3_S3_hhhhh
                0x0000000000019674       0x60 /home/jkw/Store/17 - Speedmaster/Firmware/inc/libArduinoCore2560.a(HardwareSerial.cpp.o)
                0x0000000000019674                _ZN14HardwareSerialC1EP11ring_bufferPVhS3_S3_S3_S3_hhhhh
 .text._ZN14HardwareSerial5beginEl
                0x00000000000196d4      0x1f2 /home/jkw/Store/17 - Speedmaster/Firmware/inc/libArduinoCore2560.a(HardwareSerial.cpp.o)
                0x00000000000196d4                _ZN14HardwareSerial5beginEl
 .text._ZN14HardwareSerial3endEv
                0x00000000000198c6       0x54 /home/jkw/Store/17 - Speedmaster/Firmware/inc/libArduinoCore2560.a(HardwareSerial.cpp.o)
                0x00000000000198c6                _ZN14HardwareSerial3endEv
 .text._ZN14HardwareSerial9availableEv
                0x000000000001991a       0x28 /home/jkw/Store/17 - Speedmaster/Firmware/inc/libArduinoCore2560.a(HardwareSerial.cpp.o)
                0x000000000001991a                _ZN14HardwareSerial9availableEv
 .text._ZN14HardwareSerial4peekEv
                0x0000000000019942       0x34 /home/jkw/Store/17 - Speedmaster/Firmware/inc/libArduinoCore2560.a(HardwareSerial.cpp.o)
                0x0000000000019942                _ZN14HardwareSerial4peekEv
 .text._ZN14HardwareSerial4readEv
                0x0000000000019976       0x50 /home/jkw/Store/17 - Speedmaster/Firmware/inc/libArduinoCore2560.a(HardwareSerial.cpp.o)
                0x0000000000019976                _ZN14HardwareSerial4readEv
 .text._ZN14HardwareSerial5flushEv
                0x00000000000199c6       0x18 /home/jkw/Store/17 - Speedmaster/Firmware/inc/libArduinoCore2560.a(HardwareSerial.cpp.o)
                0x00000000000199c6                _ZN14HardwareSerial5flushEv
 .text._ZN14HardwareSerial5writeEh
                0x00000000000199de       0x26 /home/jkw/Store/17 - Speedmaster/Firmware/inc/libArduinoCore2560.a(HardwareSerial.cpp.o)
                0x00000000000199de                _ZN14HardwareSerial5writeEh
 .text._GLOBAL__I_rx_buffer
                0x0000000000019a04      0x13c /home/jkw/Store/17 - Speedmaster/Firmware/inc/libArduinoCore2560.a(HardwareSerial.cpp.o)
 .text._ZN5Print5writeEPKc
                0x0000000000019b40       0x30 /home/jkw/Store/17 - Speedmaster/Firmware/inc/libArduinoCore2560.a(Print.cpp.o)
                0x0000000000019b40                _ZN5Print5writeEPKc
 .text._ZN5Print5writeEPKhj
                0x0000000000019b70       0x3e /home/jkw/Store/17 - Speedmaster/Firmware/inc/libArduinoCore2560.a(Print.cpp.o)
                0x0000000000019b70                _ZN5Print5writeEPKhj
 .text._ZN5Print5printEPKc
                0x0000000000019bae       0x10 /home/jkw/Store/17 - Speedmaster/Firmware/inc/libArduinoCore2560.a(Print.cpp.o)
                0x0000000000019bae                _ZN5Print5printEPKc
 .text._ZN5Print5printERK6String
                0x0000000000019bbe       0x54 /home/jkw/Store/17 - Speedmaster/Firmware/inc/libArduinoCore2560.a(Print.cpp.o)
                0x0000000000019bbe                _ZN5Print5printERK6String
 .text._ZN5Print11printNumberEmh
                0x0000000000019c12      0x134 /home/jkw/Store/17 - Speedmaster/Firmware/inc/libArduinoCore2560.a(Print.cpp.o)
                0x0000000000019c12                _ZN5Print11printNumberEmh
 .text._ZN5Print5printEmi
                0x0000000000019d46       0x1e /home/jkw/Store/17 - Speedmaster/Firmware/inc/libArduinoCore2560.a(Print.cpp.o)
                0x0000000000019d46                _ZN5Print5printEmi
 .text._ZN5Print5printEji
                0x0000000000019d64       0x22 /home/jkw/Store/17 - Speedmaster/Firmware/inc/libArduinoCore2560.a(Print.cpp.o)
                0x0000000000019d64                _ZN5Print5printEji
 .text._ZN5Print5printEhi
                0x0000000000019d86       0x24 /home/jkw/Store/17 - Speedmaster/Firmware/inc/libArduinoCore2560.a(Print.cpp.o)
                0x0000000000019d86                _ZN5Print5printEhi
 .text._ZN5Print5printEli
                0x0000000000019daa       0x6c /home/jkw/Store/17 - Speedmaster/Firmware/inc/libArduinoCore2560.a(Print.cpp.o)
                0x0000000000019daa                _ZN5Print5printEli
 .text._ZN5Print5printEii
                0x0000000000019e16       0x26 /home/jkw/Store/17 - Speedmaster/Firmware/inc/libArduinoCore2560.a(Print.cpp.o)
                0x0000000000019e16                _ZN5Print5printEii
 .text._ZN5Print5printEci
                0x0000000000019e3c       0x28 /home/jkw/Store/17 - Speedmaster/Firmware/inc/libArduinoCore2560.a(Print.cpp.o)
                0x0000000000019e3c                _ZN5Print5printEci
 .text._ZN5Print7printlnEv
                0x0000000000019e64       0x2e /home/jkw/Store/17 - Speedmaster/Firmware/inc/libArduinoCore2560.a(Print.cpp.o)
                0x0000000000019e64                _ZN5Print7printlnEv
 .text._ZN5Print7printlnEmi
                0x0000000000019e92       0x16 /home/jkw/Store/17 - Speedmaster/Firmware/inc/libArduinoCore2560.a(Print.cpp.o)
                0x0000000000019e92                _ZN5Print7printlnEmi
 .text._ZN5Print7printlnEji
                0x0000000000019ea8       0x32 /home/jkw/Store/17 - Speedmaster/Firmware/inc/libArduinoCore2560.a(Print.cpp.o)
                0x0000000000019ea8                _ZN5Print7printlnEji
 .text._ZN5Print7printlnEhi
                0x0000000000019eda       0x34 /home/jkw/Store/17 - Speedmaster/Firmware/inc/libArduinoCore2560.a(Print.cpp.o)
                0x0000000000019eda                _ZN5Print7printlnEhi
 .text._ZN5Print7printlnEPKc
                0x0000000000019f0e       0x16 /home/jkw/Store/17 - Speedmaster/Firmware/inc/libArduinoCore2560.a(Print.cpp.o)
                0x0000000000019f0e                _ZN5Print7printlnEPKc
 .text._ZN5Print7printlnERK6String
                0x0000000000019f24       0x16 /home/jkw/Store/17 - Speedmaster/Firmware/inc/libArduinoCore2560.a(Print.cpp.o)
                0x0000000000019f24                _ZN5Print7printlnERK6String
 .text._ZN5Print7printlnEli
                0x0000000000019f3a       0x16 /home/jkw/Store/17 - Speedmaster/Firmware/inc/libArduinoCore2560.a(Print.cpp.o)
                0x0000000000019f3a                _ZN5Print7printlnEli
 .text._ZN5Print7printlnEii
                0x0000000000019f50       0x36 /home/jkw/Store/17 - Speedmaster/Firmware/inc/libArduinoCore2560.a(Print.cpp.o)
                0x0000000000019f50                _ZN5Print7printlnEii
 .text._ZN5Print7printlnEci
                0x0000000000019f86       0x38 /home/jkw/Store/17 - Speedmaster/Firmware/inc/libArduinoCore2560.a(Print.cpp.o)
                0x0000000000019f86                _ZN5Print7printlnEci
 .text._ZN5Print10printFloatEdh
                0x0000000000019fbe      0x118 /home/jkw/Store/17 - Speedmaster/Firmware/inc/libArduinoCore2560.a(Print.cpp.o)
                0x0000000000019fbe                _ZN5Print10printFloatEdh
 .text._ZN5Print5printEdi
                0x000000000001a0d6        0x6 /home/jkw/Store/17 - Speedmaster/Firmware/inc/libArduinoCore2560.a(Print.cpp.o)
                0x000000000001a0d6                _ZN5Print5printEdi
 .text._ZN5Print7printlnEdi
                0x000000000001a0dc       0x16 /home/jkw/Store/17 - Speedmaster/Firmware/inc/libArduinoCore2560.a(Print.cpp.o)
                0x000000000001a0dc                _ZN5Print7printlnEdi
 .text._ZNK6String6charAtEj
                0x000000000001a0f2       0x10 /home/jkw/Store/17 - Speedmaster/Firmware/inc/libArduinoCore2560.a(WString.cpp.o)
                0x000000000001a0f2                _ZNK6String6charAtEj
 .text._ZN6String9setCharAtEjc
                0x000000000001a102       0x22 /home/jkw/Store/17 - Speedmaster/Firmware/inc/libArduinoCore2560.a(WString.cpp.o)
                0x000000000001a102                _ZN6String9setCharAtEjc
 .text._ZN6StringixEj
                0x000000000001a124       0x2a /home/jkw/Store/17 - Speedmaster/Firmware/inc/libArduinoCore2560.a(WString.cpp.o)
                0x000000000001a124                _ZN6StringixEj
 .text._ZNK6StringixEj
                0x000000000001a14e       0x10 /home/jkw/Store/17 - Speedmaster/Firmware/inc/libArduinoCore2560.a(WString.cpp.o)
                0x000000000001a14e                _ZNK6StringixEj
 .text._ZN6String11toCharArrayEPcj
                0x000000000001a15e       0x44 /home/jkw/Store/17 - Speedmaster/Firmware/inc/libArduinoCore2560.a(WString.cpp.o)
                0x000000000001a15e                _ZN6String11toCharArrayEPcj
 .text._ZN6String8getBytesEPhj
                0x000000000001a1a2       0x44 /home/jkw/Store/17 - Speedmaster/Firmware/inc/libArduinoCore2560.a(WString.cpp.o)
                0x000000000001a1a2                _ZN6String8getBytesEPhj
 .text._ZN6StringD1Ev
                0x000000000001a1e6       0x20 /home/jkw/Store/17 - Speedmaster/Firmware/inc/libArduinoCore2560.a(WString.cpp.o)
                0x000000000001a1e6                _ZN6StringD1Ev
 .text._ZNK6String10startsWithERKS_j
                0x000000000001a206       0x3c /home/jkw/Store/17 - Speedmaster/Firmware/inc/libArduinoCore2560.a(WString.cpp.o)
                0x000000000001a206                _ZNK6String10startsWithERKS_j
 .text._ZNK6String10startsWithERKS_
                0x000000000001a242       0x26 /home/jkw/Store/17 - Speedmaster/Firmware/inc/libArduinoCore2560.a(WString.cpp.o)
                0x000000000001a242                _ZNK6String10startsWithERKS_
 .text._ZNK6String11lastIndexOfEcj
                0x000000000001a268       0x6e /home/jkw/Store/17 - Speedmaster/Firmware/inc/libArduinoCore2560.a(WString.cpp.o)
                0x000000000001a268                _ZNK6String11lastIndexOfEcj
 .text._ZNK6String11lastIndexOfEc
                0x000000000001a2d6       0x10 /home/jkw/Store/17 - Speedmaster/Firmware/inc/libArduinoCore2560.a(WString.cpp.o)
                0x000000000001a2d6                _ZNK6String11lastIndexOfEc
 .text._ZNK6String7indexOfERKS_j
                0x000000000001a2e6       0x3c /home/jkw/Store/17 - Speedmaster/Firmware/inc/libArduinoCore2560.a(WString.cpp.o)
                0x000000000001a2e6                _ZNK6String7indexOfERKS_j
 .text._ZNK6String7indexOfERKS_
                0x000000000001a322        0xa /home/jkw/Store/17 - Speedmaster/Firmware/inc/libArduinoCore2560.a(WString.cpp.o)
                0x000000000001a322                _ZNK6String7indexOfERKS_
 .text._ZNK6String7indexOfEcj
                0x000000000001a32c       0x3c /home/jkw/Store/17 - Speedmaster/Firmware/inc/libArduinoCore2560.a(WString.cpp.o)
                0x000000000001a32c                _ZNK6String7indexOfEcj
 .text._ZNK6String7indexOfEc
                0x000000000001a368        0xa /home/jkw/Store/17 - Speedmaster/Firmware/inc/libArduinoCore2560.a(WString.cpp.o)
                0x000000000001a368                _ZNK6String7indexOfEc
 .text._ZNK6String6equalsERKS_
                0x000000000001a372       0x32 /home/jkw/Store/17 - Speedmaster/Firmware/inc/libArduinoCore2560.a(WString.cpp.o)
                0x000000000001a372                _ZNK6String6equalsERKS_
 .text._ZNK6String8endsWithERKS_
                0x000000000001a3a4       0x3a /home/jkw/Store/17 - Speedmaster/Firmware/inc/libArduinoCore2560.a(WString.cpp.o)
                0x000000000001a3a4                _ZNK6String8endsWithERKS_
 .text._ZNK6StringgeERKS_
                0x000000000001a3de       0x28 /home/jkw/Store/17 - Speedmaster/Firmware/inc/libArduinoCore2560.a(WString.cpp.o)
                0x000000000001a3de                _ZNK6StringgeERKS_
 .text._ZNK6StringleERKS_
                0x000000000001a406       0x22 /home/jkw/Store/17 - Speedmaster/Firmware/inc/libArduinoCore2560.a(WString.cpp.o)
                0x000000000001a406                _ZNK6StringleERKS_
 .text._ZNK6StringgtERKS_
                0x000000000001a428       0x22 /home/jkw/Store/17 - Speedmaster/Firmware/inc/libArduinoCore2560.a(WString.cpp.o)
                0x000000000001a428                _ZNK6StringgtERKS_
 .text._ZNK6StringltERKS_
                0x000000000001a44a       0x24 /home/jkw/Store/17 - Speedmaster/Firmware/inc/libArduinoCore2560.a(WString.cpp.o)
                0x000000000001a44a                _ZNK6StringltERKS_
 .text._ZNK6StringneERKS_
                0x000000000001a46e       0x30 /home/jkw/Store/17 - Speedmaster/Firmware/inc/libArduinoCore2560.a(WString.cpp.o)
                0x000000000001a46e                _ZNK6StringneERKS_
 .text._ZNK6StringeqERKS_
                0x000000000001a49e       0x34 /home/jkw/Store/17 - Speedmaster/Firmware/inc/libArduinoCore2560.a(WString.cpp.o)
                0x000000000001a49e                _ZNK6StringeqERKS_
 .text._ZNK6String9compareToERKS_
                0x000000000001a4d2       0x12 /home/jkw/Store/17 - Speedmaster/Firmware/inc/libArduinoCore2560.a(WString.cpp.o)
                0x000000000001a4d2                _ZNK6String9compareToERKS_
 .text._ZN6String9getBufferEj
                0x000000000001a4e4       0x28 /home/jkw/Store/17 - Speedmaster/Firmware/inc/libArduinoCore2560.a(WString.cpp.o)
                0x000000000001a4e4                _ZN6String9getBufferEj
 .text._ZN6StringpLERKS_
                0x000000000001a50c       0x6c /home/jkw/Store/17 - Speedmaster/Firmware/inc/libArduinoCore2560.a(WString.cpp.o)
                0x000000000001a50c                _ZN6StringpLERKS_
 .text._ZN6String6concatERKS_
                0x000000000001a578        0x6 /home/jkw/Store/17 - Speedmaster/Firmware/inc/libArduinoCore2560.a(WString.cpp.o)
                0x000000000001a578                _ZN6String6concatERKS_
 .text._ZN6StringaSERKS_
                0x000000000001a57e       0x60 /home/jkw/Store/17 - Speedmaster/Firmware/inc/libArduinoCore2560.a(WString.cpp.o)
                0x000000000001a57e                _ZN6StringaSERKS_
 .text._ZN6StringC1Eh
                0x000000000001a5de       0x34 /home/jkw/Store/17 - Speedmaster/Firmware/inc/libArduinoCore2560.a(WString.cpp.o)
                0x000000000001a5de                _ZN6StringC1Eh
 .text._ZN6StringC2Eh
                0x000000000001a612       0x34 /home/jkw/Store/17 - Speedmaster/Firmware/inc/libArduinoCore2560.a(WString.cpp.o)
                0x000000000001a612                _ZN6StringC2Eh
 .text._ZN6StringC1Ec
                0x000000000001a646       0x34 /home/jkw/Store/17 - Speedmaster/Firmware/inc/libArduinoCore2560.a(WString.cpp.o)
                0x000000000001a646                _ZN6StringC1Ec
 .text._ZN6StringC2Ec
                0x000000000001a67a       0x34 /home/jkw/Store/17 - Speedmaster/Firmware/inc/libArduinoCore2560.a(WString.cpp.o)
                0x000000000001a67a                _ZN6StringC2Ec
 .text._ZN6StringC1ERKS_
                0x000000000001a6ae       0x36 /home/jkw/Store/17 - Speedmaster/Firmware/inc/libArduinoCore2560.a(WString.cpp.o)
                0x000000000001a6ae                _ZN6StringC1ERKS_
 .text._ZN6StringC2ERKS_
                0x000000000001a6e4       0x36 /home/jkw/Store/17 - Speedmaster/Firmware/inc/libArduinoCore2560.a(WString.cpp.o)
                0x000000000001a6e4                _ZN6StringC2ERKS_
 .text._ZN6StringC1Emi
                0x000000000001a71a       0x7e /home/jkw/Store/17 - Speedmaster/Firmware/inc/libArduinoCore2560.a(WString.cpp.o)
                0x000000000001a71a                _ZN6StringC1Emi
 .text._ZN6StringC2Emi
                0x000000000001a798       0x7e /home/jkw/Store/17 - Speedmaster/Firmware/inc/libArduinoCore2560.a(WString.cpp.o)
                0x000000000001a798                _ZN6StringC2Emi
 .text._ZN6StringC1Eji
                0x000000000001a816       0x7c /home/jkw/Store/17 - Speedmaster/Firmware/inc/libArduinoCore2560.a(WString.cpp.o)
                0x000000000001a816                _ZN6StringC1Eji
 .text._ZN6StringC2Eji
                0x000000000001a892       0x7c /home/jkw/Store/17 - Speedmaster/Firmware/inc/libArduinoCore2560.a(WString.cpp.o)
                0x000000000001a892                _ZN6StringC2Eji
 .text._ZN6StringC1EPKc
                0x000000000001a90e       0x50 /home/jkw/Store/17 - Speedmaster/Firmware/inc/libArduinoCore2560.a(WString.cpp.o)
                0x000000000001a90e                _ZN6StringC1EPKc
 .text._ZNK6String11toUpperCaseEv
                0x000000000001a95e       0x76 /home/jkw/Store/17 - Speedmaster/Firmware/inc/libArduinoCore2560.a(WString.cpp.o)
                0x000000000001a95e                _ZNK6String11toUpperCaseEv
 .text._ZNK6String11toLowerCaseEv
                0x000000000001a9d4       0x76 /home/jkw/Store/17 - Speedmaster/Firmware/inc/libArduinoCore2560.a(WString.cpp.o)
                0x000000000001a9d4                _ZNK6String11toLowerCaseEv
 .text._ZNK6String16equalsIgnoreCaseERKS_
                0x000000000001aa4a       0x98 /home/jkw/Store/17 - Speedmaster/Firmware/inc/libArduinoCore2560.a(WString.cpp.o)
                0x000000000001aa4a                _ZNK6String16equalsIgnoreCaseERKS_
 .text._ZNK6String9substringEjj
                0x000000000001aae2       0x6e /home/jkw/Store/17 - Speedmaster/Firmware/inc/libArduinoCore2560.a(WString.cpp.o)
                0x000000000001aae2                _ZNK6String9substringEjj
 .text._ZNK6String9substringEj
                0x000000000001ab50       0x18 /home/jkw/Store/17 - Speedmaster/Firmware/inc/libArduinoCore2560.a(WString.cpp.o)
                0x000000000001ab50                _ZNK6String9substringEj
 .text._ZNK6String11lastIndexOfERKS_j
                0x000000000001ab68       0xc8 /home/jkw/Store/17 - Speedmaster/Firmware/inc/libArduinoCore2560.a(WString.cpp.o)
                0x000000000001ab68                _ZNK6String11lastIndexOfERKS_j
 .text._ZNK6String11lastIndexOfERKS_
                0x000000000001ac30       0x1c /home/jkw/Store/17 - Speedmaster/Firmware/inc/libArduinoCore2560.a(WString.cpp.o)
                0x000000000001ac30                _ZNK6String11lastIndexOfERKS_
 .text._ZNK6String4trimEv
                0x000000000001ac4c       0xdc /home/jkw/Store/17 - Speedmaster/Firmware/inc/libArduinoCore2560.a(WString.cpp.o)
                0x000000000001ac4c                _ZNK6String4trimEv
 .text._ZN6String7replaceERKS_S1_
                0x000000000001ad28      0x136 /home/jkw/Store/17 - Speedmaster/Firmware/inc/libArduinoCore2560.a(WString.cpp.o)
                0x000000000001ad28                _ZN6String7replaceERKS_S1_
 .text._ZN6String7replaceEcc
                0x000000000001ae5e       0x86 /home/jkw/Store/17 - Speedmaster/Firmware/inc/libArduinoCore2560.a(WString.cpp.o)
                0x000000000001ae5e                _ZN6String7replaceEcc
 .text._ZN6StringC2EPKc
                0x000000000001aee4       0x50 /home/jkw/Store/17 - Speedmaster/Firmware/inc/libArduinoCore2560.a(WString.cpp.o)
                0x000000000001aee4                _ZN6StringC2EPKc
 .text._ZN6StringC1Eli
                0x000000000001af34       0x7a /home/jkw/Store/17 - Speedmaster/Firmware/inc/libArduinoCore2560.a(WString.cpp.o)
                0x000000000001af34                _ZN6StringC1Eli
 .text._ZN6StringC2Eli
                0x000000000001afae       0x7a /home/jkw/Store/17 - Speedmaster/Firmware/inc/libArduinoCore2560.a(WString.cpp.o)
                0x000000000001afae                _ZN6StringC2Eli
 .text._ZN6StringC1Eii
                0x000000000001b028       0x78 /home/jkw/Store/17 - Speedmaster/Firmware/inc/libArduinoCore2560.a(WString.cpp.o)
                0x000000000001b028                _ZN6StringC1Eii
 .text._ZN6StringC2Eii
                0x000000000001b0a0       0x78 /home/jkw/Store/17 - Speedmaster/Firmware/inc/libArduinoCore2560.a(WString.cpp.o)
                0x000000000001b0a0                _ZN6StringC2Eii
 .text.avr-libc
                0x000000000001b118      0x266 /usr/lib/gcc/avr/4.5.3/../../../avr/lib/avr6/libc.a(malloc.o)
                0x000000000001b118                malloc
                0x000000000001b24c                free
 .text.avr-libc
                0x000000000001b37e        0x6 /usr/lib/gcc/avr/4.5.3/../../../avr/lib/avr6/libc.a(exit.o)
                0x000000000001b37e                exit
 .text.avr-libc
                0x000000000001b384       0x12 /usr/lib/gcc/avr/4.5.3/../../../avr/lib/avr6/libc.a(isalpha.o)
                0x000000000001b384                isupper
                0x000000000001b388                isalpha
                0x000000000001b38a                islower
 .text.avr-libc
                0x000000000001b396       0x10 /usr/lib/gcc/avr/4.5.3/../../../avr/lib/avr6/libc.a(isspace.o)
                0x000000000001b396                isspace
 .text.avr-libc
                0x000000000001b3a6       0x10 /usr/lib/gcc/avr/4.5.3/../../../avr/lib/avr6/libc.a(tolower.o)
                0x000000000001b3a6                tolower
 .text.avr-libc
                0x000000000001b3b6       0x10 /usr/lib/gcc/avr/4.5.3/../../../avr/lib/avr6/libc.a(toupper.o)
                0x000000000001b3b6                toupper
 .text.avr-libc
                0x000000000001b3c6       0x12 /usr/lib/gcc/avr/4.5.3/../../../avr/lib/avr6/libc.a(strcmp_P.o)
                0x000000000001b3c6                strcmp_P
 .text.avr-libc
                0x000000000001b3d8        0xe /usr/lib/gcc/avr/4.5.3/../../../avr/lib/avr6/libc.a(strcpy_P.o)
                0x000000000001b3d8                strcpy_P
 .text.avr-libc
                0x000000000001b3e6       0x12 /usr/lib/gcc/avr/4.5.3/../../../avr/lib/avr6/libc.a(strlen_P.o)
                0x000000000001b3e6                strlen_P
 .text.avr-libc
                0x000000000001b3f8       0x1a /usr/lib/gcc/avr/4.5.3/../../../avr/lib/avr6/libc.a(memcmp.o)
                0x000000000001b3f8                memcmp
 .text.avr-libc
                0x000000000001b412       0x12 /usr/lib/gcc/avr/4.5.3/../../../avr/lib/avr6/libc.a(memcpy.o)
                0x000000000001b412                memcpy
 .text.avr-libc
                0x000000000001b424        0xe /usr/lib/gcc/avr/4.5.3/../../../avr/lib/avr6/libc.a(memset.o)
                0x000000000001b424                memset
 .text.avr-libc
                0x000000000001b432       0x16 /usr/lib/gcc/avr/4.5.3/../../../avr/lib/avr6/libc.a(strcat.o)
                0x000000000001b432                strcat
 .text.avr-libc
                0x000000000001b448       0x16 /usr/lib/gcc/avr/4.5.3/../../../avr/lib/avr6/libc.a(strchr.o)
                0x000000000001b448                strchr
 .text.avr-libc
                0x000000000001b45e       0x12 /usr/lib/gcc/avr/4.5.3/../../../avr/lib/avr6/libc.a(strcmp.o)
                0x000000000001b45e                strcmp
 .text.avr-libc
                0x000000000001b470        0xe /usr/lib/gcc/avr/4.5.3/../../../avr/lib/avr6/libc.a(strcpy.o)
                0x000000000001b470                strcpy
 .text.avr-libc
                0x000000000001b47e       0x1c /usr/lib/gcc/avr/4.5.3/../../../avr/lib/avr6/libc.a(strncmp.o)
                0x000000000001b47e                strncmp
 .text.avr-libc
                0x000000000001b49a       0x1e /usr/lib/gcc/avr/4.5.3/../../../avr/lib/avr6/libc.a(strncpy.o)
                0x000000000001b49a                strncpy
 .text.avr-libc
                0x000000000001b4b8       0x16 /usr/lib/gcc/avr/4.5.3/../../../avr/lib/avr6/libc.a(strrchr.o)
                0x000000000001b4b8                strrchr
 .text.avr-libc
                0x000000000001b4ce       0x34 /usr/lib/gcc/avr/4.5.3/../../../avr/lib/avr6/libc.a(strstr.o)
                0x000000000001b4ce                strstr
 .text.avr-libc
                0x000000000001b502       0x42 /usr/lib/gcc/avr/4.5.3/../../../avr/lib/avr6/libc.a(itoa.o)
                0x000000000001b502                itoa
 .text.avr-libc
                0x000000000001b544       0x68 /usr/lib/gcc/avr/4.5.3/../../../avr/lib/avr6/libc.a(ltoa.o)
                0x000000000001b544                ltoa
 .text.avr-libc
                0x000000000001b5ac       0x4a /usr/lib/gcc/avr/4.5.3/../../../avr/lib/avr6/libc.a(ultoa.o)
                0x000000000001b5ac                ultoa
 .text.avr-libc
                0x000000000001b5f6       0x60 /usr/lib/gcc/avr/4.5.3/../../../avr/lib/avr6/libc.a(sprintf.o)
                0x000000000001b5f6                sprintf
 .text.avr-libc.fplib
                0x000000000001b656        0xa /usr/lib/gcc/avr/4.5.3/../../../avr/lib/avr6/libc.a(addsf3.o)
                0x000000000001b656                __subsf3
                0x000000000001b658                __addsf3
 .text.avr-libc.fplib
                0x000000000001b660       0xc0 /usr/lib/gcc/avr/4.5.3/../../../avr/lib/avr6/libc.a(addsf3x.o)
                0x000000000001b67a                __addsf3x
 .text.avr-libc.fplib
                0x000000000001b720       0x2e /usr/lib/gcc/avr/4.5.3/../../../avr/lib/avr6/libc.a(asin.o)
                0x000000000001b720                asin
 .text.avr-libc.fplib
                0x000000000001b74e        0x8 /usr/lib/gcc/avr/4.5.3/../../../avr/lib/avr6/libc.a(cmpsf2.o)
                0x000000000001b74e                __lesf2
                0x000000000001b74e                __nesf2
                0x000000000001b74e                __eqsf2
                0x000000000001b74e                __cmpsf2
                0x000000000001b74e                __ltsf2
 .text.avr-libc.fplib
                0x000000000001b756        0x6 /usr/lib/gcc/avr/4.5.3/../../../avr/lib/avr6/libc.a(cos.o)
                0x000000000001b756                cos
 .text.avr-libc.fplib
                0x000000000001b75c        0x4 /usr/lib/gcc/avr/4.5.3/../../../avr/lib/avr6/libc.a(divsf3.o)
                0x000000000001b75c                __divsf3
 .text.avr-libc.fplib
                0x000000000001b760       0xcc /usr/lib/gcc/avr/4.5.3/../../../avr/lib/avr6/libc.a(divsf3x.o)
                0x000000000001b776                __divsf3x
                0x000000000001b77a                __divsf3_pse
 .text.avr-libc.fplib
                0x000000000001b82c        0xa /usr/lib/gcc/avr/4.5.3/../../../avr/lib/avr6/libc.a(fixsfsi.o)
                0x000000000001b82c                __fixsfsi
 .text.avr-libc.fplib
                0x000000000001b836       0x58 /usr/lib/gcc/avr/4.5.3/../../../avr/lib/avr6/libc.a(fixunssfsi.o)
                0x000000000001b836                __fixunssfsi
 .text.avr-libc.fplib
                0x000000000001b88e       0x7a /usr/lib/gcc/avr/4.5.3/../../../avr/lib/avr6/libc.a(floatsisf.o)
                0x000000000001b88e                __floatunsisf
                0x000000000001b892                __floatsisf
 .text.avr-libc.fplib
                0x000000000001b908       0x26 /usr/lib/gcc/avr/4.5.3/../../../avr/lib/avr6/libc.a(floor.o)
                0x000000000001b908                floor
 .text.avr-libc.fplib
                0x000000000001b92e       0x36 /usr/lib/gcc/avr/4.5.3/../../../avr/lib/avr6/libc.a(fp_arccos.o)
                0x000000000001b92e                __fp_arccos
 .text.avr-libc.fplib
                0x000000000001b964       0x48 /usr/lib/gcc/avr/4.5.3/../../../avr/lib/avr6/libc.a(fp_cmp.o)
                0x000000000001b964                __fp_cmp
 .text.avr-libc.fplib
                0x000000000001b9ac        0xc /usr/lib/gcc/avr/4.5.3/../../../avr/lib/avr6/libc.a(fp_inf.o)
                0x000000000001b9ac                __fp_inf
 .text.avr-libc.fplib
                0x000000000001b9b8       0x36 /usr/lib/gcc/avr/4.5.3/../../../avr/lib/avr6/libc.a(fp_mintl.o)
                0x000000000001b9b8                __fp_mintl
 .text.avr-libc.fplib
                0x000000000001b9ee       0x1c /usr/lib/gcc/avr/4.5.3/../../../avr/lib/avr6/libc.a(fp_mpack.o)
                0x000000000001b9ee                __fp_mpack
                0x000000000001b9f2                __fp_mpack_finite
 .text.avr-libc.fplib
                0x000000000001ba0a        0x6 /usr/lib/gcc/avr/4.5.3/../../../avr/lib/avr6/libc.a(fp_nan.o)
                0x000000000001ba0a                __fp_nan
 .text.avr-libc.fplib
                0x000000000001ba10       0x4a /usr/lib/gcc/avr/4.5.3/../../../avr/lib/avr6/libc.a(fp_powser.o)
                0x000000000001ba10                __fp_powser
 .text.avr-libc.fplib
                0x000000000001ba5a       0x22 /usr/lib/gcc/avr/4.5.3/../../../avr/lib/avr6/libc.a(fp_powsodd.o)
                0x000000000001ba5a                __fp_powsodd
 .text.avr-libc.fplib
                0x000000000001ba7c        0xe /usr/lib/gcc/avr/4.5.3/../../../avr/lib/avr6/libc.a(fp_pscA.o)
                0x000000000001ba7c                __fp_pscA
 .text.avr-libc.fplib
                0x000000000001ba8a        0xe /usr/lib/gcc/avr/4.5.3/../../../avr/lib/avr6/libc.a(fp_pscB.o)
                0x000000000001ba8a                __fp_pscB
 .text.avr-libc.fplib
                0x000000000001ba98       0x50 /usr/lib/gcc/avr/4.5.3/../../../avr/lib/avr6/libc.a(fp_rempio2.o)
                0x000000000001ba9a                __fp_rempio2
 .text.avr-libc.fplib
                0x000000000001bae8       0x22 /usr/lib/gcc/avr/4.5.3/../../../avr/lib/avr6/libc.a(fp_round.o)
                0x000000000001bae8                __fp_round
 .text.avr-libc.fplib
                0x000000000001bb0a       0x22 /usr/lib/gcc/avr/4.5.3/../../../avr/lib/avr6/libc.a(fp_sinus.o)
                0x000000000001bb0a                __fp_sinus
 .text.avr-libc.fplib
                0x000000000001bb2c       0x44 /usr/lib/gcc/avr/4.5.3/../../../avr/lib/avr6/libc.a(fp_split3.o)
                0x000000000001bb2c                __fp_split3
                0x000000000001bb3c                __fp_splitA
 .text.avr-libc.fplib
                0x000000000001bb70       0x2e /usr/lib/gcc/avr/4.5.3/../../../avr/lib/avr6/libc.a(fp_trunc.o)
                0x000000000001bb70                __fp_trunc
 .text.avr-libc.fplib
                0x000000000001bb9e        0xe /usr/lib/gcc/avr/4.5.3/../../../avr/lib/avr6/libc.a(fp_zero.o)
                0x000000000001bb9e                __fp_zero
                0x000000000001bba0                __fp_szero
 .text.avr-libc.fplib
                0x000000000001bbac        0x8 /usr/lib/gcc/avr/4.5.3/../../../avr/lib/avr6/libc.a(gesf2.o)
                0x000000000001bbac                __gtsf2
                0x000000000001bbac                __gesf2
 .text.avr-libc.fplib
                0x000000000001bbb4        0x4 /usr/lib/gcc/avr/4.5.3/../../../avr/lib/avr6/libc.a(mulsf3.o)
                0x000000000001bbb4                __mulsf3
 .text.avr-libc.fplib
                0x000000000001bbb8       0xc2 /usr/lib/gcc/avr/4.5.3/../../../avr/lib/avr6/libc.a(mulsf3x.o)
                0x000000000001bbcc                __mulsf3x
                0x000000000001bbd0                __mulsf3_pse
 .text.avr-libc.fplib
                0x000000000001bc7a       0x98 /usr/lib/gcc/avr/4.5.3/../../../avr/lib/avr6/libc.a(pow.o)
                0x000000000001bc7a                pow
 .text.avr-libc.fplib
                0x000000000001bd12        0xc /usr/lib/gcc/avr/4.5.3/../../../avr/lib/avr6/libc.a(sin.o)
                0x000000000001bd12                sin
 .text.avr-libc.fplib
                0x000000000001bd1e       0x84 /usr/lib/gcc/avr/4.5.3/../../../avr/lib/avr6/libc.a(sqrt.o)
                0x000000000001bd26                sqrt
 .text.avr-libc
                0x000000000001bda2      0x420 /usr/lib/gcc/avr/4.5.3/../../../avr/lib/avr6/libc.a(vfprintf_std.o)
                0x000000000001bda2                vfprintf
 .text.avr-libc
                0x000000000001c1c2       0x10 /usr/lib/gcc/avr/4.5.3/../../../avr/lib/avr6/libc.a(eerd_byte_atmega2560.o)
                0x000000000001c1c2                __eerd_byte_m2560
 .text.avr-libc
                0x000000000001c1d2       0x1c /usr/lib/gcc/avr/4.5.3/../../../avr/lib/avr6/libc.a(eewr_byte_atmega2560.o)
                0x000000000001c1d2                __eewr_byte_m2560
                0x000000000001c1d4                __eewr_r18_m2560
 .text.avr-libc
                0x000000000001c1ee        0x6 /usr/lib/gcc/avr/4.5.3/../../../avr/lib/avr6/libc.a(cty_isfalse.o)
                0x000000000001c1ee                __ctype_isfalse
                0x000000000001c1f2                __ctype_istrue
 .text.avr-libc