Archive member included because of file (symbol)

/home/jkw/Store/17 - Speedmaster/Firmware/inc/libArduinoCore2560.a(WInterrupts.c.o)
                              ./dz.o (attachInterrupt)
/home/jkw/Store/17 - Speedmaster/Firmware/inc/libArduinoCore2560.a(wiring.c.o)
                              ./blinker.o (millis)
/home/jkw/Store/17 - Speedmaster/Firmware/inc/libArduinoCore2560.a(wiring_analog.c.o)
                              ./temperature.o (analogRead)
/home/jkw/Store/17 - Speedmaster/Firmware/inc/libArduinoCore2560.a(wiring_digital.c.o)
                              ./aktors.o (pinMode)
/home/jkw/Store/17 - Speedmaster/Firmware/inc/libArduinoCore2560.a(HardwareSerial.cpp.o)
                              ./main.o (_ZN14HardwareSerial5beginEl)
/home/jkw/Store/17 - Speedmaster/Firmware/inc/libArduinoCore2560.a(Print.cpp.o)
                              /home/jkw/Store/17 - Speedmaster/Firmware/inc/libArduinoCore2560.a(HardwareSerial.cpp.o) (_ZN5Print5writeEPKc)
/home/jkw/Store/17 - Speedmaster/Firmware/inc/libArduinoCore2560.a(WString.cpp.o)
                              /home/jkw/Store/17 - Speedmaster/Firmware/inc/libArduinoCore2560.a(Print.cpp.o) (_ZNK6StringixEj)
/usr/lib/gcc/avr/4.5.3/../../../avr/lib/avr6/libc.a(malloc.o)
                              ./config.o (malloc)
/usr/lib/gcc/avr/4.5.3/../../../avr/lib/avr6/libc.a(exit.o)
                              /usr/lib/gcc/avr/4.5.3/../../../avr/lib/avr6/crtm2560.o (exit)
/usr/lib/gcc/avr/4.5.3/../../../avr/lib/avr6/libc.a(isalpha.o)
                              ./inc/istream.o (isupper)
/usr/lib/gcc/avr/4.5.3/../../../avr/lib/avr6/libc.a(isspace.o)
                              ./inc/istream.o (isspace)
/usr/lib/gcc/avr/4.5.3/../../../avr/lib/avr6/libc.a(tolower.o)
                              /home/jkw/Store/17 - Speedmaster/Firmware/inc/libArduinoCore2560.a(WString.cpp.o) (tolower)
/usr/lib/gcc/avr/4.5.3/../../../avr/lib/avr6/libc.a(toupper.o)
                              /home/jkw/Store/17 - Speedmaster/Firmware/inc/libArduinoCore2560.a(WString.cpp.o) (toupper)
/usr/lib/gcc/avr/4.5.3/../../../avr/lib/avr6/libc.a(strcmp_P.o)
                              ./config.o (strcmp_P)
/usr/lib/gcc/avr/4.5.3/../../../avr/lib/avr6/libc.a(strcpy_P.o)
                              ./config.o (strcpy_P)
/usr/lib/gcc/avr/4.5.3/../../../avr/lib/avr6/libc.a(strlen_P.o)
                              ./inc/ostream.o (strlen_P)
/usr/lib/gcc/avr/4.5.3/../../../avr/lib/avr6/libc.a(memcmp.o)
                              ./inc/SdFile.o (memcmp)
/usr/lib/gcc/avr/4.5.3/../../../avr/lib/avr6/libc.a(memcpy.o)
                              ./inc/SdFile.o (memcpy)
/usr/lib/gcc/avr/4.5.3/../../../avr/lib/avr6/libc.a(memset.o)
                              ./gps.o (memset)
/usr/lib/gcc/avr/4.5.3/../../../avr/lib/avr6/libc.a(strcat.o)
                              /home/jkw/Store/17 - Speedmaster/Firmware/inc/libArduinoCore2560.a(WString.cpp.o) (strcat)
/usr/lib/gcc/avr/4.5.3/../../../avr/lib/avr6/libc.a(strchr.o)
                              ./inc/SdFile.o (strchr)
/usr/lib/gcc/avr/4.5.3/../../../avr/lib/avr6/libc.a(strcmp.o)
                              ./config.o (strcmp)
/usr/lib/gcc/avr/4.5.3/../../../avr/lib/avr6/libc.a(strcpy.o)
                              ./config.o (strcpy)
/usr/lib/gcc/avr/4.5.3/../../../avr/lib/avr6/libc.a(strncmp.o)
                              ./config.o (strncmp)
/usr/lib/gcc/avr/4.5.3/../../../avr/lib/avr6/libc.a(strncpy.o)
                              /home/jkw/Store/17 - Speedmaster/Firmware/inc/libArduinoCore2560.a(WString.cpp.o) (strncpy)
/usr/lib/gcc/avr/4.5.3/../../../avr/lib/avr6/libc.a(strrchr.o)
                              /home/jkw/Store/17 - Speedmaster/Firmware/inc/libArduinoCore2560.a(WString.cpp.o) (strrchr)
/usr/lib/gcc/avr/4.5.3/../../../avr/lib/avr6/libc.a(strstr.o)
                              /home/jkw/Store/17 - Speedmaster/Firmware/inc/libArduinoCore2560.a(WString.cpp.o) (strstr)
/usr/lib/gcc/avr/4.5.3/../../../avr/lib/avr6/libc.a(itoa.o)
                              /home/jkw/Store/17 - Speedmaster/Firmware/inc/libArduinoCore2560.a(WString.cpp.o) (itoa)
/usr/lib/gcc/avr/4.5.3/../../../avr/lib/avr6/libc.a(ltoa.o)
                              /home/jkw/Store/17 - Speedmaster/Firmware/inc/libArduinoCore2560.a(WString.cpp.o) (ltoa)
/usr/lib/gcc/avr/4.5.3/../../../avr/lib/avr6/libc.a(ultoa.o)
                              /home/jkw/Store/17 - Speedmaster/Firmware/inc/libArduinoCore2560.a(WString.cpp.o) (ultoa)
/usr/lib/gcc/avr/4.5.3/../../../avr/lib/avr6/libc.a(sprintf.o)
                              ./clock_me.o (sprintf)
/usr/lib/gcc/avr/4.5.3/../../../avr/lib/avr6/libc.a(addsf3.o)
                              ./aktors.o (__subsf3)
/usr/lib/gcc/avr/4.5.3/../../../avr/lib/avr6/libc.a(addsf3x.o)
                              /usr/lib/gcc/avr/4.5.3/../../../avr/lib/avr6/libc.a(addsf3.o) (__addsf3x)
/usr/lib/gcc/avr/4.5.3/../../../avr/lib/avr6/libc.a(asin.o)
                              ./gps.o (asin)
[...]
Memory Configuration

Name             Origin             Length             Attributes
text             0x0000000000000000 0x0000000000100000 xr
data             0x0000000000800200 0x000000000000fe00 rw !x
eeprom           0x0000000000810000 0x0000000000010000 rw !x
fuse             0x0000000000820000 0x0000000000000400 rw !x
lock             0x0000000000830000 0x0000000000000400 rw !x
signature        0x0000000000840000 0x0000000000000400 rw !x
*default*        0x0000000000000000 0xffffffffffffffff

Linker script and memory map

Address of section .data set to 0x800200
LOAD /usr/lib/gcc/avr/4.5.3/../../../avr/lib/avr6/crtm2560.o
LOAD ./aktors.o
LOAD ./blinker.o
LOAD ./clock_me.o
LOAD ./config.o
LOAD ./debug.o
LOAD ./display.o
LOAD ./dz.o
LOAD ./file_manager_v2.o
LOAD ./fuel.o
LOAD ./gear.o
LOAD ./gps.o
LOAD ./helper.o
LOAD ./main.o
LOAD ./menu.o
LOAD ./oiler.o
LOAD ./reset.o
LOAD ./sd.o
LOAD ./sensors.o
LOAD ./speed.o
LOAD ./speedo.o
LOAD ./sprint.o
LOAD ./stepper.o
LOAD ./temperature.o
LOAD ./tetris.o
LOAD ./timer.o
LOAD ./voltage.o
LOAD ./inc/EEPROM.o
LOAD ./inc/Sd2Card.o
LOAD ./inc/SdFat.o
LOAD ./inc/SdFatUtil.o
LOAD ./inc/SdFile.o
LOAD ./inc/SdStream.o
LOAD ./inc/SdVolume.o
LOAD ./inc/Wire.o
LOAD ./inc/istream.o
LOAD ./inc/ostream.o
LOAD ./inc/pins_arduino.o
LOAD ./inc/ssd0323.o
LOAD ./inc/twi.o
LOAD /home/jkw/Store/17 - Speedmaster/Firmware/inc/libArduinoCore2560.a
LOAD /usr/lib/gcc/avr/4.5.3/../../../avr/lib/avr6/libc.a
LOAD /usr/lib/gcc/avr/4.5.3/avr6/libgcc.a
LOAD /usr/lib/gcc/avr/4.5.3/../../../avr/lib/avr6/libm.a
LOAD /usr/lib/gcc/avr/4.5.3/../../../avr/lib/avr6/libc.a
LOAD /usr/lib/gcc/avr/4.5.3/avr6/libgcc.a
LOAD /usr/lib/gcc/avr/4.5.3/../../../avr/lib/avr6/libc.a
LOAD /usr/lib/gcc/avr/4.5.3/avr6/libgcc.a

.hash
 *(.hash)

.dynsym
 *(.dynsym)

.dynstr
 *(.dynstr)

.gnu.version
 *(.gnu.version)

.gnu.version_d
 *(.gnu.version_d)

.gnu.version_r
 *(.gnu.version_r)

.rel.init
 *(.rel.init)

.rela.init
 *(.rela.init)

.rel.text
 *(.rel.text)
 *(.rel.text.*)
 *(.rel.gnu.linkonce.t*)

.rela.text
 *(.rela.text)
 *(.rela.text.*)
 *(.rela.gnu.linkonce.t*)

.rel.fini
 *(.rel.fini)

.rela.fini
 *(.rela.fini)

.rel.rodata
 *(.rel.rodata)
 *(.rel.rodata.*)
 *(.rel.gnu.linkonce.r*)

.rela.rodata
 *(.rela.rodata)
 *(.rela.rodata.*)
 *(.rela.gnu.linkonce.r*)

.rel.data
 *(.rel.data)
 *(.rel.data.*)
 *(.rel.gnu.linkonce.d*)

.rela.data
 *(.rela.data)
 *(.rela.data.*)
 *(.rela.gnu.linkonce.d*)

.rel.ctors
 *(.rel.ctors)

.rela.ctors
 *(.rela.ctors)

.rel.dtors
 *(.rel.dtors)

.rela.dtors
 *(.rela.dtors)

.rel.got
 *(.rel.got)

.rela.got
 *(.rela.got)

.rel.bss
 *(.rel.bss)

.rela.bss
 *(.rela.bss)

.rel.plt
 *(.rel.plt)

.rela.plt
 *(.rela.plt)

.text           0x0000000000000000    0x25746
 *(.vectors)
 .vectors       0x0000000000000000       0xe4 /usr/lib/gcc/avr/4.5.3/../../../avr/lib/avr6/crtm2560.o
                0x0000000000000000                __vectors
                0x0000000000000000                __vector_default
 *(.vectors)
 *(.progmem.gcc*)
 .progmem.gcc_fplib
                0x00000000000000e4       0x14 /usr/lib/gcc/avr/4.5.3/../../../avr/lib/avr6/libc.a(asin.o)
 .progmem.gcc_fplib
                0x00000000000000f8       0x28 /usr/lib/gcc/avr/4.5.3/../../../avr/lib/avr6/libc.a(fp_arccos.o)
 .progmem.gcc_fplib
                0x0000000000000120       0x1e /usr/lib/gcc/avr/4.5.3/../../../avr/lib/avr6/libc.a(fp_sinus.o)
 .progmem.gcc_fplib
                0x000000000000013e       0x28 /usr/lib/gcc/avr/4.5.3/../../../avr/lib/avr6/libc.a(exp.o)
 .progmem.gcc_fplib
                0x0000000000000166       0x5a /usr/lib/gcc/avr/4.5.3/../../../avr/lib/avr6/libc.a(log.o)
 *(.progmem*)
 .progmem.data  0x00000000000001c0       0x12 ./blinker.o
 .progmem.data  0x00000000000001d2       0x10 ./clock_me.o
 .progmem.data  0x00000000000001e2      0xa2a ./config.o
 .progmem.data  0x0000000000000c0c       0xaa ./display.o
 .progmem.data  0x0000000000000cb6      0x113 ./file_manager_v2.o
 .progmem.data  0x0000000000000dc9       0x51 ./gear.o
 .progmem.data  0x0000000000000e1a       0x45 ./gps.o
 .progmem.data  0x0000000000000e5f       0x3c ./main.o
 .progmem.data  0x0000000000000e9b      0x895 ./menu.o
                0x0000000000000e9b                main_m_0
                0x0000000000000ea8                main_m_1
                0x0000000000000eb7                main_m_2
                0x0000000000000ec5                main_m_3
                0x0000000000000eca                main_m_4
                0x0000000000000edb                main_m_5
                0x0000000000000ee8                main_m_6
                0x0000000000000ef1                main_m_7
                0x0000000000000f00                main_m_8
                0x0000000000000f10                menu_main
                0x0000000000000f22                setup_m_0
                0x0000000000000f31                setup_m_1
                0x0000000000000f41                setup_m_2
                0x0000000000000f52                setup_m_3
                0x0000000000000f62                setup_m_4
                0x0000000000000f75                setup_m_5
                0x0000000000000f87                setup_m_6
                0x0000000000000f95                setup_m_7
                0x0000000000000fa1                setup_m_8
                0x0000000000000faa                menu_setup
                0x0000000000000fbc                custom_m_0
                0x0000000000000fc9                custom_m_1
                0x0000000000000fd7                custom_m_2
                0x0000000000000fe5                custom_m_3
                0x0000000000000ff3                custom_m_4
                0x0000000000001000                custom_m_5
                0x000000000000100f                custom_m_6
                0x0000000000001014                custom_m_7
                0x0000000000001026                custom_m_8
                0x0000000000001035                menu_custom
                0x0000000000001047                fade_m_0
                0x0000000000001057                fade_m_1
                0x0000000000001066                fade_m_2
                0x0000000000001073                fade_m_3
                0x0000000000001085                fade_m_4
                0x000000000000108a                fade_m_5
                0x000000000000108f                fade_m_6
                0x0000000000001094                fade_m_7
                0x0000000000001099                fade_m_8
                0x000000000000109e                menu_fade
                0x00000000000010b0                einfo_m_0
                0x00000000000010c1                einfo_m_1
                0x00000000000010d2                einfo_m_2
                0x00000000000010dd                einfo_m_3
                0x00000000000010e2                einfo_m_4
                0x00000000000010e7                einfo_m_5
                0x00000000000010ec                einfo_m_6
                0x00000000000010f1                einfo_m_7
                0x00000000000010f6                einfo_m_8
                0x0000000000001100                menu_einfo
                0x0000000000001112                navi_m_0
                0x0000000000001120                navi_m_1
                0x000000000000112f                navi_m_2
                0x000000000000113b                navi_m_3
                0x000000000000114b                navi_m_4
                0x0000000000001150                navi_m_5
                0x0000000000001155                navi_m_6
                0x000000000000115a                navi_m_7
                0x000000000000115f                navi_m_8
                0x0000000000001164                menu_navi
                0x0000000000001176                titel_0
                0x0000000000001184                titel_1
                0x0000000000001185                titel_2
                0x0000000000001186                titel_3
                0x0000000000001195                titel_4
                0x0000000000001196                titel_5
                0x00000000000011a6                titel_6
                0x00000000000011b4                titel_7
                0x00000000000011be                titel_8
                0x00000000000011bf                titel_9
                0x00000000000011cc                menu_titel
                0x00000000000011e0                trip_setup_m_0
                0x00000000000011e6                trip_setup_m_1
                0x00000000000011f3                trip_setup_m_2
                0x00000000000011f7                trip_setup_m_3
                0x00000000000011fc                trip_setup_m_4
                0x0000000000001202                trip_setup_m_5
                0x0000000000001207                trip_setup_m_6
                0x000000000000120d                trip_setup_m_7
                0x0000000000001214                trip_setup_m_8
                0x000000000000121a                menu_trip_setup
 .progmem.data  0x0000000000001730       0x10 ./oiler.o
 .progmem.data  0x0000000000001740       0x19 ./reset.o
 .progmem.data  0x0000000000001759       0x39 ./sd.o
 .progmem.data  0x0000000000001792       0x12 ./sensors.o
 .progmem.data  0x00000000000017a4       0x12 ./speed.o
 .progmem.data  0x00000000000017b6       0xaa ./speedo.o
 .progmem.data  0x0000000000001860        0xe ./sprint.o
 .progmem.data  0x000000000000186e       0x45 ./tetris.o
 .progmem.data  0x00000000000018b3        0x9 ./voltage.o
 .progmem.data  0x00000000000018bc       0xc0 ./inc/SdFat.o
 .progmem.data  0x000000000000197c       0x13 ./inc/SdFile.o
 .progmem.data  0x000000000000198f        0xb ./inc/istream.o
 .progmem.data  0x000000000000199a       0x13 ./inc/ostream.o
 .progmem.data  0x00000000000019ad      0x120 ./inc/pins_arduino.o
                0x00000000000019ad                port_to_mode_PGM
                0x00000000000019c7                port_to_output_PGM
                0x00000000000019e1                port_to_input_PGM
                0x00000000000019fb                digital_pin_to_port_PGM
                0x0000000000001a41                digital_pin_to_bit_mask_PGM
                0x0000000000001a87                digital_pin_to_timer_PGM
 .progmem.data  0x0000000000001acd      0xcc0 ./inc/ssd0323.o
                0x000000000000278e                . = ALIGN (0x2)
 *fill*         0x000000000000278d        0x1 00
                0x000000000000278e                __trampolines_start = .
 *(.trampolines)
 .trampolines   0x000000000000278e       0x20 linker stubs
 *(.trampolines*)
                0x00000000000027ae                __trampolines_end = .
 *(.jumptables)
 *(.jumptables*)
 *(.lowtext)
 *(.lowtext*)
                0x00000000000027ae                __ctors_start = .
 *(.ctors)
 .ctors         0x00000000000027ae        0x2 ./main.o
 .ctors         0x00000000000027b0        0x2 ./inc/Wire.o
 .ctors         0x00000000000027b2        0x2 /home/jkw/Store/17 - Speedmaster/Firmware/inc/libArduinoCore2560.a(HardwareSerial.cpp.o)
                0x00000000000027b4                __ctors_end = .
                0x00000000000027b4                __dtors_start = .
 *(.dtors)
                0x00000000000027b4                __dtors_end = .
 SORT(*)(.ctors)
 SORT(*)(.dtors)
 *(.init0)
 .init0         0x00000000000027b4        0x0 /usr/lib/gcc/avr/4.5.3/../../../avr/lib/avr6/crtm2560.o
                0x00000000000027b4                __init
 *(.init0)
 *(.init1)
 *(.init1)
 *(.init2)
 .init2         0x00000000000027b4       0x10 /usr/lib/gcc/avr/4.5.3/../../../avr/lib/avr6/crtm2560.o
 *(.init2)
 *(.init3)
 *(.init3)
 *(.init4)
 .init4         0x00000000000027c4       0x1a /usr/lib/gcc/avr/4.5.3/avr6/libgcc.a(_copy_data.o)
                0x00000000000027c4                __do_copy_data
 .init4         0x00000000000027de       0x10 /usr/lib/gcc/avr/4.5.3/avr6/libgcc.a(_clear_bss.o)
                0x00000000000027de                __do_clear_bss
 *(.init4)
 *(.init5)
 *(.init5)
 *(.init6)
 .init6         0x00000000000027ee       0x20 /usr/lib/gcc/avr/4.5.3/avr6/libgcc.a(_ctors.o)
                0x00000000000027ee                __do_global_ctors
 *(.init6)
 *(.init7)
 *(.init7)
 *(.init8)
 *(.init8)
 *(.init9)
 .init9         0x000000000000280e        0x8 /usr/lib/gcc/avr/4.5.3/../../../avr/lib/avr6/crtm2560.o
 *(.init9)
 *(.text)
 .text          0x0000000000002816        0x4 /usr/lib/gcc/avr/4.5.3/../../../avr/lib/avr6/crtm2560.o
                0x0000000000002816                __vector_38
                0x0000000000002816                __vector_22
                0x0000000000002816                __vector_28
                0x0000000000002816                __vector_32
                0x0000000000002816                __vector_34
                0x0000000000002816                __vector_24
                0x0000000000002816                __vector_12
                0x0000000000002816                __vector_55
                0x0000000000002816                __vector_46
                0x0000000000002816                __bad_interrupt
                0x0000000000002816                __vector_31
                0x0000000000002816                __vector_30
                0x0000000000002816                __vector_45
                0x0000000000002816                __vector_11
                0x0000000000002816                __vector_13
                0x0000000000002816                __vector_17
                0x0000000000002816                __vector_19
                0x0000000000002816                __vector_56
                0x0000000000002816                __vector_49
                0x0000000000002816                __vector_41
                0x0000000000002816                __vector_43
                0x0000000000002816                __vector_27
                0x0000000000002816                __vector_33
                0x0000000000002816                __vector_47
                0x0000000000002816                __vector_52
                0x0000000000002816                __vector_37
                0x0000000000002816                __vector_44
                0x0000000000002816                __vector_9
                0x0000000000002816                __vector_21
                0x0000000000002816                __vector_15
                0x0000000000002816                __vector_29
                0x0000000000002816                __vector_40
                0x0000000000002816                __vector_26
                0x0000000000002816                __vector_48
                0x0000000000002816                __vector_14
                0x0000000000002816                __vector_53
                0x0000000000002816                __vector_10
                0x0000000000002816                __vector_50
                0x0000000000002816                __vector_16
                0x0000000000002816                __vector_18
                0x0000000000002816                __vector_20
                0x0000000000002816                __vector_42
 .text          0x000000000000281a     0x11d0 ./aktors.o
                0x000000000000281a                _ZN13Speedo_aktorsC2Ev
                0x000000000000281a                _ZN13Speedo_aktorsC1Ev
                0x0000000000002840                _ZN13Speedo_aktorsD2Ev
                0x0000000000002840                _ZN13Speedo_aktorsD1Ev
                0x0000000000002842                _ZN13Speedo_aktors10set_rgb_inEiiii
                0x0000000000002902                _ZN13Speedo_aktors10set_rgb_inEiii
                0x0000000000002912                _ZN13Speedo_aktors11set_rgb_outEiiii
                0x00000000000029c0                _ZN13Speedo_aktors11set_rgb_outEiii
                0x00000000000029d0                _ZN13Speedo_aktors11dimm_rgb_toEiiiii
                0x0000000000002a76                _ZN13Speedo_aktors4initEv
                0x0000000000002b3a                _ZN13Speedo_aktors14timer_overflowEv
                0x0000000000002f7e                _ZN13Speedo_aktors14dimm_availableEv
                0x0000000000002f94                __vector_35
                0x0000000000002fea                _ZN13Speedo_aktors17update_outer_ledsEv
 .text          0x00000000000039ea      0x150 ./blinker.o
                0x00000000000039ea                _ZN13moped_blinkerC1Ev
                0x00000000000039ea                _ZN13moped_blinkerC2Ev
                0x00000000000039ec                _ZN13moped_blinkerD2Ev
                0x00000000000039ec                _ZN13moped_blinkerD1Ev
                0x00000000000039ee                _ZN13moped_blinker5checkEv
                0x0000000000003a98                _ZN13moped_blinker9set_startEmi
                0x0000000000003ac6                _ZN13moped_blinker4warnEm
                0x0000000000003b0a                _ZN13moped_blinker4initEv
 .text          0x0000000000003b3a      0x324 ./clock_me.o
                0x0000000000003b3a                _ZN12speedo_clockC2Ev
                0x0000000000003b3a                _ZN12speedo_clockC1Ev
                0x0000000000003b3c                _ZN12speedo_clockD1Ev
                0x0000000000003b3c                _ZN12speedo_clockD2Ev
                0x0000000000003b3e                _ZN12speedo_clock7changedEPi
                0x0000000000003b64                _ZN12speedo_clock8decToBcdEc
                0x0000000000003b74                _ZN12speedo_clock8bcdToDecEc
                0x0000000000003b8c                _ZN12speedo_clock13set_date_timeEiiiiiiii
                0x0000000000003c9a                _ZN12speedo_clock4initEv
                0x0000000000003cc8                _ZN12speedo_clock7getdateEv
                0x0000000000003cec                _ZN12speedo_clock13get_long_dateEv
                0x0000000000003d78                _ZN12speedo_clock9get_daylsEv
                0x0000000000003d80                _ZN12speedo_clock6get_ssEv
                0x0000000000003d8a                _ZN12speedo_clock3incEv
                0x0000000000003dd6                _ZN12speedo_clock4copyEPc
 .text          0x0000000000003e5e     0x40ba ./config.o
                0x0000000000003e5e                _ZN6SdFileD1Ev
                0x0000000000003e74                _ZN13configurationC2Ev
                0x0000000000003e74                _ZN13configurationC1Ev
                0x0000000000003e76                _ZN13configuration8ram_infoEv
                0x0000000000003eb2                _ZN13configurationD1Ev
                0x0000000000003eb2                _ZN13configurationD2Ev
                0x0000000000003eb4                _ZN13configuration5writeEPKc
                0x0000000000005bb2                _ZN13configuration5checkEv
                0x0000000000005ce2                _ZN13configuration4initEv
                0x000000000000615e                _ZN13configuration11parse_floatEPciPf
                0x00000000000063e0                _ZN13configuration10parse_boolEPciPb
                0x000000000000641c                _ZN13configuration9parse_intEPciPi
                0x0000000000006472                _ZN13configuration11parse_shortEPciPs
                0x00000000000064bc                _ZN13configuration7parse_aEPciS0_i
                0x000000000000652a                _ZN13configuration8parse_ulEPciPm
                0x00000000000065d4                _ZN13configuration5parseEPc
                0x00000000000077ce                _ZN13configuration4readEPKc
                0x0000000000007a52                _ZN13configuration9read_skinEv
                0x0000000000007ae6                _ZN13configuration7km_saveEv
                0x0000000000007cbe                _ZN13configuration11EEPROM_initEv
 .text          0x0000000000007f18       0x6e ./debug.o
                0x0000000000007f18                _ZN9debuggingC1Ev
                0x0000000000007f18                _ZN9debuggingC2Ev
                0x0000000000007f1a                _ZN9debuggingD1Ev
                0x0000000000007f1a                _ZN9debuggingD2Ev
                0x0000000000007f1c                _ZN9debugging7sprintpEPKc
                0x0000000000007f46                _ZN9debugging9sprintlnpEPKc
                0x0000000000007f78                _ZN9debugging11parse_floatEiPciii
                0x0000000000007f7a                _ZN9debugging9parse_intEv
                0x0000000000007f7c                _ZN9debugging5parseEiPc
                0x0000000000007f7e                _ZN9debugging7parse_aEiPc
                0x0000000000007f80                _ZN9debugging8parse_ulEim
                0x0000000000007f82                _ZN9debugging11speedo_loopEiimPKc
                0x0000000000007f84                _ZN9debugging4loopEv
 .text          0x0000000000007f86     0x184c ./display.o
                0x0000000000007f9c                _ZN11speedo_dispC1Ev
                0x0000000000007f9c                _ZN11speedo_dispC2Ev
                0x0000000000007fa0                _ZN11speedo_dispD2Ev
                0x0000000000007fa0                _ZN11speedo_dispD1Ev
                0x0000000000007fa2                _ZN11speedo_disp8draw_oilEhh
                0x000000000000826c                _ZN11speedo_disp8draw_airEhh
                0x0000000000008376                _ZN11speedo_disp9draw_fuelEhh
                0x00000000000084a0                _ZN11speedo_disp10draw_clockEhh
                0x00000000000085ca                _ZN11speedo_disp12draw_blitzerEhh
                0x0000000000008844                _ZN11speedo_disp10draw_arrowEiii
                0x0000000000008e20                _ZN11speedo_disp6sd2ssdEPci
                0x0000000000008fb4                _ZN11speedo_disp11show_storryEPcjS0_j
                0x0000000000009250                _ZN11speedo_disp14show_animationEPKc
                0x000000000000956c                _ZN11speedo_disp12disp_waitingEihh
                0x0000000000009620                _ZN11speedo_disp9animationEi
                0x000000000000968c                _ZN11speedo_disp11init_speedoEv
 .text          0x00000000000097d2      0x1c4 ./dz.o
                0x00000000000097d2                _Z6helperv
                0x00000000000097ec                _ZN9speedo_dzC2Ev
                0x00000000000097ec                _ZN9speedo_dzC1Ev
                0x00000000000097ee                _ZN9speedo_dz7counterEv
                0x00000000000097fe                _ZN9speedo_dz4calcEv
                0x000000000000994e                _ZN9speedo_dz4initEv
 .text          0x0000000000009996      0xf04 ./file_manager_v2.o
                0x00000000000099ac                _ZN6SdFile7makeDirEPS_PKc
                0x00000000000099b2                _ZN21speedo_filemanager_v2C1Ev
                0x00000000000099b2                _ZN21speedo_filemanager_v2C2Ev
                0x00000000000099ca                _ZN21speedo_filemanager_v2D1Ev
                0x00000000000099ca                _ZN21speedo_filemanager_v2D2Ev
                0x00000000000099e2                _ZN21speedo_filemanager_v22cdEPc
                0x0000000000009a64                _ZN21speedo_filemanager_v29recv_fileEPc
                0x0000000000009d0a                _ZN21speedo_filemanager_v29send_fileEPc
                0x0000000000009dec                _ZN21speedo_filemanager_v22lsEv
                0x0000000000009df6                _ZN21speedo_filemanager_v25mkdirEPc
                0x0000000000009e2e                _ZN21speedo_filemanager_v22rmEPc
                0x0000000000009e9e                _ZN21speedo_filemanager_v25rmdirEv
                0x0000000000009ebe                _ZN21speedo_filemanager_v212get_filenameEPc
                0x0000000000009f2c                _ZN21speedo_filemanager_v23runEv
                0x000000000000a324                _ZN21speedo_filemanager_v213parse_commandEv
 .text          0x000000000000a89a      0x24c ./fuel.o
                0x000000000000a89a                _ZN11speedo_fuelC1Ev
                0x000000000000a89a                _ZN11speedo_fuelC2Ev
                0x000000000000a89c                _ZN11speedo_fuelD2Ev
                0x000000000000a89c                _ZN11speedo_fuelD1Ev
                0x000000000000a89e                _ZN11speedo_fuel8get_fuelEPc
                0x000000000000aaca                _ZN11speedo_fuel4initEv
 .text          0x000000000000aae6      0x6fa ./gear.o
                0x000000000000aae6                _ZN11speedo_gearC2Ev
                0x000000000000aae6                _ZN11speedo_gearC1Ev
                0x000000000000aae8                _ZN11speedo_gearD1Ev
                0x000000000000aae8                _ZN11speedo_gearD2Ev
                0x000000000000aaea                _ZN11speedo_gear4initEv
                0x000000000000ab12                _ZN11speedo_gear4calcEv
                0x000000000000ad76                _ZN11speedo_gear3getEv
                0x000000000000ad8e                _ZN11speedo_gear9calibrateEv
 .text          0x000000000000b1e0     0x1fa6 ./gps.o
                0x000000000000b1f6                _ZN10speedo_gpsC1Ev
                0x000000000000b1f6                _ZN10speedo_gpsC2Ev
                0x000000000000b1f8                _ZN10speedo_gpsD1Ev
                0x000000000000b1f8                _ZN10speedo_gpsD2Ev
                0x000000000000b1fa                _ZN10speedo_gps9recv_dataEv
                0x000000000000b34e                __vector_36
                0x000000000000b3a8                _ZN10speedo_gps8get_infoEi
                0x000000000000b508                _ZN10speedo_gps11store_to_sdEv
                0x000000000000b5d6                _ZN10speedo_gps3modEmm
                0x000000000000b65c                _ZN10speedo_gps11nmea_to_decEm
                0x000000000000b718                _ZN10speedo_gps9calc_distEmm
                0x000000000000b9a0                _ZN10speedo_gps9get_orderEPc
                0x000000000000bc20                _ZN10speedo_gps18generate_new_orderEv
                0x000000000000bfd8                _ZN10speedo_gps9calc_naviEv
                0x000000000000c460                _ZN10speedo_gps5parseEPci
                0x000000000000cba4                _ZN10speedo_gps10check_flagEv
                0x000000000000cbf8                _ZN10speedo_gps4loopEv
                0x000000000000ceda                _ZN10speedo_gps17get_logged_pointsEPci
                0x000000000000d056                _ZN10speedo_gps8SendByteEh
                0x000000000000d064                _ZN10speedo_gps10SendStringEPKc
                0x000000000000d094                _ZN10speedo_gps4initEv
 .text          0x000000000000d186       0x38 ./helper.o
                0x000000000000d186                __cxa_pure_virtual
                0x000000000000d18a                _Znwj
                0x000000000000d18e                _ZdlPv
                0x000000000000d192                _Znaj
                0x000000000000d196                _ZdaPv
                0x000000000000d1a0                _Z19__cxa_guard_acquirePx
                0x000000000000d1b4                _Z19__cxa_guard_releasePx
                0x000000000000d1bc                _Z17__cxa_guard_abortPx
 .text          0x000000000000d1be      0x3c2 ./main.o
                0x000000000000d1be                main
 .text          0x000000000000d580     0x7f72 ./menu.o
                0x000000000000d596                _ZN11speedo_menuC2Ev
                0x000000000000d596                _ZN11speedo_menuC1Ev
                0x000000000000d598                _ZN11speedo_menuD2Ev
                0x000000000000d598                _ZN11speedo_menuD1Ev
                0x000000000000d59a                _ZN11speedo_menu4backEv
                0x000000000000d69a                _ZN11speedo_menu5yesnoEPKcS1_S1_
                0x000000000000d7e0                _ZN11speedo_menu4drawEPPKci
                0x000000000000dab8                _ZN11speedo_menu7go_leftEv
                0x000000000000db74                _ZN11speedo_menu8go_rightEv
                0x000000000000dbd6                _ZN11speedo_menu5go_upEv
                0x000000000000dcd4                _ZN11speedo_menu7go_downEv
                0x000000000000ddbc                _ZN11speedo_menu11button_testEb
                0x000000000000dfc2                _ZN11speedo_menu4initEv
                0x000000000000e04a                _ZN11speedo_menu11set_buttonsEbbbb
                0x000000000000e05a                _ZN11speedo_menu9center_meEPci
                0x000000000000e1a0                _ZN11speedo_menu7displayEv
                0x0000000000015456                _ZN11speedo_menu8del_confEPcS0_
 .text          0x00000000000154f2       0xce ./oiler.o
                0x00000000000154f2                _ZN12speedo_oilerC2Ev
                0x00000000000154f2                _ZN12speedo_oilerC1Ev
                0x00000000000154f4                _ZN12speedo_oilerD2Ev
                0x00000000000154f4                _ZN12speedo_oilerD1Ev
                0x00000000000154f6                _ZN12speedo_oiler4initEv
                0x0000000000015516                _ZN12speedo_oiler12send_impulseEv
                0x0000000000015564                _ZN12speedo_oiler11check_valueEv
 .text          0x00000000000155c0      0x298 ./reset.o
                0x00000000000155c0                _ZN12speedo_resetC1Ev
                0x00000000000155c0                _ZN12speedo_resetC2Ev
                0x00000000000155c2                _ZN12speedo_resetD2Ev
                0x00000000000155c2                _ZN12speedo_resetD1Ev
                0x00000000000155c4                _ZN12speedo_reset10set_activeEbb
                0x000000000001560e                _ZN12speedo_reset12set_deactiveEbb
                0x0000000000015656                _ZN12speedo_reset7restoreEv
                0x000000000001566a                _ZN12speedo_reset6toggleEv
                0x00000000000156c8                _ZN12speedo_reset9ask_resetEv
                0x00000000000157ce                _ZN12speedo_reset4initEv
 .text          0x0000000000015858      0x17c ./sd.o
                0x0000000000015858                _ZN8SdVolume4initEP7Sd2Card
                0x0000000000015886                _ZN9speedo_sdC1Ev
                0x0000000000015886                _ZN9speedo_sdC2Ev
                0x00000000000158a2                _ZN9speedo_sdD1Ev
                0x00000000000158a2                _ZN9speedo_sdD2Ev
                0x00000000000158a4                _ZN9speedo_sd7error_PEPKc
                0x00000000000158fa                _ZN9speedo_sd9writeCRLFER6SdFile
                0x0000000000015908                _ZN9speedo_sd11writeStringER6SdFilePc
                0x0000000000015926                _ZN9speedo_sd10power_downEv
                0x0000000000015928                _ZN9speedo_sd8power_upEv
                0x00000000000159b6                _ZN9speedo_sd4initEv
 .text          0x00000000000159d4      0x24c ./sensors.o
                0x00000000000159d4                _ZN14Speedo_sensorsC1Ev
                0x00000000000159d4                _ZN14Speedo_sensorsC2Ev
                0x0000000000015aa8                _ZN14Speedo_sensorsD2Ev
                0x0000000000015aa8                _ZN14Speedo_sensorsD1Ev
                0x0000000000015aaa                _ZN14Speedo_sensors4initEv
                0x0000000000015b18                _ZN14Speedo_sensors6flatItEiPsif
 .text          0x0000000000015c20      0x7f0 ./speed.o
                0x0000000000015c20                _ZN12speedo_speedC2Ev
                0x0000000000015c20                _ZN12speedo_speedC1Ev
                0x0000000000015c22                _ZN12speedo_speedD2Ev
                0x0000000000015c22                _ZN12speedo_speedD1Ev
                0x0000000000015c24                _ZN12speedo_speed4calcEv
                0x0000000000015dda                _Z12helper_speedv
                0x0000000000015de8                _ZN12speedo_speed4initEv
                0x0000000000015e2e                _ZN12speedo_speed8getSpeedEv
                0x0000000000015ea8                _ZN12speedo_speed13get_sat_speedEv
                0x0000000000015ee4                _ZN12speedo_speed13get_mag_speedEv
                0x0000000000015eec                _ZN12speedo_speed12check_umfangEv
 .text          0x0000000000016410     0x1b48 ./speedo.o
                0x0000000000016410                _ZN13speedo_speedo9reset_bakEv
                0x0000000000016426                _ZN13speedo_speedo4loopEm
 .text          0x0000000000017f58      0x4f6 ./sprint.o
                0x0000000000017f58                _ZN13speedo_sprintC2Ev
                0x0000000000017f58                _ZN13speedo_sprintC1Ev
                0x0000000000017f76                _ZN13speedo_sprintD2Ev
                0x0000000000017f76                _ZN13speedo_sprintD1Ev
                0x0000000000017f78                _ZN13speedo_sprint4initEv
                0x0000000000017f96                _ZN13speedo_sprint4loopEv
 .text          0x000000000001844e      0x116 ./stepper.o
                0x000000000001844e                _ZN14speedo_stepperC2Ev
                0x000000000001844e                _ZN14speedo_stepperC1Ev
                0x0000000000018450                _ZN14speedo_stepperD2Ev
                0x0000000000018450                _ZN14speedo_stepperD1Ev
                0x0000000000018452                _ZN14speedo_stepper5go_toEii
                0x0000000000018522                _ZN14speedo_stepper4initEv
 .text          0x0000000000018564      0x5c6 ./temperature.o
                0x0000000000018564                _ZN18speedo_temperatureC1Ev
                0x0000000000018564                _ZN18speedo_temperatureC2Ev
                0x0000000000018566                _ZN18speedo_temperatureD1Ev
                0x0000000000018566                _ZN18speedo_temperatureD2Ev
                0x0000000000018568                _ZN18speedo_temperature4initEv
                0x00000000000185e0                _ZN18speedo_temperature13read_oil_tempEv
                0x0000000000018776                _ZN18speedo_temperature15read_water_tempEv
                0x000000000001890a                _ZN18speedo_temperature13read_air_tempEv
                0x00000000000189e8                _ZN18speedo_temperature12get_air_tempEv
                0x0000000000018a02                _ZN18speedo_temperature12get_oil_tempEv
                0x0000000000018a96                _ZN18speedo_temperature14get_water_tempEv
 .text          0x0000000000018b2a     0x1512 ./tetris.o
                0x0000000000018b2a                _ZN6tetrisC1Ev
                0x0000000000018b2a                _ZN6tetrisC2Ev
                0x0000000000018b2c                _ZN6tetrisD2Ev
                0x0000000000018b2c                _ZN6tetrisD1Ev
                0x0000000000018b2e                _ZN6tetris22copy_element_to_bufferEi
                0x0000000000018bde                _ZN6tetris11new_elementEv
                0x0000000000018cd6                _ZN6tetris4initEv
                0x0000000000018d1e                _ZN6tetris13initDrawFieldEv
                0x000000000001904e                _ZN6tetris11updateFieldEv
                0x0000000000019180                _ZN6tetris11check_stackEv
                0x00000000000195cc                _ZN6tetris4loopEv
                0x0000000000019f5a                _ZN6tetris3runEv
                0x0000000000019f8e                _ZN6tetris19show_grid_on_serialEv
 .text          0x000000000001a03c      0x28a ./timer.o
                0x000000000001a03c                _ZN12speedo_timerC2Ev
                0x000000000001a03c                _ZN12speedo_timerC1Ev
                0x000000000001a076                _ZN12speedo_timerD2Ev
                0x000000000001a076                _ZN12speedo_timerD1Ev
                0x000000000001a078                _Z8ram_infov
                0x000000000001a0a4                _ZN12speedo_timer9every_secEP13configuration
                0x000000000001a158                _ZN12speedo_timer10every_qsecEv
                0x000000000001a1aa                _ZN12speedo_timer12every_customEv
 .text          0x000000000001a2c6      0x278 ./voltage.o
                0x000000000001a2c6                _ZN14speedo_voltageC2Ev
                0x000000000001a2c6                _ZN14speedo_voltageC1Ev
                0x000000000001a2c8                _ZN14speedo_voltageD2Ev
                0x000000000001a2c8                _ZN14speedo_voltageD1Ev
                0x000000000001a2ca                _ZN14speedo_voltage4calcEv
                0x000000000001a3d2                _ZN14speedo_voltage3getEv
                0x000000000001a3e6                _ZN14speedo_voltage4initEv
                0x000000000001a402                _ZN14speedo_voltage4loopEv
 .text          0x000000000001a53e        0xe ./inc/EEPROM.o
                0x000000000001a53e                _ZN11EEPROMClass4readEi
                0x000000000001a544                _ZN11EEPROMClass5writeEih
 .text          0x000000000001a54c      0x856 ./inc/Sd2Card.o
                0x000000000001a582                _ZN7Sd2Card14chipSelectHighEv
                0x000000000001a58c                _ZN7Sd2Card13chipSelectLowEv
                0x000000000001a5a4                _ZN7Sd2Card8readDataEPhj
                0x000000000001a5f6                _ZN7Sd2Card10setSckRateEh
                0x000000000001a60a                _ZN7Sd2Card11waitNotBusyEj
                0x000000000001a640                _ZN7Sd2Card11cardCommandEhm
                0x000000000001a6ce                _ZN7Sd2Card8cardAcmdEhm
                0x000000000001a708                _ZN7Sd2Card4initEhh
                0x000000000001a860                _ZN7Sd2Card14waitStartBlockEv
                0x000000000001a8aa                _ZN7Sd2Card12readRegisterEhPv
                0x000000000001a8ee                _ZN7Sd2Card7readCSDEP5csd_t
                0x000000000001a8f4                _ZN7Sd2Card22eraseSingleBlockEnableEv
                0x000000000001a92e                _ZN7Sd2Card5eraseEmm
                0x000000000001aa54                _ZN7Sd2Card8cardSizeEv
                0x000000000001ab5a                _ZN7Sd2Card9readBlockEmPh
                0x000000000001abc8                _ZN7Sd2Card9writeDataEhPKh
                0x000000000001ac24                _ZN7Sd2Card9writeDataEPKh
                0x000000000001ac66                _ZN7Sd2Card10writeBlockEmPKh
                0x000000000001acfa                _ZN7Sd2Card10writeStartEmm
                0x000000000001ad66                _ZN7Sd2Card9writeStopEv
 .text          0x000000000001ada2      0x43a ./inc/SdFat.o
                0x000000000001ade6                _ZN5SdFat5chdirEv
                0x000000000001ae16                _ZN5SdFat5chdirEPKc
                0x000000000001aef8                _ZN5SdFat10errorPrintEv
                0x000000000001af26                _ZN5SdFat9errorHaltEv
                0x000000000001af2a                _ZN5SdFat10errorPrintEPKc
                0x000000000001af54                _ZN5SdFat9errorHaltEPKc
                0x000000000001af58                _ZN5SdFat12errorPrint_PEPKc
                0x000000000001af7c                _ZN5SdFat11errorHalt_PEPKc
                0x000000000001af80                _ZN5SdFat6existsEPKc
                0x000000000001af86                _ZN5SdFat4initEhh
                0x000000000001afba                _ZN5SdFat14initErrorPrintEv
                0x000000000001b002                _ZN5SdFat13initErrorHaltEv
                0x000000000001b006                _ZN5SdFat2lsEh
                0x000000000001b014                _ZN5SdFat2lsEP5Printh
                0x000000000001b01c                _ZN5SdFat5mkdirEPKcb
                0x000000000001b07c                _ZN5SdFat6removeEPKc
                0x000000000001b082                _ZN5SdFat6renameEPKcS1_
                0x000000000001b100                _ZN5SdFat5rmdirEPKc
                0x000000000001b162                _ZN5SdFat8truncateEPKcm
 .text          0x000000000001b1dc       0x8a ./inc/SdFatUtil.o
                0x000000000001b1dc                _ZN9SdFatUtil7FreeRamEv
                0x000000000001b216                _ZN9SdFatUtil7print_PEP5PrintPKc
                0x000000000001b242                _ZN9SdFatUtil9println_PEP5PrintPKc
                0x000000000001b256                _ZN9SdFatUtil13SerialPrint_PEPKc
                0x000000000001b25e                _ZN9SdFatUtil15SerialPrintln_PEPKc
 .text          0x000000000001b266     0x2794 ./inc/SdFile.o
                0x000000000001b292                _ZN8SdVolume9fatPutEOCEm
                0x000000000001b2a8                _ZN6SdFile10addClusterEv
                0x000000000001b2fc                _ZN6SdFile13addDirClusterEv
                0x000000000001b416                _ZN6SdFile13cacheDirEntryEh
                0x000000000001b452                _ZN6SdFile15contiguousRangeEPmS0_
                0x000000000001b5b6                _ZN6SdFile7dirNameERK14directoryEntryPc
                0x000000000001b5f2                _ZN6SdFile11getFilenameEPc
                0x000000000001b626                _ZN6SdFile6getposEP6fpos_t
                0x000000000001b654                _ZN6SdFile10make83NameEPKcPhPS1_
                0x000000000001b6d6                _ZN6SdFile8openRootEP8SdVolume
                0x000000000001b77c                _ZN6SdFile12printDirNameEP5PrintRK14directoryEntryhb
                0x000000000001b80c                _ZN6SdFile12printDirNameERK14directoryEntryhb
                0x000000000001b81c                _ZN6SdFile12printFatDateEP5Printj
                0x000000000001b876                _ZN6SdFile12printFatDateEj
                0x000000000001b87e                _ZN6SdFile12printFatTimeEP5Printj
                0x000000000001b8d2                _ZN6SdFile12printFatTimeEj
                0x000000000001b8da                _ZN6SdFile9printNameEv
                0x000000000001b926                _ZN6SdFile4readEPvj
                0x000000000001bb88                _ZN6SdFile4readEv
                0x000000000001bbb8                _ZN6SdFile4peekEv
                0x000000000001bc0e                _ZN6SdFile11lsPrintNextEP5Printhh
                0x000000000001bd8e                _ZN6SdFile9lsJKWNextEPci
                0x000000000001be84                _ZN6SdFile5fgetsEPciS0_
                0x000000000001bf58                _ZN6SdFile7readDirEP14directoryEntry
                0x000000000001bfc2                _ZN6SdFile12readDirCacheEv
                0x000000000001c038                _ZN6SdFile7seekSetEm
                0x000000000001c170                _ZN6SdFile7seekEndEl
                0x000000000001c18e                _ZN6SdFile6rewindEv
                0x000000000001c196                _ZN6SdFile6setposEP6fpos_t
                0x000000000001c1c2                _ZN6SdFile4syncEv
                0x000000000001c256                _ZN6SdFile8dirEntryEP14directoryEntry
                0x000000000001c298                _ZN6SdFile5closeEv
                0x000000000001c2c6                _ZN6SdFile9timestampEhjhhhhh
                0x000000000001c3f6                _ZN6SdFile8truncateEm
                0x000000000001c55e                _ZN6SdFile6removeEv
                0x000000000001c592                _ZN6SdFile5rmdirEv
                0x000000000001c61c                _ZN6SdFile15openCachedEntryEhh
                0x000000000001c728                _ZN6SdFile8openNextEPS_h
                0x000000000001c7be                _ZN6SdFile4openEPS_jh
                0x000000000001c83e                _ZN6SdFile8rmRfStarEv
                0x000000000001c978                _ZN6SdFile2lsEP5Printhh
                0x000000000001ca74                _ZN6SdFile2lsEh
                0x000000000001ca7e                _ZN6SdFile10openParentEPS_
                0x000000000001cc7a                _ZN6SdFile4openEPS_PKhh
                0x000000000001ce06                _ZN6SdFile4openEPS_PKch
                0x000000000001cf9e                _ZN6SdFile6removeEPS_PKc
                0x000000000001d002                _ZN6SdFile4openEPKch
                0x000000000001d012                _ZN6SdFileC1EPKch
                0x000000000001d012                _ZN6SdFileC2EPKch
                0x000000000001d022                _ZN6SdFile6existsEPKc
                0x000000000001d07c                _ZN6SdFile16createContiguousEPS_PKcm
                0x000000000001d108                _ZN6SdFile5mkdirEPS_PKh
                0x000000000001d28a                _ZN6SdFile5mkdirEPS_PKcb
                0x000000000001d43a                _ZN6SdFile6renameEPS_PKc
                0x000000000001d62e                _ZN6SdFile5writeEPKvj
                0x000000000001d97e                _ZN6SdFile5writeEPKc
                0x000000000001d992                _ZN6SdFile5writeEh
                0x000000000001d9b2                _ZN6SdFile7write_PEPKc
                0x000000000001d9e4                _ZN6SdFile9writeln_PEPKc
 .text          0x000000000001d9fa      0x2c8 ./inc/SdStream.o
                0x000000000001d9fa                _ZN6SdFile7seekCurEl
                0x000000000001da1a                _ZN6SdBase5getchEv
                0x000000000001dad4                _ZN6SdBase4openEPKch
                0x000000000001db94                _ZN6SdBase5putchEc
                0x000000000001dbf4                _ZN6SdBase6putstrEPKc
                0x000000000001dc74                _ZN6SdBase7seekoffElN8ios_base7seekdirE
                0x000000000001dcbe                _ZN6SdBase7seekposEm
 .text          0x000000000001dcc2      0xa8e ./inc/SdVolume.o
                0x000000000001dcc2                _ZN8SdVolume10cacheFlushEv
                0x000000000001dd3c                _ZN8SdVolume13cacheRawBlockEmh
                0x000000000001ddc0                _ZNK8SdVolume6fatGetEmPm
                0x000000000001dec0                _ZNK8SdVolume9chainSizeEmPm
                0x000000000001dfa6                _ZN8SdVolume6fatPutEmm
                0x000000000001e0e2                _ZN8SdVolume15allocContiguousEmPm
                0x000000000001e300                _ZN8SdVolume9freeChainEm
                0x000000000001e3b6                _ZN8SdVolume16freeClusterCountEv
                0x000000000001e4ea                _ZN8SdVolume4initEP7Sd2Cardh
 .text          0x000000000001e750      0x1f4 ./inc/Wire.o
                0x000000000001e750                _ZN7TwoWire16onReceiveServiceEPhi
                0x000000000001e7a0                _ZN7TwoWire16onRequestServiceEv
                0x000000000001e7b8                _ZN7TwoWireC2Ev
                0x000000000001e7b8                _ZN7TwoWireC1Ev
                0x000000000001e7ba                _ZN7TwoWire5beginEv
                0x000000000001e7ce                _ZN7TwoWire5beginEh
                0x000000000001e7f4                _ZN7TwoWire5beginEi
                0x000000000001e7f6                _ZN7TwoWire11requestFromEhh
                0x000000000001e810                _ZN7TwoWire11requestFromEii
                0x000000000001e812                _ZN7TwoWire17beginTransmissionEh
                0x000000000001e826                _ZN7TwoWire17beginTransmissionEi
                0x000000000001e828                _ZN7TwoWire15endTransmissionEv
                0x000000000001e848                _ZN7TwoWire4sendEh
                0x000000000001e890                _ZN7TwoWire4sendEPhh
                0x000000000001e8ea                _ZN7TwoWire4sendEPc
                0x000000000001e8fe                _ZN7TwoWire4sendEi
                0x000000000001e900                _ZN7TwoWire9availableEv
                0x000000000001e90c                _ZN7TwoWire7receiveEv
                0x000000000001e92e                _ZN7TwoWire9onReceiveEPFviE
                0x000000000001e938                _ZN7TwoWire9onRequestEPFvvE
 .text          0x000000000001e944      0xd62 ./inc/istream.o
                0x000000000001e944                _ZN7istream5getchEP6fpos_t
                0x000000000001e96a                _ZN7istream3getEv
                0x000000000001e9ae                _ZN7istream3getERc
                0x000000000001e9cc                _ZN7istream3getEPcmc
                0x000000000001eae4                _ZN7istream7getlineEPcmc
                0x000000000001ec1c                _ZN7istream6ignoreEmi
                0x000000000001ec84                _ZN7istream4peekEv
                0x000000000001ed38                _ZN7istream8readSkipEv
                0x000000000001ed7e                _ZN7istream6getStrEPc
                0x000000000001eed0                _ZN7istream9getNumberEmmPm
                0x000000000001f158                _ZN7istream8getFloatEPf
                0x000000000001f4ac                _ZN7istream7getCharEPc
                0x000000000001f4e4                _ZN7istream9skipWhiteEv
                0x000000000001f554                _ZN7istream9getNumberIbEEvPT_
                0x000000000001f5be                _ZN7istream7getBoolEPb
 .text          0x000000000001f6a6      0x64a ./inc/ostream.o
                0x000000000001f6a6                _ZN7ostream7do_fillEj
                0x000000000001f6f6                _ZN7ostream13fill_not_leftEj
                0x000000000001f71c                _ZN7ostream6fmtNumEmPch
                0x000000000001f7b8                _ZN7ostream7putCharEc
                0x000000000001f7e8                _ZN7ostream6putNumEmb
                0x000000000001f94c                _ZN7ostream6putNumEl
                0x000000000001f986                _ZN7ostream6putPgmERK3pgm
                0x000000000001f9d8                _ZN7ostream9putDoubleEd
                0x000000000001fc4c                _ZN7ostream7putBoolEb
                0x000000000001fca8                _ZN7ostream6putStrEPKc
 .text          0x000000000001fcf0        0x0 ./inc/pins_arduino.o
 .text          0x000000000001fcf0     0x1ae6 ./inc/ssd0323.o
                0x000000000001fcf0                _ZN7ssd032310senden_spiEh
                0x000000000001fd14                _ZN7ssd032312send_commandEh
                0x000000000001fd1c                _ZN7ssd03239send_charEh
                0x000000000001fd20                _ZN7ssd032312clear_screenEv
                0x000000000001fd66                _ZN7ssd032310set2pixelsEhhhh
                0x000000000001fdd4                _ZN7ssd03234lineEhhhhh
                0x000000000002028e                _ZN7ssd032314zeichen_big_1xEPhhiiiih
                0x000000000002050a                _ZN7ssd032316zeichen_small_1xEPhhiiiih
                0x00000000000206a4                _ZN7ssd032316zeichen_small_2xEPhhiiiih
                0x000000000002089e                _ZN7ssd032316zeichen_small_3xEPhhiiiih
                0x0000000000020b26                _ZN7ssd032316zeichen_small_4xEPhhiiiih
                0x0000000000020d6e                _ZN7ssd03236stringEsPKchhhhh
                0x0000000000021376                _ZN7ssd03236stringEsPKchh
                0x0000000000021392                _ZN7ssd03238string_PEsPKchhhhh
                0x000000000002142e                _ZN7ssd03238string_PEsPKchh
                0x000000000002144a                _ZN7ssd032311filled_rectEhhhhh
                0x0000000000021520                _ZN7ssd032313highlight_barEhhhh
                0x0000000000021616                _ZN7ssd03234initEhh
                0x00000000000217d4                _ZN7ssd0323C1Ev
                0x00000000000217d4                _ZN7ssd0323C2Ev
 .text          0x00000000000217d6      0x43c ./inc/twi.o
                0x00000000000217d6                twi_init
                0x00000000000217fc                twi_setAddress
                0x0000000000021804                twi_readFrom
                0x0000000000021870                twi_writeTo
                0x00000000000218f0                twi_transmit
                0x0000000000021924                twi_attachSlaveRxEvent
                0x000000000002192e                twi_attachSlaveTxEvent
                0x0000000000021938                twi_reply
                0x0000000000021948                twi_stop
                0x000000000002195c                twi_releaseBus
                0x0000000000021968                __vector_39
 .text          0x0000000000021c12        0x0 /home/jkw/Store/17 - Speedmaster/Firmware/inc/libArduinoCore2560.a(WInterrupts.c.o)
 .text          0x0000000000021c12        0x0 /home/jkw/Store/17 - Speedmaster/Firmware/inc/libArduinoCore2560.a(wiring.c.o)
 .text          0x0000000000021c12        0x0 /home/jkw/Store/17 - Speedmaster/Firmware/inc/libArduinoCore2560.a(wiring_analog.c.o)
 .text          0x0000000000021c12        0x0 /home/jkw/Store/17 - Speedmaster/Firmware/inc/libArduinoCore2560.a(wiring_digital.c.o)
 .text          0x0000000000021c12        0x0 /home/jkw/Store/17 - Speedmaster/Firmware/inc/libArduinoCore2560.a(HardwareSerial.cpp.o)
 .text          0x0000000000021c12        0x0 /home/jkw/Store/17 - Speedmaster/Firmware/inc/libArduinoCore2560.a(Print.cpp.o)
 .text          0x0000000000021c12        0x0 /home/jkw/Store/17 - Speedmaster/Firmware/inc/libArduinoCore2560.a(WString.cpp.o)
 .text          0x0000000000021c12        0x0 /usr/lib/gcc/avr/4.5.3/../../../avr/lib/avr6/libc.a(malloc.o)
 .text          0x0000000000021c12        0x0 /usr/lib/gcc/avr/4.5.3/../../../avr/lib/avr6/libc.a(exit.o)
 .text          0x0000000000021c12        0x0 /usr/lib/gcc/avr/4.5.3/../../../avr/lib/avr6/libc.a(isalpha.o)
 .text          0x0000000000021c12        0x0 /usr/lib/gcc/avr/4.5.3/../../../avr/lib/avr6/libc.a(isspace.o)
 .text          0x0000000000021c12        0x0 /usr/lib/gcc/avr/4.5.3/../../../avr/lib/avr6/libc.a(tolower.o)
 .text          0x0000000000021c12        0x0 /usr/lib/gcc/avr/4.5.3/../../../avr/lib/avr6/libc.a(toupper.o)
 .text          0x0000000000021c12        0x0 /usr/lib/gcc/avr/4.5.3/../../../avr/lib/avr6/libc.a(strcmp_P.o)
 .text          0x0000000000021c12        0x0 /usr/lib/gcc/avr/4.5.3/../../../avr/lib/avr6/libc.a(strcpy_P.o)
 .text          0x0000000000021c12        0x0 /usr/lib/gcc/avr/4.5.3/../../../avr/lib/avr6/libc.a(strlen_P.o)
 .text          0x0000000000021c12        0x0 /usr/lib/gcc/avr/4.5.3/../../../avr/lib/avr6/libc.a(memcmp.o)
 .text          0x0000000000021c12        0x0 /usr/lib/gcc/avr/4.5.3/../../../avr/lib/avr6/libc.a(memcpy.o)
 .text          0x0000000000021c12        0x0 /usr/lib/gcc/avr/4.5.3/../../../avr/lib/avr6/libc.a(memset.o)
 .text          0x0000000000021c12        0x0 /usr/lib/gcc/avr/4.5.3/../../../avr/lib/avr6/libc.a(strcat.o)
 .text          0x0000000000021c12        0x0 /usr/lib/gcc/avr/4.5.3/../../../avr/lib/avr6/libc.a(strchr.o)
 .text          0x0000000000021c12        0x0 /usr/lib/gcc/avr/4.5.3/../../../avr/lib/avr6/libc.a(strcmp.o)
 .text          0x0000000000021c12        0x0 /usr/lib/gcc/avr/4.5.3/../../../avr/lib/avr6/libc.a(strcpy.o)
 .text          0x0000000000021c12        0x0 /usr/lib/gcc/avr/4.5.3/../../../avr/lib/avr6/libc.a(strncmp.o)
 .text          0x0000000000021c12        0x0 /usr/lib/gcc/avr/4.5.3/../../../avr/lib/avr6/libc.a(strncpy.o)
 .text          0x0000000000021c12        0x0 /usr/lib/gcc/avr/4.5.3/../../../avr/lib/avr6/libc.a(strrchr.o)
 .text          0x0000000000021c12        0x0 /usr/lib/gcc/avr/4.5.3/../../../avr/lib/avr6/libc.a(strstr.o)
 .text          0x0000000000021c12        0x0 /usr/lib/gcc/avr/4.5.3/../../../avr/lib/avr6/libc.a(itoa.o)
 .text          0x0000000000021c12        0x0 /usr/lib/gcc/avr/4.5.3/../../../avr/lib/avr6/libc.a(ltoa.o)
 .text          0x0000000000021c12        0x0 /usr/lib/gcc/avr/4.5.3/../../../avr/lib/avr6/libc.a(ultoa.o)
 .text          0x0000000000021c12        0x0 /usr/lib/gcc/avr/4.5.3/../../../avr/lib/avr6/libc.a(sprintf.o)
 .text          0x0000000000021c12        0x0 /usr/lib/gcc/avr/4.5.3/../../../avr/lib/avr6/libc.a(addsf3.o)
 .text          0x0000000000021c12        0x0 /usr/lib/gcc/avr/4.5.3/../../../avr/lib/avr6/libc.a(addsf3x.o)
 .text          0x0000000000021c12        0x0 /usr/lib/gcc/avr/4.5.3/../../../avr/lib/avr6/libc.a(asin.o)
 .text          0x0000000000021c12        0x0 /usr/lib/gcc/avr/4.5.3/../../../avr/lib/avr6/libc.a(cmpsf2.o)
 .text          0x0000000000021c12        0x0 /usr/lib/gcc/avr/4.5.3/../../../avr/lib/avr6/libc.a(cos.o)
 .text          0x0000000000021c12        0x0 /usr/lib/gcc/avr/4.5.3/../../../avr/lib/avr6/libc.a(divsf3.o)
 .text          0x0000000000021c12        0x0 /usr/lib/gcc/avr/4.5.3/../../../avr/lib/avr6/libc.a(divsf3x.o)
 .text          0x0000000000021c12        0x0 /usr/lib/gcc/avr/4.5.3/../../../avr/lib/avr6/libc.a(fixsfsi.o)
 .text          0x0000000000021c12        0x0 /usr/lib/gcc/avr/4.5.3/../../../avr/lib/avr6/libc.a(fixunssfsi.o)
 .text          0x0000000000021c12        0x0 /usr/lib/gcc/avr/4.5.3/../../../avr/lib/avr6/libc.a(floatsisf.o)
 .text          0x0000000000021c12        0x0 /usr/lib/gcc/avr/4.5.3/../../../avr/lib/avr6/libc.a(floor.o)
 .text          0x0000000000021c12        0x0 /usr/lib/gcc/avr/4.5.3/../../../avr/lib/avr6/libc.a(fp_arccos.o)
 .text          0x0000000000021c12        0x0 /usr/lib/gcc/avr/4.5.3/../../../avr/lib/avr6/libc.a(fp_cmp.o)
 .text          0x0000000000021c12        0x0 /usr/lib/gcc/avr/4.5.3/../../../avr/lib/avr6/libc.a(fp_inf.o)
 .text          0x0000000000021c12        0x0 /usr/lib/gcc/avr/4.5.3/../../../avr/lib/avr6/libc.a(fp_mintl.o)
 .text          0x0000000000021c12        0x0 /usr/lib/gcc/avr/4.5.3/../../../avr/lib/avr6/libc.a(fp_mpack.o)
 .text          0x0000000000021c12        0x0 /usr/lib/gcc/avr/4.5.3/../../../avr/lib/avr6/libc.a(fp_nan.o)
 .text          0x0000000000021c12        0x0 /usr/lib/gcc/avr/4.5.3/../../../avr/lib/avr6/libc.a(fp_powser.o)
 .text          0x0000000000021c12        0x0 /usr/lib/gcc/avr/4.5.3/../../../avr/lib/avr6/libc.a(fp_powsodd.o)
 .text          0x0000000000021c12        0x0 /usr/lib/gcc/avr/4.5.3/../../../avr/lib/avr6/libc.a(fp_pscA.o)
 .text          0x0000000000021c12        0x0 /usr/lib/gcc/avr/4.5.3/../../../avr/lib/avr6/libc.a(fp_pscB.o)
 .text          0x0000000000021c12        0x0 /usr/lib/gcc/avr/4.5.3/../../../avr/lib/avr6/libc.a(fp_rempio2.o)
 .text          0x0000000000021c12        0x0 /usr/lib/gcc/avr/4.5.3/../../../avr/lib/avr6/libc.a(fp_round.o)
 .text          0x0000000000021c12        0x0 /usr/lib/gcc/avr/4.5.3/../../../avr/lib/avr6/libc.a(fp_sinus.o)
 .text          0x0000000000021c12        0x0 /usr/lib/gcc/avr/4.5.3/../../../avr/lib/avr6/libc.a(fp_split3.o)
 .text          0x0000000000021c12        0x0 /usr/lib/gcc/avr/4.5.3/../../../avr/lib/avr6/libc.a(fp_trunc.o)
 .text          0x0000000000021c12        0x0 /usr/lib/gcc/avr/4.5.3/../../../avr/lib/avr6/libc.a(fp_zero.o)
 .text          0x0000000000021c12        0x0 /usr/lib/gcc/avr/4.5.3/../../../avr/lib/avr6/libc.a(gesf2.o)
 .text          0x0000000000021c12        0x0 /usr/lib/gcc/avr/4.5.3/../../../avr/lib/avr6/libc.a(mulsf3.o)
 .text          0x0000000000021c12        0x0 /usr/lib/gcc/avr/4.5.3/../../../avr/lib/avr6/libc.a(mulsf3x.o)
 .text          0x0000000000021c12        0x0 /usr/lib/gcc/avr/4.5.3/../../../avr/lib/avr6/libc.a(pow.o)
 .text          0x0000000000021c12        0x0 /usr/lib/gcc/avr/4.5.3/../../../avr/lib/avr6/libc.a(sin.o)
 .text          0x0000000000021c12        0x0 /usr/lib/gcc/avr/4.5.3/../../../avr/lib/avr6/libc.a(sqrt.o)
 .text          0x0000000000021c12        0x0 /usr/lib/gcc/avr/4.5.3/../../../avr/lib/avr6/libc.a(vfprintf_std.o)
 .text          0x0000000000021c12        0x0 /usr/lib/gcc/avr/4.5.3/../../../avr/lib/avr6/libc.a(eerd_byte_atmega2560.o)
 .text          0x0000000000021c12        0x0 /usr/lib/gcc/avr/4.5.3/../../../avr/lib/avr6/libc.a(eewr_byte_atmega2560.o)
 .text          0x0000000000021c12        0x0 /usr/lib/gcc/avr/4.5.3/../../../avr/lib/avr6/libc.a(cty_isfalse.o)
 .text          0x0000000000021c12        0x0 /usr/lib/gcc/avr/4.5.3/../../../avr/lib/avr6/libc.a(strnlen_P.o)
 .text          0x0000000000021c12        0x0 /usr/lib/gcc/avr/4.5.3/../../../avr/lib/avr6/libc.a(strnlen.o)
 .text          0x0000000000021c12        0x0 /usr/lib/gcc/avr/4.5.3/../../../avr/lib/avr6/libc.a(strrev.o)
 .text          0x0000000000021c12        0x0 /usr/lib/gcc/avr/4.5.3/../../../avr/lib/avr6/libc.a(fputc.o)
 .text          0x0000000000021c12        0x0 /usr/lib/gcc/avr/4.5.3/../../../avr/lib/avr6/libc.a(ultoa_invert.o)
 .text          0x0000000000021c12        0x0 /usr/lib/gcc/avr/4.5.3/../../../avr/lib/avr6/libc.a(exp.o)
 .text          0x0000000000021c12        0x0 /usr/lib/gcc/avr/4.5.3/../../../avr/lib/avr6/libc.a(fp_norm2.o)
 .text          0x0000000000021c12        0x0 /usr/lib/gcc/avr/4.5.3/../../../avr/lib/avr6/libc.a(inverse.o)
 .text          0x0000000000021c12        0x0 /usr/lib/gcc/avr/4.5.3/../../../avr/lib/avr6/libc.a(ldexp.o)
 .text          0x0000000000021c12        0x0 /usr/lib/gcc/avr/4.5.3/../../../avr/lib/avr6/libc.a(log.o)
 .text          0x0000000000021c12        0x0 /usr/lib/gcc/avr/4.5.3/../../../avr/lib/avr6/libc.a(modf.o)
 .text          0x0000000000021c12        0x0 /usr/lib/gcc/avr/4.5.3/avr6/libgcc.a(_mulsi3.o)
 .text          0x0000000000021c12        0x0 /usr/lib/gcc/avr/4.5.3/avr6/libgcc.a(_udivmodqi4.o)
 .text          0x0000000000021c12        0x0 /usr/lib/gcc/avr/4.5.3/avr6/libgcc.a(_udivmodhi4.o)
 .text          0x0000000000021c12        0x0 /usr/lib/gcc/avr/4.5.3/avr6/libgcc.a(_divmodhi4.o)
 .text          0x0000000000021c12        0x0 /usr/lib/gcc/avr/4.5.3/avr6/libgcc.a(_udivmodsi4.o)
 .text          0x0000000000021c12        0x0 /usr/lib/gcc/avr/4.5.3/avr6/libgcc.a(_divmodsi4.o)
 .text          0x0000000000021c12        0x0 /usr/lib/gcc/avr/4.5.3/avr6/libgcc.a(_exit.o)
 .text          0x0000000000021c12        0x0 /usr/lib/gcc/avr/4.5.3/avr6/libgcc.a(_copy_data.o)
 .text          0x0000000000021c12        0x0 /usr/lib/gcc/avr/4.5.3/avr6/libgcc.a(_clear_bss.o)
 .text          0x0000000000021c12        0x0 /usr/lib/gcc/avr/4.5.3/avr6/libgcc.a(_ctors.o)
 .text          0x0000000000021c12        0x0 /usr/lib/gcc/avr/4.5.3/avr6/libgcc.a(_tablejump_elpm.o)
                0x0000000000021c12                . = ALIGN (0x2)
 *(.text.*)
 .text.attachInterrupt
                0x0000000000021c12       0xf8 /home/jkw/Store/17 - Speedmaster/Firmware/inc/libArduinoCore2560.a(WInterrupts.c.o)
                0x0000000000021c12                attachInterrupt
 .text.detachInterrupt
                0x0000000000021d0a       0x58 /home/jkw/Store/17 - Speedmaster/Firmware/inc/libArduinoCore2560.a(WInterrupts.c.o)
                0x0000000000021d0a                detachInterrupt
 .text.__vector_1
                0x0000000000021d62       0x62 /home/jkw/Store/17 - Speedmaster/Firmware/inc/libArduinoCore2560.a(WInterrupts.c.o)
                0x0000000000021d62                __vector_1
 .text.__vector_2
                0x0000000000021dc4       0x62 /home/jkw/Store/17 - Speedmaster/Firmware/inc/libArduinoCore2560.a(WInterrupts.c.o)
                0x0000000000021dc4                __vector_2
 .text.__vector_3
                0x0000000000021e26       0x62 /home/jkw/Store/17 - Speedmaster/Firmware/inc/libArduinoCore2560.a(WInterrupts.c.o)
                0x0000000000021e26                __vector_3
 .text.__vector_4
                0x0000000000021e88       0x62 /home/jkw/Store/17 - Speedmaster/Firmware/inc/libArduinoCore2560.a(WInterrupts.c.o)
                0x0000000000021e88                __vector_4
 .text.__vector_5
                0x0000000000021eea       0x62 /home/jkw/Store/17 - Speedmaster/Firmware/inc/libArduinoCore2560.a(WInterrupts.c.o)
                0x0000000000021eea                __vector_5
 .text.__vector_6
                0x0000000000021f4c       0x62 /home/jkw/Store/17 - Speedmaster/Firmware/inc/libArduinoCore2560.a(WInterrupts.c.o)
                0x0000000000021f4c                __vector_6
 .text.__vector_7
                0x0000000000021fae       0x62 /home/jkw/Store/17 - Speedmaster/Firmware/inc/libArduinoCore2560.a(WInterrupts.c.o)
                0x0000000000021fae                __vector_7
 .text.__vector_8
                0x0000000000022010       0x62 /home/jkw/Store/17 - Speedmaster/Firmware/inc/libArduinoCore2560.a(WInterrupts.c.o)
                0x0000000000022010                __vector_8
 .text.__vector_23
                0x0000000000022072       0x90 /home/jkw/Store/17 - Speedmaster/Firmware/inc/libArduinoCore2560.a(wiring.c.o)
                0x0000000000022072                __vector_23
 .text.millis   0x0000000000022102       0x1c /home/jkw/Store/17 - Speedmaster/Firmware/inc/libArduinoCore2560.a(wiring.c.o)
                0x0000000000022102                millis
 .text.micros   0x000000000002211e       0x4c /home/jkw/Store/17 - Speedmaster/Firmware/inc/libArduinoCore2560.a(wiring.c.o)
                0x000000000002211e                micros
 .text.delay    0x000000000002216a       0x48 /home/jkw/Store/17 - Speedmaster/Firmware/inc/libArduinoCore2560.a(wiring.c.o)
                0x000000000002216a                delay
 .text.delayMicroseconds
                0x00000000000221b2       0x14 /home/jkw/Store/17 - Speedmaster/Firmware/inc/libArduinoCore2560.a(wiring.c.o)
                0x00000000000221b2                delayMicroseconds
 .text.init     0x00000000000221c6       0xc4 /home/jkw/Store/17 - Speedmaster/Firmware/inc/libArduinoCore2560.a(wiring.c.o)
                0x00000000000221c6                init
 .text.analogReference
                0x000000000002228a        0x6 /home/jkw/Store/17 - Speedmaster/Firmware/inc/libArduinoCore2560.a(wiring_analog.c.o)
                0x000000000002228a                analogReference
 .text.analogRead
                0x0000000000022290       0x68 /home/jkw/Store/17 - Speedmaster/Firmware/inc/libArduinoCore2560.a(wiring_analog.c.o)
                0x0000000000022290                analogRead
 .text.analogWrite
                0x00000000000222f8      0x174 /home/jkw/Store/17 - Speedmaster/Firmware/inc/libArduinoCore2560.a(wiring_analog.c.o)
                0x00000000000222f8                analogWrite
 .text.pinMode  0x000000000002246c       0x4c /home/jkw/Store/17 - Speedmaster/Firmware/inc/libArduinoCore2560.a(wiring_digital.c.o)
                0x000000000002246c                pinMode
 .text.digitalWrite
                0x00000000000224b8      0x122 /home/jkw/Store/17 - Speedmaster/Firmware/inc/libArduinoCore2560.a(wiring_digital.c.o)
                0x00000000000224b8                digitalWrite
 .text.digitalRead
                0x00000000000225da      0x118 /home/jkw/Store/17 - Speedmaster/Firmware/inc/libArduinoCore2560.a(wiring_digital.c.o)
                0x00000000000225da                digitalRead
 .text._Z10store_charhP11ring_buffer
                0x00000000000226f2       0x4e /home/jkw/Store/17 - Speedmaster/Firmware/inc/libArduinoCore2560.a(HardwareSerial.cpp.o)
                0x00000000000226f2                _Z10store_charhP11ring_buffer
 .text.__vector_25
                0x0000000000022740       0x56 /home/jkw/Store/17 - Speedmaster/Firmware/inc/libArduinoCore2560.a(HardwareSerial.cpp.o)
                0x0000000000022740                __vector_25
 .text.__vector_51
                0x0000000000022796       0x56 /home/jkw/Store/17 - Speedmaster/Firmware/inc/libArduinoCore2560.a(HardwareSerial.cpp.o)
                0x0000000000022796                __vector_51
 .text.__vector_54
                0x00000000000227ec       0x56 /home/jkw/Store/17 - Speedmaster/Firmware/inc/libArduinoCore2560.a(HardwareSerial.cpp.o)
                0x00000000000227ec                __vector_54
 .text._ZN14HardwareSerialC2EP11ring_bufferPVhS3_S3_S3_S3_hhhhh
                0x0000000000022842       0x60 /home/jkw/Store/17 - Speedmaster/Firmware/inc/libArduinoCore2560.a(HardwareSerial.cpp.o)
                0x0000000000022842                _ZN14HardwareSerialC2EP11ring_bufferPVhS3_S3_S3_S3_hhhhh
 .text._ZN14HardwareSerialC1EP11ring_bufferPVhS3_S3_S3_S3_hhhhh
                0x00000000000228a2       0x60 /home/jkw/Store/17 - Speedmaster/Firmware/inc/libArduinoCore2560.a(HardwareSerial.cpp.o)
                0x00000000000228a2                _ZN14HardwareSerialC1EP11ring_bufferPVhS3_S3_S3_S3_hhhhh
 .text._ZN14HardwareSerial5beginEl
                0x0000000000022902      0x1f2 /home/jkw/Store/17 - Speedmaster/Firmware/inc/libArduinoCore2560.a(HardwareSerial.cpp.o)
                0x0000000000022902                _ZN14HardwareSerial5beginEl
 .text._ZN14HardwareSerial3endEv
                0x0000000000022af4       0x54 /home/jkw/Store/17 - Speedmaster/Firmware/inc/libArduinoCore2560.a(HardwareSerial.cpp.o)
                0x0000000000022af4                _ZN14HardwareSerial3endEv
 .text._ZN14HardwareSerial9availableEv
                0x0000000000022b48       0x26 /home/jkw/Store/17 - Speedmaster/Firmware/inc/libArduinoCore2560.a(HardwareSerial.cpp.o)
                0x0000000000022b48                _ZN14HardwareSerial9availableEv
 .text._ZN14HardwareSerial4peekEv
                0x0000000000022b6e       0x34 /home/jkw/Store/17 - Speedmaster/Firmware/inc/libArduinoCore2560.a(HardwareSerial.cpp.o)
                0x0000000000022b6e                _ZN14HardwareSerial4peekEv
 .text._ZN14HardwareSerial4readEv
                0x0000000000022ba2       0x50 /home/jkw/Store/17 - Speedmaster/Firmware/inc/libArduinoCore2560.a(HardwareSerial.cpp.o)
                0x0000000000022ba2                _ZN14HardwareSerial4readEv
 .text._ZN14HardwareSerial5flushEv
                0x0000000000022bf2       0x18 /home/jkw/Store/17 - Speedmaster/Firmware/inc/libArduinoCore2560.a(HardwareSerial.cpp.o)
                0x0000000000022bf2                _ZN14HardwareSerial5flushEv
 .text._ZN14HardwareSerial5writeEh
                0x0000000000022c0a       0x26 /home/jkw/Store/17 - Speedmaster/Firmware/inc/libArduinoCore2560.a(HardwareSerial.cpp.o)
                0x0000000000022c0a                _ZN14HardwareSerial5writeEh
 .text._GLOBAL__I_rx_buffer
                0x0000000000022c30      0x13c /home/jkw/Store/17 - Speedmaster/Firmware/inc/libArduinoCore2560.a(HardwareSerial.cpp.o)
 .text._ZN5Print5writeEPKc
                0x0000000000022d6c       0x30 /home/jkw/Store/17 - Speedmaster/Firmware/inc/libArduinoCore2560.a(Print.cpp.o)
                0x0000000000022d6c                _ZN5Print5writeEPKc
 .text._ZN5Print5writeEPKhj
                0x0000000000022d9c       0x3e /home/jkw/Store/17 - Speedmaster/Firmware/inc/libArduinoCore2560.a(Print.cpp.o)
                0x0000000000022d9c                _ZN5Print5writeEPKhj
 .text._ZN5Print5printEPKc
                0x0000000000022dda       0x10 /home/jkw/Store/17 - Speedmaster/Firmware/inc/libArduinoCore2560.a(Print.cpp.o)
                0x0000000000022dda                _ZN5Print5printEPKc
 .text._ZN5Print5printERK6String
                0x0000000000022dea       0x52 /home/jkw/Store/17 - Speedmaster/Firmware/inc/libArduinoCore2560.a(Print.cpp.o)
                0x0000000000022dea                _ZN5Print5printERK6String
 .text._ZN5Print11printNumberEmh
                0x0000000000022e3c      0x130 /home/jkw/Store/17 - Speedmaster/Firmware/inc/libArduinoCore2560.a(Print.cpp.o)
                0x0000000000022e3c                _ZN5Print11printNumberEmh
 .text._ZN5Print5printEmi
                0x0000000000022f6c       0x1a /home/jkw/Store/17 - Speedmaster/Firmware/inc/libArduinoCore2560.a(Print.cpp.o)
                0x0000000000022f6c                _ZN5Print5printEmi
 .text._ZN5Print5printEji
                0x0000000000022f86       0x20 /home/jkw/Store/17 - Speedmaster/Firmware/inc/libArduinoCore2560.a(Print.cpp.o)
                0x0000000000022f86                _ZN5Print5printEji
 .text._ZN5Print5printEhi
                0x0000000000022fa6       0x22 /home/jkw/Store/17 - Speedmaster/Firmware/inc/libArduinoCore2560.a(Print.cpp.o)
                0x0000000000022fa6                _ZN5Print5printEhi
 .text._ZN5Print5printEli
                0x0000000000022fc8       0x68 /home/jkw/Store/17 - Speedmaster/Firmware/inc/libArduinoCore2560.a(Print.cpp.o)
                0x0000000000022fc8                _ZN5Print5printEli
 .text._ZN5Print5printEii
                0x0000000000023030       0x24 /home/jkw/Store/17 - Speedmaster/Firmware/inc/libArduinoCore2560.a(Print.cpp.o)
                0x0000000000023030                _ZN5Print5printEii
 .text._ZN5Print5printEci
                0x0000000000023054       0x26 /home/jkw/Store/17 - Speedmaster/Firmware/inc/libArduinoCore2560.a(Print.cpp.o)
                0x0000000000023054                _ZN5Print5printEci
 .text._ZN5Print7printlnEv
                0x000000000002307a       0x2a /home/jkw/Store/17 - Speedmaster/Firmware/inc/libArduinoCore2560.a(Print.cpp.o)
                0x000000000002307a                _ZN5Print7printlnEv
 .text._ZN5Print7printlnEmi
                0x00000000000230a4       0x12 /home/jkw/Store/17 - Speedmaster/Firmware/inc/libArduinoCore2560.a(Print.cpp.o)
                0x00000000000230a4                _ZN5Print7printlnEmi
 .text._ZN5Print7printlnEji
                0x00000000000230b6       0x2e /home/jkw/Store/17 - Speedmaster/Firmware/inc/libArduinoCore2560.a(Print.cpp.o)
                0x00000000000230b6                _ZN5Print7printlnEji
 .text._ZN5Print7printlnEhi
                0x00000000000230e4       0x30 /home/jkw/Store/17 - Speedmaster/Firmware/inc/libArduinoCore2560.a(Print.cpp.o)
                0x00000000000230e4                _ZN5Print7printlnEhi
 .text._ZN5Print7printlnEPKc
                0x0000000000023114       0x12 /home/jkw/Store/17 - Speedmaster/Firmware/inc/libArduinoCore2560.a(Print.cpp.o)
                0x0000000000023114                _ZN5Print7printlnEPKc
 .text._ZN5Print7printlnERK6String
                0x0000000000023126       0x12 /home/jkw/Store/17 - Speedmaster/Firmware/inc/libArduinoCore2560.a(Print.cpp.o)
                0x0000000000023126                _ZN5Print7printlnERK6String
 .text._ZN5Print7printlnEli
                0x0000000000023138       0x12 /home/jkw/Store/17 - Speedmaster/Firmware/inc/libArduinoCore2560.a(Print.cpp.o)
                0x0000000000023138                _ZN5Print7printlnEli
 .text._ZN5Print7printlnEii
                0x000000000002314a       0x32 /home/jkw/Store/17 - Speedmaster/Firmware/inc/libArduinoCore2560.a(Print.cpp.o)
                0x000000000002314a                _ZN5Print7printlnEii
 .text._ZN5Print7printlnEci
                0x000000000002317c       0x34 /home/jkw/Store/17 - Speedmaster/Firmware/inc/libArduinoCore2560.a(Print.cpp.o)
                0x000000000002317c                _ZN5Print7printlnEci
 .text._ZN5Print10printFloatEdh
                0x00000000000231b0      0x110 /home/jkw/Store/17 - Speedmaster/Firmware/inc/libArduinoCore2560.a(Print.cpp.o)
                0x00000000000231b0                _ZN5Print10printFloatEdh
 .text._ZN5Print5printEdi
                0x00000000000232c0        0x4 /home/jkw/Store/17 - Speedmaster/Firmware/inc/libArduinoCore2560.a(Print.cpp.o)
                0x00000000000232c0                _ZN5Print5printEdi
 .text._ZN5Print7printlnEdi
                0x00000000000232c4       0x12 /home/jkw/Store/17 - Speedmaster/Firmware/inc/libArduinoCore2560.a(Print.cpp.o)
                0x00000000000232c4                _ZN5Print7printlnEdi
 .text._ZNK6String6charAtEj
                0x00000000000232d6       0x10 /home/jkw/Store/17 - Speedmaster/Firmware/inc/libArduinoCore2560.a(WString.cpp.o)
                0x00000000000232d6                _ZNK6String6charAtEj
 .text._ZN6String9setCharAtEjc
                0x00000000000232e6       0x22 /home/jkw/Store/17 - Speedmaster/Firmware/inc/libArduinoCore2560.a(WString.cpp.o)
                0x00000000000232e6                _ZN6String9setCharAtEjc
 .text._ZN6StringixEj
                0x0000000000023308       0x2a /home/jkw/Store/17 - Speedmaster/Firmware/inc/libArduinoCore2560.a(WString.cpp.o)
                0x0000000000023308                _ZN6StringixEj
 .text._ZNK6StringixEj
                0x0000000000023332       0x10 /home/jkw/Store/17 - Speedmaster/Firmware/inc/libArduinoCore2560.a(WString.cpp.o)
                0x0000000000023332                _ZNK6StringixEj
 .text._ZN6String11toCharArrayEPcj
                0x0000000000023342       0x44 /home/jkw/Store/17 - Speedmaster/Firmware/inc/libArduinoCore2560.a(WString.cpp.o)
                0x0000000000023342                _ZN6String11toCharArrayEPcj
 .text._ZN6String8getBytesEPhj
                0x0000000000023386       0x44 /home/jkw/Store/17 - Speedmaster/Firmware/inc/libArduinoCore2560.a(WString.cpp.o)
                0x0000000000023386                _ZN6String8getBytesEPhj
 .text._ZN6StringD1Ev
                0x00000000000233ca       0x1e /home/jkw/Store/17 - Speedmaster/Firmware/inc/libArduinoCore2560.a(WString.cpp.o)
                0x00000000000233ca                _ZN6StringD1Ev
 .text._ZNK6String10startsWithERKS_j
                0x00000000000233e8       0x3c /home/jkw/Store/17 - Speedmaster/Firmware/inc/libArduinoCore2560.a(WString.cpp.o)
                0x00000000000233e8                _ZNK6String10startsWithERKS_j
 .text._ZNK6String10startsWithERKS_
                0x0000000000023424       0x22 /home/jkw/Store/17 - Speedmaster/Firmware/inc/libArduinoCore2560.a(WString.cpp.o)
                0x0000000000023424                _ZNK6String10startsWithERKS_
 .text._ZNK6String11lastIndexOfEcj
                0x0000000000023446       0x6e /home/jkw/Store/17 - Speedmaster/Firmware/inc/libArduinoCore2560.a(WString.cpp.o)
                0x0000000000023446                _ZNK6String11lastIndexOfEcj
 .text._ZNK6String11lastIndexOfEc
                0x00000000000234b4        0xc /home/jkw/Store/17 - Speedmaster/Firmware/inc/libArduinoCore2560.a(WString.cpp.o)
                0x00000000000234b4                _ZNK6String11lastIndexOfEc
 .text._ZNK6String7indexOfERKS_j
                0x00000000000234c0       0x3c /home/jkw/Store/17 - Speedmaster/Firmware/inc/libArduinoCore2560.a(WString.cpp.o)
                0x00000000000234c0                _ZNK6String7indexOfERKS_j
 .text._ZNK6String7indexOfERKS_
                0x00000000000234fc        0x6 /home/jkw/Store/17 - Speedmaster/Firmware/inc/libArduinoCore2560.a(WString.cpp.o)
                0x00000000000234fc                _ZNK6String7indexOfERKS_
 .text._ZNK6String7indexOfEcj
                0x0000000000023502       0x3c /home/jkw/Store/17 - Speedmaster/Firmware/inc/libArduinoCore2560.a(WString.cpp.o)
                0x0000000000023502                _ZNK6String7indexOfEcj
 .text._ZNK6String7indexOfEc
                0x000000000002353e        0x6 /home/jkw/Store/17 - Speedmaster/Firmware/inc/libArduinoCore2560.a(WString.cpp.o)
                0x000000000002353e                _ZNK6String7indexOfEc
 .text._ZNK6String6equalsERKS_
                0x0000000000023544       0x32 /home/jkw/Store/17 - Speedmaster/Firmware/inc/libArduinoCore2560.a(WString.cpp.o)
                0x0000000000023544                _ZNK6String6equalsERKS_
 .text._ZNK6String8endsWithERKS_
                0x0000000000023576       0x38 /home/jkw/Store/17 - Speedmaster/Firmware/inc/libArduinoCore2560.a(WString.cpp.o)
                0x0000000000023576                _ZNK6String8endsWithERKS_
 .text._ZNK6StringgeERKS_
                0x00000000000235ae       0x26 /home/jkw/Store/17 - Speedmaster/Firmware/inc/libArduinoCore2560.a(WString.cpp.o)
                0x00000000000235ae                _ZNK6StringgeERKS_
 .text._ZNK6StringleERKS_
                0x00000000000235d4       0x20 /home/jkw/Store/17 - Speedmaster/Firmware/inc/libArduinoCore2560.a(WString.cpp.o)
                0x00000000000235d4                _ZNK6StringleERKS_
 .text._ZNK6StringgtERKS_
                0x00000000000235f4       0x20 /home/jkw/Store/17 - Speedmaster/Firmware/inc/libArduinoCore2560.a(WString.cpp.o)
                0x00000000000235f4                _ZNK6StringgtERKS_
 .text._ZNK6StringltERKS_
                0x0000000000023614       0x22 /home/jkw/Store/17 - Speedmaster/Firmware/inc/libArduinoCore2560.a(WString.cpp.o)
                0x0000000000023614                _ZNK6StringltERKS_
 .text._ZNK6StringneERKS_
                0x0000000000023636       0x2e /home/jkw/Store/17 - Speedmaster/Firmware/inc/libArduinoCore2560.a(WString.cpp.o)
                0x0000000000023636                _ZNK6StringneERKS_
 .text._ZNK6StringeqERKS_
                0x0000000000023664       0x32 /home/jkw/Store/17 - Speedmaster/Firmware/inc/libArduinoCore2560.a(WString.cpp.o)
                0x0000000000023664                _ZNK6StringeqERKS_
 .text._ZNK6String9compareToERKS_
                0x0000000000023696        0xe /home/jkw/Store/17 - Speedmaster/Firmware/inc/libArduinoCore2560.a(WString.cpp.o)
                0x0000000000023696                _ZNK6String9compareToERKS_
 .text._ZN6String9getBufferEj
                0x00000000000236a4       0x26 /home/jkw/Store/17 - Speedmaster/Firmware/inc/libArduinoCore2560.a(WString.cpp.o)
                0x00000000000236a4                _ZN6String9getBufferEj
 .text._ZN6StringpLERKS_
                0x00000000000236ca       0x64 /home/jkw/Store/17 - Speedmaster/Firmware/inc/libArduinoCore2560.a(WString.cpp.o)
                0x00000000000236ca                _ZN6StringpLERKS_
 .text._ZN6String6concatERKS_
                0x000000000002372e        0x4 /home/jkw/Store/17 - Speedmaster/Firmware/inc/libArduinoCore2560.a(WString.cpp.o)
                0x000000000002372e                _ZN6String6concatERKS_
 .text._ZN6StringaSERKS_
                0x0000000000023732       0x5a /home/jkw/Store/17 - Speedmaster/Firmware/inc/libArduinoCore2560.a(WString.cpp.o)
                0x0000000000023732                _ZN6StringaSERKS_
 .text._ZN6StringC1Eh
                0x000000000002378c       0x32 /home/jkw/Store/17 - Speedmaster/Firmware/inc/libArduinoCore2560.a(WString.cpp.o)
                0x000000000002378c                _ZN6StringC1Eh
 .text._ZN6StringC2Eh
                0x00000000000237be       0x32 /home/jkw/Store/17 - Speedmaster/Firmware/inc/libArduinoCore2560.a(WString.cpp.o)
                0x00000000000237be                _ZN6StringC2Eh
 .text._ZN6StringC1Ec
                0x00000000000237f0       0x32 /home/jkw/Store/17 - Speedmaster/Firmware/inc/libArduinoCore2560.a(WString.cpp.o)
                0x00000000000237f0                _ZN6StringC1Ec
 .text._ZN6StringC2Ec
                0x0000000000023822       0x32 /home/jkw/Store/17 - Speedmaster/Firmware/inc/libArduinoCore2560.a(WString.cpp.o)
                0x0000000000023822                _ZN6StringC2Ec
 .text._ZN6StringC1ERKS_
                0x0000000000023854       0x32 /home/jkw/Store/17 - Speedmaster/Firmware/inc/libArduinoCore2560.a(WString.cpp.o)
                0x0000000000023854                _ZN6StringC1ERKS_
 .text._ZN6StringC2ERKS_
                0x0000000000023886       0x32 /home/jkw/Store/17 - Speedmaster/Firmware/inc/libArduinoCore2560.a(WString.cpp.o)
                0x0000000000023886                _ZN6StringC2ERKS_
 .text._ZN6StringC1Emi
                0x00000000000238b8       0x78 /home/jkw/Store/17 - Speedmaster/Firmware/inc/libArduinoCore2560.a(WString.cpp.o)
                0x00000000000238b8                _ZN6StringC1Emi
 .text._ZN6StringC2Emi
                0x0000000000023930       0x78 /home/jkw/Store/17 - Speedmaster/Firmware/inc/libArduinoCore2560.a(WString.cpp.o)
                0x0000000000023930                _ZN6StringC2Emi
 .text._ZN6StringC1Eji
                0x00000000000239a8       0x76 /home/jkw/Store/17 - Speedmaster/Firmware/inc/libArduinoCore2560.a(WString.cpp.o)
                0x00000000000239a8                _ZN6StringC1Eji
 .text._ZN6StringC2Eji
                0x0000000000023a1e       0x76 /home/jkw/Store/17 - Speedmaster/Firmware/inc/libArduinoCore2560.a(WString.cpp.o)
                0x0000000000023a1e                _ZN6StringC2Eji
 .text._ZN6StringC1EPKc
                0x0000000000023a94       0x4c /home/jkw/Store/17 - Speedmaster/Firmware/inc/libArduinoCore2560.a(WString.cpp.o)
                0x0000000000023a94                _ZN6StringC1EPKc
 .text._ZNK6String11toUpperCaseEv
                0x0000000000023ae0       0x72 /home/jkw/Store/17 - Speedmaster/Firmware/inc/libArduinoCore2560.a(WString.cpp.o)
                0x0000000000023ae0                _ZNK6String11toUpperCaseEv
 .text._ZNK6String11toLowerCaseEv
                0x0000000000023b52       0x72 /home/jkw/Store/17 - Speedmaster/Firmware/inc/libArduinoCore2560.a(WString.cpp.o)
                0x0000000000023b52                _ZNK6String11toLowerCaseEv
 .text._ZNK6String16equalsIgnoreCaseERKS_
                0x0000000000023bc4       0x8e /home/jkw/Store/17 - Speedmaster/Firmware/inc/libArduinoCore2560.a(WString.cpp.o)
                0x0000000000023bc4                _ZNK6String16equalsIgnoreCaseERKS_
 .text._ZNK6String9substringEjj
                0x0000000000023c52       0x6c /home/jkw/Store/17 - Speedmaster/Firmware/inc/libArduinoCore2560.a(WString.cpp.o)
                0x0000000000023c52                _ZNK6String9substringEjj
 .text._ZNK6String9substringEj
                0x0000000000023cbe       0x16 /home/jkw/Store/17 - Speedmaster/Firmware/inc/libArduinoCore2560.a(WString.cpp.o)
                0x0000000000023cbe                _ZNK6String9substringEj
 .text._ZNK6String11lastIndexOfERKS_j
                0x0000000000023cd4       0xc2 /home/jkw/Store/17 - Speedmaster/Firmware/inc/libArduinoCore2560.a(WString.cpp.o)
                0x0000000000023cd4                _ZNK6String11lastIndexOfERKS_j
 .text._ZNK6String11lastIndexOfERKS_
                0x0000000000023d96       0x18 /home/jkw/Store/17 - Speedmaster/Firmware/inc/libArduinoCore2560.a(WString.cpp.o)
                0x0000000000023d96                _ZNK6String11lastIndexOfERKS_
 .text._ZNK6String4trimEv
                0x0000000000023dae       0xd0 /home/jkw/Store/17 - Speedmaster/Firmware/inc/libArduinoCore2560.a(WString.cpp.o)
                0x0000000000023dae                _ZNK6String4trimEv
 .text._ZN6String7replaceERKS_S1_
                0x0000000000023e7e      0x118 /home/jkw/Store/17 - Speedmaster/Firmware/inc/libArduinoCore2560.a(WString.cpp.o)
                0x0000000000023e7e                _ZN6String7replaceERKS_S1_
 .text._ZN6String7replaceEcc
                0x0000000000023f96       0x7c /home/jkw/Store/17 - Speedmaster/Firmware/inc/libArduinoCore2560.a(WString.cpp.o)
                0x0000000000023f96                _ZN6String7replaceEcc
 .text._ZN6StringC2EPKc
                0x0000000000024012       0x4c /home/jkw/Store/17 - Speedmaster/Firmware/inc/libArduinoCore2560.a(WString.cpp.o)
                0x0000000000024012                _ZN6StringC2EPKc
 .text._ZN6StringC1Eli
                0x000000000002405e       0x74 /home/jkw/Store/17 - Speedmaster/Firmware/inc/libArduinoCore2560.a(WString.cpp.o)
                0x000000000002405e                _ZN6StringC1Eli
 .text._ZN6StringC2Eli
                0x00000000000240d2       0x74 /home/jkw/Store/17 - Speedmaster/Firmware/inc/libArduinoCore2560.a(WString.cpp.o)
                0x00000000000240d2                _ZN6StringC2Eli
 .text._ZN6StringC1Eii
                0x0000000000024146       0x72 /home/jkw/Store/17 - Speedmaster/Firmware/inc/libArduinoCore2560.a(WString.cpp.o)
                0x0000000000024146                _ZN6StringC1Eii
 .text._ZN6StringC2Eii
                0x00000000000241b8       0x72 /home/jkw/Store/17 - Speedmaster/Firmware/inc/libArduinoCore2560.a(WString.cpp.o)
                0x00000000000241b8                _ZN6StringC2Eii
 .text.avr-libc
                0x000000000002422a      0x266 /usr/lib/gcc/avr/4.5.3/../../../avr/lib/avr6/libc.a(malloc.o)
                0x000000000002422a                malloc
                0x000000000002435e                free
 .text.avr-libc
                0x0000000000024490        0x6 /usr/lib/gcc/avr/4.5.3/../../../avr/lib/avr6/libc.a(exit.o)
                0x0000000000024490                exit
 .text.avr-libc
                0x0000000000024496       0x12 /usr/lib/gcc/avr/4.5.3/../../../avr/lib/avr6/libc.a(isalpha.o)
                0x0000000000024496                isupper
                0x000000000002449a                isalpha
                0x000000000002449c                islower
 .text.avr-libc
                0x00000000000244a8       0x10 /usr/lib/gcc/avr/4.5.3/../../../avr/lib/avr6/libc.a(isspace.o)
                0x00000000000244a8                isspace
 .text.avr-libc
                0x00000000000244b8       0x10 /usr/lib/gcc/avr/4.5.3/../../../avr/lib/avr6/libc.a(tolower.o)
                0x00000000000244b8                tolower
 .text.avr-libc
                0x00000000000244c8       0x10 /usr/lib/gcc/avr/4.5.3/../../../avr/lib/avr6/libc.a(toupper.o)
                0x00000000000244c8                toupper
 .text.avr-libc
                0x00000000000244d8       0x12 /usr/lib/gcc/avr/4.5.3/../../../avr/lib/avr6/libc.a(strcmp_P.o)
                0x00000000000244d8                strcmp_P
 .text.avr-libc
                0x00000000000244ea        0xe /usr/lib/gcc/avr/4.5.3/../../../avr/lib/avr6/libc.a(strcpy_P.o)
                0x00000000000244ea                strcpy_P
 .text.avr-libc
                0x00000000000244f8       0x12 /usr/lib/gcc/avr/4.5.3/../../../avr/lib/avr6/libc.a(strlen_P.o)
                0x00000000000244f8                strlen_P
 .text.avr-libc
                0x000000000002450a       0x1a /usr/lib/gcc/avr/4.5.3/../../../avr/lib/avr6/libc.a(memcmp.o)
                0x000000000002450a                memcmp
 .text.avr-libc
                0x0000000000024524       0x12 /usr/lib/gcc/avr/4.5.3/../../../avr/lib/avr6/libc.a(memcpy.o)
                0x0000000000024524                memcpy
 .text.avr-libc
                0x0000000000024536        0xe /usr/lib/gcc/avr/4.5.3/../../../avr/lib/avr6/libc.a(memset.o)
                0x0000000000024536                memset
 .text.avr-libc
                0x0000000000024544       0x16 /usr/lib/gcc/avr/4.5.3/../../../avr/lib/avr6/libc.a(strcat.o)
                0x0000000000024544                strcat
 .text.avr-libc
                0x000000000002455a       0x16 /usr/lib/gcc/avr/4.5.3/../../../avr/lib/avr6/libc.a(strchr.o)
                0x000000000002455a                strchr
 .text.avr-libc
                0x0000000000024570       0x12 /usr/lib/gcc/avr/4.5.3/../../../avr/lib/avr6/libc.a(strcmp.o)
                0x0000000000024570                strcmp
 .text.avr-libc
                0x0000000000024582        0xe /usr/lib/gcc/avr/4.5.3/../../../avr/lib/avr6/libc.a(strcpy.o)
                0x0000000000024582                strcpy
 .text.avr-libc
                0x0000000000024590       0x1c /usr/lib/gcc/avr/4.5.3/../../../avr/lib/avr6/libc.a(strncmp.o)
                0x0000000000024590                strncmp
 .text.avr-libc
                0x00000000000245ac       0x1e /usr/lib/gcc/avr/4.5.3/../../../avr/lib/avr6/libc.a(strncpy.o)
                0x00000000000245ac                strncpy
 .text.avr-libc
                0x00000000000245ca       0x16 /usr/lib/gcc/avr/4.5.3/../../../avr/lib/avr6/libc.a(strrchr.o)
                0x00000000000245ca                strrchr
 .text.avr-libc
                0x00000000000245e0       0x34 /usr/lib/gcc/avr/4.5.3/../../../avr/lib/avr6/libc.a(strstr.o)
                0x00000000000245e0                strstr
 .text.avr-libc
                0x0000000000024614       0x40 /usr/lib/gcc/avr/4.5.3/../../../avr/lib/avr6/libc.a(itoa.o)
                0x0000000000024614                itoa
 .text.avr-libc
                0x0000000000024654       0x66 /usr/lib/gcc/avr/4.5.3/../../../avr/lib/avr6/libc.a(ltoa.o)
                0x0000000000024654                ltoa
 .text.avr-libc
                0x00000000000246ba       0x46 /usr/lib/gcc/avr/4.5.3/../../../avr/lib/avr6/libc.a(ultoa.o)
                0x00000000000246ba                ultoa
 .text.avr-libc
                0x0000000000024700       0x5e /usr/lib/gcc/avr/4.5.3/../../../avr/lib/avr6/libc.a(sprintf.o)
                0x0000000000024700                sprintf
 .text.avr-libc.fplib
                0x000000000002475e        0xa /usr/lib/gcc/avr/4.5.3/../../../avr/lib/avr6/libc.a(addsf3.o)
                0x000000000002475e                __subsf3
                0x0000000000024760                __addsf3
 .text.avr-libc.fplib
                0x0000000000024768       0xc0 /usr/lib/gcc/avr/4.5.3/../../../avr/lib/avr6/libc.a(addsf3x.o)
                0x0000000000024782                __addsf3x
 .text.avr-libc.fplib
                0x0000000000024828       0x2e /usr/lib/gcc/avr/4.5.3/../../../avr/lib/avr6/libc.a(asin.o)
                0x0000000000024828                asin
 .text.avr-libc.fplib
                0x0000000000024856        0x8 /usr/lib/gcc/avr/4.5.3/../../../avr/lib/avr6/libc.a(cmpsf2.o)
                0x0000000000024856                __lesf2
                0x0000000000024856                __nesf2
                0x0000000000024856                __eqsf2
                0x0000000000024856                __cmpsf2
                0x0000000000024856                __ltsf2
 .text.avr-libc.fplib
                0x000000000002485e        0x6 /usr/lib/gcc/avr/4.5.3/../../../avr/lib/avr6/libc.a(cos.o)
                0x000000000002485e                cos
 .text.avr-libc.fplib
                0x0000000000024864        0x4 /usr/lib/gcc/avr/4.5.3/../../../avr/lib/avr6/libc.a(divsf3.o)
                0x0000000000024864                __divsf3
 .text.avr-libc.fplib
                0x0000000000024868       0xcc /usr/lib/gcc/avr/4.5.3/../../../avr/lib/avr6/libc.a(divsf3x.o)
                0x000000000002487e                __divsf3x
                0x0000000000024882                __divsf3_pse
 .text.avr-libc.fplib
                0x0000000000024934        0xa /usr/lib/gcc/avr/4.5.3/../../../avr/lib/avr6/libc.a(fixsfsi.o)
                0x0000000000024934                __fixsfsi
 .text.avr-libc.fplib
                0x000000000002493e       0x58 /usr/lib/gcc/avr/4.5.3/../../../avr/lib/avr6/libc.a(fixunssfsi.o)
                0x000000000002493e                __fixunssfsi
 .text.avr-libc.fplib
                0x0000000000024996       0x7a /usr/lib/gcc/avr/4.5.3/../../../avr/lib/avr6/libc.a(floatsisf.o)
                0x0000000000024996                __floatunsisf
                0x000000000002499a                __floatsisf
 .text.avr-libc.fplib
                0x0000000000024a10       0x26 /usr/lib/gcc/avr/4.5.3/../../../avr/lib/avr6/libc.a(floor.o)