Archive member included because of file (symbol)

/home/jkw/Store/17 - Speedmaster/Firmware/inc/libArduinoCore2560.a(WInterrupts.c.o)
                              ./dz.o (attachInterrupt)
/home/jkw/Store/17 - Speedmaster/Firmware/inc/libArduinoCore2560.a(wiring.c.o)
                              ./blinker.o (millis)
/home/jkw/Store/17 - Speedmaster/Firmware/inc/libArduinoCore2560.a(wiring_analog.c.o)
                              ./temperature.o (analogRead)
/home/jkw/Store/17 - Speedmaster/Firmware/inc/libArduinoCore2560.a(wiring_digital.c.o)
                              ./aktors.o (pinMode)
/home/jkw/Store/17 - Speedmaster/Firmware/inc/libArduinoCore2560.a(HardwareSerial.cpp.o)
                              ./main.o (_ZN14HardwareSerial5beginEl)
/home/jkw/Store/17 - Speedmaster/Firmware/inc/libArduinoCore2560.a(Print.cpp.o)
                              /home/jkw/Store/17 - Speedmaster/Firmware/inc/libArduinoCore2560.a(HardwareSerial.cpp.o) (_ZN5Print5writeEPKc)
/home/jkw/Store/17 - Speedmaster/Firmware/inc/libArduinoCore2560.a(WString.cpp.o)
                              /home/jkw/Store/17 - Speedmaster/Firmware/inc/libArduinoCore2560.a(Print.cpp.o) (_ZNK6StringixEj)
/usr/lib/gcc/avr/4.5.3/../../../avr/lib/avr6/libc.a(malloc.o)
                              ./config.o (malloc)
/usr/lib/gcc/avr/4.5.3/../../../avr/lib/avr6/libc.a(exit.o)
                              /usr/lib/gcc/avr/4.5.3/../../../avr/lib/avr6/crtm2560.o (exit)
/usr/lib/gcc/avr/4.5.3/../../../avr/lib/avr6/libc.a(isalpha.o)
                              ./inc/istream.o (isupper)
/usr/lib/gcc/avr/4.5.3/../../../avr/lib/avr6/libc.a(isspace.o)
                              ./inc/istream.o (isspace)
/usr/lib/gcc/avr/4.5.3/../../../avr/lib/avr6/libc.a(tolower.o)
                              /home/jkw/Store/17 - Speedmaster/Firmware/inc/libArduinoCore2560.a(WString.cpp.o) (tolower)
/usr/lib/gcc/avr/4.5.3/../../../avr/lib/avr6/libc.a(toupper.o)
                              /home/jkw/Store/17 - Speedmaster/Firmware/inc/libArduinoCore2560.a(WString.cpp.o) (toupper)
/usr/lib/gcc/avr/4.5.3/../../../avr/lib/avr6/libc.a(strcmp_P.o)
                              ./config.o (strcmp_P)
/usr/lib/gcc/avr/4.5.3/../../../avr/lib/avr6/libc.a(strcpy_P.o)
                              ./config.o (strcpy_P)
/usr/lib/gcc/avr/4.5.3/../../../avr/lib/avr6/libc.a(strlen_P.o)
                              ./inc/ostream.o (strlen_P)
/usr/lib/gcc/avr/4.5.3/../../../avr/lib/avr6/libc.a(memcmp.o)
                              ./inc/SdFile.o (memcmp)
/usr/lib/gcc/avr/4.5.3/../../../avr/lib/avr6/libc.a(memcpy.o)
                              ./inc/SdFile.o (memcpy)
/usr/lib/gcc/avr/4.5.3/../../../avr/lib/avr6/libc.a(memset.o)
                              ./gps.o (memset)
/usr/lib/gcc/avr/4.5.3/../../../avr/lib/avr6/libc.a(strcat.o)
                              /home/jkw/Store/17 - Speedmaster/Firmware/inc/libArduinoCore2560.a(WString.cpp.o) (strcat)
/usr/lib/gcc/avr/4.5.3/../../../avr/lib/avr6/libc.a(strchr.o)
                              ./inc/SdFile.o (strchr)
/usr/lib/gcc/avr/4.5.3/../../../avr/lib/avr6/libc.a(strcmp.o)
                              ./config.o (strcmp)
/usr/lib/gcc/avr/4.5.3/../../../avr/lib/avr6/libc.a(strcpy.o)
                              ./config.o (strcpy)
/usr/lib/gcc/avr/4.5.3/../../../avr/lib/avr6/libc.a(strncmp.o)
                              ./config.o (strncmp)
/usr/lib/gcc/avr/4.5.3/../../../avr/lib/avr6/libc.a(strncpy.o)
                              /home/jkw/Store/17 - Speedmaster/Firmware/inc/libArduinoCore2560.a(WString.cpp.o) (strncpy)
/usr/lib/gcc/avr/4.5.3/../../../avr/lib/avr6/libc.a(strrchr.o)
                              /home/jkw/Store/17 - Speedmaster/Firmware/inc/libArduinoCore2560.a(WString.cpp.o) (strrchr)
/usr/lib/gcc/avr/4.5.3/../../../avr/lib/avr6/libc.a(strstr.o)
                              /home/jkw/Store/17 - Speedmaster/Firmware/inc/libArduinoCore2560.a(WString.cpp.o) (strstr)
/usr/lib/gcc/avr/4.5.3/../../../avr/lib/avr6/libc.a(itoa.o)
                              /home/jkw/Store/17 - Speedmaster/Firmware/inc/libArduinoCore2560.a(WString.cpp.o) (itoa)
/usr/lib/gcc/avr/4.5.3/../../../avr/lib/avr6/libc.a(ltoa.o)
                              /home/jkw/Store/17 - Speedmaster/Firmware/inc/libArduinoCore2560.a(WString.cpp.o) (ltoa)
/usr/lib/gcc/avr/4.5.3/../../../avr/lib/avr6/libc.a(ultoa.o)
                              /home/jkw/Store/17 - Speedmaster/Firmware/inc/libArduinoCore2560.a(WString.cpp.o) (ultoa)
/usr/lib/gcc/avr/4.5.3/../../../avr/lib/avr6/libc.a(sprintf.o)
                              ./clock_me.o (sprintf)
/usr/lib/gcc/avr/4.5.3/../../../avr/lib/avr6/libc.a(addsf3.o)
                              ./aktors.o (__subsf3)
/usr/lib/gcc/avr/4.5.3/../../../avr/lib/avr6/libc.a(addsf3x.o)
                              /usr/lib/gcc/avr/4.5.3/../../../avr/lib/avr6/libc.a(addsf3.o) (__addsf3x)
/usr/lib/gcc/avr/4.5.3/../../../avr/lib/avr6/libc.a(asin.o)
                              ./gps.o (asin)
[...]
Memory Configuration

Name             Origin             Length             Attributes
text             0x0000000000000000 0x0000000000100000 xr
data             0x0000000000800200 0x000000000000fe00 rw !x
eeprom           0x0000000000810000 0x0000000000010000 rw !x
fuse             0x0000000000820000 0x0000000000000400 rw !x
lock             0x0000000000830000 0x0000000000000400 rw !x
signature        0x0000000000840000 0x0000000000000400 rw !x
*default*        0x0000000000000000 0xffffffffffffffff

Linker script and memory map

Address of section .data set to 0x800200
LOAD /usr/lib/gcc/avr/4.5.3/../../../avr/lib/avr6/crtm2560.o
LOAD ./aktors.o
LOAD ./blinker.o
LOAD ./clock_me.o
LOAD ./config.o
LOAD ./debug.o
LOAD ./display.o
LOAD ./dz.o
LOAD ./file_manager.o
LOAD ./fuel.o
LOAD ./gear.o
LOAD ./gps.o
LOAD ./helper.o
LOAD ./main.o
LOAD ./menu.o
LOAD ./oiler.o
LOAD ./reset.o
LOAD ./sd.o
LOAD ./sensors.o
LOAD ./speed.o
LOAD ./speedo.o
LOAD ./sprint.o
LOAD ./stepper.o
LOAD ./temperature.o
LOAD ./timer.o
LOAD ./voltage.o
LOAD ./inc/EEPROM.o
LOAD ./inc/Sd2Card.o
LOAD ./inc/SdFat.o
LOAD ./inc/SdFatUtil.o
LOAD ./inc/SdFile.o
LOAD ./inc/SdStream.o
LOAD ./inc/SdVolume.o
LOAD ./inc/Wire.o
LOAD ./inc/istream.o
LOAD ./inc/ostream.o
LOAD ./inc/pins_arduino.o
LOAD ./inc/ssd0323.o
LOAD ./inc/twi.o
LOAD /home/jkw/Store/17 - Speedmaster/Firmware/inc/libArduinoCore2560.a
LOAD /usr/lib/gcc/avr/4.5.3/../../../avr/lib/avr6/libc.a
LOAD /usr/lib/gcc/avr/4.5.3/avr6/libgcc.a
LOAD /usr/lib/gcc/avr/4.5.3/../../../avr/lib/avr6/libm.a
LOAD /usr/lib/gcc/avr/4.5.3/../../../avr/lib/avr6/libc.a
LOAD /usr/lib/gcc/avr/4.5.3/avr6/libgcc.a
LOAD /usr/lib/gcc/avr/4.5.3/../../../avr/lib/avr6/libc.a
LOAD /usr/lib/gcc/avr/4.5.3/avr6/libgcc.a

.hash
 *(.hash)

.dynsym
 *(.dynsym)

.dynstr
 *(.dynstr)

.gnu.version
 *(.gnu.version)

.gnu.version_d
 *(.gnu.version_d)

.gnu.version_r
 *(.gnu.version_r)

.rel.init
 *(.rel.init)

.rela.init
 *(.rela.init)

.rel.text
 *(.rel.text)
 *(.rel.text.*)
 *(.rel.gnu.linkonce.t*)

.rela.text
 *(.rela.text)
 *(.rela.text.*)
 *(.rela.gnu.linkonce.t*)

.rel.fini
 *(.rel.fini)

.rela.fini
 *(.rela.fini)

.rel.rodata
 *(.rel.rodata)
 *(.rel.rodata.*)
 *(.rel.gnu.linkonce.r*)

.rela.rodata
 *(.rela.rodata)
 *(.rela.rodata.*)
 *(.rela.gnu.linkonce.r*)

.rel.data
 *(.rel.data)
 *(.rel.data.*)
 *(.rel.gnu.linkonce.d*)

.rela.data
 *(.rela.data)
 *(.rela.data.*)
 *(.rela.gnu.linkonce.d*)

.rel.ctors
 *(.rel.ctors)

.rela.ctors
 *(.rela.ctors)

.rel.dtors
 *(.rel.dtors)

.rela.dtors
 *(.rela.dtors)

.rel.got
 *(.rel.got)

.rela.got
 *(.rela.got)

.rel.bss
 *(.rel.bss)

.rela.bss
 *(.rela.bss)

.rel.plt
 *(.rel.plt)

.rela.plt
 *(.rela.plt)

.text           0x0000000000000000    0x1cce6
 *(.vectors)
 .vectors       0x0000000000000000       0xe4 /usr/lib/gcc/avr/4.5.3/../../../avr/lib/avr6/crtm2560.o
                0x0000000000000000                __vectors
                0x0000000000000000                __vector_default
 *(.vectors)
 *(.progmem.gcc*)
 .progmem.gcc_fplib
                0x00000000000000e4       0x14 /usr/lib/gcc/avr/4.5.3/../../../avr/lib/avr6/libc.a(asin.o)
 .progmem.gcc_fplib
                0x00000000000000f8       0x28 /usr/lib/gcc/avr/4.5.3/../../../avr/lib/avr6/libc.a(fp_arccos.o)
 .progmem.gcc_fplib
                0x0000000000000120       0x1e /usr/lib/gcc/avr/4.5.3/../../../avr/lib/avr6/libc.a(fp_sinus.o)
 .progmem.gcc_fplib
                0x000000000000013e       0x28 /usr/lib/gcc/avr/4.5.3/../../../avr/lib/avr6/libc.a(exp.o)
 .progmem.gcc_fplib
                0x0000000000000166       0x5a /usr/lib/gcc/avr/4.5.3/../../../avr/lib/avr6/libc.a(log.o)
 *(.progmem*)
 .progmem.data  0x00000000000001c0       0x12 ./blinker.o
 .progmem.data  0x00000000000001d2       0x10 ./clock_me.o
 .progmem.data  0x00000000000001e2      0x54e ./config.o
 .progmem.data  0x0000000000000730       0xaa ./display.o
 .progmem.data  0x00000000000007da      0x113 ./file_manager.o
 .progmem.data  0x00000000000008ed       0x51 ./gear.o
 .progmem.data  0x000000000000093e       0x45 ./gps.o
 .progmem.data  0x0000000000000983       0x38 ./main.o
 .progmem.data  0x00000000000009bb      0x555 ./menu.o
                0x00000000000009bb                main_m_0
                0x00000000000009c8                main_m_1
                0x00000000000009d7                main_m_2
                0x00000000000009e5                main_m_3
                0x00000000000009ea                main_m_4
                0x00000000000009fb                main_m_5
                0x0000000000000a08                main_m_6
                0x0000000000000a11                main_m_7
                0x0000000000000a20                main_m_8
                0x0000000000000a30                menu_main
                0x0000000000000a42                setup_m_0
                0x0000000000000a51                setup_m_1
                0x0000000000000a61                setup_m_2
                0x0000000000000a72                setup_m_3
                0x0000000000000a82                setup_m_4
                0x0000000000000a95                setup_m_5
                0x0000000000000aa7                setup_m_6
                0x0000000000000aac                setup_m_7
                0x0000000000000ab1                setup_m_8
                0x0000000000000ab6                menu_setup
                0x0000000000000ac8                custom_m_0
                0x0000000000000ad5                custom_m_1
                0x0000000000000ae3                custom_m_2
                0x0000000000000af1                custom_m_3
                0x0000000000000af6                custom_m_4
                0x0000000000000afb                custom_m_5
                0x0000000000000b00                custom_m_6
                0x0000000000000b05                custom_m_7
                0x0000000000000b17                custom_m_8
                0x0000000000000b26                menu_custom
                0x0000000000000b38                einfo_m_0
                0x0000000000000b49                einfo_m_1
                0x0000000000000b5a                einfo_m_2
                0x0000000000000b65                einfo_m_3
                0x0000000000000b6a                einfo_m_4
                0x0000000000000b6f                einfo_m_5
                0x0000000000000b74                einfo_m_6
                0x0000000000000b79                einfo_m_7
                0x0000000000000b7e                einfo_m_8
                0x0000000000000b83                menu_einfo
                0x0000000000000b95                navi_m_0
                0x0000000000000ba3                navi_m_1
                0x0000000000000bb2                navi_m_2
                0x0000000000000bbe                navi_m_3
                0x0000000000000bce                navi_m_4
                0x0000000000000bd3                navi_m_5
                0x0000000000000bd8                navi_m_6
                0x0000000000000bdd                navi_m_7
                0x0000000000000be2                navi_m_8
                0x0000000000000be7                menu_navi
                0x0000000000000bf9                titel_0
                0x0000000000000c07                titel_1
                0x0000000000000c08                titel_2
                0x0000000000000c09                titel_3
                0x0000000000000c18                titel_4
                0x0000000000000c19                titel_5
                0x0000000000000c29                titel_6
                0x0000000000000c37                titel_7
                0x0000000000000c41                titel_8
                0x0000000000000c42                titel_9
                0x0000000000000c4f                menu_titel
                0x0000000000000c63                trip_setup_m_0
                0x0000000000000c69                trip_setup_m_1
                0x0000000000000c76                trip_setup_m_2
                0x0000000000000c7a                trip_setup_m_3
                0x0000000000000c7f                trip_setup_m_4
                0x0000000000000c85                trip_setup_m_5
                0x0000000000000c8a                trip_setup_m_6
                0x0000000000000c90                trip_setup_m_7
                0x0000000000000c97                trip_setup_m_8
                0x0000000000000c9d                menu_trip_setup
 .progmem.data  0x0000000000000f10       0x10 ./oiler.o
 .progmem.data  0x0000000000000f20       0x19 ./reset.o
 .progmem.data  0x0000000000000f39       0x39 ./sd.o
 .progmem.data  0x0000000000000f72       0x12 ./sensors.o
 .progmem.data  0x0000000000000f84       0x12 ./speed.o
 .progmem.data  0x0000000000000f96       0x64 ./speedo.o
 .progmem.data  0x0000000000000ffa        0xe ./sprint.o
 .progmem.data  0x0000000000001008        0x9 ./voltage.o
 .progmem.data  0x0000000000001011       0xc0 ./inc/SdFat.o
 .progmem.data  0x00000000000010d1       0x13 ./inc/SdFile.o
 .progmem.data  0x00000000000010e4        0xb ./inc/istream.o
 .progmem.data  0x00000000000010ef       0x13 ./inc/ostream.o
 .progmem.data  0x0000000000001102      0x120 ./inc/pins_arduino.o
                0x0000000000001102                port_to_mode_PGM
                0x000000000000111c                port_to_output_PGM
                0x0000000000001136                port_to_input_PGM
                0x0000000000001150                digital_pin_to_port_PGM
                0x0000000000001196                digital_pin_to_bit_mask_PGM
                0x00000000000011dc                digital_pin_to_timer_PGM
 .progmem.data  0x0000000000001222      0xcc0 ./inc/ssd0323.o
                0x0000000000001ee2                . = ALIGN (0x2)
                0x0000000000001ee2                __trampolines_start = .
 *(.trampolines)
 .trampolines   0x0000000000001ee2        0x0 linker stubs
 *(.trampolines*)
                0x0000000000001ee2                __trampolines_end = .
 *(.jumptables)
 *(.jumptables*)
 *(.lowtext)
 *(.lowtext*)
                0x0000000000001ee2                __ctors_start = .
 *(.ctors)
 .ctors         0x0000000000001ee2        0x2 ./main.o
 .ctors         0x0000000000001ee4        0x2 ./inc/Wire.o
 .ctors         0x0000000000001ee6        0x2 /home/jkw/Store/17 - Speedmaster/Firmware/inc/libArduinoCore2560.a(HardwareSerial.cpp.o)
                0x0000000000001ee8                __ctors_end = .
                0x0000000000001ee8                __dtors_start = .
 *(.dtors)
                0x0000000000001ee8                __dtors_end = .
 SORT(*)(.ctors)
 SORT(*)(.dtors)
 *(.init0)
 .init0         0x0000000000001ee8        0x0 /usr/lib/gcc/avr/4.5.3/../../../avr/lib/avr6/crtm2560.o
                0x0000000000001ee8                __init
 *(.init0)
 *(.init1)
 *(.init1)
 *(.init2)
 .init2         0x0000000000001ee8       0x10 /usr/lib/gcc/avr/4.5.3/../../../avr/lib/avr6/crtm2560.o
 *(.init2)
 *(.init3)
 *(.init3)
 *(.init4)
 .init4         0x0000000000001ef8       0x1a /usr/lib/gcc/avr/4.5.3/avr6/libgcc.a(_copy_data.o)
                0x0000000000001ef8                __do_copy_data
 .init4         0x0000000000001f12       0x10 /usr/lib/gcc/avr/4.5.3/avr6/libgcc.a(_clear_bss.o)
                0x0000000000001f12                __do_clear_bss
 *(.init4)
 *(.init5)
 *(.init5)
 *(.init6)
 .init6         0x0000000000001f22       0x20 /usr/lib/gcc/avr/4.5.3/avr6/libgcc.a(_ctors.o)
                0x0000000000001f22                __do_global_ctors
 *(.init6)
 *(.init7)
 *(.init7)
 *(.init8)
 *(.init8)
 *(.init9)
 .init9         0x0000000000001f42        0x8 /usr/lib/gcc/avr/4.5.3/../../../avr/lib/avr6/crtm2560.o
 *(.init9)
 *(.text)
 .text          0x0000000000001f4a        0x4 /usr/lib/gcc/avr/4.5.3/../../../avr/lib/avr6/crtm2560.o
                0x0000000000001f4a                __vector_38
                0x0000000000001f4a                __vector_22
                0x0000000000001f4a                __vector_28
                0x0000000000001f4a                __vector_32
                0x0000000000001f4a                __vector_34
                0x0000000000001f4a                __vector_24
                0x0000000000001f4a                __vector_12
                0x0000000000001f4a                __vector_55
                0x0000000000001f4a                __vector_46
                0x0000000000001f4a                __bad_interrupt
                0x0000000000001f4a                __vector_31
                0x0000000000001f4a                __vector_30
                0x0000000000001f4a                __vector_45
                0x0000000000001f4a                __vector_11
                0x0000000000001f4a                __vector_13
                0x0000000000001f4a                __vector_17
                0x0000000000001f4a                __vector_19
                0x0000000000001f4a                __vector_56
                0x0000000000001f4a                __vector_49
                0x0000000000001f4a                __vector_41
                0x0000000000001f4a                __vector_43
                0x0000000000001f4a                __vector_27
                0x0000000000001f4a                __vector_33
                0x0000000000001f4a                __vector_47
                0x0000000000001f4a                __vector_52
                0x0000000000001f4a                __vector_37
                0x0000000000001f4a                __vector_44
                0x0000000000001f4a                __vector_9
                0x0000000000001f4a                __vector_21
                0x0000000000001f4a                __vector_15
                0x0000000000001f4a                __vector_29
                0x0000000000001f4a                __vector_40
                0x0000000000001f4a                __vector_26
                0x0000000000001f4a                __vector_48
                0x0000000000001f4a                __vector_14
                0x0000000000001f4a                __vector_53
                0x0000000000001f4a                __vector_10
                0x0000000000001f4a                __vector_50
                0x0000000000001f4a                __vector_16
                0x0000000000001f4a                __vector_18
                0x0000000000001f4a                __vector_20
                0x0000000000001f4a                __vector_42
 .text          0x0000000000001f4e      0x712 ./aktors.o
                0x0000000000001f4e                _ZN13Speedo_aktorsC2Ev
                0x0000000000001f4e                _ZN13Speedo_aktorsC1Ev
                0x0000000000001f74                _ZN13Speedo_aktorsD2Ev
                0x0000000000001f74                _ZN13Speedo_aktorsD1Ev
                0x0000000000001f76                _ZN13Speedo_aktors10set_rgb_inEiii
                0x0000000000002026                _ZN13Speedo_aktors11set_rgb_outEiii
                0x00000000000020c4                _ZN13Speedo_aktors4initEv
                0x000000000000212c                _ZN13Speedo_aktors11dimm_rgb_toEiiiii
                0x00000000000021aa                _ZN13Speedo_aktors14timer_overflowEv
                0x00000000000025f2                _ZN13Speedo_aktors14dimm_availableEv
                0x0000000000002608                __vector_35
 .text          0x0000000000002660      0x150 ./blinker.o
                0x0000000000002660                _ZN13moped_blinkerC1Ev
                0x0000000000002660                _ZN13moped_blinkerC2Ev
                0x0000000000002662                _ZN13moped_blinkerD2Ev
                0x0000000000002662                _ZN13moped_blinkerD1Ev
                0x0000000000002664                _ZN13moped_blinker5checkEv
                0x000000000000270e                _ZN13moped_blinker9set_startEmi
                0x000000000000273c                _ZN13moped_blinker4warnEm
                0x0000000000002780                _ZN13moped_blinker4initEv
 .text          0x00000000000027b0      0x326 ./clock_me.o
                0x00000000000027b0                _ZN12speedo_clockC2Ev
                0x00000000000027b0                _ZN12speedo_clockC1Ev
                0x00000000000027b2                _ZN12speedo_clockD1Ev
                0x00000000000027b2                _ZN12speedo_clockD2Ev
                0x00000000000027b4                _ZN12speedo_clock7changedEPi
                0x00000000000027da                _ZN12speedo_clock8decToBcdEc
                0x00000000000027ea                _ZN12speedo_clock8bcdToDecEc
                0x0000000000002802                _ZN12speedo_clock13set_date_timeEiiiiiiii
                0x0000000000002910                _ZN12speedo_clock4initEv
                0x0000000000002940                _ZN12speedo_clock7getdateEv
                0x0000000000002964                _ZN12speedo_clock13get_long_dateEv
                0x00000000000029f0                _ZN12speedo_clock9get_daylsEv
                0x00000000000029f8                _ZN12speedo_clock6get_ssEv
                0x0000000000002a02                _ZN12speedo_clock3incEv
                0x0000000000002a4e                _ZN12speedo_clock4copyEPc
 .text          0x0000000000002ad6     0x27b6 ./config.o
                0x0000000000002ad6                _ZN6SdFileD1Ev
                0x0000000000002aec                _ZN13configurationC2Ev
                0x0000000000002aec                _ZN13configurationC1Ev
                0x0000000000002aee                _ZN13configuration8ram_infoEv
                0x0000000000002b2a                _ZN13configurationD1Ev
                0x0000000000002b2a                _ZN13configurationD2Ev
                0x0000000000002b2c                _ZN13configuration5writeEPKc
                0x0000000000003840                _ZN13configuration5checkEv
                0x0000000000003940                _ZN13configuration4initEv
                0x0000000000003cba                _ZN13configuration11parse_floatEPciPf
                0x0000000000003f3c                _ZN13configuration10parse_boolEPciPb
                0x0000000000003f78                _ZN13configuration9parse_intEPciPi
                0x0000000000003fd0                _ZN13configuration11parse_shortEPciPs
                0x000000000000401c                _ZN13configuration7parse_aEPciS0_i
                0x000000000000408a                _ZN13configuration8parse_ulEPciPm
                0x0000000000004134                _ZN13configuration5parseEPc
                0x0000000000004b42                _ZN13configuration4readEPKc
                0x0000000000004d98                _ZN13configuration9read_skinEv
                0x0000000000004e2e                _ZN13configuration7km_saveEv
                0x0000000000005006                _ZN13configuration11EEPROM_initEv
 .text          0x000000000000528c       0x6e ./debug.o
                0x000000000000528c                _ZN9debuggingC1Ev
                0x000000000000528c                _ZN9debuggingC2Ev
                0x000000000000528e                _ZN9debuggingD1Ev
                0x000000000000528e                _ZN9debuggingD2Ev
                0x0000000000005290                _ZN9debugging7sprintpEPKc
                0x00000000000052ba                _ZN9debugging9sprintlnpEPKc
                0x00000000000052ec                _ZN9debugging11parse_floatEiPciii
                0x00000000000052ee                _ZN9debugging9parse_intEv
                0x00000000000052f0                _ZN9debugging5parseEiPc
                0x00000000000052f2                _ZN9debugging7parse_aEiPc
                0x00000000000052f4                _ZN9debugging8parse_ulEim
                0x00000000000052f6                _ZN9debugging11speedo_loopEiimPKc
                0x00000000000052f8                _ZN9debugging4loopEv
 .text          0x00000000000052fa     0x17b6 ./display.o
                0x0000000000005310                _ZN11speedo_dispC1Ev
                0x0000000000005310                _ZN11speedo_dispC2Ev
                0x0000000000005316                _ZN11speedo_dispD2Ev
                0x0000000000005316                _ZN11speedo_dispD1Ev
                0x0000000000005318                _ZN11speedo_disp8draw_oilEhh
                0x00000000000055e2                _ZN11speedo_disp8draw_airEhh
                0x00000000000056ec                _ZN11speedo_disp9draw_fuelEhh
                0x0000000000005816                _ZN11speedo_disp10draw_clockEhh
                0x0000000000005940                _ZN11speedo_disp12draw_blitzerEhh
                0x0000000000005bba                _ZN11speedo_disp10draw_arrowEiii
                0x0000000000006172                _ZN11speedo_disp6sd2ssdEPc
                0x00000000000062f2                _ZN11speedo_disp11show_storryEPcjS0_j
                0x0000000000006576                _ZN11speedo_disp14show_animationEPKc
                0x00000000000068b4                _ZN11speedo_disp12disp_waitingEihh
                0x0000000000006932                _ZN11speedo_disp9animationEi
                0x00000000000069a4                _ZN11speedo_disp11init_speedoEv
 .text          0x0000000000006ab0      0x388 ./dz.o
                0x0000000000006ab0                _Z6helperv
                0x0000000000006aca                _ZN9speedo_dzC2Ev
                0x0000000000006aca                _ZN9speedo_dzC1Ev
                0x0000000000006acc                _ZN9speedo_dz7counterEv
                0x0000000000006adc                _ZN9speedo_dz4calcEv
                0x0000000000006dee                _ZN9speedo_dz4initEv
 .text          0x0000000000006e38      0xa5a ./file_manager.o
                0x0000000000006e4e                _ZN6SdFile7makeDirEPS_PKc
                0x0000000000006e56                _ZN18speedo_filemanagerC2Ev
                0x0000000000006e56                _ZN18speedo_filemanagerC1Ev
                0x0000000000006e72                _ZN18speedo_filemanagerD1Ev
                0x0000000000006e72                _ZN18speedo_filemanagerD2Ev
                0x0000000000006e8a                _ZN18speedo_filemanager2cdEPc
                0x0000000000006f92                _ZN18speedo_filemanager9recv_fileEPc
                0x000000000000722a                _ZN18speedo_filemanager9send_fileEPc
                0x000000000000730c                _ZN18speedo_filemanager2lsEv
                0x0000000000007316                _ZN18speedo_filemanager5mkdirEPc
                0x0000000000007350                _ZN18speedo_filemanager2rmEPc
                0x00000000000073c0                _ZN18speedo_filemanager5rmdirEv
                0x00000000000073e0                _ZN18speedo_filemanager12get_filenameEPc
                0x000000000000744e                _ZN18speedo_filemanager3runEv
 .text          0x0000000000007892      0x24c ./fuel.o
                0x0000000000007892                _ZN11speedo_fuelC1Ev
                0x0000000000007892                _ZN11speedo_fuelC2Ev
                0x0000000000007894                _ZN11speedo_fuelD2Ev
                0x0000000000007894                _ZN11speedo_fuelD1Ev
                0x0000000000007896                _ZN11speedo_fuel8get_fuelEPc
                0x0000000000007ac2                _ZN11speedo_fuel4initEv
 .text          0x0000000000007ade      0x68a ./gear.o
                0x0000000000007ade                _ZN11speedo_gearC2Ev
                0x0000000000007ade                _ZN11speedo_gearC1Ev
                0x0000000000007ae0                _ZN11speedo_gearD1Ev
                0x0000000000007ae0                _ZN11speedo_gearD2Ev
                0x0000000000007ae2                _ZN11speedo_gear4initEv
                0x0000000000007b0a                _ZN11speedo_gear4calcEv
                0x0000000000007d6e                _ZN11speedo_gear3getEv
                0x0000000000007d86                _ZN11speedo_gear9calibrateEv
 .text          0x0000000000008168     0x1fb8 ./gps.o
                0x000000000000817e                _ZN10speedo_gpsC1Ev
                0x000000000000817e                _ZN10speedo_gpsC2Ev
                0x0000000000008180                _ZN10speedo_gpsD1Ev
                0x0000000000008180                _ZN10speedo_gpsD2Ev
                0x0000000000008182                _ZN10speedo_gps9recv_dataEv
                0x00000000000082d6                __vector_36
                0x0000000000008332                _ZN10speedo_gps8get_infoEi
                0x0000000000008492                _ZN10speedo_gps11store_to_sdEv
                0x0000000000008560                _ZN10speedo_gps3modEmm
                0x00000000000085e6                _ZN10speedo_gps11nmea_to_decEm
                0x00000000000086a4                _ZN10speedo_gps9calc_distEmm
                0x0000000000008930                _ZN10speedo_gps9get_orderEPc
                0x0000000000008bb0                _ZN10speedo_gps18generate_new_orderEv
                0x0000000000008f6a                _ZN10speedo_gps9calc_naviEv
                0x00000000000093fc                _ZN10speedo_gps5parseEPci
                0x0000000000009b42                _ZN10speedo_gps10check_flagEv
                0x0000000000009b9a                _ZN10speedo_gps4loopEv
                0x0000000000009e70                _ZN10speedo_gps17get_logged_pointsEPci
                0x0000000000009fec                _ZN10speedo_gps8SendByteEh
                0x0000000000009ffa                _ZN10speedo_gps10SendStringEPKc
                0x000000000000a02c                _ZN10speedo_gps4initEv
 .text          0x000000000000a120       0x3e ./helper.o
                0x000000000000a120                __cxa_pure_virtual
                0x000000000000a124                _Znwj
                0x000000000000a12a                _ZdlPv
                0x000000000000a130                _Znaj
                0x000000000000a136                _ZdaPv
                0x000000000000a140                _Z19__cxa_guard_acquirePx
                0x000000000000a154                _Z19__cxa_guard_releasePx
                0x000000000000a15c                _Z17__cxa_guard_abortPx
 .text          0x000000000000a15e      0x428 ./main.o
                0x000000000000a15e                main
 .text          0x000000000000a586     0x3e72 ./menu.o
                0x000000000000a59c                _ZN11speedo_menuC2Ev
                0x000000000000a59c                _ZN11speedo_menuC1Ev
                0x000000000000a59e                _ZN11speedo_menuD2Ev
                0x000000000000a59e                _ZN11speedo_menuD1Ev
                0x000000000000a5a0                _ZN11speedo_menu4backEv
                0x000000000000a6a0                _ZN11speedo_menu5yesnoEPKcS1_S1_
                0x000000000000a79e                _ZN11speedo_menu4drawEPPKci
                0x000000000000aa52                _ZN11speedo_menu11button_testEb
                0x000000000000afd8                _ZN11speedo_menu4initEv
                0x000000000000b058                _ZN11speedo_menu11set_buttonsEbbbb
                0x000000000000b068                _ZN11speedo_menu9center_meEPci
                0x000000000000b1ae                _ZN11speedo_menu7displayEv
                0x000000000000e374                _ZN11speedo_menu8del_confEPcS0_
 .text          0x000000000000e3f8       0xd4 ./oiler.o
                0x000000000000e3f8                _ZN12speedo_oilerC2Ev
                0x000000000000e3f8                _ZN12speedo_oilerC1Ev
                0x000000000000e3fa                _ZN12speedo_oilerD2Ev
                0x000000000000e3fa                _ZN12speedo_oilerD1Ev
                0x000000000000e3fc                _ZN12speedo_oiler4initEv
                0x000000000000e41e                _ZN12speedo_oiler12send_impulseEv
                0x000000000000e46e                _ZN12speedo_oiler11check_valueEv
 .text          0x000000000000e4cc      0x2a6 ./reset.o
                0x000000000000e4cc                _ZN12speedo_resetC1Ev
                0x000000000000e4cc                _ZN12speedo_resetC2Ev
                0x000000000000e4ce                _ZN12speedo_resetD2Ev
                0x000000000000e4ce                _ZN12speedo_resetD1Ev
                0x000000000000e4d0                _ZN12speedo_reset10set_activeEbb
                0x000000000000e51a                _ZN12speedo_reset12set_deactiveEbb
                0x000000000000e562                _ZN12speedo_reset7restoreEv
                0x000000000000e57e                _ZN12speedo_reset6toggleEv
                0x000000000000e5dc                _ZN12speedo_reset9ask_resetEv
                0x000000000000e6e2                _ZN12speedo_reset4initEv
 .text          0x000000000000e772      0x182 ./sd.o
                0x000000000000e772                _ZN8SdVolume4initEP7Sd2Card
                0x000000000000e7a0                _ZN9speedo_sdC1Ev
                0x000000000000e7a0                _ZN9speedo_sdC2Ev
                0x000000000000e7bc                _ZN9speedo_sdD1Ev
                0x000000000000e7bc                _ZN9speedo_sdD2Ev
                0x000000000000e7be                _ZN9speedo_sd7error_PEPKc
                0x000000000000e814                _ZN9speedo_sd9writeCRLFER6SdFile
                0x000000000000e824                _ZN9speedo_sd11writeStringER6SdFilePc
                0x000000000000e844                _ZN9speedo_sd4initEv
 .text          0x000000000000e8f4      0x258 ./sensors.o
                0x000000000000e8f4                _ZN14Speedo_sensorsC1Ev
                0x000000000000e8f4                _ZN14Speedo_sensorsC2Ev
                0x000000000000e9ce                _ZN14Speedo_sensorsD2Ev
                0x000000000000e9ce                _ZN14Speedo_sensorsD1Ev
                0x000000000000e9d0                _ZN14Speedo_sensors4initEv
                0x000000000000ea44                _ZN14Speedo_sensors6flatItEiPsif
 .text          0x000000000000eb4c      0x73a ./speed.o
                0x000000000000eb4c                _ZN12speedo_speedC2Ev
                0x000000000000eb4c                _ZN12speedo_speedC1Ev
                0x000000000000eb4e                _ZN12speedo_speedD2Ev
                0x000000000000eb4e                _ZN12speedo_speedD1Ev
                0x000000000000eb50                _ZN12speedo_speed4calcEv
                0x000000000000ed06                _Z12helper_speedv
                0x000000000000ed18                _ZN12speedo_speed4initEv
                0x000000000000ed5e                _ZN12speedo_speed8getSpeedEv
                0x000000000000ed82                _ZN12speedo_speed13get_sat_speedEv
                0x000000000000ed88                _ZN12speedo_speed13get_mag_speedEv
                0x000000000000ed8e                _ZN12speedo_speed12check_umfangEv
 .text          0x000000000000f286     0x1650 ./speedo.o
                0x000000000000f286                _ZN13speedo_speedo9reset_bakEv
                0x000000000000f29c                _ZN13speedo_speedo4loopEm
 .text          0x00000000000108d6      0x4f6 ./sprint.o
                0x00000000000108d6                _ZN13speedo_sprintC2Ev
                0x00000000000108d6                _ZN13speedo_sprintC1Ev
                0x00000000000108f4                _ZN13speedo_sprintD2Ev
                0x00000000000108f4                _ZN13speedo_sprintD1Ev
                0x00000000000108f6                _ZN13speedo_sprint4initEv
                0x0000000000010914                _ZN13speedo_sprint4loopEv
 .text          0x0000000000010dcc       0xb6 ./stepper.o
                0x0000000000010dcc                _ZN14speedo_stepperC2Ev
                0x0000000000010dcc                _ZN14speedo_stepperC1Ev
                0x0000000000010dce                _ZN14speedo_stepperD2Ev
                0x0000000000010dce                _ZN14speedo_stepperD1Ev
                0x0000000000010dd0                _ZN14speedo_stepper5go_toEii
                0x0000000000010e58                _ZN14speedo_stepper4initEv
 .text          0x0000000000010e82      0x3e6 ./temperature.o
                0x0000000000010e82                _ZN18speedo_temperatureC1Ev
                0x0000000000010e82                _ZN18speedo_temperatureC2Ev
                0x0000000000010e84                _ZN18speedo_temperatureD1Ev
                0x0000000000010e84                _ZN18speedo_temperatureD2Ev
                0x0000000000010e86                _ZN18speedo_temperature4initEv
                0x0000000000010eca                _ZN18speedo_temperature13read_oil_tempEv
                0x0000000000011036                _ZN18speedo_temperature13read_air_tempEv
                0x0000000000011114                _ZN18speedo_temperature12get_air_tempEv
                0x00000000000111be                _ZN18speedo_temperature12get_oil_tempEv
 .text          0x0000000000011268      0x280 ./timer.o
                0x0000000000011268                _ZN12speedo_timerC2Ev
                0x0000000000011268                _ZN12speedo_timerC1Ev
                0x00000000000112a2                _ZN12speedo_timerD2Ev
                0x00000000000112a2                _ZN12speedo_timerD1Ev
                0x00000000000112a4                _Z8ram_infov
                0x00000000000112d0                _ZN12speedo_timer9every_secEP13configuration
                0x0000000000011386                _ZN12speedo_timer10every_qsecEv
                0x00000000000113cc                _ZN12speedo_timer12every_customEv
 .text          0x00000000000114e8      0x268 ./voltage.o
                0x00000000000114e8                _ZN14speedo_voltageC2Ev
                0x00000000000114e8                _ZN14speedo_voltageC1Ev
                0x00000000000114ea                _ZN14speedo_voltageD2Ev
                0x00000000000114ea                _ZN14speedo_voltageD1Ev
                0x00000000000114ec                _ZN14speedo_voltage4calcEv
                0x00000000000115f4                _ZN14speedo_voltage3getEv
                0x0000000000011608                _ZN14speedo_voltage4initEv
                0x0000000000011624                _ZN14speedo_voltage4loopEv
 .text          0x0000000000011750       0x12 ./inc/EEPROM.o
                0x0000000000011750                _ZN11EEPROMClass4readEi
                0x0000000000011758                _ZN11EEPROMClass5writeEih
 .text          0x0000000000011762      0x8ec ./inc/Sd2Card.o
                0x0000000000011798                _ZN7Sd2Card14chipSelectHighEv
                0x00000000000117a4                _ZN7Sd2Card13chipSelectLowEv
                0x00000000000117be                _ZN7Sd2Card8readDataEPhj
                0x0000000000011816                _ZN7Sd2Card10setSckRateEh
                0x000000000001182a                _ZN7Sd2Card11waitNotBusyEj
                0x0000000000011862                _ZN7Sd2Card11cardCommandEhm
                0x00000000000118fc                _ZN7Sd2Card8cardAcmdEhm
                0x000000000001193a                _ZN7Sd2Card4initEhh
                0x0000000000011aae                _ZN7Sd2Card14waitStartBlockEv
                0x0000000000011afc                _ZN7Sd2Card12readRegisterEhPv
                0x0000000000011b48                _ZN7Sd2Card7readCSDEP5csd_t
                0x0000000000011b52                _ZN7Sd2Card22eraseSingleBlockEnableEv
                0x0000000000011b8e                _ZN7Sd2Card5eraseEmm
                0x0000000000011cc2                _ZN7Sd2Card8cardSizeEv
                0x0000000000011dca                _ZN7Sd2Card9readBlockEmPh
                0x0000000000011e40                _ZN7Sd2Card9writeDataEhPKh
                0x0000000000011ea4                _ZN7Sd2Card9writeDataEPKh
                0x0000000000011ef0                _ZN7Sd2Card10writeBlockEmPKh
                0x0000000000011f92                _ZN7Sd2Card10writeStartEmm
                0x0000000000012006                _ZN7Sd2Card9writeStopEv
 .text          0x000000000001204e      0x466 ./inc/SdFat.o
                0x0000000000012092                _ZN5SdFat5chdirEv
                0x00000000000120c4                _ZN5SdFat5chdirEPKc
                0x00000000000121a8                _ZN5SdFat10errorPrintEv
                0x00000000000121d8                _ZN5SdFat9errorHaltEv
                0x00000000000121de                _ZN5SdFat10errorPrintEPKc
                0x000000000001220c                _ZN5SdFat9errorHaltEPKc
                0x0000000000012212                _ZN5SdFat12errorPrint_PEPKc
                0x000000000001223c                _ZN5SdFat11errorHalt_PEPKc
                0x0000000000012242                _ZN5SdFat6existsEPKc
                0x000000000001224a                _ZN5SdFat4initEhh
                0x0000000000012282                _ZN5SdFat14initErrorPrintEv
                0x00000000000122d2                _ZN5SdFat13initErrorHaltEv
                0x00000000000122d8                _ZN5SdFat2lsEh
                0x00000000000122e8                _ZN5SdFat2lsEP5Printh
                0x00000000000122f2                _ZN5SdFat5mkdirEPKcb
                0x0000000000012352                _ZN5SdFat6removeEPKc
                0x000000000001235a                _ZN5SdFat6renameEPKcS1_
                0x00000000000123d8                _ZN5SdFat5rmdirEPKc
                0x000000000001243a                _ZN5SdFat8truncateEPKcm
 .text          0x00000000000124b4       0x94 ./inc/SdFatUtil.o
                0x00000000000124b4                _ZN9SdFatUtil7FreeRamEv
                0x00000000000124ee                _ZN9SdFatUtil7print_PEP5PrintPKc
                0x000000000001251a                _ZN9SdFatUtil9println_PEP5PrintPKc
                0x0000000000012530                _ZN9SdFatUtil13SerialPrint_PEPKc
                0x000000000001253c                _ZN9SdFatUtil15SerialPrintln_PEPKc
 .text          0x0000000000012548     0x2772 ./inc/SdFile.o
                0x0000000000012574                _ZN8SdVolume9fatPutEOCEm
                0x000000000001258a                _ZN6SdFile10addClusterEv
                0x00000000000125de                _ZN6SdFile13addDirClusterEv
                0x00000000000126fc                _ZN6SdFile13cacheDirEntryEh
                0x0000000000012738                _ZN6SdFile15contiguousRangeEPmS0_
                0x000000000001289c                _ZN6SdFile7dirNameERK14directoryEntryPc
                0x00000000000128d8                _ZN6SdFile11getFilenameEPc
                0x0000000000012910                _ZN6SdFile6getposEP6fpos_t
                0x000000000001293e                _ZN6SdFile10make83NameEPKcPhPS1_
                0x00000000000129c0                _ZN6SdFile8openRootEP8SdVolume
                0x0000000000012a66                _ZN6SdFile12printDirNameEP5PrintRK14directoryEntryhb
                0x0000000000012af6                _ZN6SdFile12printDirNameERK14directoryEntryhb
                0x0000000000012b0a                _ZN6SdFile12printFatDateEP5Printj
                0x0000000000012b68                _ZN6SdFile12printFatDateEj
                0x0000000000012b74                _ZN6SdFile12printFatTimeEP5Printj
                0x0000000000012bce                _ZN6SdFile12printFatTimeEj
                0x0000000000012bda                _ZN6SdFile9printNameEv
                0x0000000000012c28                _ZN6SdFile4readEPvj
                0x0000000000012e8c                _ZN6SdFile4readEv
                0x0000000000012ebe                _ZN6SdFile4peekEv
                0x0000000000012f16                _ZN6SdFile11lsPrintNextEP5Printhh
                0x000000000001309c                _ZN6SdFile5fgetsEPciS0_
                0x0000000000013172                _ZN6SdFile7readDirEP14directoryEntry
                0x00000000000131de                _ZN6SdFile12readDirCacheEv
                0x0000000000013256                _ZN6SdFile7seekSetEm
                0x000000000001338e                _ZN6SdFile7seekEndEl
                0x00000000000133ae                _ZN6SdFile6rewindEv
                0x00000000000133ba                _ZN6SdFile6setposEP6fpos_t
                0x00000000000133e6                _ZN6SdFile4syncEv
                0x000000000001347c                _ZN6SdFile8dirEntryEP14directoryEntry
                0x00000000000134c2                _ZN6SdFile5closeEv
                0x00000000000134f4                _ZN6SdFile9timestampEhjhhhhh
                0x0000000000013628                _ZN6SdFile8truncateEm
                0x0000000000013796                _ZN6SdFile6removeEv
                0x00000000000137cc                _ZN6SdFile5rmdirEv
                0x000000000001385c                _ZN6SdFile15openCachedEntryEhh
                0x000000000001396c                _ZN6SdFile8openNextEPS_h
                0x0000000000013a06                _ZN6SdFile4openEPS_jh
                0x0000000000013a8c                _ZN6SdFile8rmRfStarEv
                0x0000000000013bd4                _ZN6SdFile2lsEP5Printhh
                0x0000000000013cda                _ZN6SdFile2lsEh
                0x0000000000013ce8                _ZN6SdFile10openParentEPS_
                0x0000000000013eec                _ZN6SdFile4openEPS_PKhh
                0x0000000000014080                _ZN6SdFile4openEPS_PKch
                0x000000000001421e                _ZN6SdFile6removeEPS_PKc
                0x0000000000014286                _ZN6SdFile4openEPKch
                0x000000000001429a                _ZN6SdFileC1EPKch
                0x000000000001429a                _ZN6SdFileC2EPKch
                0x00000000000142ae                _ZN6SdFile6existsEPKc
                0x000000000001430a                _ZN6SdFile16createContiguousEPS_PKcm
                0x000000000001439c                _ZN6SdFile5mkdirEPS_PKh
                0x0000000000014526                _ZN6SdFile5mkdirEPS_PKcb
                0x00000000000146dc                _ZN6SdFile6renameEPS_PKc
                0x00000000000148de                _ZN6SdFile5writeEPKvj
                0x0000000000014c34                _ZN6SdFile5writeEPKc
                0x0000000000014c4c                _ZN6SdFile5writeEh
                0x0000000000014c6e                _ZN6SdFile7write_PEPKc
                0x0000000000014ca0                _ZN6SdFile9writeln_PEPKc
 .text          0x0000000000014cba      0x2d0 ./inc/SdStream.o
                0x0000000000014cba                _ZN6SdFile7seekCurEl
                0x0000000000014cda                _ZN6SdBase5getchEv
                0x0000000000014d96                _ZN6SdBase4openEPKch
                0x0000000000014e58                _ZN6SdBase5putchEc
                0x0000000000014eb8                _ZN6SdBase6putstrEPKc
                0x0000000000014f3a                _ZN6SdBase7seekoffElN8ios_base7seekdirE
                0x0000000000014f84                _ZN6SdBase7seekposEm
 .text          0x0000000000014f8a      0xaa8 ./inc/SdVolume.o
                0x0000000000014f8a                _ZN8SdVolume10cacheFlushEv
                0x0000000000015004                _ZN8SdVolume13cacheRawBlockEmh
                0x000000000001508a                _ZNK8SdVolume6fatGetEmPm
                0x000000000001518c                _ZNK8SdVolume9chainSizeEmPm
                0x0000000000015274                _ZN8SdVolume6fatPutEmm
                0x00000000000153b4                _ZN8SdVolume15allocContiguousEmPm
                0x00000000000155d8                _ZN8SdVolume9freeChainEm
                0x0000000000015692                _ZN8SdVolume16freeClusterCountEv
                0x00000000000157c8                _ZN8SdVolume4initEP7Sd2Cardh
 .text          0x0000000000015a32      0x20e ./inc/Wire.o
                0x0000000000015a32                _ZN7TwoWire16onReceiveServiceEPhi
                0x0000000000015a82                _ZN7TwoWire16onRequestServiceEv
                0x0000000000015a9a                _ZN7TwoWireC2Ev
                0x0000000000015a9a                _ZN7TwoWireC1Ev
                0x0000000000015a9c                _ZN7TwoWire5beginEv
                0x0000000000015ab2                _ZN7TwoWire5beginEh
                0x0000000000015ada                _ZN7TwoWire5beginEi
                0x0000000000015ae0                _ZN7TwoWire11requestFromEhh
                0x0000000000015afa                _ZN7TwoWire11requestFromEii
                0x0000000000015b00                _ZN7TwoWire17beginTransmissionEh
                0x0000000000015b14                _ZN7TwoWire17beginTransmissionEi
                0x0000000000015b1a                _ZN7TwoWire15endTransmissionEv
                0x0000000000015b3a                _ZN7TwoWire4sendEh
                0x0000000000015b82                _ZN7TwoWire4sendEPhh
                0x0000000000015bde                _ZN7TwoWire4sendEPc
                0x0000000000015bf6                _ZN7TwoWire4sendEi
                0x0000000000015bfc                _ZN7TwoWire9availableEv
                0x0000000000015c08                _ZN7TwoWire7receiveEv
                0x0000000000015c2a                _ZN7TwoWire9onReceiveEPFviE
                0x0000000000015c34                _ZN7TwoWire9onRequestEPFvvE
 .text          0x0000000000015c40      0xd82 ./inc/istream.o
                0x0000000000015c40                _ZN7istream5getchEP6fpos_t
                0x0000000000015c66                _ZN7istream3getEv
                0x0000000000015caa                _ZN7istream3getERc
                0x0000000000015cca                _ZN7istream3getEPcmc
                0x0000000000015de4                _ZN7istream7getlineEPcmc
                0x0000000000015f1e                _ZN7istream6ignoreEmi
                0x0000000000015f86                _ZN7istream4peekEv
                0x000000000001603a                _ZN7istream8readSkipEv
                0x0000000000016080                _ZN7istream6getStrEPc
                0x00000000000161d6                _ZN7istream9getNumberEmmPm
                0x0000000000016464                _ZN7istream8getFloatEPf
                0x00000000000167be                _ZN7istream7getCharEPc
                0x00000000000167f8                _ZN7istream9skipWhiteEv
                0x000000000001686a                _ZN7istream9getNumberIbEEvPT_
                0x00000000000168d6                _ZN7istream7getBoolEPb
 .text          0x00000000000169c2      0x670 ./inc/ostream.o
                0x00000000000169c2                _ZN7ostream7do_fillEj
                0x0000000000016a12                _ZN7ostream13fill_not_leftEj
                0x0000000000016a3a                _ZN7ostream6fmtNumEmPch
                0x0000000000016ad6                _ZN7ostream7putCharEc
                0x0000000000016b0a                _ZN7ostream6putNumEmb
                0x0000000000016c74                _ZN7ostream6putNumEl
                0x0000000000016cb2                _ZN7ostream6putPgmERK3pgm
                0x0000000000016d08                _ZN7ostream9putDoubleEd
                0x0000000000016f86                _ZN7ostream7putBoolEb
                0x0000000000016fe6                _ZN7ostream6putStrEPKc
 .text          0x0000000000017032        0x0 ./inc/pins_arduino.o
 .text          0x0000000000017032     0x1bec ./inc/ssd0323.o
                0x0000000000017032                _ZN7ssd032310senden_spiEh
                0x0000000000017056                _ZN7ssd032312send_commandEh
                0x0000000000017060                _ZN7ssd03239send_charEh
                0x0000000000017068                _ZN7ssd032312clear_screenEv
                0x00000000000170bc                _ZN7ssd032310set2pixelsEhhhh
                0x0000000000017138                _ZN7ssd03234lineEhhhhh
                0x0000000000017618                _ZN7ssd032314zeichen_big_1xEPhhiiiih
                0x00000000000178b8                _ZN7ssd032316zeichen_small_1xEPhhiiiih
                0x0000000000017a64                _ZN7ssd032316zeichen_small_2xEPhhiiiih
                0x0000000000017c76                _ZN7ssd032316zeichen_small_3xEPhhiiiih
                0x0000000000017f1c                _ZN7ssd032316zeichen_small_4xEPhhiiiih
                0x0000000000018186                _ZN7ssd03236stringEsPKchhhhh
                0x00000000000187a8                _ZN7ssd03236stringEsPKchh
                0x00000000000187c6                _ZN7ssd03238string_PEsPKchhhhh
                0x0000000000018864                _ZN7ssd03238string_PEsPKchh
                0x0000000000018882                _ZN7ssd032311filled_rectEhhhhh
                0x0000000000018958                _ZN7ssd032313highlight_barEhhhh
                0x0000000000018a4e                _ZN7ssd03234initEhh
                0x0000000000018c1c                _ZN7ssd0323C1Ev
                0x0000000000018c1c                _ZN7ssd0323C2Ev
 .text          0x0000000000018c1e      0x446 ./inc/twi.o
                0x0000000000018c1e                twi_init
                0x0000000000018c44                twi_setAddress
                0x0000000000018c4c                twi_readFrom
                0x0000000000018cb8                twi_writeTo
                0x0000000000018d38                twi_transmit
                0x0000000000018d6c                twi_attachSlaveRxEvent
                0x0000000000018d76                twi_attachSlaveTxEvent
                0x0000000000018d80                twi_reply
                0x0000000000018d90                twi_stop
                0x0000000000018da4                twi_releaseBus
                0x0000000000018db0                __vector_39
 .text          0x0000000000019064        0x0 /home/jkw/Store/17 - Speedmaster/Firmware/inc/libArduinoCore2560.a(WInterrupts.c.o)
 .text          0x0000000000019064        0x0 /home/jkw/Store/17 - Speedmaster/Firmware/inc/libArduinoCore2560.a(wiring.c.o)
 .text          0x0000000000019064        0x0 /home/jkw/Store/17 - Speedmaster/Firmware/inc/libArduinoCore2560.a(wiring_analog.c.o)
 .text          0x0000000000019064        0x0 /home/jkw/Store/17 - Speedmaster/Firmware/inc/libArduinoCore2560.a(wiring_digital.c.o)
 .text          0x0000000000019064        0x0 /home/jkw/Store/17 - Speedmaster/Firmware/inc/libArduinoCore2560.a(HardwareSerial.cpp.o)
 .text          0x0000000000019064        0x0 /home/jkw/Store/17 - Speedmaster/Firmware/inc/libArduinoCore2560.a(Print.cpp.o)
 .text          0x0000000000019064        0x0 /home/jkw/Store/17 - Speedmaster/Firmware/inc/libArduinoCore2560.a(WString.cpp.o)
 .text          0x0000000000019064        0x0 /usr/lib/gcc/avr/4.5.3/../../../avr/lib/avr6/libc.a(malloc.o)
 .text          0x0000000000019064        0x0 /usr/lib/gcc/avr/4.5.3/../../../avr/lib/avr6/libc.a(exit.o)
 .text          0x0000000000019064        0x0 /usr/lib/gcc/avr/4.5.3/../../../avr/lib/avr6/libc.a(isalpha.o)
 .text          0x0000000000019064        0x0 /usr/lib/gcc/avr/4.5.3/../../../avr/lib/avr6/libc.a(isspace.o)
 .text          0x0000000000019064        0x0 /usr/lib/gcc/avr/4.5.3/../../../avr/lib/avr6/libc.a(tolower.o)
 .text          0x0000000000019064        0x0 /usr/lib/gcc/avr/4.5.3/../../../avr/lib/avr6/libc.a(toupper.o)
 .text          0x0000000000019064        0x0 /usr/lib/gcc/avr/4.5.3/../../../avr/lib/avr6/libc.a(strcmp_P.o)
 .text          0x0000000000019064        0x0 /usr/lib/gcc/avr/4.5.3/../../../avr/lib/avr6/libc.a(strcpy_P.o)
 .text          0x0000000000019064        0x0 /usr/lib/gcc/avr/4.5.3/../../../avr/lib/avr6/libc.a(strlen_P.o)
 .text          0x0000000000019064        0x0 /usr/lib/gcc/avr/4.5.3/../../../avr/lib/avr6/libc.a(memcmp.o)
 .text          0x0000000000019064        0x0 /usr/lib/gcc/avr/4.5.3/../../../avr/lib/avr6/libc.a(memcpy.o)
 .text          0x0000000000019064        0x0 /usr/lib/gcc/avr/4.5.3/../../../avr/lib/avr6/libc.a(memset.o)
 .text          0x0000000000019064        0x0 /usr/lib/gcc/avr/4.5.3/../../../avr/lib/avr6/libc.a(strcat.o)
 .text          0x0000000000019064        0x0 /usr/lib/gcc/avr/4.5.3/../../../avr/lib/avr6/libc.a(strchr.o)
 .text          0x0000000000019064        0x0 /usr/lib/gcc/avr/4.5.3/../../../avr/lib/avr6/libc.a(strcmp.o)
 .text          0x0000000000019064        0x0 /usr/lib/gcc/avr/4.5.3/../../../avr/lib/avr6/libc.a(strcpy.o)
 .text          0x0000000000019064        0x0 /usr/lib/gcc/avr/4.5.3/../../../avr/lib/avr6/libc.a(strncmp.o)
 .text          0x0000000000019064        0x0 /usr/lib/gcc/avr/4.5.3/../../../avr/lib/avr6/libc.a(strncpy.o)
 .text          0x0000000000019064        0x0 /usr/lib/gcc/avr/4.5.3/../../../avr/lib/avr6/libc.a(strrchr.o)
 .text          0x0000000000019064        0x0 /usr/lib/gcc/avr/4.5.3/../../../avr/lib/avr6/libc.a(strstr.o)
 .text          0x0000000000019064        0x0 /usr/lib/gcc/avr/4.5.3/../../../avr/lib/avr6/libc.a(itoa.o)
 .text          0x0000000000019064        0x0 /usr/lib/gcc/avr/4.5.3/../../../avr/lib/avr6/libc.a(ltoa.o)
 .text          0x0000000000019064        0x0 /usr/lib/gcc/avr/4.5.3/../../../avr/lib/avr6/libc.a(ultoa.o)
 .text          0x0000000000019064        0x0 /usr/lib/gcc/avr/4.5.3/../../../avr/lib/avr6/libc.a(sprintf.o)
 .text          0x0000000000019064        0x0 /usr/lib/gcc/avr/4.5.3/../../../avr/lib/avr6/libc.a(addsf3.o)
 .text          0x0000000000019064        0x0 /usr/lib/gcc/avr/4.5.3/../../../avr/lib/avr6/libc.a(addsf3x.o)
 .text          0x0000000000019064        0x0 /usr/lib/gcc/avr/4.5.3/../../../avr/lib/avr6/libc.a(asin.o)
 .text          0x0000000000019064        0x0 /usr/lib/gcc/avr/4.5.3/../../../avr/lib/avr6/libc.a(cmpsf2.o)
 .text          0x0000000000019064        0x0 /usr/lib/gcc/avr/4.5.3/../../../avr/lib/avr6/libc.a(cos.o)
 .text          0x0000000000019064        0x0 /usr/lib/gcc/avr/4.5.3/../../../avr/lib/avr6/libc.a(divsf3.o)
 .text          0x0000000000019064        0x0 /usr/lib/gcc/avr/4.5.3/../../../avr/lib/avr6/libc.a(divsf3x.o)
 .text          0x0000000000019064        0x0 /usr/lib/gcc/avr/4.5.3/../../../avr/lib/avr6/libc.a(fixsfsi.o)
 .text          0x0000000000019064        0x0 /usr/lib/gcc/avr/4.5.3/../../../avr/lib/avr6/libc.a(fixunssfsi.o)
 .text          0x0000000000019064        0x0 /usr/lib/gcc/avr/4.5.3/../../../avr/lib/avr6/libc.a(floatsisf.o)
 .text          0x0000000000019064        0x0 /usr/lib/gcc/avr/4.5.3/../../../avr/lib/avr6/libc.a(floor.o)
 .text          0x0000000000019064        0x0 /usr/lib/gcc/avr/4.5.3/../../../avr/lib/avr6/libc.a(fp_arccos.o)
 .text          0x0000000000019064        0x0 /usr/lib/gcc/avr/4.5.3/../../../avr/lib/avr6/libc.a(fp_cmp.o)
 .text          0x0000000000019064        0x0 /usr/lib/gcc/avr/4.5.3/../../../avr/lib/avr6/libc.a(fp_inf.o)
 .text          0x0000000000019064        0x0 /usr/lib/gcc/avr/4.5.3/../../../avr/lib/avr6/libc.a(fp_mintl.o)
 .text          0x0000000000019064        0x0 /usr/lib/gcc/avr/4.5.3/../../../avr/lib/avr6/libc.a(fp_mpack.o)
 .text          0x0000000000019064        0x0 /usr/lib/gcc/avr/4.5.3/../../../avr/lib/avr6/libc.a(fp_nan.o)
 .text          0x0000000000019064        0x0 /usr/lib/gcc/avr/4.5.3/../../../avr/lib/avr6/libc.a(fp_powser.o)
 .text          0x0000000000019064        0x0 /usr/lib/gcc/avr/4.5.3/../../../avr/lib/avr6/libc.a(fp_powsodd.o)
 .text          0x0000000000019064        0x0 /usr/lib/gcc/avr/4.5.3/../../../avr/lib/avr6/libc.a(fp_pscA.o)
 .text          0x0000000000019064        0x0 /usr/lib/gcc/avr/4.5.3/../../../avr/lib/avr6/libc.a(fp_pscB.o)
 .text          0x0000000000019064        0x0 /usr/lib/gcc/avr/4.5.3/../../../avr/lib/avr6/libc.a(fp_rempio2.o)
 .text          0x0000000000019064        0x0 /usr/lib/gcc/avr/4.5.3/../../../avr/lib/avr6/libc.a(fp_round.o)
 .text          0x0000000000019064        0x0 /usr/lib/gcc/avr/4.5.3/../../../avr/lib/avr6/libc.a(fp_sinus.o)
 .text          0x0000000000019064        0x0 /usr/lib/gcc/avr/4.5.3/../../../avr/lib/avr6/libc.a(fp_split3.o)
 .text          0x0000000000019064        0x0 /usr/lib/gcc/avr/4.5.3/../../../avr/lib/avr6/libc.a(fp_trunc.o)
 .text          0x0000000000019064        0x0 /usr/lib/gcc/avr/4.5.3/../../../avr/lib/avr6/libc.a(fp_zero.o)
 .text          0x0000000000019064        0x0 /usr/lib/gcc/avr/4.5.3/../../../avr/lib/avr6/libc.a(gesf2.o)
 .text          0x0000000000019064        0x0 /usr/lib/gcc/avr/4.5.3/../../../avr/lib/avr6/libc.a(mulsf3.o)
 .text          0x0000000000019064        0x0 /usr/lib/gcc/avr/4.5.3/../../../avr/lib/avr6/libc.a(mulsf3x.o)
 .text          0x0000000000019064        0x0 /usr/lib/gcc/avr/4.5.3/../../../avr/lib/avr6/libc.a(pow.o)
 .text          0x0000000000019064        0x0 /usr/lib/gcc/avr/4.5.3/../../../avr/lib/avr6/libc.a(sin.o)
 .text          0x0000000000019064        0x0 /usr/lib/gcc/avr/4.5.3/../../../avr/lib/avr6/libc.a(sqrt.o)
 .text          0x0000000000019064        0x0 /usr/lib/gcc/avr/4.5.3/../../../avr/lib/avr6/libc.a(vfprintf_std.o)
 .text          0x0000000000019064        0x0 /usr/lib/gcc/avr/4.5.3/../../../avr/lib/avr6/libc.a(eerd_byte_atmega2560.o)
 .text          0x0000000000019064        0x0 /usr/lib/gcc/avr/4.5.3/../../../avr/lib/avr6/libc.a(eewr_byte_atmega2560.o)
 .text          0x0000000000019064        0x0 /usr/lib/gcc/avr/4.5.3/../../../avr/lib/avr6/libc.a(cty_isfalse.o)
 .text          0x0000000000019064        0x0 /usr/lib/gcc/avr/4.5.3/../../../avr/lib/avr6/libc.a(strnlen_P.o)
 .text          0x0000000000019064        0x0 /usr/lib/gcc/avr/4.5.3/../../../avr/lib/avr6/libc.a(strnlen.o)
 .text          0x0000000000019064        0x0 /usr/lib/gcc/avr/4.5.3/../../../avr/lib/avr6/libc.a(strrev.o)
 .text          0x0000000000019064        0x0 /usr/lib/gcc/avr/4.5.3/../../../avr/lib/avr6/libc.a(fputc.o)
 .text          0x0000000000019064        0x0 /usr/lib/gcc/avr/4.5.3/../../../avr/lib/avr6/libc.a(ultoa_invert.o)
 .text          0x0000000000019064        0x0 /usr/lib/gcc/avr/4.5.3/../../../avr/lib/avr6/libc.a(exp.o)
 .text          0x0000000000019064        0x0 /usr/lib/gcc/avr/4.5.3/../../../avr/lib/avr6/libc.a(fp_norm2.o)
 .text          0x0000000000019064        0x0 /usr/lib/gcc/avr/4.5.3/../../../avr/lib/avr6/libc.a(inverse.o)
 .text          0x0000000000019064        0x0 /usr/lib/gcc/avr/4.5.3/../../../avr/lib/avr6/libc.a(ldexp.o)
 .text          0x0000000000019064        0x0 /usr/lib/gcc/avr/4.5.3/../../../avr/lib/avr6/libc.a(log.o)
 .text          0x0000000000019064        0x0 /usr/lib/gcc/avr/4.5.3/../../../avr/lib/avr6/libc.a(modf.o)
 .text          0x0000000000019064        0x0 /usr/lib/gcc/avr/4.5.3/avr6/libgcc.a(_mulsi3.o)
 .text          0x0000000000019064        0x0 /usr/lib/gcc/avr/4.5.3/avr6/libgcc.a(_udivmodqi4.o)
 .text          0x0000000000019064        0x0 /usr/lib/gcc/avr/4.5.3/avr6/libgcc.a(_udivmodhi4.o)
 .text          0x0000000000019064        0x0 /usr/lib/gcc/avr/4.5.3/avr6/libgcc.a(_divmodhi4.o)
 .text          0x0000000000019064        0x0 /usr/lib/gcc/avr/4.5.3/avr6/libgcc.a(_udivmodsi4.o)
 .text          0x0000000000019064        0x0 /usr/lib/gcc/avr/4.5.3/avr6/libgcc.a(_divmodsi4.o)
 .text          0x0000000000019064        0x0 /usr/lib/gcc/avr/4.5.3/avr6/libgcc.a(_exit.o)
 .text          0x0000000000019064        0x0 /usr/lib/gcc/avr/4.5.3/avr6/libgcc.a(_copy_data.o)
 .text          0x0000000000019064        0x0 /usr/lib/gcc/avr/4.5.3/avr6/libgcc.a(_clear_bss.o)
 .text          0x0000000000019064        0x0 /usr/lib/gcc/avr/4.5.3/avr6/libgcc.a(_ctors.o)
 .text          0x0000000000019064        0x0 /usr/lib/gcc/avr/4.5.3/avr6/libgcc.a(_tablejump_elpm.o)
                0x0000000000019064                . = ALIGN (0x2)
 *(.text.*)
 .text.attachInterrupt
                0x0000000000019064       0xf8 /home/jkw/Store/17 - Speedmaster/Firmware/inc/libArduinoCore2560.a(WInterrupts.c.o)
                0x0000000000019064                attachInterrupt
 .text.detachInterrupt
                0x000000000001915c       0x58 /home/jkw/Store/17 - Speedmaster/Firmware/inc/libArduinoCore2560.a(WInterrupts.c.o)
                0x000000000001915c                detachInterrupt
 .text.__vector_1
                0x00000000000191b4       0x62 /home/jkw/Store/17 - Speedmaster/Firmware/inc/libArduinoCore2560.a(WInterrupts.c.o)
                0x00000000000191b4                __vector_1
 .text.__vector_2
                0x0000000000019216       0x62 /home/jkw/Store/17 - Speedmaster/Firmware/inc/libArduinoCore2560.a(WInterrupts.c.o)
                0x0000000000019216                __vector_2
 .text.__vector_3
                0x0000000000019278       0x62 /home/jkw/Store/17 - Speedmaster/Firmware/inc/libArduinoCore2560.a(WInterrupts.c.o)
                0x0000000000019278                __vector_3
 .text.__vector_4
                0x00000000000192da       0x62 /home/jkw/Store/17 - Speedmaster/Firmware/inc/libArduinoCore2560.a(WInterrupts.c.o)
                0x00000000000192da                __vector_4
 .text.__vector_5
                0x000000000001933c       0x62 /home/jkw/Store/17 - Speedmaster/Firmware/inc/libArduinoCore2560.a(WInterrupts.c.o)
                0x000000000001933c                __vector_5
 .text.__vector_6
                0x000000000001939e       0x62 /home/jkw/Store/17 - Speedmaster/Firmware/inc/libArduinoCore2560.a(WInterrupts.c.o)
                0x000000000001939e                __vector_6
 .text.__vector_7
                0x0000000000019400       0x62 /home/jkw/Store/17 - Speedmaster/Firmware/inc/libArduinoCore2560.a(WInterrupts.c.o)
                0x0000000000019400                __vector_7
 .text.__vector_8
                0x0000000000019462       0x62 /home/jkw/Store/17 - Speedmaster/Firmware/inc/libArduinoCore2560.a(WInterrupts.c.o)
                0x0000000000019462                __vector_8
 .text.__vector_23
                0x00000000000194c4       0x90 /home/jkw/Store/17 - Speedmaster/Firmware/inc/libArduinoCore2560.a(wiring.c.o)
                0x00000000000194c4                __vector_23
 .text.millis   0x0000000000019554       0x1c /home/jkw/Store/17 - Speedmaster/Firmware/inc/libArduinoCore2560.a(wiring.c.o)
                0x0000000000019554                millis
 .text.micros   0x0000000000019570       0x4c /home/jkw/Store/17 - Speedmaster/Firmware/inc/libArduinoCore2560.a(wiring.c.o)
                0x0000000000019570                micros
 .text.delay    0x00000000000195bc       0x4c /home/jkw/Store/17 - Speedmaster/Firmware/inc/libArduinoCore2560.a(wiring.c.o)
                0x00000000000195bc                delay
 .text.delayMicroseconds
                0x0000000000019608       0x14 /home/jkw/Store/17 - Speedmaster/Firmware/inc/libArduinoCore2560.a(wiring.c.o)
                0x0000000000019608                delayMicroseconds
 .text.init     0x000000000001961c       0xc4 /home/jkw/Store/17 - Speedmaster/Firmware/inc/libArduinoCore2560.a(wiring.c.o)
                0x000000000001961c                init
 .text.analogReference
                0x00000000000196e0        0x6 /home/jkw/Store/17 - Speedmaster/Firmware/inc/libArduinoCore2560.a(wiring_analog.c.o)
                0x00000000000196e0                analogReference
 .text.analogRead
                0x00000000000196e6       0x68 /home/jkw/Store/17 - Speedmaster/Firmware/inc/libArduinoCore2560.a(wiring_analog.c.o)
                0x00000000000196e6                analogRead
 .text.analogWrite
                0x000000000001974e      0x178 /home/jkw/Store/17 - Speedmaster/Firmware/inc/libArduinoCore2560.a(wiring_analog.c.o)
                0x000000000001974e                analogWrite
 .text.pinMode  0x00000000000198c6       0x4c /home/jkw/Store/17 - Speedmaster/Firmware/inc/libArduinoCore2560.a(wiring_digital.c.o)
                0x00000000000198c6                pinMode
 .text.digitalWrite
                0x0000000000019912      0x122 /home/jkw/Store/17 - Speedmaster/Firmware/inc/libArduinoCore2560.a(wiring_digital.c.o)
                0x0000000000019912                digitalWrite
 .text.digitalRead
                0x0000000000019a34      0x118 /home/jkw/Store/17 - Speedmaster/Firmware/inc/libArduinoCore2560.a(wiring_digital.c.o)
                0x0000000000019a34                digitalRead
 .text._Z10store_charhP11ring_buffer
                0x0000000000019b4c       0x4e /home/jkw/Store/17 - Speedmaster/Firmware/inc/libArduinoCore2560.a(HardwareSerial.cpp.o)
                0x0000000000019b4c                _Z10store_charhP11ring_buffer
 .text.__vector_25
                0x0000000000019b9a       0x58 /home/jkw/Store/17 - Speedmaster/Firmware/inc/libArduinoCore2560.a(HardwareSerial.cpp.o)
                0x0000000000019b9a                __vector_25
 .text.__vector_51
                0x0000000000019bf2       0x58 /home/jkw/Store/17 - Speedmaster/Firmware/inc/libArduinoCore2560.a(HardwareSerial.cpp.o)
                0x0000000000019bf2                __vector_51
 .text.__vector_54
                0x0000000000019c4a       0x58 /home/jkw/Store/17 - Speedmaster/Firmware/inc/libArduinoCore2560.a(HardwareSerial.cpp.o)
                0x0000000000019c4a                __vector_54
 .text._ZN14HardwareSerialC2EP11ring_bufferPVhS3_S3_S3_S3_hhhhh
                0x0000000000019ca2       0x60 /home/jkw/Store/17 - Speedmaster/Firmware/inc/libArduinoCore2560.a(HardwareSerial.cpp.o)
                0x0000000000019ca2                _ZN14HardwareSerialC2EP11ring_bufferPVhS3_S3_S3_S3_hhhhh
 .text._ZN14HardwareSerialC1EP11ring_bufferPVhS3_S3_S3_S3_hhhhh
                0x0000000000019d02       0x60 /home/jkw/Store/17 - Speedmaster/Firmware/inc/libArduinoCore2560.a(HardwareSerial.cpp.o)
                0x0000000000019d02                _ZN14HardwareSerialC1EP11ring_bufferPVhS3_S3_S3_S3_hhhhh
 .text._ZN14HardwareSerial5beginEl
                0x0000000000019d62      0x1f2 /home/jkw/Store/17 - Speedmaster/Firmware/inc/libArduinoCore2560.a(HardwareSerial.cpp.o)
                0x0000000000019d62                _ZN14HardwareSerial5beginEl
 .text._ZN14HardwareSerial3endEv
                0x0000000000019f54       0x54 /home/jkw/Store/17 - Speedmaster/Firmware/inc/libArduinoCore2560.a(HardwareSerial.cpp.o)
                0x0000000000019f54                _ZN14HardwareSerial3endEv
 .text._ZN14HardwareSerial9availableEv
                0x0000000000019fa8       0x28 /home/jkw/Store/17 - Speedmaster/Firmware/inc/libArduinoCore2560.a(HardwareSerial.cpp.o)
                0x0000000000019fa8                _ZN14HardwareSerial9availableEv
 .text._ZN14HardwareSerial4peekEv
                0x0000000000019fd0       0x34 /home/jkw/Store/17 - Speedmaster/Firmware/inc/libArduinoCore2560.a(HardwareSerial.cpp.o)
                0x0000000000019fd0                _ZN14HardwareSerial4peekEv
 .text._ZN14HardwareSerial4readEv
                0x000000000001a004       0x50 /home/jkw/Store/17 - Speedmaster/Firmware/inc/libArduinoCore2560.a(HardwareSerial.cpp.o)
                0x000000000001a004                _ZN14HardwareSerial4readEv
 .text._ZN14HardwareSerial5flushEv
                0x000000000001a054       0x18 /home/jkw/Store/17 - Speedmaster/Firmware/inc/libArduinoCore2560.a(HardwareSerial.cpp.o)
                0x000000000001a054                _ZN14HardwareSerial5flushEv
 .text._ZN14HardwareSerial5writeEh
                0x000000000001a06c       0x26 /home/jkw/Store/17 - Speedmaster/Firmware/inc/libArduinoCore2560.a(HardwareSerial.cpp.o)
                0x000000000001a06c                _ZN14HardwareSerial5writeEh
 .text._GLOBAL__I_rx_buffer
                0x000000000001a092      0x13c /home/jkw/Store/17 - Speedmaster/Firmware/inc/libArduinoCore2560.a(HardwareSerial.cpp.o)
 .text._ZN5Print5writeEPKc
                0x000000000001a1ce       0x30 /home/jkw/Store/17 - Speedmaster/Firmware/inc/libArduinoCore2560.a(Print.cpp.o)
                0x000000000001a1ce                _ZN5Print5writeEPKc
 .text._ZN5Print5writeEPKhj
                0x000000000001a1fe       0x3e /home/jkw/Store/17 - Speedmaster/Firmware/inc/libArduinoCore2560.a(Print.cpp.o)
                0x000000000001a1fe                _ZN5Print5writeEPKhj
 .text._ZN5Print5printEPKc
                0x000000000001a23c       0x10 /home/jkw/Store/17 - Speedmaster/Firmware/inc/libArduinoCore2560.a(Print.cpp.o)
                0x000000000001a23c                _ZN5Print5printEPKc
 .text._ZN5Print5printERK6String
                0x000000000001a24c       0x54 /home/jkw/Store/17 - Speedmaster/Firmware/inc/libArduinoCore2560.a(Print.cpp.o)
                0x000000000001a24c                _ZN5Print5printERK6String
 .text._ZN5Print11printNumberEmh
                0x000000000001a2a0      0x134 /home/jkw/Store/17 - Speedmaster/Firmware/inc/libArduinoCore2560.a(Print.cpp.o)
                0x000000000001a2a0                _ZN5Print11printNumberEmh
 .text._ZN5Print5printEmi
                0x000000000001a3d4       0x1e /home/jkw/Store/17 - Speedmaster/Firmware/inc/libArduinoCore2560.a(Print.cpp.o)
                0x000000000001a3d4                _ZN5Print5printEmi
 .text._ZN5Print5printEji
                0x000000000001a3f2       0x22 /home/jkw/Store/17 - Speedmaster/Firmware/inc/libArduinoCore2560.a(Print.cpp.o)
                0x000000000001a3f2                _ZN5Print5printEji
 .text._ZN5Print5printEhi
                0x000000000001a414       0x24 /home/jkw/Store/17 - Speedmaster/Firmware/inc/libArduinoCore2560.a(Print.cpp.o)
                0x000000000001a414                _ZN5Print5printEhi
 .text._ZN5Print5printEli
                0x000000000001a438       0x6c /home/jkw/Store/17 - Speedmaster/Firmware/inc/libArduinoCore2560.a(Print.cpp.o)
                0x000000000001a438                _ZN5Print5printEli
 .text._ZN5Print5printEii
                0x000000000001a4a4       0x26 /home/jkw/Store/17 - Speedmaster/Firmware/inc/libArduinoCore2560.a(Print.cpp.o)
                0x000000000001a4a4                _ZN5Print5printEii
 .text._ZN5Print5printEci
                0x000000000001a4ca       0x28 /home/jkw/Store/17 - Speedmaster/Firmware/inc/libArduinoCore2560.a(Print.cpp.o)
                0x000000000001a4ca                _ZN5Print5printEci
 .text._ZN5Print7printlnEv
                0x000000000001a4f2       0x2e /home/jkw/Store/17 - Speedmaster/Firmware/inc/libArduinoCore2560.a(Print.cpp.o)
                0x000000000001a4f2                _ZN5Print7printlnEv
 .text._ZN5Print7printlnEmi
                0x000000000001a520       0x16 /home/jkw/Store/17 - Speedmaster/Firmware/inc/libArduinoCore2560.a(Print.cpp.o)
                0x000000000001a520                _ZN5Print7printlnEmi
 .text._ZN5Print7printlnEji
                0x000000000001a536       0x32 /home/jkw/Store/17 - Speedmaster/Firmware/inc/libArduinoCore2560.a(Print.cpp.o)
                0x000000000001a536                _ZN5Print7printlnEji
 .text._ZN5Print7printlnEhi
                0x000000000001a568       0x34 /home/jkw/Store/17 - Speedmaster/Firmware/inc/libArduinoCore2560.a(Print.cpp.o)
                0x000000000001a568                _ZN5Print7printlnEhi
 .text._ZN5Print7printlnEPKc
                0x000000000001a59c       0x16 /home/jkw/Store/17 - Speedmaster/Firmware/inc/libArduinoCore2560.a(Print.cpp.o)
                0x000000000001a59c                _ZN5Print7printlnEPKc
 .text._ZN5Print7printlnERK6String
                0x000000000001a5b2       0x16 /home/jkw/Store/17 - Speedmaster/Firmware/inc/libArduinoCore2560.a(Print.cpp.o)
                0x000000000001a5b2                _ZN5Print7printlnERK6String
 .text._ZN5Print7printlnEli
                0x000000000001a5c8       0x16 /home/jkw/Store/17 - Speedmaster/Firmware/inc/libArduinoCore2560.a(Print.cpp.o)
                0x000000000001a5c8                _ZN5Print7printlnEli
 .text._ZN5Print7printlnEii
                0x000000000001a5de       0x36 /home/jkw/Store/17 - Speedmaster/Firmware/inc/libArduinoCore2560.a(Print.cpp.o)
                0x000000000001a5de                _ZN5Print7printlnEii
 .text._ZN5Print7printlnEci
                0x000000000001a614       0x38 /home/jkw/Store/17 - Speedmaster/Firmware/inc/libArduinoCore2560.a(Print.cpp.o)
                0x000000000001a614                _ZN5Print7printlnEci
 .text._ZN5Print10printFloatEdh
                0x000000000001a64c      0x118 /home/jkw/Store/17 - Speedmaster/Firmware/inc/libArduinoCore2560.a(Print.cpp.o)
                0x000000000001a64c                _ZN5Print10printFloatEdh
 .text._ZN5Print5printEdi
                0x000000000001a764        0x6 /home/jkw/Store/17 - Speedmaster/Firmware/inc/libArduinoCore2560.a(Print.cpp.o)
                0x000000000001a764                _ZN5Print5printEdi
 .text._ZN5Print7printlnEdi
                0x000000000001a76a       0x16 /home/jkw/Store/17 - Speedmaster/Firmware/inc/libArduinoCore2560.a(Print.cpp.o)
                0x000000000001a76a                _ZN5Print7printlnEdi
 .text._ZNK6String6charAtEj
                0x000000000001a780       0x10 /home/jkw/Store/17 - Speedmaster/Firmware/inc/libArduinoCore2560.a(WString.cpp.o)
                0x000000000001a780                _ZNK6String6charAtEj
 .text._ZN6String9setCharAtEjc
                0x000000000001a790       0x22 /home/jkw/Store/17 - Speedmaster/Firmware/inc/libArduinoCore2560.a(WString.cpp.o)
                0x000000000001a790                _ZN6String9setCharAtEjc
 .text._ZN6StringixEj
                0x000000000001a7b2       0x2a /home/jkw/Store/17 - Speedmaster/Firmware/inc/libArduinoCore2560.a(WString.cpp.o)
                0x000000000001a7b2                _ZN6StringixEj
 .text._ZNK6StringixEj
                0x000000000001a7dc       0x10 /home/jkw/Store/17 - Speedmaster/Firmware/inc/libArduinoCore2560.a(WString.cpp.o)
                0x000000000001a7dc                _ZNK6StringixEj
 .text._ZN6String11toCharArrayEPcj
                0x000000000001a7ec       0x44 /home/jkw/Store/17 - Speedmaster/Firmware/inc/libArduinoCore2560.a(WString.cpp.o)
                0x000000000001a7ec                _ZN6String11toCharArrayEPcj
 .text._ZN6String8getBytesEPhj
                0x000000000001a830       0x44 /home/jkw/Store/17 - Speedmaster/Firmware/inc/libArduinoCore2560.a(WString.cpp.o)
                0x000000000001a830                _ZN6String8getBytesEPhj
 .text._ZN6StringD1Ev
                0x000000000001a874       0x20 /home/jkw/Store/17 - Speedmaster/Firmware/inc/libArduinoCore2560.a(WString.cpp.o)
                0x000000000001a874                _ZN6StringD1Ev
 .text._ZNK6String10startsWithERKS_j
                0x000000000001a894       0x3c /home/jkw/Store/17 - Speedmaster/Firmware/inc/libArduinoCore2560.a(WString.cpp.o)
                0x000000000001a894                _ZNK6String10startsWithERKS_j
 .text._ZNK6String10startsWithERKS_
                0x000000000001a8d0       0x26 /home/jkw/Store/17 - Speedmaster/Firmware/inc/libArduinoCore2560.a(WString.cpp.o)
                0x000000000001a8d0                _ZNK6String10startsWithERKS_
 .text._ZNK6String11lastIndexOfEcj
                0x000000000001a8f6       0x6e /home/jkw/Store/17 - Speedmaster/Firmware/inc/libArduinoCore2560.a(WString.cpp.o)
                0x000000000001a8f6                _ZNK6String11lastIndexOfEcj
 .text._ZNK6String11lastIndexOfEc
                0x000000000001a964       0x10 /home/jkw/Store/17 - Speedmaster/Firmware/inc/libArduinoCore2560.a(WString.cpp.o)
                0x000000000001a964                _ZNK6String11lastIndexOfEc
 .text._ZNK6String7indexOfERKS_j
                0x000000000001a974       0x3c /home/jkw/Store/17 - Speedmaster/Firmware/inc/libArduinoCore2560.a(WString.cpp.o)
                0x000000000001a974                _ZNK6String7indexOfERKS_j
 .text._ZNK6String7indexOfERKS_
                0x000000000001a9b0        0xa /home/jkw/Store/17 - Speedmaster/Firmware/inc/libArduinoCore2560.a(WString.cpp.o)
                0x000000000001a9b0                _ZNK6String7indexOfERKS_
 .text._ZNK6String7indexOfEcj
                0x000000000001a9ba       0x3c /home/jkw/Store/17 - Speedmaster/Firmware/inc/libArduinoCore2560.a(WString.cpp.o)
                0x000000000001a9ba                _ZNK6String7indexOfEcj
 .text._ZNK6String7indexOfEc
                0x000000000001a9f6        0xa /home/jkw/Store/17 - Speedmaster/Firmware/inc/libArduinoCore2560.a(WString.cpp.o)
                0x000000000001a9f6                _ZNK6String7indexOfEc
 .text._ZNK6String6equalsERKS_
                0x000000000001aa00       0x32 /home/jkw/Store/17 - Speedmaster/Firmware/inc/libArduinoCore2560.a(WString.cpp.o)
                0x000000000001aa00                _ZNK6String6equalsERKS_
 .text._ZNK6String8endsWithERKS_
                0x000000000001aa32       0x3a /home/jkw/Store/17 - Speedmaster/Firmware/inc/libArduinoCore2560.a(WString.cpp.o)
                0x000000000001aa32                _ZNK6String8endsWithERKS_
 .text._ZNK6StringgeERKS_
                0x000000000001aa6c       0x28 /home/jkw/Store/17 - Speedmaster/Firmware/inc/libArduinoCore2560.a(WString.cpp.o)
                0x000000000001aa6c                _ZNK6StringgeERKS_
 .text._ZNK6StringleERKS_
                0x000000000001aa94       0x22 /home/jkw/Store/17 - Speedmaster/Firmware/inc/libArduinoCore2560.a(WString.cpp.o)
                0x000000000001aa94                _ZNK6StringleERKS_
 .text._ZNK6StringgtERKS_
                0x000000000001aab6       0x22 /home/jkw/Store/17 - Speedmaster/Firmware/inc/libArduinoCore2560.a(WString.cpp.o)
                0x000000000001aab6                _ZNK6StringgtERKS_
 .text._ZNK6StringltERKS_
                0x000000000001aad8       0x24 /home/jkw/Store/17 - Speedmaster/Firmware/inc/libArduinoCore2560.a(WString.cpp.o)
                0x000000000001aad8                _ZNK6StringltERKS_
 .text._ZNK6StringneERKS_
                0x000000000001aafc       0x30 /home/jkw/Store/17 - Speedmaster/Firmware/inc/libArduinoCore2560.a(WString.cpp.o)
                0x000000000001aafc                _ZNK6StringneERKS_
 .text._ZNK6StringeqERKS_
                0x000000000001ab2c       0x34 /home/jkw/Store/17 - Speedmaster/Firmware/inc/libArduinoCore2560.a(WString.cpp.o)
                0x000000000001ab2c                _ZNK6StringeqERKS_
 .text._ZNK6String9compareToERKS_
                0x000000000001ab60       0x12 /home/jkw/Store/17 - Speedmaster/Firmware/inc/libArduinoCore2560.a(WString.cpp.o)
                0x000000000001ab60                _ZNK6String9compareToERKS_
 .text._ZN6String9getBufferEj
                0x000000000001ab72       0x28 /home/jkw/Store/17 - Speedmaster/Firmware/inc/libArduinoCore2560.a(WString.cpp.o)
                0x000000000001ab72                _ZN6String9getBufferEj
 .text._ZN6StringpLERKS_
                0x000000000001ab9a       0x6c /home/jkw/Store/17 - Speedmaster/Firmware/inc/libArduinoCore2560.a(WString.cpp.o)
                0x000000000001ab9a                _ZN6StringpLERKS_
 .text._ZN6String6concatERKS_
                0x000000000001ac06        0x6 /home/jkw/Store/17 - Speedmaster/Firmware/inc/libArduinoCore2560.a(WString.cpp.o)
                0x000000000001ac06                _ZN6String6concatERKS_
 .text._ZN6StringaSERKS_
                0x000000000001ac0c       0x60 /home/jkw/Store/17 - Speedmaster/Firmware/inc/libArduinoCore2560.a(WString.cpp.o)
                0x000000000001ac0c                _ZN6StringaSERKS_
 .text._ZN6StringC1Eh
                0x000000000001ac6c       0x34 /home/jkw/Store/17 - Speedmaster/Firmware/inc/libArduinoCore2560.a(WString.cpp.o)
                0x000000000001ac6c                _ZN6StringC1Eh
 .text._ZN6StringC2Eh
                0x000000000001aca0       0x34 /home/jkw/Store/17 - Speedmaster/Firmware/inc/libArduinoCore2560.a(WString.cpp.o)
                0x000000000001aca0                _ZN6StringC2Eh
 .text._ZN6StringC1Ec
                0x000000000001acd4       0x34 /home/jkw/Store/17 - Speedmaster/Firmware/inc/libArduinoCore2560.a(WString.cpp.o)
                0x000000000001acd4                _ZN6StringC1Ec
 .text._ZN6StringC2Ec
                0x000000000001ad08       0x34 /home/jkw/Store/17 - Speedmaster/Firmware/inc/libArduinoCore2560.a(WString.cpp.o)
                0x000000000001ad08                _ZN6StringC2Ec
 .text._ZN6StringC1ERKS_
                0x000000000001ad3c       0x36 /home/jkw/Store/17 - Speedmaster/Firmware/inc/libArduinoCore2560.a(WString.cpp.o)
                0x000000000001ad3c                _ZN6StringC1ERKS_
 .text._ZN6StringC2ERKS_
                0x000000000001ad72       0x36 /home/jkw/Store/17 - Speedmaster/Firmware/inc/libArduinoCore2560.a(WString.cpp.o)
                0x000000000001ad72                _ZN6StringC2ERKS_
 .text._ZN6StringC1Emi
                0x000000000001ada8       0x7e /home/jkw/Store/17 - Speedmaster/Firmware/inc/libArduinoCore2560.a(WString.cpp.o)
                0x000000000001ada8                _ZN6StringC1Emi
 .text._ZN6StringC2Emi
                0x000000000001ae26       0x7e /home/jkw/Store/17 - Speedmaster/Firmware/inc/libArduinoCore2560.a(WString.cpp.o)
                0x000000000001ae26                _ZN6StringC2Emi
 .text._ZN6StringC1Eji
                0x000000000001aea4       0x7c /home/jkw/Store/17 - Speedmaster/Firmware/inc/libArduinoCore2560.a(WString.cpp.o)
                0x000000000001aea4                _ZN6StringC1Eji
 .text._ZN6StringC2Eji
                0x000000000001af20       0x7c /home/jkw/Store/17 - Speedmaster/Firmware/inc/libArduinoCore2560.a(WString.cpp.o)
                0x000000000001af20                _ZN6StringC2Eji
 .text._ZN6StringC1EPKc
                0x000000000001af9c       0x50 /home/jkw/Store/17 - Speedmaster/Firmware/inc/libArduinoCore2560.a(WString.cpp.o)
                0x000000000001af9c                _ZN6StringC1EPKc
 .text._ZNK6String11toUpperCaseEv
                0x000000000001afec       0x76 /home/jkw/Store/17 - Speedmaster/Firmware/inc/libArduinoCore2560.a(WString.cpp.o)
                0x000000000001afec                _ZNK6String11toUpperCaseEv
 .text._ZNK6String11toLowerCaseEv
                0x000000000001b062       0x76 /home/jkw/Store/17 - Speedmaster/Firmware/inc/libArduinoCore2560.a(WString.cpp.o)
                0x000000000001b062                _ZNK6String11toLowerCaseEv
 .text._ZNK6String16equalsIgnoreCaseERKS_
                0x000000000001b0d8       0x98 /home/jkw/Store/17 - Speedmaster/Firmware/inc/libArduinoCore2560.a(WString.cpp.o)
                0x000000000001b0d8                _ZNK6String16equalsIgnoreCaseERKS_
 .text._ZNK6String9substringEjj
                0x000000000001b170       0x6e /home/jkw/Store/17 - Speedmaster/Firmware/inc/libArduinoCore2560.a(WString.cpp.o)
                0x000000000001b170                _ZNK6String9substringEjj
 .text._ZNK6String9substringEj
                0x000000000001b1de       0x18 /home/jkw/Store/17 - Speedmaster/Firmware/inc/libArduinoCore2560.a(WString.cpp.o)
                0x000000000001b1de                _ZNK6String9substringEj
 .text._ZNK6String11lastIndexOfERKS_j
                0x000000000001b1f6       0xc8 /home/jkw/Store/17 - Speedmaster/Firmware/inc/libArduinoCore2560.a(WString.cpp.o)
                0x000000000001b1f6                _ZNK6String11lastIndexOfERKS_j
 .text._ZNK6String11lastIndexOfERKS_
                0x000000000001b2be       0x1c /home/jkw/Store/17 - Speedmaster/Firmware/inc/libArduinoCore2560.a(WString.cpp.o)
                0x000000000001b2be                _ZNK6String11lastIndexOfERKS_
 .text._ZNK6String4trimEv
                0x000000000001b2da       0xdc /home/jkw/Store/17 - Speedmaster/Firmware/inc/libArduinoCore2560.a(WString.cpp.o)
                0x000000000001b2da                _ZNK6String4trimEv
 .text._ZN6String7replaceERKS_S1_
                0x000000000001b3b6      0x136 /home/jkw/Store/17 - Speedmaster/Firmware/inc/libArduinoCore2560.a(WString.cpp.o)
                0x000000000001b3b6                _ZN6String7replaceERKS_S1_
 .text._ZN6String7replaceEcc
                0x000000000001b4ec       0x86 /home/jkw/Store/17 - Speedmaster/Firmware/inc/libArduinoCore2560.a(WString.cpp.o)
                0x000000000001b4ec                _ZN6String7replaceEcc
 .text._ZN6StringC2EPKc
                0x000000000001b572       0x50 /home/jkw/Store/17 - Speedmaster/Firmware/inc/libArduinoCore2560.a(WString.cpp.o)
                0x000000000001b572                _ZN6StringC2EPKc
 .text._ZN6StringC1Eli
                0x000000000001b5c2       0x7a /home/jkw/Store/17 - Speedmaster/Firmware/inc/libArduinoCore2560.a(WString.cpp.o)
                0x000000000001b5c2                _ZN6StringC1Eli
 .text._ZN6StringC2Eli
                0x000000000001b63c       0x7a /home/jkw/Store/17 - Speedmaster/Firmware/inc/libArduinoCore2560.a(WString.cpp.o)
                0x000000000001b63c                _ZN6StringC2Eli
 .text._ZN6StringC1Eii
                0x000000000001b6b6       0x78 /home/jkw/Store/17 - Speedmaster/Firmware/inc/libArduinoCore2560.a(WString.cpp.o)
                0x000000000001b6b6                _ZN6StringC1Eii
 .text._ZN6StringC2Eii
                0x000000000001b72e       0x78 /home/jkw/Store/17 - Speedmaster/Firmware/inc/libArduinoCore2560.a(WString.cpp.o)
                0x000000000001b72e                _ZN6StringC2Eii
 .text.avr-libc
                0x000000000001b7a6      0x266 /usr/lib/gcc/avr/4.5.3/../../../avr/lib/avr6/libc.a(malloc.o)
                0x000000000001b7a6                malloc
                0x000000000001b8da                free
 .text.avr-libc
                0x000000000001ba0c        0x6 /usr/lib/gcc/avr/4.5.3/../../../avr/lib/avr6/libc.a(exit.o)
                0x000000000001ba0c                exit
 .text.avr-libc
                0x000000000001ba12       0x12 /usr/lib/gcc/avr/4.5.3/../../../avr/lib/avr6/libc.a(isalpha.o)
                0x000000000001ba12                isupper
                0x000000000001ba16                isalpha
                0x000000000001ba18                islower
 .text.avr-libc
                0x000000000001ba24       0x10 /usr/lib/gcc/avr/4.5.3/../../../avr/lib/avr6/libc.a(isspace.o)
                0x000000000001ba24                isspace
 .text.avr-libc
                0x000000000001ba34       0x10 /usr/lib/gcc/avr/4.5.3/../../../avr/lib/avr6/libc.a(tolower.o)
                0x000000000001ba34                tolower
 .text.avr-libc
                0x000000000001ba44       0x10 /usr/lib/gcc/avr/4.5.3/../../../avr/lib/avr6/libc.a(toupper.o)
                0x000000000001ba44                toupper
 .text.avr-libc
                0x000000000001ba54       0x12 /usr/lib/gcc/avr/4.5.3/../../../avr/lib/avr6/libc.a(strcmp_P.o)
                0x000000000001ba54                strcmp_P
 .text.avr-libc
                0x000000000001ba66        0xe /usr/lib/gcc/avr/4.5.3/../../../avr/lib/avr6/libc.a(strcpy_P.o)
                0x000000000001ba66                strcpy_P
 .text.avr-libc
                0x000000000001ba74       0x12 /usr/lib/gcc/avr/4.5.3/../../../avr/lib/avr6/libc.a(strlen_P.o)
                0x000000000001ba74                strlen_P
 .text.avr-libc
                0x000000000001ba86       0x1a /usr/lib/gcc/avr/4.5.3/../../../avr/lib/avr6/libc.a(memcmp.o)
                0x000000000001ba86                memcmp
 .text.avr-libc
                0x000000000001baa0       0x12 /usr/lib/gcc/avr/4.5.3/../../../avr/lib/avr6/libc.a(memcpy.o)
                0x000000000001baa0                memcpy
 .text.avr-libc
                0x000000000001bab2        0xe /usr/lib/gcc/avr/4.5.3/../../../avr/lib/avr6/libc.a(memset.o)
                0x000000000001bab2                memset
 .text.avr-libc
                0x000000000001bac0       0x16 /usr/lib/gcc/avr/4.5.3/../../../avr/lib/avr6/libc.a(strcat.o)
                0x000000000001bac0                strcat
 .text.avr-libc
                0x000000000001bad6       0x16 /usr/lib/gcc/avr/4.5.3/../../../avr/lib/avr6/libc.a(strchr.o)
                0x000000000001bad6                strchr
 .text.avr-libc
                0x000000000001baec       0x12 /usr/lib/gcc/avr/4.5.3/../../../avr/lib/avr6/libc.a(strcmp.o)
                0x000000000001baec                strcmp
 .text.avr-libc
                0x000000000001bafe        0xe /usr/lib/gcc/avr/4.5.3/../../../avr/lib/avr6/libc.a(strcpy.o)
                0x000000000001bafe                strcpy
 .text.avr-libc
                0x000000000001bb0c       0x1c /usr/lib/gcc/avr/4.5.3/../../../avr/lib/avr6/libc.a(strncmp.o)
                0x000000000001bb0c                strncmp
 .text.avr-libc
                0x000000000001bb28       0x1e /usr/lib/gcc/avr/4.5.3/../../../avr/lib/avr6/libc.a(strncpy.o)
                0x000000000001bb28                strncpy
 .text.avr-libc
                0x000000000001bb46       0x16 /usr/lib/gcc/avr/4.5.3/../../../avr/lib/avr6/libc.a(strrchr.o)
                0x000000000001bb46                strrchr
 .text.avr-libc
                0x000000000001bb5c       0x34 /usr/lib/gcc/avr/4.5.3/../../../avr/lib/avr6/libc.a(strstr.o)
                0x000000000001bb5c                strstr
 .text.avr-libc
                0x000000000001bb90       0x42 /usr/lib/gcc/avr/4.5.3/../../../avr/lib/avr6/libc.a(itoa.o)
                0x000000000001bb90                itoa
 .text.avr-libc
                0x000000000001bbd2       0x68 /usr/lib/gcc/avr/4.5.3/../../../avr/lib/avr6/libc.a(ltoa.o)
                0x000000000001bbd2                ltoa
 .text.avr-libc
                0x000000000001bc3a       0x4a /usr/lib/gcc/avr/4.5.3/../../../avr/lib/avr6/libc.a(ultoa.o)
                0x000000000001bc3a                ultoa
 .text.avr-libc
                0x000000000001bc84       0x60 /usr/lib/gcc/avr/4.5.3/../../../avr/lib/avr6/libc.a(sprintf.o)
                0x000000000001bc84                sprintf
 .text.avr-libc.fplib
                0x000000000001bce4        0xa /usr/lib/gcc/avr/4.5.3/../../../avr/lib/avr6/libc.a(addsf3.o)
                0x000000000001bce4                __subsf3
                0x000000000001bce6                __addsf3
 .text.avr-libc.fplib
                0x000000000001bcee       0xc0 /usr/lib/gcc/avr/4.5.3/../../../avr/lib/avr6/libc.a(addsf3x.o)
                0x000000000001bd08                __addsf3x
 .text.avr-libc.fplib
                0x000000000001bdae       0x2e /usr/lib/gcc/avr/4.5.3/../../../avr/lib/avr6/libc.a(asin.o)
                0x000000000001bdae                asin
 .text.avr-libc.fplib
                0x000000000001bddc        0x8 /usr/lib/gcc/avr/4.5.3/../../../avr/lib/avr6/libc.a(cmpsf2.o)
                0x000000000001bddc                __lesf2
                0x000000000001bddc                __nesf2
                0x000000000001bddc                __eqsf2
                0x000000000001bddc                __cmpsf2
                0x000000000001bddc                __ltsf2
 .text.avr-libc.fplib
                0x000000000001bde4        0x6 /usr/lib/gcc/avr/4.5.3/../../../avr/lib/avr6/libc.a(cos.o)
                0x000000000001bde4                cos
 .text.avr-libc.fplib
                0x000000000001bdea        0x4 /usr/lib/gcc/avr/4.5.3/../../../avr/lib/avr6/libc.a(divsf3.o)
                0x000000000001bdea                __divsf3
 .text.avr-libc.fplib
                0x000000000001bdee       0xcc /usr/lib/gcc/avr/4.5.3/../../../avr/lib/avr6/libc.a(divsf3x.o)
                0x000000000001be04                __divsf3x
                0x000000000001be08                __divsf3_pse
 .text.avr-libc.fplib
                0x000000000001beba        0xa /usr/lib/gcc/avr/4.5.3/../../../avr/lib/avr6/libc.a(fixsfsi.o)
                0x000000000001beba                __fixsfsi
 .text.avr-libc.fplib
                0x000000000001bec4       0x58 /usr/lib/gcc/avr/4.5.3/../../../avr/lib/avr6/libc.a(fixunssfsi.o)
                0x000000000001bec4                __fixunssfsi
 .text.avr-libc.fplib
                0x000000000001bf1c       0x7a /usr/lib/gcc/avr/4.5.3/../../../avr/lib/avr6/libc.a(floatsisf.o)
                0x000000000001bf1c                __floatunsisf
                0x000000000001bf20                __floatsisf
 .text.avr-libc.fplib
                0x000000000001bf96       0x26 /usr/lib/gcc/avr/4.5.3/../../../avr/lib/avr6/libc.a(floor.o)
                0x000000000001bf96                floor
 .text.avr-libc.fplib
                0x000000000001bfbc       0x36 /usr/lib/gcc/avr/4.5.3/../../../avr/lib/avr6/libc.a(fp_arccos.o)
                0x000000000001bfbc                __fp_arccos
 .text.avr-libc.fplib
                0x000000000001bff2       0x48 /usr/lib/gcc/avr/4.5.3/../../../avr/lib/avr6/libc.a(fp_cmp.o)
                0x000000000001bff2                __fp_cmp
 .text.avr-libc.fplib
                0x000000000001c03a        0xc /usr/lib/gcc/avr/4.5.3/../../../avr/lib/avr6/libc.a(fp_inf.o)
                0x000000000001c03a                __fp_inf
 .text.avr-libc.fplib
                0x000000000001c046       0x36 /usr/lib/gcc/avr/4.5.3/../../../avr/lib/avr6/libc.a(fp_mintl.o)
                0x000000000001c046                __fp_mintl
 .text.avr-libc.fplib
                0x000000000001c07c       0x1c /usr/lib/gcc/avr/4.5.3/../../../avr/lib/avr6/libc.a(fp_mpack.o)
                0x000000000001c07c                __fp_mpack
                0x000000000001c080                __fp_mpack_finite
 .text.avr-libc.fplib
                0x000000000001c098        0x6 /usr/lib/gcc/avr/4.5.3/../../../avr/lib/avr6/libc.a(fp_nan.o)
                0x000000000001c098                __fp_nan
 .text.avr-libc.fplib
                0x000000000001c09e       0x4a /usr/lib/gcc/avr/4.5.3/../../../avr/lib/avr6/libc.a(fp_powser.o)
                0x000000000001c09e                __fp_powser
 .text.avr-libc.fplib
                0x000000000001c0e8       0x22 /usr/lib/gcc/avr/4.5.3/../../../avr/lib/avr6/libc.a(fp_powsodd.o)
                0x000000000001c0e8                __fp_powsodd
 .text.avr-libc.fplib
                0x000000000001c10a        0xe /usr/lib/gcc/avr/4.5.3/../../../avr/lib/avr6/libc.a(fp_pscA.o)
                0x000000000001c10a                __fp_pscA
 .text.avr-libc.fplib
                0x000000000001c118        0xe /usr/lib/gcc/avr/4.5.3/../../../avr/lib/avr6/libc.a(fp_pscB.o)
                0x000000000001c118                __fp_pscB
 .text.avr-libc.fplib
                0x000000000001c126       0x50 /usr/lib/gcc/avr/4.5.3/../../../avr/lib/avr6/libc.a(fp_rempio2.o)
                0x000000000001c128                __fp_rempio2
 .text.avr-libc.fplib
                0x000000000001c176       0x22 /usr/lib/gcc/avr/4.5.3/../../../avr/lib/avr6/libc.a(fp_round.o)
                0x000000000001c176                __fp_round
 .text.avr-libc.fplib
                0x000000000001c198       0x22 /usr/lib/gcc/avr/4.5.3/../../../avr/lib/avr6/libc.a(fp_sinus.o)
                0x000000000001c198                __fp_sinus
 .text.avr-libc.fplib
                0x000000000001c1ba       0x44 /usr/lib/gcc/avr/4.5.3/../../../avr/lib/avr6/libc.a(fp_split3.o)
                0x000000000001c1ba                __fp_split3