Archive member included because of file (symbol)

/home/jkw/Store/17 - Speedmaster/Firmware/inc/libArduinoCore2560.a(WInterrupts.c.o)
                              ./dz.o (attachInterrupt)
/home/jkw/Store/17 - Speedmaster/Firmware/inc/libArduinoCore2560.a(wiring.c.o)
                              ./inc/Sd2Card.o (millis)
/home/jkw/Store/17 - Speedmaster/Firmware/inc/libArduinoCore2560.a(wiring_analog.c.o)
                              ./temperature.o (analogRead)
/home/jkw/Store/17 - Speedmaster/Firmware/inc/libArduinoCore2560.a(wiring_digital.c.o)
                              ./inc/Sd2Card.o (pinMode)
/home/jkw/Store/17 - Speedmaster/Firmware/inc/libArduinoCore2560.a(HardwareSerial.cpp.o)
                              ./aktors.o (_ZN14HardwareSerial5beginEl)
/home/jkw/Store/17 - Speedmaster/Firmware/inc/libArduinoCore2560.a(Print.cpp.o)
                              /home/jkw/Store/17 - Speedmaster/Firmware/inc/libArduinoCore2560.a(HardwareSerial.cpp.o) (_ZN5Print5writeEPKc)
/home/jkw/Store/17 - Speedmaster/Firmware/inc/libArduinoCore2560.a(WString.cpp.o)
                              /home/jkw/Store/17 - Speedmaster/Firmware/inc/libArduinoCore2560.a(Print.cpp.o) (_ZNK6StringixEj)
/usr/lib/gcc/avr/4.5.3/../../../avr/lib/avr6/libc.a(malloc.o)
                              ./inc/ssd0323.o (malloc)
/usr/lib/gcc/avr/4.5.3/../../../avr/lib/avr6/libc.a(exit.o)
                              /usr/lib/gcc/avr/4.5.3/../../../avr/lib/avr6/crtm2560.o (exit)
/usr/lib/gcc/avr/4.5.3/../../../avr/lib/avr6/libc.a(isalpha.o)
                              ./inc/istream.o (isupper)
/usr/lib/gcc/avr/4.5.3/../../../avr/lib/avr6/libc.a(isspace.o)
                              ./inc/istream.o (isspace)
/usr/lib/gcc/avr/4.5.3/../../../avr/lib/avr6/libc.a(tolower.o)
                              /home/jkw/Store/17 - Speedmaster/Firmware/inc/libArduinoCore2560.a(WString.cpp.o) (tolower)
/usr/lib/gcc/avr/4.5.3/../../../avr/lib/avr6/libc.a(toupper.o)
                              /home/jkw/Store/17 - Speedmaster/Firmware/inc/libArduinoCore2560.a(WString.cpp.o) (toupper)
/usr/lib/gcc/avr/4.5.3/../../../avr/lib/avr6/libc.a(strcmp_P.o)
                              ./config.o (strcmp_P)
/usr/lib/gcc/avr/4.5.3/../../../avr/lib/avr6/libc.a(strcpy_P.o)
                              ./config.o (strcpy_P)
/usr/lib/gcc/avr/4.5.3/../../../avr/lib/avr6/libc.a(strlen_P.o)
                              ./inc/ostream.o (strlen_P)
/usr/lib/gcc/avr/4.5.3/../../../avr/lib/avr6/libc.a(memcmp.o)
                              ./inc/SdFile.o (memcmp)
/usr/lib/gcc/avr/4.5.3/../../../avr/lib/avr6/libc.a(memcpy.o)
                              ./inc/SdFile.o (memcpy)
/usr/lib/gcc/avr/4.5.3/../../../avr/lib/avr6/libc.a(memset.o)
                              ./gps.o (memset)
/usr/lib/gcc/avr/4.5.3/../../../avr/lib/avr6/libc.a(strcat.o)
                              /home/jkw/Store/17 - Speedmaster/Firmware/inc/libArduinoCore2560.a(WString.cpp.o) (strcat)
/usr/lib/gcc/avr/4.5.3/../../../avr/lib/avr6/libc.a(strchr.o)
                              ./inc/SdFile.o (strchr)
/usr/lib/gcc/avr/4.5.3/../../../avr/lib/avr6/libc.a(strcmp.o)
                              ./config.o (strcmp)
/usr/lib/gcc/avr/4.5.3/../../../avr/lib/avr6/libc.a(strcpy.o)
                              ./config.o (strcpy)
/usr/lib/gcc/avr/4.5.3/../../../avr/lib/avr6/libc.a(strncmp.o)
                              ./config.o (strncmp)
/usr/lib/gcc/avr/4.5.3/../../../avr/lib/avr6/libc.a(strncpy.o)
                              /home/jkw/Store/17 - Speedmaster/Firmware/inc/libArduinoCore2560.a(WString.cpp.o) (strncpy)
/usr/lib/gcc/avr/4.5.3/../../../avr/lib/avr6/libc.a(strrchr.o)
                              /home/jkw/Store/17 - Speedmaster/Firmware/inc/libArduinoCore2560.a(WString.cpp.o) (strrchr)
/usr/lib/gcc/avr/4.5.3/../../../avr/lib/avr6/libc.a(strstr.o)
                              /home/jkw/Store/17 - Speedmaster/Firmware/inc/libArduinoCore2560.a(WString.cpp.o) (strstr)
/usr/lib/gcc/avr/4.5.3/../../../avr/lib/avr6/libc.a(itoa.o)
                              /home/jkw/Store/17 - Speedmaster/Firmware/inc/libArduinoCore2560.a(WString.cpp.o) (itoa)
/usr/lib/gcc/avr/4.5.3/../../../avr/lib/avr6/libc.a(ltoa.o)
                              /home/jkw/Store/17 - Speedmaster/Firmware/inc/libArduinoCore2560.a(WString.cpp.o) (ltoa)
/usr/lib/gcc/avr/4.5.3/../../../avr/lib/avr6/libc.a(ultoa.o)
                              /home/jkw/Store/17 - Speedmaster/Firmware/inc/libArduinoCore2560.a(WString.cpp.o) (ultoa)
/usr/lib/gcc/avr/4.5.3/../../../avr/lib/avr6/libc.a(sprintf.o)
                              ./aktors.o (sprintf)
/usr/lib/gcc/avr/4.5.3/../../../avr/lib/avr6/libc.a(addsf3.o)
                              ./inc/ostream.o (__subsf3)
/usr/lib/gcc/avr/4.5.3/../../../avr/lib/avr6/libc.a(addsf3x.o)
                              /usr/lib/gcc/avr/4.5.3/../../../avr/lib/avr6/libc.a(addsf3.o) (__addsf3x)
/usr/lib/gcc/avr/4.5.3/../../../avr/lib/avr6/libc.a(asin.o)
[...]
Memory Configuration

Name             Origin             Length             Attributes
text             0x0000000000000000 0x0000000000100000 xr
data             0x0000000000800200 0x000000000000fe00 rw !x
eeprom           0x0000000000810000 0x0000000000010000 rw !x
fuse             0x0000000000820000 0x0000000000000400 rw !x
lock             0x0000000000830000 0x0000000000000400 rw !x
signature        0x0000000000840000 0x0000000000000400 rw !x
*default*        0x0000000000000000 0xffffffffffffffff

Linker script and memory map

Address of section .data set to 0x800200
LOAD /usr/lib/gcc/avr/4.5.3/../../../avr/lib/avr6/crtm2560.o
LOAD ./inc/EEPROM.o
LOAD ./inc/Sd2Card.o
LOAD ./inc/SdFat.o
LOAD ./inc/SdFatUtil.o
LOAD ./inc/SdFile.o
LOAD ./inc/SdStream.o
LOAD ./inc/SdVolume.o
LOAD ./inc/Wire.o
LOAD ./inc/istream.o
LOAD ./inc/ostream.o
LOAD ./inc/pins_arduino.o
LOAD ./inc/ssd0323.o
LOAD ./inc/twi.o
LOAD ./aktors.o
LOAD ./blinker.o
LOAD ./clock_me.o
LOAD ./config.o
LOAD ./debug.o
LOAD ./display.o
LOAD ./dz.o
LOAD ./file_manager_v2.o
LOAD ./fuel.o
LOAD ./gear.o
LOAD ./gps.o
LOAD ./helper.o
LOAD ./main.o
LOAD ./menu.o
LOAD ./oiler.o
LOAD ./reset.o
LOAD ./sd.o
LOAD ./sensors.o
LOAD ./speed.o
LOAD ./speedo.o
LOAD ./sprint.o
LOAD ./stepper.o
LOAD ./temperature.o
LOAD ./tetris.o
LOAD ./timer.o
LOAD ./voltage.o
LOAD /home/jkw/Store/17 - Speedmaster/Firmware/inc/libArduinoCore2560.a
LOAD /usr/lib/gcc/avr/4.5.3/../../../avr/lib/avr6/libc.a
LOAD /usr/lib/gcc/avr/4.5.3/avr6/libgcc.a
LOAD /usr/lib/gcc/avr/4.5.3/../../../avr/lib/avr6/libm.a
LOAD /usr/lib/gcc/avr/4.5.3/../../../avr/lib/avr6/libc.a
LOAD /usr/lib/gcc/avr/4.5.3/avr6/libgcc.a
LOAD /usr/lib/gcc/avr/4.5.3/../../../avr/lib/avr6/libc.a
LOAD /usr/lib/gcc/avr/4.5.3/avr6/libgcc.a

.hash
 *(.hash)

.dynsym
 *(.dynsym)

.dynstr
 *(.dynstr)

.gnu.version
 *(.gnu.version)

.gnu.version_d
 *(.gnu.version_d)

.gnu.version_r
 *(.gnu.version_r)

.rel.init
 *(.rel.init)

.rela.init
 *(.rela.init)

.rel.text
 *(.rel.text)
 *(.rel.text.*)
 *(.rel.gnu.linkonce.t*)

.rela.text
 *(.rela.text)
 *(.rela.text.*)
 *(.rela.gnu.linkonce.t*)

.rel.fini
 *(.rel.fini)

.rela.fini
 *(.rela.fini)

.rel.rodata
 *(.rel.rodata)
 *(.rel.rodata.*)
 *(.rel.gnu.linkonce.r*)

.rela.rodata
 *(.rela.rodata)
 *(.rela.rodata.*)
 *(.rela.gnu.linkonce.r*)

.rel.data
 *(.rel.data)
 *(.rel.data.*)
 *(.rel.gnu.linkonce.d*)

.rela.data
 *(.rela.data)
 *(.rela.data.*)
 *(.rela.gnu.linkonce.d*)

.rel.ctors
 *(.rel.ctors)

.rela.ctors
 *(.rela.ctors)

.rel.dtors
 *(.rel.dtors)

.rela.dtors
 *(.rela.dtors)

.rel.got
 *(.rel.got)

.rela.got
 *(.rela.got)

.rel.bss
 *(.rel.bss)

.rela.bss
 *(.rela.bss)

.rel.plt
 *(.rel.plt)

.rela.plt
 *(.rela.plt)

.text           0x0000000000000000    0x26b06
 *(.vectors)
 .vectors       0x0000000000000000       0xe4 /usr/lib/gcc/avr/4.5.3/../../../avr/lib/avr6/crtm2560.o
                0x0000000000000000                __vectors
                0x0000000000000000                __vector_default
 *(.vectors)
 *(.progmem.gcc*)
 .progmem.gcc_fplib
                0x00000000000000e4       0x14 /usr/lib/gcc/avr/4.5.3/../../../avr/lib/avr6/libc.a(asin.o)
 .progmem.gcc_fplib
                0x00000000000000f8       0x28 /usr/lib/gcc/avr/4.5.3/../../../avr/lib/avr6/libc.a(fp_arccos.o)
 .progmem.gcc_fplib
                0x0000000000000120       0x1e /usr/lib/gcc/avr/4.5.3/../../../avr/lib/avr6/libc.a(fp_sinus.o)
 .progmem.gcc_fplib
                0x000000000000013e       0x28 /usr/lib/gcc/avr/4.5.3/../../../avr/lib/avr6/libc.a(exp.o)
 .progmem.gcc_fplib
                0x0000000000000166       0x5a /usr/lib/gcc/avr/4.5.3/../../../avr/lib/avr6/libc.a(log.o)
 *(.progmem*)
 .progmem.data  0x00000000000001c0       0xc0 ./inc/SdFat.o
 .progmem.data  0x0000000000000280       0x13 ./inc/SdFile.o
 .progmem.data  0x0000000000000293        0xb ./inc/istream.o
 .progmem.data  0x000000000000029e       0x13 ./inc/ostream.o
 .progmem.data  0x00000000000002b1      0x120 ./inc/pins_arduino.o
                0x00000000000002b1                port_to_mode_PGM
                0x00000000000002cb                port_to_output_PGM
                0x00000000000002e5                port_to_input_PGM
                0x00000000000002ff                digital_pin_to_port_PGM
                0x0000000000000345                digital_pin_to_bit_mask_PGM
                0x000000000000038b                digital_pin_to_timer_PGM
 .progmem.data  0x00000000000003d1      0xcc0 ./inc/ssd0323.o
 .progmem.data  0x0000000000001091       0xbb ./aktors.o
 .progmem.data  0x000000000000114c       0x12 ./blinker.o
 .progmem.data  0x000000000000115e       0x10 ./clock_me.o
 .progmem.data  0x000000000000116e      0xa39 ./config.o
 .progmem.data  0x0000000000001ba7       0xaa ./display.o
 .progmem.data  0x0000000000001c51       0x51 ./gear.o
 .progmem.data  0x0000000000001ca2       0x45 ./gps.o
 .progmem.data  0x0000000000001ce7       0x3c ./main.o
 .progmem.data  0x0000000000001d23      0x8bc ./menu.o
                0x0000000000001d23                main_m_0
                0x0000000000001d30                main_m_1
                0x0000000000001d3f                main_m_2
                0x0000000000001d4d                main_m_3
                0x0000000000001d52                main_m_4
                0x0000000000001d63                main_m_5
                0x0000000000001d70                main_m_6
                0x0000000000001d79                main_m_7
                0x0000000000001d88                main_m_8
                0x0000000000001d98                menu_main
                0x0000000000001daa                setup_m_0
                0x0000000000001db9                setup_m_1
                0x0000000000001dc9                setup_m_2
                0x0000000000001dda                setup_m_3
                0x0000000000001dea                setup_m_4
                0x0000000000001dfd                setup_m_5
                0x0000000000001e0f                setup_m_6
                0x0000000000001e1d                setup_m_7
                0x0000000000001e29                setup_m_8
                0x0000000000001e32                menu_setup
                0x0000000000001e44                custom_m_0
                0x0000000000001e51                custom_m_1
                0x0000000000001e5f                custom_m_2
                0x0000000000001e6d                custom_m_3
                0x0000000000001e7b                custom_m_4
                0x0000000000001e88                custom_m_5
                0x0000000000001e97                custom_m_6
                0x0000000000001ea5                custom_m_7
                0x0000000000001eb7                custom_m_8
                0x0000000000001ebc                menu_custom
                0x0000000000001ece                fade_m_0
                0x0000000000001ede                fade_m_1
                0x0000000000001eed                fade_m_2
                0x0000000000001efa                fade_m_3
                0x0000000000001f0c                fade_m_4
                0x0000000000001f11                fade_m_5
                0x0000000000001f16                fade_m_6
                0x0000000000001f1b                fade_m_7
                0x0000000000001f20                fade_m_8
                0x0000000000001f25                menu_fade
                0x0000000000001f37                einfo_m_0
                0x0000000000001f48                einfo_m_1
                0x0000000000001f59                einfo_m_2
                0x0000000000001f64                einfo_m_3
                0x0000000000001f69                einfo_m_4
                0x0000000000001f6e                einfo_m_5
                0x0000000000001f73                einfo_m_6
                0x0000000000001f78                einfo_m_7
                0x0000000000001f7d                einfo_m_8
                0x0000000000001f87                menu_einfo
                0x0000000000001f99                navi_m_0
                0x0000000000001fa7                navi_m_1
                0x0000000000001fb6                navi_m_2
                0x0000000000001fc2                navi_m_3
                0x0000000000001fd2                navi_m_4
                0x0000000000001fd7                navi_m_5
                0x0000000000001fdc                navi_m_6
                0x0000000000001fe1                navi_m_7
                0x0000000000001fe6                navi_m_8
                0x0000000000001feb                menu_navi
                0x0000000000001ffd                titel_0
                0x000000000000200b                titel_1
                0x000000000000200c                titel_2
                0x000000000000200d                titel_3
                0x000000000000201c                titel_4
                0x000000000000201d                titel_5
                0x000000000000202d                titel_6
                0x000000000000203b                titel_7
                0x0000000000002045                titel_8
                0x0000000000002046                titel_9
                0x0000000000002053                menu_titel
                0x0000000000002067                trip_setup_m_0
                0x000000000000206d                trip_setup_m_1
                0x000000000000207a                trip_setup_m_2
                0x000000000000207e                trip_setup_m_3
                0x0000000000002083                trip_setup_m_4
                0x0000000000002089                trip_setup_m_5
                0x000000000000208e                trip_setup_m_6
                0x0000000000002094                trip_setup_m_7
                0x000000000000209b                trip_setup_m_8
                0x00000000000020a1                menu_trip_setup
 .progmem.data  0x00000000000025df       0x10 ./oiler.o
 .progmem.data  0x00000000000025ef       0x19 ./reset.o
 .progmem.data  0x0000000000002608       0x39 ./sd.o
 .progmem.data  0x0000000000002641       0x12 ./sensors.o
 .progmem.data  0x0000000000002653       0x12 ./speed.o
 .progmem.data  0x0000000000002665       0xaa ./speedo.o
 .progmem.data  0x000000000000270f        0xe ./sprint.o
 .progmem.data  0x000000000000271d       0x45 ./tetris.o
 .progmem.data  0x0000000000002762        0x9 ./voltage.o
                0x000000000000276c                . = ALIGN (0x2)
 *fill*         0x000000000000276b        0x1 00
                0x000000000000276c                __trampolines_start = .
 *(.trampolines)
 .trampolines   0x000000000000276c       0x20 linker stubs
 *(.trampolines*)
                0x000000000000278c                __trampolines_end = .
 *(.jumptables)
 *(.jumptables*)
 *(.lowtext)
 *(.lowtext*)
                0x000000000000278c                __ctors_start = .
 *(.ctors)
 .ctors         0x000000000000278c        0x2 ./inc/Wire.o
 .ctors         0x000000000000278e        0x2 ./main.o
 .ctors         0x0000000000002790        0x2 /home/jkw/Store/17 - Speedmaster/Firmware/inc/libArduinoCore2560.a(HardwareSerial.cpp.o)
                0x0000000000002792                __ctors_end = .
                0x0000000000002792                __dtors_start = .
 *(.dtors)
                0x0000000000002792                __dtors_end = .
 SORT(*)(.ctors)
 SORT(*)(.dtors)
 *(.init0)
 .init0         0x0000000000002792        0x0 /usr/lib/gcc/avr/4.5.3/../../../avr/lib/avr6/crtm2560.o
                0x0000000000002792                __init
 *(.init0)
 *(.init1)
 *(.init1)
 *(.init2)
 .init2         0x0000000000002792       0x10 /usr/lib/gcc/avr/4.5.3/../../../avr/lib/avr6/crtm2560.o
 *(.init2)
 *(.init3)
 *(.init3)
 *(.init4)
 .init4         0x00000000000027a2       0x1a /usr/lib/gcc/avr/4.5.3/avr6/libgcc.a(_copy_data.o)
                0x00000000000027a2                __do_copy_data
 .init4         0x00000000000027bc       0x10 /usr/lib/gcc/avr/4.5.3/avr6/libgcc.a(_clear_bss.o)
                0x00000000000027bc                __do_clear_bss
 *(.init4)
 *(.init5)
 *(.init5)
 *(.init6)
 .init6         0x00000000000027cc       0x20 /usr/lib/gcc/avr/4.5.3/avr6/libgcc.a(_ctors.o)
                0x00000000000027cc                __do_global_ctors
 *(.init6)
 *(.init7)
 *(.init7)
 *(.init8)
 *(.init8)
 *(.init9)
 .init9         0x00000000000027ec        0x8 /usr/lib/gcc/avr/4.5.3/../../../avr/lib/avr6/crtm2560.o
 *(.init9)
 *(.text)
 .text          0x00000000000027f4        0x4 /usr/lib/gcc/avr/4.5.3/../../../avr/lib/avr6/crtm2560.o
                0x00000000000027f4                __vector_38
                0x00000000000027f4                __vector_22
                0x00000000000027f4                __vector_28
                0x00000000000027f4                __vector_32
                0x00000000000027f4                __vector_34
                0x00000000000027f4                __vector_24
                0x00000000000027f4                __vector_12
                0x00000000000027f4                __vector_55
                0x00000000000027f4                __vector_46
                0x00000000000027f4                __bad_interrupt
                0x00000000000027f4                __vector_31
                0x00000000000027f4                __vector_30
                0x00000000000027f4                __vector_45
                0x00000000000027f4                __vector_11
                0x00000000000027f4                __vector_13
                0x00000000000027f4                __vector_17
                0x00000000000027f4                __vector_19
                0x00000000000027f4                __vector_56
                0x00000000000027f4                __vector_49
                0x00000000000027f4                __vector_41
                0x00000000000027f4                __vector_43
                0x00000000000027f4                __vector_27
                0x00000000000027f4                __vector_33
                0x00000000000027f4                __vector_47
                0x00000000000027f4                __vector_52
                0x00000000000027f4                __vector_37
                0x00000000000027f4                __vector_44
                0x00000000000027f4                __vector_9
                0x00000000000027f4                __vector_21
                0x00000000000027f4                __vector_15
                0x00000000000027f4                __vector_29
                0x00000000000027f4                __vector_40
                0x00000000000027f4                __vector_26
                0x00000000000027f4                __vector_48
                0x00000000000027f4                __vector_14
                0x00000000000027f4                __vector_53
                0x00000000000027f4                __vector_50
                0x00000000000027f4                __vector_16
                0x00000000000027f4                __vector_18
                0x00000000000027f4                __vector_20
                0x00000000000027f4                __vector_42
 .text          0x00000000000027f8        0xe ./inc/EEPROM.o
                0x00000000000027f8                _ZN11EEPROMClass4readEi
                0x00000000000027fe                _ZN11EEPROMClass5writeEih
 .text          0x0000000000002806      0x856 ./inc/Sd2Card.o
                0x000000000000283c                _ZN7Sd2Card14chipSelectHighEv
                0x0000000000002846                _ZN7Sd2Card13chipSelectLowEv
                0x000000000000285e                _ZN7Sd2Card8readDataEPhj
                0x00000000000028b0                _ZN7Sd2Card10setSckRateEh
                0x00000000000028c4                _ZN7Sd2Card11waitNotBusyEj
                0x00000000000028fa                _ZN7Sd2Card11cardCommandEhm
                0x0000000000002988                _ZN7Sd2Card8cardAcmdEhm
                0x00000000000029c2                _ZN7Sd2Card4initEhh
                0x0000000000002b1a                _ZN7Sd2Card14waitStartBlockEv
                0x0000000000002b64                _ZN7Sd2Card12readRegisterEhPv
                0x0000000000002ba8                _ZN7Sd2Card7readCSDEP5csd_t
                0x0000000000002bae                _ZN7Sd2Card22eraseSingleBlockEnableEv
                0x0000000000002be8                _ZN7Sd2Card5eraseEmm
                0x0000000000002d0e                _ZN7Sd2Card8cardSizeEv
                0x0000000000002e14                _ZN7Sd2Card9readBlockEmPh
                0x0000000000002e82                _ZN7Sd2Card9writeDataEhPKh
                0x0000000000002ede                _ZN7Sd2Card9writeDataEPKh
                0x0000000000002f20                _ZN7Sd2Card10writeBlockEmPKh
                0x0000000000002fb4                _ZN7Sd2Card10writeStartEmm
                0x0000000000003020                _ZN7Sd2Card9writeStopEv
 .text          0x000000000000305c      0x42e ./inc/SdFat.o
                0x000000000000305c                _ZN8SdVolume4initEP7Sd2Card
                0x000000000000308a                _ZN6SdFileD1Ev
                0x00000000000030a0                _ZN5SdFat5chdirEv
                0x00000000000030d0                _ZN5SdFat5chdirEPKc
                0x00000000000031b0                _ZN5SdFat10errorPrintEv
                0x00000000000031de                _ZN5SdFat9errorHaltEv
                0x00000000000031e2                _ZN5SdFat10errorPrintEPKc
                0x000000000000320c                _ZN5SdFat9errorHaltEPKc
                0x0000000000003210                _ZN5SdFat12errorPrint_PEPKc
                0x0000000000003234                _ZN5SdFat11errorHalt_PEPKc
                0x0000000000003238                _ZN5SdFat6existsEPKc
                0x000000000000323e                _ZN5SdFat4initEhh
                0x0000000000003270                _ZN5SdFat14initErrorPrintEv
                0x00000000000032b8                _ZN5SdFat13initErrorHaltEv
                0x00000000000032bc                _ZN5SdFat2lsEh
                0x00000000000032ca                _ZN5SdFat2lsEP5Printh
                0x00000000000032d2                _ZN5SdFat5mkdirEPKcb
                0x0000000000003330                _ZN5SdFat6removeEPKc
                0x0000000000003336                _ZN5SdFat6renameEPKcS1_
                0x00000000000033b2                _ZN5SdFat5rmdirEPKc
                0x0000000000003412                _ZN5SdFat8truncateEPKcm
 .text          0x000000000000348a       0x8a ./inc/SdFatUtil.o
                0x000000000000348a                _ZN9SdFatUtil7FreeRamEv
                0x00000000000034c4                _ZN9SdFatUtil7print_PEP5PrintPKc
                0x00000000000034f0                _ZN9SdFatUtil9println_PEP5PrintPKc
                0x0000000000003504                _ZN9SdFatUtil13SerialPrint_PEPKc
                0x000000000000350c                _ZN9SdFatUtil15SerialPrintln_PEPKc
 .text          0x0000000000003514     0x2794 ./inc/SdFile.o
                0x0000000000003540                _ZN8SdVolume9fatPutEOCEm
                0x0000000000003556                _ZN6SdFile10addClusterEv
                0x00000000000035aa                _ZN6SdFile13addDirClusterEv
                0x00000000000036c4                _ZN6SdFile13cacheDirEntryEh
                0x0000000000003700                _ZN6SdFile15contiguousRangeEPmS0_
                0x0000000000003864                _ZN6SdFile7dirNameERK14directoryEntryPc
                0x00000000000038a0                _ZN6SdFile11getFilenameEPc
                0x00000000000038d4                _ZN6SdFile6getposEP6fpos_t
                0x0000000000003902                _ZN6SdFile10make83NameEPKcPhPS1_
                0x0000000000003984                _ZN6SdFile8openRootEP8SdVolume
                0x0000000000003a2a                _ZN6SdFile12printDirNameEP5PrintRK14directoryEntryhb
                0x0000000000003aba                _ZN6SdFile12printDirNameERK14directoryEntryhb
                0x0000000000003aca                _ZN6SdFile12printFatDateEP5Printj
                0x0000000000003b24                _ZN6SdFile12printFatDateEj
                0x0000000000003b2c                _ZN6SdFile12printFatTimeEP5Printj
                0x0000000000003b80                _ZN6SdFile12printFatTimeEj
                0x0000000000003b88                _ZN6SdFile9printNameEv
                0x0000000000003bd4                _ZN6SdFile4readEPvj
                0x0000000000003e36                _ZN6SdFile4readEv
                0x0000000000003e66                _ZN6SdFile4peekEv
                0x0000000000003ebc                _ZN6SdFile11lsPrintNextEP5Printhh
                0x000000000000403c                _ZN6SdFile9lsJKWNextEPci
                0x0000000000004132                _ZN6SdFile5fgetsEPciS0_
                0x0000000000004206                _ZN6SdFile7readDirEP14directoryEntry
                0x0000000000004270                _ZN6SdFile12readDirCacheEv
                0x00000000000042e6                _ZN6SdFile7seekSetEm
                0x000000000000441e                _ZN6SdFile7seekEndEl
                0x000000000000443c                _ZN6SdFile6rewindEv
                0x0000000000004444                _ZN6SdFile6setposEP6fpos_t
                0x0000000000004470                _ZN6SdFile4syncEv
                0x0000000000004504                _ZN6SdFile8dirEntryEP14directoryEntry
                0x0000000000004546                _ZN6SdFile5closeEv
                0x0000000000004574                _ZN6SdFile9timestampEhjhhhhh
                0x00000000000046a4                _ZN6SdFile8truncateEm
                0x000000000000480c                _ZN6SdFile6removeEv
                0x0000000000004840                _ZN6SdFile5rmdirEv
                0x00000000000048ca                _ZN6SdFile15openCachedEntryEhh
                0x00000000000049d6                _ZN6SdFile8openNextEPS_h
                0x0000000000004a6c                _ZN6SdFile4openEPS_jh
                0x0000000000004aec                _ZN6SdFile8rmRfStarEv
                0x0000000000004c26                _ZN6SdFile2lsEP5Printhh
                0x0000000000004d22                _ZN6SdFile2lsEh
                0x0000000000004d2c                _ZN6SdFile10openParentEPS_
                0x0000000000004f28                _ZN6SdFile4openEPS_PKhh
                0x00000000000050b4                _ZN6SdFile4openEPS_PKch
                0x000000000000524c                _ZN6SdFile6removeEPS_PKc
                0x00000000000052b0                _ZN6SdFile4openEPKch
                0x00000000000052c0                _ZN6SdFileC1EPKch
                0x00000000000052c0                _ZN6SdFileC2EPKch
                0x00000000000052d0                _ZN6SdFile6existsEPKc
                0x000000000000532a                _ZN6SdFile16createContiguousEPS_PKcm
                0x00000000000053b6                _ZN6SdFile5mkdirEPS_PKh
                0x0000000000005538                _ZN6SdFile5mkdirEPS_PKcb
                0x00000000000056e8                _ZN6SdFile6renameEPS_PKc
                0x00000000000058dc                _ZN6SdFile5writeEPKvj
                0x0000000000005c2c                _ZN6SdFile5writeEPKc
                0x0000000000005c40                _ZN6SdFile5writeEh
                0x0000000000005c60                _ZN6SdFile7write_PEPKc
                0x0000000000005c92                _ZN6SdFile9writeln_PEPKc
 .text          0x0000000000005ca8      0x2c8 ./inc/SdStream.o
                0x0000000000005ca8                _ZN6SdFile7seekCurEl
                0x0000000000005cc8                _ZN6SdBase5getchEv
                0x0000000000005d82                _ZN6SdBase4openEPKch
                0x0000000000005e42                _ZN6SdBase5putchEc
                0x0000000000005ea2                _ZN6SdBase6putstrEPKc
                0x0000000000005f22                _ZN6SdBase7seekoffElN8ios_base7seekdirE
                0x0000000000005f6c                _ZN6SdBase7seekposEm
 .text          0x0000000000005f70      0xa8e ./inc/SdVolume.o
                0x0000000000005f70                _ZN8SdVolume10cacheFlushEv
                0x0000000000005fea                _ZN8SdVolume13cacheRawBlockEmh
                0x000000000000606e                _ZNK8SdVolume6fatGetEmPm
                0x000000000000616e                _ZNK8SdVolume9chainSizeEmPm
                0x0000000000006254                _ZN8SdVolume6fatPutEmm
                0x0000000000006390                _ZN8SdVolume15allocContiguousEmPm
                0x00000000000065ae                _ZN8SdVolume9freeChainEm
                0x0000000000006664                _ZN8SdVolume16freeClusterCountEv
                0x0000000000006798                _ZN8SdVolume4initEP7Sd2Cardh
 .text          0x00000000000069fe      0x1f4 ./inc/Wire.o
                0x00000000000069fe                _ZN7TwoWire16onReceiveServiceEPhi
                0x0000000000006a4e                _ZN7TwoWire16onRequestServiceEv
                0x0000000000006a66                _ZN7TwoWireC2Ev
                0x0000000000006a66                _ZN7TwoWireC1Ev
                0x0000000000006a68                _ZN7TwoWire5beginEv
                0x0000000000006a7c                _ZN7TwoWire5beginEh
                0x0000000000006aa2                _ZN7TwoWire5beginEi
                0x0000000000006aa4                _ZN7TwoWire11requestFromEhh
                0x0000000000006abe                _ZN7TwoWire11requestFromEii
                0x0000000000006ac0                _ZN7TwoWire17beginTransmissionEh
                0x0000000000006ad4                _ZN7TwoWire17beginTransmissionEi
                0x0000000000006ad6                _ZN7TwoWire15endTransmissionEv
                0x0000000000006af6                _ZN7TwoWire4sendEh
                0x0000000000006b3e                _ZN7TwoWire4sendEPhh
                0x0000000000006b98                _ZN7TwoWire4sendEPc
                0x0000000000006bac                _ZN7TwoWire4sendEi
                0x0000000000006bae                _ZN7TwoWire9availableEv
                0x0000000000006bba                _ZN7TwoWire7receiveEv
                0x0000000000006bdc                _ZN7TwoWire9onReceiveEPFviE
                0x0000000000006be6                _ZN7TwoWire9onRequestEPFvvE
 .text          0x0000000000006bf2      0xd62 ./inc/istream.o
                0x0000000000006bf2                _ZN7istream5getchEP6fpos_t
                0x0000000000006c18                _ZN7istream3getEv
                0x0000000000006c5c                _ZN7istream3getERc
                0x0000000000006c7a                _ZN7istream3getEPcmc
                0x0000000000006d92                _ZN7istream7getlineEPcmc
                0x0000000000006eca                _ZN7istream6ignoreEmi
                0x0000000000006f32                _ZN7istream4peekEv
                0x0000000000006fe6                _ZN7istream8readSkipEv
                0x000000000000702c                _ZN7istream6getStrEPc
                0x000000000000717e                _ZN7istream9getNumberEmmPm
                0x0000000000007406                _ZN7istream8getFloatEPf
                0x000000000000775a                _ZN7istream7getCharEPc
                0x0000000000007792                _ZN7istream9skipWhiteEv
                0x0000000000007802                _ZN7istream9getNumberIbEEvPT_
                0x000000000000786c                _ZN7istream7getBoolEPb
 .text          0x0000000000007954      0x64a ./inc/ostream.o
                0x0000000000007954                _ZN7ostream7do_fillEj
                0x00000000000079a4                _ZN7ostream13fill_not_leftEj
                0x00000000000079ca                _ZN7ostream6fmtNumEmPch
                0x0000000000007a66                _ZN7ostream7putCharEc
                0x0000000000007a96                _ZN7ostream6putNumEmb
                0x0000000000007bfa                _ZN7ostream6putNumEl
                0x0000000000007c34                _ZN7ostream6putPgmERK3pgm
                0x0000000000007c86                _ZN7ostream9putDoubleEd
                0x0000000000007efa                _ZN7ostream7putBoolEb
                0x0000000000007f56                _ZN7ostream6putStrEPKc
 .text          0x0000000000007f9e        0x0 ./inc/pins_arduino.o
 .text          0x0000000000007f9e     0x1af6 ./inc/ssd0323.o
                0x0000000000007f9e                _ZN7ssd032310senden_spiEh
                0x0000000000007fc2                _ZN7ssd032312send_commandEh
                0x0000000000007fca                _ZN7ssd03239send_charEh
                0x0000000000007fce                _ZN7ssd032312clear_screenEv
                0x0000000000008014                _ZN7ssd032310set2pixelsEhhhh
                0x0000000000008082                _ZN7ssd03234lineEhhhhh
                0x000000000000853c                _ZN7ssd032314zeichen_big_1xEPhhiiiih
                0x00000000000087b8                _ZN7ssd032316zeichen_small_1xEPhhiiiih
                0x0000000000008952                _ZN7ssd032316zeichen_small_2xEPhhiiiih
                0x0000000000008b4c                _ZN7ssd032316zeichen_small_3xEPhhiiiih
                0x0000000000008dd4                _ZN7ssd032316zeichen_small_4xEPhhiiiih
                0x000000000000901c                _ZN7ssd03236stringEsPKchhhhh
                0x0000000000009624                _ZN7ssd03236stringEsPKchh
                0x0000000000009640                _ZN7ssd03238string_PEsPKchhhhh
                0x00000000000096dc                _ZN7ssd03238string_PEsPKchh
                0x00000000000096f8                _ZN7ssd032311filled_rectEhhhhh
                0x00000000000097ce                _ZN7ssd032313highlight_barEhhhh
                0x00000000000098c4                _ZN7ssd03234initEhh
                0x0000000000009a92                _ZN7ssd0323C1Ev
                0x0000000000009a92                _ZN7ssd0323C2Ev
 .text          0x0000000000009a94      0x43c ./inc/twi.o
                0x0000000000009a94                twi_init
                0x0000000000009aba                twi_setAddress
                0x0000000000009ac2                twi_readFrom
                0x0000000000009b2e                twi_writeTo
                0x0000000000009bae                twi_transmit
                0x0000000000009be2                twi_attachSlaveRxEvent
                0x0000000000009bec                twi_attachSlaveTxEvent
                0x0000000000009bf6                twi_reply
                0x0000000000009c06                twi_stop
                0x0000000000009c1a                twi_releaseBus
                0x0000000000009c26                __vector_39
 .text          0x0000000000009ed0     0x18da ./aktors.o
                0x0000000000009ed0                _ZN13Speedo_aktorsC2Ev
                0x0000000000009ed0                _ZN13Speedo_aktorsC1Ev
                0x0000000000009ef6                _ZN13Speedo_aktorsD2Ev
                0x0000000000009ef6                _ZN13Speedo_aktorsD1Ev
                0x0000000000009ef8                _ZN13Speedo_aktors10set_rgb_inEiiii
                0x0000000000009fb8                _ZN13Speedo_aktors10set_rgb_inEiii
                0x0000000000009fc8                _ZN13Speedo_aktors11set_rgb_outEiiii
                0x000000000000a076                _ZN13Speedo_aktors11set_rgb_outEiii
                0x000000000000a086                _ZN13Speedo_aktors11dimm_rgb_toEiiiii
                0x000000000000a134                _ZN13Speedo_aktors4initEv
                0x000000000000a1f8                _ZN13Speedo_aktors14timer_overflowEv
                0x000000000000a64c                _ZN13Speedo_aktors14dimm_availableEv
                0x000000000000a662                __vector_35
                0x000000000000a6b8                _ZN13Speedo_aktors17update_outer_ledsEv
                0x000000000000b0bc                _ZN13Speedo_aktors6ask_btEPc
                0x000000000000b1b6                _ZN13Speedo_aktors10set_bt_pinEv
 .text          0x000000000000b7aa      0x150 ./blinker.o
                0x000000000000b7aa                _ZN13moped_blinkerC1Ev
                0x000000000000b7aa                _ZN13moped_blinkerC2Ev
                0x000000000000b7ac                _ZN13moped_blinkerD2Ev
                0x000000000000b7ac                _ZN13moped_blinkerD1Ev
                0x000000000000b7ae                _ZN13moped_blinker5checkEv
                0x000000000000b858                _ZN13moped_blinker9set_startEmi
                0x000000000000b886                _ZN13moped_blinker4warnEm
                0x000000000000b8ca                _ZN13moped_blinker4initEv
 .text          0x000000000000b8fa      0x324 ./clock_me.o
                0x000000000000b8fa                _ZN12speedo_clockC2Ev
                0x000000000000b8fa                _ZN12speedo_clockC1Ev
                0x000000000000b8fc                _ZN12speedo_clockD1Ev
                0x000000000000b8fc                _ZN12speedo_clockD2Ev
                0x000000000000b8fe                _ZN12speedo_clock7changedEPi
                0x000000000000b924                _ZN12speedo_clock8decToBcdEc
                0x000000000000b934                _ZN12speedo_clock8bcdToDecEc
                0x000000000000b94c                _ZN12speedo_clock13set_date_timeEiiiiiiii
                0x000000000000ba5a                _ZN12speedo_clock4initEv
                0x000000000000ba88                _ZN12speedo_clock7getdateEv
                0x000000000000baac                _ZN12speedo_clock13get_long_dateEv
                0x000000000000bb38                _ZN12speedo_clock9get_daylsEv
                0x000000000000bb40                _ZN12speedo_clock6get_ssEv
                0x000000000000bb4a                _ZN12speedo_clock3incEv
                0x000000000000bb96                _ZN12speedo_clock4copyEPc
 .text          0x000000000000bc1e     0x45ea ./config.o
                0x000000000000bc34                _ZN13configurationC2Ev
                0x000000000000bc34                _ZN13configurationC1Ev
                0x000000000000bc36                _ZN13configuration8ram_infoEv
                0x000000000000bc72                _ZN13configurationD1Ev
                0x000000000000bc72                _ZN13configurationD2Ev
                0x000000000000bc74                _ZN13configuration5writeEPKc
                0x000000000000d9e2                _ZN13configuration5checkEv
                0x000000000000db12                _ZN13configuration4initEv
                0x000000000000df98                _ZN13configuration11parse_floatEPciPf
                0x000000000000e21a                _ZN13configuration10parse_boolEPciPb
                0x000000000000e256                _ZN13configuration9parse_intEPciPi
                0x000000000000e2ac                _ZN13configuration11parse_shortEPciPs
                0x000000000000e2f6                _ZN13configuration7parse_aEPciS0_i
                0x000000000000e364                _ZN13configuration8parse_ulEPciPm
                0x000000000000e40e                _ZN13configuration5parseEPc
                0x000000000000fabe                _ZN13configuration4readEPKc
                0x000000000000fd42                _ZN13configuration9read_skinEv
                0x000000000000fdd6                _ZN13configuration7km_saveEv
                0x000000000000ffae                _ZN13configuration11EEPROM_initEv
 .text          0x0000000000010208       0x6e ./debug.o
                0x0000000000010208                _ZN9debuggingC1Ev
                0x0000000000010208                _ZN9debuggingC2Ev
                0x000000000001020a                _ZN9debuggingD1Ev
                0x000000000001020a                _ZN9debuggingD2Ev
                0x000000000001020c                _ZN9debugging7sprintpEPKc
                0x0000000000010236                _ZN9debugging9sprintlnpEPKc
                0x0000000000010268                _ZN9debugging11parse_floatEiPciii
                0x000000000001026a                _ZN9debugging9parse_intEv
                0x000000000001026c                _ZN9debugging5parseEiPc
                0x000000000001026e                _ZN9debugging7parse_aEiPc
                0x0000000000010270                _ZN9debugging8parse_ulEim
                0x0000000000010272                _ZN9debugging11speedo_loopEiimPKc
                0x0000000000010274                _ZN9debugging4loopEv
 .text          0x0000000000010276     0x1896 ./display.o
                0x000000000001028c                _ZN11speedo_dispC1Ev
                0x000000000001028c                _ZN11speedo_dispC2Ev
                0x0000000000010290                _ZN11speedo_dispD2Ev
                0x0000000000010290                _ZN11speedo_dispD1Ev
                0x0000000000010292                _ZN11speedo_disp8draw_oilEhh
                0x000000000001055c                _ZN11speedo_disp8draw_airEhh
                0x0000000000010666                _ZN11speedo_disp9draw_fuelEhh
                0x0000000000010790                _ZN11speedo_disp10draw_clockEhh
                0x00000000000108ba                _ZN11speedo_disp12draw_blitzerEhh
                0x0000000000010b34                _ZN11speedo_disp10draw_arrowEiii
                0x0000000000011110                _ZN11speedo_disp6sd2ssdEPci
                0x00000000000112dc                _ZN11speedo_disp11show_storryEPcjS0_j
                0x0000000000011578                _ZN11speedo_disp14show_animationEPKc
                0x0000000000011896                _ZN11speedo_disp12disp_waitingEihh
                0x000000000001194a                _ZN11speedo_disp9animationEi
                0x00000000000119c6                _ZN11speedo_disp11init_speedoEv
 .text          0x0000000000011b0c      0x1c2 ./dz.o
                0x0000000000011b0c                _Z6helperv
                0x0000000000011b26                _ZN9speedo_dzC2Ev
                0x0000000000011b26                _ZN9speedo_dzC1Ev
                0x0000000000011b28                _ZN9speedo_dz7counterEv
                0x0000000000011b38                _ZN9speedo_dz4calcEv
                0x0000000000011c86                _ZN9speedo_dz4initEv
 .text          0x0000000000011cce      0xbea ./file_manager_v2.o
                0x0000000000011ce4                _ZN21speedo_filemanager_v2C1Ev
                0x0000000000011ce4                _ZN21speedo_filemanager_v2C2Ev
                0x0000000000011cfc                _ZN21speedo_filemanager_v2D1Ev
                0x0000000000011cfc                _ZN21speedo_filemanager_v2D2Ev
                0x0000000000011d14                _ZN21speedo_filemanager_v215get_file_handleEPhS0_P6SdFileS2_h
                0x0000000000011fa4                _ZN21speedo_filemanager_v213parse_commandEv
 .text          0x00000000000128b8      0x24c ./fuel.o
                0x00000000000128b8                _ZN11speedo_fuelC1Ev
                0x00000000000128b8                _ZN11speedo_fuelC2Ev
                0x00000000000128ba                _ZN11speedo_fuelD2Ev
                0x00000000000128ba                _ZN11speedo_fuelD1Ev
                0x00000000000128bc                _ZN11speedo_fuel8get_fuelEPc
                0x0000000000012ae8                _ZN11speedo_fuel4initEv
 .text          0x0000000000012b04      0x6fa ./gear.o
                0x0000000000012b04                _ZN11speedo_gearC2Ev
                0x0000000000012b04                _ZN11speedo_gearC1Ev
                0x0000000000012b06                _ZN11speedo_gearD1Ev
                0x0000000000012b06                _ZN11speedo_gearD2Ev
                0x0000000000012b08                _ZN11speedo_gear4initEv
                0x0000000000012b30                _ZN11speedo_gear4calcEv
                0x0000000000012d94                _ZN11speedo_gear3getEv
                0x0000000000012dac                _ZN11speedo_gear9calibrateEv
 .text          0x00000000000131fe     0x1fae ./gps.o
                0x0000000000013214                _ZN10speedo_gpsC1Ev
                0x0000000000013214                _ZN10speedo_gpsC2Ev
                0x0000000000013216                _ZN10speedo_gpsD1Ev
                0x0000000000013216                _ZN10speedo_gpsD2Ev
                0x0000000000013218                _ZN10speedo_gps9recv_dataEv
                0x000000000001336c                __vector_36
                0x00000000000133c6                _ZN10speedo_gps8get_infoEi
                0x0000000000013526                _ZN10speedo_gps11store_to_sdEv
                0x00000000000135f4                _ZN10speedo_gps3modEmm
                0x000000000001367a                _ZN10speedo_gps11nmea_to_decEm
                0x0000000000013736                _ZN10speedo_gps9calc_distEmm
                0x00000000000139be                _ZN10speedo_gps9get_orderEPc
                0x0000000000013c3e                _ZN10speedo_gps18generate_new_orderEv
                0x0000000000013ff6                _ZN10speedo_gps9calc_naviEv
                0x000000000001447e                _ZN10speedo_gps5parseEPci
                0x0000000000014bc2                _ZN10speedo_gps10check_flagEv
                0x0000000000014c16                _ZN10speedo_gps4loopEv
                0x0000000000014ef8                _ZN10speedo_gps17get_logged_pointsEPci
                0x0000000000015074                _ZN10speedo_gps8SendByteEh
                0x0000000000015082                _ZN10speedo_gps10SendStringEPKc
                0x00000000000150b2                _ZN10speedo_gps4initEv
 .text          0x00000000000151ac       0x38 ./helper.o
                0x00000000000151ac                __cxa_pure_virtual
                0x00000000000151b0                _Znwj
                0x00000000000151b4                _ZdlPv
                0x00000000000151b8                _Znaj
                0x00000000000151bc                _ZdaPv
                0x00000000000151c6                _Z19__cxa_guard_acquirePx
                0x00000000000151da                _Z19__cxa_guard_releasePx
                0x00000000000151e2                _Z17__cxa_guard_abortPx
 .text          0x00000000000151e4      0x3ac ./main.o
                0x00000000000151e4                main
 .text          0x0000000000015590     0x8a18 ./menu.o
                0x00000000000155a6                _ZN11speedo_menuC2Ev
                0x00000000000155a6                _ZN11speedo_menuC1Ev
                0x00000000000155a8                _ZN11speedo_menuD2Ev
                0x00000000000155a8                _ZN11speedo_menuD1Ev
                0x00000000000155aa                _ZN11speedo_menu4backEv
                0x00000000000156aa                _ZN11speedo_menu5yesnoEPKcS1_S1_
                0x00000000000157f0                _ZN11speedo_menu4drawEPPKci
                0x0000000000015ac8                _ZN11speedo_menu4initEv
                0x0000000000015b38                _ZN11speedo_menu11set_buttonsEbbbb
                0x0000000000015b48                _ZN11speedo_menu9center_meEPci
                0x0000000000015c8e                _ZN11speedo_menu7displayEv
                0x000000000001d942                _ZN11speedo_menu7go_downEv
                0x000000000001da42                _ZN11speedo_menu5go_upEv
                0x000000000001db58                _ZN11speedo_menu8go_rightEv
                0x000000000001dbd2                _ZN11speedo_menu7go_leftEv
                0x000000000001dca6                _ZN11speedo_menu11button_testEbb
                0x000000000001deb2                __vector_10
                0x000000000001df0c                _ZN11speedo_menu8del_confEPcS0_
 .text          0x000000000001dfa8       0xce ./oiler.o
                0x000000000001dfa8                _ZN12speedo_oilerC2Ev
                0x000000000001dfa8                _ZN12speedo_oilerC1Ev
                0x000000000001dfaa                _ZN12speedo_oilerD2Ev
                0x000000000001dfaa                _ZN12speedo_oilerD1Ev
                0x000000000001dfac                _ZN12speedo_oiler4initEv
                0x000000000001dfcc                _ZN12speedo_oiler12send_impulseEv
                0x000000000001e01a                _ZN12speedo_oiler11check_valueEv
 .text          0x000000000001e076      0x298 ./reset.o
                0x000000000001e076                _ZN12speedo_resetC1Ev
                0x000000000001e076                _ZN12speedo_resetC2Ev
                0x000000000001e078                _ZN12speedo_resetD2Ev
                0x000000000001e078                _ZN12speedo_resetD1Ev
                0x000000000001e07a                _ZN12speedo_reset10set_activeEbb
                0x000000000001e0c4                _ZN12speedo_reset12set_deactiveEbb
                0x000000000001e10c                _ZN12speedo_reset7restoreEv
                0x000000000001e120                _ZN12speedo_reset6toggleEv
                0x000000000001e17e                _ZN12speedo_reset9ask_resetEv
                0x000000000001e284                _ZN12speedo_reset4initEv
 .text          0x000000000001e30e      0x17e ./sd.o
                0x000000000001e33c                _ZN9speedo_sdC1Ev
                0x000000000001e33c                _ZN9speedo_sdC2Ev
                0x000000000001e358                _ZN9speedo_sdD1Ev
                0x000000000001e358                _ZN9speedo_sdD2Ev
                0x000000000001e35a                _ZN9speedo_sd7error_PEPKc
                0x000000000001e3b0                _ZN9speedo_sd9writeCRLFER6SdFile
                0x000000000001e3be                _ZN9speedo_sd11writeStringER6SdFilePc
                0x000000000001e3dc                _ZN9speedo_sd10power_downEv
                0x000000000001e3de                _ZN9speedo_sd8power_upEv
                0x000000000001e46e                _ZN9speedo_sd4initEv
 .text          0x000000000001e48c      0x24c ./sensors.o
                0x000000000001e48c                _ZN14Speedo_sensorsC1Ev
                0x000000000001e48c                _ZN14Speedo_sensorsC2Ev
                0x000000000001e560                _ZN14Speedo_sensorsD2Ev
                0x000000000001e560                _ZN14Speedo_sensorsD1Ev
                0x000000000001e562                _ZN14Speedo_sensors4initEv
                0x000000000001e5d0                _ZN14Speedo_sensors6flatItEiPsif
 .text          0x000000000001e6d8      0x7f0 ./speed.o
                0x000000000001e6d8                _ZN12speedo_speedC2Ev
                0x000000000001e6d8                _ZN12speedo_speedC1Ev
                0x000000000001e6da                _ZN12speedo_speedD2Ev
                0x000000000001e6da                _ZN12speedo_speedD1Ev
                0x000000000001e6dc                _ZN12speedo_speed4calcEv
                0x000000000001e892                _Z12helper_speedv
                0x000000000001e8a0                _ZN12speedo_speed4initEv
                0x000000000001e8e6                _ZN12speedo_speed8getSpeedEv
                0x000000000001e960                _ZN12speedo_speed13get_sat_speedEv
                0x000000000001e99c                _ZN12speedo_speed13get_mag_speedEv
                0x000000000001e9a4                _ZN12speedo_speed12check_umfangEv
 .text          0x000000000001eec8     0x1b06 ./speedo.o
                0x000000000001eec8                _ZN13speedo_speedo9reset_bakEv
                0x000000000001eede                _ZN13speedo_speedo4loopEm
 .text          0x00000000000209ce      0x4f6 ./sprint.o
                0x00000000000209ce                _ZN13speedo_sprintC2Ev
                0x00000000000209ce                _ZN13speedo_sprintC1Ev
                0x00000000000209ec                _ZN13speedo_sprintD2Ev
                0x00000000000209ec                _ZN13speedo_sprintD1Ev
                0x00000000000209ee                _ZN13speedo_sprint4initEv
                0x0000000000020a0c                _ZN13speedo_sprint4loopEv
 .text          0x0000000000020ec4      0x14a ./stepper.o
                0x0000000000020ec4                _ZN14speedo_stepperC2Ev
                0x0000000000020ec4                _ZN14speedo_stepperC1Ev
                0x0000000000020ec6                _ZN14speedo_stepperD2Ev
                0x0000000000020ec6                _ZN14speedo_stepperD1Ev
                0x0000000000020ec8                _ZN14speedo_stepper5go_toEii
                0x0000000000020f98                _ZN14speedo_stepper4initEv
 .text          0x000000000002100e      0x5d2 ./temperature.o
                0x000000000002100e                _ZN18speedo_temperatureC1Ev
                0x000000000002100e                _ZN18speedo_temperatureC2Ev
                0x0000000000021010                _ZN18speedo_temperatureD1Ev
                0x0000000000021010                _ZN18speedo_temperatureD2Ev
                0x0000000000021012                _ZN18speedo_temperature4initEv
                0x000000000002108a                _ZN18speedo_temperature13read_oil_tempEv
                0x0000000000021220                _ZN18speedo_temperature15read_water_tempEv
                0x00000000000213b4                _ZN18speedo_temperature13read_air_tempEv
                0x0000000000021492                _ZN18speedo_temperature12get_air_tempEv
                0x00000000000214ac                _ZN18speedo_temperature12get_oil_tempEv
                0x000000000002154c                _ZN18speedo_temperature14get_water_tempEv
 .text          0x00000000000215e0     0x150c ./tetris.o
                0x00000000000215e0                _ZN6tetrisC1Ev
                0x00000000000215e0                _ZN6tetrisC2Ev
                0x00000000000215e2                _ZN6tetrisD2Ev
                0x00000000000215e2                _ZN6tetrisD1Ev
                0x00000000000215e4                _ZN6tetris22copy_element_to_bufferEi
                0x0000000000021694                _ZN6tetris11new_elementEv
                0x000000000002178c                _ZN6tetris4initEv
                0x00000000000217d4                _ZN6tetris13initDrawFieldEv
                0x0000000000021b04                _ZN6tetris11updateFieldEv
                0x0000000000021c36                _ZN6tetris11check_stackEv
                0x0000000000022082                _ZN6tetris4loopEv
                0x0000000000022a0a                _ZN6tetris3runEv
                0x0000000000022a3e                _ZN6tetris19show_grid_on_serialEv
 .text          0x0000000000022aec      0x276 ./timer.o
                0x0000000000022aec                _ZN12speedo_timerC2Ev
                0x0000000000022aec                _ZN12speedo_timerC1Ev
                0x0000000000022b1e                _ZN12speedo_timerD2Ev
                0x0000000000022b1e                _ZN12speedo_timerD1Ev
                0x0000000000022b20                _Z8ram_infov
                0x0000000000022b4c                _ZN12speedo_timer9every_secEP13configuration
                0x0000000000022bfc                _ZN12speedo_timer10every_qsecEv
                0x0000000000022c4a                _ZN12speedo_timer12every_customEv
 .text          0x0000000000022d62      0x270 ./voltage.o
                0x0000000000022d62                _ZN14speedo_voltageC2Ev
                0x0000000000022d62                _ZN14speedo_voltageC1Ev
                0x0000000000022d64                _ZN14speedo_voltageD2Ev
                0x0000000000022d64                _ZN14speedo_voltageD1Ev
                0x0000000000022d66                _ZN14speedo_voltage4calcEv
                0x0000000000022e68                _ZN14speedo_voltage3getEv
                0x0000000000022e7c                _ZN14speedo_voltage4initEv
                0x0000000000022e96                _ZN14speedo_voltage4loopEv
 .text          0x0000000000022fd2        0x0 /home/jkw/Store/17 - Speedmaster/Firmware/inc/libArduinoCore2560.a(WInterrupts.c.o)
 .text          0x0000000000022fd2        0x0 /home/jkw/Store/17 - Speedmaster/Firmware/inc/libArduinoCore2560.a(wiring.c.o)
 .text          0x0000000000022fd2        0x0 /home/jkw/Store/17 - Speedmaster/Firmware/inc/libArduinoCore2560.a(wiring_analog.c.o)
 .text          0x0000000000022fd2        0x0 /home/jkw/Store/17 - Speedmaster/Firmware/inc/libArduinoCore2560.a(wiring_digital.c.o)
 .text          0x0000000000022fd2        0x0 /home/jkw/Store/17 - Speedmaster/Firmware/inc/libArduinoCore2560.a(HardwareSerial.cpp.o)
 .text          0x0000000000022fd2        0x0 /home/jkw/Store/17 - Speedmaster/Firmware/inc/libArduinoCore2560.a(Print.cpp.o)
 .text          0x0000000000022fd2        0x0 /home/jkw/Store/17 - Speedmaster/Firmware/inc/libArduinoCore2560.a(WString.cpp.o)
 .text          0x0000000000022fd2        0x0 /usr/lib/gcc/avr/4.5.3/../../../avr/lib/avr6/libc.a(malloc.o)
 .text          0x0000000000022fd2        0x0 /usr/lib/gcc/avr/4.5.3/../../../avr/lib/avr6/libc.a(exit.o)
 .text          0x0000000000022fd2        0x0 /usr/lib/gcc/avr/4.5.3/../../../avr/lib/avr6/libc.a(isalpha.o)
 .text          0x0000000000022fd2        0x0 /usr/lib/gcc/avr/4.5.3/../../../avr/lib/avr6/libc.a(isspace.o)
 .text          0x0000000000022fd2        0x0 /usr/lib/gcc/avr/4.5.3/../../../avr/lib/avr6/libc.a(tolower.o)
 .text          0x0000000000022fd2        0x0 /usr/lib/gcc/avr/4.5.3/../../../avr/lib/avr6/libc.a(toupper.o)
 .text          0x0000000000022fd2        0x0 /usr/lib/gcc/avr/4.5.3/../../../avr/lib/avr6/libc.a(strcmp_P.o)
 .text          0x0000000000022fd2        0x0 /usr/lib/gcc/avr/4.5.3/../../../avr/lib/avr6/libc.a(strcpy_P.o)
 .text          0x0000000000022fd2        0x0 /usr/lib/gcc/avr/4.5.3/../../../avr/lib/avr6/libc.a(strlen_P.o)
 .text          0x0000000000022fd2        0x0 /usr/lib/gcc/avr/4.5.3/../../../avr/lib/avr6/libc.a(memcmp.o)
 .text          0x0000000000022fd2        0x0 /usr/lib/gcc/avr/4.5.3/../../../avr/lib/avr6/libc.a(memcpy.o)
 .text          0x0000000000022fd2        0x0 /usr/lib/gcc/avr/4.5.3/../../../avr/lib/avr6/libc.a(memset.o)
 .text          0x0000000000022fd2        0x0 /usr/lib/gcc/avr/4.5.3/../../../avr/lib/avr6/libc.a(strcat.o)
 .text          0x0000000000022fd2        0x0 /usr/lib/gcc/avr/4.5.3/../../../avr/lib/avr6/libc.a(strchr.o)
 .text          0x0000000000022fd2        0x0 /usr/lib/gcc/avr/4.5.3/../../../avr/lib/avr6/libc.a(strcmp.o)
 .text          0x0000000000022fd2        0x0 /usr/lib/gcc/avr/4.5.3/../../../avr/lib/avr6/libc.a(strcpy.o)
 .text          0x0000000000022fd2        0x0 /usr/lib/gcc/avr/4.5.3/../../../avr/lib/avr6/libc.a(strncmp.o)
 .text          0x0000000000022fd2        0x0 /usr/lib/gcc/avr/4.5.3/../../../avr/lib/avr6/libc.a(strncpy.o)
 .text          0x0000000000022fd2        0x0 /usr/lib/gcc/avr/4.5.3/../../../avr/lib/avr6/libc.a(strrchr.o)
 .text          0x0000000000022fd2        0x0 /usr/lib/gcc/avr/4.5.3/../../../avr/lib/avr6/libc.a(strstr.o)
 .text          0x0000000000022fd2        0x0 /usr/lib/gcc/avr/4.5.3/../../../avr/lib/avr6/libc.a(itoa.o)
 .text          0x0000000000022fd2        0x0 /usr/lib/gcc/avr/4.5.3/../../../avr/lib/avr6/libc.a(ltoa.o)
 .text          0x0000000000022fd2        0x0 /usr/lib/gcc/avr/4.5.3/../../../avr/lib/avr6/libc.a(ultoa.o)
 .text          0x0000000000022fd2        0x0 /usr/lib/gcc/avr/4.5.3/../../../avr/lib/avr6/libc.a(sprintf.o)
 .text          0x0000000000022fd2        0x0 /usr/lib/gcc/avr/4.5.3/../../../avr/lib/avr6/libc.a(addsf3.o)
 .text          0x0000000000022fd2        0x0 /usr/lib/gcc/avr/4.5.3/../../../avr/lib/avr6/libc.a(addsf3x.o)
 .text          0x0000000000022fd2        0x0 /usr/lib/gcc/avr/4.5.3/../../../avr/lib/avr6/libc.a(asin.o)
 .text          0x0000000000022fd2        0x0 /usr/lib/gcc/avr/4.5.3/../../../avr/lib/avr6/libc.a(cmpsf2.o)
 .text          0x0000000000022fd2        0x0 /usr/lib/gcc/avr/4.5.3/../../../avr/lib/avr6/libc.a(cos.o)
 .text          0x0000000000022fd2        0x0 /usr/lib/gcc/avr/4.5.3/../../../avr/lib/avr6/libc.a(divsf3.o)
 .text          0x0000000000022fd2        0x0 /usr/lib/gcc/avr/4.5.3/../../../avr/lib/avr6/libc.a(divsf3x.o)
 .text          0x0000000000022fd2        0x0 /usr/lib/gcc/avr/4.5.3/../../../avr/lib/avr6/libc.a(fixsfsi.o)
 .text          0x0000000000022fd2        0x0 /usr/lib/gcc/avr/4.5.3/../../../avr/lib/avr6/libc.a(fixunssfsi.o)
 .text          0x0000000000022fd2        0x0 /usr/lib/gcc/avr/4.5.3/../../../avr/lib/avr6/libc.a(floatsisf.o)
 .text          0x0000000000022fd2        0x0 /usr/lib/gcc/avr/4.5.3/../../../avr/lib/avr6/libc.a(floor.o)
 .text          0x0000000000022fd2        0x0 /usr/lib/gcc/avr/4.5.3/../../../avr/lib/avr6/libc.a(fp_arccos.o)
 .text          0x0000000000022fd2        0x0 /usr/lib/gcc/avr/4.5.3/../../../avr/lib/avr6/libc.a(fp_cmp.o)
 .text          0x0000000000022fd2        0x0 /usr/lib/gcc/avr/4.5.3/../../../avr/lib/avr6/libc.a(fp_inf.o)
 .text          0x0000000000022fd2        0x0 /usr/lib/gcc/avr/4.5.3/../../../avr/lib/avr6/libc.a(fp_mintl.o)
 .text          0x0000000000022fd2        0x0 /usr/lib/gcc/avr/4.5.3/../../../avr/lib/avr6/libc.a(fp_mpack.o)
 .text          0x0000000000022fd2        0x0 /usr/lib/gcc/avr/4.5.3/../../../avr/lib/avr6/libc.a(fp_nan.o)
 .text          0x0000000000022fd2        0x0 /usr/lib/gcc/avr/4.5.3/../../../avr/lib/avr6/libc.a(fp_powser.o)
 .text          0x0000000000022fd2        0x0 /usr/lib/gcc/avr/4.5.3/../../../avr/lib/avr6/libc.a(fp_powsodd.o)
 .text          0x0000000000022fd2        0x0 /usr/lib/gcc/avr/4.5.3/../../../avr/lib/avr6/libc.a(fp_pscA.o)
 .text          0x0000000000022fd2        0x0 /usr/lib/gcc/avr/4.5.3/../../../avr/lib/avr6/libc.a(fp_pscB.o)
 .text          0x0000000000022fd2        0x0 /usr/lib/gcc/avr/4.5.3/../../../avr/lib/avr6/libc.a(fp_rempio2.o)
 .text          0x0000000000022fd2        0x0 /usr/lib/gcc/avr/4.5.3/../../../avr/lib/avr6/libc.a(fp_round.o)
 .text          0x0000000000022fd2        0x0 /usr/lib/gcc/avr/4.5.3/../../../avr/lib/avr6/libc.a(fp_sinus.o)
 .text          0x0000000000022fd2        0x0 /usr/lib/gcc/avr/4.5.3/../../../avr/lib/avr6/libc.a(fp_split3.o)
 .text          0x0000000000022fd2        0x0 /usr/lib/gcc/avr/4.5.3/../../../avr/lib/avr6/libc.a(fp_trunc.o)
 .text          0x0000000000022fd2        0x0 /usr/lib/gcc/avr/4.5.3/../../../avr/lib/avr6/libc.a(fp_zero.o)
 .text          0x0000000000022fd2        0x0 /usr/lib/gcc/avr/4.5.3/../../../avr/lib/avr6/libc.a(gesf2.o)
 .text          0x0000000000022fd2        0x0 /usr/lib/gcc/avr/4.5.3/../../../avr/lib/avr6/libc.a(mulsf3.o)
 .text          0x0000000000022fd2        0x0 /usr/lib/gcc/avr/4.5.3/../../../avr/lib/avr6/libc.a(mulsf3x.o)
 .text          0x0000000000022fd2        0x0 /usr/lib/gcc/avr/4.5.3/../../../avr/lib/avr6/libc.a(pow.o)
 .text          0x0000000000022fd2        0x0 /usr/lib/gcc/avr/4.5.3/../../../avr/lib/avr6/libc.a(sin.o)
 .text          0x0000000000022fd2        0x0 /usr/lib/gcc/avr/4.5.3/../../../avr/lib/avr6/libc.a(sqrt.o)
 .text          0x0000000000022fd2        0x0 /usr/lib/gcc/avr/4.5.3/../../../avr/lib/avr6/libc.a(vfprintf_std.o)
 .text          0x0000000000022fd2        0x0 /usr/lib/gcc/avr/4.5.3/../../../avr/lib/avr6/libc.a(eerd_byte_atmega2560.o)
 .text          0x0000000000022fd2        0x0 /usr/lib/gcc/avr/4.5.3/../../../avr/lib/avr6/libc.a(eewr_byte_atmega2560.o)
 .text          0x0000000000022fd2        0x0 /usr/lib/gcc/avr/4.5.3/../../../avr/lib/avr6/libc.a(cty_isfalse.o)
 .text          0x0000000000022fd2        0x0 /usr/lib/gcc/avr/4.5.3/../../../avr/lib/avr6/libc.a(strnlen_P.o)
 .text          0x0000000000022fd2        0x0 /usr/lib/gcc/avr/4.5.3/../../../avr/lib/avr6/libc.a(strnlen.o)
 .text          0x0000000000022fd2        0x0 /usr/lib/gcc/avr/4.5.3/../../../avr/lib/avr6/libc.a(strrev.o)
 .text          0x0000000000022fd2        0x0 /usr/lib/gcc/avr/4.5.3/../../../avr/lib/avr6/libc.a(fputc.o)
 .text          0x0000000000022fd2        0x0 /usr/lib/gcc/avr/4.5.3/../../../avr/lib/avr6/libc.a(ultoa_invert.o)
 .text          0x0000000000022fd2        0x0 /usr/lib/gcc/avr/4.5.3/../../../avr/lib/avr6/libc.a(exp.o)
 .text          0x0000000000022fd2        0x0 /usr/lib/gcc/avr/4.5.3/../../../avr/lib/avr6/libc.a(fp_norm2.o)
 .text          0x0000000000022fd2        0x0 /usr/lib/gcc/avr/4.5.3/../../../avr/lib/avr6/libc.a(inverse.o)
 .text          0x0000000000022fd2        0x0 /usr/lib/gcc/avr/4.5.3/../../../avr/lib/avr6/libc.a(ldexp.o)
 .text          0x0000000000022fd2        0x0 /usr/lib/gcc/avr/4.5.3/../../../avr/lib/avr6/libc.a(log.o)
 .text          0x0000000000022fd2        0x0 /usr/lib/gcc/avr/4.5.3/../../../avr/lib/avr6/libc.a(modf.o)
 .text          0x0000000000022fd2        0x0 /usr/lib/gcc/avr/4.5.3/avr6/libgcc.a(_mulsi3.o)
 .text          0x0000000000022fd2        0x0 /usr/lib/gcc/avr/4.5.3/avr6/libgcc.a(_udivmodqi4.o)
 .text          0x0000000000022fd2        0x0 /usr/lib/gcc/avr/4.5.3/avr6/libgcc.a(_udivmodhi4.o)
 .text          0x0000000000022fd2        0x0 /usr/lib/gcc/avr/4.5.3/avr6/libgcc.a(_divmodhi4.o)
 .text          0x0000000000022fd2        0x0 /usr/lib/gcc/avr/4.5.3/avr6/libgcc.a(_udivmodsi4.o)
 .text          0x0000000000022fd2        0x0 /usr/lib/gcc/avr/4.5.3/avr6/libgcc.a(_divmodsi4.o)
 .text          0x0000000000022fd2        0x0 /usr/lib/gcc/avr/4.5.3/avr6/libgcc.a(_exit.o)
 .text          0x0000000000022fd2        0x0 /usr/lib/gcc/avr/4.5.3/avr6/libgcc.a(_copy_data.o)
 .text          0x0000000000022fd2        0x0 /usr/lib/gcc/avr/4.5.3/avr6/libgcc.a(_clear_bss.o)
 .text          0x0000000000022fd2        0x0 /usr/lib/gcc/avr/4.5.3/avr6/libgcc.a(_ctors.o)
 .text          0x0000000000022fd2        0x0 /usr/lib/gcc/avr/4.5.3/avr6/libgcc.a(_tablejump_elpm.o)
                0x0000000000022fd2                . = ALIGN (0x2)
 *(.text.*)
 .text.attachInterrupt
                0x0000000000022fd2       0xf8 /home/jkw/Store/17 - Speedmaster/Firmware/inc/libArduinoCore2560.a(WInterrupts.c.o)
                0x0000000000022fd2                attachInterrupt
 .text.detachInterrupt
                0x00000000000230ca       0x58 /home/jkw/Store/17 - Speedmaster/Firmware/inc/libArduinoCore2560.a(WInterrupts.c.o)
                0x00000000000230ca                detachInterrupt
 .text.__vector_1
                0x0000000000023122       0x62 /home/jkw/Store/17 - Speedmaster/Firmware/inc/libArduinoCore2560.a(WInterrupts.c.o)
                0x0000000000023122                __vector_1
 .text.__vector_2
                0x0000000000023184       0x62 /home/jkw/Store/17 - Speedmaster/Firmware/inc/libArduinoCore2560.a(WInterrupts.c.o)
                0x0000000000023184                __vector_2
 .text.__vector_3
                0x00000000000231e6       0x62 /home/jkw/Store/17 - Speedmaster/Firmware/inc/libArduinoCore2560.a(WInterrupts.c.o)
                0x00000000000231e6                __vector_3
 .text.__vector_4
                0x0000000000023248       0x62 /home/jkw/Store/17 - Speedmaster/Firmware/inc/libArduinoCore2560.a(WInterrupts.c.o)
                0x0000000000023248                __vector_4
 .text.__vector_5
                0x00000000000232aa       0x62 /home/jkw/Store/17 - Speedmaster/Firmware/inc/libArduinoCore2560.a(WInterrupts.c.o)
                0x00000000000232aa                __vector_5
 .text.__vector_6
                0x000000000002330c       0x62 /home/jkw/Store/17 - Speedmaster/Firmware/inc/libArduinoCore2560.a(WInterrupts.c.o)
                0x000000000002330c                __vector_6
 .text.__vector_7
                0x000000000002336e       0x62 /home/jkw/Store/17 - Speedmaster/Firmware/inc/libArduinoCore2560.a(WInterrupts.c.o)
                0x000000000002336e                __vector_7
 .text.__vector_8
                0x00000000000233d0       0x62 /home/jkw/Store/17 - Speedmaster/Firmware/inc/libArduinoCore2560.a(WInterrupts.c.o)
                0x00000000000233d0                __vector_8
 .text.__vector_23
                0x0000000000023432       0x90 /home/jkw/Store/17 - Speedmaster/Firmware/inc/libArduinoCore2560.a(wiring.c.o)
                0x0000000000023432                __vector_23
 .text.millis   0x00000000000234c2       0x1c /home/jkw/Store/17 - Speedmaster/Firmware/inc/libArduinoCore2560.a(wiring.c.o)
                0x00000000000234c2                millis
 .text.micros   0x00000000000234de       0x4c /home/jkw/Store/17 - Speedmaster/Firmware/inc/libArduinoCore2560.a(wiring.c.o)
                0x00000000000234de                micros
 .text.delay    0x000000000002352a       0x48 /home/jkw/Store/17 - Speedmaster/Firmware/inc/libArduinoCore2560.a(wiring.c.o)
                0x000000000002352a                delay
 .text.delayMicroseconds
                0x0000000000023572       0x14 /home/jkw/Store/17 - Speedmaster/Firmware/inc/libArduinoCore2560.a(wiring.c.o)
                0x0000000000023572                delayMicroseconds
 .text.init     0x0000000000023586       0xc4 /home/jkw/Store/17 - Speedmaster/Firmware/inc/libArduinoCore2560.a(wiring.c.o)
                0x0000000000023586                init
 .text.analogReference
                0x000000000002364a        0x6 /home/jkw/Store/17 - Speedmaster/Firmware/inc/libArduinoCore2560.a(wiring_analog.c.o)
                0x000000000002364a                analogReference
 .text.analogRead
                0x0000000000023650       0x68 /home/jkw/Store/17 - Speedmaster/Firmware/inc/libArduinoCore2560.a(wiring_analog.c.o)
                0x0000000000023650                analogRead
 .text.analogWrite
                0x00000000000236b8      0x174 /home/jkw/Store/17 - Speedmaster/Firmware/inc/libArduinoCore2560.a(wiring_analog.c.o)
                0x00000000000236b8                analogWrite
 .text.pinMode  0x000000000002382c       0x4c /home/jkw/Store/17 - Speedmaster/Firmware/inc/libArduinoCore2560.a(wiring_digital.c.o)
                0x000000000002382c                pinMode
 .text.digitalWrite
                0x0000000000023878      0x122 /home/jkw/Store/17 - Speedmaster/Firmware/inc/libArduinoCore2560.a(wiring_digital.c.o)
                0x0000000000023878                digitalWrite
 .text.digitalRead
                0x000000000002399a      0x118 /home/jkw/Store/17 - Speedmaster/Firmware/inc/libArduinoCore2560.a(wiring_digital.c.o)
                0x000000000002399a                digitalRead
 .text._Z10store_charhP11ring_buffer
                0x0000000000023ab2       0x4e /home/jkw/Store/17 - Speedmaster/Firmware/inc/libArduinoCore2560.a(HardwareSerial.cpp.o)
                0x0000000000023ab2                _Z10store_charhP11ring_buffer
 .text.__vector_25
                0x0000000000023b00       0x56 /home/jkw/Store/17 - Speedmaster/Firmware/inc/libArduinoCore2560.a(HardwareSerial.cpp.o)
                0x0000000000023b00                __vector_25
 .text.__vector_51
                0x0000000000023b56       0x56 /home/jkw/Store/17 - Speedmaster/Firmware/inc/libArduinoCore2560.a(HardwareSerial.cpp.o)
                0x0000000000023b56                __vector_51
 .text.__vector_54
                0x0000000000023bac       0x56 /home/jkw/Store/17 - Speedmaster/Firmware/inc/libArduinoCore2560.a(HardwareSerial.cpp.o)
                0x0000000000023bac                __vector_54
 .text._ZN14HardwareSerialC2EP11ring_bufferPVhS3_S3_S3_S3_hhhhh
                0x0000000000023c02       0x60 /home/jkw/Store/17 - Speedmaster/Firmware/inc/libArduinoCore2560.a(HardwareSerial.cpp.o)
                0x0000000000023c02                _ZN14HardwareSerialC2EP11ring_bufferPVhS3_S3_S3_S3_hhhhh
 .text._ZN14HardwareSerialC1EP11ring_bufferPVhS3_S3_S3_S3_hhhhh
                0x0000000000023c62       0x60 /home/jkw/Store/17 - Speedmaster/Firmware/inc/libArduinoCore2560.a(HardwareSerial.cpp.o)
                0x0000000000023c62                _ZN14HardwareSerialC1EP11ring_bufferPVhS3_S3_S3_S3_hhhhh
 .text._ZN14HardwareSerial5beginEl
                0x0000000000023cc2      0x1f2 /home/jkw/Store/17 - Speedmaster/Firmware/inc/libArduinoCore2560.a(HardwareSerial.cpp.o)
                0x0000000000023cc2                _ZN14HardwareSerial5beginEl
 .text._ZN14HardwareSerial3endEv
                0x0000000000023eb4       0x54 /home/jkw/Store/17 - Speedmaster/Firmware/inc/libArduinoCore2560.a(HardwareSerial.cpp.o)
                0x0000000000023eb4                _ZN14HardwareSerial3endEv
 .text._ZN14HardwareSerial9availableEv
                0x0000000000023f08       0x26 /home/jkw/Store/17 - Speedmaster/Firmware/inc/libArduinoCore2560.a(HardwareSerial.cpp.o)
                0x0000000000023f08                _ZN14HardwareSerial9availableEv
 .text._ZN14HardwareSerial4peekEv
                0x0000000000023f2e       0x34 /home/jkw/Store/17 - Speedmaster/Firmware/inc/libArduinoCore2560.a(HardwareSerial.cpp.o)
                0x0000000000023f2e                _ZN14HardwareSerial4peekEv
 .text._ZN14HardwareSerial4readEv
                0x0000000000023f62       0x50 /home/jkw/Store/17 - Speedmaster/Firmware/inc/libArduinoCore2560.a(HardwareSerial.cpp.o)
                0x0000000000023f62                _ZN14HardwareSerial4readEv
 .text._ZN14HardwareSerial5flushEv
                0x0000000000023fb2       0x18 /home/jkw/Store/17 - Speedmaster/Firmware/inc/libArduinoCore2560.a(HardwareSerial.cpp.o)
                0x0000000000023fb2                _ZN14HardwareSerial5flushEv
 .text._ZN14HardwareSerial5writeEh
                0x0000000000023fca       0x26 /home/jkw/Store/17 - Speedmaster/Firmware/inc/libArduinoCore2560.a(HardwareSerial.cpp.o)
                0x0000000000023fca                _ZN14HardwareSerial5writeEh
 .text._GLOBAL__I_rx_buffer
                0x0000000000023ff0      0x13c /home/jkw/Store/17 - Speedmaster/Firmware/inc/libArduinoCore2560.a(HardwareSerial.cpp.o)
 .text._ZN5Print5writeEPKc
                0x000000000002412c       0x30 /home/jkw/Store/17 - Speedmaster/Firmware/inc/libArduinoCore2560.a(Print.cpp.o)
                0x000000000002412c                _ZN5Print5writeEPKc
 .text._ZN5Print5writeEPKhj
                0x000000000002415c       0x3e /home/jkw/Store/17 - Speedmaster/Firmware/inc/libArduinoCore2560.a(Print.cpp.o)
                0x000000000002415c                _ZN5Print5writeEPKhj
 .text._ZN5Print5printEPKc
                0x000000000002419a       0x10 /home/jkw/Store/17 - Speedmaster/Firmware/inc/libArduinoCore2560.a(Print.cpp.o)
                0x000000000002419a                _ZN5Print5printEPKc
 .text._ZN5Print5printERK6String
                0x00000000000241aa       0x52 /home/jkw/Store/17 - Speedmaster/Firmware/inc/libArduinoCore2560.a(Print.cpp.o)
                0x00000000000241aa                _ZN5Print5printERK6String
 .text._ZN5Print11printNumberEmh
                0x00000000000241fc      0x130 /home/jkw/Store/17 - Speedmaster/Firmware/inc/libArduinoCore2560.a(Print.cpp.o)
                0x00000000000241fc                _ZN5Print11printNumberEmh
 .text._ZN5Print5printEmi
                0x000000000002432c       0x1a /home/jkw/Store/17 - Speedmaster/Firmware/inc/libArduinoCore2560.a(Print.cpp.o)
                0x000000000002432c                _ZN5Print5printEmi
 .text._ZN5Print5printEji
                0x0000000000024346       0x20 /home/jkw/Store/17 - Speedmaster/Firmware/inc/libArduinoCore2560.a(Print.cpp.o)
                0x0000000000024346                _ZN5Print5printEji
 .text._ZN5Print5printEhi
                0x0000000000024366       0x22 /home/jkw/Store/17 - Speedmaster/Firmware/inc/libArduinoCore2560.a(Print.cpp.o)
                0x0000000000024366                _ZN5Print5printEhi
 .text._ZN5Print5printEli
                0x0000000000024388       0x68 /home/jkw/Store/17 - Speedmaster/Firmware/inc/libArduinoCore2560.a(Print.cpp.o)
                0x0000000000024388                _ZN5Print5printEli
 .text._ZN5Print5printEii
                0x00000000000243f0       0x24 /home/jkw/Store/17 - Speedmaster/Firmware/inc/libArduinoCore2560.a(Print.cpp.o)
                0x00000000000243f0                _ZN5Print5printEii
 .text._ZN5Print5printEci
                0x0000000000024414       0x26 /home/jkw/Store/17 - Speedmaster/Firmware/inc/libArduinoCore2560.a(Print.cpp.o)
                0x0000000000024414                _ZN5Print5printEci
 .text._ZN5Print7printlnEv
                0x000000000002443a       0x2a /home/jkw/Store/17 - Speedmaster/Firmware/inc/libArduinoCore2560.a(Print.cpp.o)
                0x000000000002443a                _ZN5Print7printlnEv
 .text._ZN5Print7printlnEmi
                0x0000000000024464       0x12 /home/jkw/Store/17 - Speedmaster/Firmware/inc/libArduinoCore2560.a(Print.cpp.o)
                0x0000000000024464                _ZN5Print7printlnEmi
 .text._ZN5Print7printlnEji
                0x0000000000024476       0x2e /home/jkw/Store/17 - Speedmaster/Firmware/inc/libArduinoCore2560.a(Print.cpp.o)
                0x0000000000024476                _ZN5Print7printlnEji
 .text._ZN5Print7printlnEhi
                0x00000000000244a4       0x30 /home/jkw/Store/17 - Speedmaster/Firmware/inc/libArduinoCore2560.a(Print.cpp.o)
                0x00000000000244a4                _ZN5Print7printlnEhi
 .text._ZN5Print7printlnEPKc
                0x00000000000244d4       0x12 /home/jkw/Store/17 - Speedmaster/Firmware/inc/libArduinoCore2560.a(Print.cpp.o)
                0x00000000000244d4                _ZN5Print7printlnEPKc
 .text._ZN5Print7printlnERK6String
                0x00000000000244e6       0x12 /home/jkw/Store/17 - Speedmaster/Firmware/inc/libArduinoCore2560.a(Print.cpp.o)
                0x00000000000244e6                _ZN5Print7printlnERK6String
 .text._ZN5Print7printlnEli
                0x00000000000244f8       0x12 /home/jkw/Store/17 - Speedmaster/Firmware/inc/libArduinoCore2560.a(Print.cpp.o)
                0x00000000000244f8                _ZN5Print7printlnEli
 .text._ZN5Print7printlnEii
                0x000000000002450a       0x32 /home/jkw/Store/17 - Speedmaster/Firmware/inc/libArduinoCore2560.a(Print.cpp.o)
                0x000000000002450a                _ZN5Print7printlnEii
 .text._ZN5Print7printlnEci
                0x000000000002453c       0x34 /home/jkw/Store/17 - Speedmaster/Firmware/inc/libArduinoCore2560.a(Print.cpp.o)
                0x000000000002453c                _ZN5Print7printlnEci
 .text._ZN5Print10printFloatEdh
                0x0000000000024570      0x110 /home/jkw/Store/17 - Speedmaster/Firmware/inc/libArduinoCore2560.a(Print.cpp.o)
                0x0000000000024570                _ZN5Print10printFloatEdh
 .text._ZN5Print5printEdi
                0x0000000000024680        0x4 /home/jkw/Store/17 - Speedmaster/Firmware/inc/libArduinoCore2560.a(Print.cpp.o)
                0x0000000000024680                _ZN5Print5printEdi
 .text._ZN5Print7printlnEdi
                0x0000000000024684       0x12 /home/jkw/Store/17 - Speedmaster/Firmware/inc/libArduinoCore2560.a(Print.cpp.o)
                0x0000000000024684                _ZN5Print7printlnEdi
 .text._ZNK6String6charAtEj
                0x0000000000024696       0x10 /home/jkw/Store/17 - Speedmaster/Firmware/inc/libArduinoCore2560.a(WString.cpp.o)
                0x0000000000024696                _ZNK6String6charAtEj
 .text._ZN6String9setCharAtEjc
                0x00000000000246a6       0x22 /home/jkw/Store/17 - Speedmaster/Firmware/inc/libArduinoCore2560.a(WString.cpp.o)
                0x00000000000246a6                _ZN6String9setCharAtEjc
 .text._ZN6StringixEj
                0x00000000000246c8       0x2a /home/jkw/Store/17 - Speedmaster/Firmware/inc/libArduinoCore2560.a(WString.cpp.o)
                0x00000000000246c8                _ZN6StringixEj
 .text._ZNK6StringixEj
                0x00000000000246f2       0x10 /home/jkw/Store/17 - Speedmaster/Firmware/inc/libArduinoCore2560.a(WString.cpp.o)
                0x00000000000246f2                _ZNK6StringixEj
 .text._ZN6String11toCharArrayEPcj
                0x0000000000024702       0x44 /home/jkw/Store/17 - Speedmaster/Firmware/inc/libArduinoCore2560.a(WString.cpp.o)
                0x0000000000024702                _ZN6String11toCharArrayEPcj
 .text._ZN6String8getBytesEPhj
                0x0000000000024746       0x44 /home/jkw/Store/17 - Speedmaster/Firmware/inc/libArduinoCore2560.a(WString.cpp.o)
                0x0000000000024746                _ZN6String8getBytesEPhj
 .text._ZN6StringD1Ev
                0x000000000002478a       0x1e /home/jkw/Store/17 - Speedmaster/Firmware/inc/libArduinoCore2560.a(WString.cpp.o)
                0x000000000002478a                _ZN6StringD1Ev
 .text._ZNK6String10startsWithERKS_j
                0x00000000000247a8       0x3c /home/jkw/Store/17 - Speedmaster/Firmware/inc/libArduinoCore2560.a(WString.cpp.o)
                0x00000000000247a8                _ZNK6String10startsWithERKS_j
 .text._ZNK6String10startsWithERKS_
                0x00000000000247e4       0x22 /home/jkw/Store/17 - Speedmaster/Firmware/inc/libArduinoCore2560.a(WString.cpp.o)
                0x00000000000247e4                _ZNK6String10startsWithERKS_
 .text._ZNK6String11lastIndexOfEcj
                0x0000000000024806       0x6e /home/jkw/Store/17 - Speedmaster/Firmware/inc/libArduinoCore2560.a(WString.cpp.o)
                0x0000000000024806                _ZNK6String11lastIndexOfEcj
 .text._ZNK6String11lastIndexOfEc
                0x0000000000024874        0xc /home/jkw/Store/17 - Speedmaster/Firmware/inc/libArduinoCore2560.a(WString.cpp.o)
                0x0000000000024874                _ZNK6String11lastIndexOfEc
 .text._ZNK6String7indexOfERKS_j
                0x0000000000024880       0x3c /home/jkw/Store/17 - Speedmaster/Firmware/inc/libArduinoCore2560.a(WString.cpp.o)
                0x0000000000024880                _ZNK6String7indexOfERKS_j
 .text._ZNK6String7indexOfERKS_
                0x00000000000248bc        0x6 /home/jkw/Store/17 - Speedmaster/Firmware/inc/libArduinoCore2560.a(WString.cpp.o)
                0x00000000000248bc                _ZNK6String7indexOfERKS_
 .text._ZNK6String7indexOfEcj
                0x00000000000248c2       0x3c /home/jkw/Store/17 - Speedmaster/Firmware/inc/libArduinoCore2560.a(WString.cpp.o)
                0x00000000000248c2                _ZNK6String7indexOfEcj
 .text._ZNK6String7indexOfEc
                0x00000000000248fe        0x6 /home/jkw/Store/17 - Speedmaster/Firmware/inc/libArduinoCore2560.a(WString.cpp.o)
                0x00000000000248fe                _ZNK6String7indexOfEc
 .text._ZNK6String6equalsERKS_
                0x0000000000024904       0x32 /home/jkw/Store/17 - Speedmaster/Firmware/inc/libArduinoCore2560.a(WString.cpp.o)
                0x0000000000024904                _ZNK6String6equalsERKS_
 .text._ZNK6String8endsWithERKS_
                0x0000000000024936       0x38 /home/jkw/Store/17 - Speedmaster/Firmware/inc/libArduinoCore2560.a(WString.cpp.o)
                0x0000000000024936                _ZNK6String8endsWithERKS_
 .text._ZNK6StringgeERKS_
                0x000000000002496e       0x26 /home/jkw/Store/17 - Speedmaster/Firmware/inc/libArduinoCore2560.a(WString.cpp.o)
                0x000000000002496e                _ZNK6StringgeERKS_
 .text._ZNK6StringleERKS_
                0x0000000000024994       0x20 /home/jkw/Store/17 - Speedmaster/Firmware/inc/libArduinoCore2560.a(WString.cpp.o)
                0x0000000000024994                _ZNK6StringleERKS_
 .text._ZNK6StringgtERKS_
                0x00000000000249b4       0x20 /home/jkw/Store/17 - Speedmaster/Firmware/inc/libArduinoCore2560.a(WString.cpp.o)
                0x00000000000249b4                _ZNK6StringgtERKS_
 .text._ZNK6StringltERKS_
                0x00000000000249d4       0x22 /home/jkw/Store/17 - Speedmaster/Firmware/inc/libArduinoCore2560.a(WString.cpp.o)
                0x00000000000249d4                _ZNK6StringltERKS_
 .text._ZNK6StringneERKS_
                0x00000000000249f6       0x2e /home/jkw/Store/17 - Speedmaster/Firmware/inc/libArduinoCore2560.a(WString.cpp.o)
                0x00000000000249f6                _ZNK6StringneERKS_
 .text._ZNK6StringeqERKS_
                0x0000000000024a24       0x32 /home/jkw/Store/17 - Speedmaster/Firmware/inc/libArduinoCore2560.a(WString.cpp.o)
                0x0000000000024a24                _ZNK6StringeqERKS_
 .text._ZNK6String9compareToERKS_
                0x0000000000024a56        0xe /home/jkw/Store/17 - Speedmaster/Firmware/inc/libArduinoCore2560.a(WString.cpp.o)
                0x0000000000024a56                _ZNK6String9compareToERKS_
 .text._ZN6String9getBufferEj
                0x0000000000024a64       0x26 /home/jkw/Store/17 - Speedmaster/Firmware/inc/libArduinoCore2560.a(WString.cpp.o)
                0x0000000000024a64                _ZN6String9getBufferEj
 .text._ZN6StringpLERKS_
                0x0000000000024a8a       0x64 /home/jkw/Store/17 - Speedmaster/Firmware/inc/libArduinoCore2560.a(WString.cpp.o)
                0x0000000000024a8a                _ZN6StringpLERKS_
 .text._ZN6String6concatERKS_
                0x0000000000024aee        0x4 /home/jkw/Store/17 - Speedmaster/Firmware/inc/libArduinoCore2560.a(WString.cpp.o)
                0x0000000000024aee                _ZN6String6concatERKS_
 .text._ZN6StringaSERKS_
                0x0000000000024af2       0x5a /home/jkw/Store/17 - Speedmaster/Firmware/inc/libArduinoCore2560.a(WString.cpp.o)
                0x0000000000024af2                _ZN6StringaSERKS_
 .text._ZN6StringC1Eh
                0x0000000000024b4c       0x32 /home/jkw/Store/17 - Speedmaster/Firmware/inc/libArduinoCore2560.a(WString.cpp.o)
                0x0000000000024b4c                _ZN6StringC1Eh
 .text._ZN6StringC2Eh
                0x0000000000024b7e       0x32 /home/jkw/Store/17 - Speedmaster/Firmware/inc/libArduinoCore2560.a(WString.cpp.o)
                0x0000000000024b7e                _ZN6StringC2Eh
 .text._ZN6StringC1Ec
                0x0000000000024bb0       0x32 /home/jkw/Store/17 - Speedmaster/Firmware/inc/libArduinoCore2560.a(WString.cpp.o)
                0x0000000000024bb0                _ZN6StringC1Ec
 .text._ZN6StringC2Ec
                0x0000000000024be2       0x32 /home/jkw/Store/17 - Speedmaster/Firmware/inc/libArduinoCore2560.a(WString.cpp.o)
                0x0000000000024be2                _ZN6StringC2Ec
 .text._ZN6StringC1ERKS_
                0x0000000000024c14       0x32 /home/jkw/Store/17 - Speedmaster/Firmware/inc/libArduinoCore2560.a(WString.cpp.o)
                0x0000000000024c14                _ZN6StringC1ERKS_
 .text._ZN6StringC2ERKS_
                0x0000000000024c46       0x32 /home/jkw/Store/17 - Speedmaster/Firmware/inc/libArduinoCore2560.a(WString.cpp.o)
                0x0000000000024c46                _ZN6StringC2ERKS_
 .text._ZN6StringC1Emi
                0x0000000000024c78       0x78 /home/jkw/Store/17 - Speedmaster/Firmware/inc/libArduinoCore2560.a(WString.cpp.o)
                0x0000000000024c78                _ZN6StringC1Emi
 .text._ZN6StringC2Emi
                0x0000000000024cf0       0x78 /home/jkw/Store/17 - Speedmaster/Firmware/inc/libArduinoCore2560.a(WString.cpp.o)
                0x0000000000024cf0                _ZN6StringC2Emi
 .text._ZN6StringC1Eji
                0x0000000000024d68       0x76 /home/jkw/Store/17 - Speedmaster/Firmware/inc/libArduinoCore2560.a(WString.cpp.o)
                0x0000000000024d68                _ZN6StringC1Eji
 .text._ZN6StringC2Eji
                0x0000000000024dde       0x76 /home/jkw/Store/17 - Speedmaster/Firmware/inc/libArduinoCore2560.a(WString.cpp.o)
                0x0000000000024dde                _ZN6StringC2Eji
 .text._ZN6StringC1EPKc
                0x0000000000024e54       0x4c /home/jkw/Store/17 - Speedmaster/Firmware/inc/libArduinoCore2560.a(WString.cpp.o)
                0x0000000000024e54                _ZN6StringC1EPKc
 .text._ZNK6String11toUpperCaseEv
                0x0000000000024ea0       0x72 /home/jkw/Store/17 - Speedmaster/Firmware/inc/libArduinoCore2560.a(WString.cpp.o)
                0x0000000000024ea0                _ZNK6String11toUpperCaseEv
 .text._ZNK6String11toLowerCaseEv
                0x0000000000024f12       0x72 /home/jkw/Store/17 - Speedmaster/Firmware/inc/libArduinoCore2560.a(WString.cpp.o)
                0x0000000000024f12                _ZNK6String11toLowerCaseEv
 .text._ZNK6String16equalsIgnoreCaseERKS_
                0x0000000000024f84       0x8e /home/jkw/Store/17 - Speedmaster/Firmware/inc/libArduinoCore2560.a(WString.cpp.o)
                0x0000000000024f84                _ZNK6String16equalsIgnoreCaseERKS_
 .text._ZNK6String9substringEjj
                0x0000000000025012       0x6c /home/jkw/Store/17 - Speedmaster/Firmware/inc/libArduinoCore2560.a(WString.cpp.o)
                0x0000000000025012                _ZNK6String9substringEjj
 .text._ZNK6String9substringEj
                0x000000000002507e       0x16 /home/jkw/Store/17 - Speedmaster/Firmware/inc/libArduinoCore2560.a(WString.cpp.o)
                0x000000000002507e                _ZNK6String9substringEj
 .text._ZNK6String11lastIndexOfERKS_j
                0x0000000000025094       0xc2 /home/jkw/Store/17 - Speedmaster/Firmware/inc/libArduinoCore2560.a(WString.cpp.o)
                0x0000000000025094                _ZNK6String11lastIndexOfERKS_j
 .text._ZNK6String11lastIndexOfERKS_
                0x0000000000025156       0x18 /home/jkw/Store/17 - Speedmaster/Firmware/inc/libArduinoCore2560.a(WString.cpp.o)
                0x0000000000025156                _ZNK6String11lastIndexOfERKS_
 .text._ZNK6String4trimEv
                0x000000000002516e       0xd0 /home/jkw/Store/17 - Speedmaster/Firmware/inc/libArduinoCore2560.a(WString.cpp.o)
                0x000000000002516e                _ZNK6String4trimEv
 .text._ZN6String7replaceERKS_S1_
                0x000000000002523e      0x118 /home/jkw/Store/17 - Speedmaster/Firmware/inc/libArduinoCore2560.a(WString.cpp.o)
                0x000000000002523e                _ZN6String7replaceERKS_S1_
 .text._ZN6String7replaceEcc
                0x0000000000025356       0x7c /home/jkw/Store/17 - Speedmaster/Firmware/inc/libArduinoCore2560.a(WString.cpp.o)
                0x0000000000025356                _ZN6String7replaceEcc
 .text._ZN6StringC2EPKc
                0x00000000000253d2       0x4c /home/jkw/Store/17 - Speedmaster/Firmware/inc/libArduinoCore2560.a(WString.cpp.o)
                0x00000000000253d2                _ZN6StringC2EPKc
 .text._ZN6StringC1Eli
                0x000000000002541e       0x74 /home/jkw/Store/17 - Speedmaster/Firmware/inc/libArduinoCore2560.a(WString.cpp.o)
                0x000000000002541e                _ZN6StringC1Eli
 .text._ZN6StringC2Eli
                0x0000000000025492       0x74 /home/jkw/Store/17 - Speedmaster/Firmware/inc/libArduinoCore2560.a(WString.cpp.o)
                0x0000000000025492                _ZN6StringC2Eli
 .text._ZN6StringC1Eii
                0x0000000000025506       0x72 /home/jkw/Store/17 - Speedmaster/Firmware/inc/libArduinoCore2560.a(WString.cpp.o)
                0x0000000000025506                _ZN6StringC1Eii
 .text._ZN6StringC2Eii
                0x0000000000025578       0x72 /home/jkw/Store/17 - Speedmaster/Firmware/inc/libArduinoCore2560.a(WString.cpp.o)
                0x0000000000025578                _ZN6StringC2Eii
 .text.avr-libc
                0x00000000000255ea      0x266 /usr/lib/gcc/avr/4.5.3/../../../avr/lib/avr6/libc.a(malloc.o)
                0x00000000000255ea                malloc
                0x000000000002571e                free
 .text.avr-libc
                0x0000000000025850        0x6 /usr/lib/gcc/avr/4.5.3/../../../avr/lib/avr6/libc.a(exit.o)
                0x0000000000025850                exit
 .text.avr-libc
                0x0000000000025856       0x12 /usr/lib/gcc/avr/4.5.3/../../../avr/lib/avr6/libc.a(isalpha.o)
                0x0000000000025856                isupper
                0x000000000002585a                isalpha
                0x000000000002585c                islower
 .text.avr-libc
                0x0000000000025868       0x10 /usr/lib/gcc/avr/4.5.3/../../../avr/lib/avr6/libc.a(isspace.o)
                0x0000000000025868                isspace
 .text.avr-libc
                0x0000000000025878       0x10 /usr/lib/gcc/avr/4.5.3/../../../avr/lib/avr6/libc.a(tolower.o)
                0x0000000000025878                tolower
 .text.avr-libc
                0x0000000000025888       0x10 /usr/lib/gcc/avr/4.5.3/../../../avr/lib/avr6/libc.a(toupper.o)
                0x0000000000025888                toupper
 .text.avr-libc
                0x0000000000025898       0x12 /usr/lib/gcc/avr/4.5.3/../../../avr/lib/avr6/libc.a(strcmp_P.o)
                0x0000000000025898                strcmp_P
 .text.avr-libc
                0x00000000000258aa        0xe /usr/lib/gcc/avr/4.5.3/../../../avr/lib/avr6/libc.a(strcpy_P.o)
                0x00000000000258aa                strcpy_P
 .text.avr-libc
                0x00000000000258b8       0x12 /usr/lib/gcc/avr/4.5.3/../../../avr/lib/avr6/libc.a(strlen_P.o)
                0x00000000000258b8                strlen_P
 .text.avr-libc
                0x00000000000258ca       0x1a /usr/lib/gcc/avr/4.5.3/../../../avr/lib/avr6/libc.a(memcmp.o)
                0x00000000000258ca                memcmp
 .text.avr-libc
                0x00000000000258e4       0x12 /usr/lib/gcc/avr/4.5.3/../../../avr/lib/avr6/libc.a(memcpy.o)
                0x00000000000258e4                memcpy
 .text.avr-libc
                0x00000000000258f6        0xe /usr/lib/gcc/avr/4.5.3/../../../avr/lib/avr6/libc.a(memset.o)
                0x00000000000258f6                memset
 .text.avr-libc
                0x0000000000025904       0x16 /usr/lib/gcc/avr/4.5.3/../../../avr/lib/avr6/libc.a(strcat.o)
                0x0000000000025904                strcat
 .text.avr-libc
                0x000000000002591a       0x16 /usr/lib/gcc/avr/4.5.3/../../../avr/lib/avr6/libc.a(strchr.o)
                0x000000000002591a                strchr
 .text.avr-libc
                0x0000000000025930       0x12 /usr/lib/gcc/avr/4.5.3/../../../avr/lib/avr6/libc.a(strcmp.o)
                0x0000000000025930                strcmp
 .text.avr-libc
                0x0000000000025942        0xe /usr/lib/gcc/avr/4.5.3/../../../avr/lib/avr6/libc.a(strcpy.o)
                0x0000000000025942                strcpy
 .text.avr-libc
                0x0000000000025950       0x1c /usr/lib/gcc/avr/4.5.3/../../../avr/lib/avr6/libc.a(strncmp.o)
                0x0000000000025950                strncmp
 .text.avr-libc
                0x000000000002596c       0x1e /usr/lib/gcc/avr/4.5.3/../../../avr/lib/avr6/libc.a(strncpy.o)
                0x000000000002596c                strncpy
 .text.avr-libc
                0x000000000002598a       0x16 /usr/lib/gcc/avr/4.5.3/../../../avr/lib/avr6/libc.a(strrchr.o)
                0x000000000002598a                strrchr
 .text.avr-libc
                0x00000000000259a0       0x34 /usr/lib/gcc/avr/4.5.3/../../../avr/lib/avr6/libc.a(strstr.o)
                0x00000000000259a0                strstr
 .text.avr-libc
                0x00000000000259d4       0x40 /usr/lib/gcc/avr/4.5.3/../../../avr/lib/avr6/libc.a(itoa.o)
                0x00000000000259d4                itoa
 .text.avr-libc
                0x0000000000025a14       0x66 /usr/lib/gcc/avr/4.5.3/../../../avr/lib/avr6/libc.a(ltoa.o)
                0x0000000000025a14                ltoa
 .text.avr-libc
                0x0000000000025a7a       0x46 /usr/lib/gcc/avr/4.5.3/../../../avr/lib/avr6/libc.a(ultoa.o)
                0x0000000000025a7a                ultoa
 .text.avr-libc
                0x0000000000025ac0       0x5e /usr/lib/gcc/avr/4.5.3/../../../avr/lib/avr6/libc.a(sprintf.o)
                0x0000000000025ac0                sprintf
 .text.avr-libc.fplib
                0x0000000000025b1e        0xa /usr/lib/gcc/avr/4.5.3/../../../avr/lib/avr6/libc.a(addsf3.o)
                0x0000000000025b1e                __subsf3
                0x0000000000025b20                __addsf3
 .text.avr-libc.fplib
                0x0000000000025b28       0xc0 /usr/lib/gcc/avr/4.5.3/../../../avr/lib/avr6/libc.a(addsf3x.o)
                0x0000000000025b42                __addsf3x
 .text.avr-libc.fplib
                0x0000000000025be8       0x2e /usr/lib/gcc/avr/4.5.3/../../../avr/lib/avr6/libc.a(asin.o)
                0x0000000000025be8                asin
 .text.avr-libc.fplib
                0x0000000000025c16        0x8 /usr/lib/gcc/avr/4.5.3/../../../avr/lib/avr6/libc.a(cmpsf2.o)
                0x0000000000025c16                __lesf2
                0x0000000000025c16                __nesf2
                0x0000000000025c16                __eqsf2
                0x0000000000025c16                __cmpsf2
                0x0000000000025c16                __ltsf2
 .text.avr-libc.fplib
                0x0000000000025c1e        0x6 /usr/lib/gcc/avr/4.5.3/../../../avr/lib/avr6/libc.a(cos.o)
                0x0000000000025c1e                cos
 .text.avr-libc.fplib
                0x0000000000025c24        0x4 /usr/lib/gcc/avr/4.5.3/../../../avr/lib/avr6/libc.a(divsf3.o)
                0x0000000000025c24                __divsf3
 .text.avr-libc.fplib
                0x0000000000025c28       0xcc /usr/lib/gcc/avr/4.5.3/../../../avr/lib/avr6/libc.a(divsf3x.o)
                0x0000000000025c3e                __divsf3x
                0x0000000000025c42                __divsf3_pse
 .text.avr-libc.fplib
                0x0000000000025cf4        0xa /usr/lib/gcc/avr/4.5.3/../../../avr/lib/avr6/libc.a(fixsfsi.o)
                0x0000000000025cf4                __fixsfsi
 .text.avr-libc.fplib
                0x0000000000025cfe       0x58 /usr/lib/gcc/avr/4.5.3/../../../avr/lib/avr6/libc.a(fixunssfsi.o)
                0x0000000000025cfe                __fixunssfsi
 .text.avr-libc.fplib
                0x0000000000025d56       0x7a /usr/lib/gcc/avr/4.5.3/../../../avr/lib/avr6/libc.a(floatsisf.o)
                0x0000000000025d56                __floatunsisf
                0x0000000000025d5a                __floatsisf
 .text.avr-libc.fplib
                0x0000000000025dd0       0x26 /usr/lib/gcc/avr/4.5.3/../../../avr/lib/avr6/libc.a(floor.o)
                0x0000000000025dd0                floor
 .text.avr-libc.fplib
                0x0000000000025df6       0x36 /usr/lib/gcc/avr/4.5.3/../../../avr/lib/avr6/libc.a(fp_arccos.o)
                0x0000000000025df6                __fp_arccos
 .text.avr-libc.fplib
                0x0000000000025e2c       0x48 /usr/lib/gcc/avr/4.5.3/../../../avr/lib/avr6/libc.a(fp_cmp.o)
                0x0000000000025e2c                __fp_cmp
 .text.avr-libc.fplib
                0x0000000000025e74        0xc /usr/lib/gcc/avr/4.5.3/../../../avr/lib/avr6/libc.a(fp_inf.o)