Archive member included because of file (symbol)

/usr/lib/gcc/avr/4.7.0/../../../avr/lib/avr6/libc.a(malloc.o)
                              ./inc/ssd0323.o (malloc)
/usr/lib/gcc/avr/4.7.0/../../../avr/lib/avr6/libc.a(exit.o)
                              /usr/lib/gcc/avr/4.7.0/../../../avr/lib/avr6/crtm2560.o (exit)
/usr/lib/gcc/avr/4.7.0/../../../avr/lib/avr6/libc.a(isalpha.o)
                              ./inc/istream.o (isupper)
/usr/lib/gcc/avr/4.7.0/../../../avr/lib/avr6/libc.a(isspace.o)
                              ./inc/istream.o (isspace)
/usr/lib/gcc/avr/4.7.0/../../../avr/lib/avr6/libc.a(strcmp_P.o)
                              ./config.o (strcmp_P)
/usr/lib/gcc/avr/4.7.0/../../../avr/lib/avr6/libc.a(strcpy_P.o)
                              ./config.o (strcpy_P)
/usr/lib/gcc/avr/4.7.0/../../../avr/lib/avr6/libc.a(strlen_P.o)
                              ./inc/ostream.o (__strlen_P)
/usr/lib/gcc/avr/4.7.0/../../../avr/lib/avr6/libc.a(memcmp.o)
                              ./inc/SdFile.o (memcmp)
/usr/lib/gcc/avr/4.7.0/../../../avr/lib/avr6/libc.a(memcpy.o)
                              ./inc/SdFile.o (memcpy)
/usr/lib/gcc/avr/4.7.0/../../../avr/lib/avr6/libc.a(memset.o)
                              ./gps.o (memset)
/usr/lib/gcc/avr/4.7.0/../../../avr/lib/avr6/libc.a(strchr.o)
                              ./inc/SdFile.o (strchr)
/usr/lib/gcc/avr/4.7.0/../../../avr/lib/avr6/libc.a(strcmp.o)
                              ./config.o (strcmp)
/usr/lib/gcc/avr/4.7.0/../../../avr/lib/avr6/libc.a(strcpy.o)
                              ./config.o (strcpy)
/usr/lib/gcc/avr/4.7.0/../../../avr/lib/avr6/libc.a(strncmp.o)
                              ./config.o (strncmp)
/usr/lib/gcc/avr/4.7.0/../../../avr/lib/avr6/libc.a(sprintf.o)
                              ./aktors.o (sprintf)
/usr/lib/gcc/avr/4.7.0/../../../avr/lib/avr6/libc.a(addsf3.o)
                              ./inc/Print.o (__subsf3)
/usr/lib/gcc/avr/4.7.0/../../../avr/lib/avr6/libc.a(addsf3x.o)
                              /usr/lib/gcc/avr/4.7.0/../../../avr/lib/avr6/libc.a(addsf3.o) (__addsf3x)
/usr/lib/gcc/avr/4.7.0/../../../avr/lib/avr6/libc.a(asin.o)
                              ./gps.o (asin)
/usr/lib/gcc/avr/4.7.0/../../../avr/lib/avr6/libc.a(cmpsf2.o)
                              ./main.o (__eqsf2)
/usr/lib/gcc/avr/4.7.0/../../../avr/lib/avr6/libc.a(cos.o)
                              ./display.o (cos)
/usr/lib/gcc/avr/4.7.0/../../../avr/lib/avr6/libc.a(divsf3.o)
                              ./inc/Print.o (__divsf3)
/usr/lib/gcc/avr/4.7.0/../../../avr/lib/avr6/libc.a(divsf3x.o)
                              /usr/lib/gcc/avr/4.7.0/../../../avr/lib/avr6/libc.a(divsf3.o) (__divsf3x)
/usr/lib/gcc/avr/4.7.0/../../../avr/lib/avr6/libc.a(fixsfsi.o)
                              ./inc/Print.o (__fixsfsi)
/usr/lib/gcc/avr/4.7.0/../../../avr/lib/avr6/libc.a(fixunssfsi.o)
                              ./inc/Print.o (__fixunssfsi)
/usr/lib/gcc/avr/4.7.0/../../../avr/lib/avr6/libc.a(floatsisf.o)
                              ./inc/Print.o (__floatunsisf)
/usr/lib/gcc/avr/4.7.0/../../../avr/lib/avr6/libc.a(floor.o)
                              ./inc/ssd0323.o (floor)
/usr/lib/gcc/avr/4.7.0/../../../avr/lib/avr6/libc.a(fp_arccos.o)
                              /usr/lib/gcc/avr/4.7.0/../../../avr/lib/avr6/libc.a(asin.o) (__fp_arccos)
/usr/lib/gcc/avr/4.7.0/../../../avr/lib/avr6/libc.a(fp_cmp.o)
                              /usr/lib/gcc/avr/4.7.0/../../../avr/lib/avr6/libc.a(cmpsf2.o) (__fp_cmp)
/usr/lib/gcc/avr/4.7.0/../../../avr/lib/avr6/libc.a(fp_inf.o)
                              /usr/lib/gcc/avr/4.7.0/../../../avr/lib/avr6/libc.a(addsf3x.o) (__fp_inf)
/usr/lib/gcc/avr/4.7.0/../../../avr/lib/avr6/libc.a(fp_mintl.o)
                              /usr/lib/gcc/avr/4.7.0/../../../avr/lib/avr6/libc.a(floor.o) (__fp_mintl)
/usr/lib/gcc/avr/4.7.0/../../../avr/lib/avr6/libc.a(fp_mpack.o)
                              /usr/lib/gcc/avr/4.7.0/../../../avr/lib/avr6/libc.a(floor.o) (__fp_mpack)
/usr/lib/gcc/avr/4.7.0/../../../avr/lib/avr6/libc.a(fp_nan.o)
                              /usr/lib/gcc/avr/4.7.0/../../../avr/lib/avr6/libc.a(addsf3x.o) (__fp_nan)
/usr/lib/gcc/avr/4.7.0/../../../avr/lib/avr6/libc.a(fp_powser.o)
                              /usr/lib/gcc/avr/4.7.0/../../../avr/lib/avr6/libc.a(fp_arccos.o) (__fp_powser)
/usr/lib/gcc/avr/4.7.0/../../../avr/lib/avr6/libc.a(fp_powsodd.o)
                              /usr/lib/gcc/avr/4.7.0/../../../avr/lib/avr6/libc.a(asin.o) (__fp_powsodd)
/usr/lib/gcc/avr/4.7.0/../../../avr/lib/avr6/libc.a(fp_pscA.o)
                              /usr/lib/gcc/avr/4.7.0/../../../avr/lib/avr6/libc.a(addsf3x.o) (__fp_pscA)
/usr/lib/gcc/avr/4.7.0/../../../avr/lib/avr6/libc.a(fp_pscB.o)
                              /usr/lib/gcc/avr/4.7.0/../../../avr/lib/avr6/libc.a(addsf3x.o) (__fp_pscB)
/usr/lib/gcc/avr/4.7.0/../../../avr/lib/avr6/libc.a(fp_rempio2.o)
[...]
Memory Configuration

Name             Origin             Length             Attributes
text             0x0000000000000000 0x0000000000100000 xr
data             0x0000000000800200 0x000000000000fe00 rw !x
eeprom           0x0000000000810000 0x0000000000010000 rw !x
fuse             0x0000000000820000 0x0000000000000400 rw !x
lock             0x0000000000830000 0x0000000000000400 rw !x
signature        0x0000000000840000 0x0000000000000400 rw !x
*default*        0x0000000000000000 0xffffffffffffffff

Linker script and memory map

Address of section .data set to 0x800200
LOAD /usr/lib/gcc/avr/4.7.0/../../../avr/lib/avr6/crtm2560.o
LOAD ./inc/HardwareSerial.o
LOAD ./inc/I2C.o
LOAD ./inc/Print.o
LOAD ./inc/Sd2Card.o
LOAD ./inc/SdFat.o
LOAD ./inc/SdFatUtil.o
LOAD ./inc/SdFile.o
LOAD ./inc/SdStream.o
LOAD ./inc/SdVolume.o
LOAD ./inc/istream.o
LOAD ./inc/ostream.o
LOAD ./inc/pins_arduino.o
LOAD ./inc/ssd0323.o
LOAD ./inc/wiring.o
LOAD ./inc/wiring_analog.o
LOAD ./inc/wiring_digital.o
LOAD ./inc/wiring_pulse.o
LOAD ./inc/wiring_shift.o
LOAD ./aktors.o
LOAD ./blinker.o
LOAD ./clock_me.o
LOAD ./config.o
LOAD ./debug.o
LOAD ./display.o
LOAD ./dz.o
LOAD ./file_manager_v2.o
LOAD ./fuel.o
LOAD ./gear.o
LOAD ./gps.o
LOAD ./helper.o
LOAD ./main.o
LOAD ./menu.o
LOAD ./oiler.o
LOAD ./reset.o
LOAD ./sd.o
LOAD ./sensors.o
LOAD ./speed.o
LOAD ./speedo.o
LOAD ./sprint.o
LOAD ./stepper.o
LOAD ./temperature.o
LOAD ./tetris.o
LOAD ./timer.o
LOAD ./voltage.o
LOAD /usr/lib/gcc/avr/4.7.0/../../../avr/lib/avr6/libc.a
LOAD /usr/lib/gcc/avr/4.7.0/avr6/libgcc.a
LOAD /usr/lib/gcc/avr/4.7.0/../../../avr/lib/avr6/libm.a
LOAD /usr/lib/gcc/avr/4.7.0/../../../avr/lib/avr6/libc.a
LOAD /usr/lib/gcc/avr/4.7.0/avr6/libgcc.a
LOAD /usr/lib/gcc/avr/4.7.0/../../../avr/lib/avr6/libc.a
LOAD /usr/lib/gcc/avr/4.7.0/avr6/libgcc.a

.hash
 *(.hash)

.dynsym
 *(.dynsym)

.dynstr
 *(.dynstr)

.gnu.version
 *(.gnu.version)

.gnu.version_d
 *(.gnu.version_d)

.gnu.version_r
 *(.gnu.version_r)

.rel.init
 *(.rel.init)

.rela.init
 *(.rela.init)

.rel.text
 *(.rel.text)
 *(.rel.text.*)
 *(.rel.gnu.linkonce.t*)

.rela.text
 *(.rela.text)
 *(.rela.text.*)
 *(.rela.gnu.linkonce.t*)

.rel.fini
 *(.rel.fini)

.rela.fini
 *(.rela.fini)

.rel.rodata
 *(.rel.rodata)
 *(.rel.rodata.*)
 *(.rel.gnu.linkonce.r*)

.rela.rodata
 *(.rela.rodata)
 *(.rela.rodata.*)
 *(.rela.gnu.linkonce.r*)

.rel.data
 *(.rel.data)
 *(.rel.data.*)
 *(.rel.gnu.linkonce.d*)

.rela.data
 *(.rela.data)
 *(.rela.data.*)
 *(.rela.gnu.linkonce.d*)

.rel.ctors
 *(.rel.ctors)

.rela.ctors
 *(.rela.ctors)

.rel.dtors
 *(.rel.dtors)

.rela.dtors
 *(.rela.dtors)

.rel.got
 *(.rel.got)

.rela.got
 *(.rela.got)

.rel.bss
 *(.rel.bss)

.rela.bss
 *(.rela.bss)

.rel.plt
 *(.rel.plt)

.rela.plt
 *(.rela.plt)

.text           0x0000000000000000    0x249f4
 *(.vectors)
 .vectors       0x0000000000000000       0xe4 /usr/lib/gcc/avr/4.7.0/../../../avr/lib/avr6/crtm2560.o
                0x0000000000000000                __vectors
                0x0000000000000000                __vector_default
 *(.vectors)
 *(.progmem.gcc*)
 .progmem.gcc_fplib
                0x00000000000000e4       0x14 /usr/lib/gcc/avr/4.7.0/../../../avr/lib/avr6/libc.a(asin.o)
 .progmem.gcc_fplib
                0x00000000000000f8       0x28 /usr/lib/gcc/avr/4.7.0/../../../avr/lib/avr6/libc.a(fp_arccos.o)
 .progmem.gcc_fplib
                0x0000000000000120       0x1e /usr/lib/gcc/avr/4.7.0/../../../avr/lib/avr6/libc.a(fp_sinus.o)
 .progmem.gcc_fplib
                0x000000000000013e       0x28 /usr/lib/gcc/avr/4.7.0/../../../avr/lib/avr6/libc.a(exp.o)
 .progmem.gcc_fplib
                0x0000000000000166       0x5a /usr/lib/gcc/avr/4.7.0/../../../avr/lib/avr6/libc.a(log.o)
 *(.progmem*)
 .progmem.data  0x00000000000001c0       0xc0 ./inc/SdFat.o
 .progmem.data  0x0000000000000280       0x13 ./inc/SdFile.o
 .progmem.data  0x0000000000000293        0xb ./inc/istream.o
 .progmem.data  0x000000000000029e       0x13 ./inc/ostream.o
 .progmem.data  0x00000000000002b1      0x120 ./inc/pins_arduino.o
                0x00000000000002b1                digital_pin_to_timer_PGM
                0x00000000000002f7                digital_pin_to_bit_mask_PGM
                0x000000000000033d                digital_pin_to_port_PGM
                0x0000000000000383                port_to_input_PGM
                0x000000000000039d                port_to_output_PGM
                0x00000000000003b7                port_to_mode_PGM
 .progmem.data  0x00000000000003d1      0xcc0 ./inc/ssd0323.o
 .progmem.data  0x0000000000001091      0x129 ./aktors.o
 .progmem.data  0x00000000000011ba       0x21 ./blinker.o
 .progmem.data  0x00000000000011db       0x10 ./clock_me.o
 .progmem.data  0x00000000000011eb      0xb2a ./config.o
 .progmem.data  0x0000000000001d15       0x7c ./display.o
 .progmem.data  0x0000000000001d91        0xa ./dz.o
 .progmem.data  0x0000000000001d9b        0xc ./fuel.o
 .progmem.data  0x0000000000001da7       0x5d ./gear.o
 .progmem.data  0x0000000000001e04       0x45 ./gps.o
 .progmem.data  0x0000000000001e49       0x3e ./main.o
 .progmem.data  0x0000000000001e87      0x8d1 ./menu.o
 .progmem.data  0x0000000000002758       0x1d ./oiler.o
 .progmem.data  0x0000000000002775       0x19 ./reset.o
 .progmem.data  0x000000000000278e       0x15 ./sd.o
 .progmem.data  0x00000000000027a3      0x181 ./sensors.o
 .progmem.data  0x0000000000002924       0x30 ./speed.o
 .progmem.data  0x0000000000002954       0xe2 ./speedo.o
 .progmem.data  0x0000000000002a36        0xe ./sprint.o
 .progmem.data  0x0000000000002a44       0x13 ./stepper.o
 .progmem.data  0x0000000000002a57        0xc ./temperature.o
 .progmem.data  0x0000000000002a63       0x45 ./tetris.o
 .progmem.data  0x0000000000002aa8       0x1a ./voltage.o
                0x0000000000002ac2                . = ALIGN (0x2)
                0x0000000000002ac2                __trampolines_start = .
 *(.trampolines)
 .trampolines   0x0000000000002ac2       0x14 linker stubs
 *(.trampolines*)
                0x0000000000002ad6                __trampolines_end = .
 *(.jumptables)
 *(.jumptables*)
 *(.lowtext)
 *(.lowtext*)
                0x0000000000002ad6                __ctors_start = .
 *(.ctors)
 .ctors         0x0000000000002ad6        0x2 ./inc/HardwareSerial.o
 .ctors         0x0000000000002ad8        0x2 ./main.o
                0x0000000000002ada                __ctors_end = .
                0x0000000000002ada                __dtors_start = .
 *(.dtors)
 .dtors         0x0000000000002ada        0x2 ./inc/HardwareSerial.o
                0x0000000000002adc                __dtors_end = .
 SORT(*)(.ctors)
 SORT(*)(.dtors)
 *(.init0)
 .init0         0x0000000000002adc        0x0 /usr/lib/gcc/avr/4.7.0/../../../avr/lib/avr6/crtm2560.o
                0x0000000000002adc                __init
 *(.init0)
 *(.init1)
 *(.init1)
 *(.init2)
 .init2         0x0000000000002adc       0x10 /usr/lib/gcc/avr/4.7.0/../../../avr/lib/avr6/crtm2560.o
 *(.init2)
 *(.init3)
 *(.init3)
 *(.init4)
 .init4         0x0000000000002aec       0x1a /usr/lib/gcc/avr/4.7.0/avr6/libgcc.a(_copy_data.o)
                0x0000000000002aec                __do_copy_data
 .init4         0x0000000000002b06       0x10 /usr/lib/gcc/avr/4.7.0/avr6/libgcc.a(_clear_bss.o)
                0x0000000000002b06                __do_clear_bss
 *(.init4)
 *(.init5)
 *(.init5)
 *(.init6)
 .init6         0x0000000000002b16       0x20 /usr/lib/gcc/avr/4.7.0/avr6/libgcc.a(_ctors.o)
                0x0000000000002b16                __do_global_ctors
 *(.init6)
 *(.init7)
 *(.init7)
 *(.init8)
 *(.init8)
 *(.init9)
 .init9         0x0000000000002b36        0x8 /usr/lib/gcc/avr/4.7.0/../../../avr/lib/avr6/crtm2560.o
 *(.init9)
 *(.text)
 .text          0x0000000000002b3e        0x4 /usr/lib/gcc/avr/4.7.0/../../../avr/lib/avr6/crtm2560.o
                0x0000000000002b3e                __vector_38
                0x0000000000002b3e                __vector_22
                0x0000000000002b3e                __vector_28
                0x0000000000002b3e                __vector_1
                0x0000000000002b3e                __vector_32
                0x0000000000002b3e                __vector_34
                0x0000000000002b3e                __vector_24
                0x0000000000002b3e                __vector_12
                0x0000000000002b3e                __vector_55
                0x0000000000002b3e                __vector_46
                0x0000000000002b3e                __bad_interrupt
                0x0000000000002b3e                __vector_31
                0x0000000000002b3e                __vector_39
                0x0000000000002b3e                __vector_3
                0x0000000000002b3e                __vector_30
                0x0000000000002b3e                __vector_45
                0x0000000000002b3e                __vector_13
                0x0000000000002b3e                __vector_17
                0x0000000000002b3e                __vector_19
                0x0000000000002b3e                __vector_56
                0x0000000000002b3e                __vector_49
                0x0000000000002b3e                __vector_41
                0x0000000000002b3e                __vector_43
                0x0000000000002b3e                __vector_27
                0x0000000000002b3e                __vector_33
                0x0000000000002b3e                __vector_47
                0x0000000000002b3e                __vector_52
                0x0000000000002b3e                __vector_37
                0x0000000000002b3e                __vector_4
                0x0000000000002b3e                __vector_44
                0x0000000000002b3e                __vector_9
                0x0000000000002b3e                __vector_2
                0x0000000000002b3e                __vector_21
                0x0000000000002b3e                __vector_15
                0x0000000000002b3e                __vector_29
                0x0000000000002b3e                __vector_40
                0x0000000000002b3e                __vector_26
                0x0000000000002b3e                __vector_48
                0x0000000000002b3e                __vector_14
                0x0000000000002b3e                __vector_53
                0x0000000000002b3e                __vector_50
                0x0000000000002b3e                __vector_16
                0x0000000000002b3e                __vector_18
                0x0000000000002b3e                __vector_20
                0x0000000000002b3e                __vector_42
 .text          0x0000000000002b42      0x4c0 ./inc/HardwareSerial.o
                0x0000000000002b42                _ZN14HardwareSerial9availableEv
                0x0000000000002b6c                _ZN14HardwareSerial4peekEv
                0x0000000000002ba0                _ZN14HardwareSerial4readEv
                0x0000000000002be2                _ZN14HardwareSerial5flushEv
                0x0000000000002bfe                _ZN14HardwareSerial5writeEh
                0x0000000000002c2a                __vector_25
                0x0000000000002ca0                __vector_51
                0x0000000000002d16                __vector_54
                0x0000000000002d8c                _ZN14HardwareSerialC1EP11ring_bufferPVhS3_S3_S3_S3_hhhhh
                0x0000000000002d8c                _ZN14HardwareSerialC2EP11ring_bufferPVhS3_S3_S3_S3_hhhhh
                0x0000000000002dec                _ZN14HardwareSerial5beginEl
                0x0000000000002fae                _ZN14HardwareSerial3endEv
 .text          0x0000000000003002      0x9ee ./inc/I2C.o
                0x0000000000003002                _ZN3I2CC1Ev
                0x0000000000003002                _ZN3I2CC2Ev
                0x0000000000003004                _ZN3I2C5beginEv
                0x0000000000003026                _ZN3I2C3endEv
                0x000000000000302c                _ZN3I2C7timeOutEj
                0x0000000000003036                _ZN3I2C8setSpeedEh
                0x0000000000003046                _ZN3I2C6pullupEh
                0x0000000000003056                _ZN3I2C9availableEv
                0x000000000000305c                _ZN3I2C7receiveEv
                0x0000000000003086                _ZN3I2C5startEv
                0x0000000000003136                _ZN3I2C11receiveByteEh
                0x00000000000031d6                _ZN3I2C4stopEv
                0x0000000000003248                _ZN3I2C8sendByteEh
                0x00000000000032f4                _ZN3I2C11sendAddressEh
                0x00000000000033b8                _ZN3I2C4readEhhhPh
                0x00000000000034b4                _ZN3I2C4readEhhPh
                0x0000000000003592                _ZN3I2C4readEhhh
                0x0000000000003690                _ZN3I2C4readEiii
                0x0000000000003692                _ZN3I2C4readEhh
                0x000000000000376c                _ZN3I2C4readEii
                0x000000000000376e                _ZN3I2C5writeEhhPhh
                0x0000000000003814                _ZN3I2C5writeEhhPc
                0x000000000000383a                _ZN3I2C5writeEhhh
                0x00000000000038c0                _ZN3I2C5writeEiii
                0x00000000000038c2                _ZN3I2C5writeEhh
                0x0000000000003934                _ZN3I2C5writeEii
                0x0000000000003936                _ZN3I2C4scanEv
                0x00000000000039e4                _ZN3I2C6lockUpEv
 .text          0x00000000000039f0      0x48c ./inc/Print.o
                0x00000000000039f0                _ZN5Print5writeEPKc
                0x0000000000003a1e                _ZN5Print5writeEPKhj
                0x0000000000003a7c                _ZN5Print5printEPKc
                0x0000000000003a8a                _ZN5Print11printNumberEmh
                0x0000000000003bac                _ZN5Print5printEmi
                0x0000000000003bb6                _ZN5Print5printEji
                0x0000000000003bc0                _ZN5Print5printEhi
                0x0000000000003bcc                _ZN5Print5printEli
                0x0000000000003c30                _ZN5Print5printEii
                0x0000000000003c3e                _ZN5Print5printEci
                0x0000000000003c4a                _ZN5Print6printpEPKc
                0x0000000000003c7c                _ZN5Print7printlnEv
                0x0000000000003c9c                _ZN5Print7printlnEmi
                0x0000000000003cac                _ZN5Print7printlnEli
                0x0000000000003cbc                _ZN5Print7printlnEji
                0x0000000000003cd4                _ZN5Print7printlnEii
                0x0000000000003cf0                _ZN5Print7printlnEhi
                0x0000000000003d0a                _ZN5Print7printlnEci
                0x0000000000003d24                _ZN5Print7printlnEPKc
                0x0000000000003d34                _ZN5Print10printFloatEdh
                0x0000000000003e6a                _ZN5Print5printEdi
                0x0000000000003e6c                _ZN5Print7printlnEdi
 .text          0x0000000000003e7c      0x90e ./inc/Sd2Card.o
                0x0000000000003e8e                _ZN7Sd2Card14chipSelectHighEv
                0x0000000000003e98                _ZN7Sd2Card13chipSelectLowEv
                0x0000000000003ea2                _ZN7Sd2Card7readEndEv
                0x0000000000003ee4                _ZN7Sd2Card16partialBlockReadEh
                0x0000000000003f0a                _ZN7Sd2Card10setSckRateEh
                0x0000000000003f4a                _ZN7Sd2Card11waitNotBusyEj
                0x0000000000003f7e                _ZN7Sd2Card11cardCommandEhm
                0x0000000000004034                _ZN7Sd2Card4initEhh
                0x00000000000041a4                _ZN7Sd2Card14waitStartBlockEv
                0x00000000000041ec                _ZN7Sd2Card12readRegisterEhPv
                0x0000000000004252                _ZN7Sd2Card22eraseSingleBlockEnableEv
                0x0000000000004292                _ZN7Sd2Card5eraseEmm
                0x0000000000004368                _ZN7Sd2Card8cardSizeEv
                0x0000000000004460                _ZN7Sd2Card8readDataEmjjPh
                0x000000000000458e                _ZN7Sd2Card9readBlockEmPh
                0x00000000000045ac                _ZN7Sd2Card9writeDataEhPKh
                0x000000000000460a                _ZN7Sd2Card9writeDataEPKh
                0x0000000000004644                _ZN7Sd2Card10writeBlockEmPKh
                0x00000000000046ca                _ZN7Sd2Card10writeStartEmm
                0x0000000000004752                _ZN7Sd2Card9writeStopEv
 .text          0x000000000000478a      0x3fe ./inc/SdFat.o
                0x000000000000478a                _ZN5SdFat5chdirEv
                0x00000000000047b8                _ZN5SdFat5chdirEPKc
                0x00000000000048ac                _ZN5SdFat10errorPrintEv
                0x00000000000048da                _ZN5SdFat9errorHaltEv
                0x00000000000048de                _ZN5SdFat10errorPrintEPKc
                0x0000000000004914                _ZN5SdFat9errorHaltEPKc
                0x0000000000004918                _ZN5SdFat12errorPrint_PEPKc
                0x000000000000493a                _ZN5SdFat11errorHalt_PEPKc
                0x000000000000493e                _ZN5SdFat6existsEPKc
                0x0000000000004944                _ZN5SdFat4initEhh
                0x000000000000498e                _ZN5SdFat14initErrorPrintEv
                0x00000000000049d6                _ZN5SdFat13initErrorHaltEv
                0x00000000000049da                _ZN5SdFat2lsEh
                0x00000000000049e8                _ZN5SdFat2lsEP5Printh
                0x00000000000049f0                _ZN5SdFat5mkdirEPKcb
                0x0000000000004a42                _ZN5SdFat6removeEPKc
                0x0000000000004a48                _ZN5SdFat6renameEPKcS1_
                0x0000000000004abc                _ZN5SdFat5rmdirEPKc
                0x0000000000004b18                _ZN5SdFat8truncateEPKcm
 .text          0x0000000000004b88       0x4a ./inc/SdFatUtil.o
                0x0000000000004b88                _ZN9SdFatUtil7print_PEP5PrintPKc
                0x0000000000004bb2                _ZN9SdFatUtil9println_PEP5PrintPKc
                0x0000000000004bc2                _ZN9SdFatUtil13SerialPrint_PEPKc
                0x0000000000004bca                _ZN9SdFatUtil15SerialPrintln_PEPKc
 .text          0x0000000000004bd2     0x26fe ./inc/SdFile.o
                0x0000000000004bfa                _ZN6SdFile10addClusterEv
                0x0000000000004c4e                _ZN6SdFile13addDirClusterEv
                0x0000000000004d5a                _ZN6SdFile13cacheDirEntryEh
                0x0000000000004d8e                _ZN6SdFile15contiguousRangeEPmS0_
                0x0000000000004eec                _ZN6SdFile7dirNameERK14directoryEntryPc
                0x0000000000004f26                _ZN6SdFile11getFilenameEPc
                0x0000000000004f5a                _ZN6SdFile6getposEP6fpos_t
                0x0000000000004f90                _ZN6SdFile10make83NameEPKcPhPS1_
                0x0000000000005012                _ZN6SdFile8openRootEP8SdVolume
                0x00000000000050ba                _ZN6SdFile12printDirNameEP5PrintRK14directoryEntryhb
                0x0000000000005156                _ZN6SdFile12printDirNameERK14directoryEntryhb
                0x0000000000005162                _ZN6SdFile12printFatDateEP5Printj
                0x00000000000051be                _ZN6SdFile12printFatDateEj
                0x00000000000051c6                _ZN6SdFile12printFatTimeEP5Printj
                0x000000000000521c                _ZN6SdFile12printFatTimeEj
                0x0000000000005224                _ZN6SdFile9printNameEv
                0x000000000000526a                _ZN6SdFile4readEPvj
                0x00000000000054b6                _ZN6SdFile4readEv
                0x00000000000054e4                _ZN6SdFile4peekEv
                0x000000000000553a                _ZN6SdFile11lsPrintNextEP5Printhh
                0x00000000000056b2                _ZN6SdFile9lsJKWNextEPciPm
                0x00000000000057b4                _ZN6SdFile5fgetsEPciS0_
                0x0000000000005880                _ZN6SdFile7readDirEP14directoryEntry
                0x00000000000058e8                _ZN6SdFile12readDirCacheEv
                0x0000000000005962                _ZN6SdFile7seekSetEm
                0x0000000000005a98                _ZN6SdFile6setposEP6fpos_t
                0x0000000000005ac4                _ZN6SdFile4syncEv
                0x0000000000005b5a                _ZN6SdFile8dirEntryEP14directoryEntry
                0x0000000000005b94                _ZN6SdFile5closeEv
                0x0000000000005bae                _ZN6SdFile9timestampEhjhhhhh
                0x0000000000005cde                _ZN6SdFile8truncateEm
                0x0000000000005e54                _ZN6SdFile6removeEv
                0x0000000000005e8a                _ZN6SdFile5rmdirEv
                0x0000000000005f2e                _ZN6SdFile15openCachedEntryEhh
                0x0000000000006022                _ZN6SdFile8openNextEPS_h
                0x00000000000060d4                _ZN6SdFile4openEPS_jh
                0x0000000000006160                _ZN6SdFile8rmRfStarEv
                0x0000000000006296                _ZN6SdFile2lsEP5Printhh
                0x0000000000006384                _ZN6SdFile2lsEh
                0x000000000000638e                _ZN6SdFile10openParentEPS_
                0x0000000000006580                _ZN6SdFile4openEPS_PKhh
                0x000000000000671e                _ZN6SdFile4openEPS_PKch
                0x000000000000689e                _ZN6SdFile6removeEPS_PKc
                0x00000000000068fa                _ZN6SdFile4openEPKch
                0x000000000000690a                _ZN6SdFileC1EPKch
                0x000000000000690a                _ZN6SdFileC2EPKch
                0x000000000000691a                _ZN6SdFile6existsEPKc
                0x0000000000006968                _ZN6SdFile16createContiguousEPS_PKcm
                0x0000000000006a08                _ZN6SdFile5mkdirEPS_PKh
                0x0000000000006b92                _ZN6SdFile5mkdirEPS_PKcb
                0x0000000000006d2e                _ZN6SdFile6renameEPS_PKc
                0x0000000000006f2c                _ZN6SdFile5writeEPKvj
                0x0000000000007256                _ZN6SdFile5writeEPKc
                0x000000000000726a                _ZN6SdFile5writeEh
                0x000000000000728a                _ZN6SdFile7write_PEPKc
                0x00000000000072bc                _ZN6SdFile9writeln_PEPKc
 .text          0x00000000000072d0      0x278 ./inc/SdStream.o
                0x00000000000072d0                _ZN6SdBase5getchEv
                0x000000000000737c                _ZN6SdBase4openEPKch
                0x0000000000007418                _ZN6SdBase5putchEc
                0x0000000000007474                _ZN6SdBase6putstrEPKc
                0x00000000000074f6                _ZN6SdBase7seekposEm
                0x00000000000074fa                _ZN6SdBase7seekoffElN8ios_base7seekdirE
 .text          0x0000000000007548      0xa04 ./inc/SdVolume.o
                0x0000000000007548                _ZN8SdVolume10cacheFlushEv
                0x00000000000075be                _ZN8SdVolume13cacheRawBlockEmh
                0x000000000000763c                _ZNK8SdVolume6fatGetEmPm
                0x000000000000773c                _ZNK8SdVolume9chainSizeEmPm
                0x000000000000780a                _ZN8SdVolume6fatPutEmm
                0x000000000000793a                _ZN8SdVolume15allocContiguousEmPm
                0x0000000000007b54                _ZN8SdVolume9freeChainEm
                0x0000000000007c00                _ZN8SdVolume16freeClusterCountEv
                0x0000000000007d1c                _ZN8SdVolume4initEP7Sd2Cardh
 .text          0x0000000000007f4c      0xd24 ./inc/istream.o
                0x0000000000007f4c                _ZN7istream3getEv
                0x0000000000007f90                _ZN7istream3getERc
                0x0000000000007fae                _ZN7istream3getEPcmc
                0x00000000000080ce                _ZN7istream7getlineEPcmc
                0x0000000000008208                _ZN7istream6ignoreEmi
                0x000000000000829c                _ZN7istream4peekEv
                0x0000000000008346                _ZN7istream8readSkipEv
                0x000000000000838c                _ZN7istream6getStrEPc
                0x00000000000084d0                _ZN7istream9getNumberEmmPm
                0x000000000000876e                _ZN7istream8getFloatEPf
                0x0000000000008aa6                _ZN7istream7getCharEPc
                0x0000000000008ade                _ZN7istream7getBoolEPb
                0x0000000000008c06                _ZN7istream9skipWhiteEv
 .text          0x0000000000008c70      0x624 ./inc/ostream.o
                0x0000000000008c70                _ZN7ostream7do_fillEj
                0x0000000000008cc0                _ZN7ostream13fill_not_leftEj
                0x0000000000008ce4                _ZN7ostream6fmtNumEmPch
                0x0000000000008d76                _ZN7ostream7putCharEc
                0x0000000000008da4                _ZN7ostream6putNumEmb
                0x0000000000008f02                _ZN7ostream6putNumEl
                0x0000000000008f3a                _ZN7ostream6putPgmERK3pgm
                0x0000000000008f8a                _ZN7ostream9putDoubleEd
                0x00000000000091f6                _ZN7ostream7putBoolEb
                0x000000000000924e                _ZN7ostream6putStrEPKc
 .text          0x0000000000009294        0x0 ./inc/pins_arduino.o
 .text          0x0000000000009294     0x18c2 ./inc/ssd0323.o
                0x0000000000009294                _ZN7ssd032310senden_spiEh
                0x00000000000092b6                _ZN7ssd032312send_commandEh
                0x00000000000092be                _ZN7ssd03239send_charEh
                0x00000000000092c2                _ZN7ssd032312clear_screenEv
                0x0000000000009308                _ZN7ssd032310set2pixelsEhhhh
                0x0000000000009378                _ZN7ssd03234lineEhhhhh
                0x000000000000981e                _ZN7ssd032314zeichen_big_1xEPKhhiiiih
                0x0000000000009a44                _ZN7ssd032316zeichen_small_1xEPKhhiiiih
                0x0000000000009bb6                _ZN7ssd032316zeichen_small_2xEPKhhiiiih
                0x0000000000009d70                _ZN7ssd032316zeichen_small_3xEPKhhiiiih
                0x0000000000009f92                _ZN7ssd032316zeichen_small_4xEPKhhiiiih
                0x000000000000a17e                _ZN7ssd03236stringEsPKchhhhh
                0x000000000000a6f8                _ZN7ssd03236stringEsPKchh
                0x000000000000a714                _ZN7ssd03238string_PEsPKchhhhh
                0x000000000000a7a8                _ZN7ssd03238string_PEsPKchh
                0x000000000000a7c4                _ZN7ssd032311filled_rectEhhhhh
                0x000000000000a886                _ZN7ssd032313highlight_barEhhhh
                0x000000000000a992                _ZN7ssd03234initEhh
                0x000000000000ab54                _ZN7ssd0323C1Ev
                0x000000000000ab54                _ZN7ssd0323C2Ev
 .text          0x000000000000ab56      0x22c ./inc/wiring.o
                0x000000000000ab56                __vector_23
                0x000000000000abea                millis
                0x000000000000ac0e                micros
                0x000000000000ac62                delay
                0x000000000000acaa                delayMicroseconds
                0x000000000000acbe                init
 .text          0x000000000000ad82      0x1ce ./inc/wiring_analog.o
                0x000000000000ad82                analogReference
                0x000000000000ad88                analogRead
                0x000000000000adda                analogWrite
 .text          0x000000000000af50      0x25c ./inc/wiring_digital.o
                0x000000000000af50                pinMode
                0x000000000000af8e                digitalWrite
                0x000000000000b0a0                digitalRead
 .text          0x000000000000b1ac      0x124 ./inc/wiring_pulse.o
                0x000000000000b1ac                pulseIn
 .text          0x000000000000b2d0       0xda ./inc/wiring_shift.o
                0x000000000000b2d0                shiftIn
                0x000000000000b332                shiftOut
 .text          0x000000000000b3aa     0x1436 ./aktors.o
                0x000000000000b3aa                _ZN13Speedo_aktorsC2Ev
                0x000000000000b3aa                _ZN13Speedo_aktorsC1Ev
                0x000000000000b3d2                _ZN13Speedo_aktorsD2Ev
                0x000000000000b3d2                _ZN13Speedo_aktorsD1Ev
                0x000000000000b3d4                _ZN13Speedo_aktors19run_reset_on_ATm328Ev
                0x000000000000b50c                _ZN13Speedo_aktors10clear_varsEv
                0x000000000000b54e                _ZN13Speedo_aktors10check_varsEv
                0x000000000000b630                _ZN13Speedo_aktors11set_rgb_outEiiii
                0x000000000000b6c8                _ZN13Speedo_aktors11set_rgb_outEiii
                0x000000000000b6d8                _ZN13Speedo_aktors11dimm_rgb_toEiiii
                0x000000000000b75a                _ZN13Speedo_aktors14timer_overflowEv
                0x000000000000b990                __vector_35
                0x000000000000b9e8                _ZN13Speedo_aktors11stop_dimmerEv
                0x000000000000b9f4                _ZN13Speedo_aktors14dimm_availableEv
                0x000000000000ba0e                _ZN13Speedo_aktors17set_active_dimmerEb
                0x000000000000ba18                _ZN13Speedo_aktors17update_outer_ledsEbb
                0x000000000000bf18                _ZN13Speedo_aktors6ask_btEPc
                0x000000000000bf8e                _ZN13Speedo_aktors10set_bt_pinEv
                0x000000000000c50c                _ZN13Speedo_aktors12set_expanderEv
                0x000000000000c552                _ZN13Speedo_aktors19set_controll_lightsEhhhhh
                0x000000000000c5d0                _ZN13Speedo_aktors14set_rbg_activeEi
                0x000000000000c6f0                _ZN13Speedo_aktors4initEv
 .text          0x000000000000c7e0      0x1a2 ./blinker.o
                0x000000000000c7e0                _ZN13moped_blinkerC1Ev
                0x000000000000c7e0                _ZN13moped_blinkerC2Ev
                0x000000000000c7e2                _ZN13moped_blinkerD2Ev
                0x000000000000c7e2                _ZN13moped_blinkerD1Ev
                0x000000000000c7e4                _ZN13moped_blinker9set_startEmi
                0x000000000000c822                _ZN13moped_blinker5checkEv
                0x000000000000c8e0                _ZN13moped_blinker4warnEm
                0x000000000000c928                _ZN13moped_blinker4initEv
                0x000000000000c938                _ZN13moped_blinker10clear_varsEv
                0x000000000000c94c                _ZN13moped_blinker10check_varsEv
 .text          0x000000000000c982      0x784 ./clock_me.o
                0x000000000000c982                _ZN12speedo_clockC2Ev
                0x000000000000c982                _ZN12speedo_clockC1Ev
                0x000000000000c984                _ZN12speedo_clockD1Ev
                0x000000000000c984                _ZN12speedo_clockD2Ev
                0x000000000000c986                _ZN12speedo_clock7changedEPi
                0x000000000000c9ac                _ZN12speedo_clock8decToBcdEc
                0x000000000000c9c0                _ZN12speedo_clock8bcdToDecEc
                0x000000000000c9d4                _ZN12speedo_clock14is_winter_timeEjjjjjj
                0x000000000000cb8c                _ZN12speedo_clock13set_date_timeEiiiiiib
                0x000000000000cd84                _ZN12speedo_clock4initEv
                0x000000000000cd94                _ZN12speedo_clock10clear_varsEv
                0x000000000000cdb0                _ZN12speedo_clock10check_varsEv
                0x000000000000cdb4                _ZN12speedo_clock7getdateEv
                0x000000000000cdd2                _ZN12speedo_clock13get_long_dateEv
                0x000000000000ce48                _ZN12speedo_clock6get_ssEv
                0x000000000000ce52                _ZN12speedo_clock3incEv
                0x000000000000ce98                _ZN12speedo_clock4copyEPc
                0x000000000000cf00                _ZN12speedo_clock4loopEv
 .text          0x000000000000d106     0x3a84 ./config.o
                0x000000000000d106                _ZN13configurationC2Ev
                0x000000000000d106                _ZN13configurationC1Ev
                0x000000000000d108                _ZN13configurationD1Ev
                0x000000000000d108                _ZN13configurationD2Ev
                0x000000000000d10a                _ZN13configuration14get_hw_versionEv
                0x000000000000d150                _ZN13configuration8ram_infoEv
                0x000000000000d18a                _ZN13configuration5writeEPKc
                0x000000000000ea58                _ZN13configuration10clear_varsEv
                0x000000000000ea7a                _ZN13configuration11parse_floatEPciPf
                0x000000000000ecb0                _ZN13configuration10parse_boolEPciPb
                0x000000000000ecec                _ZN13configuration9parse_intEPciPi
                0x000000000000ed42                _ZN13configuration11parse_shortEPciPs
                0x000000000000ed8c                _ZN13configuration7parse_aEPciS0_i
                0x000000000000edfc                _ZN13configuration8parse_ulEPciPm
                0x000000000000ee94                _ZN13configuration5parseEPc
                0x00000000000104ec                _ZN13configuration4readEPKc
                0x0000000000010756                _ZN13configuration9read_skinEv
                0x00000000000107d4                _ZN13configuration7km_saveEv
                0x00000000000109d0                _ZN13configuration14day_trip_checkEv
                0x0000000000010adc                _ZN13configuration11EEPROM_initEv
 .text          0x0000000000010b8a       0x6c ./debug.o
                0x0000000000010b8a                _ZN9debuggingC1Ev
                0x0000000000010b8a                _ZN9debuggingC2Ev
                0x0000000000010b8c                _ZN9debuggingD1Ev
                0x0000000000010b8c                _ZN9debuggingD2Ev
                0x0000000000010b8e                _ZN9debugging7sprintpEPKc
                0x0000000000010bb8                _ZN9debugging9sprintlnpEPKc
                0x0000000000010be8                _ZN9debugging11parse_floatEiPciii
                0x0000000000010bea                _ZN9debugging9parse_intEv
                0x0000000000010bec                _ZN9debugging5parseEiPc
                0x0000000000010bee                _ZN9debugging7parse_aEiPc
                0x0000000000010bf0                _ZN9debugging8parse_ulEim
                0x0000000000010bf2                _ZN9debugging11speedo_loopEiimPKc
                0x0000000000010bf4                _ZN9debugging4loopEv
 .text          0x0000000000010bf6     0x1b22 ./display.o
                0x0000000000010bf6                _ZN11speedo_dispC1Ev
                0x0000000000010bf6                _ZN11speedo_dispC2Ev
                0x0000000000010bfa                _ZN11speedo_dispD2Ev
                0x0000000000010bfa                _ZN11speedo_dispD1Ev
                0x0000000000010bfc                _ZN11speedo_disp8draw_oilEhh
                0x0000000000010ec4                _ZN11speedo_disp10draw_waterEhh
                0x000000000001118c                _ZN11speedo_disp8draw_airEhh
                0x0000000000011294                _ZN11speedo_disp9draw_fuelEhh
                0x00000000000113bc                _ZN11speedo_disp10draw_clockEhh
                0x00000000000114e4                _ZN11speedo_disp12draw_blitzerEhh
                0x000000000001175c                _ZN11speedo_disp10draw_arrowEiii
                0x0000000000011cda                _ZN11speedo_disp6sd2ssdEPci
                0x0000000000011eaa                _ZN11speedo_disp11show_storryEPcjS0_j
                0x000000000001216c                _ZN11speedo_disp14show_animationEPKc
                0x00000000000124a0                _ZN11speedo_disp12disp_waitingEihh
                0x0000000000012560                _ZN11speedo_disp9animationEi
                0x00000000000125e8                _ZN11speedo_disp11init_speedoEv
 .text          0x0000000000012718      0x3dc ./dz.o
                0x0000000000012718                _ZN9speedo_dzC2Ev
                0x0000000000012718                _ZN9speedo_dzC1Ev
                0x000000000001271a                _ZN9speedo_dz7counterEv
                0x000000000001272a                _ZN9speedo_dz6get_dzEb
                0x000000000001273c                _ZN9speedo_dz4calcEv
                0x0000000000012a20                __vector_5
                0x0000000000012a66                _ZN9speedo_dz4initEv
                0x0000000000012a92                _ZN9speedo_dz10clear_varsEv
                0x0000000000012ac0                _ZN9speedo_dz10check_varsEv
 .text          0x0000000000012af4      0xcb4 ./file_manager_v2.o
                0x0000000000012af4                _ZN21speedo_filemanager_v2C1Ev
                0x0000000000012af4                _ZN21speedo_filemanager_v2C2Ev
                0x0000000000012b0c                _ZN21speedo_filemanager_v2D1Ev
                0x0000000000012b0c                _ZN21speedo_filemanager_v2D2Ev
                0x0000000000012b22                _ZN21speedo_filemanager_v212send_answereEPhjS0_S0_
                0x0000000000012bf0                _ZN21speedo_filemanager_v215get_file_handleEPhS0_P6SdFileS2_h
                0x0000000000012d84                _ZN21speedo_filemanager_v213parse_commandEv
 .text          0x00000000000137a8      0x23c ./fuel.o
                0x00000000000137a8                _ZN11speedo_fuelC1Ev
                0x00000000000137a8                _ZN11speedo_fuelC2Ev
                0x00000000000137aa                _ZN11speedo_fuelD2Ev
                0x00000000000137aa                _ZN11speedo_fuelD1Ev
                0x00000000000137ac                _ZN11speedo_fuel8get_fuelEPc
                0x0000000000013994                _ZN11speedo_fuel4initEv
                0x0000000000013996                _ZN11speedo_fuel10clear_varsEv
                0x00000000000139aa                _ZN11speedo_fuel10check_varsEv
 .text          0x00000000000139e4      0x70a ./gear.o
                0x00000000000139e4                _ZN11speedo_gearC2Ev
                0x00000000000139e4                _ZN11speedo_gearC1Ev
                0x00000000000139e6                _ZN11speedo_gearD1Ev
                0x00000000000139e6                _ZN11speedo_gearD2Ev
                0x00000000000139e8                _ZN11speedo_gear4initEv
                0x0000000000013a10                _ZN11speedo_gear10check_varsEv
                0x0000000000013a88                _ZN11speedo_gear10clear_varsEv
                0x0000000000013ab2                _ZN11speedo_gear4calcEv
                0x0000000000013d24                _ZN11speedo_gear3getEv
                0x0000000000013d3a                _ZN11speedo_gear9calibrateEv
 .text          0x00000000000140ee     0x20ac ./gps.o
                0x00000000000140ee                _ZN10speedo_gpsC1Ev
                0x00000000000140ee                _ZN10speedo_gpsC2Ev
                0x00000000000140f0                _ZN10speedo_gpsD1Ev
                0x00000000000140f0                _ZN10speedo_gpsD2Ev
                0x00000000000140f2                _ZN10speedo_gps10clear_varsEv
                0x00000000000141e0                _ZN10speedo_gps10check_varsEv
                0x00000000000141e4                _ZN10speedo_gps9recv_dataEv
                0x000000000001432e                __vector_36
                0x000000000001438a                _ZN10speedo_gps8get_infoEh
                0x00000000000144d4                _ZN10speedo_gps11store_to_sdEv
                0x0000000000014570                _ZN10speedo_gps3modEmm
                0x00000000000145fe                _ZN10speedo_gps11nmea_to_decEm
                0x00000000000146c6                _ZN10speedo_gps9calc_distEmm
                0x0000000000014932                _ZN10speedo_gps9get_orderEPc
                0x0000000000014b52                _ZN10speedo_gps18generate_new_orderEv
                0x0000000000014efe                _ZN10speedo_gps9calc_naviEv
                0x00000000000153b8                _ZN10speedo_gps4loopEv
                0x0000000000015598                _ZN10speedo_gps17get_logged_pointsEPci
                0x000000000001584a                _ZN10speedo_gps8SendByteEh
                0x0000000000015858                _ZN10speedo_gps10SendStringEPKc
                0x0000000000015888                _ZN10speedo_gps4initEv
                0x00000000000158b4                _ZN10speedo_gps16get_drive_statusEv
                0x00000000000158e8                _ZN10speedo_gps16set_drive_statusEiiic
                0x000000000001593c                _ZN10speedo_gps5parseEPci
                0x0000000000016146                _ZN10speedo_gps10check_flagEv
 .text          0x000000000001619a       0x38 ./helper.o
                0x000000000001619a                __cxa_pure_virtual
                0x000000000001619e                _Znwj
                0x00000000000161a2                _ZdlPv
                0x00000000000161a6                _Znaj
                0x00000000000161aa                _ZdaPv
                0x00000000000161b4                _Z19__cxa_guard_acquirePx
                0x00000000000161c8                _Z19__cxa_guard_releasePx
                0x00000000000161d0                _Z17__cxa_guard_abortPx
 .text          0x00000000000161d2      0x188 ./main.o
                0x00000000000161d2                _Z11init_speedov
 .text          0x000000000001635a     0x672c ./menu.o
                0x000000000001635a                _ZN11speedo_menuC2Ev
                0x000000000001635a                _ZN11speedo_menuC1Ev
                0x000000000001635c                _ZN11speedo_menuD2Ev
                0x000000000001635c                _ZN11speedo_menuD1Ev
                0x000000000001635e                _ZN11speedo_menu4backEv
                0x0000000000016456                _ZN11speedo_menu5yesnoEPKcS1_S1_
                0x00000000000165a0                _ZN11speedo_menu4drawEPKPKci
                0x0000000000016968                _ZN11speedo_menu7go_leftEb
                0x0000000000016a3a                _ZN11speedo_menu8go_rightEb
                0x0000000000016aae                _ZN11speedo_menu5go_upEb
                0x0000000000016bc6                _ZN11speedo_menu7go_downEb
                0x0000000000016ce0                _ZN11speedo_menu4initEv
                0x0000000000016d76                _ZN11speedo_menu11set_buttonsEbbbb
                0x0000000000016d86                _ZN11speedo_menu9center_meEPci
                0x0000000000016eae                _ZN11speedo_menu17color_select_menuEiP10led_simpleS1_PiS2_ibPKcS4_cb
                0x0000000000017aa2                _ZN11speedo_menu7displayEv
                0x000000000001c6b6                _ZN11speedo_menu11button_testEbb
                0x000000000001c970                __vector_10
                0x000000000001c9cc                _ZN11speedo_menu5popupEPKcS1_
                0x000000000001ca70                _ZN11speedo_menu29copy_storagename_to_chararrayEiPc
 .text          0x000000000001ca86      0x10a ./oiler.o
                0x000000000001ca86                _ZN12speedo_oilerC2Ev
                0x000000000001ca86                _ZN12speedo_oilerC1Ev
                0x000000000001ca88                _ZN12speedo_oilerD2Ev
                0x000000000001ca88                _ZN12speedo_oilerD1Ev
                0x000000000001ca8a                _ZN12speedo_oiler4initEv
                0x000000000001caaa                _ZN12speedo_oiler10check_varsEv
                0x000000000001cad4                _ZN12speedo_oiler10clear_varsEv
                0x000000000001cadc                _ZN12speedo_oiler12send_impulseEv
                0x000000000001cb30                _ZN12speedo_oiler11check_valueEv
 .text          0x000000000001cb90      0x31c ./reset.o
                0x000000000001cb90                _ZN12speedo_resetC1Ev
                0x000000000001cb90                _ZN12speedo_resetC2Ev
                0x000000000001cb92                _ZN12speedo_resetD2Ev
                0x000000000001cb92                _ZN12speedo_resetD1Ev
                0x000000000001cb94                _ZN12speedo_reset10check_varsEv
                0x000000000001cb98                _ZN12speedo_reset4initEv
                0x000000000001cc0a                _ZN12speedo_reset10set_activeEbb
                0x000000000001cc60                _ZN12speedo_reset12set_deactiveEbb
                0x000000000001ccb4                _ZN12speedo_reset7restoreEv
                0x000000000001ccce                _ZN12speedo_reset6toggleEv
                0x000000000001cd2e                _ZN12speedo_reset9ask_resetEv
                0x000000000001ce6e                _ZN12speedo_reset10clear_varsEv
 .text          0x000000000001ceac      0x18c ./sd.o
                0x000000000001ceac                _ZN9speedo_sdC1Ev
                0x000000000001ceac                _ZN9speedo_sdC2Ev
                0x000000000001ceca                _ZN9speedo_sdD1Ev
                0x000000000001ceca                _ZN9speedo_sdD2Ev
                0x000000000001cecc                _ZN9speedo_sd7error_PEPKc
                0x000000000001cf2a                _ZN9speedo_sd9writeCRLFER6SdFile
                0x000000000001cf38                _ZN9speedo_sd11writeStringER6SdFilePc
                0x000000000001cf58                _ZN9speedo_sd10power_downEv
                0x000000000001cf68                _ZN9speedo_sd8power_upEh
                0x000000000001d028                _ZN9speedo_sd4initEv
 .text          0x000000000001d038      0xb16 ./sensors.o
                0x000000000001d038                _ZN14Speedo_sensorsC1Ev
                0x000000000001d038                _ZN14Speedo_sensorsC2Ev
                0x000000000001d10c                _ZN14Speedo_sensorsD2Ev
                0x000000000001d10c                _ZN14Speedo_sensorsD1Ev
                0x000000000001d10e                _ZN14Speedo_sensors10clear_varsEv
                0x000000000001d17a                _ZN14Speedo_sensors10check_varsEv
                0x000000000001d234                _ZN14Speedo_sensors4initEv
                0x000000000001d2ec                _ZN14Speedo_sensors6flatItEiPhcf
                0x000000000001d3ae                _ZN14Speedo_sensors4loopEv
                0x000000000001d82e                _ZN14Speedo_sensors12check_inputsEv
                0x000000000001d870                __vector_11
                0x000000000001d8c8                __vector_8
                0x000000000001d920                __vector_7
                0x000000000001d978                _ZN14Speedo_sensors11single_readEv
 .text          0x000000000001db4e      0x952 ./speed.o
                0x000000000001db4e                _ZN12speedo_speedC2Ev
                0x000000000001db4e                _ZN12speedo_speedC1Ev
                0x000000000001db50                _ZN12speedo_speedD2Ev
                0x000000000001db50                _ZN12speedo_speedD1Ev
                0x000000000001db52                _ZN12speedo_speed4calcEv
                0x000000000001dd48                __vector_6
                0x000000000001dda4                _ZN12speedo_speed4initEv
                0x000000000001ddc4                _ZN12speedo_speed10clear_varsEv
                0x000000000001de36                _ZN12speedo_speed10check_varsEv
                0x000000000001deb6                _ZN12speedo_speed8getSpeedEv
                0x000000000001df72                _ZN12speedo_speed13get_sat_speedEv
                0x000000000001dfaa                _ZN12speedo_speed13get_mag_speedEv
                0x000000000001dfb2                _ZN12speedo_speed12check_umfangEv
 .text          0x000000000001e4a0     0x20b2 ./speedo.o
                0x000000000001e4a0                _ZN13speedo_speedo9reset_bakEv
                0x000000000001e4be                _ZN13speedo_speedo4loopEm
                0x00000000000202ca                _ZN13speedo_speedo10clear_varsEv
                0x0000000000020320                _ZN13speedo_speedo10check_varsEv
 .text          0x0000000000020552      0x488 ./sprint.o
                0x0000000000020552                _ZN13speedo_sprintD2Ev
                0x0000000000020552                _ZN13speedo_sprintD1Ev
                0x0000000000020554                _ZN13speedo_sprint4initEv
                0x0000000000020572                _ZN13speedo_sprintC2Ev
                0x0000000000020572                _ZN13speedo_sprintC1Ev
                0x0000000000020574                _ZN13speedo_sprint4loopEv
 .text          0x00000000000209da      0x548 ./stepper.o
                0x00000000000209da                _ZN14speedo_stepperC2Ev
                0x00000000000209da                _ZN14speedo_stepperC1Ev
                0x00000000000209dc                _ZN14speedo_stepperD2Ev
                0x00000000000209dc                _ZN14speedo_stepperD1Ev
                0x00000000000209de                _ZN14speedo_stepper13overwrite_posEi
                0x0000000000020a16                _ZN14speedo_stepper5go_toEiii
                0x0000000000020a92                _ZN14speedo_stepper5go_toEi
                0x0000000000020ac6                _ZN14speedo_stepper4initEv
                0x0000000000020b18                _ZN14speedo_stepper7get_posEv
                0x0000000000020be4                _ZN14speedo_stepper16get_motor_statusEPiS0_S0_
                0x0000000000020d3c                _ZN14speedo_stepper4loopEv
 .text          0x0000000000020f22      0x884 ./temperature.o
                0x0000000000020f22                _ZN18speedo_temperatureC1Ev
                0x0000000000020f22                _ZN18speedo_temperatureC2Ev
                0x0000000000020f24                _ZN18speedo_temperatureD1Ev
                0x0000000000020f24                _ZN18speedo_temperatureD2Ev
                0x0000000000020f26                _ZN18speedo_temperature10clear_varsEv
                0x0000000000020faa                _ZN18speedo_temperature10check_varsEv
                0x0000000000021112                _ZN18speedo_temperature4initEv
                0x0000000000021132                _ZN18speedo_temperature13read_oil_tempEv
                0x00000000000212be                _ZN18speedo_temperature15read_water_tempEv
                0x00000000000214d0                _ZN18speedo_temperature13read_air_tempEv
                0x00000000000215a0                _ZN18speedo_temperature12get_air_tempEv
                0x00000000000215ba                _ZN18speedo_temperature12get_oil_tempEv
                0x00000000000216b0                _ZN18speedo_temperature14get_water_tempEv
 .text          0x00000000000217a6     0x1384 ./tetris.o
                0x00000000000217a6                _ZN6tetrisC1Ev
                0x00000000000217a6                _ZN6tetrisC2Ev
                0x00000000000217a8                _ZN6tetrisD2Ev
                0x00000000000217a8                _ZN6tetrisD1Ev
                0x00000000000217aa                _ZN6tetris22copy_element_to_bufferEi
                0x000000000002183e                _ZN6tetris11new_elementEv
                0x000000000002191a                _ZN6tetris4initEv
                0x0000000000021960                _ZN6tetris13initDrawFieldEv
                0x0000000000021c3c                _ZN6tetris11updateFieldEv
                0x0000000000021d6c                _ZN6tetris11check_stackEv
                0x000000000002217e                _ZN6tetris4loopEv
                0x0000000000022a50                _ZN6tetris3runEv
                0x0000000000022a84                _ZN6tetris19show_grid_on_serialEv
 .text          0x0000000000022b2a      0x35a ./timer.o
                0x0000000000022b2a                _ZN12speedo_timerC2Ev
                0x0000000000022b2a                _ZN12speedo_timerC1Ev
                0x0000000000022b62                _ZN12speedo_timerD2Ev
                0x0000000000022b62                _ZN12speedo_timerD1Ev
                0x0000000000022b64                _Z8ram_infov
                0x0000000000022b8a                _ZN12speedo_timer9every_secEP13configuration
                0x0000000000022ce6                _ZN12speedo_timer10every_qsecEv
                0x0000000000022d5e                _ZN12speedo_timer12every_customEv
 .text          0x0000000000022e84      0x2ba ./voltage.o
                0x0000000000022e84                _ZN14speedo_voltageC2Ev
                0x0000000000022e84                _ZN14speedo_voltageC1Ev
                0x0000000000022e86                _ZN14speedo_voltageD2Ev
                0x0000000000022e86                _ZN14speedo_voltageD1Ev
                0x0000000000022e88                _ZN14speedo_voltage4calcEv
                0x00000000000230aa                _ZN14speedo_voltage3getEv
                0x00000000000230be                _ZN14speedo_voltage10check_varsEv
                0x00000000000230c2                _ZN14speedo_voltage10clear_varsEv
                0x00000000000230cc                _ZN14speedo_voltage4initEv
 .text          0x000000000002313e        0x0 /usr/lib/gcc/avr/4.7.0/../../../avr/lib/avr6/libc.a(malloc.o)
 .text          0x000000000002313e        0x0 /usr/lib/gcc/avr/4.7.0/../../../avr/lib/avr6/libc.a(exit.o)
 .text          0x000000000002313e        0x0 /usr/lib/gcc/avr/4.7.0/../../../avr/lib/avr6/libc.a(isalpha.o)
 .text          0x000000000002313e        0x0 /usr/lib/gcc/avr/4.7.0/../../../avr/lib/avr6/libc.a(isspace.o)
 .text          0x000000000002313e        0x0 /usr/lib/gcc/avr/4.7.0/../../../avr/lib/avr6/libc.a(strcmp_P.o)
 .text          0x000000000002313e        0x0 /usr/lib/gcc/avr/4.7.0/../../../avr/lib/avr6/libc.a(strcpy_P.o)
 .text          0x000000000002313e        0x0 /usr/lib/gcc/avr/4.7.0/../../../avr/lib/avr6/libc.a(strlen_P.o)
 .text          0x000000000002313e        0x0 /usr/lib/gcc/avr/4.7.0/../../../avr/lib/avr6/libc.a(memcmp.o)
 .text          0x000000000002313e        0x0 /usr/lib/gcc/avr/4.7.0/../../../avr/lib/avr6/libc.a(memcpy.o)
 .text          0x000000000002313e        0x0 /usr/lib/gcc/avr/4.7.0/../../../avr/lib/avr6/libc.a(memset.o)
 .text          0x000000000002313e        0x0 /usr/lib/gcc/avr/4.7.0/../../../avr/lib/avr6/libc.a(strchr.o)
 .text          0x000000000002313e        0x0 /usr/lib/gcc/avr/4.7.0/../../../avr/lib/avr6/libc.a(strcmp.o)
 .text          0x000000000002313e        0x0 /usr/lib/gcc/avr/4.7.0/../../../avr/lib/avr6/libc.a(strcpy.o)
 .text          0x000000000002313e        0x0 /usr/lib/gcc/avr/4.7.0/../../../avr/lib/avr6/libc.a(strncmp.o)
 .text          0x000000000002313e        0x0 /usr/lib/gcc/avr/4.7.0/../../../avr/lib/avr6/libc.a(sprintf.o)
 .text          0x000000000002313e        0x0 /usr/lib/gcc/avr/4.7.0/../../../avr/lib/avr6/libc.a(addsf3.o)
 .text          0x000000000002313e        0x0 /usr/lib/gcc/avr/4.7.0/../../../avr/lib/avr6/libc.a(addsf3x.o)
 .text          0x000000000002313e        0x0 /usr/lib/gcc/avr/4.7.0/../../../avr/lib/avr6/libc.a(asin.o)
 .text          0x000000000002313e        0x0 /usr/lib/gcc/avr/4.7.0/../../../avr/lib/avr6/libc.a(cmpsf2.o)
 .text          0x000000000002313e        0x0 /usr/lib/gcc/avr/4.7.0/../../../avr/lib/avr6/libc.a(cos.o)
 .text          0x000000000002313e        0x0 /usr/lib/gcc/avr/4.7.0/../../../avr/lib/avr6/libc.a(divsf3.o)
 .text          0x000000000002313e        0x0 /usr/lib/gcc/avr/4.7.0/../../../avr/lib/avr6/libc.a(divsf3x.o)
 .text          0x000000000002313e        0x0 /usr/lib/gcc/avr/4.7.0/../../../avr/lib/avr6/libc.a(fixsfsi.o)
 .text          0x000000000002313e        0x0 /usr/lib/gcc/avr/4.7.0/../../../avr/lib/avr6/libc.a(fixunssfsi.o)
 .text          0x000000000002313e        0x0 /usr/lib/gcc/avr/4.7.0/../../../avr/lib/avr6/libc.a(floatsisf.o)
 .text          0x000000000002313e        0x0 /usr/lib/gcc/avr/4.7.0/../../../avr/lib/avr6/libc.a(floor.o)
 .text          0x000000000002313e        0x0 /usr/lib/gcc/avr/4.7.0/../../../avr/lib/avr6/libc.a(fp_arccos.o)
 .text          0x000000000002313e        0x0 /usr/lib/gcc/avr/4.7.0/../../../avr/lib/avr6/libc.a(fp_cmp.o)
 .text          0x000000000002313e        0x0 /usr/lib/gcc/avr/4.7.0/../../../avr/lib/avr6/libc.a(fp_inf.o)
 .text          0x000000000002313e        0x0 /usr/lib/gcc/avr/4.7.0/../../../avr/lib/avr6/libc.a(fp_mintl.o)
 .text          0x000000000002313e        0x0 /usr/lib/gcc/avr/4.7.0/../../../avr/lib/avr6/libc.a(fp_mpack.o)
 .text          0x000000000002313e        0x0 /usr/lib/gcc/avr/4.7.0/../../../avr/lib/avr6/libc.a(fp_nan.o)
 .text          0x000000000002313e        0x0 /usr/lib/gcc/avr/4.7.0/../../../avr/lib/avr6/libc.a(fp_powser.o)
 .text          0x000000000002313e        0x0 /usr/lib/gcc/avr/4.7.0/../../../avr/lib/avr6/libc.a(fp_powsodd.o)
 .text          0x000000000002313e        0x0 /usr/lib/gcc/avr/4.7.0/../../../avr/lib/avr6/libc.a(fp_pscA.o)
 .text          0x000000000002313e        0x0 /usr/lib/gcc/avr/4.7.0/../../../avr/lib/avr6/libc.a(fp_pscB.o)
 .text          0x000000000002313e        0x0 /usr/lib/gcc/avr/4.7.0/../../../avr/lib/avr6/libc.a(fp_rempio2.o)
 .text          0x000000000002313e        0x0 /usr/lib/gcc/avr/4.7.0/../../../avr/lib/avr6/libc.a(fp_round.o)
 .text          0x000000000002313e        0x0 /usr/lib/gcc/avr/4.7.0/../../../avr/lib/avr6/libc.a(fp_sinus.o)
 .text          0x000000000002313e        0x0 /usr/lib/gcc/avr/4.7.0/../../../avr/lib/avr6/libc.a(fp_split3.o)
 .text          0x000000000002313e        0x0 /usr/lib/gcc/avr/4.7.0/../../../avr/lib/avr6/libc.a(fp_trunc.o)
 .text          0x000000000002313e        0x0 /usr/lib/gcc/avr/4.7.0/../../../avr/lib/avr6/libc.a(fp_zero.o)
 .text          0x000000000002313e        0x0 /usr/lib/gcc/avr/4.7.0/../../../avr/lib/avr6/libc.a(gesf2.o)
 .text          0x000000000002313e        0x0 /usr/lib/gcc/avr/4.7.0/../../../avr/lib/avr6/libc.a(mulsf3.o)
 .text          0x000000000002313e        0x0 /usr/lib/gcc/avr/4.7.0/../../../avr/lib/avr6/libc.a(mulsf3x.o)
 .text          0x000000000002313e        0x0 /usr/lib/gcc/avr/4.7.0/../../../avr/lib/avr6/libc.a(pow.o)
 .text          0x000000000002313e        0x0 /usr/lib/gcc/avr/4.7.0/../../../avr/lib/avr6/libc.a(sin.o)
 .text          0x000000000002313e        0x0 /usr/lib/gcc/avr/4.7.0/../../../avr/lib/avr6/libc.a(sqrt.o)
 .text          0x000000000002313e        0x0 /usr/lib/gcc/avr/4.7.0/../../../avr/lib/avr6/libc.a(vfprintf_std.o)
 .text          0x000000000002313e        0x0 /usr/lib/gcc/avr/4.7.0/../../../avr/lib/avr6/libc.a(eerd_byte_atmega2560.o)
 .text          0x000000000002313e        0x0 /usr/lib/gcc/avr/4.7.0/../../../avr/lib/avr6/libc.a(eewr_byte_atmega2560.o)
 .text          0x000000000002313e        0x0 /usr/lib/gcc/avr/4.7.0/../../../avr/lib/avr6/libc.a(cty_isfalse.o)
 .text          0x000000000002313e        0x0 /usr/lib/gcc/avr/4.7.0/../../../avr/lib/avr6/libc.a(strnlen_P.o)
 .text          0x000000000002313e        0x0 /usr/lib/gcc/avr/4.7.0/../../../avr/lib/avr6/libc.a(strnlen.o)
 .text          0x000000000002313e        0x0 /usr/lib/gcc/avr/4.7.0/../../../avr/lib/avr6/libc.a(fputc.o)
 .text          0x000000000002313e        0x0 /usr/lib/gcc/avr/4.7.0/../../../avr/lib/avr6/libc.a(ultoa_invert.o)
 .text          0x000000000002313e        0x0 /usr/lib/gcc/avr/4.7.0/../../../avr/lib/avr6/libc.a(exp.o)
 .text          0x000000000002313e        0x0 /usr/lib/gcc/avr/4.7.0/../../../avr/lib/avr6/libc.a(fp_norm2.o)
 .text          0x000000000002313e        0x0 /usr/lib/gcc/avr/4.7.0/../../../avr/lib/avr6/libc.a(inverse.o)
 .text          0x000000000002313e        0x0 /usr/lib/gcc/avr/4.7.0/../../../avr/lib/avr6/libc.a(ldexp.o)
 .text          0x000000000002313e        0x0 /usr/lib/gcc/avr/4.7.0/../../../avr/lib/avr6/libc.a(log.o)
 .text          0x000000000002313e        0x0 /usr/lib/gcc/avr/4.7.0/../../../avr/lib/avr6/libc.a(modf.o)
 .text          0x000000000002313e        0x0 /usr/lib/gcc/avr/4.7.0/avr6/libgcc.a(_umulhisi3.o)
 .text          0x000000000002313e        0x0 /usr/lib/gcc/avr/4.7.0/avr6/libgcc.a(_muluhisi3.o)
 .text          0x000000000002313e        0x0 /usr/lib/gcc/avr/4.7.0/avr6/libgcc.a(_mulsi3.o)
 .text          0x000000000002313e        0x0 /usr/lib/gcc/avr/4.7.0/avr6/libgcc.a(_udivmodqi4.o)
 .text          0x000000000002313e        0x0 /usr/lib/gcc/avr/4.7.0/avr6/libgcc.a(_udivmodhi4.o)
 .text          0x000000000002313e        0x0 /usr/lib/gcc/avr/4.7.0/avr6/libgcc.a(_divmodhi4.o)
 .text          0x000000000002313e        0x0 /usr/lib/gcc/avr/4.7.0/avr6/libgcc.a(_udivmodsi4.o)
 .text          0x000000000002313e        0x0 /usr/lib/gcc/avr/4.7.0/avr6/libgcc.a(_divmodsi4.o)
 .text          0x000000000002313e        0x0 /usr/lib/gcc/avr/4.7.0/avr6/libgcc.a(_exit.o)
 .text          0x000000000002313e        0x0 /usr/lib/gcc/avr/4.7.0/avr6/libgcc.a(_copy_data.o)
 .text          0x000000000002313e        0x0 /usr/lib/gcc/avr/4.7.0/avr6/libgcc.a(_clear_bss.o)
 .text          0x000000000002313e        0x0 /usr/lib/gcc/avr/4.7.0/avr6/libgcc.a(_ctors.o)
 .text          0x000000000002313e        0x0 /usr/lib/gcc/avr/4.7.0/avr6/libgcc.a(_dtors.o)
 .text          0x000000000002313e        0x0 /usr/lib/gcc/avr/4.7.0/avr6/libgcc.a(_tablejump_elpm.o)
                0x000000000002313e                . = ALIGN (0x2)
 *(.text.*)
 .text._ZN14HardwareSerialD2Ev
                0x000000000002313e        0xc ./inc/HardwareSerial.o
                0x000000000002313e                _ZN14HardwareSerialD2Ev
                0x000000000002313e                _ZN14HardwareSerialD1Ev
 .text._ZN14HardwareSerialD0Ev
                0x000000000002314a        0xe ./inc/HardwareSerial.o
                0x000000000002314a                _ZN14HardwareSerialD0Ev
 .text.startup  0x0000000000023158      0x13c ./inc/HardwareSerial.o
 .text.exit     0x0000000000023294       0x1e ./inc/HardwareSerial.o
 .text._ZN6SdFileD2Ev
                0x00000000000232b2       0x14 ./inc/SdFat.o
                0x00000000000232b2                _ZN6SdFileD1Ev
                0x00000000000232b2                _ZN6SdFileD2Ev
 .text._ZN7istream5getchEP6fpos_t
                0x00000000000232c6       0x24 ./inc/istream.o
                0x00000000000232c6                _ZN7istream5getchEP6fpos_t
 .text._ZN6SdFileaSERKS_
                0x00000000000232ea       0xa0 ./file_manager_v2.o
                0x00000000000232ea                _ZN6SdFileaSERKS_
 .text.startup  0x000000000002338a      0x2d4 ./main.o
                0x000000000002338a                main
 .text.avr-libc
                0x000000000002365e      0x272 /usr/lib/gcc/avr/4.7.0/../../../avr/lib/avr6/libc.a(malloc.o)
                0x000000000002365e                malloc
                0x0000000000023794                free
 .text.avr-libc
                0x00000000000238d0        0x6 /usr/lib/gcc/avr/4.7.0/../../../avr/lib/avr6/libc.a(exit.o)
                0x00000000000238d0                exit
 .text.avr-libc
                0x00000000000238d6       0x12 /usr/lib/gcc/avr/4.7.0/../../../avr/lib/avr6/libc.a(isalpha.o)
                0x00000000000238d6                isupper
                0x00000000000238da                isalpha
                0x00000000000238dc                islower
 .text.avr-libc
                0x00000000000238e8       0x10 /usr/lib/gcc/avr/4.7.0/../../../avr/lib/avr6/libc.a(isspace.o)
                0x00000000000238e8                isspace
 .text.avr-libc
                0x00000000000238f8       0x12 /usr/lib/gcc/avr/4.7.0/../../../avr/lib/avr6/libc.a(strcmp_P.o)
                0x00000000000238f8                strcmp_P
 .text.avr-libc
                0x000000000002390a        0xe /usr/lib/gcc/avr/4.7.0/../../../avr/lib/avr6/libc.a(strcpy_P.o)
                0x000000000002390a                strcpy_P
 .text.avr-libc
                0x0000000000023918       0x12 /usr/lib/gcc/avr/4.7.0/../../../avr/lib/avr6/libc.a(strlen_P.o)
                0x0000000000023918                __strlen_P
 .text.avr-libc
                0x000000000002392a       0x1a /usr/lib/gcc/avr/4.7.0/../../../avr/lib/avr6/libc.a(memcmp.o)
                0x000000000002392a                memcmp
 .text.avr-libc
                0x0000000000023944       0x12 /usr/lib/gcc/avr/4.7.0/../../../avr/lib/avr6/libc.a(memcpy.o)
                0x0000000000023944                memcpy
 .text.avr-libc
                0x0000000000023956        0xe /usr/lib/gcc/avr/4.7.0/../../../avr/lib/avr6/libc.a(memset.o)
                0x0000000000023956                memset
 .text.avr-libc
                0x0000000000023964       0x16 /usr/lib/gcc/avr/4.7.0/../../../avr/lib/avr6/libc.a(strchr.o)
                0x0000000000023964                strchr
 .text.avr-libc
                0x000000000002397a       0x12 /usr/lib/gcc/avr/4.7.0/../../../avr/lib/avr6/libc.a(strcmp.o)
                0x000000000002397a                strcmp
 .text.avr-libc
                0x000000000002398c        0xe /usr/lib/gcc/avr/4.7.0/../../../avr/lib/avr6/libc.a(strcpy.o)
                0x000000000002398c                strcpy
 .text.avr-libc
                0x000000000002399a       0x1c /usr/lib/gcc/avr/4.7.0/../../../avr/lib/avr6/libc.a(strncmp.o)
                0x000000000002399a                strncmp
 .text.avr-libc
                0x00000000000239b6       0x60 /usr/lib/gcc/avr/4.7.0/../../../avr/lib/avr6/libc.a(sprintf.o)
                0x00000000000239b6                sprintf
 .text.avr-libc.fplib
                0x0000000000023a16        0xa /usr/lib/gcc/avr/4.7.0/../../../avr/lib/avr6/libc.a(addsf3.o)
                0x0000000000023a16                __subsf3
                0x0000000000023a18                __addsf3
 .text.avr-libc.fplib
                0x0000000000023a20       0xc0 /usr/lib/gcc/avr/4.7.0/../../../avr/lib/avr6/libc.a(addsf3x.o)
                0x0000000000023a3a                __addsf3x
 .text.avr-libc.fplib
                0x0000000000023ae0       0x2e /usr/lib/gcc/avr/4.7.0/../../../avr/lib/avr6/libc.a(asin.o)
                0x0000000000023ae0                asin
 .text.avr-libc.fplib
                0x0000000000023b0e        0x8 /usr/lib/gcc/avr/4.7.0/../../../avr/lib/avr6/libc.a(cmpsf2.o)
                0x0000000000023b0e                __lesf2
                0x0000000000023b0e                __nesf2
                0x0000000000023b0e                __eqsf2
                0x0000000000023b0e                __cmpsf2
                0x0000000000023b0e                __ltsf2
 .text.avr-libc.fplib
                0x0000000000023b16        0x6 /usr/lib/gcc/avr/4.7.0/../../../avr/lib/avr6/libc.a(cos.o)
                0x0000000000023b16                cos
 .text.avr-libc.fplib
                0x0000000000023b1c        0x4 /usr/lib/gcc/avr/4.7.0/../../../avr/lib/avr6/libc.a(divsf3.o)
                0x0000000000023b1c                __divsf3
 .text.avr-libc.fplib
                0x0000000000023b20       0xcc /usr/lib/gcc/avr/4.7.0/../../../avr/lib/avr6/libc.a(divsf3x.o)
                0x0000000000023b36                __divsf3x
                0x0000000000023b3a                __divsf3_pse
 .text.avr-libc.fplib
                0x0000000000023bec        0xa /usr/lib/gcc/avr/4.7.0/../../../avr/lib/avr6/libc.a(fixsfsi.o)
                0x0000000000023bec                __fixsfsi
 .text.avr-libc.fplib
                0x0000000000023bf6       0x58 /usr/lib/gcc/avr/4.7.0/../../../avr/lib/avr6/libc.a(fixunssfsi.o)
                0x0000000000023bf6                __fixunssfsi
 .text.avr-libc.fplib
                0x0000000000023c4e       0x7a /usr/lib/gcc/avr/4.7.0/../../../avr/lib/avr6/libc.a(floatsisf.o)
                0x0000000000023c4e                __floatunsisf
                0x0000000000023c52                __floatsisf
 .text.avr-libc.fplib
                0x0000000000023cc8       0x26 /usr/lib/gcc/avr/4.7.0/../../../avr/lib/avr6/libc.a(floor.o)
                0x0000000000023cc8                floor
 .text.avr-libc.fplib
                0x0000000000023cee       0x36 /usr/lib/gcc/avr/4.7.0/../../../avr/lib/avr6/libc.a(fp_arccos.o)
                0x0000000000023cee                __fp_arccos
 .text.avr-libc.fplib
                0x0000000000023d24       0x48 /usr/lib/gcc/avr/4.7.0/../../../avr/lib/avr6/libc.a(fp_cmp.o)
                0x0000000000023d24                __fp_cmp
 .text.avr-libc.fplib
                0x0000000000023d6c        0xc /usr/lib/gcc/avr/4.7.0/../../../avr/lib/avr6/libc.a(fp_inf.o)
                0x0000000000023d6c                __fp_inf
 .text.avr-libc.fplib
                0x0000000000023d78       0x36 /usr/lib/gcc/avr/4.7.0/../../../avr/lib/avr6/libc.a(fp_mintl.o)
                0x0000000000023d78                __fp_mintl
 .text.avr-libc.fplib
                0x0000000000023dae       0x1c /usr/lib/gcc/avr/4.7.0/../../../avr/lib/avr6/libc.a(fp_mpack.o)
                0x0000000000023dae                __fp_mpack
                0x0000000000023db2                __fp_mpack_finite
 .text.avr-libc.fplib
                0x0000000000023dca        0x6 /usr/lib/gcc/avr/4.7.0/../../../avr/lib/avr6/libc.a(fp_nan.o)
                0x0000000000023dca                __fp_nan
 .text.avr-libc.fplib
                0x0000000000023dd0       0x4a /usr/lib/gcc/avr/4.7.0/../../../avr/lib/avr6/libc.a(fp_powser.o)
                0x0000000000023dd0                __fp_powser
 .text.avr-libc.fplib
                0x0000000000023e1a       0x22 /usr/lib/gcc/avr/4.7.0/../../../avr/lib/avr6/libc.a(fp_powsodd.o)
                0x0000000000023e1a                __fp_powsodd
 .text.avr-libc.fplib
                0x0000000000023e3c        0xe /usr/lib/gcc/avr/4.7.0/../../../avr/lib/avr6/libc.a(fp_pscA.o)
                0x0000000000023e3c                __fp_pscA
 .text.avr-libc.fplib
                0x0000000000023e4a        0xe /usr/lib/gcc/avr/4.7.0/../../../avr/lib/avr6/libc.a(fp_pscB.o)
                0x0000000000023e4a                __fp_pscB
 .text.avr-libc.fplib
                0x0000000000023e58       0x50 /usr/lib/gcc/avr/4.7.0/../../../avr/lib/avr6/libc.a(fp_rempio2.o)
                0x0000000000023e5a                __fp_rempio2
 .text.avr-libc.fplib
                0x0000000000023ea8       0x22 /usr/lib/gcc/avr/4.7.0/../../../avr/lib/avr6/libc.a(fp_round.o)
                0x0000000000023ea8                __fp_round
 .text.avr-libc.fplib
                0x0000000000023eca       0x22 /usr/lib/gcc/avr/4.7.0/../../../avr/lib/avr6/libc.a(fp_sinus.o)
                0x0000000000023eca                __fp_sinus
 .text.avr-libc.fplib
                0x0000000000023eec       0x44 /usr/lib/gcc/avr/4.7.0/../../../avr/lib/avr6/libc.a(fp_split3.o)
                0x0000000000023eec                __fp_split3
                0x0000000000023efc                __fp_splitA
 .text.avr-libc.fplib
                0x0000000000023f30       0x2e /usr/lib/gcc/avr/4.7.0/../../../avr/lib/avr6/libc.a(fp_trunc.o)
                0x0000000000023f30                __fp_trunc
 .text.avr-libc.fplib
                0x0000000000023f5e        0xe /usr/lib/gcc/avr/4.7.0/../../../avr/lib/avr6/libc.a(fp_zero.o)
                0x0000000000023f5e                __fp_zero
                0x0000000000023f60                __fp_szero
 .text.avr-libc.fplib
                0x0000000000023f6c        0x8 /usr/lib/gcc/avr/4.7.0/../../../avr/lib/avr6/libc.a(gesf2.o)
                0x0000000000023f6c                __gtsf2
                0x0000000000023f6c                __gesf2
 .text.avr-libc.fplib
                0x0000000000023f74        0x4 /usr/lib/gcc/avr/4.7.0/../../../avr/lib/avr6/libc.a(mulsf3.o)
                0x0000000000023f74                __mulsf3
 .text.avr-libc.fplib
                0x0000000000023f78       0xc2 /usr/lib/gcc/avr/4.7.0/../../../avr/lib/avr6/libc.a(mulsf3x.o)
                0x0000000000023f8c                __mulsf3x
                0x0000000000023f90                __mulsf3_pse
 .text.avr-libc.fplib
                0x000000000002403a       0x98 /usr/lib/gcc/avr/4.7.0/../../../avr/lib/avr6/libc.a(pow.o)
                0x000000000002403a                pow
 .text.avr-libc.fplib
                0x00000000000240d2        0xc /usr/lib/gcc/avr/4.7.0/../../../avr/lib/avr6/libc.a(sin.o)
                0x00000000000240d2                sin
 .text.avr-libc.fplib
                0x00000000000240de       0x84 /usr/lib/gcc/avr/4.7.0/../../../avr/lib/avr6/libc.a(sqrt.o)
                0x00000000000240e6                sqrt
 .text.avr-libc
                0x0000000000024162      0x3f2 /usr/lib/gcc/avr/4.7.0/../../../avr/lib/avr6/libc.a(vfprintf_std.o)
                0x0000000000024162                vfprintf
 .text.avr-libc
                0x0000000000024554       0x10 /usr/lib/gcc/avr/4.7.0/../../../avr/lib/avr6/libc.a(eerd_byte_atmega2560.o)
                0x0000000000024554                __eerd_byte_m2560
 .text.avr-libc
                0x0000000000024564       0x1c /usr/lib/gcc/avr/4.7.0/../../../avr/lib/avr6/libc.a(eewr_byte_atmega2560.o)
                0x0000000000024564                __eewr_byte_m2560
                0x0000000000024566                __eewr_r18_m2560
 .text.avr-libc
                0x0000000000024580        0x6 /usr/lib/gcc/avr/4.7.0/../../../avr/lib/avr6/libc.a(cty_isfalse.o)
                0x0000000000024580                __ctype_isfalse
                0x0000000000024584                __ctype_istrue
 .text.avr-libc
                0x0000000000024586       0x16 /usr/lib/gcc/avr/4.7.0/../../../avr/lib/avr6/libc.a(strnlen_P.o)
                0x0000000000024586                strnlen_P
 .text.avr-libc
                0x000000000002459c       0x16 /usr/lib/gcc/avr/4.7.0/../../../avr/lib/avr6/libc.a(strnlen.o)
                0x000000000002459c                strnlen
 .text.avr-libc
                0x00000000000245b2       0x58 /usr/lib/gcc/avr/4.7.0/../../../avr/lib/avr6/libc.a(fputc.o)
                0x00000000000245b2                fputc
 .text.avr-libc
                0x000000000002460a       0xbc /usr/lib/gcc/avr/4.7.0/../../../avr/lib/avr6/libc.a(ultoa_invert.o)
                0x000000000002460a                __ultoa_invert
 .text.avr-libc.fplib
                0x00000000000246c6       0x62 /usr/lib/gcc/avr/4.7.0/../../../avr/lib/avr6/libc.a(exp.o)
                0x00000000000246d0                exp
 .text.avr-libc.fplib
                0x0000000000024728        0xe /usr/lib/gcc/avr/4.7.0/../../../avr/lib/avr6/libc.a(fp_norm2.o)
                0x0000000000024728                __fp_norm2
 .text.avr-libc.fplib
                0x0000000000024736        0xe /usr/lib/gcc/avr/4.7.0/../../../avr/lib/avr6/libc.a(inverse.o)
                0x0000000000024736                inverse
 .text.avr-libc.fplib
                0x0000000000024744       0x6c /usr/lib/gcc/avr/4.7.0/../../../avr/lib/avr6/libc.a(ldexp.o)
                0x0000000000024748                ldexp
 .text.avr-libc.fplib
                0x00000000000247b0       0x8a /usr/lib/gcc/avr/4.7.0/../../../avr/lib/avr6/libc.a(log.o)
                0x00000000000247ba                log
 .text.avr-libc.fplib
                0x000000000002483a       0x66 /usr/lib/gcc/avr/4.7.0/../../../avr/lib/avr6/libc.a(modf.o)
                0x000000000002483a                modff
                0x000000000002483a                modf
 .text.libgcc.mul
                0x00000000000248a0       0x18 /usr/lib/gcc/avr/4.7.0/avr6/libgcc.a(_umulhisi3.o)
                0x00000000000248a0                __umulhisi3
 .text.libgcc.div
                0x00000000000248b8        0x0 /usr/lib/gcc/avr/4.7.0/avr6/libgcc.a(_umulhisi3.o)
 .text.libgcc   0x00000000000248b8        0x0 /usr/lib/gcc/avr/4.7.0/avr6/libgcc.a(_umulhisi3.o)
 .text.libgcc.prologue
                0x00000000000248b8        0x0 /usr/lib/gcc/avr/4.7.0/avr6/libgcc.a(_umulhisi3.o)
 .text.libgcc.builtins
                0x00000000000248b8        0x0 /usr/lib/gcc/avr/4.7.0/avr6/libgcc.a(_umulhisi3.o)
 .text.libgcc.fmul
                0x00000000000248b8        0x0 /usr/lib/gcc/avr/4.7.0/avr6/libgcc.a(_umulhisi3.o)
 .text.libgcc.mul
                0x00000000000248b8       0x14 /usr/lib/gcc/avr/4.7.0/avr6/libgcc.a(_muluhisi3.o)
                0x00000000000248b8                __muluhisi3
 .text.libgcc.div
                0x00000000000248cc        0x0 /usr/lib/gcc/avr/4.7.0/avr6/libgcc.a(_muluhisi3.o)
 .text.libgcc   0x00000000000248cc        0x0 /usr/lib/gcc/avr/4.7.0/avr6/libgcc.a(_muluhisi3.o)
 .text.libgcc.prologue
                0x00000000000248cc        0x0 /usr/lib/gcc/avr/4.7.0/avr6/libgcc.a(_muluhisi3.o)
 .text.libgcc.builtins
                0x00000000000248cc        0x0 /usr/lib/gcc/avr/4.7.0/avr6/libgcc.a(_muluhisi3.o)
 .text.libgcc.fmul
                0x00000000000248cc        0x0 /usr/lib/gcc/avr/4.7.0/avr6/libgcc.a(_muluhisi3.o)
 .text.libgcc.mul
                0x00000000000248cc       0x1e /usr/lib/gcc/avr/4.7.0/avr6/libgcc.a(_mulsi3.o)
                0x00000000000248cc                __mulsi3
 .text.libgcc.div
                0x00000000000248ea        0x0 /usr/lib/gcc/avr/4.7.0/avr6/libgcc.a(_mulsi3.o)
 .text.libgcc   0x00000000000248ea        0x0 /usr/lib/gcc/avr/4.7.0/avr6/libgcc.a(_mulsi3.o)
 .text.libgcc.prologue
                0x00000000000248ea        0x0 /usr/lib/gcc/avr/4.7.0/avr6/libgcc.a(_mulsi3.o)
 .text.libgcc.builtins
                0x00000000000248ea        0x0 /usr/lib/gcc/avr/4.7.0/avr6/libgcc.a(_mulsi3.o)
 .text.libgcc.fmul
                0x00000000000248ea        0x0 /usr/lib/gcc/avr/4.7.0/avr6/libgcc.a(_mulsi3.o)
 .text.libgcc.mul
                0x00000000000248ea        0x0 /usr/lib/gcc/avr/4.7.0/avr6/libgcc.a(_udivmodqi4.o)
 .text.libgcc.div
                0x00000000000248ea       0x18 /usr/lib/gcc/avr/4.7.0/avr6/libgcc.a(_udivmodqi4.o)
                0x00000000000248ea                __udivmodqi4
 .text.libgcc   0x0000000000024902        0x0 /usr/lib/gcc/avr/4.7.0/avr6/libgcc.a(_udivmodqi4.o)
 .text.libgcc.prologue
                0x0000000000024902        0x0 /usr/lib/gcc/avr/4.7.0/avr6/libgcc.a(_udivmodqi4.o)
 .text.libgcc.builtins
                0x0000000000024902        0x0 /usr/lib/gcc/avr/4.7.0/avr6/libgcc.a(_udivmodqi4.o)
 .text.libgcc.fmul
                0x0000000000024902        0x0 /usr/lib/gcc/avr/4.7.0/avr6/libgcc.a(_udivmodqi4.o)
 .text.libgcc.mul
                0x0000000000024902        0x0 /usr/lib/gcc/avr/4.7.0/avr6/libgcc.a(_udivmodhi4.o)
 .text.libgcc.div
                0x0000000000024902       0x28 /usr/lib/gcc/avr/4.7.0/avr6/libgcc.a(_udivmodhi4.o)
                0x0000000000024902                __udivmodhi4
 .text.libgcc   0x000000000002492a        0x0 /usr/lib/gcc/avr/4.7.0/avr6/libgcc.a(_udivmodhi4.o)
 .text.libgcc.prologue
                0x000000000002492a        0x0 /usr/lib/gcc/avr/4.7.0/avr6/libgcc.a(_udivmodhi4.o)
 .text.libgcc.builtins
                0x000000000002492a        0x0 /usr/lib/gcc/avr/4.7.0/avr6/libgcc.a(_udivmodhi4.o)
 .text.libgcc.fmul
                0x000000000002492a        0x0 /usr/lib/gcc/avr/4.7.0/avr6/libgcc.a(_udivmodhi4.o)
 .text.libgcc.mul
                0x000000000002492a        0x0 /usr/lib/gcc/avr/4.7.0/avr6/libgcc.a(_divmodhi4.o)
 .text.libgcc.div
                0x000000000002492a       0x26 /usr/lib/gcc/avr/4.7.0/avr6/libgcc.a(_divmodhi4.o)
                0x000000000002492a                __divmodhi4
                0x000000000002492a                _div
 .text.libgcc   0x0000000000024950        0x0 /usr/lib/gcc/avr/4.7.0/avr6/libgcc.a(_divmodhi4.o)
 .text.libgcc.prologue
                0x0000000000024950        0x0 /usr/lib/gcc/avr/4.7.0/avr6/libgcc.a(_divmodhi4.o)
 .text.libgcc.builtins
                0x0000000000024950        0x0 /usr/lib/gcc/avr/4.7.0/avr6/libgcc.a(_divmodhi4.o)
 .text.libgcc.fmul
                0x0000000000024950        0x0 /usr/lib/gcc/avr/4.7.0/avr6/libgcc.a(_divmodhi4.o)
 .text.libgcc.mul
                0x0000000000024950        0x0 /usr/lib/gcc/avr/4.7.0/avr6/libgcc.a(_udivmodsi4.o)
 .text.libgcc.div
                0x0000000000024950       0x44 /usr/lib/gcc/avr/4.7.0/avr6/libgcc.a(_udivmodsi4.o)
                0x0000000000024950                __udivmodsi4
 .text.libgcc   0x0000000000024994        0x0 /usr/lib/gcc/avr/4.7.0/avr6/libgcc.a(_udivmodsi4.o)
 .text.libgcc.prologue
                0x0000000000024994        0x0 /usr/lib/gcc/avr/4.7.0/avr6/libgcc.a(_udivmodsi4.o)
 .text.libgcc.builtins
                0x0000000000024994        0x0 /usr/lib/gcc/avr/4.7.0/avr6/libgcc.a(_udivmodsi4.o)
 .text.libgcc.fmul
                0x0000000000024994        0x0 /usr/lib/gcc/avr/4.7.0/avr6/libgcc.a(_udivmodsi4.o)
 .text.libgcc.mul
                0x0000000000024994        0x0 /usr/lib/gcc/avr/4.7.0/avr6/libgcc.a(_divmodsi4.o)
 .text.libgcc.div
                0x0000000000024994       0x36 /usr/lib/gcc/avr/4.7.0/avr6/libgcc.a(_divmodsi4.o)
                0x0000000000024994                __divmodsi4
 .text.libgcc   0x00000000000249ca        0x0 /usr/lib/gcc/avr/4.7.0/avr6/libgcc.a(_divmodsi4.o)
 .text.libgcc.prologue
                0x00000000000249ca        0x0 /usr/lib/gcc/avr/4.7.0/avr6/libgcc.a(_divmodsi4.o)
 .text.libgcc.builtins
                0x00000000000249ca        0x0 /usr/lib/gcc/avr/4.7.0/avr6/libgcc.a(_divmodsi4.o)
 .text.libgcc.fmul
                0x00000000000249ca        0x0 /usr/lib/gcc/avr/4.7.0/avr6/libgcc.a(_divmodsi4.o)
 .text.libgcc.mul
                0x00000000000249ca        0x0 /usr/lib/gcc/avr/4.7.0/avr6/libgcc.a(_exit.o)
 .text.libgcc.div
                0x00000000000249ca        0x0 /usr/lib/gcc/avr/4.7.0/avr6/libgcc.a(_exit.o)
 .text.libgcc   0x00000000000249ca        0x0 /usr/lib/gcc/avr/4.7.0/avr6/libgcc.a(_exit.o)
 .text.libgcc.prologue
                0x00000000000249ca        0x0 /usr/lib/gcc/avr/4.7.0/avr6/libgcc.a(_exit.o)
 .text.libgcc.builtins
                0x00000000000249ca        0x0 /usr/lib/gcc/avr/4.7.0/avr6/libgcc.a(_exit.o)
 .text.libgcc.fmul
                0x00000000000249ca        0x0 /usr/lib/gcc/avr/4.7.0/avr6/libgcc.a(_exit.o)
 .text.libgcc.mul
                0x00000000000249ca        0x0 /usr/lib/gcc/avr/4.7.0/avr6/libgcc.a(_copy_data.o)
 .text.libgcc.div
                0x00000000000249ca        0x0 /usr/lib/gcc/avr/4.7.0/avr6/libgcc.a(_copy_data.o)
 .text.libgcc   0x00000000000249ca        0x0 /usr/lib/gcc/avr/4.7.0/avr6/libgcc.a(_copy_data.o)
 .text.libgcc.prologue
                0x00000000000249ca        0x0 /usr/lib/gcc/avr/4.7.0/avr6/libgcc.a(_copy_data.o)
 .text.libgcc.builtins
                0x00000000000249ca        0x0 /usr/lib/gcc/avr/4.7.0/avr6/libgcc.a(_copy_data.o)
 .text.libgcc.fmul
                0x00000000000249ca        0x0 /usr/lib/gcc/avr/4.7.0/avr6/libgcc.a(_copy_data.o)
 .text.libgcc.mul
                0x00000000000249ca        0x0 /usr/lib/gcc/avr/4.7.0/avr6/libgcc.a(_clear_bss.o)
 .text.libgcc.div
                0x00000000000249ca        0x0 /usr/lib/gcc/avr/4.7.0/avr6/libgcc.a(_clear_bss.o)
 .text.libgcc   0x00000000000249ca        0x0 /usr/lib/gcc/avr/4.7.0/avr6/libgcc.a(_clear_bss.o)
 .text.libgcc.prologue
                0x00000000000249ca        0x0 /usr/lib/gcc/avr/4.7.0/avr6/libgcc.a(_clear_bss.o)
 .text.libgcc.builtins
                0x00000000000249ca        0x0 /usr/lib/gcc/avr/4.7.0/avr6/libgcc.a(_clear_bss.o)
 .text.libgcc.fmul
                0x00000000000249ca        0x0 /usr/lib/gcc/avr/4.7.0/avr6/libgcc.a(_clear_bss.o)
 .text.libgcc.mul
                0x00000000000249ca        0x0 /usr/lib/gcc/avr/4.7.0/avr6/libgcc.a(_ctors.o)
 .text.libgcc.div
                0x00000000000249ca        0x0 /usr/lib/gcc/avr/4.7.0/avr6/libgcc.a(_ctors.o)
 .text.libgcc   0x00000000000249ca        0x0 /usr/lib/gcc/avr/4.7.0/avr6/libgcc.a(_ctors.o)
 .text.libgcc.prologue
                0x00000000000249ca        0x0 /usr/lib/gcc/avr/4.7.0/avr6/libgcc.a(_ctors.o)
 .text.libgcc.builtins
                0x00000000000249ca        0x0 /usr/lib/gcc/avr/4.7.0/avr6/libgcc.a(_ctors.o)
 .text.libgcc.fmul
                0x00000000000249ca        0x0 /usr/lib/gcc/avr/4.7.0/avr6/libgcc.a(_ctors.o)
 .text.libgcc.mul
                0x00000000000249ca        0x0 /usr/lib/gcc/avr/4.7.0/avr6/libgcc.a(_dtors.o)
 .text.libgcc.div
                0x00000000000249ca        0x0 /usr/lib/gcc/avr/4.7.0/avr6/libgcc.a(_dtors.o)
 .text.libgcc   0x00000000000249ca        0x0 /usr/lib/gcc/avr/4.7.0/avr6/libgcc.a(_dtors.o)
 .text.libgcc.prologue
                0x00000000000249ca        0x0 /usr/lib/gcc/avr/4.7.0/avr6/libgcc.a(_dtors.o)
 .text.libgcc.builtins
                0x00000000000249ca        0x0 /usr/lib/gcc/avr/4.7.0/avr6/libgcc.a(_dtors.o)
 .text.libgcc.fmul
                0x00000000000249ca        0x0 /usr/lib/gcc/avr/4.7.0/avr6/libgcc.a(_dtors.o)
 .text.libgcc.mul
                0x00000000000249ca        0x0 /usr/lib/gcc/avr/4.7.0/avr6/libgcc.a(_tablejump_elpm.o)
 .text.libgcc.div
                0x00000000000249ca        0x0 /usr/lib/gcc/avr/4.7.0/avr6/libgcc.a(_tablejump_elpm.o)
 .text.libgcc   0x00000000000249ca        0x8 /usr/lib/gcc/avr/4.7.0/avr6/libgcc.a(_tablejump_elpm.o)
                0x00000000000249ca                __tablejump_elpm__
 .text.libgcc.prologue
                0x00000000000249d2        0x0 /usr/lib/gcc/avr/4.7.0/avr6/libgcc.a(_tablejump_elpm.o)
 .text.libgcc.builtins
                0x00000000000249d2        0x0 /usr/lib/gcc/avr/4.7.0/avr6/libgcc.a(_tablejump_elpm.o)
 .text.libgcc.fmul
                0x00000000000249d2        0x0 /usr/lib/gcc/avr/4.7.0/avr6/libgcc.a(_tablejump_elpm.o)
                0x00000000000249d2                . = ALIGN (0x2)
 *(.fini9)
 .fini9         0x00000000000249d2        0x0 /usr/lib/gcc/avr/4.7.0/avr6/libgcc.a(_exit.o)
                0x00000000000249d2                _exit
 *(.fini9)
 *(.fini8)
 *(.fini8)
 *(.fini7)
 *(.fini7)
 *(.fini6)
 .fini6         0x00000000000249d2       0x1e /usr/lib/gcc/avr/4.7.0/avr6/libgcc.a(_dtors.o)
                0x00000000000249d2                __do_global_dtors
 *(.fini6)
 *(.fini5)
 *(.fini5)
 *(.fini4)
 *(.fini4)
 *(.fini3)
 *(.fini3)
 *(.fini2)
 *(.fini2)
 *(.fini1)
 *(.fini1)
 *(.fini0)
 .fini0         0x00000000000249f0        0x4 /usr/lib/gcc/avr/4.7.0/avr6/libgcc.a(_exit.o)
 *(.fini0)
                0x00000000000249f4                _etext = .

.data           0x0000000000800200      0x922 load address 0x00000000000249f4
                0x0000000000800200                PROVIDE (__data_start, .)
 *(.data)
 .data          0x0000000000800200        0x0 /usr/lib/gcc/avr/4.7.0/../../../avr/lib/avr6/crtm2560.o
 .data          0x0000000000800200        0x0 ./inc/HardwareSerial.o
 .data          0x0000000000800200        0x0 ./inc/I2C.o
 .data          0x0000000000800200        0x0 ./inc/Print.o
 .data          0x0000000000800200        0x0 ./inc/Sd2Card.o
 .data          0x0000000000800200        0x0 ./inc/SdFat.o
 .data          0x0000000000800200        0x0 ./inc/SdFatUtil.o
 .data          0x0000000000800200        0x0 ./inc/SdFile.o
 .data          0x0000000000800200        0x0 ./inc/SdStream.o
 .data          0x0000000000800200        0x4 ./inc/SdVolume.o
                0x0000000000800200                _ZN8SdVolume17cacheBlockNumber_E
 .data          0x0000000000800204        0x0 ./inc/istream.o
 .data          0x0000000000800204        0x0 ./inc/ostream.o
 .data          0x0000000000800204        0x0 ./inc/pins_arduino.o
 .data          0x0000000000800204        0x0 ./inc/ssd0323.o
 .data          0x0000000000800204        0x0 ./inc/wiring.o
 .data          0x0000000000800204        0x1 ./inc/wiring_analog.o
                0x0000000000800204                analog_reference
 .data          0x0000000000800205        0x0 ./inc/wiring_digital.o
 .data          0x0000000000800205        0x0 ./inc/wiring_pulse.o
 .data          0x0000000000800205        0x0 ./inc/wiring_shift.o
 .data          0x0000000000800205        0x0 ./aktors.o
 .data          0x0000000000800205        0x0 ./blinker.o
 .data          0x0000000000800205        0x0 ./clock_me.o
 .data          0x0000000000800205        0x0 ./config.o
 .data          0x0000000000800205        0x0 ./debug.o
 .data          0x0000000000800205        0x0 ./display.o
 .data          0x0000000000800205        0x0 ./dz.o
 .data          0x0000000000800205        0x0 ./file_manager_v2.o
 .data          0x0000000000800205        0x0 ./fuel.o
 .data          0x0000000000800205        0x0 ./gear.o
 .data          0x0000000000800205        0x0 ./gps.o
 .data          0x0000000000800205        0x0 ./helper.o
 .data          0x0000000000800205        0x0 ./main.o
 .data          0x0000000000800205        0xa ./menu.o
                0x0000000000800205                fuel_added
                0x0000000000800207                menu_ende
                0x0000000000800209                menu_max
                0x000000000080020b                button_unten_valid
                0x000000000080020c                button_oben_valid
                0x000000000080020d                button_links_valid
                0x000000000080020e                button_rechts_valid
 .data          0x000000000080020f        0x0 ./oiler.o
 .data          0x000000000080020f        0x0 ./reset.o
 .data          0x000000000080020f        0x0 ./sd.o
 .data          0x000000000080020f        0x0 ./sensors.o
 .data          0x000000000080020f        0x0 ./speed.o
 .data          0x000000000080020f        0x0 ./speedo.o
 .data          0x000000000080020f        0x0 ./sprint.o
 .data          0x000000000080020f        0x0 ./stepper.o
 .data          0x000000000080020f        0x0 ./temperature.o
 .data          0x000000000080020f        0x0 ./tetris.o
 .data          0x000000000080020f        0x0 ./timer.o
 .data          0x000000000080020f        0x0 ./voltage.o
 .data          0x000000000080020f        0x6 /usr/lib/gcc/avr/4.7.0/../../../avr/lib/avr6/libc.a(malloc.o)
                0x000000000080020f                __malloc_heap_end
                0x0000000000800211                __malloc_heap_start
                0x0000000000800213                __malloc_margin
 .data          0x0000000000800215        0x0 /usr/lib/gcc/avr/4.7.0/../../../avr/lib/avr6/libc.a(exit.o)
 .data          0x0000000000800215        0x0 /usr/lib/gcc/avr/4.7.0/../../../avr/lib/avr6/libc.a(isalpha.o)
 .data          0x0000000000800215        0x0 /usr/lib/gcc/avr/4.7.0/../../../avr/lib/avr6/libc.a(isspace.o)
 .data          0x0000000000800215        0x0 /usr/lib/gcc/avr/4.7.0/../../../avr/lib/avr6/libc.a(strcmp_P.o)
 .data          0x0000000000800215        0x0 /usr/lib/gcc/avr/4.7.0/../../../avr/lib/avr6/libc.a(strcpy_P.o)
 .data          0x0000000000800215        0x0 /usr/lib/gcc/avr/4.7.0/../../../avr/lib/avr6/libc.a(strlen_P.o)
 .data          0x0000000000800215        0x0 /usr/lib/gcc/avr/4.7.0/../../../avr/lib/avr6/libc.a(memcmp.o)
 .data          0x0000000000800215        0x0 /usr/lib/gcc/avr/4.7.0/../../../avr/lib/avr6/libc.a(memcpy.o)
 .data          0x0000000000800215        0x0 /usr/lib/gcc/avr/4.7.0/../../../avr/lib/avr6/libc.a(memset.o)
 .data          0x0000000000800215        0x0 /usr/lib/gcc/avr/4.7.0/../../../avr/lib/avr6/libc.a(strchr.o)
 .data          0x0000000000800215        0x0 /usr/lib/gcc/avr/4.7.0/../../../avr/lib/avr6/libc.a(strcmp.o)
 .data          0x0000000000800215        0x0 /usr/lib/gcc/avr/4.7.0/../../../avr/lib/avr6/libc.a(strcpy.o)
 .data          0x0000000000800215        0x0 /usr/lib/gcc/avr/4.7.0/../../../avr/lib/avr6/libc.a(strncmp.o)
 .data          0x0000000000800215        0x0 /usr/lib/gcc/avr/4.7.0/../../../avr/lib/avr6/libc.a(sprintf.o)
 .data          0x0000000000800215        0x0 /usr/lib/gcc/avr/4.7.0/../../../avr/lib/avr6/libc.a(addsf3.o)
 .data          0x0000000000800215        0x0 /usr/lib/gcc/avr/4.7.0/../../../avr/lib/avr6/libc.a(addsf3x.o)
 .data          0x0000000000800215        0x0 /usr/lib/gcc/avr/4.7.0/../../../avr/lib/avr6/libc.a(asin.o)
 .data          0x0000000000800215        0x0 /usr/lib/gcc/avr/4.7.0/../../../avr/lib/avr6/libc.a(cmpsf2.o)
 .data          0x0000000000800215        0x0 /usr/lib/gcc/avr/4.7.0/../../../avr/lib/avr6/libc.a(cos.o)
 .data          0x0000000000800215        0x0 /usr/lib/gcc/avr/4.7.0/../../../avr/lib/avr6/libc.a(divsf3.o)
 .data          0x0000000000800215        0x0 /usr/lib/gcc/avr/4.7.0/../../../avr/lib/avr6/libc.a(divsf3x.o)
 .data          0x0000000000800215        0x0 /usr/lib/gcc/avr/4.7.0/../../../avr/lib/avr6/libc.a(fixsfsi.o)
 .data          0x0000000000800215        0x0 /usr/lib/gcc/avr/4.7.0/../../../avr/lib/avr6/libc.a(fixunssfsi.o)
 .data          0x0000000000800215        0x0 /usr/lib/gcc/avr/4.7.0/../../../avr/lib/avr6/libc.a(floatsisf.o)
 .data          0x0000000000800215        0x0 /usr/lib/gcc/avr/4.7.0/../../../avr/lib/avr6/libc.a(floor.o)
 .data          0x0000000000800215        0x0 /usr/lib/gcc/avr/4.7.0/../../../avr/lib/avr6/libc.a(fp_arccos.o)
 .data          0x0000000000800215        0x0 /usr/lib/gcc/avr/4.7.0/../../../avr/lib/avr6/libc.a(fp_cmp.o)
 .data          0x0000000000800215        0x0 /usr/lib/gcc/avr/4.7.0/../../../avr/lib/avr6/libc.a(fp_inf.o)
 .data          0x0000000000800215        0x0 /usr/lib/gcc/avr/4.7.0/../../../avr/lib/avr6/libc.a(fp_mintl.o)
 .data          0x0000000000800215        0x0 /usr/lib/gcc/avr/4.7.0/../../../avr/lib/avr6/libc.a(fp_mpack.o)
 .data          0x0000000000800215        0x0 /usr/lib/gcc/avr/4.7.0/../../../avr/lib/avr6/libc.a(fp_nan.o)
 .data          0x0000000000800215        0x0 /usr/lib/gcc/avr/4.7.0/../../../avr/lib/avr6/libc.a(fp_powser.o)