Archive member included because of file (symbol)

/usr/lib/gcc/avr/4.7.0/../../../avr/lib/avr6/libc.a(malloc.o)
                              ./inc/ssd0323.o (malloc)
/usr/lib/gcc/avr/4.7.0/../../../avr/lib/avr6/libc.a(exit.o)
                              /usr/lib/gcc/avr/4.7.0/../../../avr/lib/avr6/crtm2560.o (exit)
/usr/lib/gcc/avr/4.7.0/../../../avr/lib/avr6/libc.a(isalpha.o)
                              ./inc/istream.o (isupper)
/usr/lib/gcc/avr/4.7.0/../../../avr/lib/avr6/libc.a(isspace.o)
                              ./inc/istream.o (isspace)
/usr/lib/gcc/avr/4.7.0/../../../avr/lib/avr6/libc.a(strcmp_P.o)
                              ./config.o (strcmp_P)
/usr/lib/gcc/avr/4.7.0/../../../avr/lib/avr6/libc.a(strcpy_P.o)
                              ./config.o (strcpy_P)
/usr/lib/gcc/avr/4.7.0/../../../avr/lib/avr6/libc.a(strlen_P.o)
                              ./inc/ostream.o (__strlen_P)
/usr/lib/gcc/avr/4.7.0/../../../avr/lib/avr6/libc.a(memcmp.o)
                              ./inc/SdFile.o (memcmp)
/usr/lib/gcc/avr/4.7.0/../../../avr/lib/avr6/libc.a(memcpy.o)
                              ./inc/SdFile.o (memcpy)
/usr/lib/gcc/avr/4.7.0/../../../avr/lib/avr6/libc.a(memset.o)
                              ./gps.o (memset)
/usr/lib/gcc/avr/4.7.0/../../../avr/lib/avr6/libc.a(strchr.o)
                              ./inc/SdFile.o (strchr)
/usr/lib/gcc/avr/4.7.0/../../../avr/lib/avr6/libc.a(strcmp.o)
                              ./config.o (strcmp)
/usr/lib/gcc/avr/4.7.0/../../../avr/lib/avr6/libc.a(strcpy.o)
                              ./config.o (strcpy)
/usr/lib/gcc/avr/4.7.0/../../../avr/lib/avr6/libc.a(strncmp.o)
                              ./config.o (strncmp)
/usr/lib/gcc/avr/4.7.0/../../../avr/lib/avr6/libc.a(sprintf.o)
                              ./aktors.o (sprintf)
/usr/lib/gcc/avr/4.7.0/../../../avr/lib/avr6/libc.a(addsf3.o)
                              ./inc/Print.o (__subsf3)
/usr/lib/gcc/avr/4.7.0/../../../avr/lib/avr6/libc.a(addsf3x.o)
                              /usr/lib/gcc/avr/4.7.0/../../../avr/lib/avr6/libc.a(addsf3.o) (__addsf3x)
/usr/lib/gcc/avr/4.7.0/../../../avr/lib/avr6/libc.a(asin.o)
                              ./gps.o (asin)
/usr/lib/gcc/avr/4.7.0/../../../avr/lib/avr6/libc.a(cmpsf2.o)
                              ./main.o (__eqsf2)
/usr/lib/gcc/avr/4.7.0/../../../avr/lib/avr6/libc.a(cos.o)
                              ./display.o (cos)
/usr/lib/gcc/avr/4.7.0/../../../avr/lib/avr6/libc.a(divsf3.o)
                              ./inc/Print.o (__divsf3)
/usr/lib/gcc/avr/4.7.0/../../../avr/lib/avr6/libc.a(divsf3x.o)
                              /usr/lib/gcc/avr/4.7.0/../../../avr/lib/avr6/libc.a(divsf3.o) (__divsf3x)
/usr/lib/gcc/avr/4.7.0/../../../avr/lib/avr6/libc.a(fixsfsi.o)
                              ./inc/Print.o (__fixsfsi)
/usr/lib/gcc/avr/4.7.0/../../../avr/lib/avr6/libc.a(fixunssfsi.o)
                              ./inc/Print.o (__fixunssfsi)
/usr/lib/gcc/avr/4.7.0/../../../avr/lib/avr6/libc.a(floatsisf.o)
                              ./inc/Print.o (__floatunsisf)
/usr/lib/gcc/avr/4.7.0/../../../avr/lib/avr6/libc.a(floor.o)
                              ./inc/ssd0323.o (floor)
/usr/lib/gcc/avr/4.7.0/../../../avr/lib/avr6/libc.a(fp_arccos.o)
                              /usr/lib/gcc/avr/4.7.0/../../../avr/lib/avr6/libc.a(asin.o) (__fp_arccos)
/usr/lib/gcc/avr/4.7.0/../../../avr/lib/avr6/libc.a(fp_cmp.o)
                              /usr/lib/gcc/avr/4.7.0/../../../avr/lib/avr6/libc.a(cmpsf2.o) (__fp_cmp)
/usr/lib/gcc/avr/4.7.0/../../../avr/lib/avr6/libc.a(fp_inf.o)
                              /usr/lib/gcc/avr/4.7.0/../../../avr/lib/avr6/libc.a(addsf3x.o) (__fp_inf)
/usr/lib/gcc/avr/4.7.0/../../../avr/lib/avr6/libc.a(fp_mintl.o)
                              /usr/lib/gcc/avr/4.7.0/../../../avr/lib/avr6/libc.a(floor.o) (__fp_mintl)
/usr/lib/gcc/avr/4.7.0/../../../avr/lib/avr6/libc.a(fp_mpack.o)
                              /usr/lib/gcc/avr/4.7.0/../../../avr/lib/avr6/libc.a(floor.o) (__fp_mpack)
/usr/lib/gcc/avr/4.7.0/../../../avr/lib/avr6/libc.a(fp_nan.o)
                              /usr/lib/gcc/avr/4.7.0/../../../avr/lib/avr6/libc.a(addsf3x.o) (__fp_nan)
/usr/lib/gcc/avr/4.7.0/../../../avr/lib/avr6/libc.a(fp_powser.o)
                              /usr/lib/gcc/avr/4.7.0/../../../avr/lib/avr6/libc.a(fp_arccos.o) (__fp_powser)
/usr/lib/gcc/avr/4.7.0/../../../avr/lib/avr6/libc.a(fp_powsodd.o)
                              /usr/lib/gcc/avr/4.7.0/../../../avr/lib/avr6/libc.a(asin.o) (__fp_powsodd)
/usr/lib/gcc/avr/4.7.0/../../../avr/lib/avr6/libc.a(fp_pscA.o)
                              /usr/lib/gcc/avr/4.7.0/../../../avr/lib/avr6/libc.a(addsf3x.o) (__fp_pscA)
/usr/lib/gcc/avr/4.7.0/../../../avr/lib/avr6/libc.a(fp_pscB.o)
                              /usr/lib/gcc/avr/4.7.0/../../../avr/lib/avr6/libc.a(addsf3x.o) (__fp_pscB)
/usr/lib/gcc/avr/4.7.0/../../../avr/lib/avr6/libc.a(fp_rempio2.o)
[...]
Memory Configuration

Name             Origin             Length             Attributes
text             0x0000000000000000 0x0000000000100000 xr
data             0x0000000000800200 0x000000000000fe00 rw !x
eeprom           0x0000000000810000 0x0000000000010000 rw !x
fuse             0x0000000000820000 0x0000000000000400 rw !x
lock             0x0000000000830000 0x0000000000000400 rw !x
signature        0x0000000000840000 0x0000000000000400 rw !x
*default*        0x0000000000000000 0xffffffffffffffff

Linker script and memory map

Address of section .data set to 0x800200
LOAD /usr/lib/gcc/avr/4.7.0/../../../avr/lib/avr6/crtm2560.o
LOAD ./inc/HardwareSerial.o
LOAD ./inc/I2C.o
LOAD ./inc/Print.o
LOAD ./inc/Sd2Card.o
LOAD ./inc/SdFat.o
LOAD ./inc/SdFatUtil.o
LOAD ./inc/SdFile.o
LOAD ./inc/SdStream.o
LOAD ./inc/SdVolume.o
LOAD ./inc/istream.o
LOAD ./inc/ostream.o
LOAD ./inc/pins_arduino.o
LOAD ./inc/ssd0323.o
LOAD ./inc/wiring.o
LOAD ./inc/wiring_analog.o
LOAD ./inc/wiring_digital.o
LOAD ./inc/wiring_pulse.o
LOAD ./inc/wiring_shift.o
LOAD ./CAN.o
LOAD ./aktors.o
LOAD ./blinker.o
LOAD ./clock_me.o
LOAD ./config.o
LOAD ./debug.o
LOAD ./display.o
LOAD ./dz.o
LOAD ./file_manager_v2.o
LOAD ./fuel.o
LOAD ./gear.o
LOAD ./gps.o
LOAD ./helper.o
LOAD ./main.o
LOAD ./menu.o
LOAD ./oiler.o
LOAD ./reset.o
LOAD ./sd.o
LOAD ./sensors.o
LOAD ./speed.o
LOAD ./speedo.o
LOAD ./sprint.o
LOAD ./stepper.o
LOAD ./temperature.o
LOAD ./tetris.o
LOAD ./timer.o
LOAD ./voltage.o
LOAD /usr/lib/gcc/avr/4.7.0/../../../avr/lib/avr6/libc.a
LOAD /usr/lib/gcc/avr/4.7.0/avr6/libgcc.a
LOAD /usr/lib/gcc/avr/4.7.0/../../../avr/lib/avr6/libm.a
LOAD /usr/lib/gcc/avr/4.7.0/../../../avr/lib/avr6/libc.a
LOAD /usr/lib/gcc/avr/4.7.0/avr6/libgcc.a
LOAD /usr/lib/gcc/avr/4.7.0/../../../avr/lib/avr6/libc.a
LOAD /usr/lib/gcc/avr/4.7.0/avr6/libgcc.a

.hash
 *(.hash)

.dynsym
 *(.dynsym)

.dynstr
 *(.dynstr)

.gnu.version
 *(.gnu.version)

.gnu.version_d
 *(.gnu.version_d)

.gnu.version_r
 *(.gnu.version_r)

.rel.init
 *(.rel.init)

.rela.init
 *(.rela.init)

.rel.text
 *(.rel.text)
 *(.rel.text.*)
 *(.rel.gnu.linkonce.t*)

.rela.text
 *(.rela.text)
 *(.rela.text.*)
 *(.rela.gnu.linkonce.t*)

.rel.fini
 *(.rel.fini)

.rela.fini
 *(.rela.fini)

.rel.rodata
 *(.rel.rodata)
 *(.rel.rodata.*)
 *(.rel.gnu.linkonce.r*)

.rela.rodata
 *(.rela.rodata)
 *(.rela.rodata.*)
 *(.rela.gnu.linkonce.r*)

.rel.data
 *(.rel.data)
 *(.rel.data.*)
 *(.rel.gnu.linkonce.d*)

.rela.data
 *(.rela.data)
 *(.rela.data.*)
 *(.rela.gnu.linkonce.d*)

.rel.ctors
 *(.rel.ctors)

.rela.ctors
 *(.rela.ctors)

.rel.dtors
 *(.rel.dtors)

.rela.dtors
 *(.rela.dtors)

.rel.got
 *(.rel.got)

.rela.got
 *(.rela.got)

.rel.bss
 *(.rel.bss)

.rela.bss
 *(.rela.bss)

.rel.plt
 *(.rel.plt)

.rela.plt
 *(.rela.plt)

.text           0x0000000000000000    0x2512e
 *(.vectors)
 .vectors       0x0000000000000000       0xe4 /usr/lib/gcc/avr/4.7.0/../../../avr/lib/avr6/crtm2560.o
                0x0000000000000000                __vectors
                0x0000000000000000                __vector_default
 *(.vectors)
 *(.progmem.gcc*)
 .progmem.gcc_fplib
                0x00000000000000e4       0x14 /usr/lib/gcc/avr/4.7.0/../../../avr/lib/avr6/libc.a(asin.o)
 .progmem.gcc_fplib
                0x00000000000000f8       0x28 /usr/lib/gcc/avr/4.7.0/../../../avr/lib/avr6/libc.a(fp_arccos.o)
 .progmem.gcc_fplib
                0x0000000000000120       0x1e /usr/lib/gcc/avr/4.7.0/../../../avr/lib/avr6/libc.a(fp_sinus.o)
 .progmem.gcc_fplib
                0x000000000000013e       0x28 /usr/lib/gcc/avr/4.7.0/../../../avr/lib/avr6/libc.a(exp.o)
 .progmem.gcc_fplib
                0x0000000000000166       0x5a /usr/lib/gcc/avr/4.7.0/../../../avr/lib/avr6/libc.a(log.o)
 *(.progmem*)
 .progmem.data  0x00000000000001c0       0xc0 ./inc/SdFat.o
 .progmem.data  0x0000000000000280       0x13 ./inc/SdFile.o
 .progmem.data  0x0000000000000293        0xb ./inc/istream.o
 .progmem.data  0x000000000000029e       0x13 ./inc/ostream.o
 .progmem.data  0x00000000000002b1      0x120 ./inc/pins_arduino.o
                0x00000000000002b1                digital_pin_to_timer_PGM
                0x00000000000002f7                digital_pin_to_bit_mask_PGM
                0x000000000000033d                digital_pin_to_port_PGM
                0x0000000000000383                port_to_input_PGM
                0x000000000000039d                port_to_output_PGM
                0x00000000000003b7                port_to_mode_PGM
 .progmem.data  0x00000000000003d1      0xcc0 ./inc/ssd0323.o
 .progmem.data  0x0000000000001091      0x115 ./aktors.o
 .progmem.data  0x00000000000011a6       0x21 ./blinker.o
 .progmem.data  0x00000000000011c7       0x10 ./clock_me.o
 .progmem.data  0x00000000000011d7      0xb17 ./config.o
 .progmem.data  0x0000000000001cee       0x7c ./display.o
 .progmem.data  0x0000000000001d6a        0xa ./dz.o
 .progmem.data  0x0000000000001d74        0xc ./fuel.o
 .progmem.data  0x0000000000001d80       0x5d ./gear.o
 .progmem.data  0x0000000000001ddd       0x45 ./gps.o
 .progmem.data  0x0000000000001e22       0x3e ./main.o
 .progmem.data  0x0000000000001e60      0x8d1 ./menu.o
 .progmem.data  0x0000000000002731       0x1d ./oiler.o
 .progmem.data  0x000000000000274e       0x19 ./reset.o
 .progmem.data  0x0000000000002767       0x15 ./sd.o
 .progmem.data  0x000000000000277c      0x171 ./sensors.o
 .progmem.data  0x00000000000028ed       0x30 ./speed.o
 .progmem.data  0x000000000000291d       0xd4 ./speedo.o
 .progmem.data  0x00000000000029f1        0xe ./sprint.o
 .progmem.data  0x00000000000029ff       0x13 ./stepper.o
 .progmem.data  0x0000000000002a12        0xc ./temperature.o
 .progmem.data  0x0000000000002a1e       0x45 ./tetris.o
 .progmem.data  0x0000000000002a63       0x28 ./timer.o
 .progmem.data  0x0000000000002a8b       0x1a ./voltage.o
                0x0000000000002aa6                . = ALIGN (0x2)
 *fill*         0x0000000000002aa5        0x1 00
                0x0000000000002aa6                __trampolines_start = .
 *(.trampolines)
 .trampolines   0x0000000000002aa6       0x14 linker stubs
 *(.trampolines*)
                0x0000000000002aba                __trampolines_end = .
 *(.jumptables)
 *(.jumptables*)
 *(.lowtext)
 *(.lowtext*)
                0x0000000000002aba                __ctors_start = .
 *(.ctors)
 .ctors         0x0000000000002aba        0x2 ./inc/HardwareSerial.o
 .ctors         0x0000000000002abc        0x2 ./main.o
                0x0000000000002abe                __ctors_end = .
                0x0000000000002abe                __dtors_start = .
 *(.dtors)
 .dtors         0x0000000000002abe        0x2 ./inc/HardwareSerial.o
                0x0000000000002ac0                __dtors_end = .
 SORT(*)(.ctors)
 SORT(*)(.dtors)
 *(.init0)
 .init0         0x0000000000002ac0        0x0 /usr/lib/gcc/avr/4.7.0/../../../avr/lib/avr6/crtm2560.o
                0x0000000000002ac0                __init
 *(.init0)
 *(.init1)
 *(.init1)
 *(.init2)
 .init2         0x0000000000002ac0       0x10 /usr/lib/gcc/avr/4.7.0/../../../avr/lib/avr6/crtm2560.o
 *(.init2)
 *(.init3)
 *(.init3)
 *(.init4)
 .init4         0x0000000000002ad0       0x1a /usr/lib/gcc/avr/4.7.0/avr6/libgcc.a(_copy_data.o)
                0x0000000000002ad0                __do_copy_data
 .init4         0x0000000000002aea       0x10 /usr/lib/gcc/avr/4.7.0/avr6/libgcc.a(_clear_bss.o)
                0x0000000000002aea                __do_clear_bss
 *(.init4)
 *(.init5)
 *(.init5)
 *(.init6)
 .init6         0x0000000000002afa       0x20 /usr/lib/gcc/avr/4.7.0/avr6/libgcc.a(_ctors.o)
                0x0000000000002afa                __do_global_ctors
 *(.init6)
 *(.init7)
 *(.init7)
 *(.init8)
 *(.init8)
 *(.init9)
 .init9         0x0000000000002b1a        0x8 /usr/lib/gcc/avr/4.7.0/../../../avr/lib/avr6/crtm2560.o
 *(.init9)
 *(.text)
 .text          0x0000000000002b22        0x4 /usr/lib/gcc/avr/4.7.0/../../../avr/lib/avr6/crtm2560.o
                0x0000000000002b22                __vector_38
                0x0000000000002b22                __vector_22
                0x0000000000002b22                __vector_28
                0x0000000000002b22                __vector_1
                0x0000000000002b22                __vector_32
                0x0000000000002b22                __vector_34
                0x0000000000002b22                __vector_24
                0x0000000000002b22                __vector_12
                0x0000000000002b22                __vector_55
                0x0000000000002b22                __vector_46
                0x0000000000002b22                __bad_interrupt
                0x0000000000002b22                __vector_31
                0x0000000000002b22                __vector_39
                0x0000000000002b22                __vector_3
                0x0000000000002b22                __vector_30
                0x0000000000002b22                __vector_45
                0x0000000000002b22                __vector_13
                0x0000000000002b22                __vector_17
                0x0000000000002b22                __vector_19
                0x0000000000002b22                __vector_56
                0x0000000000002b22                __vector_49
                0x0000000000002b22                __vector_41
                0x0000000000002b22                __vector_43
                0x0000000000002b22                __vector_27
                0x0000000000002b22                __vector_33
                0x0000000000002b22                __vector_47
                0x0000000000002b22                __vector_52
                0x0000000000002b22                __vector_37
                0x0000000000002b22                __vector_4
                0x0000000000002b22                __vector_44
                0x0000000000002b22                __vector_9
                0x0000000000002b22                __vector_2
                0x0000000000002b22                __vector_21
                0x0000000000002b22                __vector_15
                0x0000000000002b22                __vector_29
                0x0000000000002b22                __vector_40
                0x0000000000002b22                __vector_26
                0x0000000000002b22                __vector_48
                0x0000000000002b22                __vector_14
                0x0000000000002b22                __vector_53
                0x0000000000002b22                __vector_50
                0x0000000000002b22                __vector_16
                0x0000000000002b22                __vector_18
                0x0000000000002b22                __vector_20
                0x0000000000002b22                __vector_42
 .text          0x0000000000002b26      0x4bc ./inc/HardwareSerial.o
                0x0000000000002b26                _ZN14HardwareSerial9availableEv
                0x0000000000002b50                _ZN14HardwareSerial4peekEv
                0x0000000000002b84                _ZN14HardwareSerial4readEv
                0x0000000000002bc6                _ZN14HardwareSerial5flushEv
                0x0000000000002be2                _ZN14HardwareSerial5writeEh
                0x0000000000002c0e                __vector_25
                0x0000000000002c84                __vector_51
                0x0000000000002cfa                __vector_54
                0x0000000000002d70                _ZN14HardwareSerialC1EP11ring_bufferPVhS3_S3_S3_S3_hhhhh
                0x0000000000002d70                _ZN14HardwareSerialC2EP11ring_bufferPVhS3_S3_S3_S3_hhhhh
                0x0000000000002dd0                _ZN14HardwareSerial5beginEl
                0x0000000000002f8e                _ZN14HardwareSerial3endEv
 .text          0x0000000000002fe2      0x9ee ./inc/I2C.o
                0x0000000000002fe2                _ZN3I2CC1Ev
                0x0000000000002fe2                _ZN3I2CC2Ev
                0x0000000000002fe4                _ZN3I2C5beginEv
                0x0000000000003006                _ZN3I2C3endEv
                0x000000000000300c                _ZN3I2C7timeOutEj
                0x0000000000003016                _ZN3I2C8setSpeedEh
                0x0000000000003026                _ZN3I2C6pullupEh
                0x0000000000003036                _ZN3I2C9availableEv
                0x000000000000303c                _ZN3I2C7receiveEv
                0x0000000000003066                _ZN3I2C5startEv
                0x0000000000003116                _ZN3I2C11receiveByteEh
                0x00000000000031b6                _ZN3I2C4stopEv
                0x0000000000003228                _ZN3I2C8sendByteEh
                0x00000000000032d4                _ZN3I2C11sendAddressEh
                0x0000000000003398                _ZN3I2C4readEhhhPh
                0x0000000000003494                _ZN3I2C4readEhhPh
                0x0000000000003572                _ZN3I2C4readEhhh
                0x0000000000003670                _ZN3I2C4readEiii
                0x0000000000003672                _ZN3I2C4readEhh
                0x000000000000374c                _ZN3I2C4readEii
                0x000000000000374e                _ZN3I2C5writeEhhPhh
                0x00000000000037f4                _ZN3I2C5writeEhhPc
                0x000000000000381a                _ZN3I2C5writeEhhh
                0x00000000000038a0                _ZN3I2C5writeEiii
                0x00000000000038a2                _ZN3I2C5writeEhh
                0x0000000000003914                _ZN3I2C5writeEii
                0x0000000000003916                _ZN3I2C4scanEv
                0x00000000000039c4                _ZN3I2C6lockUpEv
 .text          0x00000000000039d0      0x48c ./inc/Print.o
                0x00000000000039d0                _ZN5Print5writeEPKc
                0x00000000000039fe                _ZN5Print5writeEPKhj
                0x0000000000003a5c                _ZN5Print5printEPKc
                0x0000000000003a6a                _ZN5Print11printNumberEmh
                0x0000000000003b8c                _ZN5Print5printEmi
                0x0000000000003b96                _ZN5Print5printEji
                0x0000000000003ba0                _ZN5Print5printEhi
                0x0000000000003bac                _ZN5Print5printEli
                0x0000000000003c10                _ZN5Print5printEii
                0x0000000000003c1e                _ZN5Print5printEci
                0x0000000000003c2a                _ZN5Print6printpEPKc
                0x0000000000003c5c                _ZN5Print7printlnEv
                0x0000000000003c7c                _ZN5Print7printlnEmi
                0x0000000000003c8c                _ZN5Print7printlnEli
                0x0000000000003c9c                _ZN5Print7printlnEji
                0x0000000000003cb4                _ZN5Print7printlnEii
                0x0000000000003cd0                _ZN5Print7printlnEhi
                0x0000000000003cea                _ZN5Print7printlnEci
                0x0000000000003d04                _ZN5Print7printlnEPKc
                0x0000000000003d14                _ZN5Print10printFloatEdh
                0x0000000000003e4a                _ZN5Print5printEdi
                0x0000000000003e4c                _ZN5Print7printlnEdi
 .text          0x0000000000003e5c      0x90e ./inc/Sd2Card.o
                0x0000000000003e6e                _ZN7Sd2Card14chipSelectHighEv
                0x0000000000003e78                _ZN7Sd2Card13chipSelectLowEv
                0x0000000000003e82                _ZN7Sd2Card7readEndEv
                0x0000000000003ec4                _ZN7Sd2Card16partialBlockReadEh
                0x0000000000003eea                _ZN7Sd2Card10setSckRateEh
                0x0000000000003f2a                _ZN7Sd2Card11waitNotBusyEj
                0x0000000000003f5e                _ZN7Sd2Card11cardCommandEhm
                0x0000000000004014                _ZN7Sd2Card4initEhh
                0x0000000000004184                _ZN7Sd2Card14waitStartBlockEv
                0x00000000000041cc                _ZN7Sd2Card12readRegisterEhPv
                0x0000000000004232                _ZN7Sd2Card22eraseSingleBlockEnableEv
                0x0000000000004272                _ZN7Sd2Card5eraseEmm
                0x0000000000004348                _ZN7Sd2Card8cardSizeEv
                0x0000000000004440                _ZN7Sd2Card8readDataEmjjPh
                0x000000000000456e                _ZN7Sd2Card9readBlockEmPh
                0x000000000000458c                _ZN7Sd2Card9writeDataEhPKh
                0x00000000000045ea                _ZN7Sd2Card9writeDataEPKh
                0x0000000000004624                _ZN7Sd2Card10writeBlockEmPKh
                0x00000000000046aa                _ZN7Sd2Card10writeStartEmm
                0x0000000000004732                _ZN7Sd2Card9writeStopEv
 .text          0x000000000000476a      0x3fe ./inc/SdFat.o
                0x000000000000476a                _ZN5SdFat5chdirEv
                0x0000000000004798                _ZN5SdFat5chdirEPKc
                0x000000000000488c                _ZN5SdFat10errorPrintEv
                0x00000000000048ba                _ZN5SdFat9errorHaltEv
                0x00000000000048be                _ZN5SdFat10errorPrintEPKc
                0x00000000000048f4                _ZN5SdFat9errorHaltEPKc
                0x00000000000048f8                _ZN5SdFat12errorPrint_PEPKc
                0x000000000000491a                _ZN5SdFat11errorHalt_PEPKc
                0x000000000000491e                _ZN5SdFat6existsEPKc
                0x0000000000004924                _ZN5SdFat4initEhh
                0x000000000000496e                _ZN5SdFat14initErrorPrintEv
                0x00000000000049b6                _ZN5SdFat13initErrorHaltEv
                0x00000000000049ba                _ZN5SdFat2lsEh
                0x00000000000049c8                _ZN5SdFat2lsEP5Printh
                0x00000000000049d0                _ZN5SdFat5mkdirEPKcb
                0x0000000000004a22                _ZN5SdFat6removeEPKc
                0x0000000000004a28                _ZN5SdFat6renameEPKcS1_
                0x0000000000004a9c                _ZN5SdFat5rmdirEPKc
                0x0000000000004af8                _ZN5SdFat8truncateEPKcm
 .text          0x0000000000004b68       0x4a ./inc/SdFatUtil.o
                0x0000000000004b68                _ZN9SdFatUtil7print_PEP5PrintPKc
                0x0000000000004b92                _ZN9SdFatUtil9println_PEP5PrintPKc
                0x0000000000004ba2                _ZN9SdFatUtil13SerialPrint_PEPKc
                0x0000000000004baa                _ZN9SdFatUtil15SerialPrintln_PEPKc
 .text          0x0000000000004bb2     0x26fe ./inc/SdFile.o
                0x0000000000004bda                _ZN6SdFile10addClusterEv
                0x0000000000004c2e                _ZN6SdFile13addDirClusterEv
                0x0000000000004d3a                _ZN6SdFile13cacheDirEntryEh
                0x0000000000004d6e                _ZN6SdFile15contiguousRangeEPmS0_
                0x0000000000004ecc                _ZN6SdFile7dirNameERK14directoryEntryPc
                0x0000000000004f06                _ZN6SdFile11getFilenameEPc
                0x0000000000004f3a                _ZN6SdFile6getposEP6fpos_t
                0x0000000000004f70                _ZN6SdFile10make83NameEPKcPhPS1_
                0x0000000000004ff2                _ZN6SdFile8openRootEP8SdVolume
                0x000000000000509a                _ZN6SdFile12printDirNameEP5PrintRK14directoryEntryhb
                0x0000000000005136                _ZN6SdFile12printDirNameERK14directoryEntryhb
                0x0000000000005142                _ZN6SdFile12printFatDateEP5Printj
                0x000000000000519e                _ZN6SdFile12printFatDateEj
                0x00000000000051a6                _ZN6SdFile12printFatTimeEP5Printj
                0x00000000000051fc                _ZN6SdFile12printFatTimeEj
                0x0000000000005204                _ZN6SdFile9printNameEv
                0x000000000000524a                _ZN6SdFile4readEPvj
                0x0000000000005496                _ZN6SdFile4readEv
                0x00000000000054c4                _ZN6SdFile4peekEv
                0x000000000000551a                _ZN6SdFile11lsPrintNextEP5Printhh
                0x0000000000005692                _ZN6SdFile9lsJKWNextEPciPm
                0x0000000000005794                _ZN6SdFile5fgetsEPciS0_
                0x0000000000005860                _ZN6SdFile7readDirEP14directoryEntry
                0x00000000000058c8                _ZN6SdFile12readDirCacheEv
                0x0000000000005942                _ZN6SdFile7seekSetEm
                0x0000000000005a78                _ZN6SdFile6setposEP6fpos_t
                0x0000000000005aa4                _ZN6SdFile4syncEv
                0x0000000000005b3a                _ZN6SdFile8dirEntryEP14directoryEntry
                0x0000000000005b74                _ZN6SdFile5closeEv
                0x0000000000005b8e                _ZN6SdFile9timestampEhjhhhhh
                0x0000000000005cbe                _ZN6SdFile8truncateEm
                0x0000000000005e34                _ZN6SdFile6removeEv
                0x0000000000005e6a                _ZN6SdFile5rmdirEv
                0x0000000000005f0e                _ZN6SdFile15openCachedEntryEhh
                0x0000000000006002                _ZN6SdFile8openNextEPS_h
                0x00000000000060b4                _ZN6SdFile4openEPS_jh
                0x0000000000006140                _ZN6SdFile8rmRfStarEv
                0x0000000000006276                _ZN6SdFile2lsEP5Printhh
                0x0000000000006364                _ZN6SdFile2lsEh
                0x000000000000636e                _ZN6SdFile10openParentEPS_
                0x0000000000006560                _ZN6SdFile4openEPS_PKhh
                0x00000000000066fe                _ZN6SdFile4openEPS_PKch
                0x000000000000687e                _ZN6SdFile6removeEPS_PKc
                0x00000000000068da                _ZN6SdFile4openEPKch
                0x00000000000068ea                _ZN6SdFileC1EPKch
                0x00000000000068ea                _ZN6SdFileC2EPKch
                0x00000000000068fa                _ZN6SdFile6existsEPKc
                0x0000000000006948                _ZN6SdFile16createContiguousEPS_PKcm
                0x00000000000069e8                _ZN6SdFile5mkdirEPS_PKh
                0x0000000000006b72                _ZN6SdFile5mkdirEPS_PKcb
                0x0000000000006d0e                _ZN6SdFile6renameEPS_PKc
                0x0000000000006f0c                _ZN6SdFile5writeEPKvj
                0x0000000000007236                _ZN6SdFile5writeEPKc
                0x000000000000724a                _ZN6SdFile5writeEh
                0x000000000000726a                _ZN6SdFile7write_PEPKc
                0x000000000000729c                _ZN6SdFile9writeln_PEPKc
 .text          0x00000000000072b0      0x278 ./inc/SdStream.o
                0x00000000000072b0                _ZN6SdBase5getchEv
                0x000000000000735c                _ZN6SdBase4openEPKch
                0x00000000000073f8                _ZN6SdBase5putchEc
                0x0000000000007454                _ZN6SdBase6putstrEPKc
                0x00000000000074d6                _ZN6SdBase7seekposEm
                0x00000000000074da                _ZN6SdBase7seekoffElN8ios_base7seekdirE
 .text          0x0000000000007528      0xa04 ./inc/SdVolume.o
                0x0000000000007528                _ZN8SdVolume10cacheFlushEv
                0x000000000000759e                _ZN8SdVolume13cacheRawBlockEmh
                0x000000000000761c                _ZNK8SdVolume6fatGetEmPm
                0x000000000000771c                _ZNK8SdVolume9chainSizeEmPm
                0x00000000000077ea                _ZN8SdVolume6fatPutEmm
                0x000000000000791a                _ZN8SdVolume15allocContiguousEmPm
                0x0000000000007b34                _ZN8SdVolume9freeChainEm
                0x0000000000007be0                _ZN8SdVolume16freeClusterCountEv
                0x0000000000007cfc                _ZN8SdVolume4initEP7Sd2Cardh
 .text          0x0000000000007f2c      0xd24 ./inc/istream.o
                0x0000000000007f2c                _ZN7istream3getEv
                0x0000000000007f70                _ZN7istream3getERc
                0x0000000000007f8e                _ZN7istream3getEPcmc
                0x00000000000080ae                _ZN7istream7getlineEPcmc
                0x00000000000081e8                _ZN7istream6ignoreEmi
                0x000000000000827c                _ZN7istream4peekEv
                0x0000000000008326                _ZN7istream8readSkipEv
                0x000000000000836c                _ZN7istream6getStrEPc
                0x00000000000084b0                _ZN7istream9getNumberEmmPm
                0x000000000000874e                _ZN7istream8getFloatEPf
                0x0000000000008a86                _ZN7istream7getCharEPc
                0x0000000000008abe                _ZN7istream7getBoolEPb
                0x0000000000008be6                _ZN7istream9skipWhiteEv
 .text          0x0000000000008c50      0x624 ./inc/ostream.o
                0x0000000000008c50                _ZN7ostream7do_fillEj
                0x0000000000008ca0                _ZN7ostream13fill_not_leftEj
                0x0000000000008cc4                _ZN7ostream6fmtNumEmPch
                0x0000000000008d56                _ZN7ostream7putCharEc
                0x0000000000008d84                _ZN7ostream6putNumEmb
                0x0000000000008ee2                _ZN7ostream6putNumEl
                0x0000000000008f1a                _ZN7ostream6putPgmERK3pgm
                0x0000000000008f6a                _ZN7ostream9putDoubleEd
                0x00000000000091d6                _ZN7ostream7putBoolEb
                0x000000000000922e                _ZN7ostream6putStrEPKc
 .text          0x0000000000009274        0x0 ./inc/pins_arduino.o
 .text          0x0000000000009274     0x18c2 ./inc/ssd0323.o
                0x0000000000009274                _ZN7ssd032310senden_spiEh
                0x0000000000009296                _ZN7ssd032312send_commandEh
                0x000000000000929e                _ZN7ssd03239send_charEh
                0x00000000000092a2                _ZN7ssd032312clear_screenEv
                0x00000000000092e8                _ZN7ssd032310set2pixelsEhhhh
                0x0000000000009358                _ZN7ssd03234lineEhhhhh
                0x00000000000097fe                _ZN7ssd032314zeichen_big_1xEPKhhiiiih
                0x0000000000009a24                _ZN7ssd032316zeichen_small_1xEPKhhiiiih
                0x0000000000009b96                _ZN7ssd032316zeichen_small_2xEPKhhiiiih
                0x0000000000009d50                _ZN7ssd032316zeichen_small_3xEPKhhiiiih
                0x0000000000009f72                _ZN7ssd032316zeichen_small_4xEPKhhiiiih
                0x000000000000a15e                _ZN7ssd03236stringEsPKchhhhh
                0x000000000000a6d8                _ZN7ssd03236stringEsPKchh
                0x000000000000a6f4                _ZN7ssd03238string_PEsPKchhhhh
                0x000000000000a788                _ZN7ssd03238string_PEsPKchh
                0x000000000000a7a4                _ZN7ssd032311filled_rectEhhhhh
                0x000000000000a866                _ZN7ssd032313highlight_barEhhhh
                0x000000000000a972                _ZN7ssd03234initEhh
                0x000000000000ab34                _ZN7ssd0323C1Ev
                0x000000000000ab34                _ZN7ssd0323C2Ev
 .text          0x000000000000ab36      0x22c ./inc/wiring.o
                0x000000000000ab36                __vector_23
                0x000000000000abca                millis
                0x000000000000abee                micros
                0x000000000000ac42                delay
                0x000000000000ac8a                delayMicroseconds
                0x000000000000ac9e                init
 .text          0x000000000000ad62      0x1ce ./inc/wiring_analog.o
                0x000000000000ad62                analogReference
                0x000000000000ad68                analogRead
                0x000000000000adba                analogWrite
 .text          0x000000000000af30      0x25c ./inc/wiring_digital.o
                0x000000000000af30                pinMode
                0x000000000000af6e                digitalWrite
                0x000000000000b080                digitalRead
 .text          0x000000000000b18c      0x124 ./inc/wiring_pulse.o
                0x000000000000b18c                pulseIn
 .text          0x000000000000b2b0       0xda ./inc/wiring_shift.o
                0x000000000000b2b0                shiftIn
                0x000000000000b312                shiftOut
 .text          0x000000000000b38a      0x650 ./CAN.o
                0x000000000000b38a                _ZN10Speedo_CANC1Ev
                0x000000000000b38a                _ZN10Speedo_CANC2Ev
                0x000000000000b3a6                _ZN10Speedo_CAND2Ev
                0x000000000000b3a6                _ZN10Speedo_CAND1Ev
                0x000000000000b3a8                _ZN10Speedo_CAN8shutdownEv
                0x000000000000b3aa                _ZN10Speedo_CAN10check_varsEv
                0x000000000000b3b0                _ZN10Speedo_CAN12get_air_tempEv
                0x000000000000b3b6                _ZN10Speedo_CAN12get_oil_tempEv
                0x000000000000b3bc                _ZN10Speedo_CAN14get_water_tempEv
                0x000000000000b3f8                _ZN10Speedo_CAN9get_SpeedEv
                0x000000000000b434                _ZN10Speedo_CAN7get_RPMEv
                0x000000000000b470                _ZN10Speedo_CAN8spi_putcEh
                0x000000000000b47c                _ZN10Speedo_CAN22mcp2515_write_registerEhh
                0x000000000000b4d4                _ZN10Speedo_CAN21mcp2515_read_registerEh
                0x000000000000b510                _ZN10Speedo_CAN18mcp2515_bit_modifyEhhh
                0x000000000000b572                _ZN10Speedo_CAN4initEv
                0x000000000000b676                _ZN10Speedo_CAN16can_send_messageEP10CANMessage
                0x000000000000b7aa                _ZN10Speedo_CAN7requestEc
                0x000000000000b7e0                _ZN10Speedo_CAN22mcp2515_read_rx_statusEv
                0x000000000000b81e                _ZN10Speedo_CAN15can_get_messageEP10CANMessage
                0x000000000000b924                _ZN10Speedo_CAN25process_incoming_messagesEv
 .text          0x000000000000b9da     0x14c2 ./aktors.o
                0x000000000000b9da                _ZN13Speedo_aktorsC2Ev
                0x000000000000b9da                _ZN13Speedo_aktorsC1Ev
                0x000000000000ba4e                _ZN13Speedo_aktorsD2Ev
                0x000000000000ba4e                _ZN13Speedo_aktorsD1Ev
                0x000000000000ba50                _ZN13Speedo_aktors19run_reset_on_ATm328Ev
                0x000000000000bb8c                _ZN13Speedo_aktors10check_varsEv
                0x000000000000bc7c                _ZN13Speedo_aktors11set_rgb_outEiiii
                0x000000000000bd14                _ZN13Speedo_aktors11set_rgb_outEiii
                0x000000000000bd24                _ZN13Speedo_aktors11dimm_rgb_toEiiii
                0x000000000000bdac                _ZN13Speedo_aktors14timer_overflowEv
                0x000000000000bfda                __vector_35
                0x000000000000c032                _ZN13Speedo_aktors11stop_dimmerEv
                0x000000000000c03e                _ZN13Speedo_aktors14dimm_availableEv
                0x000000000000c05c                _ZN13Speedo_aktors17set_active_dimmerEb
                0x000000000000c066                _ZN13Speedo_aktors17update_outer_ledsEbb
                0x000000000000c5d6                _ZN13Speedo_aktors6ask_btEPc
                0x000000000000c64c                _ZN13Speedo_aktors10set_bt_pinEv
                0x000000000000cbca                _ZN13Speedo_aktors12set_expanderEv
                0x000000000000cc10                _ZN13Speedo_aktors19set_controll_lightsEhhhhh
                0x000000000000cc8e                _ZN13Speedo_aktors14set_rbg_activeEi
                0x000000000000cdae                _ZN13Speedo_aktors4initEv
 .text          0x000000000000ce9c      0x1a4 ./blinker.o
                0x000000000000ce9c                _ZN13moped_blinkerC1Ev
                0x000000000000ce9c                _ZN13moped_blinkerC2Ev
                0x000000000000ceb0                _ZN13moped_blinkerD2Ev
                0x000000000000ceb0                _ZN13moped_blinkerD1Ev
                0x000000000000ceb2                _ZN13moped_blinker9set_startEmi
                0x000000000000cef0                _ZN13moped_blinker5checkEv
                0x000000000000cfac                _ZN13moped_blinker4warnEm
                0x000000000000cff4                _ZN13moped_blinker4initEv
                0x000000000000d004                _ZN13moped_blinker10check_varsEv
 .text          0x000000000000d040      0x786 ./clock_me.o
                0x000000000000d040                _ZN12speedo_clockC2Ev
                0x000000000000d040                _ZN12speedo_clockC1Ev
                0x000000000000d05c                _ZN12speedo_clockD1Ev
                0x000000000000d05c                _ZN12speedo_clockD2Ev
                0x000000000000d05e                _ZN12speedo_clock7changedEPi
                0x000000000000d084                _ZN12speedo_clock8decToBcdEc
                0x000000000000d098                _ZN12speedo_clock8bcdToDecEc
                0x000000000000d0ac                _ZN12speedo_clock14is_winter_timeEjjjjjj
                0x000000000000d266                _ZN12speedo_clock13set_date_timeEiiiiiib
                0x000000000000d45e                _ZN12speedo_clock4initEv
                0x000000000000d46e                _ZN12speedo_clock10check_varsEv
                0x000000000000d474                _ZN12speedo_clock7getdateEv
                0x000000000000d492                _ZN12speedo_clock13get_long_dateEv
                0x000000000000d508                _ZN12speedo_clock6get_ssEv
                0x000000000000d512                _ZN12speedo_clock3incEv
                0x000000000000d558                _ZN12speedo_clock4copyEPc
                0x000000000000d5c0                _ZN12speedo_clock4loopEv
 .text          0x000000000000d7c6     0x3a5a ./config.o
                0x000000000000d7c6                _ZN13configurationC2Ev
                0x000000000000d7c6                _ZN13configurationC1Ev
                0x000000000000d7d4                _ZN13configurationD1Ev
                0x000000000000d7d4                _ZN13configurationD2Ev
                0x000000000000d7d6                _ZN13configuration14get_hw_versionEv
                0x000000000000d81c                _ZN13configuration8ram_infoEv
                0x000000000000d856                _ZN13configuration5writeEPKc
                0x000000000000f124                _ZN13configuration11parse_floatEPciPf
                0x000000000000f35a                _ZN13configuration10parse_boolEPciPb
                0x000000000000f396                _ZN13configuration9parse_intEPciPi
                0x000000000000f3ec                _ZN13configuration11parse_shortEPciPs
                0x000000000000f436                _ZN13configuration7parse_aEPciS0_i
                0x000000000000f4a6                _ZN13configuration8parse_ulEPciPm
                0x000000000000f53e                _ZN13configuration5parseEPc
                0x0000000000010b96                _ZN13configuration4readEPKc
                0x0000000000010e00                _ZN13configuration9read_skinEv
                0x0000000000010e7e                _ZN13configuration7km_saveEv
                0x0000000000011066                _ZN13configuration14day_trip_checkEv
                0x0000000000011172                _ZN13configuration11EEPROM_initEv
 .text          0x0000000000011220       0x6c ./debug.o
                0x0000000000011220                _ZN9debuggingC1Ev
                0x0000000000011220                _ZN9debuggingC2Ev
                0x0000000000011222                _ZN9debuggingD1Ev
                0x0000000000011222                _ZN9debuggingD2Ev
                0x0000000000011224                _ZN9debugging7sprintpEPKc
                0x000000000001124e                _ZN9debugging9sprintlnpEPKc
                0x000000000001127e                _ZN9debugging11parse_floatEiPciii
                0x0000000000011280                _ZN9debugging9parse_intEv
                0x0000000000011282                _ZN9debugging5parseEiPc
                0x0000000000011284                _ZN9debugging7parse_aEiPc
                0x0000000000011286                _ZN9debugging8parse_ulEim
                0x0000000000011288                _ZN9debugging11speedo_loopEiimPKc
                0x000000000001128a                _ZN9debugging4loopEv
 .text          0x000000000001128c     0x1b3a ./display.o
                0x000000000001128c                _ZN11speedo_dispC1Ev
                0x000000000001128c                _ZN11speedo_dispC2Ev
                0x00000000000112aa                _ZN11speedo_dispD2Ev
                0x00000000000112aa                _ZN11speedo_dispD1Ev
                0x00000000000112ac                _ZN11speedo_disp8draw_oilEhh
                0x0000000000011574                _ZN11speedo_disp10draw_waterEhh
                0x000000000001183c                _ZN11speedo_disp8draw_airEhh
                0x0000000000011944                _ZN11speedo_disp9draw_fuelEhh
                0x0000000000011a6c                _ZN11speedo_disp10draw_clockEhh
                0x0000000000011b94                _ZN11speedo_disp12draw_blitzerEhh
                0x0000000000011e0c                _ZN11speedo_disp10draw_arrowEiii
                0x0000000000012388                _ZN11speedo_disp6sd2ssdEPci
                0x0000000000012558                _ZN11speedo_disp11show_storryEPcjS0_j
                0x000000000001281a                _ZN11speedo_disp14show_animationEPKc
                0x0000000000012b4e                _ZN11speedo_disp12disp_waitingEihh
                0x0000000000012c0e                _ZN11speedo_disp9animationEi
                0x0000000000012c96                _ZN11speedo_disp11init_speedoEv
 .text          0x0000000000012dc6      0x1e8 ./dz.o
                0x0000000000012dc6                _ZN9speedo_dzC2Ev
                0x0000000000012dc6                _ZN9speedo_dzC1Ev
                0x0000000000012df8                _ZN9speedo_dz7counterEv
                0x0000000000012e08                _ZN9speedo_dz6get_dzEb
                0x0000000000012e10                _ZN9speedo_dz4calcEv
                0x0000000000012ef2                __vector_5
                0x0000000000012f38                _ZN9speedo_dz4initEv
                0x0000000000012f64                _ZN9speedo_dz8shutdownEv
                0x0000000000012f72                _ZN9speedo_dz10check_varsEv
 .text          0x0000000000012fae      0xcb4 ./file_manager_v2.o
                0x0000000000012fae                _ZN21speedo_filemanager_v2C1Ev
                0x0000000000012fae                _ZN21speedo_filemanager_v2C2Ev
                0x0000000000012fc6                _ZN21speedo_filemanager_v2D1Ev
                0x0000000000012fc6                _ZN21speedo_filemanager_v2D2Ev
                0x0000000000012fdc                _ZN21speedo_filemanager_v212send_answereEPhjS0_S0_
                0x00000000000130aa                _ZN21speedo_filemanager_v215get_file_handleEPhS0_P6SdFileS2_h
                0x000000000001323e                _ZN21speedo_filemanager_v213parse_commandEv
 .text          0x0000000000013c62      0x240 ./fuel.o
                0x0000000000013c62                _ZN11speedo_fuelC1Ev
                0x0000000000013c62                _ZN11speedo_fuelC2Ev
                0x0000000000013c76                _ZN11speedo_fuelD2Ev
                0x0000000000013c76                _ZN11speedo_fuelD1Ev
                0x0000000000013c78                _ZN11speedo_fuel8get_fuelEPc
                0x0000000000013e60                _ZN11speedo_fuel4initEv
                0x0000000000013e62                _ZN11speedo_fuel10check_varsEv
 .text          0x0000000000013ea2      0x6f4 ./gear.o
                0x0000000000013ea2                _ZN11speedo_gearC2Ev
                0x0000000000013ea2                _ZN11speedo_gearC1Ev
                0x0000000000013ecc                _ZN11speedo_gearD1Ev
                0x0000000000013ecc                _ZN11speedo_gearD2Ev
                0x0000000000013ece                _ZN11speedo_gear4initEv
                0x0000000000013ef6                _ZN11speedo_gear10check_varsEv
                0x0000000000013f74                _ZN11speedo_gear4calcEv
                0x00000000000141e6                _ZN11speedo_gear3getEv
                0x00000000000141fc                _ZN11speedo_gear9calibrateEv
 .text          0x0000000000014596     0x20ac ./gps.o
                0x0000000000014596                _ZN10speedo_gpsC1Ev
                0x0000000000014596                _ZN10speedo_gpsC2Ev
                0x0000000000014684                _ZN10speedo_gpsD1Ev
                0x0000000000014684                _ZN10speedo_gpsD2Ev
                0x0000000000014686                _ZN10speedo_gps10check_varsEv
                0x000000000001468c                _ZN10speedo_gps9recv_dataEv
                0x00000000000147d6                __vector_36
                0x0000000000014832                _ZN10speedo_gps8get_infoEh
                0x000000000001497c                _ZN10speedo_gps11store_to_sdEv
                0x0000000000014a18                _ZN10speedo_gps3modEmm
                0x0000000000014aa6                _ZN10speedo_gps11nmea_to_decEm
                0x0000000000014b6e                _ZN10speedo_gps9calc_distEmm
                0x0000000000014dda                _ZN10speedo_gps9get_orderEPc
                0x0000000000014ffa                _ZN10speedo_gps18generate_new_orderEv
                0x00000000000153a6                _ZN10speedo_gps9calc_naviEv
                0x0000000000015860                _ZN10speedo_gps4loopEv
                0x0000000000015a40                _ZN10speedo_gps17get_logged_pointsEPci
                0x0000000000015cf2                _ZN10speedo_gps8SendByteEh
                0x0000000000015d00                _ZN10speedo_gps10SendStringEPKc
                0x0000000000015d30                _ZN10speedo_gps4initEv
                0x0000000000015d5c                _ZN10speedo_gps16get_drive_statusEv
                0x0000000000015d90                _ZN10speedo_gps16set_drive_statusEiiic
                0x0000000000015de4                _ZN10speedo_gps5parseEPci
                0x00000000000165ee                _ZN10speedo_gps10check_flagEv
 .text          0x0000000000016642       0x38 ./helper.o
                0x0000000000016642                __cxa_pure_virtual
                0x0000000000016646                _Znwj
                0x000000000001664a                _ZdlPv
                0x000000000001664e                _Znaj
                0x0000000000016652                _ZdaPv
                0x000000000001665c                _Z19__cxa_guard_acquirePx
                0x0000000000016670                _Z19__cxa_guard_releasePx
                0x0000000000016678                _Z17__cxa_guard_abortPx
 .text          0x000000000001667a      0x170 ./main.o
                0x000000000001667a                _Z11init_speedov
 .text          0x00000000000167ea     0x6770 ./menu.o
                0x00000000000167ea                _ZN11speedo_menuC2Ev
                0x00000000000167ea                _ZN11speedo_menuC1Ev
                0x0000000000016830                _ZN11speedo_menuD2Ev
                0x0000000000016830                _ZN11speedo_menuD1Ev
                0x0000000000016832                _ZN11speedo_menu4backEv
                0x000000000001692a                _ZN11speedo_menu5yesnoEPKcS1_S1_
                0x0000000000016a74                _ZN11speedo_menu4drawEPKPKci
                0x0000000000016e3c                _ZN11speedo_menu7go_leftEb
                0x0000000000016f0e                _ZN11speedo_menu8go_rightEb
                0x0000000000016f82                _ZN11speedo_menu5go_upEb
                0x000000000001709a                _ZN11speedo_menu7go_downEb
                0x00000000000171b4                _ZN11speedo_menu4initEv
                0x000000000001724a                _ZN11speedo_menu11set_buttonsEbbbb
                0x000000000001725a                _ZN11speedo_menu9center_meEPci
                0x0000000000017382                _ZN11speedo_menu17color_select_menuEiP10led_simpleS1_PiS2_ibPKcS4_cb
                0x0000000000017f76                _ZN11speedo_menu7displayEv
                0x000000000001cb8a                _ZN11speedo_menu11button_testEbb
                0x000000000001ce44                __vector_10
                0x000000000001cea0                _ZN11speedo_menu5popupEPKcS1_
                0x000000000001cf44                _ZN11speedo_menu29copy_storagename_to_chararrayEiPc
 .text          0x000000000001cf5a      0x104 ./oiler.o
                0x000000000001cf5a                _ZN12speedo_oilerC2Ev
                0x000000000001cf5a                _ZN12speedo_oilerC1Ev
                0x000000000001cf62                _ZN12speedo_oilerD2Ev
                0x000000000001cf62                _ZN12speedo_oilerD1Ev
                0x000000000001cf64                _ZN12speedo_oiler4initEv
                0x000000000001cf84                _ZN12speedo_oiler10check_varsEv
                0x000000000001cfae                _ZN12speedo_oiler12send_impulseEv
                0x000000000001cffe                _ZN12speedo_oiler11check_valueEv
 .text          0x000000000001d05e      0x2f4 ./reset.o
                0x000000000001d05e                _ZN12speedo_resetC1Ev
                0x000000000001d05e                _ZN12speedo_resetC2Ev
                0x000000000001d086                _ZN12speedo_resetD2Ev
                0x000000000001d086                _ZN12speedo_resetD1Ev
                0x000000000001d088                _ZN12speedo_reset10check_varsEv
                0x000000000001d08e                _ZN12speedo_reset10set_activeEbb
                0x000000000001d0e4                _ZN12speedo_reset12set_deactiveEbb
                0x000000000001d138                _ZN12speedo_reset7restoreEv
                0x000000000001d152                _ZN12speedo_reset6toggleEv
                0x000000000001d1b2                _ZN12speedo_reset9ask_resetEv
                0x000000000001d2b0                _ZN12speedo_reset4initEv
 .text          0x000000000001d352      0x18c ./sd.o
                0x000000000001d352                _ZN9speedo_sdC1Ev
                0x000000000001d352                _ZN9speedo_sdC2Ev
                0x000000000001d370                _ZN9speedo_sdD1Ev
                0x000000000001d370                _ZN9speedo_sdD2Ev
                0x000000000001d372                _ZN9speedo_sd7error_PEPKc
                0x000000000001d3d0                _ZN9speedo_sd9writeCRLFER6SdFile
                0x000000000001d3de                _ZN9speedo_sd11writeStringER6SdFilePc
                0x000000000001d3fe                _ZN9speedo_sd10power_downEv
                0x000000000001d40e                _ZN9speedo_sd8power_upEh
                0x000000000001d4ce                _ZN9speedo_sd4initEv
 .text          0x000000000001d4de      0xd94 ./sensors.o
                0x000000000001d4de                _ZN14Speedo_sensorsC1Ev
                0x000000000001d4de                _ZN14Speedo_sensorsC2Ev
                0x000000000001d5c8                _ZN14Speedo_sensorsD2Ev
                0x000000000001d5c8                _ZN14Speedo_sensorsD1Ev
                0x000000000001d5ca                _ZN14Speedo_sensors4initEv
                0x000000000001d686                _ZN14Speedo_sensors10clear_varsEv
                0x000000000001d696                _ZN14Speedo_sensors10check_varsEv
                0x000000000001d7be                _ZN14Speedo_sensors7get_RPMEi
                0x000000000001d83c                _ZN14Speedo_sensors9get_speedEb
                0x000000000001d85e                _ZN14Speedo_sensors21get_water_temperatureEv
                0x000000000001d87e                _ZN14Speedo_sensors19get_air_temperatureEv
                0x000000000001d888                _ZN14Speedo_sensors19get_oil_temperatureEv
                0x000000000001d892                _ZN14Speedo_sensors6flatItEiPhcf
                0x000000000001d954                _ZN14Speedo_sensors11pull_valuesEv
                0x000000000001db3a                _ZN14Speedo_sensors17addinfo_show_loopEv
                0x000000000001df50                _ZN14Speedo_sensors12check_inputsEv
                0x000000000001df92                __vector_11
                0x000000000001e00a                __vector_8
                0x000000000001e062                __vector_7
                0x000000000001e0ba                _ZN14Speedo_sensors11single_readEv
 .text          0x000000000001e272      0x96e ./speed.o
                0x000000000001e272                _ZN12speedo_speedC2Ev
                0x000000000001e272                _ZN12speedo_speedC1Ev
                0x000000000001e2e4                _ZN12speedo_speedD2Ev
                0x000000000001e2e4                _ZN12speedo_speedD1Ev
                0x000000000001e2e6                _ZN12speedo_speed4calcEv
                0x000000000001e4dc                __vector_6
                0x000000000001e538                _ZN12speedo_speed4initEv
                0x000000000001e558                _ZN12speedo_speed8shutdownEv
                0x000000000001e566                _ZN12speedo_speed10check_varsEv
                0x000000000001e5ec                _ZN12speedo_speed8getSpeedEv
                0x000000000001e6a8                _ZN12speedo_speed13get_sat_speedEv
                0x000000000001e6e0                _ZN12speedo_speed13get_mag_speedEv
                0x000000000001e6e8                _ZN12speedo_speed12check_umfangEv
 .text          0x000000000001ebe0     0x202e ./speedo.o
                0x000000000001ebe0                _ZN13speedo_speedo9reset_bakEv
                0x000000000001ebfe                _ZN13speedo_speedo4loopEm
                0x0000000000020986                _ZN13speedo_speedo10clear_varsEv
                0x00000000000209dc                _ZN13speedo_speedo10check_varsEv
 .text          0x0000000000020c0e      0x490 ./sprint.o
                0x0000000000020c0e                _ZN13speedo_sprintD2Ev
                0x0000000000020c0e                _ZN13speedo_sprintD1Ev
                0x0000000000020c10                _ZN13speedo_sprint4initEv
                0x0000000000020c2e                _ZN13speedo_sprintC2Ev
                0x0000000000020c2e                _ZN13speedo_sprintC1Ev
                0x0000000000020c30                _ZN13speedo_sprint4loopEv
 .text          0x000000000002109e      0x604 ./stepper.o
                0x000000000002109e                _ZN14speedo_stepperC2Ev
                0x000000000002109e                _ZN14speedo_stepperC1Ev
                0x00000000000210a6                _ZN14speedo_stepperD2Ev
                0x00000000000210a6                _ZN14speedo_stepperD1Ev
                0x00000000000210a8                _ZN14speedo_stepper13overwrite_posEi
                0x00000000000210e0                _ZN14speedo_stepper5go_toEiii
                0x000000000002115c                _ZN14speedo_stepper5go_toEi
                0x0000000000021190                _ZN14speedo_stepper4initEv
                0x00000000000211e2                _ZN14speedo_stepper7get_posEv
                0x00000000000212ae                _ZN14speedo_stepper7startupEv
                0x0000000000021364                _ZN14speedo_stepper16get_motor_statusEPiS0_S0_
                0x00000000000214bc                _ZN14speedo_stepper4loopEv
 .text          0x00000000000216a2      0x888 ./temperature.o
                0x00000000000216a2                _ZN18speedo_temperatureC1Ev
                0x00000000000216a2                _ZN18speedo_temperatureC2Ev
                0x0000000000021726                _ZN18speedo_temperatureD1Ev
                0x0000000000021726                _ZN18speedo_temperatureD2Ev
                0x0000000000021728                _ZN18speedo_temperature10check_varsEv
                0x0000000000021896                _ZN18speedo_temperature4initEv
                0x00000000000218b6                _ZN18speedo_temperature13read_oil_tempEv
                0x0000000000021a42                _ZN18speedo_temperature15read_water_tempEv
                0x0000000000021c54                _ZN18speedo_temperature13read_air_tempEv
                0x0000000000021d24                _ZN18speedo_temperature12get_air_tempEv
                0x0000000000021d3e                _ZN18speedo_temperature12get_oil_tempEv
                0x0000000000021e34                _ZN18speedo_temperature14get_water_tempEv
 .text          0x0000000000021f2a     0x1384 ./tetris.o
                0x0000000000021f2a                _ZN6tetrisC1Ev
                0x0000000000021f2a                _ZN6tetrisC2Ev
                0x0000000000021f2c                _ZN6tetrisD2Ev
                0x0000000000021f2c                _ZN6tetrisD1Ev
                0x0000000000021f2e                _ZN6tetris22copy_element_to_bufferEi
                0x0000000000021fc2                _ZN6tetris11new_elementEv
                0x000000000002209e                _ZN6tetris4initEv
                0x00000000000220e4                _ZN6tetris13initDrawFieldEv
                0x00000000000223c0                _ZN6tetris11updateFieldEv
                0x00000000000224f0                _ZN6tetris11check_stackEv
                0x0000000000022902                _ZN6tetris4loopEv
                0x00000000000231d4                _ZN6tetris3runEv
                0x0000000000023208                _ZN6tetris19show_grid_on_serialEv
 .text          0x00000000000232ae      0x33c ./timer.o
                0x00000000000232ae                _ZN12speedo_timerC2Ev
                0x00000000000232ae                _ZN12speedo_timerC1Ev
                0x00000000000232e6                _ZN12speedo_timerD2Ev
                0x00000000000232e6                _ZN12speedo_timerD1Ev
                0x00000000000232e8                _Z8ram_infov
                0x000000000002330e                _ZN12speedo_timer9every_secEP13configuration
                0x000000000002344c                _ZN12speedo_timer10every_qsecEv
                0x00000000000234c4                _ZN12speedo_timer12every_customEv
 .text          0x00000000000235ea      0x2bc ./voltage.o
                0x00000000000235ea                _ZN14speedo_voltageC2Ev
                0x00000000000235ea                _ZN14speedo_voltageC1Ev
                0x00000000000235f6                _ZN14speedo_voltageD2Ev
                0x00000000000235f6                _ZN14speedo_voltageD1Ev
                0x00000000000235f8                _ZN14speedo_voltage4calcEv
                0x000000000002381a                _ZN14speedo_voltage3getEv
                0x000000000002382e                _ZN14speedo_voltage10check_varsEv
                0x0000000000023834                _ZN14speedo_voltage4initEv
 .text          0x00000000000238a6        0x0 /usr/lib/gcc/avr/4.7.0/../../../avr/lib/avr6/libc.a(malloc.o)
 .text          0x00000000000238a6        0x0 /usr/lib/gcc/avr/4.7.0/../../../avr/lib/avr6/libc.a(exit.o)
 .text          0x00000000000238a6        0x0 /usr/lib/gcc/avr/4.7.0/../../../avr/lib/avr6/libc.a(isalpha.o)
 .text          0x00000000000238a6        0x0 /usr/lib/gcc/avr/4.7.0/../../../avr/lib/avr6/libc.a(isspace.o)
 .text          0x00000000000238a6        0x0 /usr/lib/gcc/avr/4.7.0/../../../avr/lib/avr6/libc.a(strcmp_P.o)
 .text          0x00000000000238a6        0x0 /usr/lib/gcc/avr/4.7.0/../../../avr/lib/avr6/libc.a(strcpy_P.o)
 .text          0x00000000000238a6        0x0 /usr/lib/gcc/avr/4.7.0/../../../avr/lib/avr6/libc.a(strlen_P.o)
 .text          0x00000000000238a6        0x0 /usr/lib/gcc/avr/4.7.0/../../../avr/lib/avr6/libc.a(memcmp.o)
 .text          0x00000000000238a6        0x0 /usr/lib/gcc/avr/4.7.0/../../../avr/lib/avr6/libc.a(memcpy.o)
 .text          0x00000000000238a6        0x0 /usr/lib/gcc/avr/4.7.0/../../../avr/lib/avr6/libc.a(memset.o)
 .text          0x00000000000238a6        0x0 /usr/lib/gcc/avr/4.7.0/../../../avr/lib/avr6/libc.a(strchr.o)
 .text          0x00000000000238a6        0x0 /usr/lib/gcc/avr/4.7.0/../../../avr/lib/avr6/libc.a(strcmp.o)
 .text          0x00000000000238a6        0x0 /usr/lib/gcc/avr/4.7.0/../../../avr/lib/avr6/libc.a(strcpy.o)
 .text          0x00000000000238a6        0x0 /usr/lib/gcc/avr/4.7.0/../../../avr/lib/avr6/libc.a(strncmp.o)
 .text          0x00000000000238a6        0x0 /usr/lib/gcc/avr/4.7.0/../../../avr/lib/avr6/libc.a(sprintf.o)
 .text          0x00000000000238a6        0x0 /usr/lib/gcc/avr/4.7.0/../../../avr/lib/avr6/libc.a(addsf3.o)
 .text          0x00000000000238a6        0x0 /usr/lib/gcc/avr/4.7.0/../../../avr/lib/avr6/libc.a(addsf3x.o)
 .text          0x00000000000238a6        0x0 /usr/lib/gcc/avr/4.7.0/../../../avr/lib/avr6/libc.a(asin.o)
 .text          0x00000000000238a6        0x0 /usr/lib/gcc/avr/4.7.0/../../../avr/lib/avr6/libc.a(cmpsf2.o)
 .text          0x00000000000238a6        0x0 /usr/lib/gcc/avr/4.7.0/../../../avr/lib/avr6/libc.a(cos.o)
 .text          0x00000000000238a6        0x0 /usr/lib/gcc/avr/4.7.0/../../../avr/lib/avr6/libc.a(divsf3.o)
 .text          0x00000000000238a6        0x0 /usr/lib/gcc/avr/4.7.0/../../../avr/lib/avr6/libc.a(divsf3x.o)
 .text          0x00000000000238a6        0x0 /usr/lib/gcc/avr/4.7.0/../../../avr/lib/avr6/libc.a(fixsfsi.o)
 .text          0x00000000000238a6        0x0 /usr/lib/gcc/avr/4.7.0/../../../avr/lib/avr6/libc.a(fixunssfsi.o)
 .text          0x00000000000238a6        0x0 /usr/lib/gcc/avr/4.7.0/../../../avr/lib/avr6/libc.a(floatsisf.o)
 .text          0x00000000000238a6        0x0 /usr/lib/gcc/avr/4.7.0/../../../avr/lib/avr6/libc.a(floor.o)
 .text          0x00000000000238a6        0x0 /usr/lib/gcc/avr/4.7.0/../../../avr/lib/avr6/libc.a(fp_arccos.o)
 .text          0x00000000000238a6        0x0 /usr/lib/gcc/avr/4.7.0/../../../avr/lib/avr6/libc.a(fp_cmp.o)
 .text          0x00000000000238a6        0x0 /usr/lib/gcc/avr/4.7.0/../../../avr/lib/avr6/libc.a(fp_inf.o)
 .text          0x00000000000238a6        0x0 /usr/lib/gcc/avr/4.7.0/../../../avr/lib/avr6/libc.a(fp_mintl.o)
 .text          0x00000000000238a6        0x0 /usr/lib/gcc/avr/4.7.0/../../../avr/lib/avr6/libc.a(fp_mpack.o)
 .text          0x00000000000238a6        0x0 /usr/lib/gcc/avr/4.7.0/../../../avr/lib/avr6/libc.a(fp_nan.o)
 .text          0x00000000000238a6        0x0 /usr/lib/gcc/avr/4.7.0/../../../avr/lib/avr6/libc.a(fp_powser.o)
 .text          0x00000000000238a6        0x0 /usr/lib/gcc/avr/4.7.0/../../../avr/lib/avr6/libc.a(fp_powsodd.o)
 .text          0x00000000000238a6        0x0 /usr/lib/gcc/avr/4.7.0/../../../avr/lib/avr6/libc.a(fp_pscA.o)
 .text          0x00000000000238a6        0x0 /usr/lib/gcc/avr/4.7.0/../../../avr/lib/avr6/libc.a(fp_pscB.o)
 .text          0x00000000000238a6        0x0 /usr/lib/gcc/avr/4.7.0/../../../avr/lib/avr6/libc.a(fp_rempio2.o)
 .text          0x00000000000238a6        0x0 /usr/lib/gcc/avr/4.7.0/../../../avr/lib/avr6/libc.a(fp_round.o)
 .text          0x00000000000238a6        0x0 /usr/lib/gcc/avr/4.7.0/../../../avr/lib/avr6/libc.a(fp_sinus.o)
 .text          0x00000000000238a6        0x0 /usr/lib/gcc/avr/4.7.0/../../../avr/lib/avr6/libc.a(fp_split3.o)
 .text          0x00000000000238a6        0x0 /usr/lib/gcc/avr/4.7.0/../../../avr/lib/avr6/libc.a(fp_trunc.o)
 .text          0x00000000000238a6        0x0 /usr/lib/gcc/avr/4.7.0/../../../avr/lib/avr6/libc.a(fp_zero.o)
 .text          0x00000000000238a6        0x0 /usr/lib/gcc/avr/4.7.0/../../../avr/lib/avr6/libc.a(gesf2.o)
 .text          0x00000000000238a6        0x0 /usr/lib/gcc/avr/4.7.0/../../../avr/lib/avr6/libc.a(mulsf3.o)
 .text          0x00000000000238a6        0x0 /usr/lib/gcc/avr/4.7.0/../../../avr/lib/avr6/libc.a(mulsf3x.o)
 .text          0x00000000000238a6        0x0 /usr/lib/gcc/avr/4.7.0/../../../avr/lib/avr6/libc.a(pow.o)
 .text          0x00000000000238a6        0x0 /usr/lib/gcc/avr/4.7.0/../../../avr/lib/avr6/libc.a(sin.o)
 .text          0x00000000000238a6        0x0 /usr/lib/gcc/avr/4.7.0/../../../avr/lib/avr6/libc.a(sqrt.o)
 .text          0x00000000000238a6        0x0 /usr/lib/gcc/avr/4.7.0/../../../avr/lib/avr6/libc.a(vfprintf_std.o)
 .text          0x00000000000238a6        0x0 /usr/lib/gcc/avr/4.7.0/../../../avr/lib/avr6/libc.a(eerd_byte_atmega2560.o)
 .text          0x00000000000238a6        0x0 /usr/lib/gcc/avr/4.7.0/../../../avr/lib/avr6/libc.a(eewr_byte_atmega2560.o)
 .text          0x00000000000238a6        0x0 /usr/lib/gcc/avr/4.7.0/../../../avr/lib/avr6/libc.a(cty_isfalse.o)
 .text          0x00000000000238a6        0x0 /usr/lib/gcc/avr/4.7.0/../../../avr/lib/avr6/libc.a(strnlen_P.o)
 .text          0x00000000000238a6        0x0 /usr/lib/gcc/avr/4.7.0/../../../avr/lib/avr6/libc.a(strnlen.o)
 .text          0x00000000000238a6        0x0 /usr/lib/gcc/avr/4.7.0/../../../avr/lib/avr6/libc.a(fputc.o)
 .text          0x00000000000238a6        0x0 /usr/lib/gcc/avr/4.7.0/../../../avr/lib/avr6/libc.a(ultoa_invert.o)
 .text          0x00000000000238a6        0x0 /usr/lib/gcc/avr/4.7.0/../../../avr/lib/avr6/libc.a(exp.o)
 .text          0x00000000000238a6        0x0 /usr/lib/gcc/avr/4.7.0/../../../avr/lib/avr6/libc.a(fp_norm2.o)
 .text          0x00000000000238a6        0x0 /usr/lib/gcc/avr/4.7.0/../../../avr/lib/avr6/libc.a(inverse.o)
 .text          0x00000000000238a6        0x0 /usr/lib/gcc/avr/4.7.0/../../../avr/lib/avr6/libc.a(ldexp.o)
 .text          0x00000000000238a6        0x0 /usr/lib/gcc/avr/4.7.0/../../../avr/lib/avr6/libc.a(log.o)
 .text          0x00000000000238a6        0x0 /usr/lib/gcc/avr/4.7.0/../../../avr/lib/avr6/libc.a(modf.o)
 .text          0x00000000000238a6        0x0 /usr/lib/gcc/avr/4.7.0/avr6/libgcc.a(_umulhisi3.o)
 .text          0x00000000000238a6        0x0 /usr/lib/gcc/avr/4.7.0/avr6/libgcc.a(_muluhisi3.o)
 .text          0x00000000000238a6        0x0 /usr/lib/gcc/avr/4.7.0/avr6/libgcc.a(_mulsi3.o)
 .text          0x00000000000238a6        0x0 /usr/lib/gcc/avr/4.7.0/avr6/libgcc.a(_udivmodqi4.o)
 .text          0x00000000000238a6        0x0 /usr/lib/gcc/avr/4.7.0/avr6/libgcc.a(_udivmodhi4.o)
 .text          0x00000000000238a6        0x0 /usr/lib/gcc/avr/4.7.0/avr6/libgcc.a(_divmodhi4.o)
 .text          0x00000000000238a6        0x0 /usr/lib/gcc/avr/4.7.0/avr6/libgcc.a(_udivmodsi4.o)
 .text          0x00000000000238a6        0x0 /usr/lib/gcc/avr/4.7.0/avr6/libgcc.a(_divmodsi4.o)
 .text          0x00000000000238a6        0x0 /usr/lib/gcc/avr/4.7.0/avr6/libgcc.a(_exit.o)
 .text          0x00000000000238a6        0x0 /usr/lib/gcc/avr/4.7.0/avr6/libgcc.a(_copy_data.o)
 .text          0x00000000000238a6        0x0 /usr/lib/gcc/avr/4.7.0/avr6/libgcc.a(_clear_bss.o)
 .text          0x00000000000238a6        0x0 /usr/lib/gcc/avr/4.7.0/avr6/libgcc.a(_ctors.o)
 .text          0x00000000000238a6        0x0 /usr/lib/gcc/avr/4.7.0/avr6/libgcc.a(_dtors.o)
 .text          0x00000000000238a6        0x0 /usr/lib/gcc/avr/4.7.0/avr6/libgcc.a(_tablejump_elpm.o)
                0x00000000000238a6                . = ALIGN (0x2)
 *(.text.*)
 .text._ZN14HardwareSerialD2Ev
                0x00000000000238a6        0xc ./inc/HardwareSerial.o
                0x00000000000238a6                _ZN14HardwareSerialD2Ev
                0x00000000000238a6                _ZN14HardwareSerialD1Ev
 .text._ZN14HardwareSerialD0Ev
                0x00000000000238b2        0xe ./inc/HardwareSerial.o
                0x00000000000238b2                _ZN14HardwareSerialD0Ev
 .text.startup  0x00000000000238c0      0x13c ./inc/HardwareSerial.o
 .text.exit     0x00000000000239fc       0x1e ./inc/HardwareSerial.o
 .text._ZN6SdFileD2Ev
                0x0000000000023a1a       0x14 ./inc/SdFat.o
                0x0000000000023a1a                _ZN6SdFileD1Ev
                0x0000000000023a1a                _ZN6SdFileD2Ev
 .text._ZN7istream5getchEP6fpos_t
                0x0000000000023a2e       0x24 ./inc/istream.o
                0x0000000000023a2e                _ZN7istream5getchEP6fpos_t
 .text._ZN6SdFileaSERKS_
                0x0000000000023a52       0xa0 ./file_manager_v2.o
                0x0000000000023a52                _ZN6SdFileaSERKS_
 .text.startup  0x0000000000023af2      0x2a6 ./main.o
                0x0000000000023af2                main
 .text.avr-libc
                0x0000000000023d98      0x272 /usr/lib/gcc/avr/4.7.0/../../../avr/lib/avr6/libc.a(malloc.o)
                0x0000000000023d98                malloc
                0x0000000000023ece                free
 .text.avr-libc
                0x000000000002400a        0x6 /usr/lib/gcc/avr/4.7.0/../../../avr/lib/avr6/libc.a(exit.o)
                0x000000000002400a                exit
 .text.avr-libc
                0x0000000000024010       0x12 /usr/lib/gcc/avr/4.7.0/../../../avr/lib/avr6/libc.a(isalpha.o)
                0x0000000000024010                isupper
                0x0000000000024014                isalpha
                0x0000000000024016                islower
 .text.avr-libc
                0x0000000000024022       0x10 /usr/lib/gcc/avr/4.7.0/../../../avr/lib/avr6/libc.a(isspace.o)
                0x0000000000024022                isspace
 .text.avr-libc
                0x0000000000024032       0x12 /usr/lib/gcc/avr/4.7.0/../../../avr/lib/avr6/libc.a(strcmp_P.o)
                0x0000000000024032                strcmp_P
 .text.avr-libc
                0x0000000000024044        0xe /usr/lib/gcc/avr/4.7.0/../../../avr/lib/avr6/libc.a(strcpy_P.o)
                0x0000000000024044                strcpy_P
 .text.avr-libc
                0x0000000000024052       0x12 /usr/lib/gcc/avr/4.7.0/../../../avr/lib/avr6/libc.a(strlen_P.o)
                0x0000000000024052                __strlen_P
 .text.avr-libc
                0x0000000000024064       0x1a /usr/lib/gcc/avr/4.7.0/../../../avr/lib/avr6/libc.a(memcmp.o)
                0x0000000000024064                memcmp
 .text.avr-libc
                0x000000000002407e       0x12 /usr/lib/gcc/avr/4.7.0/../../../avr/lib/avr6/libc.a(memcpy.o)
                0x000000000002407e                memcpy
 .text.avr-libc
                0x0000000000024090        0xe /usr/lib/gcc/avr/4.7.0/../../../avr/lib/avr6/libc.a(memset.o)
                0x0000000000024090                memset
 .text.avr-libc
                0x000000000002409e       0x16 /usr/lib/gcc/avr/4.7.0/../../../avr/lib/avr6/libc.a(strchr.o)
                0x000000000002409e                strchr
 .text.avr-libc
                0x00000000000240b4       0x12 /usr/lib/gcc/avr/4.7.0/../../../avr/lib/avr6/libc.a(strcmp.o)
                0x00000000000240b4                strcmp
 .text.avr-libc
                0x00000000000240c6        0xe /usr/lib/gcc/avr/4.7.0/../../../avr/lib/avr6/libc.a(strcpy.o)
                0x00000000000240c6                strcpy
 .text.avr-libc
                0x00000000000240d4       0x1c /usr/lib/gcc/avr/4.7.0/../../../avr/lib/avr6/libc.a(strncmp.o)
                0x00000000000240d4                strncmp
 .text.avr-libc
                0x00000000000240f0       0x60 /usr/lib/gcc/avr/4.7.0/../../../avr/lib/avr6/libc.a(sprintf.o)
                0x00000000000240f0                sprintf
 .text.avr-libc.fplib
                0x0000000000024150        0xa /usr/lib/gcc/avr/4.7.0/../../../avr/lib/avr6/libc.a(addsf3.o)
                0x0000000000024150                __subsf3
                0x0000000000024152                __addsf3
 .text.avr-libc.fplib
                0x000000000002415a       0xc0 /usr/lib/gcc/avr/4.7.0/../../../avr/lib/avr6/libc.a(addsf3x.o)
                0x0000000000024174                __addsf3x
 .text.avr-libc.fplib
                0x000000000002421a       0x2e /usr/lib/gcc/avr/4.7.0/../../../avr/lib/avr6/libc.a(asin.o)
                0x000000000002421a                asin
 .text.avr-libc.fplib
                0x0000000000024248        0x8 /usr/lib/gcc/avr/4.7.0/../../../avr/lib/avr6/libc.a(cmpsf2.o)
                0x0000000000024248                __lesf2
                0x0000000000024248                __nesf2
                0x0000000000024248                __eqsf2
                0x0000000000024248                __cmpsf2
                0x0000000000024248                __ltsf2
 .text.avr-libc.fplib
                0x0000000000024250        0x6 /usr/lib/gcc/avr/4.7.0/../../../avr/lib/avr6/libc.a(cos.o)
                0x0000000000024250                cos
 .text.avr-libc.fplib
                0x0000000000024256        0x4 /usr/lib/gcc/avr/4.7.0/../../../avr/lib/avr6/libc.a(divsf3.o)
                0x0000000000024256                __divsf3
 .text.avr-libc.fplib
                0x000000000002425a       0xcc /usr/lib/gcc/avr/4.7.0/../../../avr/lib/avr6/libc.a(divsf3x.o)
                0x0000000000024270                __divsf3x
                0x0000000000024274                __divsf3_pse
 .text.avr-libc.fplib
                0x0000000000024326        0xa /usr/lib/gcc/avr/4.7.0/../../../avr/lib/avr6/libc.a(fixsfsi.o)
                0x0000000000024326                __fixsfsi
 .text.avr-libc.fplib
                0x0000000000024330       0x58 /usr/lib/gcc/avr/4.7.0/../../../avr/lib/avr6/libc.a(fixunssfsi.o)
                0x0000000000024330                __fixunssfsi
 .text.avr-libc.fplib
                0x0000000000024388       0x7a /usr/lib/gcc/avr/4.7.0/../../../avr/lib/avr6/libc.a(floatsisf.o)
                0x0000000000024388                __floatunsisf
                0x000000000002438c                __floatsisf
 .text.avr-libc.fplib
                0x0000000000024402       0x26 /usr/lib/gcc/avr/4.7.0/../../../avr/lib/avr6/libc.a(floor.o)
                0x0000000000024402                floor
 .text.avr-libc.fplib
                0x0000000000024428       0x36 /usr/lib/gcc/avr/4.7.0/../../../avr/lib/avr6/libc.a(fp_arccos.o)
                0x0000000000024428                __fp_arccos
 .text.avr-libc.fplib
                0x000000000002445e       0x48 /usr/lib/gcc/avr/4.7.0/../../../avr/lib/avr6/libc.a(fp_cmp.o)
                0x000000000002445e                __fp_cmp
 .text.avr-libc.fplib
                0x00000000000244a6        0xc /usr/lib/gcc/avr/4.7.0/../../../avr/lib/avr6/libc.a(fp_inf.o)
                0x00000000000244a6                __fp_inf
 .text.avr-libc.fplib
                0x00000000000244b2       0x36 /usr/lib/gcc/avr/4.7.0/../../../avr/lib/avr6/libc.a(fp_mintl.o)
                0x00000000000244b2                __fp_mintl
 .text.avr-libc.fplib
                0x00000000000244e8       0x1c /usr/lib/gcc/avr/4.7.0/../../../avr/lib/avr6/libc.a(fp_mpack.o)
                0x00000000000244e8                __fp_mpack
                0x00000000000244ec                __fp_mpack_finite
 .text.avr-libc.fplib
                0x0000000000024504        0x6 /usr/lib/gcc/avr/4.7.0/../../../avr/lib/avr6/libc.a(fp_nan.o)
                0x0000000000024504                __fp_nan
 .text.avr-libc.fplib
                0x000000000002450a       0x4a /usr/lib/gcc/avr/4.7.0/../../../avr/lib/avr6/libc.a(fp_powser.o)
                0x000000000002450a                __fp_powser
 .text.avr-libc.fplib
                0x0000000000024554       0x22 /usr/lib/gcc/avr/4.7.0/../../../avr/lib/avr6/libc.a(fp_powsodd.o)
                0x0000000000024554                __fp_powsodd
 .text.avr-libc.fplib
                0x0000000000024576        0xe /usr/lib/gcc/avr/4.7.0/../../../avr/lib/avr6/libc.a(fp_pscA.o)
                0x0000000000024576                __fp_pscA
 .text.avr-libc.fplib
                0x0000000000024584        0xe /usr/lib/gcc/avr/4.7.0/../../../avr/lib/avr6/libc.a(fp_pscB.o)
                0x0000000000024584                __fp_pscB
 .text.avr-libc.fplib
                0x0000000000024592       0x50 /usr/lib/gcc/avr/4.7.0/../../../avr/lib/avr6/libc.a(fp_rempio2.o)
                0x0000000000024594                __fp_rempio2
 .text.avr-libc.fplib
                0x00000000000245e2       0x22 /usr/lib/gcc/avr/4.7.0/../../../avr/lib/avr6/libc.a(fp_round.o)
                0x00000000000245e2                __fp_round
 .text.avr-libc.fplib
                0x0000000000024604       0x22 /usr/lib/gcc/avr/4.7.0/../../../avr/lib/avr6/libc.a(fp_sinus.o)
                0x0000000000024604                __fp_sinus
 .text.avr-libc.fplib
                0x0000000000024626       0x44 /usr/lib/gcc/avr/4.7.0/../../../avr/lib/avr6/libc.a(fp_split3.o)
                0x0000000000024626                __fp_split3
                0x0000000000024636                __fp_splitA
 .text.avr-libc.fplib
                0x000000000002466a       0x2e /usr/lib/gcc/avr/4.7.0/../../../avr/lib/avr6/libc.a(fp_trunc.o)
                0x000000000002466a                __fp_trunc
 .text.avr-libc.fplib
                0x0000000000024698        0xe /usr/lib/gcc/avr/4.7.0/../../../avr/lib/avr6/libc.a(fp_zero.o)
                0x0000000000024698                __fp_zero
                0x000000000002469a                __fp_szero
 .text.avr-libc.fplib
                0x00000000000246a6        0x8 /usr/lib/gcc/avr/4.7.0/../../../avr/lib/avr6/libc.a(gesf2.o)
                0x00000000000246a6                __gtsf2
                0x00000000000246a6                __gesf2
 .text.avr-libc.fplib
                0x00000000000246ae        0x4 /usr/lib/gcc/avr/4.7.0/../../../avr/lib/avr6/libc.a(mulsf3.o)
                0x00000000000246ae                __mulsf3
 .text.avr-libc.fplib
                0x00000000000246b2       0xc2 /usr/lib/gcc/avr/4.7.0/../../../avr/lib/avr6/libc.a(mulsf3x.o)
                0x00000000000246c6                __mulsf3x
                0x00000000000246ca                __mulsf3_pse
 .text.avr-libc.fplib
                0x0000000000024774       0x98 /usr/lib/gcc/avr/4.7.0/../../../avr/lib/avr6/libc.a(pow.o)
                0x0000000000024774                pow
 .text.avr-libc.fplib
                0x000000000002480c        0xc /usr/lib/gcc/avr/4.7.0/../../../avr/lib/avr6/libc.a(sin.o)
                0x000000000002480c                sin
 .text.avr-libc.fplib
                0x0000000000024818       0x84 /usr/lib/gcc/avr/4.7.0/../../../avr/lib/avr6/libc.a(sqrt.o)
                0x0000000000024820                sqrt
 .text.avr-libc
                0x000000000002489c      0x3f2 /usr/lib/gcc/avr/4.7.0/../../../avr/lib/avr6/libc.a(vfprintf_std.o)
                0x000000000002489c                vfprintf
 .text.avr-libc
                0x0000000000024c8e       0x10 /usr/lib/gcc/avr/4.7.0/../../../avr/lib/avr6/libc.a(eerd_byte_atmega2560.o)
                0x0000000000024c8e                __eerd_byte_m2560
 .text.avr-libc
                0x0000000000024c9e       0x1c /usr/lib/gcc/avr/4.7.0/../../../avr/lib/avr6/libc.a(eewr_byte_atmega2560.o)
                0x0000000000024c9e                __eewr_byte_m2560
                0x0000000000024ca0                __eewr_r18_m2560
 .text.avr-libc
                0x0000000000024cba        0x6 /usr/lib/gcc/avr/4.7.0/../../../avr/lib/avr6/libc.a(cty_isfalse.o)
                0x0000000000024cba                __ctype_isfalse
                0x0000000000024cbe                __ctype_istrue
 .text.avr-libc
                0x0000000000024cc0       0x16 /usr/lib/gcc/avr/4.7.0/../../../avr/lib/avr6/libc.a(strnlen_P.o)
                0x0000000000024cc0                strnlen_P
 .text.avr-libc
                0x0000000000024cd6       0x16 /usr/lib/gcc/avr/4.7.0/../../../avr/lib/avr6/libc.a(strnlen.o)
                0x0000000000024cd6                strnlen
 .text.avr-libc
                0x0000000000024cec       0x58 /usr/lib/gcc/avr/4.7.0/../../../avr/lib/avr6/libc.a(fputc.o)
                0x0000000000024cec                fputc
 .text.avr-libc
                0x0000000000024d44       0xbc /usr/lib/gcc/avr/4.7.0/../../../avr/lib/avr6/libc.a(ultoa_invert.o)
                0x0000000000024d44                __ultoa_invert
 .text.avr-libc.fplib
                0x0000000000024e00       0x62 /usr/lib/gcc/avr/4.7.0/../../../avr/lib/avr6/libc.a(exp.o)
                0x0000000000024e0a                exp
 .text.avr-libc.fplib
                0x0000000000024e62        0xe /usr/lib/gcc/avr/4.7.0/../../../avr/lib/avr6/libc.a(fp_norm2.o)
                0x0000000000024e62                __fp_norm2
 .text.avr-libc.fplib
                0x0000000000024e70        0xe /usr/lib/gcc/avr/4.7.0/../../../avr/lib/avr6/libc.a(inverse.o)
                0x0000000000024e70                inverse
 .text.avr-libc.fplib
                0x0000000000024e7e       0x6c /usr/lib/gcc/avr/4.7.0/../../../avr/lib/avr6/libc.a(ldexp.o)
                0x0000000000024e82                ldexp
 .text.avr-libc.fplib
                0x0000000000024eea       0x8a /usr/lib/gcc/avr/4.7.0/../../../avr/lib/avr6/libc.a(log.o)
                0x0000000000024ef4                log
 .text.avr-libc.fplib
                0x0000000000024f74       0x66 /usr/lib/gcc/avr/4.7.0/../../../avr/lib/avr6/libc.a(modf.o)
                0x0000000000024f74                modff
                0x0000000000024f74                modf
 .text.libgcc.mul
                0x0000000000024fda       0x18 /usr/lib/gcc/avr/4.7.0/avr6/libgcc.a(_umulhisi3.o)
                0x0000000000024fda                __umulhisi3
 .text.libgcc.div
                0x0000000000024ff2        0x0 /usr/lib/gcc/avr/4.7.0/avr6/libgcc.a(_umulhisi3.o)
 .text.libgcc   0x0000000000024ff2        0x0 /usr/lib/gcc/avr/4.7.0/avr6/libgcc.a(_umulhisi3.o)
 .text.libgcc.prologue
                0x0000000000024ff2        0x0 /usr/lib/gcc/avr/4.7.0/avr6/libgcc.a(_umulhisi3.o)
 .text.libgcc.builtins
                0x0000000000024ff2        0x0 /usr/lib/gcc/avr/4.7.0/avr6/libgcc.a(_umulhisi3.o)
 .text.libgcc.fmul
                0x0000000000024ff2        0x0 /usr/lib/gcc/avr/4.7.0/avr6/libgcc.a(_umulhisi3.o)
 .text.libgcc.mul
                0x0000000000024ff2       0x14 /usr/lib/gcc/avr/4.7.0/avr6/libgcc.a(_muluhisi3.o)
                0x0000000000024ff2                __muluhisi3
 .text.libgcc.div
                0x0000000000025006        0x0 /usr/lib/gcc/avr/4.7.0/avr6/libgcc.a(_muluhisi3.o)
 .text.libgcc   0x0000000000025006        0x0 /usr/lib/gcc/avr/4.7.0/avr6/libgcc.a(_muluhisi3.o)
 .text.libgcc.prologue
                0x0000000000025006        0x0 /usr/lib/gcc/avr/4.7.0/avr6/libgcc.a(_muluhisi3.o)
 .text.libgcc.builtins
                0x0000000000025006        0x0 /usr/lib/gcc/avr/4.7.0/avr6/libgcc.a(_muluhisi3.o)
 .text.libgcc.fmul
                0x0000000000025006        0x0 /usr/lib/gcc/avr/4.7.0/avr6/libgcc.a(_muluhisi3.o)
 .text.libgcc.mul
                0x0000000000025006       0x1e /usr/lib/gcc/avr/4.7.0/avr6/libgcc.a(_mulsi3.o)
                0x0000000000025006                __mulsi3
 .text.libgcc.div
                0x0000000000025024        0x0 /usr/lib/gcc/avr/4.7.0/avr6/libgcc.a(_mulsi3.o)
 .text.libgcc   0x0000000000025024        0x0 /usr/lib/gcc/avr/4.7.0/avr6/libgcc.a(_mulsi3.o)
 .text.libgcc.prologue
                0x0000000000025024        0x0 /usr/lib/gcc/avr/4.7.0/avr6/libgcc.a(_mulsi3.o)
 .text.libgcc.builtins
                0x0000000000025024        0x0 /usr/lib/gcc/avr/4.7.0/avr6/libgcc.a(_mulsi3.o)
 .text.libgcc.fmul
                0x0000000000025024        0x0 /usr/lib/gcc/avr/4.7.0/avr6/libgcc.a(_mulsi3.o)
 .text.libgcc.mul
                0x0000000000025024        0x0 /usr/lib/gcc/avr/4.7.0/avr6/libgcc.a(_udivmodqi4.o)
 .text.libgcc.div
                0x0000000000025024       0x18 /usr/lib/gcc/avr/4.7.0/avr6/libgcc.a(_udivmodqi4.o)
                0x0000000000025024                __udivmodqi4
 .text.libgcc   0x000000000002503c        0x0 /usr/lib/gcc/avr/4.7.0/avr6/libgcc.a(_udivmodqi4.o)
 .text.libgcc.prologue
                0x000000000002503c        0x0 /usr/lib/gcc/avr/4.7.0/avr6/libgcc.a(_udivmodqi4.o)
 .text.libgcc.builtins
                0x000000000002503c        0x0 /usr/lib/gcc/avr/4.7.0/avr6/libgcc.a(_udivmodqi4.o)
 .text.libgcc.fmul
                0x000000000002503c        0x0 /usr/lib/gcc/avr/4.7.0/avr6/libgcc.a(_udivmodqi4.o)
 .text.libgcc.mul
                0x000000000002503c        0x0 /usr/lib/gcc/avr/4.7.0/avr6/libgcc.a(_udivmodhi4.o)
 .text.libgcc.div
                0x000000000002503c       0x28 /usr/lib/gcc/avr/4.7.0/avr6/libgcc.a(_udivmodhi4.o)
                0x000000000002503c                __udivmodhi4
 .text.libgcc   0x0000000000025064        0x0 /usr/lib/gcc/avr/4.7.0/avr6/libgcc.a(_udivmodhi4.o)
 .text.libgcc.prologue
                0x0000000000025064        0x0 /usr/lib/gcc/avr/4.7.0/avr6/libgcc.a(_udivmodhi4.o)
 .text.libgcc.builtins
                0x0000000000025064        0x0 /usr/lib/gcc/avr/4.7.0/avr6/libgcc.a(_udivmodhi4.o)
 .text.libgcc.fmul
                0x0000000000025064        0x0 /usr/lib/gcc/avr/4.7.0/avr6/libgcc.a(_udivmodhi4.o)
 .text.libgcc.mul
                0x0000000000025064        0x0 /usr/lib/gcc/avr/4.7.0/avr6/libgcc.a(_divmodhi4.o)
 .text.libgcc.div
                0x0000000000025064       0x26 /usr/lib/gcc/avr/4.7.0/avr6/libgcc.a(_divmodhi4.o)
                0x0000000000025064                __divmodhi4
                0x0000000000025064                _div
 .text.libgcc   0x000000000002508a        0x0 /usr/lib/gcc/avr/4.7.0/avr6/libgcc.a(_divmodhi4.o)
 .text.libgcc.prologue
                0x000000000002508a        0x0 /usr/lib/gcc/avr/4.7.0/avr6/libgcc.a(_divmodhi4.o)
 .text.libgcc.builtins
                0x000000000002508a        0x0 /usr/lib/gcc/avr/4.7.0/avr6/libgcc.a(_divmodhi4.o)
 .text.libgcc.fmul
                0x000000000002508a        0x0 /usr/lib/gcc/avr/4.7.0/avr6/libgcc.a(_divmodhi4.o)
 .text.libgcc.mul
                0x000000000002508a        0x0 /usr/lib/gcc/avr/4.7.0/avr6/libgcc.a(_udivmodsi4.o)
 .text.libgcc.div
                0x000000000002508a       0x44 /usr/lib/gcc/avr/4.7.0/avr6/libgcc.a(_udivmodsi4.o)
                0x000000000002508a                __udivmodsi4
 .text.libgcc   0x00000000000250ce        0x0 /usr/lib/gcc/avr/4.7.0/avr6/libgcc.a(_udivmodsi4.o)
 .text.libgcc.prologue
                0x00000000000250ce        0x0 /usr/lib/gcc/avr/4.7.0/avr6/libgcc.a(_udivmodsi4.o)
 .text.libgcc.builtins
                0x00000000000250ce        0x0 /usr/lib/gcc/avr/4.7.0/avr6/libgcc.a(_udivmodsi4.o)
 .text.libgcc.fmul
                0x00000000000250ce        0x0 /usr/lib/gcc/avr/4.7.0/avr6/libgcc.a(_udivmodsi4.o)
 .text.libgcc.mul
                0x00000000000250ce        0x0 /usr/lib/gcc/avr/4.7.0/avr6/libgcc.a(_divmodsi4.o)
 .text.libgcc.div
                0x00000000000250ce       0x36 /usr/lib/gcc/avr/4.7.0/avr6/libgcc.a(_divmodsi4.o)
                0x00000000000250ce                __divmodsi4
 .text.libgcc   0x0000000000025104        0x0 /usr/lib/gcc/avr/4.7.0/avr6/libgcc.a(_divmodsi4.o)
 .text.libgcc.prologue
                0x0000000000025104        0x0 /usr/lib/gcc/avr/4.7.0/avr6/libgcc.a(_divmodsi4.o)
 .text.libgcc.builtins
                0x0000000000025104        0x0 /usr/lib/gcc/avr/4.7.0/avr6/libgcc.a(_divmodsi4.o)
 .text.libgcc.fmul
                0x0000000000025104        0x0 /usr/lib/gcc/avr/4.7.0/avr6/libgcc.a(_divmodsi4.o)
 .text.libgcc.mul
                0x0000000000025104        0x0 /usr/lib/gcc/avr/4.7.0/avr6/libgcc.a(_exit.o)
 .text.libgcc.div
                0x0000000000025104        0x0 /usr/lib/gcc/avr/4.7.0/avr6/libgcc.a(_exit.o)
 .text.libgcc   0x0000000000025104        0x0 /usr/lib/gcc/avr/4.7.0/avr6/libgcc.a(_exit.o)
 .text.libgcc.prologue
                0x0000000000025104        0x0 /usr/lib/gcc/avr/4.7.0/avr6/libgcc.a(_exit.o)
 .text.libgcc.builtins
                0x0000000000025104        0x0 /usr/lib/gcc/avr/4.7.0/avr6/libgcc.a(_exit.o)
 .text.libgcc.fmul
                0x0000000000025104        0x0 /usr/lib/gcc/avr/4.7.0/avr6/libgcc.a(_exit.o)
 .text.libgcc.mul
                0x0000000000025104        0x0 /usr/lib/gcc/avr/4.7.0/avr6/libgcc.a(_copy_data.o)
 .text.libgcc.div
                0x0000000000025104        0x0 /usr/lib/gcc/avr/4.7.0/avr6/libgcc.a(_copy_data.o)
 .text.libgcc   0x0000000000025104        0x0 /usr/lib/gcc/avr/4.7.0/avr6/libgcc.a(_copy_data.o)
 .text.libgcc.prologue
                0x0000000000025104        0x0 /usr/lib/gcc/avr/4.7.0/avr6/libgcc.a(_copy_data.o)
 .text.libgcc.builtins
                0x0000000000025104        0x0 /usr/lib/gcc/avr/4.7.0/avr6/libgcc.a(_copy_data.o)
 .text.libgcc.fmul
                0x0000000000025104        0x0 /usr/lib/gcc/avr/4.7.0/avr6/libgcc.a(_copy_data.o)
 .text.libgcc.mul
                0x0000000000025104        0x0 /usr/lib/gcc/avr/4.7.0/avr6/libgcc.a(_clear_bss.o)
 .text.libgcc.div
                0x0000000000025104        0x0 /usr/lib/gcc/avr/4.7.0/avr6/libgcc.a(_clear_bss.o)
 .text.libgcc   0x0000000000025104        0x0 /usr/lib/gcc/avr/4.7.0/avr6/libgcc.a(_clear_bss.o)
 .text.libgcc.prologue
                0x0000000000025104        0x0 /usr/lib/gcc/avr/4.7.0/avr6/libgcc.a(_clear_bss.o)
 .text.libgcc.builtins
                0x0000000000025104        0x0 /usr/lib/gcc/avr/4.7.0/avr6/libgcc.a(_clear_bss.o)
 .text.libgcc.fmul
                0x0000000000025104        0x0 /usr/lib/gcc/avr/4.7.0/avr6/libgcc.a(_clear_bss.o)
 .text.libgcc.mul
                0x0000000000025104        0x0 /usr/lib/gcc/avr/4.7.0/avr6/libgcc.a(_ctors.o)
 .text.libgcc.div
                0x0000000000025104        0x0 /usr/lib/gcc/avr/4.7.0/avr6/libgcc.a(_ctors.o)
 .text.libgcc   0x0000000000025104        0x0 /usr/lib/gcc/avr/4.7.0/avr6/libgcc.a(_ctors.o)
 .text.libgcc.prologue
                0x0000000000025104        0x0 /usr/lib/gcc/avr/4.7.0/avr6/libgcc.a(_ctors.o)
 .text.libgcc.builtins
                0x0000000000025104        0x0 /usr/lib/gcc/avr/4.7.0/avr6/libgcc.a(_ctors.o)
 .text.libgcc.fmul
                0x0000000000025104        0x0 /usr/lib/gcc/avr/4.7.0/avr6/libgcc.a(_ctors.o)
 .text.libgcc.mul
                0x0000000000025104        0x0 /usr/lib/gcc/avr/4.7.0/avr6/libgcc.a(_dtors.o)
 .text.libgcc.div
                0x0000000000025104        0x0 /usr/lib/gcc/avr/4.7.0/avr6/libgcc.a(_dtors.o)
 .text.libgcc   0x0000000000025104        0x0 /usr/lib/gcc/avr/4.7.0/avr6/libgcc.a(_dtors.o)
 .text.libgcc.prologue
                0x0000000000025104        0x0 /usr/lib/gcc/avr/4.7.0/avr6/libgcc.a(_dtors.o)
 .text.libgcc.builtins
                0x0000000000025104        0x0 /usr/lib/gcc/avr/4.7.0/avr6/libgcc.a(_dtors.o)
 .text.libgcc.fmul
                0x0000000000025104        0x0 /usr/lib/gcc/avr/4.7.0/avr6/libgcc.a(_dtors.o)
 .text.libgcc.mul
                0x0000000000025104        0x0 /usr/lib/gcc/avr/4.7.0/avr6/libgcc.a(_tablejump_elpm.o)
 .text.libgcc.div
                0x0000000000025104        0x0 /usr/lib/gcc/avr/4.7.0/avr6/libgcc.a(_tablejump_elpm.o)
 .text.libgcc   0x0000000000025104        0x8 /usr/lib/gcc/avr/4.7.0/avr6/libgcc.a(_tablejump_elpm.o)
                0x0000000000025104                __tablejump_elpm__
 .text.libgcc.prologue
                0x000000000002510c        0x0 /usr/lib/gcc/avr/4.7.0/avr6/libgcc.a(_tablejump_elpm.o)
 .text.libgcc.builtins
                0x000000000002510c        0x0 /usr/lib/gcc/avr/4.7.0/avr6/libgcc.a(_tablejump_elpm.o)
 .text.libgcc.fmul
                0x000000000002510c        0x0 /usr/lib/gcc/avr/4.7.0/avr6/libgcc.a(_tablejump_elpm.o)
                0x000000000002510c                . = ALIGN (0x2)
 *(.fini9)
 .fini9         0x000000000002510c        0x0 /usr/lib/gcc/avr/4.7.0/avr6/libgcc.a(_exit.o)
                0x000000000002510c                _exit
 *(.fini9)
 *(.fini8)
 *(.fini8)
 *(.fini7)
 *(.fini7)
 *(.fini6)
 .fini6         0x000000000002510c       0x1e /usr/lib/gcc/avr/4.7.0/avr6/libgcc.a(_dtors.o)
                0x000000000002510c                __do_global_dtors
 *(.fini6)
 *(.fini5)
 *(.fini5)
 *(.fini4)
 *(.fini4)
 *(.fini3)
 *(.fini3)
 *(.fini2)
 *(.fini2)
 *(.fini1)
 *(.fini1)
 *(.fini0)
 .fini0         0x000000000002512a        0x4 /usr/lib/gcc/avr/4.7.0/avr6/libgcc.a(_exit.o)
 *(.fini0)
                0x000000000002512e                _etext = .

.data           0x0000000000800200      0x928 load address 0x000000000002512e
                0x0000000000800200                PROVIDE (__data_start, .)
 *(.data)
 .data          0x0000000000800200        0x0 /usr/lib/gcc/avr/4.7.0/../../../avr/lib/avr6/crtm2560.o
 .data          0x0000000000800200        0x0 ./inc/HardwareSerial.o
 .data          0x0000000000800200        0x0 ./inc/I2C.o
 .data          0x0000000000800200        0x0 ./inc/Print.o
 .data          0x0000000000800200        0x0 ./inc/Sd2Card.o
 .data          0x0000000000800200        0x0 ./inc/SdFat.o
 .data          0x0000000000800200        0x0 ./inc/SdFatUtil.o
 .data          0x0000000000800200        0x0 ./inc/SdFile.o
 .data          0x0000000000800200        0x0 ./inc/SdStream.o
 .data          0x0000000000800200        0x4 ./inc/SdVolume.o
                0x0000000000800200                _ZN8SdVolume17cacheBlockNumber_E
 .data          0x0000000000800204        0x0 ./inc/istream.o
 .data          0x0000000000800204        0x0 ./inc/ostream.o
 .data          0x0000000000800204        0x0 ./inc/pins_arduino.o
 .data          0x0000000000800204        0x0 ./inc/ssd0323.o
 .data          0x0000000000800204        0x0 ./inc/wiring.o
 .data          0x0000000000800204        0x1 ./inc/wiring_analog.o
                0x0000000000800204                analog_reference
 .data          0x0000000000800205        0x0 ./inc/wiring_digital.o
 .data          0x0000000000800205        0x0 ./inc/wiring_pulse.o
 .data          0x0000000000800205        0x0 ./inc/wiring_shift.o
 .data          0x0000000000800205        0x0 ./CAN.o
 .data          0x0000000000800205        0x0 ./aktors.o
 .data          0x0000000000800205        0x0 ./blinker.o
 .data          0x0000000000800205        0x0 ./clock_me.o
 .data          0x0000000000800205        0x0 ./config.o
 .data          0x0000000000800205        0x0 ./debug.o
 .data          0x0000000000800205        0x0 ./display.o
 .data          0x0000000000800205        0x0 ./dz.o
 .data          0x0000000000800205        0x0 ./file_manager_v2.o
 .data          0x0000000000800205        0x0 ./fuel.o
 .data          0x0000000000800205        0x0 ./gear.o
 .data          0x0000000000800205        0x0 ./gps.o
 .data          0x0000000000800205        0x0 ./helper.o
 .data          0x0000000000800205        0x0 ./main.o
 .data          0x0000000000800205        0xa ./menu.o
                0x0000000000800205                fuel_added
                0x0000000000800207                menu_ende
                0x0000000000800209                menu_max
                0x000000000080020b                button_unten_valid
                0x000000000080020c                button_oben_valid
                0x000000000080020d                button_links_valid
                0x000000000080020e                button_rechts_valid
 .data          0x000000000080020f        0x0 ./oiler.o
 .data          0x000000000080020f        0x0 ./reset.o
 .data          0x000000000080020f        0x0 ./sd.o
 .data          0x000000000080020f        0x0 ./sensors.o
 .data          0x000000000080020f        0x0 ./speed.o
 .data          0x000000000080020f        0x0 ./speedo.o
 .data          0x000000000080020f        0x0 ./sprint.o
 .data          0x000000000080020f        0x0 ./stepper.o
 .data          0x000000000080020f        0x0 ./temperature.o
 .data          0x000000000080020f        0x0 ./tetris.o
 .data          0x000000000080020f        0x0 ./timer.o
 .data          0x000000000080020f        0x0 ./voltage.o
 .data          0x000000000080020f        0x6 /usr/lib/gcc/avr/4.7.0/../../../avr/lib/avr6/libc.a(malloc.o)
                0x000000000080020f                __malloc_heap_end
                0x0000000000800211                __malloc_heap_start
                0x0000000000800213                __malloc_margin
 .data          0x0000000000800215        0x0 /usr/lib/gcc/avr/4.7.0/../../../avr/lib/avr6/libc.a(exit.o)
 .data          0x0000000000800215        0x0 /usr/lib/gcc/avr/4.7.0/../../../avr/lib/avr6/libc.a(isalpha.o)
 .data          0x0000000000800215        0x0 /usr/lib/gcc/avr/4.7.0/../../../avr/lib/avr6/libc.a(isspace.o)
 .data          0x0000000000800215        0x0 /usr/lib/gcc/avr/4.7.0/../../../avr/lib/avr6/libc.a(strcmp_P.o)
 .data          0x0000000000800215        0x0 /usr/lib/gcc/avr/4.7.0/../../../avr/lib/avr6/libc.a(strcpy_P.o)
 .data          0x0000000000800215        0x0 /usr/lib/gcc/avr/4.7.0/../../../avr/lib/avr6/libc.a(strlen_P.o)
 .data          0x0000000000800215        0x0 /usr/lib/gcc/avr/4.7.0/../../../avr/lib/avr6/libc.a(memcmp.o)
 .data          0x0000000000800215        0x0 /usr/lib/gcc/avr/4.7.0/../../../avr/lib/avr6/libc.a(memcpy.o)
 .data          0x0000000000800215        0x0 /usr/lib/gcc/avr/4.7.0/../../../avr/lib/avr6/libc.a(memset.o)
 .data          0x0000000000800215        0x0 /usr/lib/gcc/avr/4.7.0/../../../avr/lib/avr6/libc.a(strchr.o)
 .data          0x0000000000800215        0x0 /usr/lib/gcc/avr/4.7.0/../../../avr/lib/avr6/libc.a(strcmp.o)
 .data          0x0000000000800215        0x0 /usr/lib/gcc/avr/4.7.0/../../../avr/lib/avr6/libc.a(strcpy.o)
 .data          0x0000000000800215        0x0 /usr/lib/gcc/avr/4.7.0/../../../avr/lib/avr6/libc.a(strncmp.o)
 .data          0x0000000000800215        0x0 /usr/lib/gcc/avr/4.7.0/../../../avr/lib/avr6/libc.a(sprintf.o)
 .data          0x0000000000800215        0x0 /usr/lib/gcc/avr/4.7.0/../../../avr/lib/avr6/libc.a(addsf3.o)
 .data          0x0000000000800215        0x0 /usr/lib/gcc/avr/4.7.0/../../../avr/lib/avr6/libc.a(addsf3x.o)
 .data          0x0000000000800215        0x0 /usr/lib/gcc/avr/4.7.0/../../../avr/lib/avr6/libc.a(asin.o)