Archive member included because of file (symbol)

/usr/lib/gcc/avr/4.7.0/../../../avr/lib/avr6/libc.a(malloc.o)
                              ./inc/ssd0323.o (malloc)
/usr/lib/gcc/avr/4.7.0/../../../avr/lib/avr6/libc.a(exit.o)
                              /usr/lib/gcc/avr/4.7.0/../../../avr/lib/avr6/crtm2560.o (exit)
/usr/lib/gcc/avr/4.7.0/../../../avr/lib/avr6/libc.a(isalpha.o)
                              ./inc/istream.o (isupper)
/usr/lib/gcc/avr/4.7.0/../../../avr/lib/avr6/libc.a(isspace.o)
                              ./inc/istream.o (isspace)
/usr/lib/gcc/avr/4.7.0/../../../avr/lib/avr6/libc.a(strcmp_P.o)
                              ./config.o (strcmp_P)
/usr/lib/gcc/avr/4.7.0/../../../avr/lib/avr6/libc.a(strcpy_P.o)
                              ./config.o (strcpy_P)
/usr/lib/gcc/avr/4.7.0/../../../avr/lib/avr6/libc.a(strlen_P.o)
                              ./inc/ostream.o (__strlen_P)
/usr/lib/gcc/avr/4.7.0/../../../avr/lib/avr6/libc.a(strncmp_P.o)
                              ./config.o (strncmp_P)
/usr/lib/gcc/avr/4.7.0/../../../avr/lib/avr6/libc.a(memcmp.o)
                              ./inc/SdFile.o (memcmp)
/usr/lib/gcc/avr/4.7.0/../../../avr/lib/avr6/libc.a(memcpy.o)
                              ./inc/SdFile.o (memcpy)
/usr/lib/gcc/avr/4.7.0/../../../avr/lib/avr6/libc.a(memset.o)
                              ./gps.o (memset)
/usr/lib/gcc/avr/4.7.0/../../../avr/lib/avr6/libc.a(strchr.o)
                              ./inc/SdFile.o (strchr)
/usr/lib/gcc/avr/4.7.0/../../../avr/lib/avr6/libc.a(strcmp.o)
                              ./config.o (strcmp)
/usr/lib/gcc/avr/4.7.0/../../../avr/lib/avr6/libc.a(strcpy.o)
                              ./config.o (strcpy)
/usr/lib/gcc/avr/4.7.0/../../../avr/lib/avr6/libc.a(strncmp.o)
                              ./config.o (strncmp)
/usr/lib/gcc/avr/4.7.0/../../../avr/lib/avr6/libc.a(sprintf.o)
                              ./aktors.o (sprintf)
/usr/lib/gcc/avr/4.7.0/../../../avr/lib/avr6/libc.a(addsf3.o)
                              ./inc/Print.o (__subsf3)
/usr/lib/gcc/avr/4.7.0/../../../avr/lib/avr6/libc.a(addsf3x.o)
                              /usr/lib/gcc/avr/4.7.0/../../../avr/lib/avr6/libc.a(addsf3.o) (__addsf3x)
/usr/lib/gcc/avr/4.7.0/../../../avr/lib/avr6/libc.a(asin.o)
                              ./gps.o (asin)
/usr/lib/gcc/avr/4.7.0/../../../avr/lib/avr6/libc.a(cmpsf2.o)
                              ./main.o (__eqsf2)
/usr/lib/gcc/avr/4.7.0/../../../avr/lib/avr6/libc.a(cos.o)
                              ./display.o (cos)
/usr/lib/gcc/avr/4.7.0/../../../avr/lib/avr6/libc.a(divsf3.o)
                              ./inc/Print.o (__divsf3)
/usr/lib/gcc/avr/4.7.0/../../../avr/lib/avr6/libc.a(divsf3x.o)
                              /usr/lib/gcc/avr/4.7.0/../../../avr/lib/avr6/libc.a(divsf3.o) (__divsf3x)
/usr/lib/gcc/avr/4.7.0/../../../avr/lib/avr6/libc.a(fixsfsi.o)
                              ./inc/Print.o (__fixsfsi)
/usr/lib/gcc/avr/4.7.0/../../../avr/lib/avr6/libc.a(fixunssfsi.o)
                              ./inc/Print.o (__fixunssfsi)
/usr/lib/gcc/avr/4.7.0/../../../avr/lib/avr6/libc.a(floatsisf.o)
                              ./inc/Print.o (__floatunsisf)
/usr/lib/gcc/avr/4.7.0/../../../avr/lib/avr6/libc.a(floor.o)
                              ./inc/ssd0323.o (floor)
/usr/lib/gcc/avr/4.7.0/../../../avr/lib/avr6/libc.a(fp_arccos.o)
                              /usr/lib/gcc/avr/4.7.0/../../../avr/lib/avr6/libc.a(asin.o) (__fp_arccos)
/usr/lib/gcc/avr/4.7.0/../../../avr/lib/avr6/libc.a(fp_cmp.o)
                              /usr/lib/gcc/avr/4.7.0/../../../avr/lib/avr6/libc.a(cmpsf2.o) (__fp_cmp)
/usr/lib/gcc/avr/4.7.0/../../../avr/lib/avr6/libc.a(fp_inf.o)
                              /usr/lib/gcc/avr/4.7.0/../../../avr/lib/avr6/libc.a(addsf3x.o) (__fp_inf)
/usr/lib/gcc/avr/4.7.0/../../../avr/lib/avr6/libc.a(fp_mintl.o)
                              /usr/lib/gcc/avr/4.7.0/../../../avr/lib/avr6/libc.a(floor.o) (__fp_mintl)
/usr/lib/gcc/avr/4.7.0/../../../avr/lib/avr6/libc.a(fp_mpack.o)
                              /usr/lib/gcc/avr/4.7.0/../../../avr/lib/avr6/libc.a(floor.o) (__fp_mpack)
/usr/lib/gcc/avr/4.7.0/../../../avr/lib/avr6/libc.a(fp_nan.o)
                              /usr/lib/gcc/avr/4.7.0/../../../avr/lib/avr6/libc.a(addsf3x.o) (__fp_nan)
/usr/lib/gcc/avr/4.7.0/../../../avr/lib/avr6/libc.a(fp_powser.o)
                              /usr/lib/gcc/avr/4.7.0/../../../avr/lib/avr6/libc.a(fp_arccos.o) (__fp_powser)
/usr/lib/gcc/avr/4.7.0/../../../avr/lib/avr6/libc.a(fp_powsodd.o)
                              /usr/lib/gcc/avr/4.7.0/../../../avr/lib/avr6/libc.a(asin.o) (__fp_powsodd)
/usr/lib/gcc/avr/4.7.0/../../../avr/lib/avr6/libc.a(fp_pscA.o)
                              /usr/lib/gcc/avr/4.7.0/../../../avr/lib/avr6/libc.a(addsf3x.o) (__fp_pscA)
/usr/lib/gcc/avr/4.7.0/../../../avr/lib/avr6/libc.a(fp_pscB.o)
                              /usr/lib/gcc/avr/4.7.0/../../../avr/lib/avr6/libc.a(addsf3x.o) (__fp_pscB)
[...]
Memory Configuration

Name             Origin             Length             Attributes
text             0x0000000000000000 0x0000000000100000 xr
data             0x0000000000800200 0x000000000000fe00 rw !x
eeprom           0x0000000000810000 0x0000000000010000 rw !x
fuse             0x0000000000820000 0x0000000000000400 rw !x
lock             0x0000000000830000 0x0000000000000400 rw !x
signature        0x0000000000840000 0x0000000000000400 rw !x
*default*        0x0000000000000000 0xffffffffffffffff

Linker script and memory map

Address of section .data set to 0x800200
LOAD /usr/lib/gcc/avr/4.7.0/../../../avr/lib/avr6/crtm2560.o
LOAD ./inc/HardwareSerial.o
LOAD ./inc/I2C.o
LOAD ./inc/Print.o
LOAD ./inc/Sd2Card.o
LOAD ./inc/SdFat.o
LOAD ./inc/SdFatUtil.o
LOAD ./inc/SdFile.o
LOAD ./inc/SdStream.o
LOAD ./inc/SdVolume.o
LOAD ./inc/istream.o
LOAD ./inc/ostream.o
LOAD ./inc/pins_arduino.o
LOAD ./inc/ssd0323.o
LOAD ./inc/wiring.o
LOAD ./inc/wiring_analog.o
LOAD ./inc/wiring_digital.o
LOAD ./inc/wiring_pulse.o
LOAD ./inc/wiring_shift.o
LOAD ./CAN.o
LOAD ./aktors.o
LOAD ./blinker.o
LOAD ./clock_me.o
LOAD ./config.o
LOAD ./debug.o
LOAD ./display.o
LOAD ./dz.o
LOAD ./file_manager_v2.o
LOAD ./fuel.o
LOAD ./gear.o
LOAD ./gps.o
LOAD ./helper.o
LOAD ./main.o
LOAD ./menu.o
LOAD ./oiler.o
LOAD ./reset.o
LOAD ./sd.o
LOAD ./sensors.o
LOAD ./speed.o
LOAD ./speedo.o
LOAD ./sprint.o
LOAD ./stepper.o
LOAD ./temperature.o
LOAD ./tetris.o
LOAD ./timer.o
LOAD ./voltage.o
LOAD /usr/lib/gcc/avr/4.7.0/../../../avr/lib/avr6/libc.a
LOAD /usr/lib/gcc/avr/4.7.0/avr6/libgcc.a
LOAD /usr/lib/gcc/avr/4.7.0/../../../avr/lib/avr6/libm.a
LOAD /usr/lib/gcc/avr/4.7.0/../../../avr/lib/avr6/libc.a
LOAD /usr/lib/gcc/avr/4.7.0/avr6/libgcc.a
LOAD /usr/lib/gcc/avr/4.7.0/../../../avr/lib/avr6/libc.a
LOAD /usr/lib/gcc/avr/4.7.0/avr6/libgcc.a

.hash
 *(.hash)

.dynsym
 *(.dynsym)

.dynstr
 *(.dynstr)

.gnu.version
 *(.gnu.version)

.gnu.version_d
 *(.gnu.version_d)

.gnu.version_r
 *(.gnu.version_r)

.rel.init
 *(.rel.init)

.rela.init
 *(.rela.init)

.rel.text
 *(.rel.text)
 *(.rel.text.*)
 *(.rel.gnu.linkonce.t*)

.rela.text
 *(.rela.text)
 *(.rela.text.*)
 *(.rela.gnu.linkonce.t*)

.rel.fini
 *(.rel.fini)

.rela.fini
 *(.rela.fini)

.rel.rodata
 *(.rel.rodata)
 *(.rel.rodata.*)
 *(.rel.gnu.linkonce.r*)

.rela.rodata
 *(.rela.rodata)
 *(.rela.rodata.*)
 *(.rela.gnu.linkonce.r*)

.rel.data
 *(.rel.data)
 *(.rel.data.*)
 *(.rel.gnu.linkonce.d*)

.rela.data
 *(.rela.data)
 *(.rela.data.*)
 *(.rela.gnu.linkonce.d*)

.rel.ctors
 *(.rel.ctors)

.rela.ctors
 *(.rela.ctors)

.rel.dtors
 *(.rel.dtors)

.rela.dtors
 *(.rela.dtors)

.rel.got
 *(.rel.got)

.rela.got
 *(.rela.got)

.rel.bss
 *(.rel.bss)

.rela.bss
 *(.rela.bss)

.rel.plt
 *(.rel.plt)

.rela.plt
 *(.rela.plt)

.text           0x0000000000000000    0x24d90
 *(.vectors)
 .vectors       0x0000000000000000       0xe4 /usr/lib/gcc/avr/4.7.0/../../../avr/lib/avr6/crtm2560.o
                0x0000000000000000                __vectors
                0x0000000000000000                __vector_default
 *(.vectors)
 *(.progmem.gcc*)
 .progmem.gcc_fplib
                0x00000000000000e4       0x14 /usr/lib/gcc/avr/4.7.0/../../../avr/lib/avr6/libc.a(asin.o)
 .progmem.gcc_fplib
                0x00000000000000f8       0x28 /usr/lib/gcc/avr/4.7.0/../../../avr/lib/avr6/libc.a(fp_arccos.o)
 .progmem.gcc_fplib
                0x0000000000000120       0x1e /usr/lib/gcc/avr/4.7.0/../../../avr/lib/avr6/libc.a(fp_sinus.o)
 .progmem.gcc_fplib
                0x000000000000013e       0x28 /usr/lib/gcc/avr/4.7.0/../../../avr/lib/avr6/libc.a(exp.o)
 .progmem.gcc_fplib
                0x0000000000000166       0x5a /usr/lib/gcc/avr/4.7.0/../../../avr/lib/avr6/libc.a(log.o)
 *(.progmem*)
 .progmem.data  0x00000000000001c0       0xc0 ./inc/SdFat.o
 .progmem.data  0x0000000000000280       0x13 ./inc/SdFile.o
 .progmem.data  0x0000000000000293        0xb ./inc/istream.o
 .progmem.data  0x000000000000029e       0x13 ./inc/ostream.o
 .progmem.data  0x00000000000002b1      0x120 ./inc/pins_arduino.o
                0x00000000000002b1                digital_pin_to_timer_PGM
                0x00000000000002f7                digital_pin_to_bit_mask_PGM
                0x000000000000033d                digital_pin_to_port_PGM
                0x0000000000000383                port_to_input_PGM
                0x000000000000039d                port_to_output_PGM
                0x00000000000003b7                port_to_mode_PGM
 .progmem.data  0x00000000000003d1      0xcc0 ./inc/ssd0323.o
 .progmem.data  0x0000000000001091      0x115 ./aktors.o
 .progmem.data  0x00000000000011a6       0x21 ./blinker.o
 .progmem.data  0x00000000000011c7       0x10 ./clock_me.o
 .progmem.data  0x00000000000011d7      0xb23 ./config.o
 .progmem.data  0x0000000000001cfa       0x7c ./display.o
 .progmem.data  0x0000000000001d76        0xa ./dz.o
 .progmem.data  0x0000000000001d80        0xc ./fuel.o
 .progmem.data  0x0000000000001d8c       0x5d ./gear.o
 .progmem.data  0x0000000000001de9       0x45 ./gps.o
 .progmem.data  0x0000000000001e2e       0x3e ./main.o
 .progmem.data  0x0000000000001e6c      0x8d1 ./menu.o
 .progmem.data  0x000000000000273d       0x1d ./oiler.o
 .progmem.data  0x000000000000275a       0x19 ./reset.o
 .progmem.data  0x0000000000002773       0x15 ./sd.o
 .progmem.data  0x0000000000002788      0x167 ./sensors.o
 .progmem.data  0x00000000000028ef       0x30 ./speed.o
 .progmem.data  0x000000000000291f       0xd4 ./speedo.o
 .progmem.data  0x00000000000029f3        0xe ./sprint.o
 .progmem.data  0x0000000000002a01       0x13 ./stepper.o
 .progmem.data  0x0000000000002a14        0xc ./temperature.o
 .progmem.data  0x0000000000002a20       0x45 ./tetris.o
 .progmem.data  0x0000000000002a65       0x1a ./voltage.o
                0x0000000000002a80                . = ALIGN (0x2)
 *fill*         0x0000000000002a7f        0x1 00
                0x0000000000002a80                __trampolines_start = .
 *(.trampolines)
 .trampolines   0x0000000000002a80       0x14 linker stubs
 *(.trampolines*)
                0x0000000000002a94                __trampolines_end = .
 *(.jumptables)
 *(.jumptables*)
 *(.lowtext)
 *(.lowtext*)
                0x0000000000002a94                __ctors_start = .
 *(.ctors)
 .ctors         0x0000000000002a94        0x2 ./inc/HardwareSerial.o
 .ctors         0x0000000000002a96        0x2 ./main.o
                0x0000000000002a98                __ctors_end = .
                0x0000000000002a98                __dtors_start = .
 *(.dtors)
 .dtors         0x0000000000002a98        0x2 ./inc/HardwareSerial.o
                0x0000000000002a9a                __dtors_end = .
 SORT(*)(.ctors)
 SORT(*)(.dtors)
 *(.init0)
 .init0         0x0000000000002a9a        0x0 /usr/lib/gcc/avr/4.7.0/../../../avr/lib/avr6/crtm2560.o
                0x0000000000002a9a                __init
 *(.init0)
 *(.init1)
 *(.init1)
 *(.init2)
 .init2         0x0000000000002a9a       0x10 /usr/lib/gcc/avr/4.7.0/../../../avr/lib/avr6/crtm2560.o
 *(.init2)
 *(.init3)
 *(.init3)
 *(.init4)
 .init4         0x0000000000002aaa       0x1a /usr/lib/gcc/avr/4.7.0/avr6/libgcc.a(_copy_data.o)
                0x0000000000002aaa                __do_copy_data
 .init4         0x0000000000002ac4       0x10 /usr/lib/gcc/avr/4.7.0/avr6/libgcc.a(_clear_bss.o)
                0x0000000000002ac4                __do_clear_bss
 *(.init4)
 *(.init5)
 *(.init5)
 *(.init6)
 .init6         0x0000000000002ad4       0x20 /usr/lib/gcc/avr/4.7.0/avr6/libgcc.a(_ctors.o)
                0x0000000000002ad4                __do_global_ctors
 *(.init6)
 *(.init7)
 *(.init7)
 *(.init8)
 *(.init8)
 *(.init9)
 .init9         0x0000000000002af4        0x8 /usr/lib/gcc/avr/4.7.0/../../../avr/lib/avr6/crtm2560.o
 *(.init9)
 *(.text)
 .text          0x0000000000002afc        0x4 /usr/lib/gcc/avr/4.7.0/../../../avr/lib/avr6/crtm2560.o
                0x0000000000002afc                __vector_38
                0x0000000000002afc                __vector_22
                0x0000000000002afc                __vector_28
                0x0000000000002afc                __vector_1
                0x0000000000002afc                __vector_32
                0x0000000000002afc                __vector_34
                0x0000000000002afc                __vector_24
                0x0000000000002afc                __vector_12
                0x0000000000002afc                __vector_55
                0x0000000000002afc                __vector_46
                0x0000000000002afc                __bad_interrupt
                0x0000000000002afc                __vector_31
                0x0000000000002afc                __vector_39
                0x0000000000002afc                __vector_3
                0x0000000000002afc                __vector_30
                0x0000000000002afc                __vector_45
                0x0000000000002afc                __vector_13
                0x0000000000002afc                __vector_17
                0x0000000000002afc                __vector_19
                0x0000000000002afc                __vector_56
                0x0000000000002afc                __vector_49
                0x0000000000002afc                __vector_41
                0x0000000000002afc                __vector_43
                0x0000000000002afc                __vector_27
                0x0000000000002afc                __vector_33
                0x0000000000002afc                __vector_47
                0x0000000000002afc                __vector_52
                0x0000000000002afc                __vector_37
                0x0000000000002afc                __vector_4
                0x0000000000002afc                __vector_44
                0x0000000000002afc                __vector_9
                0x0000000000002afc                __vector_2
                0x0000000000002afc                __vector_21
                0x0000000000002afc                __vector_15
                0x0000000000002afc                __vector_29
                0x0000000000002afc                __vector_40
                0x0000000000002afc                __vector_26
                0x0000000000002afc                __vector_48
                0x0000000000002afc                __vector_14
                0x0000000000002afc                __vector_53
                0x0000000000002afc                __vector_50
                0x0000000000002afc                __vector_16
                0x0000000000002afc                __vector_18
                0x0000000000002afc                __vector_20
                0x0000000000002afc                __vector_42
 .text          0x0000000000002b00      0x4c0 ./inc/HardwareSerial.o
                0x0000000000002b00                _ZN14HardwareSerial9availableEv
                0x0000000000002b2a                _ZN14HardwareSerial4peekEv
                0x0000000000002b5e                _ZN14HardwareSerial4readEv
                0x0000000000002ba0                _ZN14HardwareSerial5flushEv
                0x0000000000002bbc                _ZN14HardwareSerial5writeEh
                0x0000000000002be8                __vector_25
                0x0000000000002c5e                __vector_51
                0x0000000000002cd4                __vector_54
                0x0000000000002d4a                _ZN14HardwareSerialC1EP11ring_bufferPVhS3_S3_S3_S3_hhhhh
                0x0000000000002d4a                _ZN14HardwareSerialC2EP11ring_bufferPVhS3_S3_S3_S3_hhhhh
                0x0000000000002daa                _ZN14HardwareSerial5beginEl
                0x0000000000002f6c                _ZN14HardwareSerial3endEv
 .text          0x0000000000002fc0      0x9ee ./inc/I2C.o
                0x0000000000002fc0                _ZN3I2CC1Ev
                0x0000000000002fc0                _ZN3I2CC2Ev
                0x0000000000002fc2                _ZN3I2C5beginEv
                0x0000000000002fe4                _ZN3I2C3endEv
                0x0000000000002fea                _ZN3I2C7timeOutEj
                0x0000000000002ff4                _ZN3I2C8setSpeedEh
                0x0000000000003004                _ZN3I2C6pullupEh
                0x0000000000003014                _ZN3I2C9availableEv
                0x000000000000301a                _ZN3I2C7receiveEv
                0x0000000000003044                _ZN3I2C5startEv
                0x00000000000030f4                _ZN3I2C11receiveByteEh
                0x0000000000003194                _ZN3I2C4stopEv
                0x0000000000003206                _ZN3I2C8sendByteEh
                0x00000000000032b2                _ZN3I2C11sendAddressEh
                0x0000000000003376                _ZN3I2C4readEhhhPh
                0x0000000000003472                _ZN3I2C4readEhhPh
                0x0000000000003550                _ZN3I2C4readEhhh
                0x000000000000364e                _ZN3I2C4readEiii
                0x0000000000003650                _ZN3I2C4readEhh
                0x000000000000372a                _ZN3I2C4readEii
                0x000000000000372c                _ZN3I2C5writeEhhPhh
                0x00000000000037d2                _ZN3I2C5writeEhhPc
                0x00000000000037f8                _ZN3I2C5writeEhhh
                0x000000000000387e                _ZN3I2C5writeEiii
                0x0000000000003880                _ZN3I2C5writeEhh
                0x00000000000038f2                _ZN3I2C5writeEii
                0x00000000000038f4                _ZN3I2C4scanEv
                0x00000000000039a2                _ZN3I2C6lockUpEv
 .text          0x00000000000039ae      0x48c ./inc/Print.o
                0x00000000000039ae                _ZN5Print5writeEPKc
                0x00000000000039dc                _ZN5Print5writeEPKhj
                0x0000000000003a3a                _ZN5Print5printEPKc
                0x0000000000003a48                _ZN5Print11printNumberEmh
                0x0000000000003b6a                _ZN5Print5printEmi
                0x0000000000003b74                _ZN5Print5printEji
                0x0000000000003b7e                _ZN5Print5printEhi
                0x0000000000003b8a                _ZN5Print5printEli
                0x0000000000003bee                _ZN5Print5printEii
                0x0000000000003bfc                _ZN5Print5printEci
                0x0000000000003c08                _ZN5Print6printpEPKc
                0x0000000000003c3a                _ZN5Print7printlnEv
                0x0000000000003c5a                _ZN5Print7printlnEmi
                0x0000000000003c6a                _ZN5Print7printlnEli
                0x0000000000003c7a                _ZN5Print7printlnEji
                0x0000000000003c92                _ZN5Print7printlnEii
                0x0000000000003cae                _ZN5Print7printlnEhi
                0x0000000000003cc8                _ZN5Print7printlnEci
                0x0000000000003ce2                _ZN5Print7printlnEPKc
                0x0000000000003cf2                _ZN5Print10printFloatEdh
                0x0000000000003e28                _ZN5Print5printEdi
                0x0000000000003e2a                _ZN5Print7printlnEdi
 .text          0x0000000000003e3a      0x90e ./inc/Sd2Card.o
                0x0000000000003e4c                _ZN7Sd2Card14chipSelectHighEv
                0x0000000000003e56                _ZN7Sd2Card13chipSelectLowEv
                0x0000000000003e60                _ZN7Sd2Card7readEndEv
                0x0000000000003ea2                _ZN7Sd2Card16partialBlockReadEh
                0x0000000000003ec8                _ZN7Sd2Card10setSckRateEh
                0x0000000000003f08                _ZN7Sd2Card11waitNotBusyEj
                0x0000000000003f3c                _ZN7Sd2Card11cardCommandEhm
                0x0000000000003ff2                _ZN7Sd2Card4initEhh
                0x0000000000004162                _ZN7Sd2Card14waitStartBlockEv
                0x00000000000041aa                _ZN7Sd2Card12readRegisterEhPv
                0x0000000000004210                _ZN7Sd2Card22eraseSingleBlockEnableEv
                0x0000000000004250                _ZN7Sd2Card5eraseEmm
                0x0000000000004326                _ZN7Sd2Card8cardSizeEv
                0x000000000000441e                _ZN7Sd2Card8readDataEmjjPh
                0x000000000000454c                _ZN7Sd2Card9readBlockEmPh
                0x000000000000456a                _ZN7Sd2Card9writeDataEhPKh
                0x00000000000045c8                _ZN7Sd2Card9writeDataEPKh
                0x0000000000004602                _ZN7Sd2Card10writeBlockEmPKh
                0x0000000000004688                _ZN7Sd2Card10writeStartEmm
                0x0000000000004710                _ZN7Sd2Card9writeStopEv
 .text          0x0000000000004748      0x3fe ./inc/SdFat.o
                0x0000000000004748                _ZN5SdFat5chdirEv
                0x0000000000004776                _ZN5SdFat5chdirEPKc
                0x000000000000486a                _ZN5SdFat10errorPrintEv
                0x0000000000004898                _ZN5SdFat9errorHaltEv
                0x000000000000489c                _ZN5SdFat10errorPrintEPKc
                0x00000000000048d2                _ZN5SdFat9errorHaltEPKc
                0x00000000000048d6                _ZN5SdFat12errorPrint_PEPKc
                0x00000000000048f8                _ZN5SdFat11errorHalt_PEPKc
                0x00000000000048fc                _ZN5SdFat6existsEPKc
                0x0000000000004902                _ZN5SdFat4initEhh
                0x000000000000494c                _ZN5SdFat14initErrorPrintEv
                0x0000000000004994                _ZN5SdFat13initErrorHaltEv
                0x0000000000004998                _ZN5SdFat2lsEh
                0x00000000000049a6                _ZN5SdFat2lsEP5Printh
                0x00000000000049ae                _ZN5SdFat5mkdirEPKcb
                0x0000000000004a00                _ZN5SdFat6removeEPKc
                0x0000000000004a06                _ZN5SdFat6renameEPKcS1_
                0x0000000000004a7a                _ZN5SdFat5rmdirEPKc
                0x0000000000004ad6                _ZN5SdFat8truncateEPKcm
 .text          0x0000000000004b46       0x4a ./inc/SdFatUtil.o
                0x0000000000004b46                _ZN9SdFatUtil7print_PEP5PrintPKc
                0x0000000000004b70                _ZN9SdFatUtil9println_PEP5PrintPKc
                0x0000000000004b80                _ZN9SdFatUtil13SerialPrint_PEPKc
                0x0000000000004b88                _ZN9SdFatUtil15SerialPrintln_PEPKc
 .text          0x0000000000004b90     0x26fe ./inc/SdFile.o
                0x0000000000004bb8                _ZN6SdFile10addClusterEv
                0x0000000000004c0c                _ZN6SdFile13addDirClusterEv
                0x0000000000004d18                _ZN6SdFile13cacheDirEntryEh
                0x0000000000004d4c                _ZN6SdFile15contiguousRangeEPmS0_
                0x0000000000004eaa                _ZN6SdFile7dirNameERK14directoryEntryPc
                0x0000000000004ee4                _ZN6SdFile11getFilenameEPc
                0x0000000000004f18                _ZN6SdFile6getposEP6fpos_t
                0x0000000000004f4e                _ZN6SdFile10make83NameEPKcPhPS1_
                0x0000000000004fd0                _ZN6SdFile8openRootEP8SdVolume
                0x0000000000005078                _ZN6SdFile12printDirNameEP5PrintRK14directoryEntryhb
                0x0000000000005114                _ZN6SdFile12printDirNameERK14directoryEntryhb
                0x0000000000005120                _ZN6SdFile12printFatDateEP5Printj
                0x000000000000517c                _ZN6SdFile12printFatDateEj
                0x0000000000005184                _ZN6SdFile12printFatTimeEP5Printj
                0x00000000000051da                _ZN6SdFile12printFatTimeEj
                0x00000000000051e2                _ZN6SdFile9printNameEv
                0x0000000000005228                _ZN6SdFile4readEPvj
                0x0000000000005474                _ZN6SdFile4readEv
                0x00000000000054a2                _ZN6SdFile4peekEv
                0x00000000000054f8                _ZN6SdFile11lsPrintNextEP5Printhh
                0x0000000000005670                _ZN6SdFile9lsJKWNextEPciPm
                0x0000000000005772                _ZN6SdFile5fgetsEPciS0_
                0x000000000000583e                _ZN6SdFile7readDirEP14directoryEntry
                0x00000000000058a6                _ZN6SdFile12readDirCacheEv
                0x0000000000005920                _ZN6SdFile7seekSetEm
                0x0000000000005a56                _ZN6SdFile6setposEP6fpos_t
                0x0000000000005a82                _ZN6SdFile4syncEv
                0x0000000000005b18                _ZN6SdFile8dirEntryEP14directoryEntry
                0x0000000000005b52                _ZN6SdFile5closeEv
                0x0000000000005b6c                _ZN6SdFile9timestampEhjhhhhh
                0x0000000000005c9c                _ZN6SdFile8truncateEm
                0x0000000000005e12                _ZN6SdFile6removeEv
                0x0000000000005e48                _ZN6SdFile5rmdirEv
                0x0000000000005eec                _ZN6SdFile15openCachedEntryEhh
                0x0000000000005fe0                _ZN6SdFile8openNextEPS_h
                0x0000000000006092                _ZN6SdFile4openEPS_jh
                0x000000000000611e                _ZN6SdFile8rmRfStarEv
                0x0000000000006254                _ZN6SdFile2lsEP5Printhh
                0x0000000000006342                _ZN6SdFile2lsEh
                0x000000000000634c                _ZN6SdFile10openParentEPS_
                0x000000000000653e                _ZN6SdFile4openEPS_PKhh
                0x00000000000066dc                _ZN6SdFile4openEPS_PKch
                0x000000000000685c                _ZN6SdFile6removeEPS_PKc
                0x00000000000068b8                _ZN6SdFile4openEPKch
                0x00000000000068c8                _ZN6SdFileC1EPKch
                0x00000000000068c8                _ZN6SdFileC2EPKch
                0x00000000000068d8                _ZN6SdFile6existsEPKc
                0x0000000000006926                _ZN6SdFile16createContiguousEPS_PKcm
                0x00000000000069c6                _ZN6SdFile5mkdirEPS_PKh
                0x0000000000006b50                _ZN6SdFile5mkdirEPS_PKcb
                0x0000000000006cec                _ZN6SdFile6renameEPS_PKc
                0x0000000000006eea                _ZN6SdFile5writeEPKvj
                0x0000000000007214                _ZN6SdFile5writeEPKc
                0x0000000000007228                _ZN6SdFile5writeEh
                0x0000000000007248                _ZN6SdFile7write_PEPKc
                0x000000000000727a                _ZN6SdFile9writeln_PEPKc
 .text          0x000000000000728e      0x278 ./inc/SdStream.o
                0x000000000000728e                _ZN6SdBase5getchEv
                0x000000000000733a                _ZN6SdBase4openEPKch
                0x00000000000073d6                _ZN6SdBase5putchEc
                0x0000000000007432                _ZN6SdBase6putstrEPKc
                0x00000000000074b4                _ZN6SdBase7seekposEm
                0x00000000000074b8                _ZN6SdBase7seekoffElN8ios_base7seekdirE
 .text          0x0000000000007506      0xa04 ./inc/SdVolume.o
                0x0000000000007506                _ZN8SdVolume10cacheFlushEv
                0x000000000000757c                _ZN8SdVolume13cacheRawBlockEmh
                0x00000000000075fa                _ZNK8SdVolume6fatGetEmPm
                0x00000000000076fa                _ZNK8SdVolume9chainSizeEmPm
                0x00000000000077c8                _ZN8SdVolume6fatPutEmm
                0x00000000000078f8                _ZN8SdVolume15allocContiguousEmPm
                0x0000000000007b12                _ZN8SdVolume9freeChainEm
                0x0000000000007bbe                _ZN8SdVolume16freeClusterCountEv
                0x0000000000007cda                _ZN8SdVolume4initEP7Sd2Cardh
 .text          0x0000000000007f0a      0xd24 ./inc/istream.o
                0x0000000000007f0a                _ZN7istream3getEv
                0x0000000000007f4e                _ZN7istream3getERc
                0x0000000000007f6c                _ZN7istream3getEPcmc
                0x000000000000808c                _ZN7istream7getlineEPcmc
                0x00000000000081c6                _ZN7istream6ignoreEmi
                0x000000000000825a                _ZN7istream4peekEv
                0x0000000000008304                _ZN7istream8readSkipEv
                0x000000000000834a                _ZN7istream6getStrEPc
                0x000000000000848e                _ZN7istream9getNumberEmmPm
                0x000000000000872c                _ZN7istream8getFloatEPf
                0x0000000000008a64                _ZN7istream7getCharEPc
                0x0000000000008a9c                _ZN7istream7getBoolEPb
                0x0000000000008bc4                _ZN7istream9skipWhiteEv
 .text          0x0000000000008c2e      0x624 ./inc/ostream.o
                0x0000000000008c2e                _ZN7ostream7do_fillEj
                0x0000000000008c7e                _ZN7ostream13fill_not_leftEj
                0x0000000000008ca2                _ZN7ostream6fmtNumEmPch
                0x0000000000008d34                _ZN7ostream7putCharEc
                0x0000000000008d62                _ZN7ostream6putNumEmb
                0x0000000000008ec0                _ZN7ostream6putNumEl
                0x0000000000008ef8                _ZN7ostream6putPgmERK3pgm
                0x0000000000008f48                _ZN7ostream9putDoubleEd
                0x00000000000091b4                _ZN7ostream7putBoolEb
                0x000000000000920c                _ZN7ostream6putStrEPKc
 .text          0x0000000000009252        0x0 ./inc/pins_arduino.o
 .text          0x0000000000009252     0x18c2 ./inc/ssd0323.o
                0x0000000000009252                _ZN7ssd032310senden_spiEh
                0x0000000000009274                _ZN7ssd032312send_commandEh
                0x000000000000927c                _ZN7ssd03239send_charEh
                0x0000000000009280                _ZN7ssd032312clear_screenEv
                0x00000000000092c6                _ZN7ssd032310set2pixelsEhhhh
                0x0000000000009336                _ZN7ssd03234lineEhhhhh
                0x00000000000097dc                _ZN7ssd032314zeichen_big_1xEPKhhiiiih
                0x0000000000009a02                _ZN7ssd032316zeichen_small_1xEPKhhiiiih
                0x0000000000009b74                _ZN7ssd032316zeichen_small_2xEPKhhiiiih
                0x0000000000009d2e                _ZN7ssd032316zeichen_small_3xEPKhhiiiih
                0x0000000000009f50                _ZN7ssd032316zeichen_small_4xEPKhhiiiih
                0x000000000000a13c                _ZN7ssd03236stringEsPKchhhhh
                0x000000000000a6b6                _ZN7ssd03236stringEsPKchh
                0x000000000000a6d2                _ZN7ssd03238string_PEsPKchhhhh
                0x000000000000a766                _ZN7ssd03238string_PEsPKchh
                0x000000000000a782                _ZN7ssd032311filled_rectEhhhhh
                0x000000000000a844                _ZN7ssd032313highlight_barEhhhh
                0x000000000000a950                _ZN7ssd03234initEhh
                0x000000000000ab12                _ZN7ssd0323C1Ev
                0x000000000000ab12                _ZN7ssd0323C2Ev
 .text          0x000000000000ab14      0x22c ./inc/wiring.o
                0x000000000000ab14                __vector_23
                0x000000000000aba8                millis
                0x000000000000abcc                micros
                0x000000000000ac20                delay
                0x000000000000ac68                delayMicroseconds
                0x000000000000ac7c                init
 .text          0x000000000000ad40      0x1ce ./inc/wiring_analog.o
                0x000000000000ad40                analogReference
                0x000000000000ad46                analogRead
                0x000000000000ad98                analogWrite
 .text          0x000000000000af0e      0x25c ./inc/wiring_digital.o
                0x000000000000af0e                pinMode
                0x000000000000af4c                digitalWrite
                0x000000000000b05e                digitalRead
 .text          0x000000000000b16a      0x124 ./inc/wiring_pulse.o
                0x000000000000b16a                pulseIn
 .text          0x000000000000b28e       0xda ./inc/wiring_shift.o
                0x000000000000b28e                shiftIn
                0x000000000000b2f0                shiftOut
 .text          0x000000000000b368      0x3ae ./CAN.o
                0x000000000000b368                _ZN10Speedo_CANC1Ev
                0x000000000000b368                _ZN10Speedo_CANC2Ev
                0x000000000000b36e                _ZN10Speedo_CAND2Ev
                0x000000000000b36e                _ZN10Speedo_CAND1Ev
                0x000000000000b370                _ZN10Speedo_CAN8shutdownEv
                0x000000000000b372                _ZN10Speedo_CAN10check_varsEv
                0x000000000000b376                _ZN10Speedo_CAN12get_air_tempEv
                0x000000000000b37c                _ZN10Speedo_CAN12get_oil_tempEv
                0x000000000000b382                _ZN10Speedo_CAN14get_water_tempEv
                0x000000000000b388                _ZN10Speedo_CAN9get_SpeedEv
                0x000000000000b38e                _ZN10Speedo_CAN7get_RPMEv
                0x000000000000b394                _ZN10Speedo_CAN7requestEc
                0x000000000000b396                _ZN10Speedo_CAN8spi_putcEh
                0x000000000000b3a2                _ZN10Speedo_CAN22mcp2515_write_registerEhh
                0x000000000000b3dc                _ZN10Speedo_CAN21mcp2515_read_registerEh
                0x000000000000b402                _ZN10Speedo_CAN18mcp2515_bit_modifyEhhh
                0x000000000000b44a                _ZN10Speedo_CAN4initEv
                0x000000000000b4fe                _ZN10Speedo_CAN16can_send_messageEP10CANMessage
                0x000000000000b600                _ZN10Speedo_CAN22mcp2515_read_rx_statusEv
                0x000000000000b628                _ZN10Speedo_CAN15can_get_messageEP10CANMessage
 .text          0x000000000000b716     0x14be ./aktors.o
                0x000000000000b716                _ZN13Speedo_aktorsC2Ev
                0x000000000000b716                _ZN13Speedo_aktorsC1Ev
                0x000000000000b78a                _ZN13Speedo_aktorsD2Ev
                0x000000000000b78a                _ZN13Speedo_aktorsD1Ev
                0x000000000000b78c                _ZN13Speedo_aktors19run_reset_on_ATm328Ev
                0x000000000000b8c8                _ZN13Speedo_aktors10check_varsEv
                0x000000000000b9b8                _ZN13Speedo_aktors11set_rgb_outEiiii
                0x000000000000ba50                _ZN13Speedo_aktors11set_rgb_outEiii
                0x000000000000ba60                _ZN13Speedo_aktors11dimm_rgb_toEiiii
                0x000000000000bae8                _ZN13Speedo_aktors14timer_overflowEv
                0x000000000000bd16                __vector_35
                0x000000000000bd6e                _ZN13Speedo_aktors11stop_dimmerEv
                0x000000000000bd7a                _ZN13Speedo_aktors14dimm_availableEv
                0x000000000000bd98                _ZN13Speedo_aktors17set_active_dimmerEb
                0x000000000000bda2                _ZN13Speedo_aktors17update_outer_ledsEbb
                0x000000000000c30e                _ZN13Speedo_aktors6ask_btEPc
                0x000000000000c384                _ZN13Speedo_aktors10set_bt_pinEv
                0x000000000000c902                _ZN13Speedo_aktors12set_expanderEv
                0x000000000000c948                _ZN13Speedo_aktors19set_controll_lightsEhhhhh
                0x000000000000c9c6                _ZN13Speedo_aktors14set_rbg_activeEi
                0x000000000000cae6                _ZN13Speedo_aktors4initEv
 .text          0x000000000000cbd4      0x19e ./blinker.o
                0x000000000000cbd4                _ZN13moped_blinkerC1Ev
                0x000000000000cbd4                _ZN13moped_blinkerC2Ev
                0x000000000000cbe8                _ZN13moped_blinkerD2Ev
                0x000000000000cbe8                _ZN13moped_blinkerD1Ev
                0x000000000000cbea                _ZN13moped_blinker9set_startEmi
                0x000000000000cc28                _ZN13moped_blinker5checkEv
                0x000000000000cce4                _ZN13moped_blinker4warnEm
                0x000000000000cd2c                _ZN13moped_blinker4initEv
                0x000000000000cd3c                _ZN13moped_blinker10check_varsEv
 .text          0x000000000000cd72      0x782 ./clock_me.o
                0x000000000000cd72                _ZN12speedo_clockC2Ev
                0x000000000000cd72                _ZN12speedo_clockC1Ev
                0x000000000000cd8e                _ZN12speedo_clockD1Ev
                0x000000000000cd8e                _ZN12speedo_clockD2Ev
                0x000000000000cd90                _ZN12speedo_clock7changedEPi
                0x000000000000cdb6                _ZN12speedo_clock8decToBcdEc
                0x000000000000cdca                _ZN12speedo_clock8bcdToDecEc
                0x000000000000cdde                _ZN12speedo_clock14is_winter_timeEjjjjjj
                0x000000000000cf96                _ZN12speedo_clock13set_date_timeEiiiiiib
                0x000000000000d18e                _ZN12speedo_clock4initEv
                0x000000000000d19e                _ZN12speedo_clock10check_varsEv
                0x000000000000d1a2                _ZN12speedo_clock7getdateEv
                0x000000000000d1c0                _ZN12speedo_clock13get_long_dateEv
                0x000000000000d236                _ZN12speedo_clock6get_ssEv
                0x000000000000d240                _ZN12speedo_clock3incEv
                0x000000000000d286                _ZN12speedo_clock4copyEPc
                0x000000000000d2ee                _ZN12speedo_clock4loopEv
 .text          0x000000000000d4f4     0x3a66 ./config.o
                0x000000000000d4f4                _ZN13configurationC2Ev
                0x000000000000d4f4                _ZN13configurationC1Ev
                0x000000000000d502                _ZN13configurationD1Ev
                0x000000000000d502                _ZN13configurationD2Ev
                0x000000000000d504                _ZN13configuration14get_hw_versionEv
                0x000000000000d54a                _ZN13configuration8ram_infoEv
                0x000000000000d584                _ZN13configuration5writeEPKc
                0x000000000000ee52                _ZN13configuration11parse_floatEPciPf
                0x000000000000f088                _ZN13configuration10parse_boolEPciPb
                0x000000000000f0c4                _ZN13configuration9parse_intEPciPi
                0x000000000000f11a                _ZN13configuration11parse_shortEPciPs
                0x000000000000f164                _ZN13configuration7parse_aEPciS0_i
                0x000000000000f1d4                _ZN13configuration8parse_ulEPciPm
                0x000000000000f26c                _ZN13configuration5parseEPc
                0x00000000000108c4                _ZN13configuration4readEPKc
                0x0000000000010b2e                _ZN13configuration9read_skinEv
                0x0000000000010bac                _ZN13configuration7km_saveEv
                0x0000000000010da0                _ZN13configuration14day_trip_checkEv
                0x0000000000010eac                _ZN13configuration11EEPROM_initEv
 .text          0x0000000000010f5a       0x6c ./debug.o
                0x0000000000010f5a                _ZN9debuggingC1Ev
                0x0000000000010f5a                _ZN9debuggingC2Ev
                0x0000000000010f5c                _ZN9debuggingD1Ev
                0x0000000000010f5c                _ZN9debuggingD2Ev
                0x0000000000010f5e                _ZN9debugging7sprintpEPKc
                0x0000000000010f88                _ZN9debugging9sprintlnpEPKc
                0x0000000000010fb8                _ZN9debugging11parse_floatEiPciii
                0x0000000000010fba                _ZN9debugging9parse_intEv
                0x0000000000010fbc                _ZN9debugging5parseEiPc
                0x0000000000010fbe                _ZN9debugging7parse_aEiPc
                0x0000000000010fc0                _ZN9debugging8parse_ulEim
                0x0000000000010fc2                _ZN9debugging11speedo_loopEiimPKc
                0x0000000000010fc4                _ZN9debugging4loopEv
 .text          0x0000000000010fc6     0x1b20 ./display.o
                0x0000000000010fc6                _ZN11speedo_dispC1Ev
                0x0000000000010fc6                _ZN11speedo_dispC2Ev
                0x0000000000010fca                _ZN11speedo_dispD2Ev
                0x0000000000010fca                _ZN11speedo_dispD1Ev
                0x0000000000010fcc                _ZN11speedo_disp8draw_oilEhh
                0x0000000000011294                _ZN11speedo_disp10draw_waterEhh
                0x000000000001155c                _ZN11speedo_disp8draw_airEhh
                0x0000000000011664                _ZN11speedo_disp9draw_fuelEhh
                0x000000000001178c                _ZN11speedo_disp10draw_clockEhh
                0x00000000000118b4                _ZN11speedo_disp12draw_blitzerEhh
                0x0000000000011b2c                _ZN11speedo_disp10draw_arrowEiii
                0x00000000000120a8                _ZN11speedo_disp6sd2ssdEPci
                0x0000000000012278                _ZN11speedo_disp11show_storryEPcjS0_j
                0x000000000001253a                _ZN11speedo_disp14show_animationEPKc
                0x000000000001286e                _ZN11speedo_disp12disp_waitingEihh
                0x000000000001292e                _ZN11speedo_disp9animationEi
                0x00000000000129b6                _ZN11speedo_disp11init_speedoEv
 .text          0x0000000000012ae6      0x3ec ./dz.o
                0x0000000000012ae6                _ZN9speedo_dzC2Ev
                0x0000000000012ae6                _ZN9speedo_dzC1Ev
                0x0000000000012b18                _ZN9speedo_dz7counterEv
                0x0000000000012b28                _ZN9speedo_dz6get_dzEb
                0x0000000000012b3a                _ZN9speedo_dz4calcEv
                0x0000000000012e1e                __vector_5
                0x0000000000012e64                _ZN9speedo_dz4initEv
                0x0000000000012e90                _ZN9speedo_dz8shutdownEv
                0x0000000000012e9e                _ZN9speedo_dz10check_varsEv
 .text          0x0000000000012ed2      0xcb4 ./file_manager_v2.o
                0x0000000000012ed2                _ZN21speedo_filemanager_v2C1Ev
                0x0000000000012ed2                _ZN21speedo_filemanager_v2C2Ev
                0x0000000000012eea                _ZN21speedo_filemanager_v2D1Ev
                0x0000000000012eea                _ZN21speedo_filemanager_v2D2Ev
                0x0000000000012f00                _ZN21speedo_filemanager_v212send_answereEPhjS0_S0_
                0x0000000000012fce                _ZN21speedo_filemanager_v215get_file_handleEPhS0_P6SdFileS2_h
                0x0000000000013162                _ZN21speedo_filemanager_v213parse_commandEv
 .text          0x0000000000013b86      0x23a ./fuel.o
                0x0000000000013b86                _ZN11speedo_fuelC1Ev
                0x0000000000013b86                _ZN11speedo_fuelC2Ev
                0x0000000000013b9a                _ZN11speedo_fuelD2Ev
                0x0000000000013b9a                _ZN11speedo_fuelD1Ev
                0x0000000000013b9c                _ZN11speedo_fuel8get_fuelEPc
                0x0000000000013d84                _ZN11speedo_fuel4initEv
                0x0000000000013d86                _ZN11speedo_fuel10check_varsEv
 .text          0x0000000000013dc0      0x6ea ./gear.o
                0x0000000000013dc0                _ZN11speedo_gearC2Ev
                0x0000000000013dc0                _ZN11speedo_gearC1Ev
                0x0000000000013dea                _ZN11speedo_gearD1Ev
                0x0000000000013dea                _ZN11speedo_gearD2Ev
                0x0000000000013dec                _ZN11speedo_gear4initEv
                0x0000000000013e14                _ZN11speedo_gear10check_varsEv
                0x0000000000013e8c                _ZN11speedo_gear4calcEv
                0x00000000000140fc                _ZN11speedo_gear3getEv
                0x0000000000014112                _ZN11speedo_gear9calibrateEv
 .text          0x00000000000144aa     0x20aa ./gps.o
                0x00000000000144aa                _ZN10speedo_gpsC1Ev
                0x00000000000144aa                _ZN10speedo_gpsC2Ev
                0x0000000000014598                _ZN10speedo_gpsD1Ev
                0x0000000000014598                _ZN10speedo_gpsD2Ev
                0x000000000001459a                _ZN10speedo_gps10check_varsEv
                0x000000000001459e                _ZN10speedo_gps9recv_dataEv
                0x00000000000146e8                __vector_36
                0x0000000000014744                _ZN10speedo_gps8get_infoEh
                0x000000000001488e                _ZN10speedo_gps11store_to_sdEv
                0x000000000001492a                _ZN10speedo_gps3modEmm
                0x00000000000149b8                _ZN10speedo_gps11nmea_to_decEm
                0x0000000000014a80                _ZN10speedo_gps9calc_distEmm
                0x0000000000014cec                _ZN10speedo_gps9get_orderEPc
                0x0000000000014f0c                _ZN10speedo_gps18generate_new_orderEv
                0x00000000000152b8                _ZN10speedo_gps9calc_naviEv
                0x0000000000015772                _ZN10speedo_gps4loopEv
                0x0000000000015952                _ZN10speedo_gps17get_logged_pointsEPci
                0x0000000000015c04                _ZN10speedo_gps8SendByteEh
                0x0000000000015c12                _ZN10speedo_gps10SendStringEPKc
                0x0000000000015c42                _ZN10speedo_gps4initEv
                0x0000000000015c6e                _ZN10speedo_gps16get_drive_statusEv
                0x0000000000015ca2                _ZN10speedo_gps16set_drive_statusEiiic
                0x0000000000015cf6                _ZN10speedo_gps5parseEPci
                0x0000000000016500                _ZN10speedo_gps10check_flagEv
 .text          0x0000000000016554       0x38 ./helper.o
                0x0000000000016554                __cxa_pure_virtual
                0x0000000000016558                _Znwj
                0x000000000001655c                _ZdlPv
                0x0000000000016560                _Znaj
                0x0000000000016564                _ZdaPv
                0x000000000001656e                _Z19__cxa_guard_acquirePx
                0x0000000000016582                _Z19__cxa_guard_releasePx
                0x000000000001658a                _Z17__cxa_guard_abortPx
 .text          0x000000000001658c      0x170 ./main.o
                0x000000000001658c                _Z11init_speedov
 .text          0x00000000000166fc     0x672c ./menu.o
                0x00000000000166fc                _ZN11speedo_menuC2Ev
                0x00000000000166fc                _ZN11speedo_menuC1Ev
                0x00000000000166fe                _ZN11speedo_menuD2Ev
                0x00000000000166fe                _ZN11speedo_menuD1Ev
                0x0000000000016700                _ZN11speedo_menu4backEv
                0x00000000000167f8                _ZN11speedo_menu5yesnoEPKcS1_S1_
                0x0000000000016942                _ZN11speedo_menu4drawEPKPKci
                0x0000000000016d0a                _ZN11speedo_menu7go_leftEb
                0x0000000000016ddc                _ZN11speedo_menu8go_rightEb
                0x0000000000016e50                _ZN11speedo_menu5go_upEb
                0x0000000000016f68                _ZN11speedo_menu7go_downEb
                0x0000000000017082                _ZN11speedo_menu4initEv
                0x0000000000017118                _ZN11speedo_menu11set_buttonsEbbbb
                0x0000000000017128                _ZN11speedo_menu9center_meEPci
                0x0000000000017250                _ZN11speedo_menu17color_select_menuEiP10led_simpleS1_PiS2_ibPKcS4_cb
                0x0000000000017e44                _ZN11speedo_menu7displayEv
                0x000000000001ca58                _ZN11speedo_menu11button_testEbb
                0x000000000001cd12                __vector_10
                0x000000000001cd6e                _ZN11speedo_menu5popupEPKcS1_
                0x000000000001ce12                _ZN11speedo_menu29copy_storagename_to_chararrayEiPc
 .text          0x000000000001ce28      0x104 ./oiler.o
                0x000000000001ce28                _ZN12speedo_oilerC2Ev
                0x000000000001ce28                _ZN12speedo_oilerC1Ev
                0x000000000001ce30                _ZN12speedo_oilerD2Ev
                0x000000000001ce30                _ZN12speedo_oilerD1Ev
                0x000000000001ce32                _ZN12speedo_oiler4initEv
                0x000000000001ce52                _ZN12speedo_oiler10check_varsEv
                0x000000000001ce7c                _ZN12speedo_oiler12send_impulseEv
                0x000000000001cecc                _ZN12speedo_oiler11check_valueEv
 .text          0x000000000001cf2c      0x2c2 ./reset.o
                0x000000000001cf2c                _ZN12speedo_resetC1Ev
                0x000000000001cf2c                _ZN12speedo_resetC2Ev
                0x000000000001cf50                _ZN12speedo_resetD2Ev
                0x000000000001cf50                _ZN12speedo_resetD1Ev
                0x000000000001cf52                _ZN12speedo_reset10check_varsEv
                0x000000000001cf56                _ZN12speedo_reset10set_activeEbb
                0x000000000001cfac                _ZN12speedo_reset12set_deactiveEbb
                0x000000000001d000                _ZN12speedo_reset7restoreEv
                0x000000000001d01a                _ZN12speedo_reset6toggleEv
                0x000000000001d07a                _ZN12speedo_reset9ask_resetEv
                0x000000000001d178                _ZN12speedo_reset4initEv
 .text          0x000000000001d1ee      0x18c ./sd.o
                0x000000000001d1ee                _ZN9speedo_sdC1Ev
                0x000000000001d1ee                _ZN9speedo_sdC2Ev
                0x000000000001d20c                _ZN9speedo_sdD1Ev
                0x000000000001d20c                _ZN9speedo_sdD2Ev
                0x000000000001d20e                _ZN9speedo_sd7error_PEPKc
                0x000000000001d26c                _ZN9speedo_sd9writeCRLFER6SdFile
                0x000000000001d27a                _ZN9speedo_sd11writeStringER6SdFilePc
                0x000000000001d29a                _ZN9speedo_sd10power_downEv
                0x000000000001d2aa                _ZN9speedo_sd8power_upEh
                0x000000000001d36a                _ZN9speedo_sd4initEv
 .text          0x000000000001d37a      0xc3c ./sensors.o
                0x000000000001d37a                _ZN14Speedo_sensorsC1Ev
                0x000000000001d37a                _ZN14Speedo_sensorsC2Ev
                0x000000000001d450                _ZN14Speedo_sensorsD2Ev
                0x000000000001d450                _ZN14Speedo_sensorsD1Ev
                0x000000000001d452                _ZN14Speedo_sensors4initEv
                0x000000000001d51e                _ZN14Speedo_sensors10clear_varsEv
                0x000000000001d52e                _ZN14Speedo_sensors10check_varsEv
                0x000000000001d608                _ZN14Speedo_sensors7get_RPMEb
                0x000000000001d628                _ZN14Speedo_sensors9get_speedEb
                0x000000000001d64a                _ZN14Speedo_sensors21get_water_temperatureEv
                0x000000000001d66a                _ZN14Speedo_sensors19get_air_temperatureEv
                0x000000000001d68a                _ZN14Speedo_sensors19get_oil_temperatureEv
                0x000000000001d6aa                _ZN14Speedo_sensors11pull_valuesEv
                0x000000000001d7dc                _ZN14Speedo_sensors6flatItEiPhcf
                0x000000000001d89e                _ZN14Speedo_sensors17addinfo_show_loopEv
                0x000000000001dcb4                _ZN14Speedo_sensors12check_inputsEv
                0x000000000001dcf6                __vector_11
                0x000000000001dd4e                __vector_8
                0x000000000001dda6                __vector_7
                0x000000000001ddfe                _ZN14Speedo_sensors11single_readEv
 .text          0x000000000001dfb6      0x966 ./speed.o
                0x000000000001dfb6                _ZN12speedo_speedC2Ev
                0x000000000001dfb6                _ZN12speedo_speedC1Ev
                0x000000000001e028                _ZN12speedo_speedD2Ev
                0x000000000001e028                _ZN12speedo_speedD1Ev
                0x000000000001e02a                _ZN12speedo_speed4calcEv
                0x000000000001e220                __vector_6
                0x000000000001e27c                _ZN12speedo_speed4initEv
                0x000000000001e29c                _ZN12speedo_speed8shutdownEv
                0x000000000001e2aa                _ZN12speedo_speed10check_varsEv
                0x000000000001e32a                _ZN12speedo_speed8getSpeedEv
                0x000000000001e3e6                _ZN12speedo_speed13get_sat_speedEv
                0x000000000001e41e                _ZN12speedo_speed13get_mag_speedEv
                0x000000000001e426                _ZN12speedo_speed12check_umfangEv
 .text          0x000000000001e91c     0x2026 ./speedo.o
                0x000000000001e91c                _ZN13speedo_speedo9reset_bakEv
                0x000000000001e93a                _ZN13speedo_speedo4loopEm
                0x00000000000206ba                _ZN13speedo_speedo10clear_varsEv
                0x0000000000020710                _ZN13speedo_speedo10check_varsEv
 .text          0x0000000000020942      0x48a ./sprint.o
                0x0000000000020942                _ZN13speedo_sprintD2Ev
                0x0000000000020942                _ZN13speedo_sprintD1Ev
                0x0000000000020944                _ZN13speedo_sprint4initEv
                0x0000000000020962                _ZN13speedo_sprintC2Ev
                0x0000000000020962                _ZN13speedo_sprintC1Ev
                0x0000000000020964                _ZN13speedo_sprint4loopEv
 .text          0x0000000000020dcc      0x54e ./stepper.o
                0x0000000000020dcc                _ZN14speedo_stepperC2Ev
                0x0000000000020dcc                _ZN14speedo_stepperC1Ev
                0x0000000000020dd4                _ZN14speedo_stepperD2Ev
                0x0000000000020dd4                _ZN14speedo_stepperD1Ev
                0x0000000000020dd6                _ZN14speedo_stepper13overwrite_posEi
                0x0000000000020e0e                _ZN14speedo_stepper5go_toEiii
                0x0000000000020e8a                _ZN14speedo_stepper5go_toEi
                0x0000000000020ebe                _ZN14speedo_stepper4initEv
                0x0000000000020f10                _ZN14speedo_stepper7get_posEv
                0x0000000000020fdc                _ZN14speedo_stepper16get_motor_statusEPiS0_S0_
                0x0000000000021134                _ZN14speedo_stepper4loopEv
 .text          0x000000000002131a      0x882 ./temperature.o
                0x000000000002131a                _ZN18speedo_temperatureC1Ev
                0x000000000002131a                _ZN18speedo_temperatureC2Ev
                0x000000000002139e                _ZN18speedo_temperatureD1Ev
                0x000000000002139e                _ZN18speedo_temperatureD2Ev
                0x00000000000213a0                _ZN18speedo_temperature10check_varsEv
                0x0000000000021508                _ZN18speedo_temperature4initEv
                0x0000000000021528                _ZN18speedo_temperature13read_oil_tempEv
                0x00000000000216b4                _ZN18speedo_temperature15read_water_tempEv
                0x00000000000218c6                _ZN18speedo_temperature13read_air_tempEv
                0x0000000000021996                _ZN18speedo_temperature12get_air_tempEv
                0x00000000000219b0                _ZN18speedo_temperature12get_oil_tempEv
                0x0000000000021aa6                _ZN18speedo_temperature14get_water_tempEv
 .text          0x0000000000021b9c     0x1384 ./tetris.o
                0x0000000000021b9c                _ZN6tetrisC1Ev
                0x0000000000021b9c                _ZN6tetrisC2Ev
                0x0000000000021b9e                _ZN6tetrisD2Ev
                0x0000000000021b9e                _ZN6tetrisD1Ev
                0x0000000000021ba0                _ZN6tetris22copy_element_to_bufferEi
                0x0000000000021c34                _ZN6tetris11new_elementEv
                0x0000000000021d10                _ZN6tetris4initEv
                0x0000000000021d56                _ZN6tetris13initDrawFieldEv
                0x0000000000022032                _ZN6tetris11updateFieldEv
                0x0000000000022162                _ZN6tetris11check_stackEv
                0x0000000000022574                _ZN6tetris4loopEv
                0x0000000000022e46                _ZN6tetris3runEv
                0x0000000000022e7a                _ZN6tetris19show_grid_on_serialEv
 .text          0x0000000000022f20      0x2e8 ./timer.o
                0x0000000000022f20                _ZN12speedo_timerC2Ev
                0x0000000000022f20                _ZN12speedo_timerC1Ev
                0x0000000000022f58                _ZN12speedo_timerD2Ev
                0x0000000000022f58                _ZN12speedo_timerD1Ev
                0x0000000000022f5a                _Z8ram_infov
                0x0000000000022f80                _ZN12speedo_timer9every_secEP13configuration
                0x000000000002307a                _ZN12speedo_timer10every_qsecEv
                0x00000000000230e2                _ZN12speedo_timer12every_customEv
 .text          0x0000000000023208      0x2ba ./voltage.o
                0x0000000000023208                _ZN14speedo_voltageC2Ev
                0x0000000000023208                _ZN14speedo_voltageC1Ev
                0x0000000000023214                _ZN14speedo_voltageD2Ev
                0x0000000000023214                _ZN14speedo_voltageD1Ev
                0x0000000000023216                _ZN14speedo_voltage4calcEv
                0x0000000000023438                _ZN14speedo_voltage3getEv
                0x000000000002344c                _ZN14speedo_voltage10check_varsEv
                0x0000000000023450                _ZN14speedo_voltage4initEv
 .text          0x00000000000234c2        0x0 /usr/lib/gcc/avr/4.7.0/../../../avr/lib/avr6/libc.a(malloc.o)
 .text          0x00000000000234c2        0x0 /usr/lib/gcc/avr/4.7.0/../../../avr/lib/avr6/libc.a(exit.o)
 .text          0x00000000000234c2        0x0 /usr/lib/gcc/avr/4.7.0/../../../avr/lib/avr6/libc.a(isalpha.o)
 .text          0x00000000000234c2        0x0 /usr/lib/gcc/avr/4.7.0/../../../avr/lib/avr6/libc.a(isspace.o)
 .text          0x00000000000234c2        0x0 /usr/lib/gcc/avr/4.7.0/../../../avr/lib/avr6/libc.a(strcmp_P.o)
 .text          0x00000000000234c2        0x0 /usr/lib/gcc/avr/4.7.0/../../../avr/lib/avr6/libc.a(strcpy_P.o)
 .text          0x00000000000234c2        0x0 /usr/lib/gcc/avr/4.7.0/../../../avr/lib/avr6/libc.a(strlen_P.o)
 .text          0x00000000000234c2        0x0 /usr/lib/gcc/avr/4.7.0/../../../avr/lib/avr6/libc.a(strncmp_P.o)
 .text          0x00000000000234c2        0x0 /usr/lib/gcc/avr/4.7.0/../../../avr/lib/avr6/libc.a(memcmp.o)
 .text          0x00000000000234c2        0x0 /usr/lib/gcc/avr/4.7.0/../../../avr/lib/avr6/libc.a(memcpy.o)
 .text          0x00000000000234c2        0x0 /usr/lib/gcc/avr/4.7.0/../../../avr/lib/avr6/libc.a(memset.o)
 .text          0x00000000000234c2        0x0 /usr/lib/gcc/avr/4.7.0/../../../avr/lib/avr6/libc.a(strchr.o)
 .text          0x00000000000234c2        0x0 /usr/lib/gcc/avr/4.7.0/../../../avr/lib/avr6/libc.a(strcmp.o)
 .text          0x00000000000234c2        0x0 /usr/lib/gcc/avr/4.7.0/../../../avr/lib/avr6/libc.a(strcpy.o)
 .text          0x00000000000234c2        0x0 /usr/lib/gcc/avr/4.7.0/../../../avr/lib/avr6/libc.a(strncmp.o)
 .text          0x00000000000234c2        0x0 /usr/lib/gcc/avr/4.7.0/../../../avr/lib/avr6/libc.a(sprintf.o)
 .text          0x00000000000234c2        0x0 /usr/lib/gcc/avr/4.7.0/../../../avr/lib/avr6/libc.a(addsf3.o)
 .text          0x00000000000234c2        0x0 /usr/lib/gcc/avr/4.7.0/../../../avr/lib/avr6/libc.a(addsf3x.o)
 .text          0x00000000000234c2        0x0 /usr/lib/gcc/avr/4.7.0/../../../avr/lib/avr6/libc.a(asin.o)
 .text          0x00000000000234c2        0x0 /usr/lib/gcc/avr/4.7.0/../../../avr/lib/avr6/libc.a(cmpsf2.o)
 .text          0x00000000000234c2        0x0 /usr/lib/gcc/avr/4.7.0/../../../avr/lib/avr6/libc.a(cos.o)
 .text          0x00000000000234c2        0x0 /usr/lib/gcc/avr/4.7.0/../../../avr/lib/avr6/libc.a(divsf3.o)
 .text          0x00000000000234c2        0x0 /usr/lib/gcc/avr/4.7.0/../../../avr/lib/avr6/libc.a(divsf3x.o)
 .text          0x00000000000234c2        0x0 /usr/lib/gcc/avr/4.7.0/../../../avr/lib/avr6/libc.a(fixsfsi.o)
 .text          0x00000000000234c2        0x0 /usr/lib/gcc/avr/4.7.0/../../../avr/lib/avr6/libc.a(fixunssfsi.o)
 .text          0x00000000000234c2        0x0 /usr/lib/gcc/avr/4.7.0/../../../avr/lib/avr6/libc.a(floatsisf.o)
 .text          0x00000000000234c2        0x0 /usr/lib/gcc/avr/4.7.0/../../../avr/lib/avr6/libc.a(floor.o)
 .text          0x00000000000234c2        0x0 /usr/lib/gcc/avr/4.7.0/../../../avr/lib/avr6/libc.a(fp_arccos.o)
 .text          0x00000000000234c2        0x0 /usr/lib/gcc/avr/4.7.0/../../../avr/lib/avr6/libc.a(fp_cmp.o)
 .text          0x00000000000234c2        0x0 /usr/lib/gcc/avr/4.7.0/../../../avr/lib/avr6/libc.a(fp_inf.o)
 .text          0x00000000000234c2        0x0 /usr/lib/gcc/avr/4.7.0/../../../avr/lib/avr6/libc.a(fp_mintl.o)
 .text          0x00000000000234c2        0x0 /usr/lib/gcc/avr/4.7.0/../../../avr/lib/avr6/libc.a(fp_mpack.o)
 .text          0x00000000000234c2        0x0 /usr/lib/gcc/avr/4.7.0/../../../avr/lib/avr6/libc.a(fp_nan.o)
 .text          0x00000000000234c2        0x0 /usr/lib/gcc/avr/4.7.0/../../../avr/lib/avr6/libc.a(fp_powser.o)
 .text          0x00000000000234c2        0x0 /usr/lib/gcc/avr/4.7.0/../../../avr/lib/avr6/libc.a(fp_powsodd.o)
 .text          0x00000000000234c2        0x0 /usr/lib/gcc/avr/4.7.0/../../../avr/lib/avr6/libc.a(fp_pscA.o)
 .text          0x00000000000234c2        0x0 /usr/lib/gcc/avr/4.7.0/../../../avr/lib/avr6/libc.a(fp_pscB.o)
 .text          0x00000000000234c2        0x0 /usr/lib/gcc/avr/4.7.0/../../../avr/lib/avr6/libc.a(fp_rempio2.o)
 .text          0x00000000000234c2        0x0 /usr/lib/gcc/avr/4.7.0/../../../avr/lib/avr6/libc.a(fp_round.o)
 .text          0x00000000000234c2        0x0 /usr/lib/gcc/avr/4.7.0/../../../avr/lib/avr6/libc.a(fp_sinus.o)
 .text          0x00000000000234c2        0x0 /usr/lib/gcc/avr/4.7.0/../../../avr/lib/avr6/libc.a(fp_split3.o)
 .text          0x00000000000234c2        0x0 /usr/lib/gcc/avr/4.7.0/../../../avr/lib/avr6/libc.a(fp_trunc.o)
 .text          0x00000000000234c2        0x0 /usr/lib/gcc/avr/4.7.0/../../../avr/lib/avr6/libc.a(fp_zero.o)
 .text          0x00000000000234c2        0x0 /usr/lib/gcc/avr/4.7.0/../../../avr/lib/avr6/libc.a(gesf2.o)
 .text          0x00000000000234c2        0x0 /usr/lib/gcc/avr/4.7.0/../../../avr/lib/avr6/libc.a(mulsf3.o)
 .text          0x00000000000234c2        0x0 /usr/lib/gcc/avr/4.7.0/../../../avr/lib/avr6/libc.a(mulsf3x.o)
 .text          0x00000000000234c2        0x0 /usr/lib/gcc/avr/4.7.0/../../../avr/lib/avr6/libc.a(pow.o)
 .text          0x00000000000234c2        0x0 /usr/lib/gcc/avr/4.7.0/../../../avr/lib/avr6/libc.a(sin.o)
 .text          0x00000000000234c2        0x0 /usr/lib/gcc/avr/4.7.0/../../../avr/lib/avr6/libc.a(sqrt.o)
 .text          0x00000000000234c2        0x0 /usr/lib/gcc/avr/4.7.0/../../../avr/lib/avr6/libc.a(vfprintf_std.o)
 .text          0x00000000000234c2        0x0 /usr/lib/gcc/avr/4.7.0/../../../avr/lib/avr6/libc.a(eerd_byte_atmega2560.o)
 .text          0x00000000000234c2        0x0 /usr/lib/gcc/avr/4.7.0/../../../avr/lib/avr6/libc.a(eewr_byte_atmega2560.o)
 .text          0x00000000000234c2        0x0 /usr/lib/gcc/avr/4.7.0/../../../avr/lib/avr6/libc.a(cty_isfalse.o)
 .text          0x00000000000234c2        0x0 /usr/lib/gcc/avr/4.7.0/../../../avr/lib/avr6/libc.a(strnlen_P.o)
 .text          0x00000000000234c2        0x0 /usr/lib/gcc/avr/4.7.0/../../../avr/lib/avr6/libc.a(strnlen.o)
 .text          0x00000000000234c2        0x0 /usr/lib/gcc/avr/4.7.0/../../../avr/lib/avr6/libc.a(fputc.o)
 .text          0x00000000000234c2        0x0 /usr/lib/gcc/avr/4.7.0/../../../avr/lib/avr6/libc.a(ultoa_invert.o)
 .text          0x00000000000234c2        0x0 /usr/lib/gcc/avr/4.7.0/../../../avr/lib/avr6/libc.a(exp.o)
 .text          0x00000000000234c2        0x0 /usr/lib/gcc/avr/4.7.0/../../../avr/lib/avr6/libc.a(fp_norm2.o)
 .text          0x00000000000234c2        0x0 /usr/lib/gcc/avr/4.7.0/../../../avr/lib/avr6/libc.a(inverse.o)
 .text          0x00000000000234c2        0x0 /usr/lib/gcc/avr/4.7.0/../../../avr/lib/avr6/libc.a(ldexp.o)
 .text          0x00000000000234c2        0x0 /usr/lib/gcc/avr/4.7.0/../../../avr/lib/avr6/libc.a(log.o)
 .text          0x00000000000234c2        0x0 /usr/lib/gcc/avr/4.7.0/../../../avr/lib/avr6/libc.a(modf.o)
 .text          0x00000000000234c2        0x0 /usr/lib/gcc/avr/4.7.0/avr6/libgcc.a(_umulhisi3.o)
 .text          0x00000000000234c2        0x0 /usr/lib/gcc/avr/4.7.0/avr6/libgcc.a(_muluhisi3.o)
 .text          0x00000000000234c2        0x0 /usr/lib/gcc/avr/4.7.0/avr6/libgcc.a(_mulsi3.o)
 .text          0x00000000000234c2        0x0 /usr/lib/gcc/avr/4.7.0/avr6/libgcc.a(_udivmodqi4.o)
 .text          0x00000000000234c2        0x0 /usr/lib/gcc/avr/4.7.0/avr6/libgcc.a(_udivmodhi4.o)
 .text          0x00000000000234c2        0x0 /usr/lib/gcc/avr/4.7.0/avr6/libgcc.a(_divmodhi4.o)
 .text          0x00000000000234c2        0x0 /usr/lib/gcc/avr/4.7.0/avr6/libgcc.a(_udivmodsi4.o)
 .text          0x00000000000234c2        0x0 /usr/lib/gcc/avr/4.7.0/avr6/libgcc.a(_divmodsi4.o)
 .text          0x00000000000234c2        0x0 /usr/lib/gcc/avr/4.7.0/avr6/libgcc.a(_exit.o)
 .text          0x00000000000234c2        0x0 /usr/lib/gcc/avr/4.7.0/avr6/libgcc.a(_copy_data.o)
 .text          0x00000000000234c2        0x0 /usr/lib/gcc/avr/4.7.0/avr6/libgcc.a(_clear_bss.o)
 .text          0x00000000000234c2        0x0 /usr/lib/gcc/avr/4.7.0/avr6/libgcc.a(_ctors.o)
 .text          0x00000000000234c2        0x0 /usr/lib/gcc/avr/4.7.0/avr6/libgcc.a(_dtors.o)
 .text          0x00000000000234c2        0x0 /usr/lib/gcc/avr/4.7.0/avr6/libgcc.a(_tablejump_elpm.o)
                0x00000000000234c2                . = ALIGN (0x2)
 *(.text.*)
 .text._ZN14HardwareSerialD2Ev
                0x00000000000234c2        0xc ./inc/HardwareSerial.o
                0x00000000000234c2                _ZN14HardwareSerialD2Ev
                0x00000000000234c2                _ZN14HardwareSerialD1Ev
 .text._ZN14HardwareSerialD0Ev
                0x00000000000234ce        0xe ./inc/HardwareSerial.o
                0x00000000000234ce                _ZN14HardwareSerialD0Ev
 .text.startup  0x00000000000234dc      0x13c ./inc/HardwareSerial.o
 .text.exit     0x0000000000023618       0x1e ./inc/HardwareSerial.o
 .text._ZN6SdFileD2Ev
                0x0000000000023636       0x14 ./inc/SdFat.o
                0x0000000000023636                _ZN6SdFileD1Ev
                0x0000000000023636                _ZN6SdFileD2Ev
 .text._ZN7istream5getchEP6fpos_t
                0x000000000002364a       0x24 ./inc/istream.o
                0x000000000002364a                _ZN7istream5getchEP6fpos_t
 .text._ZN6SdFileaSERKS_
                0x000000000002366e       0xa0 ./file_manager_v2.o
                0x000000000002366e                _ZN6SdFileaSERKS_
 .text.startup  0x000000000002370e      0x2d0 ./main.o
                0x000000000002370e                main
 .text.avr-libc
                0x00000000000239de      0x272 /usr/lib/gcc/avr/4.7.0/../../../avr/lib/avr6/libc.a(malloc.o)
                0x00000000000239de                malloc
                0x0000000000023b14                free
 .text.avr-libc
                0x0000000000023c50        0x6 /usr/lib/gcc/avr/4.7.0/../../../avr/lib/avr6/libc.a(exit.o)
                0x0000000000023c50                exit
 .text.avr-libc
                0x0000000000023c56       0x12 /usr/lib/gcc/avr/4.7.0/../../../avr/lib/avr6/libc.a(isalpha.o)
                0x0000000000023c56                isupper
                0x0000000000023c5a                isalpha
                0x0000000000023c5c                islower
 .text.avr-libc
                0x0000000000023c68       0x10 /usr/lib/gcc/avr/4.7.0/../../../avr/lib/avr6/libc.a(isspace.o)
                0x0000000000023c68                isspace
 .text.avr-libc
                0x0000000000023c78       0x12 /usr/lib/gcc/avr/4.7.0/../../../avr/lib/avr6/libc.a(strcmp_P.o)
                0x0000000000023c78                strcmp_P
 .text.avr-libc
                0x0000000000023c8a        0xe /usr/lib/gcc/avr/4.7.0/../../../avr/lib/avr6/libc.a(strcpy_P.o)
                0x0000000000023c8a                strcpy_P
 .text.avr-libc
                0x0000000000023c98       0x12 /usr/lib/gcc/avr/4.7.0/../../../avr/lib/avr6/libc.a(strlen_P.o)
                0x0000000000023c98                __strlen_P
 .text.avr-libc
                0x0000000000023caa       0x1c /usr/lib/gcc/avr/4.7.0/../../../avr/lib/avr6/libc.a(strncmp_P.o)
                0x0000000000023caa                strncmp_P
 .text.avr-libc
                0x0000000000023cc6       0x1a /usr/lib/gcc/avr/4.7.0/../../../avr/lib/avr6/libc.a(memcmp.o)
                0x0000000000023cc6                memcmp
 .text.avr-libc
                0x0000000000023ce0       0x12 /usr/lib/gcc/avr/4.7.0/../../../avr/lib/avr6/libc.a(memcpy.o)
                0x0000000000023ce0                memcpy
 .text.avr-libc
                0x0000000000023cf2        0xe /usr/lib/gcc/avr/4.7.0/../../../avr/lib/avr6/libc.a(memset.o)
                0x0000000000023cf2                memset
 .text.avr-libc
                0x0000000000023d00       0x16 /usr/lib/gcc/avr/4.7.0/../../../avr/lib/avr6/libc.a(strchr.o)
                0x0000000000023d00                strchr
 .text.avr-libc
                0x0000000000023d16       0x12 /usr/lib/gcc/avr/4.7.0/../../../avr/lib/avr6/libc.a(strcmp.o)
                0x0000000000023d16                strcmp
 .text.avr-libc
                0x0000000000023d28        0xe /usr/lib/gcc/avr/4.7.0/../../../avr/lib/avr6/libc.a(strcpy.o)
                0x0000000000023d28                strcpy
 .text.avr-libc
                0x0000000000023d36       0x1c /usr/lib/gcc/avr/4.7.0/../../../avr/lib/avr6/libc.a(strncmp.o)
                0x0000000000023d36                strncmp
 .text.avr-libc
                0x0000000000023d52       0x60 /usr/lib/gcc/avr/4.7.0/../../../avr/lib/avr6/libc.a(sprintf.o)
                0x0000000000023d52                sprintf
 .text.avr-libc.fplib
                0x0000000000023db2        0xa /usr/lib/gcc/avr/4.7.0/../../../avr/lib/avr6/libc.a(addsf3.o)
                0x0000000000023db2                __subsf3
                0x0000000000023db4                __addsf3
 .text.avr-libc.fplib
                0x0000000000023dbc       0xc0 /usr/lib/gcc/avr/4.7.0/../../../avr/lib/avr6/libc.a(addsf3x.o)
                0x0000000000023dd6                __addsf3x
 .text.avr-libc.fplib
                0x0000000000023e7c       0x2e /usr/lib/gcc/avr/4.7.0/../../../avr/lib/avr6/libc.a(asin.o)
                0x0000000000023e7c                asin
 .text.avr-libc.fplib
                0x0000000000023eaa        0x8 /usr/lib/gcc/avr/4.7.0/../../../avr/lib/avr6/libc.a(cmpsf2.o)
                0x0000000000023eaa                __lesf2
                0x0000000000023eaa                __nesf2
                0x0000000000023eaa                __eqsf2
                0x0000000000023eaa                __cmpsf2
                0x0000000000023eaa                __ltsf2
 .text.avr-libc.fplib
                0x0000000000023eb2        0x6 /usr/lib/gcc/avr/4.7.0/../../../avr/lib/avr6/libc.a(cos.o)
                0x0000000000023eb2                cos
 .text.avr-libc.fplib
                0x0000000000023eb8        0x4 /usr/lib/gcc/avr/4.7.0/../../../avr/lib/avr6/libc.a(divsf3.o)
                0x0000000000023eb8                __divsf3
 .text.avr-libc.fplib
                0x0000000000023ebc       0xcc /usr/lib/gcc/avr/4.7.0/../../../avr/lib/avr6/libc.a(divsf3x.o)
                0x0000000000023ed2                __divsf3x
                0x0000000000023ed6                __divsf3_pse
 .text.avr-libc.fplib
                0x0000000000023f88        0xa /usr/lib/gcc/avr/4.7.0/../../../avr/lib/avr6/libc.a(fixsfsi.o)
                0x0000000000023f88                __fixsfsi
 .text.avr-libc.fplib
                0x0000000000023f92       0x58 /usr/lib/gcc/avr/4.7.0/../../../avr/lib/avr6/libc.a(fixunssfsi.o)
                0x0000000000023f92                __fixunssfsi
 .text.avr-libc.fplib
                0x0000000000023fea       0x7a /usr/lib/gcc/avr/4.7.0/../../../avr/lib/avr6/libc.a(floatsisf.o)
                0x0000000000023fea                __floatunsisf
                0x0000000000023fee                __floatsisf
 .text.avr-libc.fplib
                0x0000000000024064       0x26 /usr/lib/gcc/avr/4.7.0/../../../avr/lib/avr6/libc.a(floor.o)
                0x0000000000024064                floor
 .text.avr-libc.fplib
                0x000000000002408a       0x36 /usr/lib/gcc/avr/4.7.0/../../../avr/lib/avr6/libc.a(fp_arccos.o)
                0x000000000002408a                __fp_arccos
 .text.avr-libc.fplib
                0x00000000000240c0       0x48 /usr/lib/gcc/avr/4.7.0/../../../avr/lib/avr6/libc.a(fp_cmp.o)
                0x00000000000240c0                __fp_cmp
 .text.avr-libc.fplib
                0x0000000000024108        0xc /usr/lib/gcc/avr/4.7.0/../../../avr/lib/avr6/libc.a(fp_inf.o)
                0x0000000000024108                __fp_inf
 .text.avr-libc.fplib
                0x0000000000024114       0x36 /usr/lib/gcc/avr/4.7.0/../../../avr/lib/avr6/libc.a(fp_mintl.o)
                0x0000000000024114                __fp_mintl
 .text.avr-libc.fplib
                0x000000000002414a       0x1c /usr/lib/gcc/avr/4.7.0/../../../avr/lib/avr6/libc.a(fp_mpack.o)
                0x000000000002414a                __fp_mpack
                0x000000000002414e                __fp_mpack_finite
 .text.avr-libc.fplib
                0x0000000000024166        0x6 /usr/lib/gcc/avr/4.7.0/../../../avr/lib/avr6/libc.a(fp_nan.o)
                0x0000000000024166                __fp_nan
 .text.avr-libc.fplib
                0x000000000002416c       0x4a /usr/lib/gcc/avr/4.7.0/../../../avr/lib/avr6/libc.a(fp_powser.o)
                0x000000000002416c                __fp_powser
 .text.avr-libc.fplib
                0x00000000000241b6       0x22 /usr/lib/gcc/avr/4.7.0/../../../avr/lib/avr6/libc.a(fp_powsodd.o)
                0x00000000000241b6                __fp_powsodd
 .text.avr-libc.fplib
                0x00000000000241d8        0xe /usr/lib/gcc/avr/4.7.0/../../../avr/lib/avr6/libc.a(fp_pscA.o)
                0x00000000000241d8                __fp_pscA
 .text.avr-libc.fplib
                0x00000000000241e6        0xe /usr/lib/gcc/avr/4.7.0/../../../avr/lib/avr6/libc.a(fp_pscB.o)
                0x00000000000241e6                __fp_pscB
 .text.avr-libc.fplib
                0x00000000000241f4       0x50 /usr/lib/gcc/avr/4.7.0/../../../avr/lib/avr6/libc.a(fp_rempio2.o)
                0x00000000000241f6                __fp_rempio2
 .text.avr-libc.fplib
                0x0000000000024244       0x22 /usr/lib/gcc/avr/4.7.0/../../../avr/lib/avr6/libc.a(fp_round.o)
                0x0000000000024244                __fp_round
 .text.avr-libc.fplib
                0x0000000000024266       0x22 /usr/lib/gcc/avr/4.7.0/../../../avr/lib/avr6/libc.a(fp_sinus.o)
                0x0000000000024266                __fp_sinus
 .text.avr-libc.fplib
                0x0000000000024288       0x44 /usr/lib/gcc/avr/4.7.0/../../../avr/lib/avr6/libc.a(fp_split3.o)
                0x0000000000024288                __fp_split3
                0x0000000000024298                __fp_splitA
 .text.avr-libc.fplib
                0x00000000000242cc       0x2e /usr/lib/gcc/avr/4.7.0/../../../avr/lib/avr6/libc.a(fp_trunc.o)
                0x00000000000242cc                __fp_trunc
 .text.avr-libc.fplib
                0x00000000000242fa        0xe /usr/lib/gcc/avr/4.7.0/../../../avr/lib/avr6/libc.a(fp_zero.o)
                0x00000000000242fa                __fp_zero
                0x00000000000242fc                __fp_szero
 .text.avr-libc.fplib
                0x0000000000024308        0x8 /usr/lib/gcc/avr/4.7.0/../../../avr/lib/avr6/libc.a(gesf2.o)
                0x0000000000024308                __gtsf2
                0x0000000000024308                __gesf2
 .text.avr-libc.fplib
                0x0000000000024310        0x4 /usr/lib/gcc/avr/4.7.0/../../../avr/lib/avr6/libc.a(mulsf3.o)
                0x0000000000024310                __mulsf3
 .text.avr-libc.fplib
                0x0000000000024314       0xc2 /usr/lib/gcc/avr/4.7.0/../../../avr/lib/avr6/libc.a(mulsf3x.o)
                0x0000000000024328                __mulsf3x
                0x000000000002432c                __mulsf3_pse
 .text.avr-libc.fplib
                0x00000000000243d6       0x98 /usr/lib/gcc/avr/4.7.0/../../../avr/lib/avr6/libc.a(pow.o)
                0x00000000000243d6                pow
 .text.avr-libc.fplib
                0x000000000002446e        0xc /usr/lib/gcc/avr/4.7.0/../../../avr/lib/avr6/libc.a(sin.o)
                0x000000000002446e                sin
 .text.avr-libc.fplib
                0x000000000002447a       0x84 /usr/lib/gcc/avr/4.7.0/../../../avr/lib/avr6/libc.a(sqrt.o)
                0x0000000000024482                sqrt
 .text.avr-libc
                0x00000000000244fe      0x3f2 /usr/lib/gcc/avr/4.7.0/../../../avr/lib/avr6/libc.a(vfprintf_std.o)
                0x00000000000244fe                vfprintf
 .text.avr-libc
                0x00000000000248f0       0x10 /usr/lib/gcc/avr/4.7.0/../../../avr/lib/avr6/libc.a(eerd_byte_atmega2560.o)
                0x00000000000248f0                __eerd_byte_m2560
 .text.avr-libc
                0x0000000000024900       0x1c /usr/lib/gcc/avr/4.7.0/../../../avr/lib/avr6/libc.a(eewr_byte_atmega2560.o)
                0x0000000000024900                __eewr_byte_m2560
                0x0000000000024902                __eewr_r18_m2560
 .text.avr-libc
                0x000000000002491c        0x6 /usr/lib/gcc/avr/4.7.0/../../../avr/lib/avr6/libc.a(cty_isfalse.o)
                0x000000000002491c                __ctype_isfalse
                0x0000000000024920                __ctype_istrue
 .text.avr-libc
                0x0000000000024922       0x16 /usr/lib/gcc/avr/4.7.0/../../../avr/lib/avr6/libc.a(strnlen_P.o)
                0x0000000000024922                strnlen_P
 .text.avr-libc
                0x0000000000024938       0x16 /usr/lib/gcc/avr/4.7.0/../../../avr/lib/avr6/libc.a(strnlen.o)
                0x0000000000024938                strnlen
 .text.avr-libc
                0x000000000002494e       0x58 /usr/lib/gcc/avr/4.7.0/../../../avr/lib/avr6/libc.a(fputc.o)
                0x000000000002494e                fputc
 .text.avr-libc
                0x00000000000249a6       0xbc /usr/lib/gcc/avr/4.7.0/../../../avr/lib/avr6/libc.a(ultoa_invert.o)
                0x00000000000249a6                __ultoa_invert
 .text.avr-libc.fplib
                0x0000000000024a62       0x62 /usr/lib/gcc/avr/4.7.0/../../../avr/lib/avr6/libc.a(exp.o)
                0x0000000000024a6c                exp
 .text.avr-libc.fplib
                0x0000000000024ac4        0xe /usr/lib/gcc/avr/4.7.0/../../../avr/lib/avr6/libc.a(fp_norm2.o)
                0x0000000000024ac4                __fp_norm2
 .text.avr-libc.fplib
                0x0000000000024ad2        0xe /usr/lib/gcc/avr/4.7.0/../../../avr/lib/avr6/libc.a(inverse.o)
                0x0000000000024ad2                inverse
 .text.avr-libc.fplib
                0x0000000000024ae0       0x6c /usr/lib/gcc/avr/4.7.0/../../../avr/lib/avr6/libc.a(ldexp.o)
                0x0000000000024ae4                ldexp
 .text.avr-libc.fplib
                0x0000000000024b4c       0x8a /usr/lib/gcc/avr/4.7.0/../../../avr/lib/avr6/libc.a(log.o)
                0x0000000000024b56                log
 .text.avr-libc.fplib
                0x0000000000024bd6       0x66 /usr/lib/gcc/avr/4.7.0/../../../avr/lib/avr6/libc.a(modf.o)
                0x0000000000024bd6                modff
                0x0000000000024bd6                modf
 .text.libgcc.mul
                0x0000000000024c3c       0x18 /usr/lib/gcc/avr/4.7.0/avr6/libgcc.a(_umulhisi3.o)
                0x0000000000024c3c                __umulhisi3
 .text.libgcc.div
                0x0000000000024c54        0x0 /usr/lib/gcc/avr/4.7.0/avr6/libgcc.a(_umulhisi3.o)
 .text.libgcc   0x0000000000024c54        0x0 /usr/lib/gcc/avr/4.7.0/avr6/libgcc.a(_umulhisi3.o)
 .text.libgcc.prologue
                0x0000000000024c54        0x0 /usr/lib/gcc/avr/4.7.0/avr6/libgcc.a(_umulhisi3.o)
 .text.libgcc.builtins
                0x0000000000024c54        0x0 /usr/lib/gcc/avr/4.7.0/avr6/libgcc.a(_umulhisi3.o)
 .text.libgcc.fmul
                0x0000000000024c54        0x0 /usr/lib/gcc/avr/4.7.0/avr6/libgcc.a(_umulhisi3.o)
 .text.libgcc.mul
                0x0000000000024c54       0x14 /usr/lib/gcc/avr/4.7.0/avr6/libgcc.a(_muluhisi3.o)
                0x0000000000024c54                __muluhisi3
 .text.libgcc.div
                0x0000000000024c68        0x0 /usr/lib/gcc/avr/4.7.0/avr6/libgcc.a(_muluhisi3.o)
 .text.libgcc   0x0000000000024c68        0x0 /usr/lib/gcc/avr/4.7.0/avr6/libgcc.a(_muluhisi3.o)
 .text.libgcc.prologue
                0x0000000000024c68        0x0 /usr/lib/gcc/avr/4.7.0/avr6/libgcc.a(_muluhisi3.o)
 .text.libgcc.builtins
                0x0000000000024c68        0x0 /usr/lib/gcc/avr/4.7.0/avr6/libgcc.a(_muluhisi3.o)
 .text.libgcc.fmul
                0x0000000000024c68        0x0 /usr/lib/gcc/avr/4.7.0/avr6/libgcc.a(_muluhisi3.o)
 .text.libgcc.mul
                0x0000000000024c68       0x1e /usr/lib/gcc/avr/4.7.0/avr6/libgcc.a(_mulsi3.o)
                0x0000000000024c68                __mulsi3
 .text.libgcc.div
                0x0000000000024c86        0x0 /usr/lib/gcc/avr/4.7.0/avr6/libgcc.a(_mulsi3.o)
 .text.libgcc   0x0000000000024c86        0x0 /usr/lib/gcc/avr/4.7.0/avr6/libgcc.a(_mulsi3.o)
 .text.libgcc.prologue
                0x0000000000024c86        0x0 /usr/lib/gcc/avr/4.7.0/avr6/libgcc.a(_mulsi3.o)
 .text.libgcc.builtins
                0x0000000000024c86        0x0 /usr/lib/gcc/avr/4.7.0/avr6/libgcc.a(_mulsi3.o)
 .text.libgcc.fmul
                0x0000000000024c86        0x0 /usr/lib/gcc/avr/4.7.0/avr6/libgcc.a(_mulsi3.o)
 .text.libgcc.mul
                0x0000000000024c86        0x0 /usr/lib/gcc/avr/4.7.0/avr6/libgcc.a(_udivmodqi4.o)
 .text.libgcc.div
                0x0000000000024c86       0x18 /usr/lib/gcc/avr/4.7.0/avr6/libgcc.a(_udivmodqi4.o)
                0x0000000000024c86                __udivmodqi4
 .text.libgcc   0x0000000000024c9e        0x0 /usr/lib/gcc/avr/4.7.0/avr6/libgcc.a(_udivmodqi4.o)
 .text.libgcc.prologue
                0x0000000000024c9e        0x0 /usr/lib/gcc/avr/4.7.0/avr6/libgcc.a(_udivmodqi4.o)
 .text.libgcc.builtins
                0x0000000000024c9e        0x0 /usr/lib/gcc/avr/4.7.0/avr6/libgcc.a(_udivmodqi4.o)
 .text.libgcc.fmul
                0x0000000000024c9e        0x0 /usr/lib/gcc/avr/4.7.0/avr6/libgcc.a(_udivmodqi4.o)
 .text.libgcc.mul
                0x0000000000024c9e        0x0 /usr/lib/gcc/avr/4.7.0/avr6/libgcc.a(_udivmodhi4.o)
 .text.libgcc.div
                0x0000000000024c9e       0x28 /usr/lib/gcc/avr/4.7.0/avr6/libgcc.a(_udivmodhi4.o)
                0x0000000000024c9e                __udivmodhi4
 .text.libgcc   0x0000000000024cc6        0x0 /usr/lib/gcc/avr/4.7.0/avr6/libgcc.a(_udivmodhi4.o)
 .text.libgcc.prologue
                0x0000000000024cc6        0x0 /usr/lib/gcc/avr/4.7.0/avr6/libgcc.a(_udivmodhi4.o)
 .text.libgcc.builtins
                0x0000000000024cc6        0x0 /usr/lib/gcc/avr/4.7.0/avr6/libgcc.a(_udivmodhi4.o)
 .text.libgcc.fmul
                0x0000000000024cc6        0x0 /usr/lib/gcc/avr/4.7.0/avr6/libgcc.a(_udivmodhi4.o)
 .text.libgcc.mul
                0x0000000000024cc6        0x0 /usr/lib/gcc/avr/4.7.0/avr6/libgcc.a(_divmodhi4.o)
 .text.libgcc.div
                0x0000000000024cc6       0x26 /usr/lib/gcc/avr/4.7.0/avr6/libgcc.a(_divmodhi4.o)
                0x0000000000024cc6                __divmodhi4
                0x0000000000024cc6                _div
 .text.libgcc   0x0000000000024cec        0x0 /usr/lib/gcc/avr/4.7.0/avr6/libgcc.a(_divmodhi4.o)
 .text.libgcc.prologue
                0x0000000000024cec        0x0 /usr/lib/gcc/avr/4.7.0/avr6/libgcc.a(_divmodhi4.o)
 .text.libgcc.builtins
                0x0000000000024cec        0x0 /usr/lib/gcc/avr/4.7.0/avr6/libgcc.a(_divmodhi4.o)
 .text.libgcc.fmul
                0x0000000000024cec        0x0 /usr/lib/gcc/avr/4.7.0/avr6/libgcc.a(_divmodhi4.o)
 .text.libgcc.mul
                0x0000000000024cec        0x0 /usr/lib/gcc/avr/4.7.0/avr6/libgcc.a(_udivmodsi4.o)
 .text.libgcc.div
                0x0000000000024cec       0x44 /usr/lib/gcc/avr/4.7.0/avr6/libgcc.a(_udivmodsi4.o)
                0x0000000000024cec                __udivmodsi4
 .text.libgcc   0x0000000000024d30        0x0 /usr/lib/gcc/avr/4.7.0/avr6/libgcc.a(_udivmodsi4.o)
 .text.libgcc.prologue
                0x0000000000024d30        0x0 /usr/lib/gcc/avr/4.7.0/avr6/libgcc.a(_udivmodsi4.o)
 .text.libgcc.builtins
                0x0000000000024d30        0x0 /usr/lib/gcc/avr/4.7.0/avr6/libgcc.a(_udivmodsi4.o)
 .text.libgcc.fmul
                0x0000000000024d30        0x0 /usr/lib/gcc/avr/4.7.0/avr6/libgcc.a(_udivmodsi4.o)
 .text.libgcc.mul
                0x0000000000024d30        0x0 /usr/lib/gcc/avr/4.7.0/avr6/libgcc.a(_divmodsi4.o)
 .text.libgcc.div
                0x0000000000024d30       0x36 /usr/lib/gcc/avr/4.7.0/avr6/libgcc.a(_divmodsi4.o)
                0x0000000000024d30                __divmodsi4
 .text.libgcc   0x0000000000024d66        0x0 /usr/lib/gcc/avr/4.7.0/avr6/libgcc.a(_divmodsi4.o)
 .text.libgcc.prologue
                0x0000000000024d66        0x0 /usr/lib/gcc/avr/4.7.0/avr6/libgcc.a(_divmodsi4.o)
 .text.libgcc.builtins
                0x0000000000024d66        0x0 /usr/lib/gcc/avr/4.7.0/avr6/libgcc.a(_divmodsi4.o)
 .text.libgcc.fmul
                0x0000000000024d66        0x0 /usr/lib/gcc/avr/4.7.0/avr6/libgcc.a(_divmodsi4.o)
 .text.libgcc.mul
                0x0000000000024d66        0x0 /usr/lib/gcc/avr/4.7.0/avr6/libgcc.a(_exit.o)
 .text.libgcc.div
                0x0000000000024d66        0x0 /usr/lib/gcc/avr/4.7.0/avr6/libgcc.a(_exit.o)
 .text.libgcc   0x0000000000024d66        0x0 /usr/lib/gcc/avr/4.7.0/avr6/libgcc.a(_exit.o)
 .text.libgcc.prologue
                0x0000000000024d66        0x0 /usr/lib/gcc/avr/4.7.0/avr6/libgcc.a(_exit.o)
 .text.libgcc.builtins
                0x0000000000024d66        0x0 /usr/lib/gcc/avr/4.7.0/avr6/libgcc.a(_exit.o)
 .text.libgcc.fmul
                0x0000000000024d66        0x0 /usr/lib/gcc/avr/4.7.0/avr6/libgcc.a(_exit.o)
 .text.libgcc.mul
                0x0000000000024d66        0x0 /usr/lib/gcc/avr/4.7.0/avr6/libgcc.a(_copy_data.o)
 .text.libgcc.div
                0x0000000000024d66        0x0 /usr/lib/gcc/avr/4.7.0/avr6/libgcc.a(_copy_data.o)
 .text.libgcc   0x0000000000024d66        0x0 /usr/lib/gcc/avr/4.7.0/avr6/libgcc.a(_copy_data.o)
 .text.libgcc.prologue
                0x0000000000024d66        0x0 /usr/lib/gcc/avr/4.7.0/avr6/libgcc.a(_copy_data.o)
 .text.libgcc.builtins
                0x0000000000024d66        0x0 /usr/lib/gcc/avr/4.7.0/avr6/libgcc.a(_copy_data.o)
 .text.libgcc.fmul
                0x0000000000024d66        0x0 /usr/lib/gcc/avr/4.7.0/avr6/libgcc.a(_copy_data.o)
 .text.libgcc.mul
                0x0000000000024d66        0x0 /usr/lib/gcc/avr/4.7.0/avr6/libgcc.a(_clear_bss.o)
 .text.libgcc.div
                0x0000000000024d66        0x0 /usr/lib/gcc/avr/4.7.0/avr6/libgcc.a(_clear_bss.o)
 .text.libgcc   0x0000000000024d66        0x0 /usr/lib/gcc/avr/4.7.0/avr6/libgcc.a(_clear_bss.o)
 .text.libgcc.prologue
                0x0000000000024d66        0x0 /usr/lib/gcc/avr/4.7.0/avr6/libgcc.a(_clear_bss.o)
 .text.libgcc.builtins
                0x0000000000024d66        0x0 /usr/lib/gcc/avr/4.7.0/avr6/libgcc.a(_clear_bss.o)
 .text.libgcc.fmul
                0x0000000000024d66        0x0 /usr/lib/gcc/avr/4.7.0/avr6/libgcc.a(_clear_bss.o)
 .text.libgcc.mul
                0x0000000000024d66        0x0 /usr/lib/gcc/avr/4.7.0/avr6/libgcc.a(_ctors.o)
 .text.libgcc.div
                0x0000000000024d66        0x0 /usr/lib/gcc/avr/4.7.0/avr6/libgcc.a(_ctors.o)
 .text.libgcc   0x0000000000024d66        0x0 /usr/lib/gcc/avr/4.7.0/avr6/libgcc.a(_ctors.o)
 .text.libgcc.prologue
                0x0000000000024d66        0x0 /usr/lib/gcc/avr/4.7.0/avr6/libgcc.a(_ctors.o)
 .text.libgcc.builtins
                0x0000000000024d66        0x0 /usr/lib/gcc/avr/4.7.0/avr6/libgcc.a(_ctors.o)
 .text.libgcc.fmul
                0x0000000000024d66        0x0 /usr/lib/gcc/avr/4.7.0/avr6/libgcc.a(_ctors.o)
 .text.libgcc.mul
                0x0000000000024d66        0x0 /usr/lib/gcc/avr/4.7.0/avr6/libgcc.a(_dtors.o)
 .text.libgcc.div
                0x0000000000024d66        0x0 /usr/lib/gcc/avr/4.7.0/avr6/libgcc.a(_dtors.o)
 .text.libgcc   0x0000000000024d66        0x0 /usr/lib/gcc/avr/4.7.0/avr6/libgcc.a(_dtors.o)
 .text.libgcc.prologue
                0x0000000000024d66        0x0 /usr/lib/gcc/avr/4.7.0/avr6/libgcc.a(_dtors.o)
 .text.libgcc.builtins
                0x0000000000024d66        0x0 /usr/lib/gcc/avr/4.7.0/avr6/libgcc.a(_dtors.o)
 .text.libgcc.fmul
                0x0000000000024d66        0x0 /usr/lib/gcc/avr/4.7.0/avr6/libgcc.a(_dtors.o)
 .text.libgcc.mul
                0x0000000000024d66        0x0 /usr/lib/gcc/avr/4.7.0/avr6/libgcc.a(_tablejump_elpm.o)
 .text.libgcc.div
                0x0000000000024d66        0x0 /usr/lib/gcc/avr/4.7.0/avr6/libgcc.a(_tablejump_elpm.o)
 .text.libgcc   0x0000000000024d66        0x8 /usr/lib/gcc/avr/4.7.0/avr6/libgcc.a(_tablejump_elpm.o)
                0x0000000000024d66                __tablejump_elpm__
 .text.libgcc.prologue
                0x0000000000024d6e        0x0 /usr/lib/gcc/avr/4.7.0/avr6/libgcc.a(_tablejump_elpm.o)
 .text.libgcc.builtins
                0x0000000000024d6e        0x0 /usr/lib/gcc/avr/4.7.0/avr6/libgcc.a(_tablejump_elpm.o)
 .text.libgcc.fmul
                0x0000000000024d6e        0x0 /usr/lib/gcc/avr/4.7.0/avr6/libgcc.a(_tablejump_elpm.o)
                0x0000000000024d6e                . = ALIGN (0x2)
 *(.fini9)
 .fini9         0x0000000000024d6e        0x0 /usr/lib/gcc/avr/4.7.0/avr6/libgcc.a(_exit.o)
                0x0000000000024d6e                _exit
 *(.fini9)
 *(.fini8)
 *(.fini8)
 *(.fini7)
 *(.fini7)
 *(.fini6)
 .fini6         0x0000000000024d6e       0x1e /usr/lib/gcc/avr/4.7.0/avr6/libgcc.a(_dtors.o)
                0x0000000000024d6e                __do_global_dtors
 *(.fini6)
 *(.fini5)
 *(.fini5)
 *(.fini4)
 *(.fini4)
 *(.fini3)
 *(.fini3)
 *(.fini2)
 *(.fini2)
 *(.fini1)
 *(.fini1)
 *(.fini0)
 .fini0         0x0000000000024d8c        0x4 /usr/lib/gcc/avr/4.7.0/avr6/libgcc.a(_exit.o)
 *(.fini0)
                0x0000000000024d90                _etext = .

.data           0x0000000000800200      0x908 load address 0x0000000000024d90
                0x0000000000800200                PROVIDE (__data_start, .)
 *(.data)
 .data          0x0000000000800200        0x0 /usr/lib/gcc/avr/4.7.0/../../../avr/lib/avr6/crtm2560.o
 .data          0x0000000000800200        0x0 ./inc/HardwareSerial.o
 .data          0x0000000000800200        0x0 ./inc/I2C.o
 .data          0x0000000000800200        0x0 ./inc/Print.o
 .data          0x0000000000800200        0x0 ./inc/Sd2Card.o
 .data          0x0000000000800200        0x0 ./inc/SdFat.o
 .data          0x0000000000800200        0x0 ./inc/SdFatUtil.o
 .data          0x0000000000800200        0x0 ./inc/SdFile.o
 .data          0x0000000000800200        0x0 ./inc/SdStream.o
 .data          0x0000000000800200        0x4 ./inc/SdVolume.o
                0x0000000000800200                _ZN8SdVolume17cacheBlockNumber_E
 .data          0x0000000000800204        0x0 ./inc/istream.o
 .data          0x0000000000800204        0x0 ./inc/ostream.o
 .data          0x0000000000800204        0x0 ./inc/pins_arduino.o
 .data          0x0000000000800204        0x0 ./inc/ssd0323.o
 .data          0x0000000000800204        0x0 ./inc/wiring.o
 .data          0x0000000000800204        0x1 ./inc/wiring_analog.o
                0x0000000000800204                analog_reference
 .data          0x0000000000800205        0x0 ./inc/wiring_digital.o
 .data          0x0000000000800205        0x0 ./inc/wiring_pulse.o
 .data          0x0000000000800205        0x0 ./inc/wiring_shift.o
 .data          0x0000000000800205        0x0 ./CAN.o
 .data          0x0000000000800205        0x0 ./aktors.o
 .data          0x0000000000800205        0x0 ./blinker.o
 .data          0x0000000000800205        0x0 ./clock_me.o
 .data          0x0000000000800205        0x0 ./config.o
 .data          0x0000000000800205        0x0 ./debug.o
 .data          0x0000000000800205        0x0 ./display.o
 .data          0x0000000000800205        0x0 ./dz.o
 .data          0x0000000000800205        0x0 ./file_manager_v2.o
 .data          0x0000000000800205        0x0 ./fuel.o
 .data          0x0000000000800205        0x0 ./gear.o
 .data          0x0000000000800205        0x0 ./gps.o
 .data          0x0000000000800205        0x0 ./helper.o
 .data          0x0000000000800205        0x0 ./main.o
 .data          0x0000000000800205        0xa ./menu.o
                0x0000000000800205                fuel_added
                0x0000000000800207                menu_ende
                0x0000000000800209                menu_max
                0x000000000080020b                button_unten_valid
                0x000000000080020c                button_oben_valid
                0x000000000080020d                button_links_valid
                0x000000000080020e                button_rechts_valid
 .data          0x000000000080020f        0x0 ./oiler.o
 .data          0x000000000080020f        0x0 ./reset.o
 .data          0x000000000080020f        0x0 ./sd.o
 .data          0x000000000080020f        0x0 ./sensors.o
 .data          0x000000000080020f        0x0 ./speed.o
 .data          0x000000000080020f        0x0 ./speedo.o
 .data          0x000000000080020f        0x0 ./sprint.o
 .data          0x000000000080020f        0x0 ./stepper.o
 .data          0x000000000080020f        0x0 ./temperature.o
 .data          0x000000000080020f        0x0 ./tetris.o
 .data          0x000000000080020f        0x0 ./timer.o
 .data          0x000000000080020f        0x0 ./voltage.o
 .data          0x000000000080020f        0x6 /usr/lib/gcc/avr/4.7.0/../../../avr/lib/avr6/libc.a(malloc.o)
                0x000000000080020f                __malloc_heap_end
                0x0000000000800211                __malloc_heap_start
                0x0000000000800213                __malloc_margin
 .data          0x0000000000800215        0x0 /usr/lib/gcc/avr/4.7.0/../../../avr/lib/avr6/libc.a(exit.o)
 .data          0x0000000000800215        0x0 /usr/lib/gcc/avr/4.7.0/../../../avr/lib/avr6/libc.a(isalpha.o)
 .data          0x0000000000800215        0x0 /usr/lib/gcc/avr/4.7.0/../../../avr/lib/avr6/libc.a(isspace.o)
 .data          0x0000000000800215        0x0 /usr/lib/gcc/avr/4.7.0/../../../avr/lib/avr6/libc.a(strcmp_P.o)
 .data          0x0000000000800215        0x0 /usr/lib/gcc/avr/4.7.0/../../../avr/lib/avr6/libc.a(strcpy_P.o)
 .data          0x0000000000800215        0x0 /usr/lib/gcc/avr/4.7.0/../../../avr/lib/avr6/libc.a(strlen_P.o)
 .data          0x0000000000800215        0x0 /usr/lib/gcc/avr/4.7.0/../../../avr/lib/avr6/libc.a(strncmp_P.o)
 .data          0x0000000000800215        0x0 /usr/lib/gcc/avr/4.7.0/../../../avr/lib/avr6/libc.a(memcmp.o)
 .data          0x0000000000800215        0x0 /usr/lib/gcc/avr/4.7.0/../../../avr/lib/avr6/libc.a(memcpy.o)
 .data          0x0000000000800215        0x0 /usr/lib/gcc/avr/4.7.0/../../../avr/lib/avr6/libc.a(memset.o)
 .data          0x0000000000800215        0x0 /usr/lib/gcc/avr/4.7.0/../../../avr/lib/avr6/libc.a(strchr.o)
 .data          0x0000000000800215        0x0 /usr/lib/gcc/avr/4.7.0/../../../avr/lib/avr6/libc.a(strcmp.o)
 .data          0x0000000000800215        0x0 /usr/lib/gcc/avr/4.7.0/../../../avr/lib/avr6/libc.a(strcpy.o)
 .data          0x0000000000800215        0x0 /usr/lib/gcc/avr/4.7.0/../../../avr/lib/avr6/libc.a(strncmp.o)
 .data          0x0000000000800215        0x0 /usr/lib/gcc/avr/4.7.0/../../../avr/lib/avr6/libc.a(sprintf.o)
 .data          0x0000000000800215        0x0 /usr/lib/gcc/avr/4.7.0/../../../avr/lib/avr6/libc.a(addsf3.o)