Archive member included because of file (symbol)

/usr/lib/gcc/avr/4.5.3/../../../avr/lib/avr6/libc.a(malloc.o)
                              ./inc/ssd0323.o (malloc)
/usr/lib/gcc/avr/4.5.3/../../../avr/lib/avr6/libc.a(exit.o)
                              /usr/lib/gcc/avr/4.5.3/../../../avr/lib/avr6/crtm2560.o (exit)
/usr/lib/gcc/avr/4.5.3/../../../avr/lib/avr6/libc.a(isalpha.o)
                              ./inc/istream.o (isupper)
/usr/lib/gcc/avr/4.5.3/../../../avr/lib/avr6/libc.a(isspace.o)
                              ./inc/istream.o (isspace)
/usr/lib/gcc/avr/4.5.3/../../../avr/lib/avr6/libc.a(strcmp_P.o)
                              ./config.o (strcmp_P)
/usr/lib/gcc/avr/4.5.3/../../../avr/lib/avr6/libc.a(strcpy_P.o)
                              ./config.o (strcpy_P)
/usr/lib/gcc/avr/4.5.3/../../../avr/lib/avr6/libc.a(strlen_P.o)
                              ./inc/ostream.o (strlen_P)
/usr/lib/gcc/avr/4.5.3/../../../avr/lib/avr6/libc.a(memcmp.o)
                              ./inc/SdFile.o (memcmp)
/usr/lib/gcc/avr/4.5.3/../../../avr/lib/avr6/libc.a(memcpy.o)
                              ./inc/SdFile.o (memcpy)
/usr/lib/gcc/avr/4.5.3/../../../avr/lib/avr6/libc.a(memset.o)
                              ./gps.o (memset)
/usr/lib/gcc/avr/4.5.3/../../../avr/lib/avr6/libc.a(strchr.o)
                              ./inc/SdFile.o (strchr)
/usr/lib/gcc/avr/4.5.3/../../../avr/lib/avr6/libc.a(strcmp.o)
                              ./config.o (strcmp)
/usr/lib/gcc/avr/4.5.3/../../../avr/lib/avr6/libc.a(strcpy.o)
                              ./config.o (strcpy)
/usr/lib/gcc/avr/4.5.3/../../../avr/lib/avr6/libc.a(strncmp.o)
                              ./config.o (strncmp)
/usr/lib/gcc/avr/4.5.3/../../../avr/lib/avr6/libc.a(sprintf.o)
                              ./aktors.o (sprintf)
/usr/lib/gcc/avr/4.5.3/../../../avr/lib/avr6/libc.a(addsf3.o)
                              ./inc/Print.o (__subsf3)
/usr/lib/gcc/avr/4.5.3/../../../avr/lib/avr6/libc.a(addsf3x.o)
                              /usr/lib/gcc/avr/4.5.3/../../../avr/lib/avr6/libc.a(addsf3.o) (__addsf3x)
/usr/lib/gcc/avr/4.5.3/../../../avr/lib/avr6/libc.a(asin.o)
                              ./gps.o (asin)
/usr/lib/gcc/avr/4.5.3/../../../avr/lib/avr6/libc.a(cmpsf2.o)
                              ./main.o (__eqsf2)
/usr/lib/gcc/avr/4.5.3/../../../avr/lib/avr6/libc.a(cos.o)
                              ./display.o (cos)
/usr/lib/gcc/avr/4.5.3/../../../avr/lib/avr6/libc.a(divsf3.o)
                              ./inc/Print.o (__divsf3)
/usr/lib/gcc/avr/4.5.3/../../../avr/lib/avr6/libc.a(divsf3x.o)
                              /usr/lib/gcc/avr/4.5.3/../../../avr/lib/avr6/libc.a(divsf3.o) (__divsf3x)
/usr/lib/gcc/avr/4.5.3/../../../avr/lib/avr6/libc.a(fixsfsi.o)
                              ./inc/Print.o (__fixsfsi)
/usr/lib/gcc/avr/4.5.3/../../../avr/lib/avr6/libc.a(fixunssfsi.o)
                              ./inc/Print.o (__fixunssfsi)
/usr/lib/gcc/avr/4.5.3/../../../avr/lib/avr6/libc.a(floatsisf.o)
                              ./inc/Print.o (__floatunsisf)
/usr/lib/gcc/avr/4.5.3/../../../avr/lib/avr6/libc.a(floor.o)
                              ./inc/ssd0323.o (floor)
/usr/lib/gcc/avr/4.5.3/../../../avr/lib/avr6/libc.a(fp_arccos.o)
                              /usr/lib/gcc/avr/4.5.3/../../../avr/lib/avr6/libc.a(asin.o) (__fp_arccos)
/usr/lib/gcc/avr/4.5.3/../../../avr/lib/avr6/libc.a(fp_cmp.o)
                              /usr/lib/gcc/avr/4.5.3/../../../avr/lib/avr6/libc.a(cmpsf2.o) (__fp_cmp)
/usr/lib/gcc/avr/4.5.3/../../../avr/lib/avr6/libc.a(fp_inf.o)
                              /usr/lib/gcc/avr/4.5.3/../../../avr/lib/avr6/libc.a(addsf3x.o) (__fp_inf)
/usr/lib/gcc/avr/4.5.3/../../../avr/lib/avr6/libc.a(fp_mintl.o)
                              /usr/lib/gcc/avr/4.5.3/../../../avr/lib/avr6/libc.a(floor.o) (__fp_mintl)
/usr/lib/gcc/avr/4.5.3/../../../avr/lib/avr6/libc.a(fp_mpack.o)
                              /usr/lib/gcc/avr/4.5.3/../../../avr/lib/avr6/libc.a(floor.o) (__fp_mpack)
/usr/lib/gcc/avr/4.5.3/../../../avr/lib/avr6/libc.a(fp_nan.o)
                              /usr/lib/gcc/avr/4.5.3/../../../avr/lib/avr6/libc.a(addsf3x.o) (__fp_nan)
/usr/lib/gcc/avr/4.5.3/../../../avr/lib/avr6/libc.a(fp_powser.o)
                              /usr/lib/gcc/avr/4.5.3/../../../avr/lib/avr6/libc.a(fp_arccos.o) (__fp_powser)
/usr/lib/gcc/avr/4.5.3/../../../avr/lib/avr6/libc.a(fp_powsodd.o)
                              /usr/lib/gcc/avr/4.5.3/../../../avr/lib/avr6/libc.a(asin.o) (__fp_powsodd)
/usr/lib/gcc/avr/4.5.3/../../../avr/lib/avr6/libc.a(fp_pscA.o)
                              /usr/lib/gcc/avr/4.5.3/../../../avr/lib/avr6/libc.a(addsf3x.o) (__fp_pscA)
/usr/lib/gcc/avr/4.5.3/../../../avr/lib/avr6/libc.a(fp_pscB.o)
                              /usr/lib/gcc/avr/4.5.3/../../../avr/lib/avr6/libc.a(addsf3x.o) (__fp_pscB)
/usr/lib/gcc/avr/4.5.3/../../../avr/lib/avr6/libc.a(fp_rempio2.o)
[...]
Memory Configuration

Name             Origin             Length             Attributes
text             0x0000000000000000 0x0000000000100000 xr
data             0x0000000000800200 0x000000000000fe00 rw !x
eeprom           0x0000000000810000 0x0000000000010000 rw !x
fuse             0x0000000000820000 0x0000000000000400 rw !x
lock             0x0000000000830000 0x0000000000000400 rw !x
signature        0x0000000000840000 0x0000000000000400 rw !x
*default*        0x0000000000000000 0xffffffffffffffff

Linker script and memory map

Address of section .data set to 0x800200
LOAD /usr/lib/gcc/avr/4.5.3/../../../avr/lib/avr6/crtm2560.o
LOAD ./inc/HardwareSerial.o
LOAD ./inc/I2C.o
LOAD ./inc/Print.o
LOAD ./inc/Sd2Card.o
LOAD ./inc/SdFat.o
LOAD ./inc/SdFatUtil.o
LOAD ./inc/SdFile.o
LOAD ./inc/SdStream.o
LOAD ./inc/SdVolume.o
LOAD ./inc/istream.o
LOAD ./inc/ostream.o
LOAD ./inc/pins_arduino.o
LOAD ./inc/ssd0323.o
LOAD ./inc/wiring.o
LOAD ./inc/wiring_analog.o
LOAD ./inc/wiring_digital.o
LOAD ./inc/wiring_pulse.o
LOAD ./inc/wiring_shift.o
LOAD ./aktors.o
LOAD ./blinker.o
LOAD ./clock_me.o
LOAD ./config.o
LOAD ./debug.o
LOAD ./display.o
LOAD ./dz.o
LOAD ./file_manager_v2.o
LOAD ./fuel.o
LOAD ./gear.o
LOAD ./gps.o
LOAD ./helper.o
LOAD ./main.o
LOAD ./menu.o
LOAD ./oiler.o
LOAD ./reset.o
LOAD ./sd.o
LOAD ./sensors.o
LOAD ./speed.o
LOAD ./speedo.o
LOAD ./sprint.o
LOAD ./stepper.o
LOAD ./temperature.o
LOAD ./tetris.o
LOAD ./timer.o
LOAD ./voltage.o
LOAD /usr/lib/gcc/avr/4.5.3/../../../avr/lib/avr6/libc.a
LOAD /usr/lib/gcc/avr/4.5.3/avr6/libgcc.a
LOAD /usr/lib/gcc/avr/4.5.3/../../../avr/lib/avr6/libm.a
LOAD /usr/lib/gcc/avr/4.5.3/../../../avr/lib/avr6/libc.a
LOAD /usr/lib/gcc/avr/4.5.3/avr6/libgcc.a
LOAD /usr/lib/gcc/avr/4.5.3/../../../avr/lib/avr6/libc.a
LOAD /usr/lib/gcc/avr/4.5.3/avr6/libgcc.a

.hash
 *(.hash)

.dynsym
 *(.dynsym)

.dynstr
 *(.dynstr)

.gnu.version
 *(.gnu.version)

.gnu.version_d
 *(.gnu.version_d)

.gnu.version_r
 *(.gnu.version_r)

.rel.init
 *(.rel.init)

.rela.init
 *(.rela.init)

.rel.text
 *(.rel.text)
 *(.rel.text.*)
 *(.rel.gnu.linkonce.t*)

.rela.text
 *(.rela.text)
 *(.rela.text.*)
 *(.rela.gnu.linkonce.t*)

.rel.fini
 *(.rel.fini)

.rela.fini
 *(.rela.fini)

.rel.rodata
 *(.rel.rodata)
 *(.rel.rodata.*)
 *(.rel.gnu.linkonce.r*)

.rela.rodata
 *(.rela.rodata)
 *(.rela.rodata.*)
 *(.rela.gnu.linkonce.r*)

.rel.data
 *(.rel.data)
 *(.rel.data.*)
 *(.rel.gnu.linkonce.d*)

.rela.data
 *(.rela.data)
 *(.rela.data.*)
 *(.rela.gnu.linkonce.d*)

.rel.ctors
 *(.rel.ctors)

.rela.ctors
 *(.rela.ctors)

.rel.dtors
 *(.rel.dtors)

.rela.dtors
 *(.rela.dtors)

.rel.got
 *(.rel.got)

.rela.got
 *(.rela.got)

.rel.bss
 *(.rel.bss)

.rela.bss
 *(.rela.bss)

.rel.plt
 *(.rel.plt)

.rela.plt
 *(.rela.plt)

.text           0x0000000000000000    0x2664c
 *(.vectors)
 .vectors       0x0000000000000000       0xe4 /usr/lib/gcc/avr/4.5.3/../../../avr/lib/avr6/crtm2560.o
                0x0000000000000000                __vectors
                0x0000000000000000                __vector_default
 *(.vectors)
 *(.progmem.gcc*)
 .progmem.gcc_fplib
                0x00000000000000e4       0x14 /usr/lib/gcc/avr/4.5.3/../../../avr/lib/avr6/libc.a(asin.o)
 .progmem.gcc_fplib
                0x00000000000000f8       0x28 /usr/lib/gcc/avr/4.5.3/../../../avr/lib/avr6/libc.a(fp_arccos.o)
 .progmem.gcc_fplib
                0x0000000000000120       0x1e /usr/lib/gcc/avr/4.5.3/../../../avr/lib/avr6/libc.a(fp_sinus.o)
 .progmem.gcc_fplib
                0x000000000000013e       0x28 /usr/lib/gcc/avr/4.5.3/../../../avr/lib/avr6/libc.a(exp.o)
 .progmem.gcc_fplib
                0x0000000000000166       0x5a /usr/lib/gcc/avr/4.5.3/../../../avr/lib/avr6/libc.a(log.o)
 *(.progmem*)
 .progmem.data  0x00000000000001c0       0xc0 ./inc/SdFat.o
 .progmem.data  0x0000000000000280       0x13 ./inc/SdFile.o
 .progmem.data  0x0000000000000293        0xb ./inc/istream.o
 .progmem.data  0x000000000000029e       0x13 ./inc/ostream.o
 .progmem.data  0x00000000000002b1      0x120 ./inc/pins_arduino.o
                0x00000000000002b1                port_to_mode_PGM
                0x00000000000002cb                port_to_output_PGM
                0x00000000000002e5                port_to_input_PGM
                0x00000000000002ff                digital_pin_to_port_PGM
                0x0000000000000345                digital_pin_to_bit_mask_PGM
                0x000000000000038b                digital_pin_to_timer_PGM
 .progmem.data  0x00000000000003d1      0xcc0 ./inc/ssd0323.o
 .progmem.data  0x0000000000001091      0x116 ./aktors.o
 .progmem.data  0x00000000000011a7       0x21 ./blinker.o
 .progmem.data  0x00000000000011c8       0x10 ./clock_me.o
 .progmem.data  0x00000000000011d8      0xae7 ./config.o
 .progmem.data  0x0000000000001cbf       0xcb ./display.o
 .progmem.data  0x0000000000001d8a        0xa ./dz.o
 .progmem.data  0x0000000000001d94        0xc ./fuel.o
 .progmem.data  0x0000000000001da0       0x5d ./gear.o
 .progmem.data  0x0000000000001dfd       0x45 ./gps.o
 .progmem.data  0x0000000000001e42       0x42 ./main.o
 .progmem.data  0x0000000000001e84      0x866 ./menu.o
                0x0000000000001e84                main_m_0
                0x0000000000001e91                main_m_1
                0x0000000000001ea1                main_m_2
                0x0000000000001eb3                main_m_3
                0x0000000000001eb8                main_m_4
                0x0000000000001ec9                main_m_5
                0x0000000000001ed6                main_m_6
                0x0000000000001ee5                main_m_7
                0x0000000000001ef5                main_m_8
                0x0000000000001f02                menu_main
                0x0000000000001f14                setup_m_0
                0x0000000000001f23                setup_m_1
                0x0000000000001f33                setup_m_2
                0x0000000000001f44                setup_m_3
                0x0000000000001f54                setup_m_4
                0x0000000000001f67                setup_m_5
                0x0000000000001f79                setup_m_6
                0x0000000000001f8d                setup_m_7
                0x0000000000001f9f                setup_m_8
                0x0000000000001fa4                menu_setup
                0x0000000000001fb6                custom_m_0
                0x0000000000001fc3                custom_m_1
                0x0000000000001fd1                custom_m_2
                0x0000000000001fe0                custom_m_3
                0x0000000000001fe5                custom_m_4
                0x0000000000001ff5                custom_m_5
                0x0000000000001ffa                custom_m_6
                0x0000000000002008                custom_m_7
                0x000000000000200d                custom_m_8
                0x0000000000002012                menu_custom
                0x0000000000002024                fade_m_0
                0x0000000000002034                fade_m_1
                0x0000000000002043                fade_m_2
                0x0000000000002050                fade_m_3
                0x0000000000002062                fade_m_4
                0x0000000000002076                fade_m_5
                0x000000000000207b                fade_m_6
                0x0000000000002080                fade_m_7
                0x0000000000002085                fade_m_8
                0x000000000000208a                menu_fade
                0x000000000000209c                einfo_m_0
                0x00000000000020ad                einfo_m_1
                0x00000000000020be                einfo_m_2
                0x00000000000020c9                einfo_m_3
                0x00000000000020d4                einfo_m_4
                0x00000000000020d9                einfo_m_5
                0x00000000000020ea                einfo_m_6
                0x00000000000020fc                einfo_m_7
                0x0000000000002105                einfo_m_8
                0x000000000000210f                menu_einfo
                0x0000000000002121                navi_m_0
                0x0000000000002133                navi_m_1
                0x0000000000002142                navi_m_2
                0x000000000000214e                navi_m_3
                0x000000000000215e                navi_m_4
                0x0000000000002163                navi_m_5
                0x0000000000002168                navi_m_6
                0x000000000000216d                navi_m_7
                0x0000000000002172                navi_m_8
                0x0000000000002177                menu_navi
                0x0000000000002189                titel_0
                0x0000000000002197                titel_1
                0x0000000000002198                titel_2
                0x0000000000002199                titel_3
                0x00000000000021a8                titel_4
                0x00000000000021a9                titel_5
                0x00000000000021b9                titel_6
                0x00000000000021c7                titel_7
                0x00000000000021d1                titel_8
                0x00000000000021de                titel_9
                0x00000000000021df                menu_titel
                0x00000000000021f3                trip_setup_m_0
                0x00000000000021f9                trip_setup_m_1
                0x0000000000002206                trip_setup_m_2
                0x000000000000220a                trip_setup_m_3
                0x000000000000220f                trip_setup_m_4
                0x000000000000221a                trip_setup_m_5
                0x000000000000221f                trip_setup_m_6
                0x0000000000002225                trip_setup_m_7
                0x000000000000222c                trip_setup_m_8
                0x0000000000002232                menu_trip_setup
 .progmem.data  0x00000000000026ea       0x1d ./oiler.o
 .progmem.data  0x0000000000002707       0x19 ./reset.o
 .progmem.data  0x0000000000002720       0x15 ./sd.o
 .progmem.data  0x0000000000002735      0x16b ./sensors.o
 .progmem.data  0x00000000000028a0       0x30 ./speed.o
 .progmem.data  0x00000000000028d0       0xbc ./speedo.o
 .progmem.data  0x000000000000298c        0xe ./sprint.o
 .progmem.data  0x000000000000299a       0x13 ./stepper.o
 .progmem.data  0x00000000000029ad        0xc ./temperature.o
 .progmem.data  0x00000000000029b9       0x45 ./tetris.o
 .progmem.data  0x00000000000029fe       0x1a ./voltage.o
                0x0000000000002a18                . = ALIGN (0x2)
                0x0000000000002a18                __trampolines_start = .
 *(.trampolines)
 .trampolines   0x0000000000002a18        0x0 linker stubs
 *(.trampolines*)
                0x0000000000002a18                __trampolines_end = .
 *(.jumptables)
 *(.jumptables*)
 *(.lowtext)
 *(.lowtext*)
                0x0000000000002a18                __ctors_start = .
 *(.ctors)
 .ctors         0x0000000000002a18        0x2 ./inc/HardwareSerial.o
 .ctors         0x0000000000002a1a        0x2 ./inc/I2C.o
 .ctors         0x0000000000002a1c        0x2 ./main.o
                0x0000000000002a1e                __ctors_end = .
                0x0000000000002a1e                __dtors_start = .
 *(.dtors)
                0x0000000000002a1e                __dtors_end = .
 SORT(*)(.ctors)
 SORT(*)(.dtors)
 *(.init0)
 .init0         0x0000000000002a1e        0x0 /usr/lib/gcc/avr/4.5.3/../../../avr/lib/avr6/crtm2560.o
                0x0000000000002a1e                __init
 *(.init0)
 *(.init1)
 *(.init1)
 *(.init2)
 .init2         0x0000000000002a1e       0x10 /usr/lib/gcc/avr/4.5.3/../../../avr/lib/avr6/crtm2560.o
 *(.init2)
 *(.init3)
 *(.init3)
 *(.init4)
 .init4         0x0000000000002a2e       0x1a /usr/lib/gcc/avr/4.5.3/avr6/libgcc.a(_copy_data.o)
                0x0000000000002a2e                __do_copy_data
 .init4         0x0000000000002a48       0x10 /usr/lib/gcc/avr/4.5.3/avr6/libgcc.a(_clear_bss.o)
                0x0000000000002a48                __do_clear_bss
 *(.init4)
 *(.init5)
 *(.init5)
 *(.init6)
 .init6         0x0000000000002a58       0x20 /usr/lib/gcc/avr/4.5.3/avr6/libgcc.a(_ctors.o)
                0x0000000000002a58                __do_global_ctors
 *(.init6)
 *(.init7)
 *(.init7)
 *(.init8)
 *(.init8)
 *(.init9)
 .init9         0x0000000000002a78        0x8 /usr/lib/gcc/avr/4.5.3/../../../avr/lib/avr6/crtm2560.o
 *(.init9)
 *(.text)
 .text          0x0000000000002a80        0x4 /usr/lib/gcc/avr/4.5.3/../../../avr/lib/avr6/crtm2560.o
                0x0000000000002a80                __vector_38
                0x0000000000002a80                __vector_22
                0x0000000000002a80                __vector_28
                0x0000000000002a80                __vector_1
                0x0000000000002a80                __vector_32
                0x0000000000002a80                __vector_34
                0x0000000000002a80                __vector_24
                0x0000000000002a80                __vector_12
                0x0000000000002a80                __vector_55
                0x0000000000002a80                __vector_46
                0x0000000000002a80                __bad_interrupt
                0x0000000000002a80                __vector_31
                0x0000000000002a80                __vector_39
                0x0000000000002a80                __vector_3
                0x0000000000002a80                __vector_30
                0x0000000000002a80                __vector_45
                0x0000000000002a80                __vector_13
                0x0000000000002a80                __vector_17
                0x0000000000002a80                __vector_19
                0x0000000000002a80                __vector_56
                0x0000000000002a80                __vector_49
                0x0000000000002a80                __vector_41
                0x0000000000002a80                __vector_43
                0x0000000000002a80                __vector_27
                0x0000000000002a80                __vector_33
                0x0000000000002a80                __vector_47
                0x0000000000002a80                __vector_52
                0x0000000000002a80                __vector_37
                0x0000000000002a80                __vector_4
                0x0000000000002a80                __vector_44
                0x0000000000002a80                __vector_9
                0x0000000000002a80                __vector_2
                0x0000000000002a80                __vector_21
                0x0000000000002a80                __vector_15
                0x0000000000002a80                __vector_29
                0x0000000000002a80                __vector_40
                0x0000000000002a80                __vector_26
                0x0000000000002a80                __vector_48
                0x0000000000002a80                __vector_14
                0x0000000000002a80                __vector_53
                0x0000000000002a80                __vector_50
                0x0000000000002a80                __vector_16
                0x0000000000002a80                __vector_18
                0x0000000000002a80                __vector_20
                0x0000000000002a80                __vector_42
 .text          0x0000000000002a84      0x5f4 ./inc/HardwareSerial.o
                0x0000000000002a84                _ZN14HardwareSerial9availableEv
                0x0000000000002aae                _ZN14HardwareSerial4peekEv
                0x0000000000002ae2                _ZN14HardwareSerial4readEv
                0x0000000000002b2a                _ZN14HardwareSerial5flushEv
                0x0000000000002b4c                _ZN14HardwareSerial5writeEh
                0x0000000000002b72                _Z10store_charhP11ring_buffer
                0x0000000000002bb8                __vector_25
                0x0000000000002c0e                __vector_51
                0x0000000000002c64                __vector_54
                0x0000000000002cba                _ZN14HardwareSerialC1EP11ring_bufferPVhS3_S3_S3_S3_hhhhh
                0x0000000000002cba                _ZN14HardwareSerialC2EP11ring_bufferPVhS3_S3_S3_S3_hhhhh
                0x0000000000002d1a                _ZN14HardwareSerial5beginEl
                0x0000000000002ee8                _ZN14HardwareSerial3endEv
 .text          0x0000000000003078      0xa18 ./inc/I2C.o
                0x0000000000003078                _ZN3I2CC1Ev
                0x0000000000003078                _ZN3I2CC2Ev
                0x000000000000307a                _ZN3I2C5beginEv
                0x000000000000309c                _ZN3I2C3endEv
                0x00000000000030a2                _ZN3I2C7timeOutEj
                0x00000000000030ac                _ZN3I2C8setSpeedEh
                0x00000000000030bc                _ZN3I2C6pullupEh
                0x00000000000030cc                _ZN3I2C9availableEv
                0x00000000000030d2                _ZN3I2C7receiveEv
                0x00000000000030fc                _ZN3I2C5startEv
                0x00000000000031a0                _ZN3I2C11receiveByteEh
                0x0000000000003236                _ZN3I2C4stopEv
                0x000000000000329e                _ZN3I2C8sendByteEh
                0x0000000000003342                _ZN3I2C11sendAddressEh
                0x00000000000033fe                _ZN3I2C4readEhhhPh
                0x000000000000352a                _ZN3I2C4readEhhPh
                0x0000000000003606                _ZN3I2C4readEhhh
                0x0000000000003734                _ZN3I2C4readEiii
                0x0000000000003736                _ZN3I2C4readEhh
                0x0000000000003812                _ZN3I2C4readEii
                0x0000000000003814                _ZN3I2C5writeEhhPhh
                0x00000000000038ba                _ZN3I2C5writeEhhPc
                0x00000000000038e0                _ZN3I2C5writeEhhh
                0x0000000000003954                _ZN3I2C5writeEiii
                0x0000000000003956                _ZN3I2C5writeEhh
                0x00000000000039ce                _ZN3I2C5writeEii
                0x00000000000039d0                _ZN3I2C4scanEv
                0x0000000000003a82                _ZN3I2C6lockUpEv
 .text          0x0000000000003a90      0x4a0 ./inc/Print.o
                0x0000000000003a90                _ZN5Print5writeEPKc
                0x0000000000003ac2                _ZN5Print5writeEPKhj
                0x0000000000003b00                _ZN5Print5printEPKc
                0x0000000000003b10                _ZN5Print11printNumberEmh
                0x0000000000003c12                _ZN5Print5printEmi
                0x0000000000003c2c                _ZN5Print5printEji
                0x0000000000003c36                _ZN5Print5printEhi
                0x0000000000003c42                _ZN5Print6printpEPKc
                0x0000000000003c78                _ZN5Print5printEli
                0x0000000000003ce0                _ZN5Print5printEii
                0x0000000000003cf0                _ZN5Print5printEci
                0x0000000000003cfc                _ZN5Print7printlnEv
                0x0000000000003d26                _ZN5Print7printlnEmi
                0x0000000000003d38                _ZN5Print7printlnEji
                0x0000000000003d52                _ZN5Print7printlnEhi
                0x0000000000003d6e                _ZN5Print7printlnEPKc
                0x0000000000003d80                _ZN5Print7printlnEli
                0x0000000000003d92                _ZN5Print7printlnEii
                0x0000000000003db4                _ZN5Print7printlnEci
                0x0000000000003dd0                _ZN5Print10printFloatEdh
                0x0000000000003f1c                _ZN5Print5printEdi
                0x0000000000003f1e                _ZN5Print7printlnEdi
 .text          0x0000000000003f30      0x916 ./inc/Sd2Card.o
                0x0000000000003f42                _ZN7Sd2Card14chipSelectHighEv
                0x0000000000003f4c                _ZN7Sd2Card13chipSelectLowEv
                0x0000000000003f56                _ZN7Sd2Card7readEndEv
                0x0000000000003f9a                _ZN7Sd2Card16partialBlockReadEh
                0x0000000000003fc0                _ZN7Sd2Card10setSckRateEh
                0x0000000000004006                _ZN7Sd2Card11waitNotBusyEj
                0x000000000000403a                _ZN7Sd2Card11cardCommandEhm
                0x00000000000040cc                _ZN7Sd2Card8cardAcmdEhm
                0x0000000000004106                _ZN7Sd2Card4initEhh
                0x0000000000004258                _ZN7Sd2Card14waitStartBlockEv
                0x00000000000042a2                _ZN7Sd2Card12readRegisterEhPv
                0x000000000000430c                _ZN7Sd2Card7readCSDEP5csd_t
                0x0000000000004312                _ZN7Sd2Card22eraseSingleBlockEnableEv
                0x0000000000004352                _ZN7Sd2Card5eraseEmm
                0x000000000000440a                _ZN7Sd2Card8cardSizeEv
                0x0000000000004510                _ZN7Sd2Card8readDataEmjjPh
                0x0000000000004648                _ZN7Sd2Card9readBlockEmPh
                0x0000000000004666                _ZN7Sd2Card9writeDataEhPKh
                0x00000000000046c2                _ZN7Sd2Card9writeDataEPKh
                0x00000000000046f6                _ZN7Sd2Card10writeBlockEmPKh
                0x0000000000004798                _ZN7Sd2Card10writeStartEmm
                0x000000000000480e                _ZN7Sd2Card9writeStopEv
 .text          0x0000000000004846      0x43a ./inc/SdFat.o
                0x0000000000004846                _ZN8SdVolume4initEP7Sd2Card
                0x0000000000004874                _ZN6SdFileD1Ev
                0x000000000000488a                _ZN5SdFat5chdirEv
                0x00000000000048ba                _ZN5SdFat5chdirEPKc
                0x00000000000049ac                _ZN5SdFat10errorPrintEv
                0x00000000000049d6                _ZN5SdFat9errorHaltEv
                0x00000000000049da                _ZN5SdFat10errorPrintEPKc
                0x0000000000004a02                _ZN5SdFat9errorHaltEPKc
                0x0000000000004a06                _ZN5SdFat12errorPrint_PEPKc
                0x0000000000004a2a                _ZN5SdFat11errorHalt_PEPKc
                0x0000000000004a2e                _ZN5SdFat6existsEPKc
                0x0000000000004a34                _ZN5SdFat4initEhh
                0x0000000000004a66                _ZN5SdFat14initErrorPrintEv
                0x0000000000004aae                _ZN5SdFat13initErrorHaltEv
                0x0000000000004ab2                _ZN5SdFat2lsEh
                0x0000000000004ac0                _ZN5SdFat2lsEP5Printh
                0x0000000000004ac8                _ZN5SdFat5mkdirEPKcb
                0x0000000000004b26                _ZN5SdFat6removeEPKc
                0x0000000000004b2c                _ZN5SdFat6renameEPKcS1_
                0x0000000000004ba8                _ZN5SdFat5rmdirEPKc
                0x0000000000004c08                _ZN5SdFat8truncateEPKcm
 .text          0x0000000000004c80       0x88 ./inc/SdFatUtil.o
                0x0000000000004c80                _ZN9SdFatUtil7FreeRamEv
                0x0000000000004cba                _ZN9SdFatUtil7print_PEP5PrintPKc
                0x0000000000004ce6                _ZN9SdFatUtil9println_PEP5PrintPKc
                0x0000000000004cf8                _ZN9SdFatUtil13SerialPrint_PEPKc
                0x0000000000004d00                _ZN9SdFatUtil15SerialPrintln_PEPKc
 .text          0x0000000000004d08     0x27b2 ./inc/SdFile.o
                0x0000000000004d34                _ZN8SdVolume9fatPutEOCEm
                0x0000000000004d4a                _ZN6SdFile10addClusterEv
                0x0000000000004d9e                _ZN6SdFile13addDirClusterEv
                0x0000000000004eb8                _ZN6SdFile13cacheDirEntryEh
                0x0000000000004ef4                _ZN6SdFile15contiguousRangeEPmS0_
                0x0000000000005058                _ZN6SdFile7dirNameERK14directoryEntryPc
                0x0000000000005094                _ZN6SdFile11getFilenameEPc
                0x00000000000050c8                _ZN6SdFile6getposEP6fpos_t
                0x00000000000050f6                _ZN6SdFile10make83NameEPKcPhPS1_
                0x0000000000005178                _ZN6SdFile8openRootEP8SdVolume
                0x000000000000521e                _ZN6SdFile12printDirNameEP5PrintRK14directoryEntryhb
                0x00000000000052ae                _ZN6SdFile12printDirNameERK14directoryEntryhb
                0x00000000000052be                _ZN6SdFile12printFatDateEP5Printj
                0x0000000000005318                _ZN6SdFile12printFatDateEj
                0x0000000000005320                _ZN6SdFile12printFatTimeEP5Printj
                0x0000000000005374                _ZN6SdFile12printFatTimeEj
                0x000000000000537c                _ZN6SdFile9printNameEv
                0x00000000000053c8                _ZN6SdFile4readEPvj
                0x000000000000562a                _ZN6SdFile4readEv
                0x000000000000565a                _ZN6SdFile4peekEv
                0x00000000000056b0                _ZN6SdFile11lsPrintNextEP5Printhh
                0x0000000000005830                _ZN6SdFile9lsJKWNextEPciPm
                0x0000000000005944                _ZN6SdFile5fgetsEPciS0_
                0x0000000000005a18                _ZN6SdFile7readDirEP14directoryEntry
                0x0000000000005a82                _ZN6SdFile12readDirCacheEv
                0x0000000000005af8                _ZN6SdFile7seekSetEm
                0x0000000000005c30                _ZN6SdFile7seekEndEl
                0x0000000000005c4e                _ZN6SdFile6rewindEv
                0x0000000000005c56                _ZN6SdFile6setposEP6fpos_t
                0x0000000000005c82                _ZN6SdFile4syncEv
                0x0000000000005d16                _ZN6SdFile8dirEntryEP14directoryEntry
                0x0000000000005d58                _ZN6SdFile5closeEv
                0x0000000000005d86                _ZN6SdFile9timestampEhjhhhhh
                0x0000000000005eb6                _ZN6SdFile8truncateEm
                0x000000000000601e                _ZN6SdFile6removeEv
                0x0000000000006052                _ZN6SdFile5rmdirEv
                0x00000000000060dc                _ZN6SdFile15openCachedEntryEhh
                0x00000000000061e8                _ZN6SdFile8openNextEPS_h
                0x000000000000627e                _ZN6SdFile4openEPS_jh
                0x00000000000062fe                _ZN6SdFile8rmRfStarEv
                0x0000000000006438                _ZN6SdFile2lsEP5Printhh
                0x0000000000006534                _ZN6SdFile2lsEh
                0x000000000000653e                _ZN6SdFile10openParentEPS_
                0x000000000000673a                _ZN6SdFile4openEPS_PKhh
                0x00000000000068c6                _ZN6SdFile4openEPS_PKch
                0x0000000000006a5e                _ZN6SdFile6removeEPS_PKc
                0x0000000000006ac2                _ZN6SdFile4openEPKch
                0x0000000000006ad2                _ZN6SdFileC1EPKch
                0x0000000000006ad2                _ZN6SdFileC2EPKch
                0x0000000000006ae2                _ZN6SdFile6existsEPKc
                0x0000000000006b3c                _ZN6SdFile16createContiguousEPS_PKcm
                0x0000000000006bc8                _ZN6SdFile5mkdirEPS_PKh
                0x0000000000006d4a                _ZN6SdFile5mkdirEPS_PKcb
                0x0000000000006efa                _ZN6SdFile6renameEPS_PKc
                0x00000000000070ee                _ZN6SdFile5writeEPKvj
                0x000000000000743e                _ZN6SdFile5writeEPKc
                0x0000000000007452                _ZN6SdFile5writeEh
                0x0000000000007472                _ZN6SdFile7write_PEPKc
                0x00000000000074a4                _ZN6SdFile9writeln_PEPKc
 .text          0x00000000000074ba      0x2c8 ./inc/SdStream.o
                0x00000000000074ba                _ZN6SdFile7seekCurEl
                0x00000000000074da                _ZN6SdBase5getchEv
                0x0000000000007594                _ZN6SdBase4openEPKch
                0x0000000000007654                _ZN6SdBase5putchEc
                0x00000000000076b4                _ZN6SdBase6putstrEPKc
                0x0000000000007734                _ZN6SdBase7seekoffElN8ios_base7seekdirE
                0x000000000000777e                _ZN6SdBase7seekposEm
 .text          0x0000000000007782      0xa8e ./inc/SdVolume.o
                0x0000000000007782                _ZN8SdVolume10cacheFlushEv
                0x00000000000077fc                _ZN8SdVolume13cacheRawBlockEmh
                0x0000000000007880                _ZNK8SdVolume6fatGetEmPm
                0x0000000000007980                _ZNK8SdVolume9chainSizeEmPm
                0x0000000000007a66                _ZN8SdVolume6fatPutEmm
                0x0000000000007ba2                _ZN8SdVolume15allocContiguousEmPm
                0x0000000000007dc0                _ZN8SdVolume9freeChainEm
                0x0000000000007e76                _ZN8SdVolume16freeClusterCountEv
                0x0000000000007faa                _ZN8SdVolume4initEP7Sd2Cardh
 .text          0x0000000000008210      0xd62 ./inc/istream.o
                0x0000000000008210                _ZN7istream5getchEP6fpos_t
                0x0000000000008236                _ZN7istream3getEv
                0x000000000000827a                _ZN7istream3getERc
                0x0000000000008298                _ZN7istream3getEPcmc
                0x00000000000083b0                _ZN7istream7getlineEPcmc
                0x00000000000084e8                _ZN7istream6ignoreEmi
                0x0000000000008550                _ZN7istream4peekEv
                0x0000000000008604                _ZN7istream8readSkipEv
                0x000000000000864a                _ZN7istream6getStrEPc
                0x000000000000879c                _ZN7istream9getNumberEmmPm
                0x0000000000008a24                _ZN7istream8getFloatEPf
                0x0000000000008d78                _ZN7istream7getCharEPc
                0x0000000000008db0                _ZN7istream9skipWhiteEv
                0x0000000000008e20                _ZN7istream9getNumberIbEEvPT_
                0x0000000000008e8a                _ZN7istream7getBoolEPb
 .text          0x0000000000008f72      0x64a ./inc/ostream.o
                0x0000000000008f72                _ZN7ostream7do_fillEj
                0x0000000000008fc2                _ZN7ostream13fill_not_leftEj
                0x0000000000008fe8                _ZN7ostream6fmtNumEmPch
                0x0000000000009084                _ZN7ostream7putCharEc
                0x00000000000090b4                _ZN7ostream6putNumEmb
                0x0000000000009218                _ZN7ostream6putNumEl
                0x0000000000009252                _ZN7ostream6putPgmERK3pgm
                0x00000000000092a4                _ZN7ostream9putDoubleEd
                0x0000000000009518                _ZN7ostream7putBoolEb
                0x0000000000009574                _ZN7ostream6putStrEPKc
 .text          0x00000000000095bc        0x0 ./inc/pins_arduino.o
 .text          0x00000000000095bc     0x1aec ./inc/ssd0323.o
                0x00000000000095bc                _ZN7ssd032310senden_spiEh
                0x00000000000095e0                _ZN7ssd032312send_commandEh
                0x00000000000095e8                _ZN7ssd03239send_charEh
                0x00000000000095ec                _ZN7ssd032312clear_screenEv
                0x0000000000009632                _ZN7ssd032310set2pixelsEhhhh
                0x00000000000096a0                _ZN7ssd03234lineEhhhhh
                0x0000000000009b5a                _ZN7ssd032314zeichen_big_1xEPhhiiiih
                0x0000000000009dd6                _ZN7ssd032316zeichen_small_1xEPhhiiiih
                0x0000000000009f70                _ZN7ssd032316zeichen_small_2xEPhhiiiih
                0x000000000000a16a                _ZN7ssd032316zeichen_small_3xEPhhiiiih
                0x000000000000a3f2                _ZN7ssd032316zeichen_small_4xEPhhiiiih
                0x000000000000a63a                _ZN7ssd03236stringEsPKchhhhh
                0x000000000000ac42                _ZN7ssd03236stringEsPKchh
                0x000000000000ac5e                _ZN7ssd03238string_PEsPKchhhhh
                0x000000000000acfa                _ZN7ssd03238string_PEsPKchh
                0x000000000000ad16                _ZN7ssd032311filled_rectEhhhhh
                0x000000000000adec                _ZN7ssd032313highlight_barEhhhh
                0x000000000000aee2                _ZN7ssd03234initEhh
                0x000000000000b0a6                _ZN7ssd0323C1Ev
                0x000000000000b0a6                _ZN7ssd0323C2Ev
 .text          0x000000000000b0a8      0x21a ./inc/wiring.o
                0x000000000000b0a8                __vector_23
                0x000000000000b138                millis
                0x000000000000b154                micros
                0x000000000000b1a0                delay
                0x000000000000b1ea                delayMicroseconds
                0x000000000000b1fe                init
 .text          0x000000000000b2c2      0x1e0 ./inc/wiring_analog.o
                0x000000000000b2c2                analogReference
                0x000000000000b2c8                analogRead
                0x000000000000b32e                analogWrite
 .text          0x000000000000b4a2      0x274 ./inc/wiring_digital.o
                0x000000000000b4a2                pinMode
                0x000000000000b4ea                digitalWrite
                0x000000000000b608                digitalRead
 .text          0x000000000000b716      0x10c ./inc/wiring_pulse.o
                0x000000000000b716                pulseIn
 .text          0x000000000000b822       0xfc ./inc/wiring_shift.o
                0x000000000000b822                shiftIn
                0x000000000000b89e                shiftOut
 .text          0x000000000000b91e     0x1610 ./aktors.o
                0x000000000000b91e                _ZN13Speedo_aktorsC2Ev
                0x000000000000b91e                _ZN13Speedo_aktorsC1Ev
                0x000000000000b944                _ZN13Speedo_aktorsD2Ev
                0x000000000000b944                _ZN13Speedo_aktorsD1Ev
                0x000000000000b946                _ZN13Speedo_aktors19run_reset_on_ATm328Ev
                0x000000000000ba88                _ZN13Speedo_aktors10clear_varsEv
                0x000000000000babc                _ZN13Speedo_aktors10check_varsEv
                0x000000000000bb9e                _ZN13Speedo_aktors11set_rgb_outEiiii
                0x000000000000bc46                _ZN13Speedo_aktors11set_rgb_outEiii
                0x000000000000bc56                _ZN13Speedo_aktors11dimm_rgb_toEiiii
                0x000000000000bcde                _ZN13Speedo_aktors14timer_overflowEv
                0x000000000000bf52                __vector_35
                0x000000000000bfa8                _ZN13Speedo_aktors11stop_dimmerEv
                0x000000000000bfb4                _ZN13Speedo_aktors14dimm_availableEv
                0x000000000000bfd0                _ZN13Speedo_aktors17set_active_dimmerEb
                0x000000000000bfda                _ZN13Speedo_aktors17update_outer_ledsEbb
                0x000000000000c562                _ZN13Speedo_aktors4initEv
                0x000000000000c638                _ZN13Speedo_aktors6ask_btEPc
                0x000000000000c6c8                _ZN13Speedo_aktors10set_bt_pinEv
                0x000000000000cd28                _ZN13Speedo_aktors12set_expanderEv
                0x000000000000cd6e                _ZN13Speedo_aktors19set_controll_lightsEhhhhh
                0x000000000000cdfc                _ZN13Speedo_aktors14set_rbg_activeEi
 .text          0x000000000000cf2e      0x190 ./blinker.o
                0x000000000000cf2e                _ZN13moped_blinkerC1Ev
                0x000000000000cf2e                _ZN13moped_blinkerC2Ev
                0x000000000000cf30                _ZN13moped_blinkerD2Ev
                0x000000000000cf30                _ZN13moped_blinkerD1Ev
                0x000000000000cf32                _ZN13moped_blinker9set_startEmi
                0x000000000000cf68                _ZN13moped_blinker5checkEv
                0x000000000000d020                _ZN13moped_blinker4warnEm
                0x000000000000d064                _ZN13moped_blinker4initEv
                0x000000000000d074                _ZN13moped_blinker10clear_varsEv
                0x000000000000d088                _ZN13moped_blinker10check_varsEv
 .text          0x000000000000d0be      0x578 ./clock_me.o
                0x000000000000d0be                _ZN12speedo_clockC2Ev
                0x000000000000d0be                _ZN12speedo_clockC1Ev
                0x000000000000d0c0                _ZN12speedo_clockD1Ev
                0x000000000000d0c0                _ZN12speedo_clockD2Ev
                0x000000000000d0c2                _ZN12speedo_clock7changedEPi
                0x000000000000d0e8                _ZN12speedo_clock8decToBcdEc
                0x000000000000d0f8                _ZN12speedo_clock8bcdToDecEc
                0x000000000000d110                _ZN12speedo_clock13set_date_timeEiiiiiiii
                0x000000000000d216                _ZN12speedo_clock4initEv
                0x000000000000d226                _ZN12speedo_clock10clear_varsEv
                0x000000000000d246                _ZN12speedo_clock10check_varsEv
                0x000000000000d24a                _ZN12speedo_clock7getdateEv
                0x000000000000d26e                _ZN12speedo_clock13get_long_dateEv
                0x000000000000d2fa                _ZN12speedo_clock9get_daylsEv
                0x000000000000d302                _ZN12speedo_clock6get_ssEv
                0x000000000000d30c                _ZN12speedo_clock3incEv
                0x000000000000d358                _ZN12speedo_clock4copyEPc
                0x000000000000d3e0                _ZN12speedo_clock4loopEv
 .text          0x000000000000d636     0x43be ./config.o
                0x000000000000d64c                _ZN13configurationC2Ev
                0x000000000000d64c                _ZN13configurationC1Ev
                0x000000000000d64e                _ZN13configurationD1Ev
                0x000000000000d64e                _ZN13configurationD2Ev
                0x000000000000d650                _ZN13configuration14get_hw_versionEv
                0x000000000000d6a8                _ZN13configuration8ram_infoEv
                0x000000000000d6e4                _ZN13configuration5writeEPKc
                0x000000000000f64e                _ZN13configuration10clear_varsEv
                0x000000000000f66c                _ZN13configuration11parse_floatEPciPf
                0x000000000000f8ee                _ZN13configuration10parse_boolEPciPb
                0x000000000000f92a                _ZN13configuration9parse_intEPciPi
                0x000000000000f980                _ZN13configuration11parse_shortEPciPs
                0x000000000000f9ca                _ZN13configuration7parse_aEPciS0_i
                0x000000000000fa38                _ZN13configuration8parse_ulEPciPm
                0x000000000000fae2                _ZN13configuration5parseEPc
                0x00000000000112cc                _ZN13configuration4readEPKc
                0x0000000000011550                _ZN13configuration9read_skinEv
                0x00000000000115e4                _ZN13configuration7km_saveEv
                0x00000000000117bc                _ZN13configuration14day_trip_checkEv
                0x00000000000118c6                _ZN13configuration11EEPROM_initEv
 .text          0x00000000000119f4       0x6e ./debug.o
                0x00000000000119f4                _ZN9debuggingC1Ev
                0x00000000000119f4                _ZN9debuggingC2Ev
                0x00000000000119f6                _ZN9debuggingD1Ev
                0x00000000000119f6                _ZN9debuggingD2Ev
                0x00000000000119f8                _ZN9debugging7sprintpEPKc
                0x0000000000011a22                _ZN9debugging9sprintlnpEPKc
                0x0000000000011a54                _ZN9debugging11parse_floatEiPciii
                0x0000000000011a56                _ZN9debugging9parse_intEv
                0x0000000000011a58                _ZN9debugging5parseEiPc
                0x0000000000011a5a                _ZN9debugging7parse_aEiPc
                0x0000000000011a5c                _ZN9debugging8parse_ulEim
                0x0000000000011a5e                _ZN9debugging11speedo_loopEiimPKc
                0x0000000000011a60                _ZN9debugging4loopEv
 .text          0x0000000000011a62     0x1c4a ./display.o
                0x0000000000011a78                _ZN11speedo_dispC1Ev
                0x0000000000011a78                _ZN11speedo_dispC2Ev
                0x0000000000011a7c                _ZN11speedo_dispD2Ev
                0x0000000000011a7c                _ZN11speedo_dispD1Ev
                0x0000000000011a7e                _ZN11speedo_disp8draw_oilEhh
                0x0000000000011d48                _ZN11speedo_disp10draw_waterEhh
                0x0000000000012012                _ZN11speedo_disp8draw_airEhh
                0x000000000001211c                _ZN11speedo_disp9draw_fuelEhh
                0x0000000000012246                _ZN11speedo_disp10draw_clockEhh
                0x0000000000012370                _ZN11speedo_disp12draw_blitzerEhh
                0x00000000000125ea                _ZN11speedo_disp10draw_arrowEiii
                0x0000000000012bc6                _ZN11speedo_disp6sd2ssdEPci
                0x0000000000012d92                _ZN11speedo_disp11show_storryEPcjS0_j
                0x000000000001302e                _ZN11speedo_disp14show_animationEPKc
                0x0000000000013326                _ZN11speedo_disp12disp_waitingEihh
                0x00000000000133da                _ZN11speedo_disp9animationEi
                0x000000000001346c                _ZN11speedo_disp11init_speedoEv
 .text          0x00000000000136ac      0x3b6 ./dz.o
                0x00000000000136ac                _ZN9speedo_dzC2Ev
                0x00000000000136ac                _ZN9speedo_dzC1Ev
                0x00000000000136ae                _ZN9speedo_dz7counterEv
                0x00000000000136be                _ZN9speedo_dz4calcEv
                0x000000000001398e                __vector_5
                0x00000000000139d2                _ZN9speedo_dz4initEv
                0x0000000000013a00                _ZN9speedo_dz10clear_varsEv
                0x0000000000013a2e                _ZN9speedo_dz10check_varsEv
 .text          0x0000000000013a62      0xc82 ./file_manager_v2.o
                0x0000000000013a78                _ZN21speedo_filemanager_v2C1Ev
                0x0000000000013a78                _ZN21speedo_filemanager_v2C2Ev
                0x0000000000013a90                _ZN21speedo_filemanager_v2D1Ev
                0x0000000000013a90                _ZN21speedo_filemanager_v2D2Ev
                0x0000000000013aa8                _ZN21speedo_filemanager_v215get_file_handleEPhS0_P6SdFileS2_h
                0x0000000000013d38                _ZN21speedo_filemanager_v213parse_commandEv
 .text          0x00000000000146e4      0x280 ./fuel.o
                0x00000000000146e4                _ZN11speedo_fuelC1Ev
                0x00000000000146e4                _ZN11speedo_fuelC2Ev
                0x00000000000146e6                _ZN11speedo_fuelD2Ev
                0x00000000000146e6                _ZN11speedo_fuelD1Ev
                0x00000000000146e8                _ZN11speedo_fuel8get_fuelEPc
                0x0000000000014914                _ZN11speedo_fuel4initEv
                0x0000000000014916                _ZN11speedo_fuel10clear_varsEv
                0x000000000001492a                _ZN11speedo_fuel10check_varsEv
 .text          0x0000000000014964      0x7aa ./gear.o
                0x0000000000014964                _ZN11speedo_gearC2Ev
                0x0000000000014964                _ZN11speedo_gearC1Ev
                0x0000000000014966                _ZN11speedo_gearD1Ev
                0x0000000000014966                _ZN11speedo_gearD2Ev
                0x0000000000014968                _ZN11speedo_gear4initEv
                0x0000000000014990                _ZN11speedo_gear10check_varsEv
                0x0000000000014a0e                _ZN11speedo_gear10clear_varsEv
                0x0000000000014a38                _ZN11speedo_gear4calcEv
                0x0000000000014ca6                _ZN11speedo_gear3getEv
                0x0000000000014cbe                _ZN11speedo_gear9calibrateEv
 .text          0x000000000001510e     0x2348 ./gps.o
                0x0000000000015124                _ZN10speedo_gpsC1Ev
                0x0000000000015124                _ZN10speedo_gpsC2Ev
                0x0000000000015126                _ZN10speedo_gpsD1Ev
                0x0000000000015126                _ZN10speedo_gpsD2Ev
                0x0000000000015128                _ZN10speedo_gps10clear_varsEv
                0x0000000000015218                _ZN10speedo_gps10check_varsEv
                0x000000000001521c                _ZN10speedo_gps9recv_dataEv
                0x0000000000015370                __vector_36
                0x00000000000153ca                _ZN10speedo_gps8get_infoEh
                0x000000000001551a                _ZN10speedo_gps11store_to_sdEv
                0x00000000000155e8                _ZN10speedo_gps3modEmm
                0x000000000001566e                _ZN10speedo_gps11nmea_to_decEm
                0x000000000001572a                _ZN10speedo_gps9calc_distEmm
                0x00000000000159b2                _ZN10speedo_gps9get_orderEPc
                0x0000000000015c32                _ZN10speedo_gps18generate_new_orderEv
                0x0000000000016026                _ZN10speedo_gps9calc_naviEv
                0x00000000000164ae                _ZN10speedo_gps4loopEv
                0x0000000000016794                _ZN10speedo_gps17get_logged_pointsEPci
                0x0000000000016aa2                _ZN10speedo_gps8SendByteEh
                0x0000000000016ab0                _ZN10speedo_gps10SendStringEPKc
                0x0000000000016ae0                _ZN10speedo_gps4initEv
                0x0000000000016b0c                _ZN10speedo_gps16get_drive_statusEv
                0x0000000000016b42                _ZN10speedo_gps16set_drive_statusEiiic
                0x0000000000016b9e                _ZN10speedo_gps5parseEPci
                0x0000000000017402                _ZN10speedo_gps10check_flagEv
 .text          0x0000000000017456       0x38 ./helper.o
                0x0000000000017456                __cxa_pure_virtual
                0x000000000001745a                _Znwj
                0x000000000001745e                _ZdlPv
                0x0000000000017462                _Znaj
                0x0000000000017466                _ZdaPv
                0x0000000000017470                _Z19__cxa_guard_acquirePx
                0x0000000000017484                _Z19__cxa_guard_releasePx
                0x000000000001748c                _Z17__cxa_guard_abortPx
 .text          0x000000000001748e      0x48e ./main.o
                0x000000000001748e                _Z11init_speedov
                0x000000000001761e                main
 .text          0x000000000001791c     0x7056 ./menu.o
                0x0000000000017932                _ZN11speedo_menuC2Ev
                0x0000000000017932                _ZN11speedo_menuC1Ev
                0x0000000000017934                _ZN11speedo_menuD2Ev
                0x0000000000017934                _ZN11speedo_menuD1Ev
                0x0000000000017936                _ZN11speedo_menu4backEv
                0x0000000000017a36                _ZN11speedo_menu5yesnoEPKcS1_S1_
                0x0000000000017b7c                _ZN11speedo_menu4drawEPPKci
                0x0000000000017fa0                _ZN11speedo_menu7go_leftEb
                0x0000000000018072                _ZN11speedo_menu8go_rightEb
                0x00000000000180ea                _ZN11speedo_menu5go_upEb
                0x0000000000018202                _ZN11speedo_menu7go_downEb
                0x0000000000018304                _ZN11speedo_menu4initEv
                0x000000000001839c                _ZN11speedo_menu11set_buttonsEbbbb
                0x00000000000183ac                _ZN11speedo_menu9center_meEPci
                0x00000000000184f2                _ZN11speedo_menu17color_select_menuEiP10led_simpleS1_PiS2_ibPKcS4_cb
                0x0000000000019286                _ZN11speedo_menu7displayEv
                0x000000000001e5ac                _ZN11speedo_menu11button_testEbb
                0x000000000001e876                __vector_10
                0x000000000001e8d0                _ZN11speedo_menu5popupEPKcS1_
 .text          0x000000000001e972      0x108 ./oiler.o
                0x000000000001e972                _ZN12speedo_oilerC2Ev
                0x000000000001e972                _ZN12speedo_oilerC1Ev
                0x000000000001e974                _ZN12speedo_oilerD2Ev
                0x000000000001e974                _ZN12speedo_oilerD1Ev
                0x000000000001e976                _ZN12speedo_oiler4initEv
                0x000000000001e996                _ZN12speedo_oiler10check_varsEv
                0x000000000001e9c0                _ZN12speedo_oiler10clear_varsEv
                0x000000000001e9c8                _ZN12speedo_oiler12send_impulseEv
                0x000000000001ea1e                _ZN12speedo_oiler11check_valueEv
 .text          0x000000000001ea7a      0x29e ./reset.o
                0x000000000001ea7a                _ZN12speedo_resetC1Ev
                0x000000000001ea7a                _ZN12speedo_resetC2Ev
                0x000000000001ea7c                _ZN12speedo_resetD2Ev
                0x000000000001ea7c                _ZN12speedo_resetD1Ev
                0x000000000001ea7e                _ZN12speedo_reset10check_varsEv
                0x000000000001ea82                _ZN12speedo_reset10set_activeEbb
                0x000000000001eacc                _ZN12speedo_reset12set_deactiveEbb
                0x000000000001eb14                _ZN12speedo_reset4initEv
                0x000000000001eb76                _ZN12speedo_reset7restoreEv
                0x000000000001eb8a                _ZN12speedo_reset6toggleEv
                0x000000000001ebea                _ZN12speedo_reset9ask_resetEv
                0x000000000001ecf0                _ZN12speedo_reset10clear_varsEv
 .text          0x000000000001ed18      0x1a2 ./sd.o
                0x000000000001ed18                _ZN7Sd2Card4initEh
                0x000000000001ed4c                _ZN9speedo_sdC1Ev
                0x000000000001ed4c                _ZN9speedo_sdC2Ev
                0x000000000001ed6a                _ZN9speedo_sdD1Ev
                0x000000000001ed6a                _ZN9speedo_sdD2Ev
                0x000000000001ed6c                _ZN9speedo_sd7error_PEPKc
                0x000000000001edc2                _ZN9speedo_sd9writeCRLFER6SdFile
                0x000000000001edd0                _ZN9speedo_sd11writeStringER6SdFilePc
                0x000000000001edee                _ZN9speedo_sd10power_downEv
                0x000000000001edfe                _ZN9speedo_sd8power_upEh
                0x000000000001eeaa                _ZN9speedo_sd4initEv
 .text          0x000000000001eeba      0xc82 ./sensors.o
                0x000000000001eeba                _ZN14Speedo_sensorsC1Ev
                0x000000000001eeba                _ZN14Speedo_sensorsC2Ev
                0x000000000001ef8e                _ZN14Speedo_sensorsD2Ev
                0x000000000001ef8e                _ZN14Speedo_sensorsD1Ev
                0x000000000001ef90                _ZN14Speedo_sensors10clear_varsEv
                0x000000000001efee                _ZN14Speedo_sensors10check_varsEv
                0x000000000001f0fa                _ZN14Speedo_sensors4initEv
                0x000000000001f1b4                _ZN14Speedo_sensors6flatItEiPhcf
                0x000000000001f290                _ZN14Speedo_sensors4loopEv
                0x000000000001f7da                _ZN14Speedo_sensors12check_inputsEv
                0x000000000001f820                __vector_11
                0x000000000001f876                __vector_8
                0x000000000001f8cc                __vector_7
                0x000000000001f922                _ZN14Speedo_sensors11single_readEv
 .text          0x000000000001fb3c      0x938 ./speed.o
                0x000000000001fb3c                _ZN12speedo_speedC2Ev
                0x000000000001fb3c                _ZN12speedo_speedC1Ev
                0x000000000001fb3e                _ZN12speedo_speedD2Ev
                0x000000000001fb3e                _ZN12speedo_speedD1Ev
                0x000000000001fb40                _ZN12speedo_speed4calcEv
                0x000000000001fcf8                __vector_6
                0x000000000001fd52                _ZN12speedo_speed4initEv
                0x000000000001fd72                _ZN12speedo_speed10clear_varsEv
                0x000000000001fdde                _ZN12speedo_speed10check_varsEv
                0x000000000001fe5a                _ZN12speedo_speed8getSpeedEv
                0x000000000001ff16                _ZN12speedo_speed13get_sat_speedEv
                0x000000000001ff4e                _ZN12speedo_speed13get_mag_speedEv
                0x000000000001ff56                _ZN12speedo_speed12check_umfangEv
 .text          0x0000000000020474     0x1f54 ./speedo.o
                0x0000000000020474                _ZN13speedo_speedo9reset_bakEv
                0x000000000002048a                _ZN13speedo_speedo4loopEm
                0x000000000002218c                _ZN13speedo_speedo10clear_varsEv
                0x00000000000221c2                _ZN13speedo_speedo10check_varsEv
 .text          0x00000000000223c8      0x536 ./sprint.o
                0x00000000000223c8                _ZN13speedo_sprintC2Ev
                0x00000000000223c8                _ZN13speedo_sprintC1Ev
                0x00000000000223e6                _ZN13speedo_sprintD2Ev
                0x00000000000223e6                _ZN13speedo_sprintD1Ev
                0x00000000000223e8                _ZN13speedo_sprint4initEv
                0x0000000000022406                _ZN13speedo_sprint4loopEv
 .text          0x00000000000228fe      0x5b2 ./stepper.o
                0x00000000000228fe                _ZN14speedo_stepperC2Ev
                0x00000000000228fe                _ZN14speedo_stepperC1Ev
                0x0000000000022900                _ZN14speedo_stepperD2Ev
                0x0000000000022900                _ZN14speedo_stepperD1Ev
                0x0000000000022902                _ZN14speedo_stepper13overwrite_posEi
                0x0000000000022940                _ZN14speedo_stepper5go_toEiii
                0x00000000000229ba                _ZN14speedo_stepper5go_toEi
                0x00000000000229f4                _ZN14speedo_stepper4initEv
                0x0000000000022a48                _ZN14speedo_stepper7get_posEv
                0x0000000000022b12                _ZN14speedo_stepper16get_motor_statusEPiS0_S0_
                0x0000000000022c6a                _ZN14speedo_stepper4loopEv
 .text          0x0000000000022eb0      0x8fe ./temperature.o
                0x0000000000022eb0                _ZN18speedo_temperatureC1Ev
                0x0000000000022eb0                _ZN18speedo_temperatureC2Ev
                0x0000000000022eb2                _ZN18speedo_temperatureD1Ev
                0x0000000000022eb2                _ZN18speedo_temperatureD2Ev
                0x0000000000022eb4                _ZN18speedo_temperature10clear_varsEv
                0x0000000000022f40                _ZN18speedo_temperature10check_varsEv
                0x00000000000230ce                _ZN18speedo_temperature4initEv
                0x00000000000230f8                _ZN18speedo_temperature13read_oil_tempEv
                0x00000000000232a6                _ZN18speedo_temperature15read_water_tempEv
                0x00000000000234d2                _ZN18speedo_temperature13read_air_tempEv
                0x00000000000235b4                _ZN18speedo_temperature12get_air_tempEv
                0x00000000000235ce                _ZN18speedo_temperature12get_oil_tempEv
                0x00000000000236be                _ZN18speedo_temperature14get_water_tempEv
 .text          0x00000000000237ae     0x1538 ./tetris.o
                0x00000000000237ae                _ZN6tetrisC1Ev
                0x00000000000237ae                _ZN6tetrisC2Ev
                0x00000000000237b0                _ZN6tetrisD2Ev
                0x00000000000237b0                _ZN6tetrisD1Ev
                0x00000000000237b2                _ZN6tetris22copy_element_to_bufferEi
                0x0000000000023862                _ZN6tetris11new_elementEv
                0x000000000002395a                _ZN6tetris4initEv
                0x00000000000239a2                _ZN6tetris13initDrawFieldEv
                0x0000000000023cd2                _ZN6tetris11updateFieldEv
                0x0000000000023e04                _ZN6tetris11check_stackEv
                0x0000000000024262                _ZN6tetris4loopEv
                0x0000000000024c04                _ZN6tetris3runEv
                0x0000000000024c38                _ZN6tetris19show_grid_on_serialEv
 .text          0x0000000000024ce6      0x33c ./timer.o
                0x0000000000024ce6                _ZN12speedo_timerC2Ev
                0x0000000000024ce6                _ZN12speedo_timerC1Ev
                0x0000000000024d20                _ZN12speedo_timerD2Ev
                0x0000000000024d20                _ZN12speedo_timerD1Ev
                0x0000000000024d22                _Z8ram_infov
                0x0000000000024d4a                _ZN12speedo_timer9every_secEP13configuration
                0x0000000000024e9e                _ZN12speedo_timer10every_qsecEv
                0x0000000000024f06                _ZN12speedo_timer12every_customEv
 .text          0x0000000000025022      0x2b8 ./voltage.o
                0x0000000000025022                _ZN14speedo_voltageC2Ev
                0x0000000000025022                _ZN14speedo_voltageC1Ev
                0x0000000000025024                _ZN14speedo_voltageD2Ev
                0x0000000000025024                _ZN14speedo_voltageD1Ev
                0x0000000000025026                _ZN14speedo_voltage4calcEv
                0x0000000000025244                _ZN14speedo_voltage3getEv
                0x0000000000025258                _ZN14speedo_voltage10check_varsEv
                0x000000000002525c                _ZN14speedo_voltage10clear_varsEv
                0x0000000000025266                _ZN14speedo_voltage4initEv
 .text          0x00000000000252da        0x0 /usr/lib/gcc/avr/4.5.3/../../../avr/lib/avr6/libc.a(malloc.o)
 .text          0x00000000000252da        0x0 /usr/lib/gcc/avr/4.5.3/../../../avr/lib/avr6/libc.a(exit.o)
 .text          0x00000000000252da        0x0 /usr/lib/gcc/avr/4.5.3/../../../avr/lib/avr6/libc.a(isalpha.o)
 .text          0x00000000000252da        0x0 /usr/lib/gcc/avr/4.5.3/../../../avr/lib/avr6/libc.a(isspace.o)
 .text          0x00000000000252da        0x0 /usr/lib/gcc/avr/4.5.3/../../../avr/lib/avr6/libc.a(strcmp_P.o)
 .text          0x00000000000252da        0x0 /usr/lib/gcc/avr/4.5.3/../../../avr/lib/avr6/libc.a(strcpy_P.o)
 .text          0x00000000000252da        0x0 /usr/lib/gcc/avr/4.5.3/../../../avr/lib/avr6/libc.a(strlen_P.o)
 .text          0x00000000000252da        0x0 /usr/lib/gcc/avr/4.5.3/../../../avr/lib/avr6/libc.a(memcmp.o)
 .text          0x00000000000252da        0x0 /usr/lib/gcc/avr/4.5.3/../../../avr/lib/avr6/libc.a(memcpy.o)
 .text          0x00000000000252da        0x0 /usr/lib/gcc/avr/4.5.3/../../../avr/lib/avr6/libc.a(memset.o)
 .text          0x00000000000252da        0x0 /usr/lib/gcc/avr/4.5.3/../../../avr/lib/avr6/libc.a(strchr.o)
 .text          0x00000000000252da        0x0 /usr/lib/gcc/avr/4.5.3/../../../avr/lib/avr6/libc.a(strcmp.o)
 .text          0x00000000000252da        0x0 /usr/lib/gcc/avr/4.5.3/../../../avr/lib/avr6/libc.a(strcpy.o)
 .text          0x00000000000252da        0x0 /usr/lib/gcc/avr/4.5.3/../../../avr/lib/avr6/libc.a(strncmp.o)
 .text          0x00000000000252da        0x0 /usr/lib/gcc/avr/4.5.3/../../../avr/lib/avr6/libc.a(sprintf.o)
 .text          0x00000000000252da        0x0 /usr/lib/gcc/avr/4.5.3/../../../avr/lib/avr6/libc.a(addsf3.o)
 .text          0x00000000000252da        0x0 /usr/lib/gcc/avr/4.5.3/../../../avr/lib/avr6/libc.a(addsf3x.o)
 .text          0x00000000000252da        0x0 /usr/lib/gcc/avr/4.5.3/../../../avr/lib/avr6/libc.a(asin.o)
 .text          0x00000000000252da        0x0 /usr/lib/gcc/avr/4.5.3/../../../avr/lib/avr6/libc.a(cmpsf2.o)
 .text          0x00000000000252da        0x0 /usr/lib/gcc/avr/4.5.3/../../../avr/lib/avr6/libc.a(cos.o)
 .text          0x00000000000252da        0x0 /usr/lib/gcc/avr/4.5.3/../../../avr/lib/avr6/libc.a(divsf3.o)
 .text          0x00000000000252da        0x0 /usr/lib/gcc/avr/4.5.3/../../../avr/lib/avr6/libc.a(divsf3x.o)
 .text          0x00000000000252da        0x0 /usr/lib/gcc/avr/4.5.3/../../../avr/lib/avr6/libc.a(fixsfsi.o)
 .text          0x00000000000252da        0x0 /usr/lib/gcc/avr/4.5.3/../../../avr/lib/avr6/libc.a(fixunssfsi.o)
 .text          0x00000000000252da        0x0 /usr/lib/gcc/avr/4.5.3/../../../avr/lib/avr6/libc.a(floatsisf.o)
 .text          0x00000000000252da        0x0 /usr/lib/gcc/avr/4.5.3/../../../avr/lib/avr6/libc.a(floor.o)
 .text          0x00000000000252da        0x0 /usr/lib/gcc/avr/4.5.3/../../../avr/lib/avr6/libc.a(fp_arccos.o)
 .text          0x00000000000252da        0x0 /usr/lib/gcc/avr/4.5.3/../../../avr/lib/avr6/libc.a(fp_cmp.o)
 .text          0x00000000000252da        0x0 /usr/lib/gcc/avr/4.5.3/../../../avr/lib/avr6/libc.a(fp_inf.o)
 .text          0x00000000000252da        0x0 /usr/lib/gcc/avr/4.5.3/../../../avr/lib/avr6/libc.a(fp_mintl.o)
 .text          0x00000000000252da        0x0 /usr/lib/gcc/avr/4.5.3/../../../avr/lib/avr6/libc.a(fp_mpack.o)
 .text          0x00000000000252da        0x0 /usr/lib/gcc/avr/4.5.3/../../../avr/lib/avr6/libc.a(fp_nan.o)
 .text          0x00000000000252da        0x0 /usr/lib/gcc/avr/4.5.3/../../../avr/lib/avr6/libc.a(fp_powser.o)
 .text          0x00000000000252da        0x0 /usr/lib/gcc/avr/4.5.3/../../../avr/lib/avr6/libc.a(fp_powsodd.o)
 .text          0x00000000000252da        0x0 /usr/lib/gcc/avr/4.5.3/../../../avr/lib/avr6/libc.a(fp_pscA.o)
 .text          0x00000000000252da        0x0 /usr/lib/gcc/avr/4.5.3/../../../avr/lib/avr6/libc.a(fp_pscB.o)
 .text          0x00000000000252da        0x0 /usr/lib/gcc/avr/4.5.3/../../../avr/lib/avr6/libc.a(fp_rempio2.o)
 .text          0x00000000000252da        0x0 /usr/lib/gcc/avr/4.5.3/../../../avr/lib/avr6/libc.a(fp_round.o)
 .text          0x00000000000252da        0x0 /usr/lib/gcc/avr/4.5.3/../../../avr/lib/avr6/libc.a(fp_sinus.o)
 .text          0x00000000000252da        0x0 /usr/lib/gcc/avr/4.5.3/../../../avr/lib/avr6/libc.a(fp_split3.o)
 .text          0x00000000000252da        0x0 /usr/lib/gcc/avr/4.5.3/../../../avr/lib/avr6/libc.a(fp_trunc.o)
 .text          0x00000000000252da        0x0 /usr/lib/gcc/avr/4.5.3/../../../avr/lib/avr6/libc.a(fp_zero.o)
 .text          0x00000000000252da        0x0 /usr/lib/gcc/avr/4.5.3/../../../avr/lib/avr6/libc.a(gesf2.o)
 .text          0x00000000000252da        0x0 /usr/lib/gcc/avr/4.5.3/../../../avr/lib/avr6/libc.a(mulsf3.o)
 .text          0x00000000000252da        0x0 /usr/lib/gcc/avr/4.5.3/../../../avr/lib/avr6/libc.a(mulsf3x.o)
 .text          0x00000000000252da        0x0 /usr/lib/gcc/avr/4.5.3/../../../avr/lib/avr6/libc.a(pow.o)
 .text          0x00000000000252da        0x0 /usr/lib/gcc/avr/4.5.3/../../../avr/lib/avr6/libc.a(sin.o)
 .text          0x00000000000252da        0x0 /usr/lib/gcc/avr/4.5.3/../../../avr/lib/avr6/libc.a(sqrt.o)
 .text          0x00000000000252da        0x0 /usr/lib/gcc/avr/4.5.3/../../../avr/lib/avr6/libc.a(vfprintf_std.o)
 .text          0x00000000000252da        0x0 /usr/lib/gcc/avr/4.5.3/../../../avr/lib/avr6/libc.a(eerd_byte_atmega2560.o)
 .text          0x00000000000252da        0x0 /usr/lib/gcc/avr/4.5.3/../../../avr/lib/avr6/libc.a(eewr_byte_atmega2560.o)
 .text          0x00000000000252da        0x0 /usr/lib/gcc/avr/4.5.3/../../../avr/lib/avr6/libc.a(cty_isfalse.o)
 .text          0x00000000000252da        0x0 /usr/lib/gcc/avr/4.5.3/../../../avr/lib/avr6/libc.a(strnlen_P.o)
 .text          0x00000000000252da        0x0 /usr/lib/gcc/avr/4.5.3/../../../avr/lib/avr6/libc.a(strnlen.o)
 .text          0x00000000000252da        0x0 /usr/lib/gcc/avr/4.5.3/../../../avr/lib/avr6/libc.a(fputc.o)
 .text          0x00000000000252da        0x0 /usr/lib/gcc/avr/4.5.3/../../../avr/lib/avr6/libc.a(ultoa_invert.o)
 .text          0x00000000000252da        0x0 /usr/lib/gcc/avr/4.5.3/../../../avr/lib/avr6/libc.a(exp.o)
 .text          0x00000000000252da        0x0 /usr/lib/gcc/avr/4.5.3/../../../avr/lib/avr6/libc.a(fp_norm2.o)
 .text          0x00000000000252da        0x0 /usr/lib/gcc/avr/4.5.3/../../../avr/lib/avr6/libc.a(inverse.o)
 .text          0x00000000000252da        0x0 /usr/lib/gcc/avr/4.5.3/../../../avr/lib/avr6/libc.a(ldexp.o)
 .text          0x00000000000252da        0x0 /usr/lib/gcc/avr/4.5.3/../../../avr/lib/avr6/libc.a(log.o)
 .text          0x00000000000252da        0x0 /usr/lib/gcc/avr/4.5.3/../../../avr/lib/avr6/libc.a(modf.o)
 .text          0x00000000000252da        0x0 /usr/lib/gcc/avr/4.5.3/avr6/libgcc.a(_mulsi3.o)
 .text          0x00000000000252da        0x0 /usr/lib/gcc/avr/4.5.3/avr6/libgcc.a(_udivmodqi4.o)
 .text          0x00000000000252da        0x0 /usr/lib/gcc/avr/4.5.3/avr6/libgcc.a(_udivmodhi4.o)
 .text          0x00000000000252da        0x0 /usr/lib/gcc/avr/4.5.3/avr6/libgcc.a(_divmodhi4.o)
 .text          0x00000000000252da        0x0 /usr/lib/gcc/avr/4.5.3/avr6/libgcc.a(_udivmodsi4.o)
 .text          0x00000000000252da        0x0 /usr/lib/gcc/avr/4.5.3/avr6/libgcc.a(_divmodsi4.o)
 .text          0x00000000000252da        0x0 /usr/lib/gcc/avr/4.5.3/avr6/libgcc.a(_exit.o)
 .text          0x00000000000252da        0x0 /usr/lib/gcc/avr/4.5.3/avr6/libgcc.a(_copy_data.o)
 .text          0x00000000000252da        0x0 /usr/lib/gcc/avr/4.5.3/avr6/libgcc.a(_clear_bss.o)
 .text          0x00000000000252da        0x0 /usr/lib/gcc/avr/4.5.3/avr6/libgcc.a(_ctors.o)
 .text          0x00000000000252da        0x0 /usr/lib/gcc/avr/4.5.3/avr6/libgcc.a(_tablejump_elpm.o)
                0x00000000000252da                . = ALIGN (0x2)
 *(.text.*)
 .text.avr-libc
                0x00000000000252da      0x266 /usr/lib/gcc/avr/4.5.3/../../../avr/lib/avr6/libc.a(malloc.o)
                0x00000000000252da                malloc
                0x000000000002540e                free
 .text.avr-libc
                0x0000000000025540        0x6 /usr/lib/gcc/avr/4.5.3/../../../avr/lib/avr6/libc.a(exit.o)
                0x0000000000025540                exit
 .text.avr-libc
                0x0000000000025546       0x12 /usr/lib/gcc/avr/4.5.3/../../../avr/lib/avr6/libc.a(isalpha.o)
                0x0000000000025546                isupper
                0x000000000002554a                isalpha
                0x000000000002554c                islower
 .text.avr-libc
                0x0000000000025558       0x10 /usr/lib/gcc/avr/4.5.3/../../../avr/lib/avr6/libc.a(isspace.o)
                0x0000000000025558                isspace
 .text.avr-libc
                0x0000000000025568       0x12 /usr/lib/gcc/avr/4.5.3/../../../avr/lib/avr6/libc.a(strcmp_P.o)
                0x0000000000025568                strcmp_P
 .text.avr-libc
                0x000000000002557a        0xe /usr/lib/gcc/avr/4.5.3/../../../avr/lib/avr6/libc.a(strcpy_P.o)
                0x000000000002557a                strcpy_P
 .text.avr-libc
                0x0000000000025588       0x12 /usr/lib/gcc/avr/4.5.3/../../../avr/lib/avr6/libc.a(strlen_P.o)
                0x0000000000025588                strlen_P
 .text.avr-libc
                0x000000000002559a       0x1a /usr/lib/gcc/avr/4.5.3/../../../avr/lib/avr6/libc.a(memcmp.o)
                0x000000000002559a                memcmp
 .text.avr-libc
                0x00000000000255b4       0x12 /usr/lib/gcc/avr/4.5.3/../../../avr/lib/avr6/libc.a(memcpy.o)
                0x00000000000255b4                memcpy
 .text.avr-libc
                0x00000000000255c6        0xe /usr/lib/gcc/avr/4.5.3/../../../avr/lib/avr6/libc.a(memset.o)
                0x00000000000255c6                memset
 .text.avr-libc
                0x00000000000255d4       0x16 /usr/lib/gcc/avr/4.5.3/../../../avr/lib/avr6/libc.a(strchr.o)
                0x00000000000255d4                strchr
 .text.avr-libc
                0x00000000000255ea       0x12 /usr/lib/gcc/avr/4.5.3/../../../avr/lib/avr6/libc.a(strcmp.o)
                0x00000000000255ea                strcmp
 .text.avr-libc
                0x00000000000255fc        0xe /usr/lib/gcc/avr/4.5.3/../../../avr/lib/avr6/libc.a(strcpy.o)
                0x00000000000255fc                strcpy
 .text.avr-libc
                0x000000000002560a       0x1c /usr/lib/gcc/avr/4.5.3/../../../avr/lib/avr6/libc.a(strncmp.o)
                0x000000000002560a                strncmp
 .text.avr-libc
                0x0000000000025626       0x5e /usr/lib/gcc/avr/4.5.3/../../../avr/lib/avr6/libc.a(sprintf.o)
                0x0000000000025626                sprintf
 .text.avr-libc.fplib
                0x0000000000025684        0xa /usr/lib/gcc/avr/4.5.3/../../../avr/lib/avr6/libc.a(addsf3.o)
                0x0000000000025684                __subsf3
                0x0000000000025686                __addsf3
 .text.avr-libc.fplib
                0x000000000002568e       0xc0 /usr/lib/gcc/avr/4.5.3/../../../avr/lib/avr6/libc.a(addsf3x.o)
                0x00000000000256a8                __addsf3x
 .text.avr-libc.fplib
                0x000000000002574e       0x2e /usr/lib/gcc/avr/4.5.3/../../../avr/lib/avr6/libc.a(asin.o)
                0x000000000002574e                asin
 .text.avr-libc.fplib
                0x000000000002577c        0x8 /usr/lib/gcc/avr/4.5.3/../../../avr/lib/avr6/libc.a(cmpsf2.o)
                0x000000000002577c                __lesf2
                0x000000000002577c                __nesf2
                0x000000000002577c                __eqsf2
                0x000000000002577c                __cmpsf2
                0x000000000002577c                __ltsf2
 .text.avr-libc.fplib
                0x0000000000025784        0x6 /usr/lib/gcc/avr/4.5.3/../../../avr/lib/avr6/libc.a(cos.o)
                0x0000000000025784                cos
 .text.avr-libc.fplib
                0x000000000002578a        0x4 /usr/lib/gcc/avr/4.5.3/../../../avr/lib/avr6/libc.a(divsf3.o)
                0x000000000002578a                __divsf3
 .text.avr-libc.fplib
                0x000000000002578e       0xcc /usr/lib/gcc/avr/4.5.3/../../../avr/lib/avr6/libc.a(divsf3x.o)
                0x00000000000257a4                __divsf3x
                0x00000000000257a8                __divsf3_pse
 .text.avr-libc.fplib
                0x000000000002585a        0xa /usr/lib/gcc/avr/4.5.3/../../../avr/lib/avr6/libc.a(fixsfsi.o)
                0x000000000002585a                __fixsfsi
 .text.avr-libc.fplib
                0x0000000000025864       0x58 /usr/lib/gcc/avr/4.5.3/../../../avr/lib/avr6/libc.a(fixunssfsi.o)
                0x0000000000025864                __fixunssfsi
 .text.avr-libc.fplib
                0x00000000000258bc       0x7a /usr/lib/gcc/avr/4.5.3/../../../avr/lib/avr6/libc.a(floatsisf.o)
                0x00000000000258bc                __floatunsisf
                0x00000000000258c0                __floatsisf
 .text.avr-libc.fplib
                0x0000000000025936       0x26 /usr/lib/gcc/avr/4.5.3/../../../avr/lib/avr6/libc.a(floor.o)
                0x0000000000025936                floor
 .text.avr-libc.fplib
                0x000000000002595c       0x36 /usr/lib/gcc/avr/4.5.3/../../../avr/lib/avr6/libc.a(fp_arccos.o)
                0x000000000002595c                __fp_arccos
 .text.avr-libc.fplib
                0x0000000000025992       0x48 /usr/lib/gcc/avr/4.5.3/../../../avr/lib/avr6/libc.a(fp_cmp.o)
                0x0000000000025992                __fp_cmp
 .text.avr-libc.fplib
                0x00000000000259da        0xc /usr/lib/gcc/avr/4.5.3/../../../avr/lib/avr6/libc.a(fp_inf.o)
                0x00000000000259da                __fp_inf
 .text.avr-libc.fplib
                0x00000000000259e6       0x36 /usr/lib/gcc/avr/4.5.3/../../../avr/lib/avr6/libc.a(fp_mintl.o)
                0x00000000000259e6                __fp_mintl
 .text.avr-libc.fplib
                0x0000000000025a1c       0x1c /usr/lib/gcc/avr/4.5.3/../../../avr/lib/avr6/libc.a(fp_mpack.o)
                0x0000000000025a1c                __fp_mpack
                0x0000000000025a20                __fp_mpack_finite
 .text.avr-libc.fplib
                0x0000000000025a38        0x6 /usr/lib/gcc/avr/4.5.3/../../../avr/lib/avr6/libc.a(fp_nan.o)
                0x0000000000025a38                __fp_nan
 .text.avr-libc.fplib
                0x0000000000025a3e       0x4a /usr/lib/gcc/avr/4.5.3/../../../avr/lib/avr6/libc.a(fp_powser.o)
                0x0000000000025a3e                __fp_powser
 .text.avr-libc.fplib
                0x0000000000025a88       0x22 /usr/lib/gcc/avr/4.5.3/../../../avr/lib/avr6/libc.a(fp_powsodd.o)
                0x0000000000025a88                __fp_powsodd
 .text.avr-libc.fplib
                0x0000000000025aaa        0xe /usr/lib/gcc/avr/4.5.3/../../../avr/lib/avr6/libc.a(fp_pscA.o)
                0x0000000000025aaa                __fp_pscA
 .text.avr-libc.fplib
                0x0000000000025ab8        0xe /usr/lib/gcc/avr/4.5.3/../../../avr/lib/avr6/libc.a(fp_pscB.o)
                0x0000000000025ab8                __fp_pscB
 .text.avr-libc.fplib
                0x0000000000025ac6       0x50 /usr/lib/gcc/avr/4.5.3/../../../avr/lib/avr6/libc.a(fp_rempio2.o)
                0x0000000000025ac8                __fp_rempio2
 .text.avr-libc.fplib
                0x0000000000025b16       0x22 /usr/lib/gcc/avr/4.5.3/../../../avr/lib/avr6/libc.a(fp_round.o)
                0x0000000000025b16                __fp_round
 .text.avr-libc.fplib
                0x0000000000025b38       0x22 /usr/lib/gcc/avr/4.5.3/../../../avr/lib/avr6/libc.a(fp_sinus.o)
                0x0000000000025b38                __fp_sinus
 .text.avr-libc.fplib
                0x0000000000025b5a       0x44 /usr/lib/gcc/avr/4.5.3/../../../avr/lib/avr6/libc.a(fp_split3.o)
                0x0000000000025b5a                __fp_split3
                0x0000000000025b6a                __fp_splitA
 .text.avr-libc.fplib
                0x0000000000025b9e       0x2e /usr/lib/gcc/avr/4.5.3/../../../avr/lib/avr6/libc.a(fp_trunc.o)
                0x0000000000025b9e                __fp_trunc
 .text.avr-libc.fplib
                0x0000000000025bcc        0xe /usr/lib/gcc/avr/4.5.3/../../../avr/lib/avr6/libc.a(fp_zero.o)
                0x0000000000025bcc                __fp_zero
                0x0000000000025bce                __fp_szero
 .text.avr-libc.fplib
                0x0000000000025bda        0x8 /usr/lib/gcc/avr/4.5.3/../../../avr/lib/avr6/libc.a(gesf2.o)
                0x0000000000025bda                __gtsf2
                0x0000000000025bda                __gesf2
 .text.avr-libc.fplib
                0x0000000000025be2        0x4 /usr/lib/gcc/avr/4.5.3/../../../avr/lib/avr6/libc.a(mulsf3.o)
                0x0000000000025be2                __mulsf3
 .text.avr-libc.fplib
                0x0000000000025be6       0xc2 /usr/lib/gcc/avr/4.5.3/../../../avr/lib/avr6/libc.a(mulsf3x.o)
                0x0000000000025bfa                __mulsf3x
                0x0000000000025bfe                __mulsf3_pse
 .text.avr-libc.fplib
                0x0000000000025ca8       0x98 /usr/lib/gcc/avr/4.5.3/../../../avr/lib/avr6/libc.a(pow.o)
                0x0000000000025ca8                pow
 .text.avr-libc.fplib
                0x0000000000025d40        0xc /usr/lib/gcc/avr/4.5.3/../../../avr/lib/avr6/libc.a(sin.o)
                0x0000000000025d40                sin
 .text.avr-libc.fplib
                0x0000000000025d4c       0x84 /usr/lib/gcc/avr/4.5.3/../../../avr/lib/avr6/libc.a(sqrt.o)
                0x0000000000025d54                sqrt
 .text.avr-libc
                0x0000000000025dd0      0x406 /usr/lib/gcc/avr/4.5.3/../../../avr/lib/avr6/libc.a(vfprintf_std.o)
                0x0000000000025dd0                vfprintf
 .text.avr-libc
                0x00000000000261d6       0x10 /usr/lib/gcc/avr/4.5.3/../../../avr/lib/avr6/libc.a(eerd_byte_atmega2560.o)
                0x00000000000261d6                __eerd_byte_m2560
 .text.avr-libc
                0x00000000000261e6       0x1c /usr/lib/gcc/avr/4.5.3/../../../avr/lib/avr6/libc.a(eewr_byte_atmega2560.o)
                0x00000000000261e6                __eewr_byte_m2560
                0x00000000000261e8                __eewr_r18_m2560
 .text.avr-libc
                0x0000000000026202        0x6 /usr/lib/gcc/avr/4.5.3/../../../avr/lib/avr6/libc.a(cty_isfalse.o)
                0x0000000000026202                __ctype_isfalse
                0x0000000000026206                __ctype_istrue
 .text.avr-libc
                0x0000000000026208       0x16 /usr/lib/gcc/avr/4.5.3/../../../avr/lib/avr6/libc.a(strnlen_P.o)
                0x0000000000026208                strnlen_P
 .text.avr-libc
                0x000000000002621e       0x16 /usr/lib/gcc/avr/4.5.3/../../../avr/lib/avr6/libc.a(strnlen.o)
                0x000000000002621e                strnlen
 .text.avr-libc
                0x0000000000026234       0x58 /usr/lib/gcc/avr/4.5.3/../../../avr/lib/avr6/libc.a(fputc.o)
                0x0000000000026234                fputc
 .text.avr-libc
                0x000000000002628c       0xbc /usr/lib/gcc/avr/4.5.3/../../../avr/lib/avr6/libc.a(ultoa_invert.o)
                0x000000000002628c                __ultoa_invert
 .text.avr-libc.fplib
                0x0000000000026348       0x62 /usr/lib/gcc/avr/4.5.3/../../../avr/lib/avr6/libc.a(exp.o)
                0x0000000000026352                exp
 .text.avr-libc.fplib
                0x00000000000263aa        0xe /usr/lib/gcc/avr/4.5.3/../../../avr/lib/avr6/libc.a(fp_norm2.o)
                0x00000000000263aa                __fp_norm2
 .text.avr-libc.fplib
                0x00000000000263b8        0xe /usr/lib/gcc/avr/4.5.3/../../../avr/lib/avr6/libc.a(inverse.o)
                0x00000000000263b8                inverse
 .text.avr-libc.fplib
                0x00000000000263c6       0x6c /usr/lib/gcc/avr/4.5.3/../../../avr/lib/avr6/libc.a(ldexp.o)
                0x00000000000263ca                ldexp
 .text.avr-libc.fplib
                0x0000000000026432       0x8a /usr/lib/gcc/avr/4.5.3/../../../avr/lib/avr6/libc.a(log.o)
                0x000000000002643c                log
 .text.avr-libc.fplib
                0x00000000000264bc       0x66 /usr/lib/gcc/avr/4.5.3/../../../avr/lib/avr6/libc.a(modf.o)
                0x00000000000264bc                modff
                0x00000000000264bc                modf
 .text.libgcc   0x0000000000026522       0x3e /usr/lib/gcc/avr/4.5.3/avr6/libgcc.a(_mulsi3.o)
                0x0000000000026522                __mulsi3
 .text.libgcc   0x0000000000026560       0x18 /usr/lib/gcc/avr/4.5.3/avr6/libgcc.a(_udivmodqi4.o)
                0x0000000000026560                __udivmodqi4
 .text.libgcc   0x0000000000026578       0x28 /usr/lib/gcc/avr/4.5.3/avr6/libgcc.a(_udivmodhi4.o)
                0x0000000000026578                __udivmodhi4
 .text.libgcc   0x00000000000265a0       0x26 /usr/lib/gcc/avr/4.5.3/avr6/libgcc.a(_divmodhi4.o)
                0x00000000000265a0                __divmodhi4
                0x00000000000265a0                _div
 .text.libgcc   0x00000000000265c6       0x44 /usr/lib/gcc/avr/4.5.3/avr6/libgcc.a(_udivmodsi4.o)
                0x00000000000265c6                __udivmodsi4
 .text.libgcc   0x000000000002660a       0x36 /usr/lib/gcc/avr/4.5.3/avr6/libgcc.a(_divmodsi4.o)
                0x000000000002660a                __divmodsi4
 .text.libgcc   0x0000000000026640        0x0 /usr/lib/gcc/avr/4.5.3/avr6/libgcc.a(_exit.o)
 .text.libgcc   0x0000000000026640        0x0 /usr/lib/gcc/avr/4.5.3/avr6/libgcc.a(_copy_data.o)
 .text.libgcc   0x0000000000026640        0x0 /usr/lib/gcc/avr/4.5.3/avr6/libgcc.a(_clear_bss.o)
 .text.libgcc   0x0000000000026640        0x0 /usr/lib/gcc/avr/4.5.3/avr6/libgcc.a(_ctors.o)
 .text.libgcc   0x0000000000026640        0x8 /usr/lib/gcc/avr/4.5.3/avr6/libgcc.a(_tablejump_elpm.o)
                0x0000000000026640                __tablejump_elpm__
                0x0000000000026648                . = ALIGN (0x2)
 *(.fini9)
 .fini9         0x0000000000026648        0x0 /usr/lib/gcc/avr/4.5.3/avr6/libgcc.a(_exit.o)
                0x0000000000026648                _exit
 *(.fini9)
 *(.fini8)
 *(.fini8)
 *(.fini7)
 *(.fini7)
 *(.fini6)
 *(.fini6)
 *(.fini5)
 *(.fini5)
 *(.fini4)
 *(.fini4)
 *(.fini3)
 *(.fini3)
 *(.fini2)
 *(.fini2)
 *(.fini1)
 *(.fini1)
 *(.fini0)
 .fini0         0x0000000000026648        0x4 /usr/lib/gcc/avr/4.5.3/avr6/libgcc.a(_exit.o)
 *(.fini0)
                0x000000000002664c                _etext = .

.data           0x0000000000800200      0xa4e load address 0x000000000002664c
                0x0000000000800200                PROVIDE (__data_start, .)
 *(.data)
 .data          0x0000000000800200        0x0 /usr/lib/gcc/avr/4.5.3/../../../avr/lib/avr6/crtm2560.o
 .data          0x0000000000800200       0x22 ./inc/HardwareSerial.o
                0x0000000000800200                _ZTV14HardwareSerial
                0x0000000000800212                _ZTV6Stream
 .data          0x0000000000800222       0x8c ./inc/I2C.o
 .data          0x00000000008002ae        0xc ./inc/Print.o
                0x00000000008002b0                _ZTV5Print
 .data          0x00000000008002ba        0x0 ./inc/Sd2Card.o
 .data          0x00000000008002ba        0x0 ./inc/SdFat.o
 .data          0x00000000008002ba        0x0 ./inc/SdFatUtil.o
 .data          0x00000000008002ba        0xa ./inc/SdFile.o
                0x00000000008002ba                _ZTV6SdFile
 .data          0x00000000008002c4        0x0 ./inc/SdStream.o
 .data          0x00000000008002c4        0x4 ./inc/SdVolume.o
                0x00000000008002c4                _ZN8SdVolume17cacheBlockNumber_E
 .data          0x00000000008002c8        0x0 ./inc/istream.o
 .data          0x00000000008002c8        0x0 ./inc/ostream.o
 .data          0x00000000008002c8        0x0 ./inc/pins_arduino.o
 .data          0x00000000008002c8        0x0 ./inc/ssd0323.o
 .data          0x00000000008002c8        0x0 ./inc/wiring.o
 .data          0x00000000008002c8        0x1 ./inc/wiring_analog.o
                0x00000000008002c8                analog_reference
 .data          0x00000000008002c9        0x0 ./inc/wiring_digital.o
 .data          0x00000000008002c9        0x0 ./inc/wiring_pulse.o
 .data          0x00000000008002c9        0x0 ./inc/wiring_shift.o
 .data          0x00000000008002c9       0x4b ./aktors.o
 .data          0x0000000000800314        0x0 ./blinker.o
 .data          0x0000000000800314       0x14 ./clock_me.o
 .data          0x0000000000800328      0x1cb ./config.o
 .data          0x00000000008004f3        0x0 ./debug.o
 .data          0x00000000008004f3       0x98 ./display.o
 .data          0x000000000080058b        0xd ./dz.o
 .data          0x0000000000800598       0x14 ./file_manager_v2.o
 .data          0x00000000008005ac        0xc ./fuel.o
 .data          0x00000000008005b8       0x18 ./gear.o
 .data          0x00000000008005d0      0x110 ./gps.o
 .data          0x00000000008006e0        0x0 ./helper.o
 .data          0x00000000008006e0       0x2a ./main.o
 .data          0x000000000080070a      0x243 ./menu.o
                0x0000000000800943                button_rechts_valid
                0x0000000000800944                button_links_valid
                0x0000000000800945                button_oben_valid
                0x0000000000800946                button_unten_valid
                0x0000000000800947                menu_max
                0x0000000000800949                menu_ende
                0x000000000080094b                fuel_added
 .data          0x000000000080094d        0xb ./oiler.o
 .data          0x0000000000800958        0xe ./reset.o
 .data          0x0000000000800966       0x1a ./sd.o
 .data          0x0000000000800980       0x33 ./sensors.o
 .data          0x00000000008009b3       0x40 ./speed.o
 .data          0x00000000008009f3      0x133 ./speedo.o
 .data          0x0000000000800b26       0x40 ./sprint.o
 .data          0x0000000000800b66       0x17 ./stepper.o
 .data          0x0000000000800b7d       0xa8 ./temperature.o
 .data          0x0000000000800c25       0x20 ./tetris.o
 .data          0x0000000000800c45        0x2 ./timer.o
 .data          0x0000000000800c47        0x0 ./voltage.o
 .data          0x0000000000800c47        0x6 /usr/lib/gcc/avr/4.5.3/../../../avr/lib/avr6/libc.a(malloc.o)
                0x0000000000800c47                __malloc_margin
                0x0000000000800c49                __malloc_heap_start
                0x0000000000800c4b                __malloc_heap_end
 .data          0x0000000000800c4d        0x0 /usr/lib/gcc/avr/4.5.3/../../../avr/lib/avr6/libc.a(exit.o)
 .data          0x0000000000800c4d        0x0 /usr/lib/gcc/avr/4.5.3/../../../avr/lib/avr6/libc.a(isalpha.o)
 .data          0x0000000000800c4d        0x0 /usr/lib/gcc/avr/4.5.3/../../../avr/lib/avr6/libc.a(isspace.o)
 .data          0x0000000000800c4d        0x0 /usr/lib/gcc/avr/4.5.3/../../../avr/lib/avr6/libc.a(strcmp_P.o)
 .data          0x0000000000800c4d        0x0 /usr/lib/gcc/avr/4.5.3/../../../avr/lib/avr6/libc.a(strcpy_P.o)
 .data          0x0000000000800c4d        0x0 /usr/lib/gcc/avr/4.5.3/../../../avr/lib/avr6/libc.a(strlen_P.o)
 .data          0x0000000000800c4d        0x0 /usr/lib/gcc/avr/4.5.3/../../../avr/lib/avr6/libc.a(memcmp.o)
 .data          0x0000000000800c4d        0x0 /usr/lib/gcc/avr/4.5.3/../../../avr/lib/avr6/libc.a(memcpy.o)
 .data          0x0000000000800c4d        0x0 /usr/lib/gcc/avr/4.5.3/../../../avr/lib/avr6/libc.a(memset.o)
 .data          0x0000000000800c4d        0x0 /usr/lib/gcc/avr/4.5.3/../../../avr/lib/avr6/libc.a(strchr.o)
 .data          0x0000000000800c4d        0x0 /usr/lib/gcc/avr/4.5.3/../../../avr/lib/avr6/libc.a(strcmp.o)
 .data          0x0000000000800c4d        0x0 /usr/lib/gcc/avr/4.5.3/../../../avr/lib/avr6/libc.a(strcpy.o)
 .data          0x0000000000800c4d        0x0 /usr/lib/gcc/avr/4.5.3/../../../avr/lib/avr6/libc.a(strncmp.o)
 .data          0x0000000000800c4d        0x0 /usr/lib/gcc/avr/4.5.3/../../../avr/lib/avr6/libc.a(sprintf.o)
 .data          0x0000000000800c4d        0x0 /usr/lib/gcc/avr/4.5.3/../../../avr/lib/avr6/libc.a(addsf3.o)
 .data          0x0000000000800c4d        0x0 /usr/lib/gcc/avr/4.5.3/../../../avr/lib/avr6/libc.a(addsf3x.o)
 .data          0x0000000000800c4d        0x0 /usr/lib/gcc/avr/4.5.3/../../../avr/lib/avr6/libc.a(asin.o)
 .data          0x0000000000800c4d        0x0 /usr/lib/gcc/avr/4.5.3/../../../avr/lib/avr6/libc.a(cmpsf2.o)
 .data          0x0000000000800c4d        0x0 /usr/lib/gcc/avr/4.5.3/../../../avr/lib/avr6/libc.a(cos.o)
 .data          0x0000000000800c4d        0x0 /usr/lib/gcc/avr/4.5.3/../../../avr/lib/avr6/libc.a(divsf3.o)
 .data          0x0000000000800c4d        0x0 /usr/lib/gcc/avr/4.5.3/../../../avr/lib/avr6/libc.a(divsf3x.o)
 .data          0x0000000000800c4d        0x0 /usr/lib/gcc/avr/4.5.3/../../../avr/lib/avr6/libc.a(fixsfsi.o)
 .data          0x0000000000800c4d        0x0 /usr/lib/gcc/avr/4.5.3/../../../avr/lib/avr6/libc.a(fixunssfsi.o)
 .data          0x0000000000800c4d        0x0 /usr/lib/gcc/avr/4.5.3/../../../avr/lib/avr6/libc.a(floatsisf.o)
 .data          0x0000000000800c4d        0x0 /usr/lib/gcc/avr/4.5.3/../../../avr/lib/avr6/libc.a(floor.o)
 .data          0x0000000000800c4d        0x0 /usr/lib/gcc/avr/4.5.3/../../../avr/lib/avr6/libc.a(fp_arccos.o)
 .data          0x0000000000800c4d        0x0 /usr/lib/gcc/avr/4.5.3/../../../avr/lib/avr6/libc.a(fp_cmp.o)
 .data          0x0000000000800c4d        0x0 /usr/lib/gcc/avr/4.5.3/../../../avr/lib/avr6/libc.a(fp_inf.o)
 .data          0x0000000000800c4d        0x0 /usr/lib/gcc/avr/4.5.3/../../../avr/lib/avr6/libc.a(fp_mintl.o)
 .data          0x0000000000800c4d        0x0 /usr/lib/gcc/avr/4.5.3/../../../avr/lib/avr6/libc.a(fp_mpack.o)
 .data          0x0000000000800c4d        0x0 /usr/lib/gcc/avr/4.5.3/../../../avr/lib/avr6/libc.a(fp_nan.o)
 .data          0x0000000000800c4d        0x0 /usr/lib/gcc/avr/4.5.3/../../../avr/lib/avr6/libc.a(fp_powser.o)
 .data          0x0000000000800c4d        0x0 /usr/lib/gcc/avr/4.5.3/../../../avr/lib/avr6/libc.a(fp_powsodd.o)
 .data          0x0000000000800c4d        0x0 /usr/lib/gcc/avr/4.5.3/../../../avr/lib/avr6/libc.a(fp_pscA.o)
 .data          0x0000000000800c4d        0x0 /usr/lib/gcc/avr/4.5.3/../../../avr/lib/avr6/libc.a(fp_pscB.o)
 .data          0x0000000000800c4d        0x0 /usr/lib/gcc/avr/4.5.3/../../../avr/lib/avr6/libc.a(fp_rempio2.o)
 .data          0x0000000000800c4d        0x0 /usr/lib/gcc/avr/4.5.3/../../../avr/lib/avr6/libc.a(fp_round.o)
 .data          0x0000000000800c4d        0x0 /usr/lib/gcc/avr/4.5.3/../../../avr/lib/avr6/libc.a(fp_sinus.o)
 .data          0x0000000000800c4d        0x0 /usr/lib/gcc/avr/4.5.3/../../../avr/lib/avr6/libc.a(fp_split3.o)
 .data          0x0000000000800c4d        0x0 /usr/lib/gcc/avr/4.5.3/../../../avr/lib/avr6/libc.a(fp_trunc.o)
 .data          0x0000000000800c4d        0x0 /usr/lib/gcc/avr/4.5.3/../../../avr/lib/avr6/libc.a(fp_zero.o)
 .data          0x0000000000800c4d        0x0 /usr/lib/gcc/avr/4.5.3/../../../avr/lib/avr6/libc.a(gesf2.o)
 .data          0x0000000000800c4d        0x0 /usr/lib/gcc/avr/4.5.3/../../../avr/lib/avr6/libc.a(mulsf3.o)
 .data          0x0000000000800c4d        0x0 /usr/lib/gcc/avr/4.5.3/../../../avr/lib/avr6/libc.a(mulsf3x.o)
 .data          0x0000000000800c4d        0x0 /usr/lib/gcc/avr/4.5.3/../../../avr/lib/avr6/libc.a(pow.o)
 .data          0x0000000000800c4d        0x0 /usr/lib/gcc/avr/4.5.3/../../../avr/lib/avr6/libc.a(sin.o)
 .data          0x0000000000800c4d        0x0 /usr/lib/gcc/avr/4.5.3/../../../avr/lib/avr6/libc.a(sqrt.o)
 .data          0x0000000000800c4d        0x0 /usr/lib/gcc/avr/4.5.3/../../../avr/lib/avr6/libc.a(vfprintf_std.o)
 .data          0x0000000000800c4d        0x0 /usr/lib/gcc/avr/4.5.3/../../../avr/lib/avr6/libc.a(eerd_byte_atmega2560.o)
 .data          0x0000000000800c4d        0x0 /usr/lib/gcc/avr/4.5.3/../../../avr/lib/avr6/libc.a(eewr_byte_atmega2560.o)
 .data          0x0000000000800c4d        0x0 /usr/lib/gcc/avr/4.5.3/../../../avr/lib/avr6/libc.a(cty_isfalse.o)
 .data          0x0000000000800c4d        0x0 /usr/lib/gcc/avr/4.5.3/../../../avr/lib/avr6/libc.a(strnlen_P.o)
 .data          0x0000000000800c4d        0x0 /usr/lib/gcc/avr/4.5.3/../../../avr/lib/avr6/libc.a(strnlen.o)
 .data          0x0000000000800c4d        0x0 /usr/lib/gcc/avr/4.5.3/../../../avr/lib/avr6/libc.a(fputc.o)
 .data          0x0000000000800c4d        0x0 /usr/lib/gcc/avr/4.5.3/../../../avr/lib/avr6/libc.a(ultoa_invert.o)
 .data          0x0000000000800c4d        0x0 /usr/lib/gcc/avr/4.5.3/../../../avr/lib/avr6/libc.a(exp.o)
 .data          0x0000000000800c4d        0x0 /usr/lib/gcc/avr/4.5.3/../../../avr/lib/avr6/libc.a(fp_norm2.o)
 .data          0x0000000000800c4d        0x0 /usr/lib/gcc/avr/4.5.3/../../../avr/lib/avr6/libc.a(inverse.o)
 .data          0x0000000000800c4d        0x0 /usr/lib/gcc/avr/4.5.3/../../../avr/lib/avr6/libc.a(ldexp.o)
 .data          0x0000000000800c4d        0x0 /usr/lib/gcc/avr/4.5.3/../../../avr/lib/avr6/libc.a(log.o)
 .data          0x0000000000800c4d        0x0 /usr/lib/gcc/avr/4.5.3/../../../avr/lib/avr6/libc.a(modf.o)
 .data          0x0000000000800c4d        0x0 /usr/lib/gcc/avr/4.5.3/avr6/libgcc.a(_mulsi3.o)
 .data          0x0000000000800c4d        0x0 /usr/lib/gcc/avr/4.5.3/avr6/libgcc.a(_udivmodqi4.o)
 .data          0x0000000000800c4d        0x0 /usr/lib/gcc/avr/4.5.3/avr6/libgcc.a(_udivmodhi4.o)
 .data          0x0000000000800c4d        0x0 /usr/lib/gcc/avr/4.5.3/avr6/libgcc.a(_divmodhi4.o)
 .data          0x0000000000800c4d        0x0 /usr/lib/gcc/avr/4.5.3/avr6/libgcc.a(_udivmodsi4.o)
 .data          0x0000000000800c4d        0x0 /usr/lib/gcc/avr/4.5.3/avr6/libgcc.a(_divmodsi4.o)
 .data          0x0000000000800c4d        0x0 /usr/lib/gcc/avr/4.5.3/avr6/libgcc.a(_exit.o)
 .data          0x0000000000800c4d        0x0 /usr/lib/gcc/avr/4.5.3/avr6/libgcc.a(_copy_data.o)
 .data          0x0000000000800c4d        0x0 /usr/lib/gcc/avr/4.5.3/avr6/libgcc.a(_clear_bss.o)
 .data          0x0000000000800c4d        0x0 /usr/lib/gcc/avr/4.5.3/avr6/libgcc.a(_ctors.o)
 .data          0x0000000000800c4d        0x0 /usr/lib/gcc/avr/4.5.3/avr6/libgcc.a(_tablejump_elpm.o)
 *(.data*)
 *(.rodata)
 *(.rodata*)
 *(.gnu.linkonce.d*)
                0x0000000000800c4e                . = ALIGN (0x2)
 *fill*         0x0000000000800c4d        0x1 00