
Memory Configuration

Name             Origin             Length             Attributes
text             0x0000000000000000 0x0000000000020000 xr
data             0x0000000000800060 0x000000000000ffa0 rw !x
eeprom           0x0000000000810000 0x0000000000010000 rw !x
fuse             0x0000000000820000 0x0000000000000400 rw !x
lock             0x0000000000830000 0x0000000000000400 rw !x
signature        0x0000000000840000 0x0000000000000400 rw !x
*default*        0x0000000000000000 0xffffffffffffffff

Linker script and memory map

Address of section .data set to 0x800100
LOAD stk500boot.o
LOAD /usr/lib/gcc/avr/4.5.3/../../../avr/lib/avr5/libm.a
Address of section .text set to 0x7000

.hash
 *(.hash)

.dynsym
 *(.dynsym)

.dynstr
 *(.dynstr)

.gnu.version
 *(.gnu.version)

.gnu.version_d
 *(.gnu.version_d)

.gnu.version_r
 *(.gnu.version_r)

.rel.init
 *(.rel.init)

.rela.init
 *(.rela.init)

.rel.text
 *(.rel.text)
 *(.rel.text.*)
 *(.rel.gnu.linkonce.t*)

.rela.text
 *(.rela.text)
 *(.rela.text.*)
 *(.rela.gnu.linkonce.t*)

.rel.fini
 *(.rel.fini)

.rela.fini
 *(.rela.fini)

.rel.rodata
 *(.rel.rodata)
 *(.rel.rodata.*)
 *(.rel.gnu.linkonce.r*)

.rela.rodata
 *(.rela.rodata)
 *(.rela.rodata.*)
 *(.rela.gnu.linkonce.r*)

.rel.data
 *(.rel.data)
 *(.rel.data.*)
 *(.rel.gnu.linkonce.d*)

.rela.data
 *(.rela.data)
 *(.rela.data.*)
 *(.rela.gnu.linkonce.d*)

.rel.ctors
 *(.rel.ctors)

.rela.ctors
 *(.rela.ctors)

.rel.dtors
 *(.rel.dtors)

.rela.dtors
 *(.rela.dtors)

.rel.got
 *(.rel.got)

.rela.got
 *(.rela.got)

.rel.bss
 *(.rel.bss)

.rela.bss
 *(.rela.bss)

.rel.plt
 *(.rel.plt)

.rela.plt
 *(.rela.plt)

.text           0x0000000000007000      0x4c8
 *(.vectors)
 *(.vectors)
 *(.progmem.gcc*)
 *(.progmem*)
                0x0000000000007000                . = ALIGN (0x2)
                0x0000000000007000                __trampolines_start = .
 *(.trampolines)
 .trampolines   0x0000000000007000        0x0 linker stubs
 *(.trampolines*)
                0x0000000000007000                __trampolines_end = .
 *(.jumptables)
 *(.jumptables*)
 *(.lowtext)
 *(.lowtext*)
                0x0000000000007000                __ctors_start = .
 *(.ctors)
                0x0000000000007000                __ctors_end = .
                0x0000000000007000                __dtors_start = .
 *(.dtors)
                0x0000000000007000                __dtors_end = .
 SORT(*)(.ctors)
 SORT(*)(.dtors)
 *(.init0)
 *(.init0)
 *(.init1)
 *(.init1)
 *(.init2)
 *(.init2)
 *(.init3)
 *(.init3)
 *(.init4)
 *(.init4)
 *(.init5)
 *(.init5)
 *(.init6)
 *(.init6)
 *(.init7)
 *(.init7)
 *(.init8)
 *(.init8)
 *(.init9)
 .init9         0x0000000000007000       0x10 stk500boot.o
                0x0000000000007000                __jumpMain
 *(.init9)
 *(.text)
 .text          0x0000000000007010      0x4b8 stk500boot.o
                0x000000000000701e                main
                0x00000000000074c8                . = ALIGN (0x2)
 *(.text.*)
                0x00000000000074c8                . = ALIGN (0x2)
 *(.fini9)
 *(.fini9)
 *(.fini8)
 *(.fini8)
 *(.fini7)
 *(.fini7)
 *(.fini6)
 *(.fini6)
 *(.fini5)
 *(.fini5)
 *(.fini4)
 *(.fini4)
 *(.fini3)
 *(.fini3)
 *(.fini2)
 *(.fini2)
 *(.fini1)
 *(.fini1)
 *(.fini0)
 *(.fini0)
                0x00000000000074c8                _etext = .

.data           0x0000000000800100       0x14 load address 0x00000000000074c8
                0x0000000000800100                PROVIDE (__data_start, .)
 *(.data)
 .data          0x0000000000800100       0x13 stk500boot.o
 *(.data*)
 *(.rodata)
 *(.rodata*)
 *(.gnu.linkonce.d*)
                0x0000000000800114                . = ALIGN (0x2)
 *fill*         0x0000000000800113        0x1 00
                0x0000000000800114                _edata = .
                0x0000000000800114                PROVIDE (__data_end, .)

.bss            0x0000000000800114        0x0
                0x0000000000800114                PROVIDE (__bss_start, .)
 *(.bss)
 .bss           0x0000000000800114        0x0 stk500boot.o
 *(.bss*)
 *(COMMON)
                0x0000000000800114                PROVIDE (__bss_end, .)
                0x00000000000074c8                __data_load_start = LOADADDR (.data)
                0x00000000000074dc                __data_load_end = (__data_load_start + SIZEOF (.data))

.noinit         0x0000000000800114        0x0
                0x0000000000800114                PROVIDE (__noinit_start, .)
 *(.noinit*)
                0x0000000000800114                PROVIDE (__noinit_end, .)
                0x0000000000800114                _end = .
                0x0000000000800114                PROVIDE (__heap_start, .)

.eeprom         0x0000000000810000        0x0
 *(.eeprom*)
                0x0000000000810000                __eeprom_end = .

.fuse
 *(.fuse)
 *(.lfuse)
 *(.hfuse)
 *(.efuse)

.lock
 *(.lock*)

.signature
 *(.signature*)

.stab
 *(.stab)

.stabstr
 *(.stabstr)

.stab.excl
 *(.stab.excl)

.stab.exclstr
 *(.stab.exclstr)

.stab.index
 *(.stab.index)

.stab.indexstr
 *(.stab.indexstr)

.comment
 *(.comment)

.debug
 *(.debug)

.line
 *(.line)

.debug_srcinfo
 *(.debug_srcinfo)

.debug_sfnames
 *(.debug_sfnames)

.debug_aranges  0x0000000000000000       0x28
 *(.debug_aranges)
 .debug_aranges
                0x0000000000000000       0x28 stk500boot.o

.debug_pubnames
                0x0000000000000000       0x2a
 *(.debug_pubnames)
 .debug_pubnames
                0x0000000000000000       0x2a stk500boot.o

.debug_info     0x0000000000000000      0x4bf
 *(.debug_info)
 .debug_info    0x0000000000000000      0x4bf stk500boot.o
 *(.gnu.linkonce.wi.*)

.debug_abbrev   0x0000000000000000      0x1af
 *(.debug_abbrev)
 .debug_abbrev  0x0000000000000000      0x1af stk500boot.o

.debug_line     0x0000000000000000      0x7a0
 *(.debug_line)
 .debug_line    0x0000000000000000      0x7a0 stk500boot.o

.debug_frame    0x0000000000000000       0x40
 *(.debug_frame)
 .debug_frame   0x0000000000000000       0x40 stk500boot.o

.debug_str      0x0000000000000000      0x20a
 *(.debug_str)
 .debug_str     0x0000000000000000      0x20a stk500boot.o
                                        0x24b (size before relaxing)

.debug_loc      0x0000000000000000      0x808
 *(.debug_loc)
 .debug_loc     0x0000000000000000      0x808 stk500boot.o

.debug_macinfo
 *(.debug_macinfo)
OUTPUT(stk500boot.elf elf32-avr)
LOAD linker stubs

.debug_pubtypes
                0x0000000000000000       0x46
 .debug_pubtypes
                0x0000000000000000       0x46 stk500boot.o

.debug_ranges   0x0000000000000000       0x78
 .debug_ranges  0x0000000000000000       0x78 stk500boot.o

Cross Reference Table

Symbol                                            File
__do_copy_data                                    stk500boot.o
__jumpMain                                        stk500boot.o
main                                              stk500boot.o
